VERIFIED	sparse-deep-20261009-m5-1-bfs-first	mode=deep-compare	schema=15	de_NumBuffers=30
VERIFIED	sparse-deep-20261009-m5-2-pfs3-first	mode=deep-compare	schema=15	de_NumBuffers=30
VERIFIED	sparse-deep-20261009-sparse-1-bfs-first	mode=deep-compare	schema=15	de_NumBuffers=30
VERIFIED	sparse-deep-20261009-sparse-2-pfs3-first	mode=deep-compare	schema=15	de_NumBuffers=30
phase	repeat	order	reads_m5	reads_sparse	crc_calls_m5	crc_calls_sparse	samples_m5	samples_sparse	ticks_m5	ticks_sparse	sampled_tick_ratio	nontiming_counters_equal
LIST_EXNEXT_40_ENTRIES_FIRST_PASS	1	bfs-first	7	7	7	7	0	0	0	0	n/a	True
LIST_EXNEXT_40_ENTRIES_REPEAT10_TOTAL	1	bfs-first	0	0	0	0	0	0	0	0	n/a	True
LIST_EXALL_40_ENTRIES_FIRST_PASS	1	bfs-first	7	7	7	7	0	0	0	0	n/a	True
LIST_EXALL_40_ENTRIES_REPEAT10_TOTAL	1	bfs-first	0	0	0	0	0	0	0	0	n/a	True
LIST_EXNEXT_400_ENTRIES_FIRST_PASS	1	bfs-first	65	65	65	65	1	1	273	136	0.4982	True
LIST_EXNEXT_400_ENTRIES_REPEAT10_TOTAL	1	bfs-first	680	680	680	680	10	10	1547	976	0.6309	True
LIST_EXALL_400_ENTRIES_FIRST_PASS	1	bfs-first	70	70	70	70	1	1	136	136	1.0000	True
LIST_EXALL_400_ENTRIES_REPEAT10_TOTAL	1	bfs-first	692	692	692	692	10	10	1543	885	0.5736	True
LIST_EXNEXT_1000_ENTRIES_FIRST_PASS	1	bfs-first	182	182	182	182	2	2	317	318	1.0032	True
LIST_EXNEXT_1000_ENTRIES_REPEAT10_TOTAL	1	bfs-first	1840	1840	1840	1840	28	28	5093	3012	0.5914	True
LIST_EXALL_1000_ENTRIES_FIRST_PASS	1	bfs-first	175	175	175	175	2	2	227	226	0.9956	True
LIST_EXALL_1000_ENTRIES_REPEAT10_TOTAL	1	bfs-first	1713	1713	1713	1713	26	26	4191	2878	0.6867	True
LIST_EXNEXT_40_ENTRIES_FIRST_PASS	2	pfs3-first	7	7	7	7	0	0	0	0	n/a	True
LIST_EXNEXT_40_ENTRIES_REPEAT10_TOTAL	2	pfs3-first	0	0	0	0	0	0	0	0	n/a	True
LIST_EXALL_40_ENTRIES_FIRST_PASS	2	pfs3-first	7	7	7	7	0	0	0	0	n/a	True
LIST_EXALL_40_ENTRIES_REPEAT10_TOTAL	2	pfs3-first	0	0	0	0	0	0	0	0	n/a	True
LIST_EXNEXT_400_ENTRIES_FIRST_PASS	2	pfs3-first	65	65	65	65	1	1	137	136	0.9927	True
LIST_EXNEXT_400_ENTRIES_REPEAT10_TOTAL	2	pfs3-first	680	680	680	680	10	10	1771	1272	0.7182	True
LIST_EXALL_400_ENTRIES_FIRST_PASS	2	pfs3-first	70	70	70	70	1	1	136	136	1.0000	True
LIST_EXALL_400_ENTRIES_REPEAT10_TOTAL	2	pfs3-first	692	692	692	692	10	10	1427	908	0.6363	True
LIST_EXNEXT_1000_ENTRIES_FIRST_PASS	2	pfs3-first	182	182	182	182	2	2	272	182	0.6691	True
LIST_EXNEXT_1000_ENTRIES_REPEAT10_TOTAL	2	pfs3-first	1840	1840	1840	1840	28	28	4042	2784	0.6888	True
LIST_EXALL_1000_ENTRIES_FIRST_PASS	2	pfs3-first	175	175	175	175	2	2	318	249	0.7830	True
LIST_EXALL_1000_ENTRIES_REPEAT10_TOTAL	2	pfs3-first	1713	1713	1713	1713	26	26	3912	2957	0.7559	True
