Inventory mode: deep only; required=4. No run filtering or outlier selection is applied.
VERIFIED	sparse-deep-20261009-m5-1-bfs-first	mode=deep-compare	schema=15	de_NumBuffers=30
VERIFIED	sparse-deep-20261009-m5-2-pfs3-first	mode=deep-compare	schema=15	de_NumBuffers=30
VERIFIED	sparse-deep-20261009-sparse-1-bfs-first	mode=deep-compare	schema=15	de_NumBuffers=30
VERIFIED	sparse-deep-20261009-sparse-2-pfs3-first	mode=deep-compare	schema=15	de_NumBuffers=30

All required runs passed the strict repository verifier; no row or outlier filtering is applied.

== Deep deep-compare, variant=m5 (2 required runs; all phases and controls; no filtering)
phase	BFS_mean_us	BFS_CV_pct	PFS3_mean_us	PFS3_CV_pct	BFS_over_PFS3_mean	individual_BFS_over_PFS3_by_repeat_order	individual_ratios_over_5x
SMALL_CREATE_40	47552.00	20.75	20767.50	28.99	2.2897	1/bfs-first=1.6215;2/pfs3-first=3.3025	0/2
LOOKUP_400	99954.00	0.47	72000.00	9.18	1.3882	1/bfs-first=1.3080;2/pfs3-first=1.4796	0/2
SMALL_READ_40	27138.00	3.32	15647.50	10.12	1.7343	1/bfs-first=1.5805;2/pfs3-first=1.9118	0/2
SEQ_WRITE_8M	49090.50	4.05	57408.00	40.67	0.8551	1/bfs-first=0.6831;2/pfs3-first=1.1660	0/2
SEQ_READ_8M	271902.00	0.82	272159.00	7.20	0.9991	1/bfs-first=0.9452;2/pfs3-first=1.0587	0/2
SMALL_DELETE_40	22368.00	1.82	8160.00	3.86	2.7412	1/bfs-first=2.6339;2/pfs3-first=2.8545	0/2
APPEND_4K_1M	105953.00	11.32	35520.00	5.10	2.9829	1/bfs-first=2.6487;2/pfs3-first=3.3421	0/2
APPEND_1K_256K	82560.00	0.22	25184.00	5.21	3.2783	1/bfs-first=3.1667;2/pfs3-first=3.3984	0/2
APPEND_READ_1280K	46336.50	4.49	41855.50	2.81	1.1071	1/bfs-first=1.0510;2/pfs3-first=1.1654	0/2
LIST_EXNEXT_40_ENTRIES_FIRST_PASS	8160.50	0.55	1759.50	2.61	4.6380	1/bfs-first=4.7070;2/pfs3-first=4.5714	0/2
LIST_EXNEXT_40_ENTRIES_REPEAT10_TOTAL	45280.00	0.30	11968.50	0.75	3.7833	1/bfs-first=3.7553;2/pfs3-first=3.8115	0/2
LIST_EXALL_40_ENTRIES_FIRST_PASS	4608.00	3.93	543.50	8.20	8.4784	1/bfs-first=9.2500;2/pfs3-first=7.7913	2/2
LIST_EXALL_40_ENTRIES_REPEAT10_TOTAL	15199.50	1.48	2560.00	0.00	5.9373	1/bfs-first=5.8750;2/pfs3-first=5.9996	2/2
LIST_EXNEXT_400_ENTRIES_FIRST_PASS	84063.50	23.42	13248.00	3.42	6.3454	1/bfs-first=7.2217;2/pfs3-first=5.4257	2/2
LIST_EXNEXT_400_ENTRIES_REPEAT10_TOTAL	748539.50	5.62	127807.00	1.49	5.8568	1/bfs-first=5.6837;2/pfs3-first=6.0263	2/2
LIST_EXALL_400_ENTRIES_FIRST_PASS	44095.50	0.62	4064.00	43.39	10.8503	1/bfs-first=15.5850;2/pfs3-first=8.3389	2/2
LIST_EXALL_400_ENTRIES_REPEAT10_TOTAL	438237.50	5.83	38721.00	64.98	11.3178	1/bfs-first=20.0754;2/pfs3-first=8.0745	2/2
LIST_EXNEXT_1000_ENTRIES_FIRST_PASS	183550.00	0.25	40768.00	24.42	4.5023	1/bfs-first=5.4516;2/pfs3-first=3.8326	1/2
LIST_EXNEXT_1000_ENTRIES_REPEAT10_TOTAL	2045446.50	12.46	306686.50	8.62	6.6695	1/bfs-first=6.8402;2/pfs3-first=6.4767	2/2
LIST_EXALL_1000_ENTRIES_FIRST_PASS	135295.50	32.58	6911.50	9.18	19.5754	1/bfs-first=25.7563;2/pfs3-first=14.1478	2/2
LIST_EXALL_1000_ENTRIES_REPEAT10_TOTAL	1080729.50	2.42	51711.00	3.15	20.8994	1/bfs-first=20.7933;2/pfs3-first=21.0104	2/2

== Deep deep-compare, variant=sparse (2 required runs; all phases and controls; no filtering)
phase	BFS_mean_us	BFS_CV_pct	PFS3_mean_us	PFS3_CV_pct	BFS_over_PFS3_mean	individual_BFS_over_PFS3_by_repeat_order	individual_ratios_over_5x
SMALL_CREATE_40	38975.00	1.40	16288.00	9.72	2.3929	1/bfs-first=2.5442;2/pfs3-first=2.2610	0/2
LOOKUP_400	99935.50	1.13	70879.00	2.11	1.4099	1/bfs-first=1.4004;2/pfs3-first=1.4198	0/2
SMALL_READ_40	26399.50	4.97	13696.00	10.57	1.9275	1/bfs-first=2.0101;2/pfs3-first=1.8565	0/2
SEQ_WRITE_8M	50303.50	5.22	39647.50	6.73	1.2688	1/bfs-first=1.2830;2/pfs3-first=1.2558	0/2
SEQ_READ_8M	321661.50	5.15	258334.50	1.52	1.2451	1/bfs-first=1.1870;2/pfs3-first=1.3045	0/2
SMALL_DELETE_40	27103.50	18.87	8383.50	5.39	3.2330	1/bfs-first=3.5298;2/pfs3-first=2.9126	0/2
APPEND_4K_1M	128063.50	20.78	39999.50	2.26	3.2016	1/bfs-first=3.6141;2/pfs3-first=2.7757	0/2
APPEND_1K_256K	80114.50	1.78	31286.50	31.87	2.5607	1/bfs-first=3.2638;2/pfs3-first=2.1161	0/2
APPEND_READ_1280K	44959.00	0.30	48767.50	11.13	0.9219	1/bfs-first=1.0028;2/pfs3-first=0.8528	0/2
LIST_EXNEXT_40_ENTRIES_FIRST_PASS	8384.00	12.95	1567.50	2.93	5.3486	1/bfs-first=4.9616;2/pfs3-first=5.7200	1/2
LIST_EXNEXT_40_ENTRIES_REPEAT10_TOTAL	45632.50	0.40	12223.50	2.22	3.7332	1/bfs-first=3.8032;2/pfs3-first=3.6653	0/2
LIST_EXALL_40_ENTRIES_FIRST_PASS	4511.50	7.01	607.00	22.37	7.4325	1/bfs-first=9.2661;2/pfs3-first=6.0996	2/2
LIST_EXALL_40_ENTRIES_REPEAT10_TOTAL	15904.00	0.85	2496.00	0.00	6.3718	1/bfs-first=6.3333;2/pfs3-first=6.4103	2/2
LIST_EXNEXT_400_ENTRIES_FIRST_PASS	71038.50	1.15	12864.00	4.91	5.5223	1/bfs-first=5.7674;2/pfs3-first=5.2936	2/2
LIST_EXNEXT_400_ENTRIES_REPEAT10_TOTAL	700892.50	5.93	113653.50	1.69	6.1669	1/bfs-first=5.9794;2/pfs3-first=6.3500	2/2
LIST_EXALL_400_ENTRIES_FIRST_PASS	38400.00	0.23	3200.00	19.80	12.0000	1/bfs-first=13.9764;2/pfs3-first=10.5090	2/2
LIST_EXALL_400_ENTRIES_REPEAT10_TOTAL	389790.50	6.33	20414.00	0.44	19.0943	1/bfs-first=18.2964;2/pfs3-first=19.8872	2/2
LIST_EXNEXT_1000_ENTRIES_FIRST_PASS	198943.00	20.31	32638.50	2.22	6.0953	1/bfs-first=7.0821;2/pfs3-first=5.1392	2/2
LIST_EXNEXT_1000_ENTRIES_REPEAT10_TOTAL	1806389.50	6.72	283038.50	0.18	6.3821	1/bfs-first=6.6939;2/pfs3-first=6.0711	2/2
LIST_EXALL_1000_ENTRIES_FIRST_PASS	91903.50	2.86	7295.50	3.73	12.5973	1/bfs-first=12.0256;2/pfs3-first=13.1999	2/2
LIST_EXALL_1000_ENTRIES_REPEAT10_TOTAL	1022138.50	4.00	51263.00	0.71	19.9391	1/bfs-first=20.6067;2/pfs3-first=19.2782	2/2

== Paired sparse/M5 timings, family=deep; ratio=sparse/M5
Every same-repeat, same-order pair is included for BFS and PFS3.
phase	filesystem	repeat/order	M5_us	sparse_us	sparse_over_M5
SMALL_CREATE_40	BFS	1/bfs-first	40576	38590	0.9511
SMALL_CREATE_40	BFS	2/pfs3-first	54528	39360	0.7218
SMALL_CREATE_40	PFS3	1/bfs-first	25024	15168	0.6061
SMALL_CREATE_40	PFS3	2/pfs3-first	16511	17408	1.0543
LOOKUP_400	BFS	1/bfs-first	100288	100735	1.0045
LOOKUP_400	BFS	2/pfs3-first	99620	99136	0.9951
LOOKUP_400	PFS3	1/bfs-first	76672	71935	0.9382
LOOKUP_400	PFS3	2/pfs3-first	67328	69823	1.0371
SMALL_READ_40	BFS	1/bfs-first	26501	25472	0.9612
SMALL_READ_40	BFS	2/pfs3-first	27775	27327	0.9839
SMALL_READ_40	PFS3	1/bfs-first	16767	12672	0.7558
SMALL_READ_40	PFS3	2/pfs3-first	14528	14720	1.0132
SEQ_WRITE_8M	BFS	1/bfs-first	50496	48447	0.9594
SEQ_WRITE_8M	BFS	2/pfs3-first	47685	52160	1.0938
SEQ_WRITE_8M	PFS3	1/bfs-first	73919	37760	0.5108
SEQ_WRITE_8M	PFS3	2/pfs3-first	40897	41535	1.0156
SEQ_READ_8M	BFS	1/bfs-first	270334	309950	1.1465
SEQ_READ_8M	BFS	2/pfs3-first	273470	333373	1.2190
SEQ_READ_8M	PFS3	1/bfs-first	286015	261119	0.9130
SEQ_READ_8M	PFS3	2/pfs3-first	258303	255550	0.9893
SMALL_DELETE_40	BFS	1/bfs-first	22080	30720	1.3913
SMALL_DELETE_40	BFS	2/pfs3-first	22656	23487	1.0367
SMALL_DELETE_40	PFS3	1/bfs-first	8383	8703	1.0382
SMALL_DELETE_40	PFS3	2/pfs3-first	7937	8064	1.0160
APPEND_4K_1M	BFS	1/bfs-first	97473	146879	1.5069
APPEND_4K_1M	BFS	2/pfs3-first	114433	109248	0.9547
APPEND_4K_1M	PFS3	1/bfs-first	36800	40640	1.1043
APPEND_4K_1M	PFS3	2/pfs3-first	34240	39359	1.1495
APPEND_1K_256K	BFS	1/bfs-first	82688	79105	0.9567
APPEND_1K_256K	BFS	2/pfs3-first	82432	81124	0.9841
APPEND_1K_256K	PFS3	1/bfs-first	26112	24237	0.9282
APPEND_1K_256K	PFS3	2/pfs3-first	24256	38336	1.5805
APPEND_READ_1280K	BFS	1/bfs-first	44865	45055	1.0042
APPEND_READ_1280K	BFS	2/pfs3-first	47808	44863	0.9384
APPEND_READ_1280K	PFS3	1/bfs-first	42687	44928	1.0525
APPEND_READ_1280K	PFS3	2/pfs3-first	41024	52607	1.2823
LIST_EXNEXT_40_ENTRIES_FIRST_PASS	BFS	1/bfs-first	8129	7616	0.9369
LIST_EXNEXT_40_ENTRIES_FIRST_PASS	BFS	2/pfs3-first	8192	9152	1.1172
LIST_EXNEXT_40_ENTRIES_FIRST_PASS	PFS3	1/bfs-first	1727	1535	0.8888
LIST_EXNEXT_40_ENTRIES_FIRST_PASS	PFS3	2/pfs3-first	1792	1600	0.8929
LIST_EXNEXT_40_ENTRIES_REPEAT10_TOTAL	BFS	1/bfs-first	45184	45760	1.0127
LIST_EXNEXT_40_ENTRIES_REPEAT10_TOTAL	BFS	2/pfs3-first	45376	45505	1.0028
LIST_EXNEXT_40_ENTRIES_REPEAT10_TOTAL	PFS3	1/bfs-first	12032	12032	1.0000
LIST_EXNEXT_40_ENTRIES_REPEAT10_TOTAL	PFS3	2/pfs3-first	11905	12415	1.0428
LIST_EXALL_40_ENTRIES_FIRST_PASS	BFS	1/bfs-first	4736	4735	0.9998
LIST_EXALL_40_ENTRIES_FIRST_PASS	BFS	2/pfs3-first	4480	4288	0.9571
LIST_EXALL_40_ENTRIES_FIRST_PASS	PFS3	1/bfs-first	512	511	0.9980
LIST_EXALL_40_ENTRIES_FIRST_PASS	PFS3	2/pfs3-first	575	703	1.2226
LIST_EXALL_40_ENTRIES_REPEAT10_TOTAL	BFS	1/bfs-first	15040	15808	1.0511
LIST_EXALL_40_ENTRIES_REPEAT10_TOTAL	BFS	2/pfs3-first	15359	16000	1.0417
LIST_EXALL_40_ENTRIES_REPEAT10_TOTAL	PFS3	1/bfs-first	2560	2496	0.9750
LIST_EXALL_40_ENTRIES_REPEAT10_TOTAL	PFS3	2/pfs3-first	2560	2496	0.9750
LIST_EXNEXT_400_ENTRIES_FIRST_PASS	BFS	1/bfs-first	97984	71614	0.7309
LIST_EXNEXT_400_ENTRIES_FIRST_PASS	BFS	2/pfs3-first	70143	70463	1.0046
LIST_EXNEXT_400_ENTRIES_FIRST_PASS	PFS3	1/bfs-first	13568	12417	0.9152
LIST_EXNEXT_400_ENTRIES_FIRST_PASS	PFS3	2/pfs3-first	12928	13311	1.0296
LIST_EXNEXT_400_ENTRIES_REPEAT10_TOTAL	BFS	1/bfs-first	718779	671484	0.9342
LIST_EXNEXT_400_ENTRIES_REPEAT10_TOTAL	BFS	2/pfs3-first	778300	730301	0.9383
LIST_EXNEXT_400_ENTRIES_REPEAT10_TOTAL	PFS3	1/bfs-first	126463	112299	0.8880
LIST_EXNEXT_400_ENTRIES_REPEAT10_TOTAL	PFS3	2/pfs3-first	129151	115008	0.8905
LIST_EXALL_400_ENTRIES_FIRST_PASS	BFS	1/bfs-first	43903	38463	0.8761
LIST_EXALL_400_ENTRIES_FIRST_PASS	BFS	2/pfs3-first	44288	38337	0.8656
LIST_EXALL_400_ENTRIES_FIRST_PASS	PFS3	1/bfs-first	2817	2752	0.9769
LIST_EXALL_400_ENTRIES_FIRST_PASS	PFS3	2/pfs3-first	5311	3648	0.6869
LIST_EXALL_400_ENTRIES_REPEAT10_TOTAL	BFS	1/bfs-first	420158	372350	0.8862
LIST_EXALL_400_ENTRIES_REPEAT10_TOTAL	BFS	2/pfs3-first	456317	407231	0.8924
LIST_EXALL_400_ENTRIES_REPEAT10_TOTAL	PFS3	1/bfs-first	20929	20351	0.9724
LIST_EXALL_400_ENTRIES_REPEAT10_TOTAL	PFS3	2/pfs3-first	56513	20477	0.3623
LIST_EXNEXT_1000_ENTRIES_FIRST_PASS	BFS	1/bfs-first	183870	227518	1.2374
LIST_EXNEXT_1000_ENTRIES_FIRST_PASS	BFS	2/pfs3-first	183230	170368	0.9298
LIST_EXNEXT_1000_ENTRIES_FIRST_PASS	PFS3	1/bfs-first	33728	32126	0.9525
LIST_EXNEXT_1000_ENTRIES_FIRST_PASS	PFS3	2/pfs3-first	47808	33151	0.6934
LIST_EXNEXT_1000_ENTRIES_REPEAT10_TOTAL	BFS	1/bfs-first	2225624	1892277	0.8502
LIST_EXNEXT_1000_ENTRIES_REPEAT10_TOTAL	BFS	2/pfs3-first	1865269	1720502	0.9224
LIST_EXNEXT_1000_ENTRIES_REPEAT10_TOTAL	PFS3	1/bfs-first	325375	282687	0.8688
LIST_EXNEXT_1000_ENTRIES_REPEAT10_TOTAL	PFS3	2/pfs3-first	287998	283390	0.9840
LIST_EXALL_1000_ENTRIES_FIRST_PASS	BFS	1/bfs-first	166463	90048	0.5409
LIST_EXALL_1000_ENTRIES_FIRST_PASS	BFS	2/pfs3-first	104128	93759	0.9004
LIST_EXALL_1000_ENTRIES_FIRST_PASS	PFS3	1/bfs-first	6463	7488	1.1586
LIST_EXALL_1000_ENTRIES_FIRST_PASS	PFS3	2/pfs3-first	7360	7103	0.9651
LIST_EXALL_1000_ENTRIES_REPEAT10_TOTAL	BFS	1/bfs-first	1099194	1051066	0.9562
LIST_EXALL_1000_ENTRIES_REPEAT10_TOTAL	BFS	2/pfs3-first	1062265	993211	0.9350
LIST_EXALL_1000_ENTRIES_REPEAT10_TOTAL	PFS3	1/bfs-first	52863	51006	0.9649
LIST_EXALL_1000_ENTRIES_REPEAT10_TOTAL	PFS3	2/pfs3-first	50559	51520	1.0190

Paired sparse/M5 aggregate across all repeats.
phase	filesystem	sparse_over_M5_min	sparse_over_M5_median	sparse_over_M5_max	sparse_slower_pairs
SMALL_CREATE_40	BFS	0.7218	0.8364	0.9511	0/2
SMALL_CREATE_40	PFS3	0.6061	0.8302	1.0543	1/2
LOOKUP_400	BFS	0.9951	0.9998	1.0045	1/2
LOOKUP_400	PFS3	0.9382	0.9876	1.0371	1/2
SMALL_READ_40	BFS	0.9612	0.9725	0.9839	0/2
SMALL_READ_40	PFS3	0.7558	0.8845	1.0132	1/2
SEQ_WRITE_8M	BFS	0.9594	1.0266	1.0938	1/2
SEQ_WRITE_8M	PFS3	0.5108	0.7632	1.0156	1/2
SEQ_READ_8M	BFS	1.1465	1.1828	1.2190	2/2
SEQ_READ_8M	PFS3	0.9130	0.9511	0.9893	0/2
SMALL_DELETE_40	BFS	1.0367	1.2140	1.3913	2/2
SMALL_DELETE_40	PFS3	1.0160	1.0271	1.0382	2/2
APPEND_4K_1M	BFS	0.9547	1.2308	1.5069	1/2
APPEND_4K_1M	PFS3	1.1043	1.1269	1.1495	2/2
APPEND_1K_256K	BFS	0.9567	0.9704	0.9841	0/2
APPEND_1K_256K	PFS3	0.9282	1.2543	1.5805	1/2
APPEND_READ_1280K	BFS	0.9384	0.9713	1.0042	1/2
APPEND_READ_1280K	PFS3	1.0525	1.1674	1.2823	2/2
LIST_EXNEXT_40_ENTRIES_FIRST_PASS	BFS	0.9369	1.0270	1.1172	1/2
LIST_EXNEXT_40_ENTRIES_FIRST_PASS	PFS3	0.8888	0.8908	0.8929	0/2
LIST_EXNEXT_40_ENTRIES_REPEAT10_TOTAL	BFS	1.0028	1.0078	1.0127	2/2
LIST_EXNEXT_40_ENTRIES_REPEAT10_TOTAL	PFS3	1.0000	1.0214	1.0428	1/2
LIST_EXALL_40_ENTRIES_FIRST_PASS	BFS	0.9571	0.9785	0.9998	0/2
LIST_EXALL_40_ENTRIES_FIRST_PASS	PFS3	0.9980	1.1103	1.2226	1/2
LIST_EXALL_40_ENTRIES_REPEAT10_TOTAL	BFS	1.0417	1.0464	1.0511	2/2
LIST_EXALL_40_ENTRIES_REPEAT10_TOTAL	PFS3	0.9750	0.9750	0.9750	0/2
LIST_EXNEXT_400_ENTRIES_FIRST_PASS	BFS	0.7309	0.8677	1.0046	1/2
LIST_EXNEXT_400_ENTRIES_FIRST_PASS	PFS3	0.9152	0.9724	1.0296	1/2
LIST_EXNEXT_400_ENTRIES_REPEAT10_TOTAL	BFS	0.9342	0.9363	0.9383	0/2
LIST_EXNEXT_400_ENTRIES_REPEAT10_TOTAL	PFS3	0.8880	0.8892	0.8905	0/2
LIST_EXALL_400_ENTRIES_FIRST_PASS	BFS	0.8656	0.8709	0.8761	0/2
LIST_EXALL_400_ENTRIES_FIRST_PASS	PFS3	0.6869	0.8319	0.9769	0/2
LIST_EXALL_400_ENTRIES_REPEAT10_TOTAL	BFS	0.8862	0.8893	0.8924	0/2
LIST_EXALL_400_ENTRIES_REPEAT10_TOTAL	PFS3	0.3623	0.6674	0.9724	0/2
LIST_EXNEXT_1000_ENTRIES_FIRST_PASS	BFS	0.9298	1.0836	1.2374	1/2
LIST_EXNEXT_1000_ENTRIES_FIRST_PASS	PFS3	0.6934	0.8230	0.9525	0/2
LIST_EXNEXT_1000_ENTRIES_REPEAT10_TOTAL	BFS	0.8502	0.8863	0.9224	0/2
LIST_EXNEXT_1000_ENTRIES_REPEAT10_TOTAL	PFS3	0.8688	0.9264	0.9840	0/2
LIST_EXALL_1000_ENTRIES_FIRST_PASS	BFS	0.5409	0.7207	0.9004	0/2
LIST_EXALL_1000_ENTRIES_FIRST_PASS	PFS3	0.9651	1.0618	1.1586	1/2
LIST_EXALL_1000_ENTRIES_REPEAT10_TOTAL	BFS	0.9350	0.9456	0.9562	0/2
LIST_EXALL_1000_ENTRIES_REPEAT10_TOTAL	PFS3	0.9649	0.9919	1.0190	1/2

== Deep diagnostic counters (schema 15; BFS raw counters only)
Counts, samples and sampled ticks are emitted as recorded; no exclusive CPU attribution or extrapolation is made.
variant	repeat	order	phase	BIO_READS	CACHE_READ_CALLS	CACHE_READ_HITS	CACHE_READ_MISSES	INODE_READ_CALLS	NODE_CRC_READ_CALLS	NODE_CRC_READ_SAMPLES	NODE_CRC_READ_SAMPLE_TICKS	NODE_CRC_WRITE_CALLS	NODE_CRC_WRITE_SAMPLES	NODE_CRC_WRITE_SAMPLE_TICKS	DIR_TREE_NODE_VIEWS	DIR_TREE_RESIDENT_VIEWS	DIR_TREE_LEAF_NODE_VIEWS	DIR_TREE_LEAF_RESIDENT_VIEWS	DIR_TREE_INTERNAL_NODE_VIEWS	DIR_TREE_INTERNAL_RESIDENT_VIEWS	INODE_TREE_NODE_VIEWS	INODE_TREE_RESIDENT_VIEWS	INODE_TREE_LEAF_NODE_VIEWS	INODE_TREE_LEAF_RESIDENT_VIEWS	INODE_TREE_INTERNAL_NODE_VIEWS	INODE_TREE_INTERNAL_RESIDENT_VIEWS
m5	1	bfs-first	LIST_EXNEXT_40_ENTRIES_FIRST_PASS	7	9	2	7	41	7	0	0	0	0	0	36	30	11	6	25	24	4	1	2	0	2	1
m5	1	bfs-first	LIST_EXNEXT_40_ENTRIES_REPEAT10_TOTAL	0	0	0	0	410	0	0	0	0	0	0	320	320	100	100	220	220	0	0	0	0	0	0
m5	1	bfs-first	LIST_EXALL_40_ENTRIES_FIRST_PASS	7	7	0	7	40	7	0	0	0	0	0	20	14	7	2	13	12	2	1	1	0	1	1
m5	1	bfs-first	LIST_EXALL_40_ENTRIES_REPEAT10_TOTAL	0	0	0	0	400	0	0	0	0	0	0	160	160	60	60	100	100	0	0	0	0	0	0
m5	1	bfs-first	LIST_EXNEXT_400_ENTRIES_FIRST_PASS	65	65	0	65	401	65	1	273	0	0	0	264	219	85	44	179	175	40	20	20	0	20	20
m5	1	bfs-first	LIST_EXNEXT_400_ENTRIES_REPEAT10_TOTAL	680	680	0	680	4010	680	10	1547	0	0	0	2644	2144	851	411	1793	1733	360	180	180	0	180	180
m5	1	bfs-first	LIST_EXALL_400_ENTRIES_FIRST_PASS	70	70	0	70	404	70	1	136	0	0	0	122	72	50	6	72	66	40	20	20	0	20	20
m5	1	bfs-first	LIST_EXALL_400_ENTRIES_REPEAT10_TOTAL	692	692	0	692	4040	692	10	1543	0	0	0	1184	682	491	50	693	632	380	190	190	0	190	190
m5	1	bfs-first	LIST_EXNEXT_1000_ENTRIES_FIRST_PASS	182	182	0	182	1001	182	2	317	0	0	0	672	552	216	108	456	444	124	62	62	0	62	62
m5	1	bfs-first	LIST_EXNEXT_1000_ENTRIES_REPEAT10_TOTAL	1840	1840	0	1840	10010	1840	28	5093	0	0	0	6684	5444	2151	1061	4533	4383	1200	600	600	0	600	600
m5	1	bfs-first	LIST_EXALL_1000_ENTRIES_FIRST_PASS	175	175	0	175	1010	175	2	227	0	0	0	283	167	118	15	165	152	118	59	59	0	59	59
m5	1	bfs-first	LIST_EXALL_1000_ENTRIES_REPEAT10_TOTAL	1713	1713	0	1713	10100	1713	26	4191	0	0	0	2794	1641	1171	140	1623	1501	1120	560	560	0	560	560
m5	2	pfs3-first	LIST_EXNEXT_40_ENTRIES_FIRST_PASS	7	9	2	7	41	7	0	0	0	0	0	36	30	11	6	25	24	4	1	2	0	2	1
m5	2	pfs3-first	LIST_EXNEXT_40_ENTRIES_REPEAT10_TOTAL	0	0	0	0	410	0	0	0	0	0	0	320	320	100	100	220	220	0	0	0	0	0	0
m5	2	pfs3-first	LIST_EXALL_40_ENTRIES_FIRST_PASS	7	7	0	7	40	7	0	0	0	0	0	20	14	7	2	13	12	2	1	1	0	1	1
m5	2	pfs3-first	LIST_EXALL_40_ENTRIES_REPEAT10_TOTAL	0	0	0	0	400	0	0	0	0	0	0	160	160	60	60	100	100	0	0	0	0	0	0
m5	2	pfs3-first	LIST_EXNEXT_400_ENTRIES_FIRST_PASS	65	65	0	65	401	65	1	137	0	0	0	264	219	85	44	179	175	40	20	20	0	20	20
m5	2	pfs3-first	LIST_EXNEXT_400_ENTRIES_REPEAT10_TOTAL	680	680	0	680	4010	680	10	1771	0	0	0	2644	2144	851	411	1793	1733	360	180	180	0	180	180
m5	2	pfs3-first	LIST_EXALL_400_ENTRIES_FIRST_PASS	70	70	0	70	404	70	1	136	0	0	0	122	72	50	6	72	66	40	20	20	0	20	20
m5	2	pfs3-first	LIST_EXALL_400_ENTRIES_REPEAT10_TOTAL	692	692	0	692	4040	692	10	1427	0	0	0	1184	682	491	50	693	632	380	190	190	0	190	190
m5	2	pfs3-first	LIST_EXNEXT_1000_ENTRIES_FIRST_PASS	182	182	0	182	1001	182	2	272	0	0	0	672	552	216	108	456	444	124	62	62	0	62	62
m5	2	pfs3-first	LIST_EXNEXT_1000_ENTRIES_REPEAT10_TOTAL	1840	1840	0	1840	10010	1840	28	4042	0	0	0	6684	5444	2151	1061	4533	4383	1200	600	600	0	600	600
m5	2	pfs3-first	LIST_EXALL_1000_ENTRIES_FIRST_PASS	175	175	0	175	1010	175	2	318	0	0	0	283	167	118	15	165	152	118	59	59	0	59	59
m5	2	pfs3-first	LIST_EXALL_1000_ENTRIES_REPEAT10_TOTAL	1713	1713	0	1713	10100	1713	26	3912	0	0	0	2794	1641	1171	140	1623	1501	1120	560	560	0	560	560
sparse	1	bfs-first	LIST_EXNEXT_40_ENTRIES_FIRST_PASS	7	9	2	7	41	7	0	0	0	0	0	36	30	11	6	25	24	4	1	2	0	2	1
sparse	1	bfs-first	LIST_EXNEXT_40_ENTRIES_REPEAT10_TOTAL	0	0	0	0	410	0	0	0	0	0	0	320	320	100	100	220	220	0	0	0	0	0	0
sparse	1	bfs-first	LIST_EXALL_40_ENTRIES_FIRST_PASS	7	7	0	7	40	7	0	0	0	0	0	20	14	7	2	13	12	2	1	1	0	1	1
sparse	1	bfs-first	LIST_EXALL_40_ENTRIES_REPEAT10_TOTAL	0	0	0	0	400	0	0	0	0	0	0	160	160	60	60	100	100	0	0	0	0	0	0
sparse	1	bfs-first	LIST_EXNEXT_400_ENTRIES_FIRST_PASS	65	65	0	65	401	65	1	136	0	0	0	264	219	85	44	179	175	40	20	20	0	20	20
sparse	1	bfs-first	LIST_EXNEXT_400_ENTRIES_REPEAT10_TOTAL	680	680	0	680	4010	680	10	976	0	0	0	2644	2144	851	411	1793	1733	360	180	180	0	180	180
sparse	1	bfs-first	LIST_EXALL_400_ENTRIES_FIRST_PASS	70	70	0	70	404	70	1	136	0	0	0	122	72	50	6	72	66	40	20	20	0	20	20
sparse	1	bfs-first	LIST_EXALL_400_ENTRIES_REPEAT10_TOTAL	692	692	0	692	4040	692	10	885	0	0	0	1184	682	491	50	693	632	380	190	190	0	190	190
sparse	1	bfs-first	LIST_EXNEXT_1000_ENTRIES_FIRST_PASS	182	182	0	182	1001	182	2	318	0	0	0	672	552	216	108	456	444	124	62	62	0	62	62
sparse	1	bfs-first	LIST_EXNEXT_1000_ENTRIES_REPEAT10_TOTAL	1840	1840	0	1840	10010	1840	28	3012	0	0	0	6684	5444	2151	1061	4533	4383	1200	600	600	0	600	600
sparse	1	bfs-first	LIST_EXALL_1000_ENTRIES_FIRST_PASS	175	175	0	175	1010	175	2	226	0	0	0	283	167	118	15	165	152	118	59	59	0	59	59
sparse	1	bfs-first	LIST_EXALL_1000_ENTRIES_REPEAT10_TOTAL	1713	1713	0	1713	10100	1713	26	2878	0	0	0	2794	1641	1171	140	1623	1501	1120	560	560	0	560	560
sparse	2	pfs3-first	LIST_EXNEXT_40_ENTRIES_FIRST_PASS	7	9	2	7	41	7	0	0	0	0	0	36	30	11	6	25	24	4	1	2	0	2	1
sparse	2	pfs3-first	LIST_EXNEXT_40_ENTRIES_REPEAT10_TOTAL	0	0	0	0	410	0	0	0	0	0	0	320	320	100	100	220	220	0	0	0	0	0	0
sparse	2	pfs3-first	LIST_EXALL_40_ENTRIES_FIRST_PASS	7	7	0	7	40	7	0	0	0	0	0	20	14	7	2	13	12	2	1	1	0	1	1
sparse	2	pfs3-first	LIST_EXALL_40_ENTRIES_REPEAT10_TOTAL	0	0	0	0	400	0	0	0	0	0	0	160	160	60	60	100	100	0	0	0	0	0	0
sparse	2	pfs3-first	LIST_EXNEXT_400_ENTRIES_FIRST_PASS	65	65	0	65	401	65	1	136	0	0	0	264	219	85	44	179	175	40	20	20	0	20	20
sparse	2	pfs3-first	LIST_EXNEXT_400_ENTRIES_REPEAT10_TOTAL	680	680	0	680	4010	680	10	1272	0	0	0	2644	2144	851	411	1793	1733	360	180	180	0	180	180
sparse	2	pfs3-first	LIST_EXALL_400_ENTRIES_FIRST_PASS	70	70	0	70	404	70	1	136	0	0	0	122	72	50	6	72	66	40	20	20	0	20	20
sparse	2	pfs3-first	LIST_EXALL_400_ENTRIES_REPEAT10_TOTAL	692	692	0	692	4040	692	10	908	0	0	0	1184	682	491	50	693	632	380	190	190	0	190	190
sparse	2	pfs3-first	LIST_EXNEXT_1000_ENTRIES_FIRST_PASS	182	182	0	182	1001	182	2	182	0	0	0	672	552	216	108	456	444	124	62	62	0	62	62
sparse	2	pfs3-first	LIST_EXNEXT_1000_ENTRIES_REPEAT10_TOTAL	1840	1840	0	1840	10010	1840	28	2784	0	0	0	6684	5444	2151	1061	4533	4383	1200	600	600	0	600	600
sparse	2	pfs3-first	LIST_EXALL_1000_ENTRIES_FIRST_PASS	175	175	0	175	1010	175	2	249	0	0	0	283	167	118	15	165	152	118	59	59	0	59	59
sparse	2	pfs3-first	LIST_EXALL_1000_ENTRIES_REPEAT10_TOTAL	1713	1713	0	1713	10100	1713	26	2957	0	0	0	2794	1641	1171	140	1623	1501	1120	560	560	0	560	560

DEEP-ONLY RESULT: all four schema-15 deep runs verified; NOT FULL QUALIFICATION.
