VERIFIED	sparse-normal-20261009-m5-1-bfs-first	mode=compare	schema=4	de_NumBuffers=30
VERIFIED	sparse-normal-20261009-m5-2-pfs3-first	mode=compare	schema=4	de_NumBuffers=30
VERIFIED	sparse-normal-20261009-m5-3-bfs-first	mode=compare	schema=4	de_NumBuffers=30
VERIFIED	sparse-normal-20261009-m5-4-pfs3-first	mode=compare	schema=4	de_NumBuffers=30
VERIFIED	sparse-normal-20261009-m5-5-bfs-first	mode=compare	schema=4	de_NumBuffers=30
VERIFIED	sparse-normal-20261009-m5-6-pfs3-first	mode=compare	schema=4	de_NumBuffers=30
VERIFIED	sparse-normal-20261009-m5-7-bfs-first	mode=compare	schema=4	de_NumBuffers=30
VERIFIED	sparse-normal-20261009-m5-8-pfs3-first	mode=compare	schema=4	de_NumBuffers=30
VERIFIED	sparse-normal-20261009-sparse-1-bfs-first	mode=compare	schema=4	de_NumBuffers=30
VERIFIED	sparse-normal-20261009-sparse-2-pfs3-first	mode=compare	schema=4	de_NumBuffers=30
VERIFIED	sparse-normal-20261009-sparse-3-bfs-first	mode=compare	schema=4	de_NumBuffers=30
VERIFIED	sparse-normal-20261009-sparse-4-pfs3-first	mode=compare	schema=4	de_NumBuffers=30
VERIFIED	sparse-normal-20261009-sparse-5-bfs-first	mode=compare	schema=4	de_NumBuffers=30
VERIFIED	sparse-normal-20261009-sparse-6-pfs3-first	mode=compare	schema=4	de_NumBuffers=30
VERIFIED	sparse-normal-20261009-sparse-7-bfs-first	mode=compare	schema=4	de_NumBuffers=30
VERIFIED	sparse-normal-20261009-sparse-8-pfs3-first	mode=compare	schema=4	de_NumBuffers=30

== normal, variant=m5 (8 required runs; all phases and controls; no filtering)
phase	BFS_mean_us	BFS_CV_pct	PFS3_mean_us	PFS3_CV_pct	BFS_over_PFS3_mean	individual_BFS_over_PFS3_by_repeat_order	individual_ratios_over_5x
SMALL_CREATE_40	36454.50	37.40	16911.50	5.49	2.1556	1/bfs-first=1.7405;2/pfs3-first=1.9806;3/bfs-first=1.8235;4/pfs3-first=2.4380;5/bfs-first=4.2005;6/pfs3-first=1.7194;7/bfs-first=1.7573;8/pfs3-first=1.7107	0/8
LOOKUP_400	92647.25	22.62	73447.38	11.11	1.2614	1/bfs-first=0.9942;2/pfs3-first=1.5566;3/bfs-first=1.1488;4/pfs3-first=1.8044;5/bfs-first=1.4094;6/pfs3-first=1.0841;7/bfs-first=1.1428;8/pfs3-first=1.0087	0/8
SMALL_READ_40	24496.00	28.68	13952.00	4.98	1.7557	1/bfs-first=1.4684;2/pfs3-first=2.6620;3/bfs-first=1.4184;4/pfs3-first=1.6665;5/bfs-first=1.5801;6/pfs3-first=1.4724;7/bfs-first=1.4589;8/pfs3-first=2.2662	0/8
LIST_EXNEXT_400	38063.62	24.36	12984.00	11.15	2.9316	1/bfs-first=2.2741;2/pfs3-first=2.4267;3/bfs-first=3.7737;4/pfs3-first=2.6471;5/bfs-first=4.0692;6/pfs3-first=2.5492;7/bfs-first=1.9007;8/pfs3-first=4.2980	0/8
LIST_EXALL_400	9471.50	8.85	2831.75	25.67	3.3448	1/bfs-first=3.2031;2/pfs3-first=3.4647;3/bfs-first=4.1026;4/pfs3-first=3.7632;5/bfs-first=3.4146;6/pfs3-first=3.5492;7/bfs-first=1.9449;8/pfs3-first=4.5142	0/8
SEQ_WRITE_8M	47903.88	28.03	45751.50	22.06	1.0470	1/bfs-first=0.8531;2/pfs3-first=0.9922;3/bfs-first=1.3363;4/pfs3-first=0.9636;5/bfs-first=1.0315;6/pfs3-first=1.4243;7/bfs-first=0.6092;8/pfs3-first=1.3680	0/8
SEQ_READ_8M	288246.12	15.90	283838.00	6.63	1.0155	1/bfs-first=1.0833;2/pfs3-first=0.9644;3/bfs-first=1.3113;4/pfs3-first=0.9485;5/bfs-first=0.9168;6/pfs3-first=1.0918;7/bfs-first=0.9689;8/pfs3-first=0.8445	0/8
SMALL_DELETE_40	18103.50	6.68	8808.12	20.00	2.0553	1/bfs-first=2.2377;2/pfs3-first=2.1933;3/bfs-first=2.2640;4/pfs3-first=1.3365;5/bfs-first=2.1840;6/pfs3-first=2.5624;7/bfs-first=1.9855;8/pfs3-first=2.1287	0/8
APPEND_4K_1M	76703.50	6.49	38739.88	35.60	1.9800	1/bfs-first=2.1797;2/pfs3-first=2.4261;3/bfs-first=2.2403;4/pfs3-first=1.0660;5/bfs-first=2.0726;6/pfs3-first=2.4448;7/bfs-first=2.3886;8/pfs3-first=2.0828	0/8
APPEND_1K_256K	61087.50	1.60	26325.62	20.57	2.3205	1/bfs-first=2.6469;2/pfs3-first=2.5913;3/bfs-first=2.6166;4/pfs3-first=1.5254;5/bfs-first=2.5686;6/pfs3-first=2.6428;7/bfs-first=2.1538;8/pfs3-first=2.3711	0/8
APPEND_READ_1280K	43637.25	5.08	43120.00	13.93	1.0120	1/bfs-first=1.0136;2/pfs3-first=1.0554;3/bfs-first=1.0823;4/pfs3-first=1.0504;5/bfs-first=0.8431;6/pfs3-first=1.0278;7/bfs-first=1.0670;8/pfs3-first=1.0275	0/8
LIST_EXNEXT_40_ENTRIES_FIRST_PASS	6501.00	5.22	1856.12	18.23	3.5025	1/bfs-first=3.0308;2/pfs3-first=3.6682;3/bfs-first=3.8750;4/pfs3-first=4.1230;5/bfs-first=3.5793;6/pfs3-first=2.6154;7/bfs-first=3.7037;8/pfs3-first=4.0595	0/8
LIST_EXNEXT_40_ENTRIES_REPEAT10_TOTAL	32928.00	5.08	12448.12	5.43	2.6452	1/bfs-first=2.8844;2/pfs3-first=2.6172;3/bfs-first=2.7800;4/pfs3-first=2.6595;5/bfs-first=2.8754;6/pfs3-first=2.2454;7/bfs-first=2.5757;8/pfs3-first=2.5847	0/8
LIST_EXALL_40_ENTRIES_FIRST_PASS	4347.50	21.48	576.12	5.99	7.5461	1/bfs-first=7.1128;2/pfs3-first=6.7678;3/bfs-first=8.6950;4/pfs3-first=7.2348;5/bfs-first=11.1304;6/pfs3-first=7.5000;7/bfs-first=6.4462;8/pfs3-first=5.6911	8/8
LIST_EXALL_40_ENTRIES_REPEAT10_TOTAL	10387.00	13.42	2535.75	1.30	4.0962	1/bfs-first=3.8974;2/pfs3-first=3.8280;3/bfs-first=5.1222;4/pfs3-first=3.8626;5/bfs-first=4.8750;6/pfs3-first=3.7004;7/bfs-first=3.6746;8/pfs3-first=3.8246	1/8
LIST_EXNEXT_400_ENTRIES_FIRST_PASS	62663.12	14.98	14703.62	22.41	4.2617	1/bfs-first=3.1397;2/pfs3-first=5.7985;3/bfs-first=6.5735;4/pfs3-first=4.4444;5/bfs-first=4.3190;6/pfs3-first=2.6919;7/bfs-first=4.4997;8/pfs3-first=4.2571	2/8
LIST_EXNEXT_400_ENTRIES_REPEAT10_TOTAL	682188.50	16.50	125614.62	16.33	5.4308	1/bfs-first=5.9927;2/pfs3-first=5.0148;3/bfs-first=5.4948;4/pfs3-first=5.5278;5/bfs-first=6.2460;6/pfs3-first=4.4618;7/bfs-first=4.8951;8/pfs3-first=6.0297	6/8
LIST_EXALL_400_ENTRIES_FIRST_PASS	36911.38	4.88	3079.75	7.75	11.9852	1/bfs-first=12.8298;2/pfs3-first=10.8997;3/bfs-first=10.7415;4/pfs3-first=12.6131;5/bfs-first=11.4543;6/pfs3-first=11.9753;7/bfs-first=12.8441;8/pfs3-first=12.9133	8/8
LIST_EXALL_400_ENTRIES_REPEAT10_TOTAL	378582.25	10.90	21047.50	3.90	17.9870	1/bfs-first=16.7995;2/pfs3-first=16.6668;3/bfs-first=16.3476;4/pfs3-first=19.1729;5/bfs-first=15.6535;6/pfs3-first=21.9721;7/bfs-first=17.3835;8/pfs3-first=20.1712	8/8
LIST_EXNEXT_1000_ENTRIES_FIRST_PASS	160367.62	13.30	33418.75	8.13	4.7987	1/bfs-first=4.1045;2/pfs3-first=4.4457;3/bfs-first=4.6141;4/pfs3-first=6.3705;5/bfs-first=3.5809;6/pfs3-first=5.4220;7/bfs-first=4.7214;8/pfs3-first=5.5076	3/8
LIST_EXNEXT_1000_ENTRIES_REPEAT10_TOTAL	1569287.12	7.14	296900.12	6.52	5.2856	1/bfs-first=4.8501;2/pfs3-first=5.2832;3/bfs-first=5.0824;4/pfs3-first=5.9384;5/bfs-first=4.7318;6/pfs3-first=5.5165;7/bfs-first=5.2439;8/pfs3-first=5.7349	6/8
LIST_EXALL_1000_ENTRIES_FIRST_PASS	88843.00	1.82	6655.88	3.17	13.3481	1/bfs-first=12.9550;2/pfs3-first=13.0924;3/bfs-first=13.7352;4/pfs3-first=13.8505;5/bfs-first=13.3679;6/pfs3-first=13.3158;7/bfs-first=13.2520;8/pfs3-first=13.2716	8/8
LIST_EXALL_1000_ENTRIES_REPEAT10_TOTAL	948184.25	9.15	53887.62	10.08	17.5956	1/bfs-first=17.1672;2/pfs3-first=13.3290;3/bfs-first=16.8132;4/pfs3-first=18.2898;5/bfs-first=18.1338;6/pfs3-first=18.1244;7/bfs-first=18.5159;8/pfs3-first=21.5540	8/8

== normal, variant=sparse (8 required runs; all phases and controls; no filtering)
phase	BFS_mean_us	BFS_CV_pct	PFS3_mean_us	PFS3_CV_pct	BFS_over_PFS3_mean	individual_BFS_over_PFS3_by_repeat_order	individual_ratios_over_5x
SMALL_CREATE_40	31255.62	3.92	17447.62	4.18	1.7914	1/bfs-first=1.8000;2/pfs3-first=1.6883;3/bfs-first=1.8672;4/pfs3-first=1.9483;5/bfs-first=1.7527;6/pfs3-first=1.8221;7/bfs-first=1.7897;8/pfs3-first=1.6800	0/8
LOOKUP_400	79823.62	7.68	70559.88	11.64	1.1313	1/bfs-first=1.2158;2/pfs3-first=1.1444;3/bfs-first=1.1093;4/pfs3-first=1.1741;5/bfs-first=1.1155;6/pfs3-first=1.3763;7/bfs-first=0.8455;8/pfs3-first=1.1659	0/8
SMALL_READ_40	23471.88	35.62	14199.75	3.11	1.6530	1/bfs-first=1.5066;2/pfs3-first=1.3524;3/bfs-first=1.5901;4/pfs3-first=1.4350;5/bfs-first=1.5074;6/pfs3-first=3.0990;7/bfs-first=1.3850;8/pfs3-first=1.3583	0/8
LIST_EXNEXT_400	34247.38	17.83	12223.75	1.58	2.8017	1/bfs-first=2.5260;2/pfs3-first=2.5559;3/bfs-first=3.6704;4/pfs3-first=2.5882;5/bfs-first=2.5449;6/pfs3-first=3.4583;7/bfs-first=2.5516;8/pfs3-first=2.4974	0/8
LIST_EXALL_400	10552.12	27.13	2572.88	5.29	4.1013	1/bfs-first=3.5254;2/pfs3-first=3.6154;3/bfs-first=3.7101;4/pfs3-first=5.0907;5/bfs-first=3.5645;6/pfs3-first=5.9733;7/bfs-first=3.5331;8/pfs3-first=3.5764	2/8
SEQ_WRITE_8M	43405.38	19.31	41143.50	5.70	1.0550	1/bfs-first=0.9890;2/pfs3-first=0.8822;3/bfs-first=0.9330;4/pfs3-first=1.6131;5/bfs-first=0.9933;6/pfs3-first=1.0571;7/bfs-first=1.0014;8/pfs3-first=1.0060	0/8
SEQ_READ_8M	275902.38	13.82	273654.25	9.88	1.0082	1/bfs-first=0.9402;2/pfs3-first=0.8066;3/bfs-first=1.0116;4/pfs3-first=1.0296;5/bfs-first=1.0596;6/pfs3-first=0.9878;7/bfs-first=1.2960;8/pfs3-first=0.9714	0/8
SMALL_DELETE_40	19912.12	21.06	8727.88	16.43	2.2814	1/bfs-first=2.1863;2/pfs3-first=1.8170;3/bfs-first=2.1470;4/pfs3-first=2.2112;5/bfs-first=2.2198;6/pfs3-first=3.3920;7/bfs-first=2.2045;8/pfs3-first=2.2195	0/8
APPEND_4K_1M	87188.88	19.29	33415.50	4.46	2.6092	1/bfs-first=2.4672;2/pfs3-first=1.9930;3/bfs-first=3.1933;4/pfs3-first=2.4831;5/bfs-first=2.1248;6/pfs3-first=2.7874;7/bfs-first=2.2307;8/pfs3-first=3.7258	0/8
APPEND_1K_256K	70727.62	23.31	24511.88	12.66	2.8854	1/bfs-first=2.6882;2/pfs3-first=2.0080;3/bfs-first=4.3352;4/pfs3-first=2.6262;5/bfs-first=2.6459;6/pfs3-first=2.6054;7/bfs-first=2.5145;8/pfs3-first=4.0111	0/8
APPEND_READ_1280K	43415.38	1.86	45192.00	24.48	0.9607	1/bfs-first=1.0507;2/pfs3-first=0.9985;3/bfs-first=1.0700;4/pfs3-first=1.0765;5/bfs-first=1.0457;6/pfs3-first=1.0483;7/bfs-first=0.6151;8/pfs3-first=1.0441	0/8
LIST_EXNEXT_40_ENTRIES_FIRST_PASS	5997.12	9.06	1719.62	6.73	3.4875	1/bfs-first=3.1402;2/pfs3-first=3.5646;3/bfs-first=3.1667;4/pfs3-first=4.5606;5/bfs-first=3.2963;6/pfs3-first=3.3860;7/bfs-first=3.3333;8/pfs3-first=3.6000	0/8
LIST_EXNEXT_40_ENTRIES_REPEAT10_TOTAL	33943.62	12.87	14287.75	29.38	2.3757	1/bfs-first=3.5930;2/pfs3-first=2.6686;3/bfs-first=2.7316;4/pfs3-first=1.8852;5/bfs-first=2.7203;6/pfs3-first=1.3497;7/bfs-first=2.5823;8/pfs3-first=2.6365	0/8
LIST_EXALL_40_ENTRIES_FIRST_PASS	3712.12	19.93	703.50	41.00	5.2767	1/bfs-first=8.8889;2/pfs3-first=5.2000;3/bfs-first=6.7520;4/pfs3-first=5.2245;5/bfs-first=5.0000;6/pfs3-first=2.1825;7/bfs-first=8.0122;8/pfs3-first=5.6000	6/8
LIST_EXALL_40_ENTRIES_REPEAT10_TOTAL	10309.38	11.39	2895.38	32.09	3.5606	1/bfs-first=4.0500;2/pfs3-first=3.8642;3/bfs-first=4.1278;4/pfs3-first=3.6446;5/bfs-first=3.8232;6/pfs3-first=1.8773;7/bfs-first=4.7674;8/pfs3-first=3.9996	0/8
LIST_EXNEXT_400_ENTRIES_FIRST_PASS	56475.12	17.83	14455.88	25.58	3.9067	1/bfs-first=4.3062;2/pfs3-first=3.7980;3/bfs-first=4.0429;4/pfs3-first=3.8274;5/bfs-first=4.2024;6/pfs3-first=2.2300;7/bfs-first=6.1969;8/pfs3-first=4.0097	1/8
LIST_EXNEXT_400_ENTRIES_REPEAT10_TOTAL	542596.50	4.28	116679.00	4.26	4.6503	1/bfs-first=4.8322;2/pfs3-first=4.5435;3/bfs-first=4.7830;4/pfs3-first=4.1854;5/bfs-first=4.9345;6/pfs3-first=4.5629;7/bfs-first=4.8907;8/pfs3-first=4.5179	0/8
LIST_EXALL_400_ENTRIES_FIRST_PASS	32319.62	8.84	3032.12	9.42	10.6591	1/bfs-first=8.4234;2/pfs3-first=10.7572;3/bfs-first=10.6441;4/pfs3-first=11.2134;5/bfs-first=12.6472;6/pfs3-first=9.7200;7/bfs-first=9.7083;8/pfs3-first=12.9499	8/8
LIST_EXALL_400_ENTRIES_REPEAT10_TOTAL	325917.62	6.80	20607.62	1.80	15.8154	1/bfs-first=16.1466;2/pfs3-first=16.8800;3/bfs-first=17.0651;4/pfs3-first=14.2545;5/bfs-first=17.5110;6/pfs3-first=15.2994;7/bfs-first=14.0660;8/pfs3-first=15.4315	8/8
LIST_EXNEXT_1000_ENTRIES_FIRST_PASS	154527.25	18.85	34655.62	19.26	4.4589	1/bfs-first=5.0788;2/pfs3-first=4.9512;3/bfs-first=4.2122;4/pfs3-first=4.1834;5/bfs-first=4.4681;6/pfs3-first=2.6449;7/bfs-first=7.1067;8/pfs3-first=4.1969	2/8
LIST_EXNEXT_1000_ENTRIES_REPEAT10_TOTAL	1487847.25	6.57	309126.00	9.08	4.8131	1/bfs-first=5.1017;2/pfs3-first=4.7651;3/bfs-first=5.0179;4/pfs3-first=4.7737;5/bfs-first=4.2174;6/pfs3-first=4.0575;7/bfs-first=5.6623;8/pfs3-first=5.1728	4/8
LIST_EXALL_1000_ENTRIES_FIRST_PASS	77671.62	3.58	6775.38	3.93	11.4638	1/bfs-first=12.6569;2/pfs3-first=11.7421;3/bfs-first=11.0762;4/pfs3-first=11.7518;5/bfs-first=10.4362;6/pfs3-first=10.7016;7/bfs-first=11.5600;8/pfs3-first=11.9527	8/8
LIST_EXALL_1000_ENTRIES_REPEAT10_TOTAL	829027.00	9.21	52917.38	9.60	15.6664	1/bfs-first=13.7595;2/pfs3-first=16.2169;3/bfs-first=12.9589;4/pfs3-first=15.7305;5/bfs-first=15.0981;6/pfs3-first=16.4261;7/bfs-first=19.5796;8/pfs3-first=16.4593	8/8

== Paired sparse/M5 timings, family=normal; ratio=sparse/M5
Every same-repeat, same-order pair is included for BFS and PFS3.
phase	filesystem	repeat/order	M5_us	sparse_us	sparse_over_M5
SMALL_CREATE_40	BFS	1/bfs-first	29632	33408	1.1274
SMALL_CREATE_40	BFS	2/pfs3-first	32448	30144	0.9290
SMALL_CREATE_40	BFS	3/bfs-first	29760	32383	1.0881
SMALL_CREATE_40	BFS	4/pfs3-first	37440	31296	0.8359
SMALL_CREATE_40	BFS	5/bfs-first	69631	30847	0.4430
SMALL_CREATE_40	BFS	6/pfs3-first	31030	30784	0.9921
SMALL_CREATE_40	BFS	7/bfs-first	31040	31615	1.0185
SMALL_CREATE_40	BFS	8/pfs3-first	30655	29568	0.9645
SMALL_CREATE_40	PFS3	1/bfs-first	17025	18560	1.0902
SMALL_CREATE_40	PFS3	2/pfs3-first	16383	17855	1.0898
SMALL_CREATE_40	PFS3	3/bfs-first	16320	17343	1.0627
SMALL_CREATE_40	PFS3	4/pfs3-first	15357	16063	1.0460
SMALL_CREATE_40	PFS3	5/bfs-first	16577	17600	1.0617
SMALL_CREATE_40	PFS3	6/pfs3-first	18047	16895	0.9362
SMALL_CREATE_40	PFS3	7/bfs-first	17663	17665	1.0001
SMALL_CREATE_40	PFS3	8/pfs3-first	17920	17600	0.9821
LOOKUP_400	BFS	1/bfs-first	77439	87231	1.1264
LOOKUP_400	BFS	2/pfs3-first	104703	75583	0.7219
LOOKUP_400	BFS	3/bfs-first	79551	76608	0.9630
LOOKUP_400	BFS	4/pfs3-first	121023	79425	0.6563
LOOKUP_400	BFS	5/bfs-first	124928	75391	0.6035
LOOKUP_400	BFS	6/pfs3-first	76736	91520	1.1927
LOOKUP_400	BFS	7/bfs-first	75264	76351	1.0144
LOOKUP_400	BFS	8/pfs3-first	81534	76480	0.9380
LOOKUP_400	PFS3	1/bfs-first	77888	71745	0.9211
LOOKUP_400	PFS3	2/pfs3-first	67263	66048	0.9819
LOOKUP_400	PFS3	3/bfs-first	69246	69057	0.9973
LOOKUP_400	PFS3	4/pfs3-first	67072	67646	1.0086
LOOKUP_400	PFS3	5/bfs-first	88639	67584	0.7625
LOOKUP_400	PFS3	6/pfs3-first	70783	66496	0.9394
LOOKUP_400	PFS3	7/bfs-first	65857	90303	1.3712
LOOKUP_400	PFS3	8/pfs3-first	80831	65600	0.8116
SMALL_READ_40	BFS	1/bfs-first	20863	21888	1.0491
SMALL_READ_40	BFS	2/pfs3-first	37824	19648	0.5195
SMALL_READ_40	BFS	3/bfs-first	18880	22080	1.1695
SMALL_READ_40	BFS	4/pfs3-first	21120	20480	0.9697
SMALL_READ_40	BFS	5/bfs-first	23360	19968	0.8548
SMALL_READ_40	BFS	6/pfs3-first	20353	44031	2.1634
SMALL_READ_40	BFS	7/bfs-first	20353	20032	0.9842
SMALL_READ_40	BFS	8/pfs3-first	33215	19648	0.5915
SMALL_READ_40	PFS3	1/bfs-first	14208	14528	1.0225
SMALL_READ_40	PFS3	2/pfs3-first	14209	14528	1.0225
SMALL_READ_40	PFS3	3/bfs-first	13311	13886	1.0432
SMALL_READ_40	PFS3	4/pfs3-first	12673	14272	1.1262
SMALL_READ_40	PFS3	5/bfs-first	14784	13247	0.8960
SMALL_READ_40	PFS3	6/pfs3-first	13823	14208	1.0279
SMALL_READ_40	PFS3	7/bfs-first	13951	14464	1.0368
SMALL_READ_40	PFS3	8/pfs3-first	14657	14465	0.9869
LIST_EXNEXT_400	BFS	1/bfs-first	31871	31360	0.9840
LIST_EXNEXT_400	BFS	2/pfs3-first	31680	30592	0.9657
LIST_EXNEXT_400	BFS	3/bfs-first	45888	45568	0.9930
LIST_EXNEXT_400	BFS	4/pfs3-first	31680	30975	0.9777
LIST_EXNEXT_400	BFS	5/bfs-first	48704	30783	0.6320
LIST_EXNEXT_400	BFS	6/pfs3-first	31488	42495	1.3496
LIST_EXNEXT_400	BFS	7/bfs-first	30655	31678	1.0334
LIST_EXNEXT_400	BFS	8/pfs3-first	52543	30528	0.5810
LIST_EXNEXT_400	PFS3	1/bfs-first	14015	12415	0.8858
LIST_EXNEXT_400	PFS3	2/pfs3-first	13055	11969	0.9168
LIST_EXNEXT_400	PFS3	3/bfs-first	12160	12415	1.0210
LIST_EXNEXT_400	PFS3	4/pfs3-first	11968	11968	1.0000
LIST_EXNEXT_400	PFS3	5/bfs-first	11969	12096	1.0106
LIST_EXNEXT_400	PFS3	6/pfs3-first	12352	12288	0.9948
LIST_EXNEXT_400	PFS3	7/bfs-first	16128	12415	0.7698
LIST_EXNEXT_400	PFS3	8/pfs3-first	12225	12224	0.9999
LIST_EXALL_400	BFS	1/bfs-first	9023	9025	1.0002
LIST_EXALL_400	BFS	2/pfs3-first	9088	9024	0.9930
LIST_EXALL_400	BFS	3/bfs-first	10240	9023	0.8812
LIST_EXALL_400	BFS	4/pfs3-first	9152	14656	1.6014
LIST_EXALL_400	BFS	5/bfs-first	8960	8897	0.9930
LIST_EXALL_400	BFS	6/pfs3-first	9086	15680	1.7257
LIST_EXALL_400	BFS	7/bfs-first	8960	8960	1.0000
LIST_EXALL_400	BFS	8/pfs3-first	11263	9152	0.8126
LIST_EXALL_400	PFS3	1/bfs-first	2817	2560	0.9088
LIST_EXALL_400	PFS3	2/pfs3-first	2623	2496	0.9516
LIST_EXALL_400	PFS3	3/bfs-first	2496	2432	0.9744
LIST_EXALL_400	PFS3	4/pfs3-first	2432	2879	1.1838
LIST_EXALL_400	PFS3	5/bfs-first	2624	2496	0.9512
LIST_EXALL_400	PFS3	6/pfs3-first	2560	2625	1.0254
LIST_EXALL_400	PFS3	7/bfs-first	4607	2536	0.5505
LIST_EXALL_400	PFS3	8/pfs3-first	2495	2559	1.0257
SEQ_WRITE_8M	BFS	1/bfs-first	39745	40446	1.0176
SEQ_WRITE_8M	BFS	2/pfs3-first	40896	35629	0.8712
SEQ_WRITE_8M	BFS	3/bfs-first	48319	40961	0.8477
SEQ_WRITE_8M	BFS	4/pfs3-first	37247	62976	1.6908
SEQ_WRITE_8M	BFS	5/bfs-first	41985	38143	0.9085
SEQ_WRITE_8M	BFS	6/pfs3-first	58431	41472	0.7098
SEQ_WRITE_8M	BFS	7/bfs-first	40000	44737	1.1184
SEQ_WRITE_8M	BFS	8/pfs3-first	76608	42879	0.5597
SEQ_WRITE_8M	PFS3	1/bfs-first	46591	40895	0.8777
SEQ_WRITE_8M	PFS3	2/pfs3-first	41217	40385	0.9798
SEQ_WRITE_8M	PFS3	3/bfs-first	36159	43901	1.2141
SEQ_WRITE_8M	PFS3	4/pfs3-first	38655	39040	1.0100
SEQ_WRITE_8M	PFS3	5/bfs-first	40704	38400	0.9434
SEQ_WRITE_8M	PFS3	6/pfs3-first	41023	39231	0.9563
SEQ_WRITE_8M	PFS3	7/bfs-first	65665	44673	0.6803
SEQ_WRITE_8M	PFS3	8/pfs3-first	55998	42623	0.7612
SEQ_READ_8M	BFS	1/bfs-first	283710	264575	0.9326
SEQ_READ_8M	BFS	2/pfs3-first	274111	269055	0.9816
SEQ_READ_8M	BFS	3/bfs-first	396284	262335	0.6620
SEQ_READ_8M	BFS	4/pfs3-first	254655	268926	1.0560
SEQ_READ_8M	BFS	5/bfs-first	262398	264125	1.0066
SEQ_READ_8M	BFS	6/pfs3-first	299903	259007	0.8636
SEQ_READ_8M	BFS	7/bfs-first	265470	369086	1.3903
SEQ_READ_8M	BFS	8/pfs3-first	269438	250110	0.9283
SEQ_READ_8M	PFS3	1/bfs-first	261885	281407	1.0745
SEQ_READ_8M	PFS3	2/pfs3-first	284221	333566	1.1736
SEQ_READ_8M	PFS3	3/bfs-first	302207	259326	0.8581
SEQ_READ_8M	PFS3	4/pfs3-first	268478	261183	0.9728
SEQ_READ_8M	PFS3	5/bfs-first	286206	249277	0.8710
SEQ_READ_8M	PFS3	6/pfs3-first	274687	262206	0.9546
SEQ_READ_8M	PFS3	7/bfs-first	273984	284799	1.0395
SEQ_READ_8M	PFS3	8/pfs3-first	319036	257470	0.8070
SMALL_DELETE_40	BFS	1/bfs-first	18047	18048	1.0001
SMALL_DELETE_40	BFS	2/pfs3-first	17408	17792	1.0221
SMALL_DELETE_40	BFS	3/bfs-first	18112	17728	0.9788
SMALL_DELETE_40	BFS	4/pfs3-first	17535	17409	0.9928
SMALL_DELETE_40	BFS	5/bfs-first	17472	17472	1.0000
SMALL_DELETE_40	BFS	6/pfs3-first	20991	27136	1.2927
SMALL_DELETE_40	BFS	7/bfs-first	17280	26240	1.5185
SMALL_DELETE_40	BFS	8/pfs3-first	17983	17472	0.9716
SMALL_DELETE_40	PFS3	1/bfs-first	8065	8255	1.0236
SMALL_DELETE_40	PFS3	2/pfs3-first	7937	9792	1.2337
SMALL_DELETE_40	PFS3	3/bfs-first	8000	8257	1.0321
SMALL_DELETE_40	PFS3	4/pfs3-first	13120	7873	0.6001
SMALL_DELETE_40	PFS3	5/bfs-first	8000	7871	0.9839
SMALL_DELETE_40	PFS3	6/pfs3-first	8192	8000	0.9766
SMALL_DELETE_40	PFS3	7/bfs-first	8703	11903	1.3677
SMALL_DELETE_40	PFS3	8/pfs3-first	8448	7872	0.9318
APPEND_4K_1M	BFS	1/bfs-first	71423	81791	1.1452
APPEND_4K_1M	BFS	2/pfs3-first	79808	72448	0.9078
APPEND_4K_1M	BFS	3/bfs-first	72833	103615	1.4226
APPEND_4K_1M	BFS	4/pfs3-first	77503	79616	1.0273
APPEND_4K_1M	BFS	5/bfs-first	74752	74111	0.9914
APPEND_4K_1M	BFS	6/pfs3-first	86527	92223	1.0658
APPEND_4K_1M	BFS	7/bfs-first	78271	74239	0.9485
APPEND_4K_1M	BFS	8/pfs3-first	72511	119468	1.6476
APPEND_4K_1M	PFS3	1/bfs-first	32768	33151	1.0117
APPEND_4K_1M	PFS3	2/pfs3-first	32895	36352	1.1051
APPEND_4K_1M	PFS3	3/bfs-first	32511	32448	0.9981
APPEND_4K_1M	PFS3	4/pfs3-first	72703	32063	0.4410
APPEND_4K_1M	PFS3	5/bfs-first	36067	34879	0.9671
APPEND_4K_1M	PFS3	6/pfs3-first	35392	33086	0.9348
APPEND_4K_1M	PFS3	7/bfs-first	32768	33280	1.0156
APPEND_4K_1M	PFS3	8/pfs3-first	34815	32065	0.9210
APPEND_1K_256K	BFS	1/bfs-first	62336	64000	1.0267
APPEND_1K_256K	BFS	2/pfs3-first	61313	64384	1.0501
APPEND_1K_256K	BFS	3/bfs-first	60288	101825	1.6890
APPEND_1K_256K	BFS	4/pfs3-first	59648	61183	1.0257
APPEND_1K_256K	BFS	5/bfs-first	62143	59776	0.9619
APPEND_1K_256K	BFS	6/pfs3-first	61567	60863	0.9886
APPEND_1K_256K	BFS	7/bfs-first	60095	61632	1.0256
APPEND_1K_256K	BFS	8/pfs3-first	61310	92158	1.5031
APPEND_1K_256K	PFS3	1/bfs-first	23551	23808	1.0109
APPEND_1K_256K	PFS3	2/pfs3-first	23661	32063	1.3551
APPEND_1K_256K	PFS3	3/bfs-first	23041	23488	1.0194
APPEND_1K_256K	PFS3	4/pfs3-first	39104	23297	0.5958
APPEND_1K_256K	PFS3	5/bfs-first	24193	22592	0.9338
APPEND_1K_256K	PFS3	6/pfs3-first	23296	23360	1.0027
APPEND_1K_256K	PFS3	7/bfs-first	27902	24511	0.8785
APPEND_1K_256K	PFS3	8/pfs3-first	25857	22976	0.8886
APPEND_READ_1280K	BFS	1/bfs-first	41580	43648	1.0497
APPEND_READ_1280K	BFS	2/pfs3-first	43839	42815	0.9766
APPEND_READ_1280K	BFS	3/bfs-first	43776	44031	1.0058
APPEND_READ_1280K	BFS	4/pfs3-first	42688	44159	1.0345
APPEND_READ_1280K	BFS	5/bfs-first	48833	42497	0.8703
APPEND_READ_1280K	BFS	6/pfs3-first	42623	43071	1.0105
APPEND_READ_1280K	BFS	7/bfs-first	42815	44606	1.0418
APPEND_READ_1280K	BFS	8/pfs3-first	42944	42496	0.9896
APPEND_READ_1280K	PFS3	1/bfs-first	41024	41540	1.0126
APPEND_READ_1280K	PFS3	2/pfs3-first	41536	42879	1.0323
APPEND_READ_1280K	PFS3	3/bfs-first	40447	41151	1.0174
APPEND_READ_1280K	PFS3	4/pfs3-first	40640	41022	1.0094
APPEND_READ_1280K	PFS3	5/bfs-first	57920	40640	0.7017
APPEND_READ_1280K	PFS3	6/pfs3-first	41471	41088	0.9908
APPEND_READ_1280K	PFS3	7/bfs-first	40128	72513	1.8070
APPEND_READ_1280K	PFS3	8/pfs3-first	41794	40703	0.9739
LIST_EXNEXT_40_ENTRIES_FIRST_PASS	BFS	1/bfs-first	6592	5825	0.8836
LIST_EXNEXT_40_ENTRIES_FIRST_PASS	BFS	2/pfs3-first	6335	5928	0.9358
LIST_EXNEXT_40_ENTRIES_FIRST_PASS	BFS	3/bfs-first	5952	6080	1.0215
LIST_EXNEXT_40_ENTRIES_FIRST_PASS	BFS	4/pfs3-first	6337	7297	1.1515
LIST_EXNEXT_40_ENTRIES_FIRST_PASS	BFS	5/bfs-first	7105	5696	0.8017
LIST_EXNEXT_40_ENTRIES_FIRST_PASS	BFS	6/pfs3-first	6528	5631	0.8626
LIST_EXNEXT_40_ENTRIES_FIRST_PASS	BFS	7/bfs-first	6400	5760	0.9000
LIST_EXNEXT_40_ENTRIES_FIRST_PASS	BFS	8/pfs3-first	6759	5760	0.8522
LIST_EXNEXT_40_ENTRIES_FIRST_PASS	PFS3	1/bfs-first	2175	1855	0.8529
LIST_EXNEXT_40_ENTRIES_FIRST_PASS	PFS3	2/pfs3-first	1727	1663	0.9629
LIST_EXNEXT_40_ENTRIES_FIRST_PASS	PFS3	3/bfs-first	1536	1920	1.2500
LIST_EXNEXT_40_ENTRIES_FIRST_PASS	PFS3	4/pfs3-first	1537	1600	1.0410
LIST_EXNEXT_40_ENTRIES_FIRST_PASS	PFS3	5/bfs-first	1985	1728	0.8705
LIST_EXNEXT_40_ENTRIES_FIRST_PASS	PFS3	6/pfs3-first	2496	1663	0.6663
LIST_EXNEXT_40_ENTRIES_FIRST_PASS	PFS3	7/bfs-first	1728	1728	1.0000
LIST_EXNEXT_40_ENTRIES_FIRST_PASS	PFS3	8/pfs3-first	1665	1600	0.9610
LIST_EXNEXT_40_ENTRIES_REPEAT10_TOTAL	BFS	1/bfs-first	35074	44607	1.2718
LIST_EXNEXT_40_ENTRIES_REPEAT10_TOTAL	BFS	2/pfs3-first	31488	32450	1.0306
LIST_EXNEXT_40_ENTRIES_REPEAT10_TOTAL	BFS	3/bfs-first	33983	33216	0.9774
LIST_EXNEXT_40_ENTRIES_REPEAT10_TOTAL	BFS	4/pfs3-first	31999	33663	1.0520
LIST_EXNEXT_40_ENTRIES_REPEAT10_TOTAL	BFS	5/bfs-first	35520	32383	0.9117
LIST_EXNEXT_40_ENTRIES_REPEAT10_TOTAL	BFS	6/pfs3-first	31615	31615	1.0000
LIST_EXNEXT_40_ENTRIES_REPEAT10_TOTAL	BFS	7/bfs-first	31488	32064	1.0183
LIST_EXNEXT_40_ENTRIES_REPEAT10_TOTAL	BFS	8/pfs3-first	32257	31551	0.9781
LIST_EXNEXT_40_ENTRIES_REPEAT10_TOTAL	PFS3	1/bfs-first	12160	12415	1.0210
LIST_EXNEXT_40_ENTRIES_REPEAT10_TOTAL	PFS3	2/pfs3-first	12031	12160	1.0107
LIST_EXNEXT_40_ENTRIES_REPEAT10_TOTAL	PFS3	3/bfs-first	12224	12160	0.9948
LIST_EXNEXT_40_ENTRIES_REPEAT10_TOTAL	PFS3	4/pfs3-first	12032	17856	1.4840
LIST_EXNEXT_40_ENTRIES_REPEAT10_TOTAL	PFS3	5/bfs-first	12353	11904	0.9637
LIST_EXNEXT_40_ENTRIES_REPEAT10_TOTAL	PFS3	6/pfs3-first	14080	23423	1.6636
LIST_EXNEXT_40_ENTRIES_REPEAT10_TOTAL	PFS3	7/bfs-first	12225	12417	1.0157
LIST_EXNEXT_40_ENTRIES_REPEAT10_TOTAL	PFS3	8/pfs3-first	12480	11967	0.9589
LIST_EXALL_40_ENTRIES_FIRST_PASS	BFS	1/bfs-first	4097	5120	1.2497
LIST_EXALL_40_ENTRIES_FIRST_PASS	BFS	2/pfs3-first	3905	3328	0.8522
LIST_EXALL_40_ENTRIES_FIRST_PASS	BFS	3/bfs-first	5017	3457	0.6891
LIST_EXALL_40_ENTRIES_FIRST_PASS	BFS	4/pfs3-first	4160	3328	0.8000
LIST_EXALL_40_ENTRIES_FIRST_PASS	BFS	5/bfs-first	6400	3200	0.5000
LIST_EXALL_40_ENTRIES_FIRST_PASS	BFS	6/pfs3-first	3840	3073	0.8003
LIST_EXALL_40_ENTRIES_FIRST_PASS	BFS	7/bfs-first	3713	4607	1.2408
LIST_EXALL_40_ENTRIES_FIRST_PASS	BFS	8/pfs3-first	3648	3584	0.9825
LIST_EXALL_40_ENTRIES_FIRST_PASS	PFS3	1/bfs-first	576	576	1.0000
LIST_EXALL_40_ENTRIES_FIRST_PASS	PFS3	2/pfs3-first	577	640	1.1092
LIST_EXALL_40_ENTRIES_FIRST_PASS	PFS3	3/bfs-first	577	512	0.8873
LIST_EXALL_40_ENTRIES_FIRST_PASS	PFS3	4/pfs3-first	575	637	1.1078
LIST_EXALL_40_ENTRIES_FIRST_PASS	PFS3	5/bfs-first	575	640	1.1130
LIST_EXALL_40_ENTRIES_FIRST_PASS	PFS3	6/pfs3-first	512	1408	2.7500
LIST_EXALL_40_ENTRIES_FIRST_PASS	PFS3	7/bfs-first	576	575	0.9983
LIST_EXALL_40_ENTRIES_FIRST_PASS	PFS3	8/pfs3-first	641	640	0.9984
LIST_EXALL_40_ENTRIES_REPEAT10_TOTAL	BFS	1/bfs-first	9728	10368	1.0658
LIST_EXALL_40_ENTRIES_REPEAT10_TOTAL	BFS	2/pfs3-first	9792	9645	0.9850
LIST_EXALL_40_ENTRIES_REPEAT10_TOTAL	BFS	3/bfs-first	12780	10303	0.8062
LIST_EXALL_40_ENTRIES_REPEAT10_TOTAL	BFS	4/pfs3-first	9645	9793	1.0153
LIST_EXALL_40_ENTRIES_REPEAT10_TOTAL	BFS	5/bfs-first	12480	9535	0.7640
LIST_EXALL_40_ENTRIES_REPEAT10_TOTAL	BFS	6/pfs3-first	9473	9728	1.0269
LIST_EXALL_40_ENTRIES_REPEAT10_TOTAL	BFS	7/bfs-first	9407	13120	1.3947
LIST_EXALL_40_ENTRIES_REPEAT10_TOTAL	BFS	8/pfs3-first	9791	9983	1.0196
LIST_EXALL_40_ENTRIES_REPEAT10_TOTAL	PFS3	1/bfs-first	2496	2560	1.0256
LIST_EXALL_40_ENTRIES_REPEAT10_TOTAL	PFS3	2/pfs3-first	2558	2496	0.9758
LIST_EXALL_40_ENTRIES_REPEAT10_TOTAL	PFS3	3/bfs-first	2495	2496	1.0004
LIST_EXALL_40_ENTRIES_REPEAT10_TOTAL	PFS3	4/pfs3-first	2497	2687	1.0761
LIST_EXALL_40_ENTRIES_REPEAT10_TOTAL	PFS3	5/bfs-first	2560	2494	0.9742
LIST_EXALL_40_ENTRIES_REPEAT10_TOTAL	PFS3	6/pfs3-first	2560	5182	2.0242
LIST_EXALL_40_ENTRIES_REPEAT10_TOTAL	PFS3	7/bfs-first	2560	2752	1.0750
LIST_EXALL_40_ENTRIES_REPEAT10_TOTAL	PFS3	8/pfs3-first	2560	2496	0.9750
LIST_EXNEXT_400_ENTRIES_FIRST_PASS	BFS	1/bfs-first	57663	56768	0.9845
LIST_EXNEXT_400_ENTRIES_FIRST_PASS	BFS	2/pfs3-first	70144	48128	0.6861
LIST_EXNEXT_400_ENTRIES_FIRST_PASS	BFS	3/bfs-first	82879	54337	0.6556
LIST_EXNEXT_400_ENTRIES_FIRST_PASS	BFS	4/pfs3-first	56320	55360	0.9830
LIST_EXNEXT_400_ENTRIES_FIRST_PASS	BFS	5/bfs-first	62465	53248	0.8524
LIST_EXNEXT_400_ENTRIES_FIRST_PASS	BFS	6/pfs3-first	57023	52378	0.9185
LIST_EXNEXT_400_ENTRIES_FIRST_PASS	BFS	7/bfs-first	57596	80510	1.3978
LIST_EXNEXT_400_ENTRIES_FIRST_PASS	BFS	8/pfs3-first	57215	51072	0.8926
LIST_EXNEXT_400_ENTRIES_FIRST_PASS	PFS3	1/bfs-first	18366	13183	0.7178
LIST_EXNEXT_400_ENTRIES_FIRST_PASS	PFS3	2/pfs3-first	12097	12672	1.0475
LIST_EXNEXT_400_ENTRIES_FIRST_PASS	PFS3	3/bfs-first	12608	13440	1.0660
LIST_EXNEXT_400_ENTRIES_FIRST_PASS	PFS3	4/pfs3-first	12672	14464	1.1414
LIST_EXNEXT_400_ENTRIES_FIRST_PASS	PFS3	5/bfs-first	14463	12671	0.8761
LIST_EXNEXT_400_ENTRIES_FIRST_PASS	PFS3	6/pfs3-first	21183	23488	1.1088
LIST_EXNEXT_400_ENTRIES_FIRST_PASS	PFS3	7/bfs-first	12800	12992	1.0150
LIST_EXNEXT_400_ENTRIES_FIRST_PASS	PFS3	8/pfs3-first	13440	12737	0.9477
LIST_EXNEXT_400_ENTRIES_REPEAT10_TOTAL	BFS	1/bfs-first	892092	550780	0.6174
LIST_EXNEXT_400_ENTRIES_REPEAT10_TOTAL	BFS	2/pfs3-first	562300	512062	0.9107
LIST_EXNEXT_400_ENTRIES_REPEAT10_TOTAL	BFS	3/bfs-first	637565	551610	0.8652
LIST_EXNEXT_400_ENTRIES_REPEAT10_TOTAL	BFS	4/pfs3-first	619453	524477	0.8467
LIST_EXNEXT_400_ENTRIES_REPEAT10_TOTAL	BFS	5/bfs-first	753916	559612	0.7423
LIST_EXNEXT_400_ENTRIES_REPEAT10_TOTAL	BFS	6/pfs3-first	742716	564476	0.7600
LIST_EXNEXT_400_ENTRIES_REPEAT10_TOTAL	BFS	7/bfs-first	557949	566846	1.0159
LIST_EXNEXT_400_ENTRIES_REPEAT10_TOTAL	BFS	8/pfs3-first	691517	510909	0.7388
LIST_EXNEXT_400_ENTRIES_REPEAT10_TOTAL	PFS3	1/bfs-first	148864	113982	0.7657
LIST_EXNEXT_400_ENTRIES_REPEAT10_TOTAL	PFS3	2/pfs3-first	112127	112703	1.0051
LIST_EXNEXT_400_ENTRIES_REPEAT10_TOTAL	PFS3	3/bfs-first	116031	115328	0.9939
LIST_EXNEXT_400_ENTRIES_REPEAT10_TOTAL	PFS3	4/pfs3-first	112062	125311	1.1182
LIST_EXNEXT_400_ENTRIES_REPEAT10_TOTAL	PFS3	5/bfs-first	120703	113408	0.9396
LIST_EXNEXT_400_ENTRIES_REPEAT10_TOTAL	PFS3	6/pfs3-first	166462	123711	0.7432
LIST_EXNEXT_400_ENTRIES_REPEAT10_TOTAL	PFS3	7/bfs-first	113982	115903	1.0169
LIST_EXNEXT_400_ENTRIES_REPEAT10_TOTAL	PFS3	8/pfs3-first	114686	113086	0.9860
LIST_EXALL_400_ENTRIES_FIRST_PASS	BFS	1/bfs-first	38592	30720	0.7960
LIST_EXALL_400_ENTRIES_FIRST_PASS	BFS	2/pfs3-first	34879	31680	0.9083
LIST_EXALL_400_ENTRIES_FIRST_PASS	BFS	3/bfs-first	35071	30655	0.8741
LIST_EXALL_400_ENTRIES_FIRST_PASS	BFS	4/pfs3-first	36288	30848	0.8501
LIST_EXALL_400_ENTRIES_FIRST_PASS	BFS	5/bfs-first	40319	37246	0.9238
LIST_EXALL_400_ENTRIES_FIRST_PASS	BFS	6/pfs3-first	36800	31104	0.8452
LIST_EXALL_400_ENTRIES_FIRST_PASS	BFS	7/bfs-first	36991	29824	0.8063
LIST_EXALL_400_ENTRIES_FIRST_PASS	BFS	8/pfs3-first	36351	36480	1.0035
LIST_EXALL_400_ENTRIES_FIRST_PASS	PFS3	1/bfs-first	3008	3647	1.2124
LIST_EXALL_400_ENTRIES_FIRST_PASS	PFS3	2/pfs3-first	3200	2945	0.9203
LIST_EXALL_400_ENTRIES_FIRST_PASS	PFS3	3/bfs-first	3265	2880	0.8821
LIST_EXALL_400_ENTRIES_FIRST_PASS	PFS3	4/pfs3-first	2877	2751	0.9562
LIST_EXALL_400_ENTRIES_FIRST_PASS	PFS3	5/bfs-first	3520	2945	0.8366
LIST_EXALL_400_ENTRIES_FIRST_PASS	PFS3	6/pfs3-first	3073	3200	1.0413
LIST_EXALL_400_ENTRIES_FIRST_PASS	PFS3	7/bfs-first	2880	3072	1.0667
LIST_EXALL_400_ENTRIES_FIRST_PASS	PFS3	8/pfs3-first	2815	2817	1.0007
LIST_EXALL_400_ENTRIES_REPEAT10_TOTAL	BFS	1/bfs-first	379518	332732	0.8767
LIST_EXALL_400_ENTRIES_REPEAT10_TOTAL	BFS	2/pfs3-first	340287	342461	1.0064
LIST_EXALL_400_ENTRIES_REPEAT10_TOTAL	BFS	3/bfs-first	340031	351678	1.0343
LIST_EXALL_400_ENTRIES_REPEAT10_TOTAL	BFS	4/pfs3-first	390207	298303	0.7645
LIST_EXALL_400_ENTRIES_REPEAT10_TOTAL	BFS	5/bfs-first	345598	353021	1.0215
LIST_EXALL_400_ENTRIES_REPEAT10_TOTAL	BFS	6/pfs3-first	455613	311358	0.6834
LIST_EXALL_400_ENTRIES_REPEAT10_TOTAL	BFS	7/bfs-first	360446	299775	0.8317
LIST_EXALL_400_ENTRIES_REPEAT10_TOTAL	BFS	8/pfs3-first	416958	318013	0.7627
LIST_EXALL_400_ENTRIES_REPEAT10_TOTAL	PFS3	1/bfs-first	22591	20607	0.9122
LIST_EXALL_400_ENTRIES_REPEAT10_TOTAL	PFS3	2/pfs3-first	20417	20288	0.9937
LIST_EXALL_400_ENTRIES_REPEAT10_TOTAL	PFS3	3/bfs-first	20800	20608	0.9908
LIST_EXALL_400_ENTRIES_REPEAT10_TOTAL	PFS3	4/pfs3-first	20352	20927	1.0283
LIST_EXALL_400_ENTRIES_REPEAT10_TOTAL	PFS3	5/bfs-first	22078	20160	0.9131
LIST_EXALL_400_ENTRIES_REPEAT10_TOTAL	PFS3	6/pfs3-first	20736	20351	0.9814
LIST_EXALL_400_ENTRIES_REPEAT10_TOTAL	PFS3	7/bfs-first	20735	21312	1.0278
LIST_EXALL_400_ENTRIES_REPEAT10_TOTAL	PFS3	8/pfs3-first	20671	20608	0.9970
LIST_EXNEXT_1000_ENTRIES_FIRST_PASS	BFS	1/bfs-first	143423	161215	1.1241
LIST_EXNEXT_1000_ENTRIES_FIRST_PASS	BFS	2/pfs3-first	146816	155904	1.0619
LIST_EXNEXT_1000_ENTRIES_FIRST_PASS	BFS	3/bfs-first	146176	135869	0.9295
LIST_EXNEXT_1000_ENTRIES_FIRST_PASS	BFS	4/pfs3-first	194879	142976	0.7337
LIST_EXNEXT_1000_ENTRIES_FIRST_PASS	BFS	5/bfs-first	140801	147840	1.0500
LIST_EXNEXT_1000_ENTRIES_FIRST_PASS	BFS	6/pfs3-first	180096	134912	0.7491
LIST_EXNEXT_1000_ENTRIES_FIRST_PASS	BFS	7/bfs-first	149568	222398	1.4869
LIST_EXNEXT_1000_ENTRIES_FIRST_PASS	BFS	8/pfs3-first	181182	135104	0.7457
LIST_EXNEXT_1000_ENTRIES_FIRST_PASS	PFS3	1/bfs-first	34943	31743	0.9084
LIST_EXNEXT_1000_ENTRIES_FIRST_PASS	PFS3	2/pfs3-first	33024	31488	0.9535
LIST_EXNEXT_1000_ENTRIES_FIRST_PASS	PFS3	3/bfs-first	31680	32256	1.0182
LIST_EXNEXT_1000_ENTRIES_FIRST_PASS	PFS3	4/pfs3-first	30591	34177	1.1172
LIST_EXNEXT_1000_ENTRIES_FIRST_PASS	PFS3	5/bfs-first	39320	33088	0.8415
LIST_EXNEXT_1000_ENTRIES_FIRST_PASS	PFS3	6/pfs3-first	33216	51008	1.5356
LIST_EXNEXT_1000_ENTRIES_FIRST_PASS	PFS3	7/bfs-first	31679	31294	0.9878
LIST_EXNEXT_1000_ENTRIES_FIRST_PASS	PFS3	8/pfs3-first	32897	32191	0.9785
LIST_EXNEXT_1000_ENTRIES_REPEAT10_TOTAL	BFS	1/bfs-first	1623415	1579320	0.9728
LIST_EXNEXT_1000_ENTRIES_REPEAT10_TOTAL	BFS	2/pfs3-first	1488311	1367160	0.9186
LIST_EXNEXT_1000_ENTRIES_REPEAT10_TOTAL	BFS	3/bfs-first	1472504	1434232	0.9740
LIST_EXNEXT_1000_ENTRIES_REPEAT10_TOTAL	BFS	4/pfs3-first	1666551	1575224	0.9452
LIST_EXNEXT_1000_ENTRIES_REPEAT10_TOTAL	BFS	5/bfs-first	1435128	1415160	0.9861
LIST_EXNEXT_1000_ENTRIES_REPEAT10_TOTAL	BFS	6/pfs3-first	1736310	1441204	0.8300
LIST_EXNEXT_1000_ENTRIES_REPEAT10_TOTAL	BFS	7/bfs-first	1483383	1643767	1.1081
LIST_EXNEXT_1000_ENTRIES_REPEAT10_TOTAL	BFS	8/pfs3-first	1648695	1446711	0.8775
LIST_EXNEXT_1000_ENTRIES_REPEAT10_TOTAL	PFS3	1/bfs-first	334718	309567	0.9249
LIST_EXNEXT_1000_ENTRIES_REPEAT10_TOTAL	PFS3	2/pfs3-first	281708	286911	1.0185
LIST_EXNEXT_1000_ENTRIES_REPEAT10_TOTAL	PFS3	3/bfs-first	289727	285823	0.9865
LIST_EXNEXT_1000_ENTRIES_REPEAT10_TOTAL	PFS3	4/pfs3-first	280639	329982	1.1758
LIST_EXNEXT_1000_ENTRIES_REPEAT10_TOTAL	PFS3	5/bfs-first	303294	335550	1.1064
LIST_EXNEXT_1000_ENTRIES_REPEAT10_TOTAL	PFS3	6/pfs3-first	314750	355196	1.1285
LIST_EXNEXT_1000_ENTRIES_REPEAT10_TOTAL	PFS3	7/bfs-first	282878	290301	1.0262
LIST_EXNEXT_1000_ENTRIES_REPEAT10_TOTAL	PFS3	8/pfs3-first	287487	279678	0.9728
LIST_EXALL_1000_ENTRIES_FIRST_PASS	BFS	1/bfs-first	88703	82624	0.9315
LIST_EXALL_1000_ENTRIES_FIRST_PASS	BFS	2/pfs3-first	87130	78144	0.8969
LIST_EXALL_1000_ENTRIES_FIRST_PASS	BFS	3/bfs-first	87040	74432	0.8551
LIST_EXALL_1000_ENTRIES_FIRST_PASS	BFS	4/pfs3-first	87743	78208	0.8913
LIST_EXALL_1000_ENTRIES_FIRST_PASS	BFS	5/bfs-first	90688	73471	0.8102
LIST_EXALL_1000_ENTRIES_FIRST_PASS	BFS	6/pfs3-first	91200	78079	0.8561
LIST_EXALL_1000_ENTRIES_FIRST_PASS	BFS	7/bfs-first	88192	78400	0.8890
LIST_EXALL_1000_ENTRIES_FIRST_PASS	BFS	8/pfs3-first	90048	78015	0.8664
LIST_EXALL_1000_ENTRIES_FIRST_PASS	PFS3	1/bfs-first	6847	6528	0.9534
LIST_EXALL_1000_ENTRIES_FIRST_PASS	PFS3	2/pfs3-first	6655	6655	1.0000
LIST_EXALL_1000_ENTRIES_FIRST_PASS	PFS3	3/bfs-first	6337	6720	1.0604
LIST_EXALL_1000_ENTRIES_FIRST_PASS	PFS3	4/pfs3-first	6335	6655	1.0505
LIST_EXALL_1000_ENTRIES_FIRST_PASS	PFS3	5/bfs-first	6784	7040	1.0377
LIST_EXALL_1000_ENTRIES_FIRST_PASS	PFS3	6/pfs3-first	6849	7296	1.0653
LIST_EXALL_1000_ENTRIES_FIRST_PASS	PFS3	7/bfs-first	6655	6782	1.0191
LIST_EXALL_1000_ENTRIES_FIRST_PASS	PFS3	8/pfs3-first	6785	6527	0.9620
LIST_EXALL_1000_ENTRIES_REPEAT10_TOTAL	BFS	1/bfs-first	886651	876218	0.9882
LIST_EXALL_1000_ENTRIES_REPEAT10_TOTAL	BFS	2/pfs3-first	876090	809531	0.9240
LIST_EXALL_1000_ENTRIES_REPEAT10_TOTAL	BFS	3/bfs-first	858684	748092	0.8712
LIST_EXALL_1000_ENTRIES_REPEAT10_TOTAL	BFS	4/pfs3-first	952826	806395	0.8463
LIST_EXALL_1000_ENTRIES_REPEAT10_TOTAL	BFS	5/bfs-first	1057274	757564	0.7165
LIST_EXALL_1000_ENTRIES_REPEAT10_TOTAL	BFS	6/pfs3-first	931433	820732	0.8811
LIST_EXALL_1000_ENTRIES_REPEAT10_TOTAL	BFS	7/bfs-first	923131	989946	1.0724
LIST_EXALL_1000_ENTRIES_REPEAT10_TOTAL	BFS	8/pfs3-first	1099385	823738	0.7493
LIST_EXALL_1000_ENTRIES_REPEAT10_TOTAL	PFS3	1/bfs-first	51648	63681	1.2330
LIST_EXALL_1000_ENTRIES_REPEAT10_TOTAL	PFS3	2/pfs3-first	65728	49919	0.7595
LIST_EXALL_1000_ENTRIES_REPEAT10_TOTAL	PFS3	3/bfs-first	51072	57728	1.1303
LIST_EXALL_1000_ENTRIES_REPEAT10_TOTAL	PFS3	4/pfs3-first	52096	51263	0.9840
LIST_EXALL_1000_ENTRIES_REPEAT10_TOTAL	PFS3	5/bfs-first	58304	50176	0.8606
LIST_EXALL_1000_ENTRIES_REPEAT10_TOTAL	PFS3	6/pfs3-first	51391	49965	0.9723
LIST_EXALL_1000_ENTRIES_REPEAT10_TOTAL	PFS3	7/bfs-first	49856	50560	1.0141
LIST_EXALL_1000_ENTRIES_REPEAT10_TOTAL	PFS3	8/pfs3-first	51006	50047	0.9812

Paired sparse/M5 aggregate across all repeats.
phase	filesystem	sparse_over_M5_min	sparse_over_M5_median	sparse_over_M5_max	sparse_slower_pairs
SMALL_CREATE_40	BFS	0.4430	0.9783	1.1274	3/8
SMALL_CREATE_40	PFS3	0.9362	1.0538	1.0902	6/8
LOOKUP_400	BFS	0.6035	0.9505	1.1927	3/8
LOOKUP_400	PFS3	0.7625	0.9607	1.3712	2/8
SMALL_READ_40	BFS	0.5195	0.9770	2.1634	3/8
SMALL_READ_40	PFS3	0.8960	1.0252	1.1262	6/8
LIST_EXNEXT_400	BFS	0.5810	0.9809	1.3496	2/8
LIST_EXNEXT_400	PFS3	0.7698	0.9974	1.0210	2/8
LIST_EXALL_400	BFS	0.8126	0.9965	1.7257	3/8
LIST_EXALL_400	PFS3	0.5505	0.9630	1.1838	3/8
SEQ_WRITE_8M	BFS	0.5597	0.8899	1.6908	3/8
SEQ_WRITE_8M	PFS3	0.6803	0.9499	1.2141	2/8
SEQ_READ_8M	BFS	0.6620	0.9571	1.3903	3/8
SEQ_READ_8M	PFS3	0.8070	0.9637	1.1736	3/8
SMALL_DELETE_40	BFS	0.9716	1.0000	1.5185	4/8
SMALL_DELETE_40	PFS3	0.6001	1.0037	1.3677	4/8
APPEND_4K_1M	BFS	0.9078	1.0465	1.6476	5/8
APPEND_4K_1M	PFS3	0.4410	0.9826	1.1051	3/8
APPEND_1K_256K	BFS	0.9619	1.0262	1.6890	6/8
APPEND_1K_256K	PFS3	0.5958	0.9683	1.3551	4/8
APPEND_READ_1280K	BFS	0.8703	1.0082	1.0497	5/8
APPEND_READ_1280K	PFS3	0.7017	1.0110	1.8070	5/8
LIST_EXNEXT_40_ENTRIES_FIRST_PASS	BFS	0.8017	0.8918	1.1515	2/8
LIST_EXNEXT_40_ENTRIES_FIRST_PASS	PFS3	0.6663	0.9620	1.2500	2/8
LIST_EXNEXT_40_ENTRIES_REPEAT10_TOTAL	BFS	0.9117	1.0091	1.2718	4/8
LIST_EXNEXT_40_ENTRIES_REPEAT10_TOTAL	PFS3	0.9589	1.0132	1.6636	5/8
LIST_EXALL_40_ENTRIES_FIRST_PASS	BFS	0.5000	0.8263	1.2497	2/8
LIST_EXALL_40_ENTRIES_FIRST_PASS	PFS3	0.8873	1.0539	2.7500	4/8
LIST_EXALL_40_ENTRIES_REPEAT10_TOTAL	BFS	0.7640	1.0175	1.3947	5/8
LIST_EXALL_40_ENTRIES_REPEAT10_TOTAL	PFS3	0.9742	1.0130	2.0242	5/8
LIST_EXNEXT_400_ENTRIES_FIRST_PASS	BFS	0.6556	0.9056	1.3978	1/8
LIST_EXNEXT_400_ENTRIES_FIRST_PASS	PFS3	0.7178	1.0313	1.1414	5/8
LIST_EXNEXT_400_ENTRIES_REPEAT10_TOTAL	BFS	0.6174	0.8033	1.0159	1/8
LIST_EXNEXT_400_ENTRIES_REPEAT10_TOTAL	PFS3	0.7432	0.9900	1.1182	3/8
LIST_EXALL_400_ENTRIES_FIRST_PASS	BFS	0.7960	0.8621	1.0035	1/8
LIST_EXALL_400_ENTRIES_FIRST_PASS	PFS3	0.8366	0.9785	1.2124	4/8
LIST_EXALL_400_ENTRIES_REPEAT10_TOTAL	BFS	0.6834	0.8542	1.0343	3/8
LIST_EXALL_400_ENTRIES_REPEAT10_TOTAL	PFS3	0.9122	0.9922	1.0283	2/8
LIST_EXNEXT_1000_ENTRIES_FIRST_PASS	BFS	0.7337	0.9897	1.4869	4/8
LIST_EXNEXT_1000_ENTRIES_FIRST_PASS	PFS3	0.8415	0.9832	1.5356	3/8
LIST_EXNEXT_1000_ENTRIES_REPEAT10_TOTAL	BFS	0.8300	0.9590	1.1081	1/8
LIST_EXNEXT_1000_ENTRIES_REPEAT10_TOTAL	PFS3	0.9249	1.0224	1.1758	5/8
LIST_EXALL_1000_ENTRIES_FIRST_PASS	BFS	0.8102	0.8777	0.9315	0/8
LIST_EXALL_1000_ENTRIES_FIRST_PASS	PFS3	0.9534	1.0284	1.0653	5/8
LIST_EXALL_1000_ENTRIES_REPEAT10_TOTAL	BFS	0.7165	0.8762	1.0724	1/8
LIST_EXALL_1000_ENTRIES_REPEAT10_TOTAL	PFS3	0.7595	0.9826	1.2330	3/8

INTERIM NORMAL-ONLY RESULT: all16 selected runs verified; NOT FULL QUALIFICATION. Use summarize.py for all40 required runs.
