Inventory mode: pilot only; required=4. No run filtering or outlier selection is applied.
VERIFIED	sparse-pilot-normal-20261009-m5-1-bfs-first	mode=compare	schema=4	de_NumBuffers=30
VERIFIED	sparse-pilot-normal-20261009-m5-2-pfs3-first	mode=compare	schema=4	de_NumBuffers=30
VERIFIED	sparse-pilot-normal-20261009-sparse-1-bfs-first	mode=compare	schema=4	de_NumBuffers=30
VERIFIED	sparse-pilot-normal-20261009-sparse-2-pfs3-first	mode=compare	schema=4	de_NumBuffers=30

All required runs passed the strict repository verifier; no row or outlier filtering is applied.

== Pilot compare, variant=m5 (2 required runs; all phases and controls; no filtering)
phase	BFS_mean_us	BFS_CV_pct	PFS3_mean_us	PFS3_CV_pct	BFS_over_PFS3_mean	individual_BFS_over_PFS3_by_repeat_order	individual_ratios_over_5x
SMALL_CREATE_40	30656.50	0.59	16960.00	2.67	1.8076	1/bfs-first=1.8501;2/pfs3-first=1.7667	0/2
LOOKUP_400	81568.00	8.04	66168.00	1.08	1.2327	1/bfs-first=1.1716;2/pfs3-first=1.2930	0/2
SMALL_READ_40	20768.00	3.27	14720.00	3.07	1.4109	1/bfs-first=1.4089;2/pfs3-first=1.4128	0/2
LIST_EXNEXT_400	32945.00	10.23	12159.50	4.47	2.7094	1/bfs-first=2.5955;2/pfs3-first=2.8163	0/2
LIST_EXALL_400	16479.00	64.53	2496.00	0.00	6.6022	1/bfs-first=3.5897;2/pfs3-first=9.6146	1/2
SEQ_WRITE_8M	52191.50	32.69	40383.50	1.12	1.2924	1/bfs-first=0.9859;2/pfs3-first=1.6038	0/2
SEQ_READ_8M	263486.00	0.27	265909.50	3.09	0.9909	1/bfs-first=0.9716;2/pfs3-first=1.0111	0/2
SMALL_DELETE_40	20800.00	23.06	7936.50	2.29	2.6208	1/bfs-first=2.1585;2/pfs3-first=3.0984	0/2
APPEND_4K_1M	75840.00	6.21	44671.50	37.48	1.6977	1/bfs-first=2.2086;2/pfs3-first=1.4009	0/2
APPEND_1K_256K	61152.00	2.44	41599.00	63.53	1.4700	1/bfs-first=2.6230;2/pfs3-first=1.0319	0/2
APPEND_READ_1280K	42847.50	1.16	57439.50	41.99	0.7460	1/bfs-first=1.0523;2/pfs3-first=0.5799	0/2
LIST_EXNEXT_40_ENTRIES_FIRST_PASS	6656.50	13.61	1728.00	0.00	3.8521	1/bfs-first=3.4815;2/pfs3-first=4.2228	0/2
LIST_EXNEXT_40_ENTRIES_REPEAT10_TOTAL	36288.50	17.46	12287.50	2.22	2.9533	1/bfs-first=2.6299;2/pfs3-first=3.2667	0/2
LIST_EXALL_40_ENTRIES_FIRST_PASS	3712.50	2.46	607.50	7.57	6.1111	1/bfs-first=6.3443;2/pfs3-first=5.9016	2/2
LIST_EXALL_40_ENTRIES_REPEAT10_TOTAL	9503.50	0.48	2528.50	1.76	3.7586	1/bfs-first=3.6996;2/pfs3-first=3.8190	0/2
LIST_EXNEXT_400_ENTRIES_FIRST_PASS	59712.50	7.73	12512.50	6.15	4.7722	1/bfs-first=4.7166;2/pfs3-first=4.8232	0/2
LIST_EXNEXT_400_ENTRIES_REPEAT10_TOTAL	656764.00	9.45	116191.00	6.82	5.6525	1/bfs-first=5.5417;2/pfs3-first=5.7530	2/2
LIST_EXALL_400_ENTRIES_FIRST_PASS	34686.00	2.86	3007.50	6.00	11.5332	1/bfs-first=11.2880;2/pfs3-first=11.8000	2/2
LIST_EXALL_400_ENTRIES_REPEAT10_TOTAL	356542.00	1.95	20542.50	1.76	17.3563	1/bfs-first=17.3320;2/pfs3-first=17.3800	2/2
LIST_EXNEXT_1000_ENTRIES_FIRST_PASS	144447.00	2.01	31456.00	5.61	4.5920	1/bfs-first=4.8495;2/pfs3-first=4.3542	0/2
LIST_EXNEXT_1000_ENTRIES_REPEAT10_TOTAL	1605750.50	4.52	297822.50	3.63	5.3916	1/bfs-first=5.3568;2/pfs3-first=5.4247	2/2
LIST_EXALL_1000_ENTRIES_FIRST_PASS	87775.00	0.36	6943.50	7.16	12.6413	1/bfs-first=13.2814;2/pfs3-first=12.0629	2/2
LIST_EXALL_1000_ENTRIES_REPEAT10_TOTAL	901979.00	6.01	51030.50	0.29	17.6753	1/bfs-first=16.8898;2/pfs3-first=18.4641	2/2

== Pilot compare, variant=sparse (2 required runs; all phases and controls; no filtering)
phase	BFS_mean_us	BFS_CV_pct	PFS3_mean_us	PFS3_CV_pct	BFS_over_PFS3_mean	individual_BFS_over_PFS3_by_repeat_order	individual_ratios_over_5x
SMALL_CREATE_40	30336.00	1.79	20063.50	19.17	1.5120	1/bfs-first=1.7270;2/pfs3-first=1.3483	0/2
LOOKUP_400	82847.50	11.31	71519.00	10.06	1.1584	1/bfs-first=1.1474;2/pfs3-first=1.1680	0/2
SMALL_READ_40	21024.00	12.27	15072.50	7.52	1.3949	1/bfs-first=1.3454;2/pfs3-first=1.4393	0/2
LIST_EXNEXT_400	37344.00	24.60	12415.50	1.45	3.0079	1/bfs-first=2.5104;2/pfs3-first=3.4952	0/2
LIST_EXALL_400	13056.50	43.67	2528.50	1.76	5.1637	1/bfs-first=3.5254;2/pfs3-first=6.8434	1/2
SEQ_WRITE_8M	45856.00	22.99	41247.50	2.74	1.1117	1/bfs-first=0.9494;2/pfs3-first=1.2679	0/2
SEQ_READ_8M	267006.50	0.10	261246.50	0.42	1.0220	1/bfs-first=1.0258;2/pfs3-first=1.0183	0/2
SMALL_DELETE_40	17567.50	0.77	8096.00	3.91	2.1699	1/bfs-first=2.1000;2/pfs3-first=2.2438	0/2
APPEND_4K_1M	76735.50	1.65	33279.50	0.55	2.3058	1/bfs-first=2.3417;2/pfs3-first=2.2701	0/2
APPEND_1K_256K	65215.00	3.75	23712.00	0.95	2.7503	1/bfs-first=2.8042;2/pfs3-first=2.6956	0/2
APPEND_READ_1280K	51520.00	19.68	41984.00	1.07	1.2271	1/bfs-first=1.0484;2/pfs3-first=1.4086	0/2
LIST_EXNEXT_40_ENTRIES_FIRST_PASS	7776.50	5.25	1568.50	2.84	4.9579	1/bfs-first=4.6800;2/pfs3-first=5.2472	1/2
LIST_EXNEXT_40_ENTRIES_REPEAT10_TOTAL	37247.00	20.90	13921.00	19.83	2.6756	1/bfs-first=2.6521;2/pfs3-first=2.6933	0/2
LIST_EXALL_40_ENTRIES_FIRST_PASS	4192.00	22.64	639.00	0.22	6.5603	1/bfs-first=7.5984;2/pfs3-first=5.5188	2/2
LIST_EXALL_40_ENTRIES_REPEAT10_TOTAL	9951.50	5.00	2528.00	1.79	3.9365	1/bfs-first=3.7500;2/pfs3-first=4.1278	0/2
LIST_EXNEXT_400_ENTRIES_FIRST_PASS	68223.50	34.63	13504.00	4.02	5.0521	1/bfs-first=3.9268;2/pfs3-first=6.1152	1/2
LIST_EXNEXT_400_ENTRIES_REPEAT10_TOTAL	617692.00	6.59	122752.50	11.58	5.0320	1/bfs-first=5.2254;2/pfs3-first=4.8679	1/2
LIST_EXALL_400_ENTRIES_FIRST_PASS	32544.00	9.32	3007.50	3.03	10.8209	1/bfs-first=11.7866;2/pfs3-first=9.8958	2/2
LIST_EXALL_400_ENTRIES_REPEAT10_TOTAL	316030.50	1.98	20608.50	0.44	15.3350	1/bfs-first=15.5015;2/pfs3-first=15.1674	2/2
LIST_EXNEXT_1000_ENTRIES_FIRST_PASS	139390.50	1.10	33150.00	1.10	4.2048	1/bfs-first=4.1399;2/pfs3-first=4.2708	0/2
LIST_EXNEXT_1000_ENTRIES_REPEAT10_TOTAL	1419351.00	0.65	285278.00	2.17	4.9753	1/bfs-first=5.0763;2/pfs3-first=4.8774	1/2
LIST_EXALL_1000_ENTRIES_FIRST_PASS	78591.50	0.23	6624.50	4.79	11.8638	1/bfs-first=12.3000;2/pfs3-first=11.4561	2/2
LIST_EXALL_1000_ENTRIES_REPEAT10_TOTAL	818042.00	9.59	50303.50	0.54	16.2621	1/bfs-first=15.2173;2/pfs3-first=17.2990	2/2

== Paired sparse/M5 timings, family=pilot; ratio=sparse/M5
Every same-repeat, same-order pair is included for BFS and PFS3.
phase	filesystem	repeat/order	M5_us	sparse_us	sparse_over_M5
SMALL_CREATE_40	BFS	1/bfs-first	30785	29953	0.9730
SMALL_CREATE_40	BFS	2/pfs3-first	30528	30719	1.0063
SMALL_CREATE_40	PFS3	1/bfs-first	16640	17344	1.0423
SMALL_CREATE_40	PFS3	2/pfs3-first	17280	22783	1.3185
LOOKUP_400	BFS	1/bfs-first	76928	76223	0.9908
LOOKUP_400	BFS	2/pfs3-first	86208	89472	1.0379
LOOKUP_400	PFS3	1/bfs-first	65663	66432	1.0117
LOOKUP_400	PFS3	2/pfs3-first	66673	76606	1.1490
SMALL_READ_40	BFS	1/bfs-first	20288	19200	0.9464
SMALL_READ_40	BFS	2/pfs3-first	21248	22848	1.0753
SMALL_READ_40	PFS3	1/bfs-first	14400	14271	0.9910
SMALL_READ_40	PFS3	2/pfs3-first	15040	15874	1.0555
LIST_EXNEXT_400	BFS	1/bfs-first	30562	30848	1.0094
LIST_EXNEXT_400	BFS	2/pfs3-first	35328	43840	1.2409
LIST_EXNEXT_400	PFS3	1/bfs-first	11775	12288	1.0436
LIST_EXNEXT_400	PFS3	2/pfs3-first	12544	12543	0.9999
LIST_EXALL_400	BFS	1/bfs-first	8960	9025	1.0073
LIST_EXALL_400	BFS	2/pfs3-first	23998	17088	0.7121
LIST_EXALL_400	PFS3	1/bfs-first	2496	2560	1.0256
LIST_EXALL_400	PFS3	2/pfs3-first	2496	2497	1.0004
SEQ_WRITE_8M	BFS	1/bfs-first	40128	38400	0.9569
SEQ_WRITE_8M	BFS	2/pfs3-first	64255	53312	0.8297
SEQ_WRITE_8M	PFS3	1/bfs-first	40703	40448	0.9937
SEQ_WRITE_8M	PFS3	2/pfs3-first	40064	42047	1.0495
SEQ_READ_8M	BFS	1/bfs-first	263998	267198	1.0121
SEQ_READ_8M	BFS	2/pfs3-first	262974	266815	1.0146
SEQ_READ_8M	PFS3	1/bfs-first	271724	260478	0.9586
SEQ_READ_8M	PFS3	2/pfs3-first	260095	262015	1.0074
SMALL_DELETE_40	BFS	1/bfs-first	17408	17472	1.0037
SMALL_DELETE_40	BFS	2/pfs3-first	24192	17663	0.7301
SMALL_DELETE_40	PFS3	1/bfs-first	8065	8320	1.0316
SMALL_DELETE_40	PFS3	2/pfs3-first	7808	7872	1.0082
APPEND_4K_1M	BFS	1/bfs-first	72512	77631	1.0706
APPEND_4K_1M	BFS	2/pfs3-first	79168	75840	0.9580
APPEND_4K_1M	PFS3	1/bfs-first	32832	33151	1.0097
APPEND_4K_1M	PFS3	2/pfs3-first	56511	33408	0.5912
APPEND_1K_256K	BFS	1/bfs-first	60096	66943	1.1139
APPEND_1K_256K	BFS	2/pfs3-first	62208	63487	1.0206
APPEND_1K_256K	PFS3	1/bfs-first	22911	23872	1.0419
APPEND_1K_256K	PFS3	2/pfs3-first	60287	23552	0.3907
APPEND_READ_1280K	BFS	1/bfs-first	42495	44352	1.0437
APPEND_READ_1280K	BFS	2/pfs3-first	43200	58688	1.3585
APPEND_READ_1280K	PFS3	1/bfs-first	40384	42303	1.0475
APPEND_READ_1280K	PFS3	2/pfs3-first	74495	41665	0.5593
LIST_EXNEXT_40_ENTRIES_FIRST_PASS	BFS	1/bfs-first	6016	7488	1.2447
LIST_EXNEXT_40_ENTRIES_FIRST_PASS	BFS	2/pfs3-first	7297	8065	1.1052
LIST_EXNEXT_40_ENTRIES_FIRST_PASS	PFS3	1/bfs-first	1728	1600	0.9259
LIST_EXNEXT_40_ENTRIES_FIRST_PASS	PFS3	2/pfs3-first	1728	1537	0.8895
LIST_EXNEXT_40_ENTRIES_REPEAT10_TOTAL	BFS	1/bfs-first	31809	31743	0.9979
LIST_EXNEXT_40_ENTRIES_REPEAT10_TOTAL	BFS	2/pfs3-first	40768	42751	1.0486
LIST_EXNEXT_40_ENTRIES_REPEAT10_TOTAL	PFS3	1/bfs-first	12095	11969	0.9896
LIST_EXNEXT_40_ENTRIES_REPEAT10_TOTAL	PFS3	2/pfs3-first	12480	15873	1.2719
LIST_EXALL_40_ENTRIES_FIRST_PASS	BFS	1/bfs-first	3648	4863	1.3331
LIST_EXALL_40_ENTRIES_FIRST_PASS	BFS	2/pfs3-first	3777	3521	0.9322
LIST_EXALL_40_ENTRIES_FIRST_PASS	PFS3	1/bfs-first	575	640	1.1130
LIST_EXALL_40_ENTRIES_FIRST_PASS	PFS3	2/pfs3-first	640	638	0.9969
LIST_EXALL_40_ENTRIES_REPEAT10_TOTAL	BFS	1/bfs-first	9471	9600	1.0136
LIST_EXALL_40_ENTRIES_REPEAT10_TOTAL	BFS	2/pfs3-first	9536	10303	1.0804
LIST_EXALL_40_ENTRIES_REPEAT10_TOTAL	PFS3	1/bfs-first	2560	2560	1.0000
LIST_EXALL_40_ENTRIES_REPEAT10_TOTAL	PFS3	2/pfs3-first	2497	2496	0.9996
LIST_EXNEXT_400_ENTRIES_FIRST_PASS	BFS	1/bfs-first	56448	51519	0.9127
LIST_EXNEXT_400_ENTRIES_FIRST_PASS	BFS	2/pfs3-first	62977	84928	1.3486
LIST_EXNEXT_400_ENTRIES_FIRST_PASS	PFS3	1/bfs-first	11968	13120	1.0963
LIST_EXNEXT_400_ENTRIES_FIRST_PASS	PFS3	2/pfs3-first	13057	13888	1.0636
LIST_EXNEXT_400_ENTRIES_REPEAT10_TOTAL	BFS	1/bfs-first	612860	588924	0.9609
LIST_EXNEXT_400_ENTRIES_REPEAT10_TOTAL	BFS	2/pfs3-first	700668	646460	0.9226
LIST_EXNEXT_400_ENTRIES_REPEAT10_TOTAL	PFS3	1/bfs-first	110591	112705	1.0191
LIST_EXNEXT_400_ENTRIES_REPEAT10_TOTAL	PFS3	2/pfs3-first	121791	132800	1.0904
LIST_EXALL_400_ENTRIES_FIRST_PASS	BFS	1/bfs-first	35388	34688	0.9802
LIST_EXALL_400_ENTRIES_FIRST_PASS	BFS	2/pfs3-first	33984	30400	0.8945
LIST_EXALL_400_ENTRIES_FIRST_PASS	PFS3	1/bfs-first	3135	2943	0.9388
LIST_EXALL_400_ENTRIES_FIRST_PASS	PFS3	2/pfs3-first	2880	3072	1.0667
LIST_EXALL_400_ENTRIES_REPEAT10_TOTAL	BFS	1/bfs-first	351615	320447	0.9114
LIST_EXALL_400_ENTRIES_REPEAT10_TOTAL	BFS	2/pfs3-first	361469	311614	0.8621
LIST_EXALL_400_ENTRIES_REPEAT10_TOTAL	PFS3	1/bfs-first	20287	20672	1.0190
LIST_EXALL_400_ENTRIES_REPEAT10_TOTAL	PFS3	2/pfs3-first	20798	20545	0.9878
LIST_EXNEXT_1000_ENTRIES_FIRST_PASS	BFS	1/bfs-first	146495	138302	0.9441
LIST_EXNEXT_1000_ENTRIES_FIRST_PASS	BFS	2/pfs3-first	142399	140479	0.9865
LIST_EXNEXT_1000_ENTRIES_FIRST_PASS	PFS3	1/bfs-first	30208	33407	1.1059
LIST_EXNEXT_1000_ENTRIES_FIRST_PASS	PFS3	2/pfs3-first	32704	32893	1.0058
LIST_EXNEXT_1000_ENTRIES_REPEAT10_TOTAL	BFS	1/bfs-first	1554423	1425912	0.9173
LIST_EXNEXT_1000_ENTRIES_REPEAT10_TOTAL	BFS	2/pfs3-first	1657078	1412790	0.8526
LIST_EXNEXT_1000_ENTRIES_REPEAT10_TOTAL	PFS3	1/bfs-first	290175	280894	0.9680
LIST_EXNEXT_1000_ENTRIES_REPEAT10_TOTAL	PFS3	2/pfs3-first	305470	289662	0.9483
LIST_EXALL_1000_ENTRIES_FIRST_PASS	BFS	1/bfs-first	87551	78720	0.8991
LIST_EXALL_1000_ENTRIES_FIRST_PASS	BFS	2/pfs3-first	87999	78463	0.8916
LIST_EXALL_1000_ENTRIES_FIRST_PASS	PFS3	1/bfs-first	6592	6400	0.9709
LIST_EXALL_1000_ENTRIES_FIRST_PASS	PFS3	2/pfs3-first	7295	6849	0.9389
LIST_EXALL_1000_ENTRIES_REPEAT10_TOTAL	BFS	1/bfs-first	863675	762554	0.8829
LIST_EXALL_1000_ENTRIES_REPEAT10_TOTAL	BFS	2/pfs3-first	940283	873530	0.9290
LIST_EXALL_1000_ENTRIES_REPEAT10_TOTAL	PFS3	1/bfs-first	51136	50111	0.9800
LIST_EXALL_1000_ENTRIES_REPEAT10_TOTAL	PFS3	2/pfs3-first	50925	50496	0.9916

Paired sparse/M5 aggregate across all repeats.
phase	filesystem	sparse_over_M5_min	sparse_over_M5_median	sparse_over_M5_max	sparse_slower_pairs
SMALL_CREATE_40	BFS	0.9730	0.9896	1.0063	1/2
SMALL_CREATE_40	PFS3	1.0423	1.1804	1.3185	2/2
LOOKUP_400	BFS	0.9908	1.0143	1.0379	1/2
LOOKUP_400	PFS3	1.0117	1.0803	1.1490	2/2
SMALL_READ_40	BFS	0.9464	1.0108	1.0753	1/2
SMALL_READ_40	PFS3	0.9910	1.0232	1.0555	1/2
LIST_EXNEXT_400	BFS	1.0094	1.1252	1.2409	2/2
LIST_EXNEXT_400	PFS3	0.9999	1.0217	1.0436	1/2
LIST_EXALL_400	BFS	0.7121	0.8597	1.0073	1/2
LIST_EXALL_400	PFS3	1.0004	1.0130	1.0256	2/2
SEQ_WRITE_8M	BFS	0.8297	0.8933	0.9569	0/2
SEQ_WRITE_8M	PFS3	0.9937	1.0216	1.0495	1/2
SEQ_READ_8M	BFS	1.0121	1.0134	1.0146	2/2
SEQ_READ_8M	PFS3	0.9586	0.9830	1.0074	1/2
SMALL_DELETE_40	BFS	0.7301	0.8669	1.0037	1/2
SMALL_DELETE_40	PFS3	1.0082	1.0199	1.0316	2/2
APPEND_4K_1M	BFS	0.9580	1.0143	1.0706	1/2
APPEND_4K_1M	PFS3	0.5912	0.8004	1.0097	1/2
APPEND_1K_256K	BFS	1.0206	1.0672	1.1139	2/2
APPEND_1K_256K	PFS3	0.3907	0.7163	1.0419	1/2
APPEND_READ_1280K	BFS	1.0437	1.2011	1.3585	2/2
APPEND_READ_1280K	PFS3	0.5593	0.8034	1.0475	1/2
LIST_EXNEXT_40_ENTRIES_FIRST_PASS	BFS	1.1052	1.1750	1.2447	2/2
LIST_EXNEXT_40_ENTRIES_FIRST_PASS	PFS3	0.8895	0.9077	0.9259	0/2
LIST_EXNEXT_40_ENTRIES_REPEAT10_TOTAL	BFS	0.9979	1.0233	1.0486	1/2
LIST_EXNEXT_40_ENTRIES_REPEAT10_TOTAL	PFS3	0.9896	1.1307	1.2719	1/2
LIST_EXALL_40_ENTRIES_FIRST_PASS	BFS	0.9322	1.1326	1.3331	1/2
LIST_EXALL_40_ENTRIES_FIRST_PASS	PFS3	0.9969	1.0550	1.1130	1/2
LIST_EXALL_40_ENTRIES_REPEAT10_TOTAL	BFS	1.0136	1.0470	1.0804	2/2
LIST_EXALL_40_ENTRIES_REPEAT10_TOTAL	PFS3	0.9996	0.9998	1.0000	0/2
LIST_EXNEXT_400_ENTRIES_FIRST_PASS	BFS	0.9127	1.1306	1.3486	1/2
LIST_EXNEXT_400_ENTRIES_FIRST_PASS	PFS3	1.0636	1.0800	1.0963	2/2
LIST_EXNEXT_400_ENTRIES_REPEAT10_TOTAL	BFS	0.9226	0.9418	0.9609	0/2
LIST_EXNEXT_400_ENTRIES_REPEAT10_TOTAL	PFS3	1.0191	1.0548	1.0904	2/2
LIST_EXALL_400_ENTRIES_FIRST_PASS	BFS	0.8945	0.9374	0.9802	0/2
LIST_EXALL_400_ENTRIES_FIRST_PASS	PFS3	0.9388	1.0027	1.0667	1/2
LIST_EXALL_400_ENTRIES_REPEAT10_TOTAL	BFS	0.8621	0.8867	0.9114	0/2
LIST_EXALL_400_ENTRIES_REPEAT10_TOTAL	PFS3	0.9878	1.0034	1.0190	1/2
LIST_EXNEXT_1000_ENTRIES_FIRST_PASS	BFS	0.9441	0.9653	0.9865	0/2
LIST_EXNEXT_1000_ENTRIES_FIRST_PASS	PFS3	1.0058	1.0558	1.1059	2/2
LIST_EXNEXT_1000_ENTRIES_REPEAT10_TOTAL	BFS	0.8526	0.8850	0.9173	0/2
LIST_EXNEXT_1000_ENTRIES_REPEAT10_TOTAL	PFS3	0.9483	0.9581	0.9680	0/2
LIST_EXALL_1000_ENTRIES_FIRST_PASS	BFS	0.8916	0.8954	0.8991	0/2
LIST_EXALL_1000_ENTRIES_FIRST_PASS	PFS3	0.9389	0.9549	0.9709	0/2
LIST_EXALL_1000_ENTRIES_REPEAT10_TOTAL	BFS	0.8829	0.9060	0.9290	0/2
LIST_EXALL_1000_ENTRIES_REPEAT10_TOTAL	PFS3	0.9800	0.9858	0.9916	0/2

PILOT-ONLY RESULT: all four normal-schema pilot runs verified; NOT FULL QUALIFICATION.
