VERIFIED	sparse-pilot-normal-20261009-m5-1-bfs-first	mode=compare	schema=4	de_NumBuffers=30
VERIFIED	sparse-pilot-normal-20261009-m5-2-pfs3-first	mode=compare	schema=4	de_NumBuffers=30
VERIFIED	sparse-pilot-normal-20261009-sparse-1-bfs-first	mode=compare	schema=4	de_NumBuffers=30
VERIFIED	sparse-pilot-normal-20261009-sparse-2-pfs3-first	mode=compare	schema=4	de_NumBuffers=30
VERIFIED	sparse-deep-20261009-m5-1-bfs-first	mode=deep-compare	schema=15	de_NumBuffers=30
VERIFIED	sparse-deep-20261009-m5-2-pfs3-first	mode=deep-compare	schema=15	de_NumBuffers=30
VERIFIED	sparse-deep-20261009-sparse-1-bfs-first	mode=deep-compare	schema=15	de_NumBuffers=30
VERIFIED	sparse-deep-20261009-sparse-2-pfs3-first	mode=deep-compare	schema=15	de_NumBuffers=30
VERIFIED	sparse-normal-20261009-m5-1-bfs-first	mode=compare	schema=4	de_NumBuffers=30
VERIFIED	sparse-normal-20261009-m5-2-pfs3-first	mode=compare	schema=4	de_NumBuffers=30
VERIFIED	sparse-normal-20261009-m5-3-bfs-first	mode=compare	schema=4	de_NumBuffers=30
VERIFIED	sparse-normal-20261009-m5-4-pfs3-first	mode=compare	schema=4	de_NumBuffers=30
VERIFIED	sparse-normal-20261009-m5-5-bfs-first	mode=compare	schema=4	de_NumBuffers=30
VERIFIED	sparse-normal-20261009-m5-6-pfs3-first	mode=compare	schema=4	de_NumBuffers=30
VERIFIED	sparse-normal-20261009-m5-7-bfs-first	mode=compare	schema=4	de_NumBuffers=30
VERIFIED	sparse-normal-20261009-m5-8-pfs3-first	mode=compare	schema=4	de_NumBuffers=30
VERIFIED	sparse-normal-20261009-sparse-1-bfs-first	mode=compare	schema=4	de_NumBuffers=30
VERIFIED	sparse-normal-20261009-sparse-2-pfs3-first	mode=compare	schema=4	de_NumBuffers=30
VERIFIED	sparse-normal-20261009-sparse-3-bfs-first	mode=compare	schema=4	de_NumBuffers=30
VERIFIED	sparse-normal-20261009-sparse-4-pfs3-first	mode=compare	schema=4	de_NumBuffers=30
VERIFIED	sparse-normal-20261009-sparse-5-bfs-first	mode=compare	schema=4	de_NumBuffers=30
VERIFIED	sparse-normal-20261009-sparse-6-pfs3-first	mode=compare	schema=4	de_NumBuffers=30
VERIFIED	sparse-normal-20261009-sparse-7-bfs-first	mode=compare	schema=4	de_NumBuffers=30
VERIFIED	sparse-normal-20261009-sparse-8-pfs3-first	mode=compare	schema=4	de_NumBuffers=30
VERIFIED	sparse-durable-20261009-m5-1-bfs-first	mode=durable-compare	schema=4	de_NumBuffers=30
VERIFIED	sparse-durable-20261009-m5-2-pfs3-first	mode=durable-compare	schema=4	de_NumBuffers=30
VERIFIED	sparse-durable-20261009-m5-3-bfs-first	mode=durable-compare	schema=4	de_NumBuffers=30
VERIFIED	sparse-durable-20261009-m5-4-pfs3-first	mode=durable-compare	schema=4	de_NumBuffers=30
VERIFIED	sparse-durable-20261009-m5-5-bfs-first	mode=durable-compare	schema=4	de_NumBuffers=30
VERIFIED	sparse-durable-20261009-m5-6-pfs3-first	mode=durable-compare	schema=4	de_NumBuffers=30
VERIFIED	sparse-durable-20261009-m5-7-bfs-first	mode=durable-compare	schema=4	de_NumBuffers=30
VERIFIED	sparse-durable-20261009-m5-8-pfs3-first	mode=durable-compare	schema=4	de_NumBuffers=30
VERIFIED	sparse-durable-20261009-sparse-1-bfs-first	mode=durable-compare	schema=4	de_NumBuffers=30
VERIFIED	sparse-durable-20261009-sparse-2-pfs3-first	mode=durable-compare	schema=4	de_NumBuffers=30
VERIFIED	sparse-durable-20261009-sparse-3-bfs-first	mode=durable-compare	schema=4	de_NumBuffers=30
VERIFIED	sparse-durable-20261009-sparse-4-pfs3-first	mode=durable-compare	schema=4	de_NumBuffers=30
VERIFIED	sparse-durable-20261009-sparse-5-bfs-first	mode=durable-compare	schema=4	de_NumBuffers=30
VERIFIED	sparse-durable-20261009-sparse-6-pfs3-first	mode=durable-compare	schema=4	de_NumBuffers=30
VERIFIED	sparse-durable-20261009-sparse-7-bfs-first	mode=durable-compare	schema=4	de_NumBuffers=30
VERIFIED	sparse-durable-20261009-sparse-8-pfs3-first	mode=durable-compare	schema=4	de_NumBuffers=30
