=== BFS vs PFS3 Benchmark (FS-UAE 68040) ===
Evidence directory: /home/fabian/.cache/bfs-performance/metadata-2026-10-08.QvzB5w/build/benchmark/metadata-m3-c8-20261008-base-1-bfs-first
Mode: compare
Timeout: 600s


=== Machine Info ===
# Machine Info
Kickstart 47.102, Workbench 47.2
System: 68040 68040/060-FPU   (INST: Cache Burst) (DATA: NoCache NoBurst)
Type  Available    In-Use   Maximum   Largest
chip    2028040     52728   2080768   2027968
fast    7690976    697632   8388608   7685936
total   9719016    750360  10469376   7685936


Mounted disks:
Unit      Size       Used       Free Full Errs   Status   Name
DF0       No disk present
DH0      4095M    4194304    4194303  50%   0  Read/Write System
DH1       255M         36      65372   0%   0  Read/Write BFSTest
DH2       Not a DOS disk

Volumes available:
BFSTest [Mounted]
System [Mounted]

=== BFS Results ===
FS_COMPARE_BENCH	4
DRIVE	DH1:
SMALL_CREATE_40_US	29503
LOOKUP_400_US	75200
SMALL_READ_40_US	19712
LIST_EXNEXT_400_US	36480
LIST_EXALL_400_US	8814
SEQ_WRITE_8M_US	37440
SEQ_READ_8M_US	265599
SMALL_DELETE_40_US	17024
APPEND_4K_1M_US	72383
APPEND_1K_256K_US	61887
APPEND_READ_1280K_US	42432
LIST_EXNEXT_40_ENTRIES_FIRST_PASS_US	6144
LIST_EXNEXT_40_ENTRIES_REPEAT10_TOTAL_US	34049
LIST_EXALL_40_ENTRIES_FIRST_PASS_US	5760
LIST_EXALL_40_ENTRIES_REPEAT10_TOTAL_US	8959
LIST_EXNEXT_400_ENTRIES_FIRST_PASS_US	110655
LIST_EXNEXT_400_ENTRIES_REPEAT10_TOTAL_US	761531
LIST_EXALL_400_ENTRIES_FIRST_PASS_US	38208
LIST_EXALL_400_ENTRIES_REPEAT10_TOTAL_US	558589
LIST_EXNEXT_1000_ENTRIES_FIRST_PASS_US	160320
LIST_EXNEXT_1000_ENTRIES_REPEAT10_TOTAL_US	1831925
LIST_EXALL_1000_ENTRIES_FIRST_PASS_US	99776
LIST_EXALL_1000_ENTRIES_REPEAT10_TOTAL_US	1111866
PASS	1

=== PFS3 Results ===
FS_COMPARE_BENCH	4
DRIVE	DH2:
SMALL_CREATE_40_US	16575
LOOKUP_400_US	66559
SMALL_READ_40_US	13568
LIST_EXNEXT_400_US	12288
LIST_EXALL_400_US	2495
SEQ_WRITE_8M_US	42431
SEQ_READ_8M_US	271615
SMALL_DELETE_40_US	7872
APPEND_4K_1M_US	32640
APPEND_1K_256K_US	23040
APPEND_READ_1280K_US	40703
LIST_EXNEXT_40_ENTRIES_FIRST_PASS_US	1665
LIST_EXNEXT_40_ENTRIES_REPEAT10_TOTAL_US	12097
LIST_EXALL_40_ENTRIES_FIRST_PASS_US	705
LIST_EXALL_40_ENTRIES_REPEAT10_TOTAL_US	2496
LIST_EXNEXT_400_ENTRIES_FIRST_PASS_US	13184
LIST_EXNEXT_400_ENTRIES_REPEAT10_TOTAL_US	111231
LIST_EXALL_400_ENTRIES_FIRST_PASS_US	2943
LIST_EXALL_400_ENTRIES_REPEAT10_TOTAL_US	20480
LIST_EXNEXT_1000_ENTRIES_FIRST_PASS_US	32958
LIST_EXNEXT_1000_ENTRIES_REPEAT10_TOTAL_US	279422
LIST_EXALL_1000_ENTRIES_FIRST_PASS_US	6465
LIST_EXALL_1000_ENTRIES_REPEAT10_TOTAL_US	50304
PASS	1
PASS: requested mounted-volume workload outputs are complete and data-checked
