=== BFS vs PFS3 Benchmark (FS-UAE 68040) ===
Evidence directory: /home/fabian/.cache/bfs-performance/metadata-2026-10-08.QvzB5w/build/benchmark/metadata-v4-c8-20261008-base-2-pfs3-first
Mode: compare
Timeout: 600s


=== Machine Info ===
# Machine Info
Kickstart 47.102, Workbench 47.2
System: 68040 68040/060-FPU   (INST: Cache Burst) (DATA: NoCache NoBurst)
Type  Available    In-Use   Maximum   Largest
chip    2028040     52728   2080768   2027968
fast    7694936    693672   8388608   7689880
total   9722976    746400  10469376   7689880


Mounted disks:
Unit      Size       Used       Free Full Errs   Status   Name
DF0       No disk present
DH0      4095M    4194304    4194303  50%   0  Read/Write System
DH1       255M         36      65372   0%   0  Read/Write BFSTest
DH2       Not a DOS disk

Volumes available:
BFSTest [Mounted]
System [Mounted]

=== BFS Results ===
FS_COMPARE_BENCH	4
DRIVE	DH1:
SMALL_CREATE_40_US	29375
LOOKUP_400_US	73536
SMALL_READ_40_US	19391
LIST_EXNEXT_400_US	31551
LIST_EXALL_400_US	8511
SEQ_WRITE_8M_US	36160
SEQ_READ_8M_US	265790
SMALL_DELETE_40_US	17152
APPEND_4K_1M_US	73214
APPEND_1K_256K_US	60287
APPEND_READ_1280K_US	43646
LIST_EXNEXT_40_ENTRIES_FIRST_PASS_US	6271
LIST_EXNEXT_40_ENTRIES_REPEAT10_TOTAL_US	35071
LIST_EXALL_40_ENTRIES_FIRST_PASS_US	3455
LIST_EXALL_40_ENTRIES_REPEAT10_TOTAL_US	12033
LIST_EXNEXT_400_ENTRIES_FIRST_PASS_US	60865
LIST_EXNEXT_400_ENTRIES_REPEAT10_TOTAL_US	613116
LIST_EXALL_400_ENTRIES_FIRST_PASS_US	39616
LIST_EXALL_400_ENTRIES_REPEAT10_TOTAL_US	417343
LIST_EXNEXT_1000_ENTRIES_FIRST_PASS_US	179327
LIST_EXNEXT_1000_ENTRIES_REPEAT10_TOTAL_US	1708598
LIST_EXALL_1000_ENTRIES_FIRST_PASS_US	103040
LIST_EXALL_1000_ENTRIES_REPEAT10_TOTAL_US	986554
PASS	1

=== PFS3 Results ===
FS_COMPARE_BENCH	4
DRIVE	DH2:
SMALL_CREATE_40_US	17280
LOOKUP_400_US	82880
SMALL_READ_40_US	15872
LIST_EXNEXT_400_US	12096
LIST_EXALL_400_US	2495
SEQ_WRITE_8M_US	41023
SEQ_READ_8M_US	256767
SMALL_DELETE_40_US	8064
APPEND_4K_1M_US	32512
APPEND_1K_256K_US	23039
APPEND_READ_1280K_US	40960
LIST_EXNEXT_40_ENTRIES_FIRST_PASS_US	1728
LIST_EXNEXT_40_ENTRIES_REPEAT10_TOTAL_US	11903
LIST_EXALL_40_ENTRIES_FIRST_PASS_US	640
LIST_EXALL_40_ENTRIES_REPEAT10_TOTAL_US	2817
LIST_EXNEXT_400_ENTRIES_FIRST_PASS_US	12544
LIST_EXNEXT_400_ENTRIES_REPEAT10_TOTAL_US	113791
LIST_EXALL_400_ENTRIES_FIRST_PASS_US	2751
LIST_EXALL_400_ENTRIES_REPEAT10_TOTAL_US	20480
LIST_EXNEXT_1000_ENTRIES_FIRST_PASS_US	31040
LIST_EXNEXT_1000_ENTRIES_REPEAT10_TOTAL_US	289599
LIST_EXALL_1000_ENTRIES_FIRST_PASS_US	6656
LIST_EXALL_1000_ENTRIES_REPEAT10_TOTAL_US	50943
PASS	1
PASS: requested mounted-volume workload outputs are complete and data-checked
