=== BFS vs PFS3 Benchmark (FS-UAE 68040) ===
Evidence directory: /home/fabian/.cache/bfs-performance/prodcodegen-pilot-2026-10-10.rjXGlO/results/prodcodegen-7-bfs-first-candidate
Mode: compare
Timeout: 600s


=== Machine Info ===
# Machine Info
Kickstart 47.102, Workbench 47.2
System: 68040 68040/060-FPU   (INST: Cache Burst) (DATA: NoCache NoBurst)
Type  Available    In-Use   Maximum   Largest
chip    2028040     52728   2080768   2027968
fast    7534464    854144   8388608   7529392
total   9562504    906872  10469376   7529392


Mounted disks:
Unit      Size       Used       Free Full Errs   Status   Name
DF0       No disk present
DH0      4095M    4194304    4194303  50%   0  Read/Write System
DH1       255M         36      65372   0%   0  Read/Write BFSTest
DH2       Not a DOS disk

Volumes available:
BFSTest [Mounted]
System [Mounted]

=== BFS Results ===
FS_COMPARE_BENCH	4
DRIVE	DH1:
SMALL_CREATE_40_US	40896
LOOKUP_400_US	60162
SMALL_READ_40_US	18688
LIST_EXNEXT_400_US	27711
LIST_EXALL_400_US	7744
SEQ_WRITE_8M_US	36928
SEQ_READ_8M_US	261502
SMALL_DELETE_40_US	13568
APPEND_4K_1M_US	80320
APPEND_1K_256K_US	59200
APPEND_READ_1280K_US	44479
LIST_EXNEXT_40_ENTRIES_FIRST_PASS_US	4417
LIST_EXNEXT_40_ENTRIES_REPEAT10_TOTAL_US	28990
LIST_EXALL_40_ENTRIES_FIRST_PASS_US	1729
LIST_EXALL_40_ENTRIES_REPEAT10_TOTAL_US	9280
LIST_EXNEXT_400_ENTRIES_FIRST_PASS_US	47488
LIST_EXNEXT_400_ENTRIES_REPEAT10_TOTAL_US	286398
LIST_EXALL_400_ENTRIES_FIRST_PASS_US	16193
LIST_EXALL_400_ENTRIES_REPEAT10_TOTAL_US	76416
LIST_EXNEXT_1000_ENTRIES_FIRST_PASS_US	102976
LIST_EXNEXT_1000_ENTRIES_REPEAT10_TOTAL_US	730684
LIST_EXALL_1000_ENTRIES_FIRST_PASS_US	37055
LIST_EXALL_1000_ENTRIES_REPEAT10_TOTAL_US	191167
PASS	1

=== PFS3 Results ===
FS_COMPARE_BENCH	4
DRIVE	DH2:
SMALL_CREATE_40_US	22593
LOOKUP_400_US	69695
SMALL_READ_40_US	13697
LIST_EXNEXT_400_US	11968
LIST_EXALL_400_US	2497
SEQ_WRITE_8M_US	38017
SEQ_READ_8M_US	261631
SMALL_DELETE_40_US	7745
APPEND_4K_1M_US	38207
APPEND_1K_256K_US	41663
APPEND_READ_1280K_US	86656
LIST_EXNEXT_40_ENTRIES_FIRST_PASS_US	1600
LIST_EXNEXT_40_ENTRIES_REPEAT10_TOTAL_US	12142
LIST_EXALL_40_ENTRIES_FIRST_PASS_US	577
LIST_EXALL_40_ENTRIES_REPEAT10_TOTAL_US	2560
LIST_EXNEXT_400_ENTRIES_FIRST_PASS_US	12992
LIST_EXNEXT_400_ENTRIES_REPEAT10_TOTAL_US	115583
LIST_EXALL_400_ENTRIES_FIRST_PASS_US	2814
LIST_EXALL_400_ENTRIES_REPEAT10_TOTAL_US	20736
LIST_EXNEXT_1000_ENTRIES_FIRST_PASS_US	33088
LIST_EXNEXT_1000_ENTRIES_REPEAT10_TOTAL_US	280062
LIST_EXALL_1000_ENTRIES_FIRST_PASS_US	6336
LIST_EXALL_1000_ENTRIES_REPEAT10_TOTAL_US	49407
PASS	1
PASS: requested mounted-volume workload outputs are complete and data-checked
