=== BFS vs PFS3 Benchmark (FS-UAE 68040) ===
Evidence directory: /home/fabian/.cache/bfs-performance/metadata-2026-10-08.QvzB5w/build/benchmark/metadata-m1-c8-20261008-m1-4-pfs3-first
Mode: compare
Timeout: 600s


=== Machine Info ===
# Machine Info
Kickstart 47.102, Workbench 47.2
System: 68040 68040/060-FPU   (INST: Cache Burst) (DATA: NoCache NoBurst)
Type  Available    In-Use   Maximum   Largest
chip    2028040     52728   2080768   2027968
fast    7693872    694736   8388608   7688800
total   9721912    747464  10469376   7688800


Mounted disks:
Unit      Size       Used       Free Full Errs   Status   Name
DF0       No disk present
DH0      4095M    4194304    4194303  50%   0  Read/Write System
DH1       255M         36      65372   0%   0  Read/Write BFSTest
DH2       Not a DOS disk

Volumes available:
BFSTest [Mounted]
System [Mounted]

=== BFS Results ===
FS_COMPARE_BENCH	3
DRIVE	DH1:
SMALL_CREATE_40_US	59535
LOOKUP_400_US	80960
SMALL_READ_40_US	19456
LIST_EXNEXT_400_US	33663
LIST_EXALL_400_US	8640
SEQ_WRITE_8M_US	37760
SEQ_READ_8M_US	296767
SMALL_DELETE_40_US	31681
APPEND_4K_1M_US	158719
APPEND_1K_256K_US	85119
APPEND_READ_1280K_US	90048
PASS	1

=== PFS3 Results ===
FS_COMPARE_BENCH	3
DRIVE	DH2:
SMALL_CREATE_40_US	15425
LOOKUP_400_US	66048
SMALL_READ_40_US	13696
LIST_EXNEXT_400_US	11969
LIST_EXALL_400_US	2431
SEQ_WRITE_8M_US	71168
SEQ_READ_8M_US	304575
SMALL_DELETE_40_US	7680
APPEND_4K_1M_US	32640
APPEND_1K_256K_US	23680
APPEND_READ_1280K_US	41217
PASS	1
PASS: requested mounted-volume workload outputs are complete and data-checked
