=== BFS vs PFS3 Benchmark (FS-UAE 68040) ===
Evidence directory: /home/fabian/.cache/bfs-performance/sparse-crc-2026-10-09.xN615F/candidate/build/benchmark/sparse-confirmation-20261009/confirm-durable-sparse-5-bfs-first
Mode: durable-compare
Timeout: 600s


=== Machine Info ===
# Machine Info
Kickstart 47.102, Workbench 47.2
System: 68040 68040/060-FPU   (INST: Cache Burst) (DATA: NoCache NoBurst)
Type  Available    In-Use   Maximum   Largest
chip    2028040     52728   2080768   2027968
fast    7686824    701784   8388608   7681768
total   9714864    754512  10469376   7681768


Mounted disks:
Unit      Size       Used       Free Full Errs   Status   Name
DF0       No disk present
DH0      4095M    4194304    4194303  50%   0  Read/Write System
DH1       255M         36      65372   0%   0  Read/Write BFSTest
DH2       Not a DOS disk

Volumes available:
BFSTest [Mounted]
System [Mounted]

=== BFS Results ===
FS_DURABLE_COMPARE	4
DRIVE	DH1:
SMALL_CREATE_40_US	33344
LOOKUP_400_US	102016
SMALL_READ_40_US	19391
LIST_EXNEXT_400_US	31745
LIST_EXALL_400_US	9472
SEQ_WRITE_8M_US	42880
SEQ_READ_8M_US	270270
SMALL_DELETE_40_US	22975
APPEND_4K_1M_US	92162
APPEND_1K_256K_US	105440
APPEND_READ_1280K_US	89453
LIST_EXNEXT_40_ENTRIES_FIRST_PASS_US	7360
LIST_EXNEXT_40_ENTRIES_REPEAT10_TOTAL_US	44671
LIST_EXALL_40_ENTRIES_FIRST_PASS_US	3073
LIST_EXALL_40_ENTRIES_REPEAT10_TOTAL_US	9791
LIST_EXNEXT_400_ENTRIES_FIRST_PASS_US	52225
LIST_EXNEXT_400_ENTRIES_REPEAT10_TOTAL_US	529342
LIST_EXALL_400_ENTRIES_FIRST_PASS_US	31103
LIST_EXALL_400_ENTRIES_REPEAT10_TOTAL_US	318847
LIST_EXNEXT_1000_ENTRIES_FIRST_PASS_US	133439
LIST_EXNEXT_1000_ENTRIES_REPEAT10_TOTAL_US	1419512
LIST_EXALL_1000_ENTRIES_FIRST_PASS_US	78079
LIST_EXALL_1000_ENTRIES_REPEAT10_TOTAL_US	834172
PASS	1

=== PFS3 Results ===
FS_DURABLE_COMPARE	4
DRIVE	DH2:
SMALL_CREATE_40_US	18753
LOOKUP_400_US	68479
SMALL_READ_40_US	14144
LIST_EXNEXT_400_US	12097
LIST_EXALL_400_US	2541
SEQ_WRITE_8M_US	42817
SEQ_READ_8M_US	296638
SMALL_DELETE_40_US	9920
APPEND_4K_1M_US	34560
APPEND_1K_256K_US	26304
APPEND_READ_1280K_US	41599
LIST_EXNEXT_40_ENTRIES_FIRST_PASS_US	1727
LIST_EXNEXT_40_ENTRIES_REPEAT10_TOTAL_US	12095
LIST_EXALL_40_ENTRIES_FIRST_PASS_US	577
LIST_EXALL_40_ENTRIES_REPEAT10_TOTAL_US	2688
LIST_EXNEXT_400_ENTRIES_FIRST_PASS_US	13120
LIST_EXNEXT_400_ENTRIES_REPEAT10_TOTAL_US	114303
LIST_EXALL_400_ENTRIES_FIRST_PASS_US	2842
LIST_EXALL_400_ENTRIES_REPEAT10_TOTAL_US	20928
LIST_EXNEXT_1000_ENTRIES_FIRST_PASS_US	32577
LIST_EXNEXT_1000_ENTRIES_REPEAT10_TOTAL_US	284094
LIST_EXALL_1000_ENTRIES_FIRST_PASS_US	7744
LIST_EXALL_1000_ENTRIES_REPEAT10_TOTAL_US	50752
PASS	1
PASS: requested mounted-volume workload outputs are complete and data-checked
