=== BFS vs PFS3 Benchmark (FS-UAE 68040) ===
Evidence directory: /home/fabian/.cache/bfs-performance/listing-upgrade-2026-10-08.29qKRc/build/benchmark/leaf-range-durable-20261008-range-3-bfs-first
Mode: durable-compare
Timeout: 600s


=== Machine Info ===
# Machine Info
Kickstart 47.102, Workbench 47.2
System: 68040 68040/060-FPU   (INST: Cache Burst) (DATA: NoCache NoBurst)
Type  Available    In-Use   Maximum   Largest
chip    2028040     52728   2080768   2027968
fast    7687256    701352   8388608   7682200
total   9715296    754080  10469376   7682200


Mounted disks:
Unit      Size       Used       Free Full Errs   Status   Name
DF0       No disk present
DH0      4095M    4194304    4194303  50%   0  Read/Write System
DH1       255M         36      65372   0%   0  Read/Write BFSTest
DH2       Not a DOS disk

Volumes available:
BFSTest [Mounted]
System [Mounted]

=== BFS Results ===
FS_DURABLE_COMPARE	4
DRIVE	DH1:
SMALL_CREATE_40_US	30528
LOOKUP_400_US	74751
SMALL_READ_40_US	17983
LIST_EXNEXT_400_US	30912
LIST_EXALL_400_US	8961
SEQ_WRITE_8M_US	40640
SEQ_READ_8M_US	256318
SMALL_DELETE_40_US	19903
APPEND_4K_1M_US	74304
APPEND_1K_256K_US	63808
APPEND_READ_1280K_US	44607
LIST_EXNEXT_40_ENTRIES_FIRST_PASS_US	5887
LIST_EXNEXT_40_ENTRIES_REPEAT10_TOTAL_US	33088
LIST_EXALL_40_ENTRIES_FIRST_PASS_US	4160
LIST_EXALL_40_ENTRIES_REPEAT10_TOTAL_US	9857
LIST_EXNEXT_400_ENTRIES_FIRST_PASS_US	74368
LIST_EXNEXT_400_ENTRIES_REPEAT10_TOTAL_US	594364
LIST_EXALL_400_ENTRIES_FIRST_PASS_US	35645
LIST_EXALL_400_ENTRIES_REPEAT10_TOTAL_US	341630
LIST_EXNEXT_1000_ENTRIES_FIRST_PASS_US	146431
LIST_EXNEXT_1000_ENTRIES_REPEAT10_TOTAL_US	1613430
LIST_EXALL_1000_ENTRIES_FIRST_PASS_US	116865
LIST_EXALL_1000_ENTRIES_REPEAT10_TOTAL_US	906362
PASS	1

=== PFS3 Results ===
FS_DURABLE_COMPARE	4
DRIVE	DH2:
SMALL_CREATE_40_US	17280
LOOKUP_400_US	70784
SMALL_READ_40_US	15103
LIST_EXNEXT_400_US	11747
LIST_EXALL_400_US	2369
SEQ_WRITE_8M_US	42303
SEQ_READ_8M_US	292287
SMALL_DELETE_40_US	9345
APPEND_4K_1M_US	34816
APPEND_1K_256K_US	26177
APPEND_READ_1280K_US	71551
LIST_EXNEXT_40_ENTRIES_FIRST_PASS_US	1600
LIST_EXNEXT_40_ENTRIES_REPEAT10_TOTAL_US	22910
LIST_EXALL_40_ENTRIES_FIRST_PASS_US	2368
LIST_EXALL_40_ENTRIES_REPEAT10_TOTAL_US	3629
LIST_EXNEXT_400_ENTRIES_FIRST_PASS_US	14143
LIST_EXNEXT_400_ENTRIES_REPEAT10_TOTAL_US	146752
LIST_EXALL_400_ENTRIES_FIRST_PASS_US	2880
LIST_EXALL_400_ENTRIES_REPEAT10_TOTAL_US	20288
LIST_EXNEXT_1000_ENTRIES_FIRST_PASS_US	31743
LIST_EXNEXT_1000_ENTRIES_REPEAT10_TOTAL_US	288446
LIST_EXALL_1000_ENTRIES_FIRST_PASS_US	6465
LIST_EXALL_1000_ENTRIES_REPEAT10_TOTAL_US	50623
PASS	1
PASS: requested mounted-volume workload outputs are complete and data-checked
