=== BFS vs PFS3 Benchmark (FS-UAE 68040) ===
Evidence directory: /home/fabian/.cache/bfs-performance/sparse-crc-2026-10-09.xN615F/candidate/build/benchmark/sparse-normal-20261009-sparse-2-pfs3-first
Mode: compare
Timeout: 600s


=== Machine Info ===
# Machine Info
Kickstart 47.102, Workbench 47.2
System: 68040 68040/060-FPU   (INST: Cache Burst) (DATA: NoCache NoBurst)
Type  Available    In-Use   Maximum   Largest
chip    2028040     52728   2080768   2027968
fast    7686824    701784   8388608   7681768
total   9714864    754512  10469376   7681768


Mounted disks:
Unit      Size       Used       Free Full Errs   Status   Name
DF0       No disk present
DH0      4095M    4194304    4194303  50%   0  Read/Write System
DH1       255M         36      65372   0%   0  Read/Write BFSTest
DH2       Not a DOS disk

Volumes available:
BFSTest [Mounted]
System [Mounted]

=== BFS Results ===
FS_COMPARE_BENCH	4
DRIVE	DH1:
SMALL_CREATE_40_US	30144
LOOKUP_400_US	75583
SMALL_READ_40_US	19648
LIST_EXNEXT_400_US	30592
LIST_EXALL_400_US	9024
SEQ_WRITE_8M_US	35629
SEQ_READ_8M_US	269055
SMALL_DELETE_40_US	17792
APPEND_4K_1M_US	72448
APPEND_1K_256K_US	64384
APPEND_READ_1280K_US	42815
LIST_EXNEXT_40_ENTRIES_FIRST_PASS_US	5928
LIST_EXNEXT_40_ENTRIES_REPEAT10_TOTAL_US	32450
LIST_EXALL_40_ENTRIES_FIRST_PASS_US	3328
LIST_EXALL_40_ENTRIES_REPEAT10_TOTAL_US	9645
LIST_EXNEXT_400_ENTRIES_FIRST_PASS_US	48128
LIST_EXNEXT_400_ENTRIES_REPEAT10_TOTAL_US	512062
LIST_EXALL_400_ENTRIES_FIRST_PASS_US	31680
LIST_EXALL_400_ENTRIES_REPEAT10_TOTAL_US	342461
LIST_EXNEXT_1000_ENTRIES_FIRST_PASS_US	155904
LIST_EXNEXT_1000_ENTRIES_REPEAT10_TOTAL_US	1367160
LIST_EXALL_1000_ENTRIES_FIRST_PASS_US	78144
LIST_EXALL_1000_ENTRIES_REPEAT10_TOTAL_US	809531
PASS	1

=== PFS3 Results ===
FS_COMPARE_BENCH	4
DRIVE	DH2:
SMALL_CREATE_40_US	17855
LOOKUP_400_US	66048
SMALL_READ_40_US	14528
LIST_EXNEXT_400_US	11969
LIST_EXALL_400_US	2496
SEQ_WRITE_8M_US	40385
SEQ_READ_8M_US	333566
SMALL_DELETE_40_US	9792
APPEND_4K_1M_US	36352
APPEND_1K_256K_US	32063
APPEND_READ_1280K_US	42879
LIST_EXNEXT_40_ENTRIES_FIRST_PASS_US	1663
LIST_EXNEXT_40_ENTRIES_REPEAT10_TOTAL_US	12160
LIST_EXALL_40_ENTRIES_FIRST_PASS_US	640
LIST_EXALL_40_ENTRIES_REPEAT10_TOTAL_US	2496
LIST_EXNEXT_400_ENTRIES_FIRST_PASS_US	12672
LIST_EXNEXT_400_ENTRIES_REPEAT10_TOTAL_US	112703
LIST_EXALL_400_ENTRIES_FIRST_PASS_US	2945
LIST_EXALL_400_ENTRIES_REPEAT10_TOTAL_US	20288
LIST_EXNEXT_1000_ENTRIES_FIRST_PASS_US	31488
LIST_EXNEXT_1000_ENTRIES_REPEAT10_TOTAL_US	286911
LIST_EXALL_1000_ENTRIES_FIRST_PASS_US	6655
LIST_EXALL_1000_ENTRIES_REPEAT10_TOTAL_US	49919
PASS	1
PASS: requested mounted-volume workload outputs are complete and data-checked
