=== BFS vs PFS3 Benchmark (FS-UAE 68040) ===
Evidence directory: /home/fabian/.cache/bfs-performance/sparse-crc-2026-10-09.xN615F/candidate/build/benchmark/sparse-normal-20261009-m5-2-pfs3-first
Mode: compare
Timeout: 600s


=== Machine Info ===
# Machine Info
Kickstart 47.102, Workbench 47.2
System: 68040 68040/060-FPU   (INST: Cache Burst) (DATA: NoCache NoBurst)
Type  Available    In-Use   Maximum   Largest
chip    2028040     52728   2080768   2027968
fast    7687256    701352   8388608   7682200
total   9715296    754080  10469376   7682200


Mounted disks:
Unit      Size       Used       Free Full Errs   Status   Name
DF0       No disk present
DH0      4095M    4194304    4194303  50%   0  Read/Write System
DH1       255M         36      65372   0%   0  Read/Write BFSTest
DH2       Not a DOS disk

Volumes available:
BFSTest [Mounted]
System [Mounted]

=== BFS Results ===
FS_COMPARE_BENCH	4
DRIVE	DH1:
SMALL_CREATE_40_US	32448
LOOKUP_400_US	104703
SMALL_READ_40_US	37824
LIST_EXNEXT_400_US	31680
LIST_EXALL_400_US	9088
SEQ_WRITE_8M_US	40896
SEQ_READ_8M_US	274111
SMALL_DELETE_40_US	17408
APPEND_4K_1M_US	79808
APPEND_1K_256K_US	61313
APPEND_READ_1280K_US	43839
LIST_EXNEXT_40_ENTRIES_FIRST_PASS_US	6335
LIST_EXNEXT_40_ENTRIES_REPEAT10_TOTAL_US	31488
LIST_EXALL_40_ENTRIES_FIRST_PASS_US	3905
LIST_EXALL_40_ENTRIES_REPEAT10_TOTAL_US	9792
LIST_EXNEXT_400_ENTRIES_FIRST_PASS_US	70144
LIST_EXNEXT_400_ENTRIES_REPEAT10_TOTAL_US	562300
LIST_EXALL_400_ENTRIES_FIRST_PASS_US	34879
LIST_EXALL_400_ENTRIES_REPEAT10_TOTAL_US	340287
LIST_EXNEXT_1000_ENTRIES_FIRST_PASS_US	146816
LIST_EXNEXT_1000_ENTRIES_REPEAT10_TOTAL_US	1488311
LIST_EXALL_1000_ENTRIES_FIRST_PASS_US	87130
LIST_EXALL_1000_ENTRIES_REPEAT10_TOTAL_US	876090
PASS	1

=== PFS3 Results ===
FS_COMPARE_BENCH	4
DRIVE	DH2:
SMALL_CREATE_40_US	16383
LOOKUP_400_US	67263
SMALL_READ_40_US	14209
LIST_EXNEXT_400_US	13055
LIST_EXALL_400_US	2623
SEQ_WRITE_8M_US	41217
SEQ_READ_8M_US	284221
SMALL_DELETE_40_US	7937
APPEND_4K_1M_US	32895
APPEND_1K_256K_US	23661
APPEND_READ_1280K_US	41536
LIST_EXNEXT_40_ENTRIES_FIRST_PASS_US	1727
LIST_EXNEXT_40_ENTRIES_REPEAT10_TOTAL_US	12031
LIST_EXALL_40_ENTRIES_FIRST_PASS_US	577
LIST_EXALL_40_ENTRIES_REPEAT10_TOTAL_US	2558
LIST_EXNEXT_400_ENTRIES_FIRST_PASS_US	12097
LIST_EXNEXT_400_ENTRIES_REPEAT10_TOTAL_US	112127
LIST_EXALL_400_ENTRIES_FIRST_PASS_US	3200
LIST_EXALL_400_ENTRIES_REPEAT10_TOTAL_US	20417
LIST_EXNEXT_1000_ENTRIES_FIRST_PASS_US	33024
LIST_EXNEXT_1000_ENTRIES_REPEAT10_TOTAL_US	281708
LIST_EXALL_1000_ENTRIES_FIRST_PASS_US	6655
LIST_EXALL_1000_ENTRIES_REPEAT10_TOTAL_US	65728
PASS	1
PASS: requested mounted-volume workload outputs are complete and data-checked
