=== BFS vs PFS3 Benchmark (FS-UAE 68040) ===
Evidence directory: /home/fabian/.cache/bfs-performance/relflags-2026-10-10.P6tt1r/results/relflags-2-pfs3-first-o2-020
Mode: compare
Timeout: 600s


=== Machine Info ===
# Machine Info
Kickstart 47.102, Workbench 47.2
System: 68040 68040/060-FPU   (INST: Cache Burst) (DATA: NoCache NoBurst)
Type  Available    In-Use   Maximum   Largest
chip    2028040     52728   2080768   2027968
fast    7534464    854144   8388608   7529392
total   9562504    906872  10469376   7529392


Mounted disks:
Unit      Size       Used       Free Full Errs   Status   Name
DF0       No disk present
DH0      4095M    4194304    4194303  50%   0  Read/Write System
DH1       255M         36      65372   0%   0  Read/Write BFSTest
DH2       Not a DOS disk

Volumes available:
BFSTest [Mounted]
System [Mounted]

=== BFS Results ===
FS_COMPARE_BENCH	4
DRIVE	DH1:
SMALL_CREATE_40_US	35901
LOOKUP_400_US	69504
SMALL_READ_40_US	17920
LIST_EXNEXT_400_US	28158
LIST_EXALL_400_US	7743
SEQ_WRITE_8M_US	36352
SEQ_READ_8M_US	259198
SMALL_DELETE_40_US	13823
APPEND_4K_1M_US	76736
APPEND_1K_256K_US	56191
APPEND_READ_1280K_US	43585
LIST_EXNEXT_40_ENTRIES_FIRST_PASS_US	5889
LIST_EXNEXT_40_ENTRIES_REPEAT10_TOTAL_US	49406
LIST_EXALL_40_ENTRIES_FIRST_PASS_US	2880
LIST_EXALL_40_ENTRIES_REPEAT10_TOTAL_US	12032
LIST_EXNEXT_400_ENTRIES_FIRST_PASS_US	38208
LIST_EXNEXT_400_ENTRIES_REPEAT10_TOTAL_US	293693
LIST_EXALL_400_ENTRIES_FIRST_PASS_US	15487
LIST_EXALL_400_ENTRIES_REPEAT10_TOTAL_US	75391
LIST_EXNEXT_1000_ENTRIES_FIRST_PASS_US	91648
LIST_EXNEXT_1000_ENTRIES_REPEAT10_TOTAL_US	729467
LIST_EXALL_1000_ENTRIES_FIRST_PASS_US	38464
LIST_EXALL_1000_ENTRIES_REPEAT10_TOTAL_US	188927
PASS	1

=== PFS3 Results ===
FS_COMPARE_BENCH	4
DRIVE	DH2:
SMALL_CREATE_40_US	16831
LOOKUP_400_US	65536
SMALL_READ_40_US	13440
LIST_EXNEXT_400_US	11903
LIST_EXALL_400_US	2496
SEQ_WRITE_8M_US	39232
SEQ_READ_8M_US	255231
SMALL_DELETE_40_US	8064
APPEND_4K_1M_US	31999
APPEND_1K_256K_US	32449
APPEND_READ_1280K_US	44991
LIST_EXNEXT_40_ENTRIES_FIRST_PASS_US	1664
LIST_EXNEXT_40_ENTRIES_REPEAT10_TOTAL_US	11969
LIST_EXALL_40_ENTRIES_FIRST_PASS_US	576
LIST_EXALL_40_ENTRIES_REPEAT10_TOTAL_US	2497
LIST_EXNEXT_400_ENTRIES_FIRST_PASS_US	12544
LIST_EXNEXT_400_ENTRIES_REPEAT10_TOTAL_US	122687
LIST_EXALL_400_ENTRIES_FIRST_PASS_US	2751
LIST_EXALL_400_ENTRIES_REPEAT10_TOTAL_US	20224
LIST_EXNEXT_1000_ENTRIES_FIRST_PASS_US	30939
LIST_EXNEXT_1000_ENTRIES_REPEAT10_TOTAL_US	301373
LIST_EXALL_1000_ENTRIES_FIRST_PASS_US	10690
LIST_EXALL_1000_ENTRIES_REPEAT10_TOTAL_US	51903
PASS	1
PASS: requested mounted-volume workload outputs are complete and data-checked
