=== BFS vs PFS3 Benchmark (FS-UAE 68040) ===
Evidence directory: /home/fabian/.cache/bfs-performance/confirm-2026-10-10.TmkILS/results/confirm-1-bfs-first-reference
Mode: compare
Timeout: 600s


=== Machine Info ===
# Machine Info
Kickstart 47.102, Workbench 47.2
System: 68040 68040/060-FPU   (INST: Cache Burst) (DATA: NoCache NoBurst)
Type  Available    In-Use   Maximum   Largest
chip    2028040     52728   2080768   2027968
fast    7532616    855992   8388608   7527544
total   9560656    908720  10469376   7527544


Mounted disks:
Unit      Size       Used       Free Full Errs   Status   Name
DF0       No disk present
DH0      4095M    4194304    4194303  50%   0  Read/Write System
DH1       255M         36      65372   0%   0  Read/Write BFSTest
DH2       Not a DOS disk

Volumes available:
BFSTest [Mounted]
System [Mounted]

=== BFS Results ===
FS_COMPARE_BENCH	4
DRIVE	DH1:
SMALL_CREATE_40_US	31168
LOOKUP_400_US	58112
SMALL_READ_40_US	18736
LIST_EXNEXT_400_US	27328
LIST_EXALL_400_US	7744
SEQ_WRITE_8M_US	29248
SEQ_READ_8M_US	291518
SMALL_DELETE_40_US	13505
APPEND_4K_1M_US	52160
APPEND_1K_256K_US	44909
APPEND_READ_1280K_US	43265
LIST_EXNEXT_40_ENTRIES_FIRST_PASS_US	4606
LIST_EXNEXT_40_ENTRIES_REPEAT10_TOTAL_US	28928
LIST_EXALL_40_ENTRIES_FIRST_PASS_US	1983
LIST_EXALL_40_ENTRIES_REPEAT10_TOTAL_US	8769
LIST_EXNEXT_400_ENTRIES_FIRST_PASS_US	37759
LIST_EXNEXT_400_ENTRIES_REPEAT10_TOTAL_US	284862
LIST_EXALL_400_ENTRIES_FIRST_PASS_US	15936
LIST_EXALL_400_ENTRIES_REPEAT10_TOTAL_US	77998
LIST_EXNEXT_1000_ENTRIES_FIRST_PASS_US	93758
LIST_EXNEXT_1000_ENTRIES_REPEAT10_TOTAL_US	739131
LIST_EXALL_1000_ENTRIES_FIRST_PASS_US	40255
LIST_EXALL_1000_ENTRIES_REPEAT10_TOTAL_US	200832
PASS	1

=== PFS3 Results ===
FS_COMPARE_BENCH	4
DRIVE	DH2:
SMALL_CREATE_40_US	18048
LOOKUP_400_US	67265
SMALL_READ_40_US	14336
LIST_EXNEXT_400_US	12032
LIST_EXALL_400_US	2495
SEQ_WRITE_8M_US	39872
SEQ_READ_8M_US	269375
SMALL_DELETE_40_US	7873
APPEND_4K_1M_US	34432
APPEND_1K_256K_US	23745
APPEND_READ_1280K_US	41024
LIST_EXNEXT_40_ENTRIES_FIRST_PASS_US	1664
LIST_EXNEXT_40_ENTRIES_REPEAT10_TOTAL_US	12096
LIST_EXALL_40_ENTRIES_FIRST_PASS_US	639
LIST_EXALL_40_ENTRIES_REPEAT10_TOTAL_US	2495
LIST_EXNEXT_400_ENTRIES_FIRST_PASS_US	12480
LIST_EXNEXT_400_ENTRIES_REPEAT10_TOTAL_US	115327
LIST_EXALL_400_ENTRIES_FIRST_PASS_US	2817
LIST_EXALL_400_ENTRIES_REPEAT10_TOTAL_US	20204
LIST_EXNEXT_1000_ENTRIES_FIRST_PASS_US	31006
LIST_EXNEXT_1000_ENTRIES_REPEAT10_TOTAL_US	280062
LIST_EXALL_1000_ENTRIES_FIRST_PASS_US	6529
LIST_EXALL_1000_ENTRIES_REPEAT10_TOTAL_US	49920
PASS	1
PASS: requested mounted-volume workload outputs are complete and data-checked
