=== BFS vs PFS3 Benchmark (FS-UAE 68040) ===
Evidence directory: /home/fabian/.cache/bfs-performance/confirm-2026-10-10.TmkILS/results/confirm-3-bfs-first-reference
Mode: compare
Timeout: 600s


=== Machine Info ===
# Machine Info
Kickstart 47.102, Workbench 47.2
System: 68040 68040/060-FPU   (INST: Cache Burst) (DATA: NoCache NoBurst)
Type  Available    In-Use   Maximum   Largest
chip    2028040     52728   2080768   2027968
fast    7532616    855992   8388608   7527544
total   9560656    908720  10469376   7527544


Mounted disks:
Unit      Size       Used       Free Full Errs   Status   Name
DF0       No disk present
DH0      4095M    4194304    4194303  50%   0  Read/Write System
DH1       255M         36      65372   0%   0  Read/Write BFSTest
DH2       Not a DOS disk

Volumes available:
BFSTest [Mounted]
System [Mounted]

=== BFS Results ===
FS_COMPARE_BENCH	4
DRIVE	DH1:
SMALL_CREATE_40_US	30656
LOOKUP_400_US	61442
SMALL_READ_40_US	18368
LIST_EXNEXT_400_US	28224
LIST_EXALL_400_US	7917
SEQ_WRITE_8M_US	36608
SEQ_READ_8M_US	350718
SMALL_DELETE_40_US	13825
APPEND_4K_1M_US	52353
APPEND_1K_256K_US	43008
APPEND_READ_1280K_US	44095
LIST_EXNEXT_40_ENTRIES_FIRST_PASS_US	4863
LIST_EXNEXT_40_ENTRIES_REPEAT10_TOTAL_US	29056
LIST_EXALL_40_ENTRIES_FIRST_PASS_US	2111
LIST_EXALL_40_ENTRIES_REPEAT10_TOTAL_US	8576
LIST_EXNEXT_400_ENTRIES_FIRST_PASS_US	37952
LIST_EXNEXT_400_ENTRIES_REPEAT10_TOTAL_US	306749
LIST_EXALL_400_ENTRIES_FIRST_PASS_US	16575
LIST_EXALL_400_ENTRIES_REPEAT10_TOTAL_US	79167
LIST_EXNEXT_1000_ENTRIES_FIRST_PASS_US	95743
LIST_EXNEXT_1000_ENTRIES_REPEAT10_TOTAL_US	821179
LIST_EXALL_1000_ENTRIES_FIRST_PASS_US	40320
LIST_EXALL_1000_ENTRIES_REPEAT10_TOTAL_US	198528
PASS	1

=== PFS3 Results ===
FS_COMPARE_BENCH	4
DRIVE	DH2:
SMALL_CREATE_40_US	17792
LOOKUP_400_US	66751
SMALL_READ_40_US	14655
LIST_EXNEXT_400_US	16832
LIST_EXALL_400_US	4095
SEQ_WRITE_8M_US	42879
SEQ_READ_8M_US	280510
SMALL_DELETE_40_US	11328
APPEND_4K_1M_US	36843
APPEND_1K_256K_US	23680
APPEND_READ_1280K_US	41025
LIST_EXNEXT_40_ENTRIES_FIRST_PASS_US	1768
LIST_EXNEXT_40_ENTRIES_REPEAT10_TOTAL_US	12223
LIST_EXALL_40_ENTRIES_FIRST_PASS_US	537
LIST_EXALL_40_ENTRIES_REPEAT10_TOTAL_US	2495
LIST_EXNEXT_400_ENTRIES_FIRST_PASS_US	12610
LIST_EXNEXT_400_ENTRIES_REPEAT10_TOTAL_US	113151
LIST_EXALL_400_ENTRIES_FIRST_PASS_US	2689
LIST_EXALL_400_ENTRIES_REPEAT10_TOTAL_US	23040
LIST_EXNEXT_1000_ENTRIES_FIRST_PASS_US	32128
LIST_EXNEXT_1000_ENTRIES_REPEAT10_TOTAL_US	301630
LIST_EXALL_1000_ENTRIES_FIRST_PASS_US	7616
LIST_EXALL_1000_ENTRIES_REPEAT10_TOTAL_US	50495
PASS	1
PASS: requested mounted-volume workload outputs are complete and data-checked
