=== B+tree ===
  test_empty_tree_search                             OK
  test_single_insert_search                          OK
  test_duplicate_insert                              OK
  test_sequential_inserts                            OK
  test_reverse_inserts                               OK
  test_scan_all                                      OK
  test_scan_from_key                                 OK
  test_cow_old_root_preserved                        OK
  test_single_delete                                 OK
  test_delete_all                                    OK
  test_delete_reverse                                OK
  test_insert_delete_interleaved                     OK
  test_search_floor_empty_tree                       OK
  test_search_floor_key_smaller_than_all             OK
  test_search_floor_key_larger_than_all              OK
  test_search_floor_exact_match                      OK
  test_owned_root_leaf_transfer                      OK
  test_owned_root_leaf_rejects_committed_root        OK
  test_owned_root_leaf_rejects_future_root           OK
  test_owned_root_leaf_rejects_mismatched_root       OK
  test_owned_root_leaf_write_failure_returns_scratch OK
  test_owned_root_leaf_bypasses_full_pending_headroom OK
  test_legacy_leaf_padding_cow_canonicalization      OK
  test_legacy_full_leaf_no_key_gap                   OK
  test_legacy_internal_padding_cow_canonicalization  OK
  test_replace_root_leaf                             OK
  test_replace_root_leaf_rejects_order               OK
  test_replace_root_leaf_write_failure               OK
  test_replace_root_leaf_deeper_unsupported          OK
  test_cached_node_crc_revalidation                  OK

30 passed, 0 failed
