=== BFS vs PFS3 Benchmark (FS-UAE 68040) ===
Evidence directory: /home/fabian/.cache/bfs-performance/metadata-2026-10-08.QvzB5w/build/benchmark/metadata-v4-c8-20261008-base-5-bfs-first
Mode: compare
Timeout: 600s


=== Machine Info ===
# Machine Info
Kickstart 47.102, Workbench 47.2
System: 68040 68040/060-FPU   (INST: Cache Burst) (DATA: NoCache NoBurst)
Type  Available    In-Use   Maximum   Largest
chip    2028040     52728   2080768   2027968
fast    7694936    693672   8388608   7689880
total   9722976    746400  10469376   7689880


Mounted disks:
Unit      Size       Used       Free Full Errs   Status   Name
DF0       No disk present
DH0      4095M    4194304    4194303  50%   0  Read/Write System
DH1       255M         36      65372   0%   0  Read/Write BFSTest
DH2       Not a DOS disk

Volumes available:
BFSTest [Mounted]
System [Mounted]

=== BFS Results ===
FS_COMPARE_BENCH	4
DRIVE	DH1:
SMALL_CREATE_40_US	28801
LOOKUP_400_US	73408
SMALL_READ_40_US	19905
LIST_EXNEXT_400_US	32831
LIST_EXALL_400_US	8766
SEQ_WRITE_8M_US	38465
SEQ_READ_8M_US	295167
SMALL_DELETE_40_US	17077
APPEND_4K_1M_US	70465
APPEND_1K_256K_US	60863
APPEND_READ_1280K_US	43071
LIST_EXNEXT_40_ENTRIES_FIRST_PASS_US	6080
LIST_EXNEXT_40_ENTRIES_REPEAT10_TOTAL_US	34495
LIST_EXALL_40_ENTRIES_FIRST_PASS_US	3776
LIST_EXALL_40_ENTRIES_REPEAT10_TOTAL_US	12032
LIST_EXNEXT_400_ENTRIES_FIRST_PASS_US	61247
LIST_EXNEXT_400_ENTRIES_REPEAT10_TOTAL_US	603643
LIST_EXALL_400_ENTRIES_FIRST_PASS_US	36095
LIST_EXALL_400_ENTRIES_REPEAT10_TOTAL_US	401983
LIST_EXNEXT_1000_ENTRIES_FIRST_PASS_US	168256
LIST_EXNEXT_1000_ENTRIES_REPEAT10_TOTAL_US	1745334
LIST_EXALL_1000_ENTRIES_FIRST_PASS_US	91456
LIST_EXALL_1000_ENTRIES_REPEAT10_TOTAL_US	961146
PASS	1

=== PFS3 Results ===
FS_COMPARE_BENCH	4
DRIVE	DH2:
SMALL_CREATE_40_US	17537
LOOKUP_400_US	67200
SMALL_READ_40_US	14337
LIST_EXNEXT_400_US	12288
LIST_EXALL_400_US	2495
SEQ_WRITE_8M_US	41728
SEQ_READ_8M_US	290814
SMALL_DELETE_40_US	7936
APPEND_4K_1M_US	32768
APPEND_1K_256K_US	22783
APPEND_READ_1280K_US	41281
LIST_EXNEXT_40_ENTRIES_FIRST_PASS_US	1663
LIST_EXNEXT_40_ENTRIES_REPEAT10_TOTAL_US	12095
LIST_EXALL_40_ENTRIES_FIRST_PASS_US	640
LIST_EXALL_40_ENTRIES_REPEAT10_TOTAL_US	2560
LIST_EXNEXT_400_ENTRIES_FIRST_PASS_US	12800
LIST_EXNEXT_400_ENTRIES_REPEAT10_TOTAL_US	111358
LIST_EXALL_400_ENTRIES_FIRST_PASS_US	2752
LIST_EXALL_400_ENTRIES_REPEAT10_TOTAL_US	20460
LIST_EXNEXT_1000_ENTRIES_FIRST_PASS_US	30977
LIST_EXNEXT_1000_ENTRIES_REPEAT10_TOTAL_US	280575
LIST_EXALL_1000_ENTRIES_FIRST_PASS_US	6848
LIST_EXALL_1000_ENTRIES_REPEAT10_TOTAL_US	50176
PASS	1
PASS: requested mounted-volume workload outputs are complete and data-checked
