=== BFS vs PFS3 Benchmark (FS-UAE 68040) ===
Evidence directory: /home/fabian/.cache/bfs-performance/wbbound-2026-10-10.2MoC3f/results/wbbound-1-bfs-first-bound
Mode: compare
Timeout: 600s


=== Machine Info ===
# Machine Info
Kickstart 47.102, Workbench 47.2
System: 68040 68040/060-FPU   (INST: Cache Burst) (DATA: NoCache NoBurst)
Type  Available    In-Use   Maximum   Largest
chip    2028040     52728   2080768   2027968
fast    7534128    854480   8388608   7529056
total   9562168    907208  10469376   7529056


Mounted disks:
Unit      Size       Used       Free Full Errs   Status   Name
DF0       No disk present
DH0      4095M    4194304    4194303  50%   0  Read/Write System
DH1       255M         36      65372   0%   0  Read/Write BFSTest
DH2       Not a DOS disk

Volumes available:
BFSTest [Mounted]
System [Mounted]

=== BFS Results ===
FS_COMPARE_BENCH	4
DRIVE	DH1:
SMALL_CREATE_40_US	30143
LOOKUP_400_US	59392
SMALL_READ_40_US	18495
LIST_EXNEXT_400_US	28543
LIST_EXALL_400_US	7680
SEQ_WRITE_8M_US	42560
SEQ_READ_8M_US	274431
SMALL_DELETE_40_US	14080
APPEND_4K_1M_US	54783
APPEND_1K_256K_US	43585
APPEND_READ_1280K_US	45566
LIST_EXNEXT_40_ENTRIES_FIRST_PASS_US	4288
LIST_EXNEXT_40_ENTRIES_REPEAT10_TOTAL_US	29757
LIST_EXALL_40_ENTRIES_FIRST_PASS_US	1728
LIST_EXALL_40_ENTRIES_REPEAT10_TOTAL_US	8430
LIST_EXNEXT_400_ENTRIES_FIRST_PASS_US	39168
LIST_EXNEXT_400_ENTRIES_REPEAT10_TOTAL_US	286973
LIST_EXALL_400_ENTRIES_FIRST_PASS_US	16063
LIST_EXALL_400_ENTRIES_REPEAT10_TOTAL_US	87231
LIST_EXNEXT_1000_ENTRIES_FIRST_PASS_US	91200
LIST_EXNEXT_1000_ENTRIES_REPEAT10_TOTAL_US	724733
LIST_EXALL_1000_ENTRIES_FIRST_PASS_US	37887
LIST_EXALL_1000_ENTRIES_REPEAT10_TOTAL_US	201663
PASS	1

=== PFS3 Results ===
FS_COMPARE_BENCH	4
DRIVE	DH2:
SMALL_CREATE_40_US	16000
LOOKUP_400_US	65471
SMALL_READ_40_US	13825
LIST_EXNEXT_400_US	11838
LIST_EXALL_400_US	2560
SEQ_WRITE_8M_US	38080
SEQ_READ_8M_US	261311
SMALL_DELETE_40_US	11007
APPEND_4K_1M_US	32896
APPEND_1K_256K_US	23040
APPEND_READ_1280K_US	40767
LIST_EXNEXT_40_ENTRIES_FIRST_PASS_US	1664
LIST_EXNEXT_40_ENTRIES_REPEAT10_TOTAL_US	11903
LIST_EXALL_40_ENTRIES_FIRST_PASS_US	640
LIST_EXALL_40_ENTRIES_REPEAT10_TOTAL_US	2495
LIST_EXNEXT_400_ENTRIES_FIRST_PASS_US	12607
LIST_EXNEXT_400_ENTRIES_REPEAT10_TOTAL_US	123328
LIST_EXALL_400_ENTRIES_FIRST_PASS_US	2752
LIST_EXALL_400_ENTRIES_REPEAT10_TOTAL_US	20608
LIST_EXNEXT_1000_ENTRIES_FIRST_PASS_US	31742
LIST_EXNEXT_1000_ENTRIES_REPEAT10_TOTAL_US	280490
LIST_EXALL_1000_ENTRIES_FIRST_PASS_US	6400
LIST_EXALL_1000_ENTRIES_REPEAT10_TOTAL_US	51261
PASS	1
PASS: requested mounted-volume workload outputs are complete and data-checked
