=== BFS vs PFS3 Benchmark (FS-UAE 68040) ===
Evidence directory: /home/fabian/.cache/bfs-performance/metadata-2026-10-08.QvzB5w/build/benchmark/metadata-m1-d8-20261008-base-4-pfs3-first
Mode: durable-compare
Timeout: 600s


=== Machine Info ===
# Machine Info
Kickstart 47.102, Workbench 47.2
System: 68040 68040/060-FPU   (INST: Cache Burst) (DATA: NoCache NoBurst)
Type  Available    In-Use   Maximum   Largest
chip    2028040     52728   2080768   2027968
fast    7694936    693672   8388608   7689880
total   9722976    746400  10469376   7689880


Mounted disks:
Unit      Size       Used       Free Full Errs   Status   Name
DF0       No disk present
DH0      4095M    4194304    4194303  50%   0  Read/Write System
DH1       255M         36      65372   0%   0  Read/Write BFSTest
DH2       Not a DOS disk

Volumes available:
BFSTest [Mounted]
System [Mounted]

=== BFS Results ===
FS_DURABLE_COMPARE	3
DRIVE	DH1:
SMALL_CREATE_40_US	30208
LOOKUP_400_US	81343
SMALL_READ_40_US	44417
LIST_EXNEXT_400_US	50751
LIST_EXALL_400_US	8511
SEQ_WRITE_8M_US	60352
SEQ_READ_8M_US	294526
SMALL_DELETE_40_US	19585
APPEND_4K_1M_US	73919
APPEND_1K_256K_US	61439
APPEND_READ_1280K_US	41855
PASS	1

=== PFS3 Results ===
FS_DURABLE_COMPARE	3
DRIVE	DH2:
SMALL_CREATE_40_US	21759
LOOKUP_400_US	67840
SMALL_READ_40_US	15360
LIST_EXNEXT_400_US	12288
LIST_EXALL_400_US	2496
SEQ_WRITE_8M_US	41855
SEQ_READ_8M_US	266622
SMALL_DELETE_40_US	9856
APPEND_4K_1M_US	34945
APPEND_1K_256K_US	24895
APPEND_READ_1280K_US	41280
PASS	1
PASS: requested mounted-volume workload outputs are complete and data-checked
