=== BFS vs PFS3 Benchmark (FS-UAE 68040) ===
Evidence directory: /home/fabian/.cache/bfs-performance/exact-fastpath-2026-10-09.hdq3J0/build/benchmark/exact-key-normal-20261009-range-5-bfs-first
Mode: compare
Timeout: 600s


=== Machine Info ===
# Machine Info
Kickstart 47.102, Workbench 47.2
System: 68040 68040/060-FPU   (INST: Cache Burst) (DATA: NoCache NoBurst)
Type  Available    In-Use   Maximum   Largest
chip    2028040     52728   2080768   2027968
fast    7687256    701352   8388608   7682200
total   9715296    754080  10469376   7682200


Mounted disks:
Unit      Size       Used       Free Full Errs   Status   Name
DF0       No disk present
DH0      4095M    4194304    4194303  50%   0  Read/Write System
DH1       255M         36      65372   0%   0  Read/Write BFSTest
DH2       Not a DOS disk

Volumes available:
BFSTest [Mounted]
System [Mounted]

=== BFS Results ===
FS_COMPARE_BENCH	4
DRIVE	DH1:
SMALL_CREATE_40_US	54848
LOOKUP_400_US	86144
SMALL_READ_40_US	19840
LIST_EXNEXT_400_US	33023
LIST_EXALL_400_US	9088
SEQ_WRITE_8M_US	45759
SEQ_READ_8M_US	316925
SMALL_DELETE_40_US	17600
APPEND_4K_1M_US	74240
APPEND_1K_256K_US	64490
APPEND_READ_1280K_US	64128
LIST_EXNEXT_40_ENTRIES_FIRST_PASS_US	7615
LIST_EXNEXT_40_ENTRIES_REPEAT10_TOTAL_US	32895
LIST_EXALL_40_ENTRIES_FIRST_PASS_US	4352
LIST_EXALL_40_ENTRIES_REPEAT10_TOTAL_US	9728
LIST_EXNEXT_400_ENTRIES_FIRST_PASS_US	75199
LIST_EXNEXT_400_ENTRIES_REPEAT10_TOTAL_US	698491
LIST_EXALL_400_ENTRIES_FIRST_PASS_US	35263
LIST_EXALL_400_ENTRIES_REPEAT10_TOTAL_US	381438
LIST_EXNEXT_1000_ENTRIES_FIRST_PASS_US	148159
LIST_EXNEXT_1000_ENTRIES_REPEAT10_TOTAL_US	1648823
LIST_EXALL_1000_ENTRIES_FIRST_PASS_US	91968
LIST_EXALL_1000_ENTRIES_REPEAT10_TOTAL_US	956795
PASS	1

=== PFS3 Results ===
FS_COMPARE_BENCH	4
DRIVE	DH2:
SMALL_CREATE_40_US	19073
LOOKUP_400_US	82559
SMALL_READ_40_US	15489
LIST_EXNEXT_400_US	12480
LIST_EXALL_400_US	2497
SEQ_WRITE_8M_US	41855
SEQ_READ_8M_US	307838
SMALL_DELETE_40_US	9407
APPEND_4K_1M_US	33984
APPEND_1K_256K_US	23615
APPEND_READ_1280K_US	40639
LIST_EXNEXT_40_ENTRIES_FIRST_PASS_US	1792
LIST_EXNEXT_40_ENTRIES_REPEAT10_TOTAL_US	12353
LIST_EXALL_40_ENTRIES_FIRST_PASS_US	576
LIST_EXALL_40_ENTRIES_REPEAT10_TOTAL_US	2560
LIST_EXNEXT_400_ENTRIES_FIRST_PASS_US	13248
LIST_EXNEXT_400_ENTRIES_REPEAT10_TOTAL_US	113408
LIST_EXALL_400_ENTRIES_FIRST_PASS_US	3585
LIST_EXALL_400_ENTRIES_REPEAT10_TOTAL_US	20608
LIST_EXNEXT_1000_ENTRIES_FIRST_PASS_US	31999
LIST_EXNEXT_1000_ENTRIES_REPEAT10_TOTAL_US	359485
LIST_EXALL_1000_ENTRIES_FIRST_PASS_US	7552
LIST_EXALL_1000_ENTRIES_REPEAT10_TOTAL_US	50944
PASS	1
PASS: requested mounted-volume workload outputs are complete and data-checked
