=== BFS vs PFS3 Benchmark (FS-UAE 68040) ===
Evidence directory: /home/fabian/.cache/bfs-performance/status-2026-10-10.NvWrOR/results/status-1-bfs-first-current
Mode: compare
Timeout: 600s


=== Machine Info ===
# Machine Info
Kickstart 47.102, Workbench 47.2
System: 68040 68040/060-FPU   (INST: Cache Burst) (DATA: NoCache NoBurst)
Type  Available    In-Use   Maximum   Largest
chip    2028040     52728   2080768   2027968
fast    7531240    857368   8388608   7526176
total   9559280    910096  10469376   7526176


Mounted disks:
Unit      Size       Used       Free Full Errs   Status   Name
DF0       No disk present
DH0      4095M    4194304    4194303  50%   0  Read/Write System
DH1       255M         36      65372   0%   0  Read/Write BFSTest
DH2       Not a DOS disk

Volumes available:
BFSTest [Mounted]
System [Mounted]

=== BFS Results ===
FS_COMPARE_BENCH	4
DRIVE	DH1:
SMALL_CREATE_40_US	29825
LOOKUP_400_US	64960
SMALL_READ_40_US	19265
LIST_EXNEXT_400_US	20480
LIST_EXALL_400_US	7872
SEQ_WRITE_8M_US	29569
SEQ_READ_8M_US	260780
SMALL_DELETE_40_US	13889
APPEND_4K_1M_US	52608
APPEND_1K_256K_US	43199
APPEND_READ_1280K_US	57792
LIST_EXNEXT_40_ENTRIES_FIRST_PASS_US	3840
LIST_EXNEXT_40_ENTRIES_REPEAT10_TOTAL_US	21569
LIST_EXALL_40_ENTRIES_FIRST_PASS_US	1793
LIST_EXALL_40_ENTRIES_REPEAT10_TOTAL_US	8448
LIST_EXNEXT_400_ENTRIES_FIRST_PASS_US	30528
LIST_EXNEXT_400_ENTRIES_REPEAT10_TOTAL_US	217407
LIST_EXALL_400_ENTRIES_FIRST_PASS_US	16063
LIST_EXALL_400_ENTRIES_REPEAT10_TOTAL_US	77247
LIST_EXNEXT_1000_ENTRIES_FIRST_PASS_US	75456
LIST_EXNEXT_1000_ENTRIES_REPEAT10_TOTAL_US	538620
LIST_EXALL_1000_ENTRIES_FIRST_PASS_US	40063
LIST_EXALL_1000_ENTRIES_REPEAT10_TOTAL_US	198911
PASS	1

=== PFS3 Results ===
FS_COMPARE_BENCH	4
DRIVE	DH2:
SMALL_CREATE_40_US	15935
LOOKUP_400_US	71295
SMALL_READ_40_US	16191
LIST_EXNEXT_400_US	12609
LIST_EXALL_400_US	2560
SEQ_WRITE_8M_US	37184
SEQ_READ_8M_US	260223
SMALL_DELETE_40_US	7790
APPEND_4K_1M_US	33792
APPEND_1K_256K_US	23663
APPEND_READ_1280K_US	42432
LIST_EXNEXT_40_ENTRIES_FIRST_PASS_US	1535
LIST_EXNEXT_40_ENTRIES_REPEAT10_TOTAL_US	12160
LIST_EXALL_40_ENTRIES_FIRST_PASS_US	704
LIST_EXALL_40_ENTRIES_REPEAT10_TOTAL_US	2560
LIST_EXNEXT_400_ENTRIES_FIRST_PASS_US	12672
LIST_EXNEXT_400_ENTRIES_REPEAT10_TOTAL_US	114176
LIST_EXALL_400_ENTRIES_FIRST_PASS_US	2752
LIST_EXALL_400_ENTRIES_REPEAT10_TOTAL_US	20735
LIST_EXNEXT_1000_ENTRIES_FIRST_PASS_US	33278
LIST_EXNEXT_1000_ENTRIES_REPEAT10_TOTAL_US	283710
LIST_EXALL_1000_ENTRIES_FIRST_PASS_US	7360
LIST_EXALL_1000_ENTRIES_REPEAT10_TOTAL_US	50880
PASS	1
PASS: requested mounted-volume workload outputs are complete and data-checked
