=== BFS vs PFS3 Benchmark (FS-UAE 68040) ===
Evidence directory: /home/fabian/.cache/bfs-performance/metabound-2026-10-10.kPl0jg/results/metabound-1-bfs-first-bound
Mode: compare
Timeout: 600s


=== Machine Info ===
# Machine Info
Kickstart 47.102, Workbench 47.2
System: 68040 68040/060-FPU   (INST: Cache Burst) (DATA: NoCache NoBurst)
Type  Available    In-Use   Maximum   Largest
chip    2028040     52728   2080768   2027968
fast    7534792    853816   8388608   7529704
total   9562832    906544  10469376   7529704


Mounted disks:
Unit      Size       Used       Free Full Errs   Status   Name
DF0       No disk present
DH0      4095M    4194304    4194303  50%   0  Read/Write System
DH1       255M         36      65372   0%   0  Read/Write BFSTest
DH2       Not a DOS disk

Volumes available:
BFSTest [Mounted]
System [Mounted]

=== BFS Results ===
FS_COMPARE_BENCH	4
DRIVE	DH1:
SMALL_CREATE_40_US	60928
LOOKUP_400_US	77102
SMALL_READ_40_US	19392
LIST_EXNEXT_400_US	23552
LIST_EXALL_400_US	4929
SEQ_WRITE_8M_US	40959
SEQ_READ_8M_US	269311
SMALL_DELETE_40_US	14145
APPEND_4K_1M_US	97151
APPEND_1K_256K_US	86208
APPEND_READ_1280K_US	46060
LIST_EXNEXT_40_ENTRIES_FIRST_PASS_US	3392
LIST_EXNEXT_40_ENTRIES_REPEAT10_TOTAL_US	23490
LIST_EXALL_40_ENTRIES_FIRST_PASS_US	1151
LIST_EXALL_40_ENTRIES_REPEAT10_TOTAL_US	5312
LIST_EXNEXT_400_ENTRIES_FIRST_PASS_US	27393
LIST_EXNEXT_400_ENTRIES_REPEAT10_TOTAL_US	237951
LIST_EXALL_400_ENTRIES_FIRST_PASS_US	10560
LIST_EXALL_400_ENTRIES_REPEAT10_TOTAL_US	48320
LIST_EXNEXT_1000_ENTRIES_FIRST_PASS_US	65343
LIST_EXNEXT_1000_ENTRIES_REPEAT10_TOTAL_US	621626
LIST_EXALL_1000_ENTRIES_FIRST_PASS_US	22272
LIST_EXALL_1000_ENTRIES_REPEAT10_TOTAL_US	117951
PASS	1

=== PFS3 Results ===
FS_COMPARE_BENCH	4
DRIVE	DH2:
SMALL_CREATE_40_US	17856
LOOKUP_400_US	69376
SMALL_READ_40_US	20160
LIST_EXNEXT_400_US	16449
LIST_EXALL_400_US	4992
SEQ_WRITE_8M_US	48063
SEQ_READ_8M_US	268095
SMALL_DELETE_40_US	7937
APPEND_4K_1M_US	33408
APPEND_1K_256K_US	25280
APPEND_READ_1280K_US	40896
LIST_EXNEXT_40_ENTRIES_FIRST_PASS_US	1792
LIST_EXNEXT_40_ENTRIES_REPEAT10_TOTAL_US	12608
LIST_EXALL_40_ENTRIES_FIRST_PASS_US	640
LIST_EXALL_40_ENTRIES_REPEAT10_TOTAL_US	2560
LIST_EXNEXT_400_ENTRIES_FIRST_PASS_US	13245
LIST_EXNEXT_400_ENTRIES_REPEAT10_TOTAL_US	113854
LIST_EXALL_400_ENTRIES_FIRST_PASS_US	3200
LIST_EXALL_400_ENTRIES_REPEAT10_TOTAL_US	20673
LIST_EXNEXT_1000_ENTRIES_FIRST_PASS_US	35457
LIST_EXNEXT_1000_ENTRIES_REPEAT10_TOTAL_US	315262
LIST_EXALL_1000_ENTRIES_FIRST_PASS_US	7488
LIST_EXALL_1000_ENTRIES_REPEAT10_TOTAL_US	52671
PASS	1
PASS: requested mounted-volume workload outputs are complete and data-checked
