=== BFS vs PFS3 Benchmark (FS-UAE 68040) ===
Evidence directory: /home/fabian/.cache/bfs-performance/metadata-2026-10-08.QvzB5w/build/benchmark/metadata-v4-c8-20261008-base-6-pfs3-first
Mode: compare
Timeout: 600s


=== Machine Info ===
# Machine Info
Kickstart 47.102, Workbench 47.2
System: 68040 68040/060-FPU   (INST: Cache Burst) (DATA: NoCache NoBurst)
Type  Available    In-Use   Maximum   Largest
chip    2028040     52728   2080768   2027968
fast    7694936    693672   8388608   7689880
total   9722976    746400  10469376   7689880


Mounted disks:
Unit      Size       Used       Free Full Errs   Status   Name
DF0       No disk present
DH0      4095M    4194304    4194303  50%   0  Read/Write System
DH1       255M         36      65372   0%   0  Read/Write BFSTest
DH2       Not a DOS disk

Volumes available:
BFSTest [Mounted]
System [Mounted]

=== BFS Results ===
FS_COMPARE_BENCH	4
DRIVE	DH1:
SMALL_CREATE_40_US	31040
LOOKUP_400_US	99711
SMALL_READ_40_US	22720
LIST_EXNEXT_400_US	56703
LIST_EXALL_400_US	10815
SEQ_WRITE_8M_US	44480
SEQ_READ_8M_US	309502
SMALL_DELETE_40_US	16960
APPEND_4K_1M_US	69952
APPEND_1K_256K_US	58175
APPEND_READ_1280K_US	46208
LIST_EXNEXT_40_ENTRIES_FIRST_PASS_US	6400
LIST_EXNEXT_40_ENTRIES_REPEAT10_TOTAL_US	34753
LIST_EXALL_40_ENTRIES_FIRST_PASS_US	3712
LIST_EXALL_40_ENTRIES_REPEAT10_TOTAL_US	12160
LIST_EXNEXT_400_ENTRIES_FIRST_PASS_US	62336
LIST_EXNEXT_400_ENTRIES_REPEAT10_TOTAL_US	624445
LIST_EXALL_400_ENTRIES_FIRST_PASS_US	53631
LIST_EXALL_400_ENTRIES_REPEAT10_TOTAL_US	415741
LIST_EXNEXT_1000_ENTRIES_FIRST_PASS_US	158592
LIST_EXNEXT_1000_ENTRIES_REPEAT10_TOTAL_US	1687670
LIST_EXALL_1000_ENTRIES_FIRST_PASS_US	99582
LIST_EXALL_1000_ENTRIES_REPEAT10_TOTAL_US	1078330
PASS	1

=== PFS3 Results ===
FS_COMPARE_BENCH	4
DRIVE	DH2:
SMALL_CREATE_40_US	31297
LOOKUP_400_US	69551
SMALL_READ_40_US	14400
LIST_EXNEXT_400_US	12160
LIST_EXALL_400_US	2497
SEQ_WRITE_8M_US	40447
SEQ_READ_8M_US	295485
SMALL_DELETE_40_US	8129
APPEND_4K_1M_US	33023
APPEND_1K_256K_US	23168
APPEND_READ_1280K_US	42093
LIST_EXNEXT_40_ENTRIES_FIRST_PASS_US	1600
LIST_EXNEXT_40_ENTRIES_REPEAT10_TOTAL_US	12288
LIST_EXALL_40_ENTRIES_FIRST_PASS_US	577
LIST_EXALL_40_ENTRIES_REPEAT10_TOTAL_US	2497
LIST_EXNEXT_400_ENTRIES_FIRST_PASS_US	13118
LIST_EXNEXT_400_ENTRIES_REPEAT10_TOTAL_US	153151
LIST_EXALL_400_ENTRIES_FIRST_PASS_US	5503
LIST_EXALL_400_ENTRIES_REPEAT10_TOTAL_US	52031
LIST_EXNEXT_1000_ENTRIES_FIRST_PASS_US	33920
LIST_EXNEXT_1000_ENTRIES_REPEAT10_TOTAL_US	308799
LIST_EXALL_1000_ENTRIES_FIRST_PASS_US	7105
LIST_EXALL_1000_ENTRIES_REPEAT10_TOTAL_US	50177
PASS	1
PASS: requested mounted-volume workload outputs are complete and data-checked
