snapdog-runner
START 1 status-1-bfs-first-base 2026-10-10T13:09:23Z
PASS 1 status-1-bfs-first-base 2026-10-10T13:09:59Z
START 2 status-1-bfs-first-current 2026-10-10T13:09:59Z
PASS 2 status-1-bfs-first-current 2026-10-10T13:10:34Z
START 3 status-1-bfs-first-release040 2026-10-10T13:10:34Z
PASS 3 status-1-bfs-first-release040 2026-10-10T13:11:10Z
START 4 status-2-pfs3-first-current 2026-10-10T13:11:10Z
PASS 4 status-2-pfs3-first-current 2026-10-10T13:11:46Z
START 5 status-2-pfs3-first-release040 2026-10-10T13:11:46Z
PASS 5 status-2-pfs3-first-release040 2026-10-10T13:12:21Z
START 6 status-2-pfs3-first-base 2026-10-10T13:12:22Z
PASS 6 status-2-pfs3-first-base 2026-10-10T13:12:57Z
START 7 status-3-bfs-first-release040 2026-10-10T13:12:57Z
PASS 7 status-3-bfs-first-release040 2026-10-10T13:13:32Z
START 8 status-3-bfs-first-base 2026-10-10T13:13:32Z
PASS 8 status-3-bfs-first-base 2026-10-10T13:14:08Z
START 9 status-3-bfs-first-current 2026-10-10T13:14:08Z
PASS 9 status-3-bfs-first-current 2026-10-10T13:14:44Z
START 10 status-4-pfs3-first-base 2026-10-10T13:14:44Z
PASS 10 status-4-pfs3-first-base 2026-10-10T13:15:20Z
START 11 status-4-pfs3-first-current 2026-10-10T13:15:20Z
PASS 11 status-4-pfs3-first-current 2026-10-10T13:15:56Z
START 12 status-4-pfs3-first-release040 2026-10-10T13:15:56Z
PASS 12 status-4-pfs3-first-release040 2026-10-10T13:16:31Z
START 13 status-5-bfs-first-current 2026-10-10T13:16:32Z
PASS 13 status-5-bfs-first-current 2026-10-10T13:17:07Z
START 14 status-5-bfs-first-release040 2026-10-10T13:17:08Z
PASS 14 status-5-bfs-first-release040 2026-10-10T13:17:42Z
START 15 status-5-bfs-first-base 2026-10-10T13:17:43Z
PASS 15 status-5-bfs-first-base 2026-10-10T13:18:18Z
START 16 status-6-pfs3-first-release040 2026-10-10T13:18:18Z
PASS 16 status-6-pfs3-first-release040 2026-10-10T13:18:54Z
START 17 status-6-pfs3-first-base 2026-10-10T13:18:54Z
PASS 17 status-6-pfs3-first-base 2026-10-10T13:19:30Z
START 18 status-6-pfs3-first-current 2026-10-10T13:19:30Z
PASS 18 status-6-pfs3-first-current 2026-10-10T13:20:06Z
START 19 status-7-bfs-first-base 2026-10-10T13:20:06Z
PASS 19 status-7-bfs-first-base 2026-10-10T13:20:42Z
START 20 status-7-bfs-first-current 2026-10-10T13:20:42Z
PASS 20 status-7-bfs-first-current 2026-10-10T13:21:18Z
START 21 status-7-bfs-first-release040 2026-10-10T13:21:18Z
PASS 21 status-7-bfs-first-release040 2026-10-10T13:21:54Z
START 22 status-8-pfs3-first-current 2026-10-10T13:21:54Z
PASS 22 status-8-pfs3-first-current 2026-10-10T13:22:30Z
START 23 status-8-pfs3-first-release040 2026-10-10T13:22:30Z
PASS 23 status-8-pfs3-first-release040 2026-10-10T13:23:06Z
START 24 status-8-pfs3-first-base 2026-10-10T13:23:06Z
PASS 24 status-8-pfs3-first-base 2026-10-10T13:23:42Z
STATUS_COMPLETE 24 2026-10-10T13:23:42Z
snapdog-runner
RESTORE_COMPLETE status=0 2026-10-10T13:23:44Z
