=== BFS vs PFS3 Benchmark (FS-UAE 68040) ===
Evidence directory: /home/fabian/.cache/bfs-performance/goal-root-2026-10-09.iikmxS/results/goal-root-durable-candidate-1-bfs-first
Mode: durable-compare
Timeout: 600s


=== Machine Info ===
# Machine Info
Kickstart 47.102, Workbench 47.2
System: 68040 68040/060-FPU   (INST: Cache Burst) (DATA: NoCache NoBurst)
Type  Available    In-Use   Maximum   Largest
chip    2028040     52728   2080768   2027968
fast    7686432    702176   8388608   7681368
total   9714472    754904  10469376   7681368


Mounted disks:
Unit      Size       Used       Free Full Errs   Status   Name
DF0       No disk present
DH0      4095M    4194304    4194303  50%   0  Read/Write System
DH1       255M         36      65372   0%   0  Read/Write BFSTest
DH2       Not a DOS disk

Volumes available:
BFSTest [Mounted]
System [Mounted]

=== BFS Results ===
FS_DURABLE_COMPARE	4
DRIVE	DH1:
SMALL_CREATE_40_US	33408
LOOKUP_400_US	76160
SMALL_READ_40_US	20351
LIST_EXNEXT_400_US	30977
LIST_EXALL_400_US	9088
SEQ_WRITE_8M_US	40705
SEQ_READ_8M_US	271487
SMALL_DELETE_40_US	20288
APPEND_4K_1M_US	74604
APPEND_1K_256K_US	63936
APPEND_READ_1280K_US	42944
LIST_EXNEXT_40_ENTRIES_FIRST_PASS_US	5375
LIST_EXNEXT_40_ENTRIES_REPEAT10_TOTAL_US	32255
LIST_EXALL_40_ENTRIES_FIRST_PASS_US	3520
LIST_EXALL_40_ENTRIES_REPEAT10_TOTAL_US	9663
LIST_EXNEXT_400_ENTRIES_FIRST_PASS_US	52543
LIST_EXNEXT_400_ENTRIES_REPEAT10_TOTAL_US	525566
LIST_EXALL_400_ENTRIES_FIRST_PASS_US	30720
LIST_EXALL_400_ENTRIES_REPEAT10_TOTAL_US	314879
LIST_EXNEXT_1000_ENTRIES_FIRST_PASS_US	136255
LIST_EXNEXT_1000_ENTRIES_REPEAT10_TOTAL_US	1407608
LIST_EXALL_1000_ENTRIES_FIRST_PASS_US	100480
LIST_EXALL_1000_ENTRIES_REPEAT10_TOTAL_US	781180
PASS	1

=== PFS3 Results ===
FS_DURABLE_COMPARE	4
DRIVE	DH2:
SMALL_CREATE_40_US	16128
LOOKUP_400_US	73280
SMALL_READ_40_US	16192
LIST_EXNEXT_400_US	19713
LIST_EXALL_400_US	3117
SEQ_WRITE_8M_US	70784
SEQ_READ_8M_US	266047
SMALL_DELETE_40_US	8640
APPEND_4K_1M_US	33792
APPEND_1K_256K_US	23424
APPEND_READ_1280K_US	40895
LIST_EXNEXT_40_ENTRIES_FIRST_PASS_US	1729
LIST_EXNEXT_40_ENTRIES_REPEAT10_TOTAL_US	12031
LIST_EXALL_40_ENTRIES_FIRST_PASS_US	512
LIST_EXALL_40_ENTRIES_REPEAT10_TOTAL_US	2817
LIST_EXNEXT_400_ENTRIES_FIRST_PASS_US	12543
LIST_EXNEXT_400_ENTRIES_REPEAT10_TOTAL_US	115775
LIST_EXALL_400_ENTRIES_FIRST_PASS_US	2751
LIST_EXALL_400_ENTRIES_REPEAT10_TOTAL_US	20480
LIST_EXNEXT_1000_ENTRIES_FIRST_PASS_US	35392
LIST_EXNEXT_1000_ENTRIES_REPEAT10_TOTAL_US	318911
LIST_EXALL_1000_ENTRIES_FIRST_PASS_US	6400
LIST_EXALL_1000_ENTRIES_REPEAT10_TOTAL_US	51326
PASS	1
PASS: requested mounted-volume workload outputs are complete and data-checked
