=== BFS vs PFS3 Benchmark (FS-UAE 68040) ===
Evidence directory: /home/fabian/.cache/bfs-performance/floor-resident-2026-10-09.mJFQvl/results/floor-normal-base-1-bfs-first
Mode: compare
Timeout: 600s


=== Machine Info ===
# Machine Info
Kickstart 47.102, Workbench 47.2
System: 68040 68040/060-FPU   (INST: Cache Burst) (DATA: NoCache NoBurst)
Type  Available    In-Use   Maximum   Largest
chip    2028040     52728   2080768   2027968
fast    7686824    701784   8388608   7681768
total   9714864    754512  10469376   7681768


Mounted disks:
Unit      Size       Used       Free Full Errs   Status   Name
DF0       No disk present
DH0      4095M    4194304    4194303  50%   0  Read/Write System
DH1       255M         36      65372   0%   0  Read/Write BFSTest
DH2       Not a DOS disk

Volumes available:
BFSTest [Mounted]
System [Mounted]

=== BFS Results ===
FS_COMPARE_BENCH	4
DRIVE	DH1:
SMALL_CREATE_40_US	29695
LOOKUP_400_US	75713
SMALL_READ_40_US	20096
LIST_EXNEXT_400_US	30977
LIST_EXALL_400_US	9024
SEQ_WRITE_8M_US	39168
SEQ_READ_8M_US	273663
SMALL_DELETE_40_US	17473
APPEND_4K_1M_US	69696
APPEND_1K_256K_US	59200
APPEND_READ_1280K_US	42945
LIST_EXNEXT_40_ENTRIES_FIRST_PASS_US	5569
LIST_EXNEXT_40_ENTRIES_REPEAT10_TOTAL_US	31680
LIST_EXALL_40_ENTRIES_FIRST_PASS_US	3393
LIST_EXALL_40_ENTRIES_REPEAT10_TOTAL_US	9472
LIST_EXNEXT_400_ENTRIES_FIRST_PASS_US	48128
LIST_EXNEXT_400_ENTRIES_REPEAT10_TOTAL_US	502782
LIST_EXALL_400_ENTRIES_FIRST_PASS_US	30783
LIST_EXALL_400_ENTRIES_REPEAT10_TOTAL_US	323518
LIST_EXNEXT_1000_ENTRIES_FIRST_PASS_US	137473
LIST_EXNEXT_1000_ENTRIES_REPEAT10_TOTAL_US	1360313
LIST_EXALL_1000_ENTRIES_FIRST_PASS_US	77977
LIST_EXALL_1000_ENTRIES_REPEAT10_TOTAL_US	781820
PASS	1

=== PFS3 Results ===
FS_COMPARE_BENCH	4
DRIVE	DH2:
SMALL_CREATE_40_US	15617
LOOKUP_400_US	78593
SMALL_READ_40_US	12991
LIST_EXNEXT_400_US	12416
LIST_EXALL_400_US	2497
SEQ_WRITE_8M_US	39295
SEQ_READ_8M_US	256253
SMALL_DELETE_40_US	7743
APPEND_4K_1M_US	32705
APPEND_1K_256K_US	23168
APPEND_READ_1280K_US	44849
LIST_EXNEXT_40_ENTRIES_FIRST_PASS_US	1472
LIST_EXNEXT_40_ENTRIES_REPEAT10_TOTAL_US	11713
LIST_EXALL_40_ENTRIES_FIRST_PASS_US	576
LIST_EXALL_40_ENTRIES_REPEAT10_TOTAL_US	2369
LIST_EXNEXT_400_ENTRIES_FIRST_PASS_US	12352
LIST_EXNEXT_400_ENTRIES_REPEAT10_TOTAL_US	114943
LIST_EXALL_400_ENTRIES_FIRST_PASS_US	4672
LIST_EXALL_400_ENTRIES_REPEAT10_TOTAL_US	27072
LIST_EXNEXT_1000_ENTRIES_FIRST_PASS_US	31614
LIST_EXNEXT_1000_ENTRIES_REPEAT10_TOTAL_US	278336
LIST_EXALL_1000_ENTRIES_FIRST_PASS_US	6271
LIST_EXALL_1000_ENTRIES_REPEAT10_TOTAL_US	50432
PASS	1
PASS: requested mounted-volume workload outputs are complete and data-checked
