=== BFS vs PFS3 Benchmark (FS-UAE 68040) ===
Evidence directory: /home/fabian/.cache/bfs-performance/exnext-2026-10-10.8MRoga/results/exnext-7-bfs-first-candidate
Mode: compare
Timeout: 600s


=== Machine Info ===
# Machine Info
Kickstart 47.102, Workbench 47.2
System: 68040 68040/060-FPU   (INST: Cache Burst) (DATA: NoCache NoBurst)
Type  Available    In-Use   Maximum   Largest
chip    2028040     52728   2080768   2027968
fast    7531240    857368   8388608   7526176
total   9559280    910096  10469376   7526176


Mounted disks:
Unit      Size       Used       Free Full Errs   Status   Name
DF0       No disk present
DH0      4095M    4194304    4194303  50%   0  Read/Write System
DH1       255M         36      65372   0%   0  Read/Write BFSTest
DH2       Not a DOS disk

Volumes available:
BFSTest [Mounted]
System [Mounted]

=== BFS Results ===
FS_COMPARE_BENCH	4
DRIVE	DH1:
SMALL_CREATE_40_US	32192
LOOKUP_400_US	58240
SMALL_READ_40_US	19328
LIST_EXNEXT_400_US	19968
LIST_EXALL_400_US	7873
SEQ_WRITE_8M_US	32766
SEQ_READ_8M_US	282302
SMALL_DELETE_40_US	13440
APPEND_4K_1M_US	57983
APPEND_1K_256K_US	55937
APPEND_READ_1280K_US	46015
LIST_EXNEXT_40_ENTRIES_FIRST_PASS_US	3777
LIST_EXNEXT_40_ENTRIES_REPEAT10_TOTAL_US	24703
LIST_EXALL_40_ENTRIES_FIRST_PASS_US	2431
LIST_EXALL_40_ENTRIES_REPEAT10_TOTAL_US	13311
LIST_EXNEXT_400_ENTRIES_FIRST_PASS_US	35328
LIST_EXNEXT_400_ENTRIES_REPEAT10_TOTAL_US	210752
LIST_EXALL_400_ENTRIES_FIRST_PASS_US	16191
LIST_EXALL_400_ENTRIES_REPEAT10_TOTAL_US	76096
LIST_EXNEXT_1000_ENTRIES_FIRST_PASS_US	77567
LIST_EXNEXT_1000_ENTRIES_REPEAT10_TOTAL_US	539517
LIST_EXALL_1000_ENTRIES_FIRST_PASS_US	52800
LIST_EXALL_1000_ENTRIES_REPEAT10_TOTAL_US	191230
PASS	1

=== PFS3 Results ===
FS_COMPARE_BENCH	4
DRIVE	DH2:
SMALL_CREATE_40_US	17279
LOOKUP_400_US	66176
SMALL_READ_40_US	15360
LIST_EXNEXT_400_US	12160
LIST_EXALL_400_US	3008
SEQ_WRITE_8M_US	36992
SEQ_READ_8M_US	268542
SMALL_DELETE_40_US	7937
APPEND_4K_1M_US	34176
APPEND_1K_256K_US	23807
APPEND_READ_1280K_US	42368
LIST_EXNEXT_40_ENTRIES_FIRST_PASS_US	1600
LIST_EXNEXT_40_ENTRIES_REPEAT10_TOTAL_US	12352
LIST_EXALL_40_ENTRIES_FIRST_PASS_US	576
LIST_EXALL_40_ENTRIES_REPEAT10_TOTAL_US	2496
LIST_EXNEXT_400_ENTRIES_FIRST_PASS_US	12992
LIST_EXNEXT_400_ENTRIES_REPEAT10_TOTAL_US	120064
LIST_EXALL_400_ENTRIES_FIRST_PASS_US	2816
LIST_EXALL_400_ENTRIES_REPEAT10_TOTAL_US	20224
LIST_EXNEXT_1000_ENTRIES_FIRST_PASS_US	33345
LIST_EXNEXT_1000_ENTRIES_REPEAT10_TOTAL_US	287403
LIST_EXALL_1000_ENTRIES_FIRST_PASS_US	6464
LIST_EXALL_1000_ENTRIES_REPEAT10_TOTAL_US	50156
PASS	1
PASS: requested mounted-volume workload outputs are complete and data-checked
