=== BFS vs PFS3 Benchmark (FS-UAE 68040) ===
Evidence directory: /home/fabian/.cache/bfs-performance/listing-upgrade-2026-10-08.29qKRc/build/benchmark/leaf-range-durable-20261008-range-2-pfs3-first
Mode: durable-compare
Timeout: 600s


=== Machine Info ===
# Machine Info
Kickstart 47.102, Workbench 47.2
System: 68040 68040/060-FPU   (INST: Cache Burst) (DATA: NoCache NoBurst)
Type  Available    In-Use   Maximum   Largest
chip    2028040     52728   2080768   2027968
fast    7687256    701352   8388608   7682200
total   9715296    754080  10469376   7682200


Mounted disks:
Unit      Size       Used       Free Full Errs   Status   Name
DF0       No disk present
DH0      4095M    4194304    4194303  50%   0  Read/Write System
DH1       255M         36      65372   0%   0  Read/Write BFSTest
DH2       Not a DOS disk

Volumes available:
BFSTest [Mounted]
System [Mounted]

=== BFS Results ===
FS_DURABLE_COMPARE	4
DRIVE	DH1:
SMALL_CREATE_40_US	43392
LOOKUP_400_US	78080
SMALL_READ_40_US	22208
LIST_EXNEXT_400_US	62143
LIST_EXALL_400_US	23295
SEQ_WRITE_8M_US	44288
SEQ_READ_8M_US	269823
SMALL_DELETE_40_US	19903
APPEND_4K_1M_US	78975
APPEND_1K_256K_US	79422
APPEND_READ_1280K_US	45952
LIST_EXNEXT_40_ENTRIES_FIRST_PASS_US	6336
LIST_EXNEXT_40_ENTRIES_REPEAT10_TOTAL_US	31360
LIST_EXALL_40_ENTRIES_FIRST_PASS_US	4096
LIST_EXALL_40_ENTRIES_REPEAT10_TOTAL_US	9600
LIST_EXNEXT_400_ENTRIES_FIRST_PASS_US	60480
LIST_EXNEXT_400_ENTRIES_REPEAT10_TOTAL_US	553342
LIST_EXALL_400_ENTRIES_FIRST_PASS_US	35648
LIST_EXALL_400_ENTRIES_REPEAT10_TOTAL_US	371261
LIST_EXNEXT_1000_ENTRIES_FIRST_PASS_US	147516
LIST_EXNEXT_1000_ENTRIES_REPEAT10_TOTAL_US	1529080
LIST_EXALL_1000_ENTRIES_FIRST_PASS_US	97983
LIST_EXALL_1000_ENTRIES_REPEAT10_TOTAL_US	931195
PASS	1

=== PFS3 Results ===
FS_DURABLE_COMPARE	4
DRIVE	DH2:
SMALL_CREATE_40_US	17663
LOOKUP_400_US	66560
SMALL_READ_40_US	14720
LIST_EXNEXT_400_US	13631
LIST_EXALL_400_US	2625
SEQ_WRITE_8M_US	57792
SEQ_READ_8M_US	289470
SMALL_DELETE_40_US	9345
APPEND_4K_1M_US	33855
APPEND_1K_256K_US	27776
APPEND_READ_1280K_US	47552
LIST_EXNEXT_40_ENTRIES_FIRST_PASS_US	2688
LIST_EXNEXT_40_ENTRIES_REPEAT10_TOTAL_US	12033
LIST_EXALL_40_ENTRIES_FIRST_PASS_US	575
LIST_EXALL_40_ENTRIES_REPEAT10_TOTAL_US	2497
LIST_EXNEXT_400_ENTRIES_FIRST_PASS_US	13568
LIST_EXNEXT_400_ENTRIES_REPEAT10_TOTAL_US	112704
LIST_EXALL_400_ENTRIES_FIRST_PASS_US	2880
LIST_EXALL_400_ENTRIES_REPEAT10_TOTAL_US	20160
LIST_EXNEXT_1000_ENTRIES_FIRST_PASS_US	30975
LIST_EXNEXT_1000_ENTRIES_REPEAT10_TOTAL_US	287294
LIST_EXALL_1000_ENTRIES_FIRST_PASS_US	6656
LIST_EXALL_1000_ENTRIES_REPEAT10_TOTAL_US	50688
PASS	1
PASS: requested mounted-volume workload outputs are complete and data-checked
