=== BFS vs PFS3 Benchmark (FS-UAE 68040) ===
Evidence directory: /home/fabian/.cache/bfs-performance/listing-upgrade-2026-10-08.29qKRc/build/benchmark/cache-capacity-20261008-b64-1-bfs-first
Mode: compare
Timeout: 600s


=== Machine Info ===
# Machine Info
Kickstart 47.102, Workbench 47.2
System: 68040 68040/060-FPU   (INST: Cache Burst) (DATA: NoCache NoBurst)
Type  Available    In-Use   Maximum   Largest
chip    2028040     52728   2080768   2027968
fast    7548416    840192   8388608   7543336
total   9576456    892920  10469376   7543336


Mounted disks:
Unit      Size       Used       Free Full Errs   Status   Name
DF0       No disk present
DH0      4095M    4194304    4194303  50%   0  Read/Write System
DH1       255M         36      65372   0%   0  Read/Write BFSTest
DH2       Not a DOS disk

Volumes available:
BFSTest [Mounted]
System [Mounted]

=== BFS Results ===
FS_COMPARE_BENCH	4
DRIVE	DH1:
SMALL_CREATE_40_US	33086
LOOKUP_400_US	77248
SMALL_READ_40_US	20288
LIST_EXNEXT_400_US	30143
LIST_EXALL_400_US	8767
SEQ_WRITE_8M_US	43948
SEQ_READ_8M_US	273470
SMALL_DELETE_40_US	17280
APPEND_4K_1M_US	74240
APPEND_1K_256K_US	60352
APPEND_READ_1280K_US	45184
LIST_EXNEXT_40_ENTRIES_FIRST_PASS_US	6017
LIST_EXNEXT_40_ENTRIES_REPEAT10_TOTAL_US	34173
LIST_EXALL_40_ENTRIES_FIRST_PASS_US	5823
LIST_EXALL_40_ENTRIES_REPEAT10_TOTAL_US	14317
LIST_EXNEXT_400_ENTRIES_FIRST_PASS_US	92480
LIST_EXNEXT_400_ENTRIES_REPEAT10_TOTAL_US	636284
LIST_EXALL_400_ENTRIES_FIRST_PASS_US	41662
LIST_EXALL_400_ENTRIES_REPEAT10_TOTAL_US	366014
LIST_EXNEXT_1000_ENTRIES_FIRST_PASS_US	163801
LIST_EXNEXT_1000_ENTRIES_REPEAT10_TOTAL_US	1735158
LIST_EXALL_1000_ENTRIES_FIRST_PASS_US	143871
LIST_EXALL_1000_ENTRIES_REPEAT10_TOTAL_US	1061177
PASS	1

=== PFS3 Results ===
FS_COMPARE_BENCH	4
DRIVE	DH2:
SMALL_CREATE_40_US	17728
LOOKUP_400_US	69120
SMALL_READ_40_US	18816
LIST_EXNEXT_400_US	20160
LIST_EXALL_400_US	4480
SEQ_WRITE_8M_US	45440
SEQ_READ_8M_US	281790
SMALL_DELETE_40_US	7808
APPEND_4K_1M_US	36225
APPEND_1K_256K_US	23745
APPEND_READ_1280K_US	41151
LIST_EXNEXT_40_ENTRIES_FIRST_PASS_US	1662
LIST_EXNEXT_40_ENTRIES_REPEAT10_TOTAL_US	12031
LIST_EXALL_40_ENTRIES_FIRST_PASS_US	638
LIST_EXALL_40_ENTRIES_REPEAT10_TOTAL_US	2495
LIST_EXNEXT_400_ENTRIES_FIRST_PASS_US	13247
LIST_EXNEXT_400_ENTRIES_REPEAT10_TOTAL_US	112191
LIST_EXALL_400_ENTRIES_FIRST_PASS_US	3137
LIST_EXALL_400_ENTRIES_REPEAT10_TOTAL_US	20415
LIST_EXNEXT_1000_ENTRIES_FIRST_PASS_US	30080
LIST_EXNEXT_1000_ENTRIES_REPEAT10_TOTAL_US	279421
LIST_EXALL_1000_ENTRIES_FIRST_PASS_US	6785
LIST_EXALL_1000_ENTRIES_REPEAT10_TOTAL_US	50497
PASS	1
PASS: requested mounted-volume workload outputs are complete and data-checked
