=== BFS vs PFS3 Benchmark (FS-UAE 68040) ===
Evidence directory: /home/fabian/.cache/bfs-performance/relflags-2026-10-10.P6tt1r/results/relflags-6-pfs3-first-os-040
Mode: compare
Timeout: 600s


=== Machine Info ===
# Machine Info
Kickstart 47.102, Workbench 47.2
System: 68040 68040/060-FPU   (INST: Cache Burst) (DATA: NoCache NoBurst)
Type  Available    In-Use   Maximum   Largest
chip    2028040     52728   2080768   2027968
fast    7564008    824600   8388608   7558944
total   9592048    877328  10469376   7558944


Mounted disks:
Unit      Size       Used       Free Full Errs   Status   Name
DF0       No disk present
DH0      4095M    4194304    4194303  50%   0  Read/Write System
DH1       255M         36      65372   0%   0  Read/Write BFSTest
DH2       Not a DOS disk

Volumes available:
BFSTest [Mounted]
System [Mounted]

=== BFS Results ===
FS_COMPARE_BENCH	4
DRIVE	DH1:
SMALL_CREATE_40_US	31744
LOOKUP_400_US	61615
SMALL_READ_40_US	19135
LIST_EXNEXT_400_US	31104
LIST_EXALL_400_US	7937
SEQ_WRITE_8M_US	38145
SEQ_READ_8M_US	275390
SMALL_DELETE_40_US	15680
APPEND_4K_1M_US	70976
APPEND_1K_256K_US	58943
APPEND_READ_1280K_US	44416
LIST_EXNEXT_40_ENTRIES_FIRST_PASS_US	4864
LIST_EXNEXT_40_ENTRIES_REPEAT10_TOTAL_US	32320
LIST_EXALL_40_ENTRIES_FIRST_PASS_US	1983
LIST_EXALL_40_ENTRIES_REPEAT10_TOTAL_US	8895
LIST_EXNEXT_400_ENTRIES_FIRST_PASS_US	41920
LIST_EXNEXT_400_ENTRIES_REPEAT10_TOTAL_US	333502
LIST_EXALL_400_ENTRIES_FIRST_PASS_US	16512
LIST_EXALL_400_ENTRIES_REPEAT10_TOTAL_US	119167
LIST_EXNEXT_1000_ENTRIES_FIRST_PASS_US	108224
LIST_EXNEXT_1000_ENTRIES_REPEAT10_TOTAL_US	847355
LIST_EXALL_1000_ENTRIES_FIRST_PASS_US	41985
LIST_EXALL_1000_ENTRIES_REPEAT10_TOTAL_US	220799
PASS	1

=== PFS3 Results ===
FS_COMPARE_BENCH	4
DRIVE	DH2:
SMALL_CREATE_40_US	17985
LOOKUP_400_US	69185
SMALL_READ_40_US	14273
LIST_EXNEXT_400_US	12673
LIST_EXALL_400_US	2623
SEQ_WRITE_8M_US	41344
SEQ_READ_8M_US	266302
SMALL_DELETE_40_US	7807
APPEND_4K_1M_US	39680
APPEND_1K_256K_US	22919
APPEND_READ_1280K_US	41088
LIST_EXNEXT_40_ENTRIES_FIRST_PASS_US	1663
LIST_EXNEXT_40_ENTRIES_REPEAT10_TOTAL_US	12032
LIST_EXALL_40_ENTRIES_FIRST_PASS_US	575
LIST_EXALL_40_ENTRIES_REPEAT10_TOTAL_US	2432
LIST_EXNEXT_400_ENTRIES_FIRST_PASS_US	12674
LIST_EXNEXT_400_ENTRIES_REPEAT10_TOTAL_US	111743
LIST_EXALL_400_ENTRIES_FIRST_PASS_US	2880
LIST_EXALL_400_ENTRIES_REPEAT10_TOTAL_US	20096
LIST_EXNEXT_1000_ENTRIES_FIRST_PASS_US	30655
LIST_EXNEXT_1000_ENTRIES_REPEAT10_TOTAL_US	290430
LIST_EXALL_1000_ENTRIES_FIRST_PASS_US	6464
LIST_EXALL_1000_ENTRIES_REPEAT10_TOTAL_US	49728
PASS	1
PASS: requested mounted-volume workload outputs are complete and data-checked
