=== BFS vs PFS3 Benchmark (FS-UAE 68040) ===
Evidence directory: /home/fabian/.cache/bfs-performance/splitbatch-2026-10-10.USYRpP/results/splitbatch-6-pfs3-first-split
Mode: compare
Timeout: 600s


=== Machine Info ===
# Machine Info
Kickstart 47.102, Workbench 47.2
System: 68040 68040/060-FPU   (INST: Cache Burst) (DATA: NoCache NoBurst)
Type  Available    In-Use   Maximum   Largest
chip    2028040     52728   2080768   2027968
fast    7531224    857384   8388608   7526160
total   9559264    910112  10469376   7526160


Mounted disks:
Unit      Size       Used       Free Full Errs   Status   Name
DF0       No disk present
DH0      4095M    4194304    4194303  50%   0  Read/Write System
DH1       255M         36      65372   0%   0  Read/Write BFSTest
DH2       Not a DOS disk

Volumes available:
BFSTest [Mounted]
System [Mounted]

=== BFS Results ===
FS_COMPARE_BENCH	4
DRIVE	DH1:
SMALL_CREATE_40_US	28928
LOOKUP_400_US	59711
SMALL_READ_40_US	17728
LIST_EXNEXT_400_US	19969
LIST_EXALL_400_US	7745
SEQ_WRITE_8M_US	26815
SEQ_READ_8M_US	264319
SMALL_DELETE_40_US	13695
APPEND_4K_1M_US	50880
APPEND_1K_256K_US	42112
APPEND_READ_1280K_US	42496
LIST_EXNEXT_40_ENTRIES_FIRST_PASS_US	3200
LIST_EXNEXT_40_ENTRIES_REPEAT10_TOTAL_US	21695
LIST_EXALL_40_ENTRIES_FIRST_PASS_US	1983
LIST_EXALL_40_ENTRIES_REPEAT10_TOTAL_US	8767
LIST_EXNEXT_400_ENTRIES_FIRST_PASS_US	28800
LIST_EXNEXT_400_ENTRIES_REPEAT10_TOTAL_US	214142
LIST_EXALL_400_ENTRIES_FIRST_PASS_US	14464
LIST_EXALL_400_ENTRIES_REPEAT10_TOTAL_US	76031
LIST_EXNEXT_1000_ENTRIES_FIRST_PASS_US	70080
LIST_EXNEXT_1000_ENTRIES_REPEAT10_TOTAL_US	640124
LIST_EXALL_1000_ENTRIES_FIRST_PASS_US	36736
LIST_EXALL_1000_ENTRIES_REPEAT10_TOTAL_US	203263
PASS	1

=== PFS3 Results ===
FS_COMPARE_BENCH	4
DRIVE	DH2:
SMALL_CREATE_40_US	17728
LOOKUP_400_US	66111
SMALL_READ_40_US	14913
LIST_EXNEXT_400_US	12287
LIST_EXALL_400_US	2560
SEQ_WRITE_8M_US	42240
SEQ_READ_8M_US	273215
SMALL_DELETE_40_US	8000
APPEND_4K_1M_US	32191
APPEND_1K_256K_US	24065
APPEND_READ_1280K_US	40512
LIST_EXNEXT_40_ENTRIES_FIRST_PASS_US	1665
LIST_EXNEXT_40_ENTRIES_REPEAT10_TOTAL_US	12351
LIST_EXALL_40_ENTRIES_FIRST_PASS_US	577
LIST_EXALL_40_ENTRIES_REPEAT10_TOTAL_US	2560
LIST_EXNEXT_400_ENTRIES_FIRST_PASS_US	13057
LIST_EXNEXT_400_ENTRIES_REPEAT10_TOTAL_US	112256
LIST_EXALL_400_ENTRIES_FIRST_PASS_US	2880
LIST_EXALL_400_ENTRIES_REPEAT10_TOTAL_US	20864
LIST_EXNEXT_1000_ENTRIES_FIRST_PASS_US	33471
LIST_EXNEXT_1000_ENTRIES_REPEAT10_TOTAL_US	295997
LIST_EXALL_1000_ENTRIES_FIRST_PASS_US	6465
LIST_EXALL_1000_ENTRIES_REPEAT10_TOTAL_US	71551
PASS	1
PASS: requested mounted-volume workload outputs are complete and data-checked
