=== BFS vs PFS3 Benchmark (FS-UAE 68040) ===
Evidence directory: /home/fabian/.cache/bfs-performance/sparse-crc-2026-10-09.xN615F/candidate/build/benchmark/sparse-confirmation-20261009/confirm-durable-sparse-8-pfs3-first
Mode: durable-compare
Timeout: 600s


=== Machine Info ===
# Machine Info
Kickstart 47.102, Workbench 47.2
System: 68040 68040/060-FPU   (INST: Cache Burst) (DATA: NoCache NoBurst)
Type  Available    In-Use   Maximum   Largest
chip    2028040     52728   2080768   2027968
fast    7686824    701784   8388608   7681768
total   9714864    754512  10469376   7681768


Mounted disks:
Unit      Size       Used       Free Full Errs   Status   Name
DF0       No disk present
DH0      4095M    4194304    4194303  50%   0  Read/Write System
DH1       255M         36      65372   0%   0  Read/Write BFSTest
DH2       Not a DOS disk

Volumes available:
BFSTest [Mounted]
System [Mounted]

=== BFS Results ===
FS_DURABLE_COMPARE	4
DRIVE	DH1:
SMALL_CREATE_40_US	32767
LOOKUP_400_US	77503
SMALL_READ_40_US	19183
LIST_EXNEXT_400_US	33792
LIST_EXALL_400_US	9408
SEQ_WRITE_8M_US	38527
SEQ_READ_8M_US	270973
SMALL_DELETE_40_US	20415
APPEND_4K_1M_US	96511
APPEND_1K_256K_US	63231
APPEND_READ_1280K_US	53951
LIST_EXNEXT_40_ENTRIES_FIRST_PASS_US	5504
LIST_EXNEXT_40_ENTRIES_REPEAT10_TOTAL_US	32000
LIST_EXALL_40_ENTRIES_FIRST_PASS_US	3007
LIST_EXALL_40_ENTRIES_REPEAT10_TOTAL_US	9600
LIST_EXNEXT_400_ENTRIES_FIRST_PASS_US	50686
LIST_EXNEXT_400_ENTRIES_REPEAT10_TOTAL_US	646524
LIST_EXALL_400_ENTRIES_FIRST_PASS_US	30592
LIST_EXALL_400_ENTRIES_REPEAT10_TOTAL_US	323052
LIST_EXNEXT_1000_ENTRIES_FIRST_PASS_US	132094
LIST_EXNEXT_1000_ENTRIES_REPEAT10_TOTAL_US	1449272
LIST_EXALL_1000_ENTRIES_FIRST_PASS_US	74048
LIST_EXALL_1000_ENTRIES_REPEAT10_TOTAL_US	770172
PASS	1

=== PFS3 Results ===
FS_DURABLE_COMPARE	4
DRIVE	DH2:
SMALL_CREATE_40_US	18623
LOOKUP_400_US	71103
SMALL_READ_40_US	14911
LIST_EXNEXT_400_US	12928
LIST_EXALL_400_US	2688
SEQ_WRITE_8M_US	43488
SEQ_READ_8M_US	270398
SMALL_DELETE_40_US	9086
APPEND_4K_1M_US	35073
APPEND_1K_256K_US	28351
APPEND_READ_1280K_US	54910
LIST_EXNEXT_40_ENTRIES_FIRST_PASS_US	1664
LIST_EXNEXT_40_ENTRIES_REPEAT10_TOTAL_US	15999
LIST_EXALL_40_ENTRIES_FIRST_PASS_US	704
LIST_EXALL_40_ENTRIES_REPEAT10_TOTAL_US	2687
LIST_EXNEXT_400_ENTRIES_FIRST_PASS_US	12864
LIST_EXNEXT_400_ENTRIES_REPEAT10_TOTAL_US	114175
LIST_EXALL_400_ENTRIES_FIRST_PASS_US	2880
LIST_EXALL_400_ENTRIES_REPEAT10_TOTAL_US	20352
LIST_EXNEXT_1000_ENTRIES_FIRST_PASS_US	31745
LIST_EXNEXT_1000_ENTRIES_REPEAT10_TOTAL_US	301503
LIST_EXALL_1000_ENTRIES_FIRST_PASS_US	11328
LIST_EXALL_1000_ENTRIES_REPEAT10_TOTAL_US	60032
PASS	1
PASS: requested mounted-volume workload outputs are complete and data-checked
