=== BFS vs PFS3 Benchmark (FS-UAE 68040) ===
Evidence directory: /home/fabian/.cache/bfs-performance/status-2026-10-10.NvWrOR/results/status-7-bfs-first-release040
Mode: compare
Timeout: 600s


=== Machine Info ===
# Machine Info
Kickstart 47.102, Workbench 47.2
System: 68040 68040/060-FPU   (INST: Cache Burst) (DATA: NoCache NoBurst)
Type  Available    In-Use   Maximum   Largest
chip    2028040     52728   2080768   2027968
fast    7529008    859600   8388608   7523936
total   9557048    912328  10469376   7523936


Mounted disks:
Unit      Size       Used       Free Full Errs   Status   Name
DF0       No disk present
DH0      4095M    4194304    4194303  50%   0  Read/Write System
DH1       255M         36      65372   0%   0  Read/Write BFSTest
DH2       Not a DOS disk

Volumes available:
BFSTest [Mounted]
System [Mounted]

=== BFS Results ===
FS_COMPARE_BENCH	4
DRIVE	DH1:
SMALL_CREATE_40_US	28021
LOOKUP_400_US	58815
SMALL_READ_40_US	15615
LIST_EXNEXT_400_US	20287
LIST_EXALL_400_US	7233
SEQ_WRITE_8M_US	28225
SEQ_READ_8M_US	256062
SMALL_DELETE_40_US	13568
APPEND_4K_1M_US	54791
APPEND_1K_256K_US	44544
APPEND_READ_1280K_US	42816
LIST_EXNEXT_40_ENTRIES_FIRST_PASS_US	3585
LIST_EXNEXT_40_ENTRIES_REPEAT10_TOTAL_US	21037
LIST_EXALL_40_ENTRIES_FIRST_PASS_US	2240
LIST_EXALL_40_ENTRIES_REPEAT10_TOTAL_US	8065
LIST_EXNEXT_400_ENTRIES_FIRST_PASS_US	31870
LIST_EXNEXT_400_ENTRIES_REPEAT10_TOTAL_US	206783
LIST_EXALL_400_ENTRIES_FIRST_PASS_US	15872
LIST_EXALL_400_ENTRIES_REPEAT10_TOTAL_US	72128
LIST_EXNEXT_1000_ENTRIES_FIRST_PASS_US	79296
LIST_EXNEXT_1000_ENTRIES_REPEAT10_TOTAL_US	522172
LIST_EXALL_1000_ENTRIES_FIRST_PASS_US	37631
LIST_EXALL_1000_ENTRIES_REPEAT10_TOTAL_US	183229
PASS	1

=== PFS3 Results ===
FS_COMPARE_BENCH	4
DRIVE	DH2:
SMALL_CREATE_40_US	16256
LOOKUP_400_US	67903
SMALL_READ_40_US	14207
LIST_EXNEXT_400_US	11776
LIST_EXALL_400_US	2495
SEQ_WRITE_8M_US	37183
SEQ_READ_8M_US	257213
SMALL_DELETE_40_US	8063
APPEND_4K_1M_US	32768
APPEND_1K_256K_US	24512
APPEND_READ_1280K_US	40320
LIST_EXNEXT_40_ENTRIES_FIRST_PASS_US	1537
LIST_EXNEXT_40_ENTRIES_REPEAT10_TOTAL_US	12224
LIST_EXALL_40_ENTRIES_FIRST_PASS_US	512
LIST_EXALL_40_ENTRIES_REPEAT10_TOTAL_US	2496
LIST_EXNEXT_400_ENTRIES_FIRST_PASS_US	13183
LIST_EXNEXT_400_ENTRIES_REPEAT10_TOTAL_US	110271
LIST_EXALL_400_ENTRIES_FIRST_PASS_US	2625
LIST_EXALL_400_ENTRIES_REPEAT10_TOTAL_US	20096
LIST_EXNEXT_1000_ENTRIES_FIRST_PASS_US	31488
LIST_EXNEXT_1000_ENTRIES_REPEAT10_TOTAL_US	285438
LIST_EXALL_1000_ENTRIES_FIRST_PASS_US	7680
LIST_EXALL_1000_ENTRIES_REPEAT10_TOTAL_US	51584
PASS	1
PASS: requested mounted-volume workload outputs are complete and data-checked
