=== BFS vs PFS3 Benchmark (FS-UAE 68040) ===
Evidence directory: /home/fabian/.cache/bfs-performance/listing-upgrade-2026-10-08.29qKRc/build/benchmark/leaf-range-pilot-20261008-range-1-bfs-first
Mode: compare
Timeout: 600s


=== Machine Info ===
# Machine Info
Kickstart 47.102, Workbench 47.2
System: 68040 68040/060-FPU   (INST: Cache Burst) (DATA: NoCache NoBurst)
Type  Available    In-Use   Maximum   Largest
chip    2028040     52728   2080768   2027968
fast    7687656    700952   8388608   7682616
total   9715696    753680  10469376   7682616


Mounted disks:
Unit      Size       Used       Free Full Errs   Status   Name
DF0       No disk present
DH0      4095M    4194304    4194303  50%   0  Read/Write System
DH1       255M         36      65372   0%   0  Read/Write BFSTest
DH2       Not a DOS disk

Volumes available:
BFSTest [Mounted]
System [Mounted]

=== BFS Results ===
FS_COMPARE_BENCH	4
DRIVE	DH1:
SMALL_CREATE_40_US	29376
LOOKUP_400_US	76224
SMALL_READ_40_US	20928
LIST_EXNEXT_400_US	30720
LIST_EXALL_400_US	8768
SEQ_WRITE_8M_US	39232
SEQ_READ_8M_US	284542
SMALL_DELETE_40_US	17663
APPEND_4K_1M_US	106239
APPEND_1K_256K_US	64960
APPEND_READ_1280K_US	45503
LIST_EXNEXT_40_ENTRIES_FIRST_PASS_US	6207
LIST_EXNEXT_40_ENTRIES_REPEAT10_TOTAL_US	34239
LIST_EXALL_40_ENTRIES_FIRST_PASS_US	3840
LIST_EXALL_40_ENTRIES_REPEAT10_TOTAL_US	11073
LIST_EXNEXT_400_ENTRIES_FIRST_PASS_US	63361
LIST_EXNEXT_400_ENTRIES_REPEAT10_TOTAL_US	637626
LIST_EXALL_400_ENTRIES_FIRST_PASS_US	34816
LIST_EXALL_400_ENTRIES_REPEAT10_TOTAL_US	355325
LIST_EXNEXT_1000_ENTRIES_FIRST_PASS_US	147006
LIST_EXNEXT_1000_ENTRIES_REPEAT10_TOTAL_US	1601591
LIST_EXALL_1000_ENTRIES_FIRST_PASS_US	109245
LIST_EXALL_1000_ENTRIES_REPEAT10_TOTAL_US	976635
PASS	1

=== PFS3 Results ===
FS_COMPARE_BENCH	4
DRIVE	DH2:
SMALL_CREATE_40_US	18049
LOOKUP_400_US	70783
SMALL_READ_40_US	13631
LIST_EXNEXT_400_US	20543
LIST_EXALL_400_US	3967
SEQ_WRITE_8M_US	45952
SEQ_READ_8M_US	257663
SMALL_DELETE_40_US	7873
APPEND_4K_1M_US	41152
APPEND_1K_256K_US	35200
APPEND_READ_1280K_US	52480
LIST_EXNEXT_40_ENTRIES_FIRST_PASS_US	1535
LIST_EXNEXT_40_ENTRIES_REPEAT10_TOTAL_US	12672
LIST_EXALL_40_ENTRIES_FIRST_PASS_US	702
LIST_EXALL_40_ENTRIES_REPEAT10_TOTAL_US	2433
LIST_EXNEXT_400_ENTRIES_FIRST_PASS_US	13056
LIST_EXNEXT_400_ENTRIES_REPEAT10_TOTAL_US	135039
LIST_EXALL_400_ENTRIES_FIRST_PASS_US	3905
LIST_EXALL_400_ENTRIES_REPEAT10_TOTAL_US	21057
LIST_EXNEXT_1000_ENTRIES_FIRST_PASS_US	30208
LIST_EXNEXT_1000_ENTRIES_REPEAT10_TOTAL_US	279359
LIST_EXALL_1000_ENTRIES_FIRST_PASS_US	8958
LIST_EXALL_1000_ENTRIES_REPEAT10_TOTAL_US	57983
PASS	1
PASS: requested mounted-volume workload outputs are complete and data-checked
