=== BFS vs PFS3 Benchmark (FS-UAE 68040) ===
Evidence directory: /home/fabian/.cache/bfs-performance/relflags-2026-10-10.P6tt1r/results/relflags-6-pfs3-first-o2-020
Mode: compare
Timeout: 600s


=== Machine Info ===
# Machine Info
Kickstart 47.102, Workbench 47.2
System: 68040 68040/060-FPU   (INST: Cache Burst) (DATA: NoCache NoBurst)
Type  Available    In-Use   Maximum   Largest
chip    2028040     52728   2080768   2027968
fast    7534464    854144   8388608   7529392
total   9562504    906872  10469376   7529392


Mounted disks:
Unit      Size       Used       Free Full Errs   Status   Name
DF0       No disk present
DH0      4095M    4194304    4194303  50%   0  Read/Write System
DH1       255M         36      65372   0%   0  Read/Write BFSTest
DH2       Not a DOS disk

Volumes available:
BFSTest [Mounted]
System [Mounted]

=== BFS Results ===
FS_COMPARE_BENCH	4
DRIVE	DH1:
SMALL_CREATE_40_US	29503
LOOKUP_400_US	69055
SMALL_READ_40_US	17344
LIST_EXNEXT_400_US	28160
LIST_EXALL_400_US	7615
SEQ_WRITE_8M_US	37633
SEQ_READ_8M_US	256384
SMALL_DELETE_40_US	13888
APPEND_4K_1M_US	68094
APPEND_1K_256K_US	67648
APPEND_READ_1280K_US	44351
LIST_EXNEXT_40_ENTRIES_FIRST_PASS_US	4223
LIST_EXNEXT_40_ENTRIES_REPEAT10_TOTAL_US	28479
LIST_EXALL_40_ENTRIES_FIRST_PASS_US	1664
LIST_EXALL_40_ENTRIES_REPEAT10_TOTAL_US	8320
LIST_EXNEXT_400_ENTRIES_FIRST_PASS_US	35648
LIST_EXNEXT_400_ENTRIES_REPEAT10_TOTAL_US	286335
LIST_EXALL_400_ENTRIES_FIRST_PASS_US	14848
LIST_EXALL_400_ENTRIES_REPEAT10_TOTAL_US	75631
LIST_EXNEXT_1000_ENTRIES_FIRST_PASS_US	90688
LIST_EXNEXT_1000_ENTRIES_REPEAT10_TOTAL_US	722493
LIST_EXALL_1000_ENTRIES_FIRST_PASS_US	39743
LIST_EXALL_1000_ENTRIES_REPEAT10_TOTAL_US	190270
PASS	1

=== PFS3 Results ===
FS_COMPARE_BENCH	4
DRIVE	DH2:
SMALL_CREATE_40_US	21568
LOOKUP_400_US	67584
SMALL_READ_40_US	13503
LIST_EXNEXT_400_US	12353
LIST_EXALL_400_US	2496
SEQ_WRITE_8M_US	39872
SEQ_READ_8M_US	263936
SMALL_DELETE_40_US	7937
APPEND_4K_1M_US	33965
APPEND_1K_256K_US	25343
APPEND_READ_1280K_US	51437
LIST_EXNEXT_40_ENTRIES_FIRST_PASS_US	1728
LIST_EXNEXT_40_ENTRIES_REPEAT10_TOTAL_US	11840
LIST_EXALL_40_ENTRIES_FIRST_PASS_US	577
LIST_EXALL_40_ENTRIES_REPEAT10_TOTAL_US	2797
LIST_EXNEXT_400_ENTRIES_FIRST_PASS_US	12864
LIST_EXNEXT_400_ENTRIES_REPEAT10_TOTAL_US	122366
LIST_EXALL_400_ENTRIES_FIRST_PASS_US	2817
LIST_EXALL_400_ENTRIES_REPEAT10_TOTAL_US	20223
LIST_EXNEXT_1000_ENTRIES_FIRST_PASS_US	31936
LIST_EXNEXT_1000_ENTRIES_REPEAT10_TOTAL_US	279228
LIST_EXALL_1000_ENTRIES_FIRST_PASS_US	7168
LIST_EXALL_1000_ENTRIES_REPEAT10_TOTAL_US	50687
PASS	1
PASS: requested mounted-volume workload outputs are complete and data-checked
