=== BFS vs PFS3 Benchmark (FS-UAE 68040) ===
Evidence directory: /home/fabian/.cache/bfs-performance/sparse-crc-2026-10-09.xN615F/candidate/build/benchmark/sparse-confirmation-20261009/confirm-aa-normal-m5a-1-bfs-first
Mode: compare
Timeout: 600s


=== Machine Info ===
# Machine Info
Kickstart 47.102, Workbench 47.2
System: 68040 68040/060-FPU   (INST: Cache Burst) (DATA: NoCache NoBurst)
Type  Available    In-Use   Maximum   Largest
chip    2028040     52728   2080768   2027968
fast    7687256    701352   8388608   7682200
total   9715296    754080  10469376   7682200


Mounted disks:
Unit      Size       Used       Free Full Errs   Status   Name
DF0       No disk present
DH0      4095M    4194304    4194303  50%   0  Read/Write System
DH1       255M         36      65372   0%   0  Read/Write BFSTest
DH2       Not a DOS disk

Volumes available:
BFSTest [Mounted]
System [Mounted]

=== BFS Results ===
FS_COMPARE_BENCH	4
DRIVE	DH1:
SMALL_CREATE_40_US	53887
LOOKUP_400_US	79040
SMALL_READ_40_US	19775
LIST_EXNEXT_400_US	31871
LIST_EXALL_400_US	9729
SEQ_WRITE_8M_US	39873
SEQ_READ_8M_US	269375
SMALL_DELETE_40_US	17791
APPEND_4K_1M_US	76352
APPEND_1K_256K_US	62078
APPEND_READ_1280K_US	52224
LIST_EXNEXT_40_ENTRIES_FIRST_PASS_US	6402
LIST_EXNEXT_40_ENTRIES_REPEAT10_TOTAL_US	47615
LIST_EXALL_40_ENTRIES_FIRST_PASS_US	11072
LIST_EXALL_40_ENTRIES_REPEAT10_TOTAL_US	33280
LIST_EXNEXT_400_ENTRIES_FIRST_PASS_US	77633
LIST_EXNEXT_400_ENTRIES_REPEAT10_TOTAL_US	585468
LIST_EXALL_400_ENTRIES_FIRST_PASS_US	35135
LIST_EXALL_400_ENTRIES_REPEAT10_TOTAL_US	360061
LIST_EXNEXT_1000_ENTRIES_FIRST_PASS_US	154304
LIST_EXNEXT_1000_ENTRIES_REPEAT10_TOTAL_US	1618039
LIST_EXALL_1000_ENTRIES_FIRST_PASS_US	100031
LIST_EXALL_1000_ENTRIES_REPEAT10_TOTAL_US	932411
PASS	1

=== PFS3 Results ===
FS_COMPARE_BENCH	4
DRIVE	DH2:
SMALL_CREATE_40_US	17600
LOOKUP_400_US	67135
SMALL_READ_40_US	13631
LIST_EXNEXT_400_US	12288
LIST_EXALL_400_US	2558
SEQ_WRITE_8M_US	41023
SEQ_READ_8M_US	272510
SMALL_DELETE_40_US	8127
APPEND_4K_1M_US	45888
APPEND_1K_256K_US	44031
APPEND_READ_1280K_US	42368
LIST_EXNEXT_40_ENTRIES_FIRST_PASS_US	2624
LIST_EXNEXT_40_ENTRIES_REPEAT10_TOTAL_US	18880
LIST_EXALL_40_ENTRIES_FIRST_PASS_US	640
LIST_EXALL_40_ENTRIES_REPEAT10_TOTAL_US	2624
LIST_EXNEXT_400_ENTRIES_FIRST_PASS_US	13760
LIST_EXNEXT_400_ENTRIES_REPEAT10_TOTAL_US	113727
LIST_EXALL_400_ENTRIES_FIRST_PASS_US	2880
LIST_EXALL_400_ENTRIES_REPEAT10_TOTAL_US	20864
LIST_EXNEXT_1000_ENTRIES_FIRST_PASS_US	30719
LIST_EXNEXT_1000_ENTRIES_REPEAT10_TOTAL_US	299839
LIST_EXALL_1000_ENTRIES_FIRST_PASS_US	8960
LIST_EXALL_1000_ENTRIES_REPEAT10_TOTAL_US	62911
PASS	1
PASS: requested mounted-volume workload outputs are complete and data-checked
