=== BFS vs PFS3 Benchmark (FS-UAE 68040) ===
Evidence directory: /home/fabian/.cache/bfs-performance/exnext-2026-10-10.8MRoga/results/exnext-8-pfs3-first-reference
Mode: compare
Timeout: 600s


=== Machine Info ===
# Machine Info
Kickstart 47.102, Workbench 47.2
System: 68040 68040/060-FPU   (INST: Cache Burst) (DATA: NoCache NoBurst)
Type  Available    In-Use   Maximum   Largest
chip    2028040     52728   2080768   2027968
fast    7532616    855992   8388608   7527544
total   9560656    908720  10469376   7527544


Mounted disks:
Unit      Size       Used       Free Full Errs   Status   Name
DF0       No disk present
DH0      4095M    4194304    4194303  50%   0  Read/Write System
DH1       255M         36      65372   0%   0  Read/Write BFSTest
DH2       Not a DOS disk

Volumes available:
BFSTest [Mounted]
System [Mounted]

=== BFS Results ===
FS_COMPARE_BENCH	4
DRIVE	DH1:
SMALL_CREATE_40_US	30848
LOOKUP_400_US	59263
SMALL_READ_40_US	18112
LIST_EXNEXT_400_US	27265
LIST_EXALL_400_US	7999
SEQ_WRITE_8M_US	33280
SEQ_READ_8M_US	260414
SMALL_DELETE_40_US	13633
APPEND_4K_1M_US	52971
APPEND_1K_256K_US	42689
APPEND_READ_1280K_US	44223
LIST_EXNEXT_40_ENTRIES_FIRST_PASS_US	4839
LIST_EXNEXT_40_ENTRIES_REPEAT10_TOTAL_US	29056
LIST_EXALL_40_ENTRIES_FIRST_PASS_US	1920
LIST_EXALL_40_ENTRIES_REPEAT10_TOTAL_US	8959
LIST_EXNEXT_400_ENTRIES_FIRST_PASS_US	38400
LIST_EXNEXT_400_ENTRIES_REPEAT10_TOTAL_US	298815
LIST_EXALL_400_ENTRIES_FIRST_PASS_US	16000
LIST_EXALL_400_ENTRIES_REPEAT10_TOTAL_US	79232
LIST_EXNEXT_1000_ENTRIES_FIRST_PASS_US	95295
LIST_EXNEXT_1000_ENTRIES_REPEAT10_TOTAL_US	728380
LIST_EXALL_1000_ENTRIES_FIRST_PASS_US	43646
LIST_EXALL_1000_ENTRIES_REPEAT10_TOTAL_US	209404
PASS	1

=== PFS3 Results ===
FS_COMPARE_BENCH	4
DRIVE	DH2:
SMALL_CREATE_40_US	17536
LOOKUP_400_US	70014
SMALL_READ_40_US	16640
LIST_EXNEXT_400_US	12543
LIST_EXALL_400_US	2476
SEQ_WRITE_8M_US	40064
SEQ_READ_8M_US	259262
SMALL_DELETE_40_US	7872
APPEND_4K_1M_US	33728
APPEND_1K_256K_US	23680
APPEND_READ_1280K_US	40960
LIST_EXNEXT_40_ENTRIES_FIRST_PASS_US	2560
LIST_EXNEXT_40_ENTRIES_REPEAT10_TOTAL_US	11904
LIST_EXALL_40_ENTRIES_FIRST_PASS_US	640
LIST_EXALL_40_ENTRIES_REPEAT10_TOTAL_US	2561
LIST_EXNEXT_400_ENTRIES_FIRST_PASS_US	13504
LIST_EXNEXT_400_ENTRIES_REPEAT10_TOTAL_US	112383
LIST_EXALL_400_ENTRIES_FIRST_PASS_US	2945
LIST_EXALL_400_ENTRIES_REPEAT10_TOTAL_US	20736
LIST_EXNEXT_1000_ENTRIES_FIRST_PASS_US	31999
LIST_EXNEXT_1000_ENTRIES_REPEAT10_TOTAL_US	292735
LIST_EXALL_1000_ENTRIES_FIRST_PASS_US	6337
LIST_EXALL_1000_ENTRIES_REPEAT10_TOTAL_US	50496
PASS	1
PASS: requested mounted-volume workload outputs are complete and data-checked
