=== BFS vs PFS3 Benchmark (FS-UAE 68040) ===
Evidence directory: /home/fabian/.cache/bfs-performance/append-attr2-2026-10-10.xibtLq/results/append2-prod-4-pfs3-first-mid
Mode: compare
Timeout: 600s


=== Machine Info ===
# Machine Info
Kickstart 47.102, Workbench 47.2
System: 68040 68040/060-FPU   (INST: Cache Burst) (DATA: NoCache NoBurst)
Type  Available    In-Use   Maximum   Largest
chip    2028040     52728   2080768   2027968
fast    7532072    856536   8388608   7526984
total   9560112    909264  10469376   7526984


Mounted disks:
Unit      Size       Used       Free Full Errs   Status   Name
DF0       No disk present
DH0      4095M    4194304    4194303  50%   0  Read/Write System
DH1       255M         36      65372   0%   0  Read/Write BFSTest
DH2       Not a DOS disk

Volumes available:
BFSTest [Mounted]
System [Mounted]

=== BFS Results ===
FS_COMPARE_BENCH	4
DRIVE	DH1:
SMALL_CREATE_40_US	32065
LOOKUP_400_US	60223
SMALL_READ_40_US	17280
LIST_EXNEXT_400_US	27199
LIST_EXALL_400_US	7937
SEQ_WRITE_8M_US	28160
SEQ_READ_8M_US	256510
SMALL_DELETE_40_US	13633
APPEND_4K_1M_US	61515
APPEND_1K_256K_US	43263
APPEND_READ_1280K_US	43713
LIST_EXNEXT_40_ENTRIES_FIRST_PASS_US	4415
LIST_EXNEXT_40_ENTRIES_REPEAT10_TOTAL_US	28480
LIST_EXALL_40_ENTRIES_FIRST_PASS_US	1792
LIST_EXALL_40_ENTRIES_REPEAT10_TOTAL_US	8513
LIST_EXNEXT_400_ENTRIES_FIRST_PASS_US	35905
LIST_EXNEXT_400_ENTRIES_REPEAT10_TOTAL_US	293821
LIST_EXALL_400_ENTRIES_FIRST_PASS_US	15232
LIST_EXALL_400_ENTRIES_REPEAT10_TOTAL_US	75583
LIST_EXNEXT_1000_ENTRIES_FIRST_PASS_US	93824
LIST_EXNEXT_1000_ENTRIES_REPEAT10_TOTAL_US	714939
LIST_EXALL_1000_ENTRIES_FIRST_PASS_US	36991
LIST_EXALL_1000_ENTRIES_REPEAT10_TOTAL_US	190592
PASS	1

=== PFS3 Results ===
FS_COMPARE_BENCH	4
DRIVE	DH2:
SMALL_CREATE_40_US	16575
LOOKUP_400_US	65664
SMALL_READ_40_US	13248
LIST_EXNEXT_400_US	12095
LIST_EXALL_400_US	2369
SEQ_WRITE_8M_US	39808
SEQ_READ_8M_US	266175
SMALL_DELETE_40_US	8257
APPEND_4K_1M_US	32329
APPEND_1K_256K_US	23295
APPEND_READ_1280K_US	41471
LIST_EXNEXT_40_ENTRIES_FIRST_PASS_US	1664
LIST_EXNEXT_40_ENTRIES_REPEAT10_TOTAL_US	12095
LIST_EXALL_40_ENTRIES_FIRST_PASS_US	575
LIST_EXALL_40_ENTRIES_REPEAT10_TOTAL_US	2560
LIST_EXNEXT_400_ENTRIES_FIRST_PASS_US	12865
LIST_EXNEXT_400_ENTRIES_REPEAT10_TOTAL_US	119743
LIST_EXALL_400_ENTRIES_FIRST_PASS_US	3135
LIST_EXALL_400_ENTRIES_REPEAT10_TOTAL_US	20225
LIST_EXNEXT_1000_ENTRIES_FIRST_PASS_US	31997
LIST_EXNEXT_1000_ENTRIES_REPEAT10_TOTAL_US	287358
LIST_EXALL_1000_ENTRIES_FIRST_PASS_US	6400
LIST_EXALL_1000_ENTRIES_REPEAT10_TOTAL_US	53760
PASS	1
PASS: requested mounted-volume workload outputs are complete and data-checked
