=== BFS vs PFS3 Benchmark (FS-UAE 68040) ===
Evidence directory: /home/fabian/.cache/bfs-performance/metadata-2026-10-08.QvzB5w/build/benchmark/metadata-v4-c8-20261008-base-1-bfs-first
Mode: compare
Timeout: 600s


=== Machine Info ===
# Machine Info
Kickstart 47.102, Workbench 47.2
System: 68040 68040/060-FPU   (INST: Cache Burst) (DATA: NoCache NoBurst)
Type  Available    In-Use   Maximum   Largest
chip    2028040     52728   2080768   2027968
fast    7694936    693672   8388608   7689880
total   9722976    746400  10469376   7689880


Mounted disks:
Unit      Size       Used       Free Full Errs   Status   Name
DF0       No disk present
DH0      4095M    4194304    4194303  50%   0  Read/Write System
DH1       255M         36      65372   0%   0  Read/Write BFSTest
DH2       Not a DOS disk

Volumes available:
BFSTest [Mounted]
System [Mounted]

=== BFS Results ===
FS_COMPARE_BENCH	4
DRIVE	DH1:
SMALL_CREATE_40_US	29377
LOOKUP_400_US	73216
SMALL_READ_40_US	20225
LIST_EXNEXT_400_US	32513
LIST_EXALL_400_US	8640
SEQ_WRITE_8M_US	36798
SEQ_READ_8M_US	264319
SMALL_DELETE_40_US	16895
APPEND_4K_1M_US	70207
APPEND_1K_256K_US	79616
APPEND_READ_1280K_US	43713
LIST_EXNEXT_40_ENTRIES_FIRST_PASS_US	6271
LIST_EXNEXT_40_ENTRIES_REPEAT10_TOTAL_US	34622
LIST_EXALL_40_ENTRIES_FIRST_PASS_US	3712
LIST_EXALL_40_ENTRIES_REPEAT10_TOTAL_US	12609
LIST_EXNEXT_400_ENTRIES_FIRST_PASS_US	62657
LIST_EXNEXT_400_ENTRIES_REPEAT10_TOTAL_US	720699
LIST_EXALL_400_ENTRIES_FIRST_PASS_US	40128
LIST_EXALL_400_ENTRIES_REPEAT10_TOTAL_US	395518
LIST_EXNEXT_1000_ENTRIES_FIRST_PASS_US	159039
LIST_EXNEXT_1000_ENTRIES_REPEAT10_TOTAL_US	1690871
LIST_EXALL_1000_ENTRIES_FIRST_PASS_US	143999
LIST_EXALL_1000_ENTRIES_REPEAT10_TOTAL_US	1021499
PASS	1

=== PFS3 Results ===
FS_COMPARE_BENCH	4
DRIVE	DH2:
SMALL_CREATE_40_US	31679
LOOKUP_400_US	92992
SMALL_READ_40_US	13376
LIST_EXNEXT_400_US	12031
LIST_EXALL_400_US	2623
SEQ_WRITE_8M_US	40511
SEQ_READ_8M_US	349630
SMALL_DELETE_40_US	11265
APPEND_4K_1M_US	46527
APPEND_1K_256K_US	23104
APPEND_READ_1280K_US	41216
LIST_EXNEXT_40_ENTRIES_FIRST_PASS_US	1792
LIST_EXNEXT_40_ENTRIES_REPEAT10_TOTAL_US	11905
LIST_EXALL_40_ENTRIES_FIRST_PASS_US	514
LIST_EXALL_40_ENTRIES_REPEAT10_TOTAL_US	2560
LIST_EXNEXT_400_ENTRIES_FIRST_PASS_US	13119
LIST_EXNEXT_400_ENTRIES_REPEAT10_TOTAL_US	113663
LIST_EXALL_400_ENTRIES_FIRST_PASS_US	2752
LIST_EXALL_400_ENTRIES_REPEAT10_TOTAL_US	20544
LIST_EXNEXT_1000_ENTRIES_FIRST_PASS_US	32215
LIST_EXNEXT_1000_ENTRIES_REPEAT10_TOTAL_US	284524
LIST_EXALL_1000_ENTRIES_FIRST_PASS_US	6593
LIST_EXALL_1000_ENTRIES_REPEAT10_TOTAL_US	50624
PASS	1
PASS: requested mounted-volume workload outputs are complete and data-checked
