=== BFS vs PFS3 Benchmark (FS-UAE 68040) ===
Evidence directory: /home/fabian/.cache/bfs-performance/prodcodegen-pilot-2026-10-10.rjXGlO/results/prodcodegen-6-pfs3-first-release040
Mode: compare
Timeout: 600s


=== Machine Info ===
# Machine Info
Kickstart 47.102, Workbench 47.2
System: 68040 68040/060-FPU   (INST: Cache Burst) (DATA: NoCache NoBurst)
Type  Available    In-Use   Maximum   Largest
chip    2028040     52728   2080768   2027968
fast    7563224    825384   8388608   7558128
total   9591264    878112  10469376   7558128


Mounted disks:
Unit      Size       Used       Free Full Errs   Status   Name
DF0       No disk present
DH0      4095M    4194304    4194303  50%   0  Read/Write System
DH1       255M         36      65372   0%   0  Read/Write BFSTest
DH2       Not a DOS disk

Volumes available:
BFSTest [Mounted]
System [Mounted]

=== BFS Results ===
FS_COMPARE_BENCH	4
DRIVE	DH1:
SMALL_CREATE_40_US	34752
LOOKUP_400_US	65153
SMALL_READ_40_US	20480
LIST_EXNEXT_400_US	31743
LIST_EXALL_400_US	9024
SEQ_WRITE_8M_US	40064
SEQ_READ_8M_US	280207
SMALL_DELETE_40_US	16702
APPEND_4K_1M_US	76864
APPEND_1K_256K_US	61503
APPEND_READ_1280K_US	47468
LIST_EXNEXT_40_ENTRIES_FIRST_PASS_US	5696
LIST_EXNEXT_40_ENTRIES_REPEAT10_TOTAL_US	33408
LIST_EXALL_40_ENTRIES_FIRST_PASS_US	2048
LIST_EXALL_40_ENTRIES_REPEAT10_TOTAL_US	9985
LIST_EXNEXT_400_ENTRIES_FIRST_PASS_US	43903
LIST_EXNEXT_400_ENTRIES_REPEAT10_TOTAL_US	345918
LIST_EXALL_400_ENTRIES_FIRST_PASS_US	20032
LIST_EXALL_400_ENTRIES_REPEAT10_TOTAL_US	90431
LIST_EXNEXT_1000_ENTRIES_FIRST_PASS_US	120574
LIST_EXNEXT_1000_ENTRIES_REPEAT10_TOTAL_US	844988
LIST_EXALL_1000_ENTRIES_FIRST_PASS_US	47871
LIST_EXALL_1000_ENTRIES_REPEAT10_TOTAL_US	239167
PASS	1

=== PFS3 Results ===
FS_COMPARE_BENCH	4
DRIVE	DH2:
SMALL_CREATE_40_US	16960
LOOKUP_400_US	65215
SMALL_READ_40_US	13952
LIST_EXNEXT_400_US	11711
LIST_EXALL_400_US	2368
SEQ_WRITE_8M_US	38977
SEQ_READ_8M_US	271806
SMALL_DELETE_40_US	7999
APPEND_4K_1M_US	32193
APPEND_1K_256K_US	22976
APPEND_READ_1280K_US	40639
LIST_EXNEXT_40_ENTRIES_FIRST_PASS_US	1600
LIST_EXNEXT_40_ENTRIES_REPEAT10_TOTAL_US	15038
LIST_EXALL_40_ENTRIES_FIRST_PASS_US	767
LIST_EXALL_40_ENTRIES_REPEAT10_TOTAL_US	3905
LIST_EXNEXT_400_ENTRIES_FIRST_PASS_US	17985
LIST_EXNEXT_400_ENTRIES_REPEAT10_TOTAL_US	109951
LIST_EXALL_400_ENTRIES_FIRST_PASS_US	2689
LIST_EXALL_400_ENTRIES_REPEAT10_TOTAL_US	20097
LIST_EXNEXT_1000_ENTRIES_FIRST_PASS_US	31232
LIST_EXNEXT_1000_ENTRIES_REPEAT10_TOTAL_US	276159
LIST_EXALL_1000_ENTRIES_FIRST_PASS_US	6528
LIST_EXALL_1000_ENTRIES_REPEAT10_TOTAL_US	61632
PASS	1
PASS: requested mounted-volume workload outputs are complete and data-checked
