=== BFS vs PFS3 Benchmark (FS-UAE 68040) ===
Evidence directory: /home/fabian/.cache/bfs-performance/exact-fastpath-2026-10-09.hdq3J0/build/benchmark/exact-key-normal-20261009-m3-5-bfs-first
Mode: compare
Timeout: 600s


=== Machine Info ===
# Machine Info
Kickstart 47.102, Workbench 47.2
System: 68040 68040/060-FPU   (INST: Cache Burst) (DATA: NoCache NoBurst)
Type  Available    In-Use   Maximum   Largest
chip    2028040     52728   2080768   2027968
fast    7689920    698688   8388608   7684880
total   9717960    751416  10469376   7684880


Mounted disks:
Unit      Size       Used       Free Full Errs   Status   Name
DF0       No disk present
DH0      4095M    4194304    4194303  50%   0  Read/Write System
DH1       255M         36      65372   0%   0  Read/Write BFSTest
DH2       Not a DOS disk

Volumes available:
BFSTest [Mounted]
System [Mounted]

=== BFS Results ===
FS_COMPARE_BENCH	4
DRIVE	DH1:
SMALL_CREATE_40_US	33920
LOOKUP_400_US	78335
SMALL_READ_40_US	20290
LIST_EXNEXT_400_US	30336
LIST_EXALL_400_US	8895
SEQ_WRITE_8M_US	35712
SEQ_READ_8M_US	265406
SMALL_DELETE_40_US	16959
APPEND_4K_1M_US	70016
APPEND_1K_256K_US	57472
APPEND_READ_1280K_US	42688
LIST_EXNEXT_40_ENTRIES_FIRST_PASS_US	6143
LIST_EXNEXT_40_ENTRIES_REPEAT10_TOTAL_US	31103
LIST_EXALL_40_ENTRIES_FIRST_PASS_US	3840
LIST_EXALL_40_ENTRIES_REPEAT10_TOTAL_US	9088
LIST_EXNEXT_400_ENTRIES_FIRST_PASS_US	59840
LIST_EXNEXT_400_ENTRIES_REPEAT10_TOTAL_US	686202
LIST_EXALL_400_ENTRIES_FIRST_PASS_US	37823
LIST_EXALL_400_ENTRIES_REPEAT10_TOTAL_US	405310
LIST_EXNEXT_1000_ENTRIES_FIRST_PASS_US	153725
LIST_EXNEXT_1000_ENTRIES_REPEAT10_TOTAL_US	1589943
LIST_EXALL_1000_ENTRIES_FIRST_PASS_US	91905
LIST_EXALL_1000_ENTRIES_REPEAT10_TOTAL_US	992251
PASS	1

=== PFS3 Results ===
FS_COMPARE_BENCH	4
DRIVE	DH2:
SMALL_CREATE_40_US	17600
LOOKUP_400_US	65343
SMALL_READ_40_US	14273
LIST_EXNEXT_400_US	12032
LIST_EXALL_400_US	2497
SEQ_WRITE_8M_US	43648
SEQ_READ_8M_US	256190
SMALL_DELETE_40_US	7937
APPEND_4K_1M_US	34432
APPEND_1K_256K_US	23936
APPEND_READ_1280K_US	40705
LIST_EXNEXT_40_ENTRIES_FIRST_PASS_US	1728
LIST_EXNEXT_40_ENTRIES_REPEAT10_TOTAL_US	12417
LIST_EXALL_40_ENTRIES_FIRST_PASS_US	705
LIST_EXALL_40_ENTRIES_REPEAT10_TOTAL_US	2495
LIST_EXNEXT_400_ENTRIES_FIRST_PASS_US	13184
LIST_EXNEXT_400_ENTRIES_REPEAT10_TOTAL_US	113279
LIST_EXALL_400_ENTRIES_FIRST_PASS_US	3136
LIST_EXALL_400_ENTRIES_REPEAT10_TOTAL_US	20352
LIST_EXNEXT_1000_ENTRIES_FIRST_PASS_US	33728
LIST_EXNEXT_1000_ENTRIES_REPEAT10_TOTAL_US	281087
LIST_EXALL_1000_ENTRIES_FIRST_PASS_US	6400
LIST_EXALL_1000_ENTRIES_REPEAT10_TOTAL_US	49537
PASS	1
PASS: requested mounted-volume workload outputs are complete and data-checked
