=== BFS vs PFS3 Benchmark (FS-UAE 68040) ===
Evidence directory: /home/fabian/.cache/bfs-performance/metadata-2026-10-08.QvzB5w/build/benchmark/metadata-m3-c8-20261008-m3-7-bfs-first
Mode: compare
Timeout: 600s


=== Machine Info ===
# Machine Info
Kickstart 47.102, Workbench 47.2
System: 68040 68040/060-FPU   (INST: Cache Burst) (DATA: NoCache NoBurst)
Type  Available    In-Use   Maximum   Largest
chip    2028040     52728   2080768   2027968
fast    7689920    698688   8388608   7684880
total   9717960    751416  10469376   7684880


Mounted disks:
Unit      Size       Used       Free Full Errs   Status   Name
DF0       No disk present
DH0      4095M    4194304    4194303  50%   0  Read/Write System
DH1       255M         36      65372   0%   0  Read/Write BFSTest
DH2       Not a DOS disk

Volumes available:
BFSTest [Mounted]
System [Mounted]

=== BFS Results ===
FS_COMPARE_BENCH	4
DRIVE	DH1:
SMALL_CREATE_40_US	28480
LOOKUP_400_US	74239
SMALL_READ_40_US	19583
LIST_EXNEXT_400_US	29695
LIST_EXALL_400_US	8576
SEQ_WRITE_8M_US	36735
SEQ_READ_8M_US	263744
SMALL_DELETE_40_US	17153
APPEND_4K_1M_US	71231
APPEND_1K_256K_US	59968
APPEND_READ_1280K_US	44479
LIST_EXNEXT_40_ENTRIES_FIRST_PASS_US	6208
LIST_EXNEXT_40_ENTRIES_REPEAT10_TOTAL_US	31360
LIST_EXALL_40_ENTRIES_FIRST_PASS_US	3839
LIST_EXALL_40_ENTRIES_REPEAT10_TOTAL_US	9280
LIST_EXNEXT_400_ENTRIES_FIRST_PASS_US	60032
LIST_EXNEXT_400_ENTRIES_REPEAT10_TOTAL_US	772475
LIST_EXALL_400_ENTRIES_FIRST_PASS_US	45889
LIST_EXALL_400_ENTRIES_REPEAT10_TOTAL_US	408126
LIST_EXNEXT_1000_ENTRIES_FIRST_PASS_US	159104
LIST_EXNEXT_1000_ENTRIES_REPEAT10_TOTAL_US	1582903
LIST_EXALL_1000_ENTRIES_FIRST_PASS_US	99455
LIST_EXALL_1000_ENTRIES_REPEAT10_TOTAL_US	1002234
PASS	1

=== PFS3 Results ===
FS_COMPARE_BENCH	4
DRIVE	DH2:
SMALL_CREATE_40_US	16704
LOOKUP_400_US	67328
SMALL_READ_40_US	16640
LIST_EXNEXT_400_US	12095
LIST_EXALL_400_US	2560
SEQ_WRITE_8M_US	39935
SEQ_READ_8M_US	259583
SMALL_DELETE_40_US	8000
APPEND_4K_1M_US	32705
APPEND_1K_256K_US	23358
APPEND_READ_1280K_US	41408
LIST_EXNEXT_40_ENTRIES_FIRST_PASS_US	1729
LIST_EXNEXT_40_ENTRIES_REPEAT10_TOTAL_US	12160
LIST_EXALL_40_ENTRIES_FIRST_PASS_US	704
LIST_EXALL_40_ENTRIES_REPEAT10_TOTAL_US	2560
LIST_EXNEXT_400_ENTRIES_FIRST_PASS_US	13057
LIST_EXNEXT_400_ENTRIES_REPEAT10_TOTAL_US	114496
LIST_EXALL_400_ENTRIES_FIRST_PASS_US	4543
LIST_EXALL_400_ENTRIES_REPEAT10_TOTAL_US	20736
LIST_EXNEXT_1000_ENTRIES_FIRST_PASS_US	32127
LIST_EXNEXT_1000_ENTRIES_REPEAT10_TOTAL_US	280639
LIST_EXALL_1000_ENTRIES_FIRST_PASS_US	6527
LIST_EXALL_1000_ENTRIES_REPEAT10_TOTAL_US	49600
PASS	1
PASS: requested mounted-volume workload outputs are complete and data-checked
