=== BFS vs PFS3 Benchmark (FS-UAE 68040) ===
Evidence directory: /home/fabian/.cache/bfs-performance/status-2026-10-10.NvWrOR/results/status-4-pfs3-first-base
Mode: compare
Timeout: 600s


=== Machine Info ===
# Machine Info
Kickstart 47.102, Workbench 47.2
System: 68040 68040/060-FPU   (INST: Cache Burst) (DATA: NoCache NoBurst)
Type  Available    In-Use   Maximum   Largest
chip    2028040     52728   2080768   2027968
fast    7533080    855528   8388608   7528008
total   9561120    908256  10469376   7528008


Mounted disks:
Unit      Size       Used       Free Full Errs   Status   Name
DF0       No disk present
DH0      4095M    4194304    4194303  50%   0  Read/Write System
DH1       255M         36      65372   0%   0  Read/Write BFSTest
DH2       Not a DOS disk

Volumes available:
BFSTest [Mounted]
System [Mounted]

=== BFS Results ===
FS_COMPARE_BENCH	4
DRIVE	DH1:
SMALL_CREATE_40_US	33280
LOOKUP_400_US	61887
SMALL_READ_40_US	19969
LIST_EXNEXT_400_US	28863
LIST_EXALL_400_US	7873
SEQ_WRITE_8M_US	38463
SEQ_READ_8M_US	262527
SMALL_DELETE_40_US	15103
APPEND_4K_1M_US	79231
APPEND_1K_256K_US	58176
APPEND_READ_1280K_US	45120
LIST_EXNEXT_40_ENTRIES_FIRST_PASS_US	4544
LIST_EXNEXT_40_ENTRIES_REPEAT10_TOTAL_US	30015
LIST_EXALL_40_ENTRIES_FIRST_PASS_US	1985
LIST_EXALL_40_ENTRIES_REPEAT10_TOTAL_US	8768
LIST_EXNEXT_400_ENTRIES_FIRST_PASS_US	39935
LIST_EXNEXT_400_ENTRIES_REPEAT10_TOTAL_US	294335
LIST_EXALL_400_ENTRIES_FIRST_PASS_US	17151
LIST_EXALL_400_ENTRIES_REPEAT10_TOTAL_US	80705
LIST_EXNEXT_1000_ENTRIES_FIRST_PASS_US	99199
LIST_EXNEXT_1000_ENTRIES_REPEAT10_TOTAL_US	743548
LIST_EXALL_1000_ENTRIES_FIRST_PASS_US	44351
LIST_EXALL_1000_ENTRIES_REPEAT10_TOTAL_US	212357
PASS	1

=== PFS3 Results ===
FS_COMPARE_BENCH	4
DRIVE	DH2:
SMALL_CREATE_40_US	16390
LOOKUP_400_US	67648
SMALL_READ_40_US	14143
LIST_EXNEXT_400_US	12096
LIST_EXALL_400_US	2944
SEQ_WRITE_8M_US	39808
SEQ_READ_8M_US	262975
SMALL_DELETE_40_US	10112
APPEND_4K_1M_US	32383
APPEND_1K_256K_US	22591
APPEND_READ_1280K_US	41280
LIST_EXNEXT_40_ENTRIES_FIRST_PASS_US	1664
LIST_EXNEXT_40_ENTRIES_REPEAT10_TOTAL_US	12353
LIST_EXALL_40_ENTRIES_FIRST_PASS_US	575
LIST_EXALL_40_ENTRIES_REPEAT10_TOTAL_US	2497
LIST_EXNEXT_400_ENTRIES_FIRST_PASS_US	12735
LIST_EXNEXT_400_ENTRIES_REPEAT10_TOTAL_US	122624
LIST_EXALL_400_ENTRIES_FIRST_PASS_US	2881
LIST_EXALL_400_ENTRIES_REPEAT10_TOTAL_US	20544
LIST_EXNEXT_1000_ENTRIES_FIRST_PASS_US	31936
LIST_EXNEXT_1000_ENTRIES_REPEAT10_TOTAL_US	280894
LIST_EXALL_1000_ENTRIES_FIRST_PASS_US	6720
LIST_EXALL_1000_ENTRIES_REPEAT10_TOTAL_US	58048
PASS	1
PASS: requested mounted-volume workload outputs are complete and data-checked
