=== BFS vs PFS3 Benchmark (FS-UAE 68040) ===
Evidence directory: /home/fabian/.cache/bfs-performance/splitbatch-2026-10-10.USYRpP/results/splitbatch-2-pfs3-first-cand
Mode: compare
Timeout: 600s


=== Machine Info ===
# Machine Info
Kickstart 47.102, Workbench 47.2
System: 68040 68040/060-FPU   (INST: Cache Burst) (DATA: NoCache NoBurst)
Type  Available    In-Use   Maximum   Largest
chip    2028040     52728   2080768   2027968
fast    7530480    858128   8388608   7525408
total   9558520    910856  10469376   7525408


Mounted disks:
Unit      Size       Used       Free Full Errs   Status   Name
DF0       No disk present
DH0      4095M    4194304    4194303  50%   0  Read/Write System
DH1       255M         36      65372   0%   0  Read/Write BFSTest
DH2       Not a DOS disk

Volumes available:
BFSTest [Mounted]
System [Mounted]

=== BFS Results ===
FS_COMPARE_BENCH	4
DRIVE	DH1:
SMALL_CREATE_40_US	28736
LOOKUP_400_US	59454
SMALL_READ_40_US	18112
LIST_EXNEXT_400_US	18624
LIST_EXALL_400_US	7806
SEQ_WRITE_8M_US	30655
SEQ_READ_8M_US	258622
SMALL_DELETE_40_US	13503
APPEND_4K_1M_US	54080
APPEND_1K_256K_US	50174
APPEND_READ_1280K_US	44417
LIST_EXNEXT_40_ENTRIES_FIRST_PASS_US	2752
LIST_EXNEXT_40_ENTRIES_REPEAT10_TOTAL_US	19904
LIST_EXALL_40_ENTRIES_FIRST_PASS_US	1792
LIST_EXALL_40_ENTRIES_REPEAT10_TOTAL_US	9216
LIST_EXNEXT_400_ENTRIES_FIRST_PASS_US	24448
LIST_EXNEXT_400_ENTRIES_REPEAT10_TOTAL_US	172863
LIST_EXALL_400_ENTRIES_FIRST_PASS_US	16191
LIST_EXALL_400_ENTRIES_REPEAT10_TOTAL_US	76160
LIST_EXNEXT_1000_ENTRIES_FIRST_PASS_US	59455
LIST_EXNEXT_1000_ENTRIES_REPEAT10_TOTAL_US	431165
LIST_EXALL_1000_ENTRIES_FIRST_PASS_US	37057
LIST_EXALL_1000_ENTRIES_REPEAT10_TOTAL_US	189439
PASS	1

=== PFS3 Results ===
FS_COMPARE_BENCH	4
DRIVE	DH2:
SMALL_CREATE_40_US	17023
LOOKUP_400_US	66688
SMALL_READ_40_US	14080
LIST_EXNEXT_400_US	11777
LIST_EXALL_400_US	2945
SEQ_WRITE_8M_US	38143
SEQ_READ_8M_US	262078
SMALL_DELETE_40_US	8512
APPEND_4K_1M_US	37760
APPEND_1K_256K_US	23935
APPEND_READ_1280K_US	41345
LIST_EXNEXT_40_ENTRIES_FIRST_PASS_US	1920
LIST_EXNEXT_40_ENTRIES_REPEAT10_TOTAL_US	12096
LIST_EXALL_40_ENTRIES_FIRST_PASS_US	513
LIST_EXALL_40_ENTRIES_REPEAT10_TOTAL_US	2496
LIST_EXNEXT_400_ENTRIES_FIRST_PASS_US	13056
LIST_EXNEXT_400_ENTRIES_REPEAT10_TOTAL_US	121599
LIST_EXALL_400_ENTRIES_FIRST_PASS_US	2689
LIST_EXALL_400_ENTRIES_REPEAT10_TOTAL_US	20608
LIST_EXNEXT_1000_ENTRIES_FIRST_PASS_US	30593
LIST_EXNEXT_1000_ENTRIES_REPEAT10_TOTAL_US	277822
LIST_EXALL_1000_ENTRIES_FIRST_PASS_US	7232
LIST_EXALL_1000_ENTRIES_REPEAT10_TOTAL_US	49406
PASS	1
PASS: requested mounted-volume workload outputs are complete and data-checked
