=== BFS vs PFS3 Benchmark (FS-UAE 68040) ===
Evidence directory: /home/fabian/.cache/bfs-performance/sparse-crc-2026-10-09.xN615F/candidate/build/benchmark/sparse-confirmation-20261009/confirm-aa-durable-m5b-2-pfs3-first
Mode: durable-compare
Timeout: 600s


=== Machine Info ===
# Machine Info
Kickstart 47.102, Workbench 47.2
System: 68040 68040/060-FPU   (INST: Cache Burst) (DATA: NoCache NoBurst)
Type  Available    In-Use   Maximum   Largest
chip    2028040     52728   2080768   2027968
fast    7687256    701352   8388608   7682200
total   9715296    754080  10469376   7682200


Mounted disks:
Unit      Size       Used       Free Full Errs   Status   Name
DF0       No disk present
DH0      4095M    4194304    4194303  50%   0  Read/Write System
DH1       255M         36      65372   0%   0  Read/Write BFSTest
DH2       Not a DOS disk

Volumes available:
BFSTest [Mounted]
System [Mounted]

=== BFS Results ===
FS_DURABLE_COMPARE	4
DRIVE	DH1:
SMALL_CREATE_40_US	45505
LOOKUP_400_US	95936
SMALL_READ_40_US	20288
LIST_EXNEXT_400_US	31424
LIST_EXALL_400_US	9408
SEQ_WRITE_8M_US	41408
SEQ_READ_8M_US	331199
SMALL_DELETE_40_US	20543
APPEND_4K_1M_US	75775
APPEND_1K_256K_US	62528
APPEND_READ_1280K_US	43263
LIST_EXNEXT_40_ENTRIES_FIRST_PASS_US	6145
LIST_EXNEXT_40_ENTRIES_REPEAT10_TOTAL_US	32045
LIST_EXALL_40_ENTRIES_FIRST_PASS_US	3585
LIST_EXALL_40_ENTRIES_REPEAT10_TOTAL_US	10686
LIST_EXNEXT_400_ENTRIES_FIRST_PASS_US	67711
LIST_EXNEXT_400_ENTRIES_REPEAT10_TOTAL_US	734076
LIST_EXALL_400_ENTRIES_FIRST_PASS_US	55868
LIST_EXALL_400_ENTRIES_REPEAT10_TOTAL_US	389055
LIST_EXNEXT_1000_ENTRIES_FIRST_PASS_US	155199
LIST_EXNEXT_1000_ENTRIES_REPEAT10_TOTAL_US	1677495
LIST_EXALL_1000_ENTRIES_FIRST_PASS_US	106650
LIST_EXALL_1000_ENTRIES_REPEAT10_TOTAL_US	1048889
PASS	1

=== PFS3 Results ===
FS_DURABLE_COMPARE	4
DRIVE	DH2:
SMALL_CREATE_40_US	33985
LOOKUP_400_US	70848
SMALL_READ_40_US	13888
LIST_EXNEXT_400_US	12352
LIST_EXALL_400_US	2496
SEQ_WRITE_8M_US	43775
SEQ_READ_8M_US	266302
SMALL_DELETE_40_US	9088
APPEND_4K_1M_US	35967
APPEND_1K_256K_US	36140
APPEND_READ_1280K_US	43520
LIST_EXNEXT_40_ENTRIES_FIRST_PASS_US	1663
LIST_EXNEXT_40_ENTRIES_REPEAT10_TOTAL_US	11969
LIST_EXALL_40_ENTRIES_FIRST_PASS_US	640
LIST_EXALL_40_ENTRIES_REPEAT10_TOTAL_US	2881
LIST_EXNEXT_400_ENTRIES_FIRST_PASS_US	12863
LIST_EXNEXT_400_ENTRIES_REPEAT10_TOTAL_US	113214
LIST_EXALL_400_ENTRIES_FIRST_PASS_US	2880
LIST_EXALL_400_ENTRIES_REPEAT10_TOTAL_US	20609
LIST_EXNEXT_1000_ENTRIES_FIRST_PASS_US	33472
LIST_EXNEXT_1000_ENTRIES_REPEAT10_TOTAL_US	283326
LIST_EXALL_1000_ENTRIES_FIRST_PASS_US	6528
LIST_EXALL_1000_ENTRIES_REPEAT10_TOTAL_US	51519
PASS	1
PASS: requested mounted-volume workload outputs are complete and data-checked
