=== BFS vs PFS3 Benchmark (FS-UAE 68040) ===
Evidence directory: /home/fabian/.cache/bfs-performance/sparse-crc-2026-10-09.xN615F/candidate/build/benchmark/sparse-durable-20261009-sparse-1-bfs-first
Mode: durable-compare
Timeout: 600s


=== Machine Info ===
# Machine Info
Kickstart 47.102, Workbench 47.2
System: 68040 68040/060-FPU   (INST: Cache Burst) (DATA: NoCache NoBurst)
Type  Available    In-Use   Maximum   Largest
chip    2028040     52728   2080768   2027968
fast    7686824    701784   8388608   7681768
total   9714864    754512  10469376   7681768


Mounted disks:
Unit      Size       Used       Free Full Errs   Status   Name
DF0       No disk present
DH0      4095M    4194304    4194303  50%   0  Read/Write System
DH1       255M         36      65372   0%   0  Read/Write BFSTest
DH2       Not a DOS disk

Volumes available:
BFSTest [Mounted]
System [Mounted]

=== BFS Results ===
FS_DURABLE_COMPARE	4
DRIVE	DH1:
SMALL_CREATE_40_US	31232
LOOKUP_400_US	79040
SMALL_READ_40_US	19008
LIST_EXNEXT_400_US	56127
LIST_EXALL_400_US	15615
SEQ_WRITE_8M_US	89536
SEQ_READ_8M_US	276287
SMALL_DELETE_40_US	20460
APPEND_4K_1M_US	82687
APPEND_1K_256K_US	64192
APPEND_READ_1280K_US	43903
LIST_EXNEXT_40_ENTRIES_FIRST_PASS_US	5696
LIST_EXNEXT_40_ENTRIES_REPEAT10_TOTAL_US	32449
LIST_EXALL_40_ENTRIES_FIRST_PASS_US	3328
LIST_EXALL_40_ENTRIES_REPEAT10_TOTAL_US	9536
LIST_EXNEXT_400_ENTRIES_FIRST_PASS_US	54079
LIST_EXNEXT_400_ENTRIES_REPEAT10_TOTAL_US	541373
LIST_EXALL_400_ENTRIES_FIRST_PASS_US	53888
LIST_EXALL_400_ENTRIES_REPEAT10_TOTAL_US	348543
LIST_EXNEXT_1000_ENTRIES_FIRST_PASS_US	143936
LIST_EXNEXT_1000_ENTRIES_REPEAT10_TOTAL_US	1582775
LIST_EXALL_1000_ENTRIES_FIRST_PASS_US	81216
LIST_EXALL_1000_ENTRIES_REPEAT10_TOTAL_US	886972
PASS	1

=== PFS3 Results ===
FS_DURABLE_COMPARE	4
DRIVE	DH2:
SMALL_CREATE_40_US	17152
LOOKUP_400_US	67455
SMALL_READ_40_US	14399
LIST_EXNEXT_400_US	12097
LIST_EXALL_400_US	2560
SEQ_WRITE_8M_US	39423
SEQ_READ_8M_US	257215
SMALL_DELETE_40_US	8929
APPEND_4K_1M_US	35520
APPEND_1K_256K_US	24128
APPEND_READ_1280K_US	40448
LIST_EXNEXT_40_ENTRIES_FIRST_PASS_US	1600
LIST_EXNEXT_40_ENTRIES_REPEAT10_TOTAL_US	13440
LIST_EXALL_40_ENTRIES_FIRST_PASS_US	511
LIST_EXALL_40_ENTRIES_REPEAT10_TOTAL_US	2625
LIST_EXNEXT_400_ENTRIES_FIRST_PASS_US	13632
LIST_EXNEXT_400_ENTRIES_REPEAT10_TOTAL_US	141694
LIST_EXALL_400_ENTRIES_FIRST_PASS_US	2688
LIST_EXALL_400_ENTRIES_REPEAT10_TOTAL_US	23040
LIST_EXNEXT_1000_ENTRIES_FIRST_PASS_US	31487
LIST_EXNEXT_1000_ENTRIES_REPEAT10_TOTAL_US	282111
LIST_EXALL_1000_ENTRIES_FIRST_PASS_US	6336
LIST_EXALL_1000_ENTRIES_REPEAT10_TOTAL_US	51328
PASS	1
PASS: requested mounted-volume workload outputs are complete and data-checked
