=== BFS vs PFS3 Benchmark (FS-UAE 68040) ===
Evidence directory: /home/fabian/.cache/bfs-performance/append-attr-2026-10-10.XtdDJw/results/append-prod-4-pfs3-first-mid
Mode: compare
Timeout: 600s


=== Machine Info ===
# Machine Info
Kickstart 47.102, Workbench 47.2
System: 68040 68040/060-FPU   (INST: Cache Burst) (DATA: NoCache NoBurst)
Type  Available    In-Use   Maximum   Largest
chip    2028040     52728   2080768   2027968
fast    7532072    856536   8388608   7526984
total   9560112    909264  10469376   7526984


Mounted disks:
Unit      Size       Used       Free Full Errs   Status   Name
DF0       No disk present
DH0      4095M    4194304    4194303  50%   0  Read/Write System
DH1       255M         36      65372   0%   0  Read/Write BFSTest
DH2       Not a DOS disk

Volumes available:
BFSTest [Mounted]
System [Mounted]

=== BFS Results ===
FS_COMPARE_BENCH	4
DRIVE	DH1:
SMALL_CREATE_40_US	30143
LOOKUP_400_US	59326
SMALL_READ_40_US	18623
LIST_EXNEXT_400_US	27648
LIST_EXALL_400_US	7745
SEQ_WRITE_8M_US	33983
SEQ_READ_8M_US	260414
SMALL_DELETE_40_US	13505
APPEND_4K_1M_US	52672
APPEND_1K_256K_US	43393
APPEND_READ_1280K_US	44031
LIST_EXNEXT_40_ENTRIES_FIRST_PASS_US	4352
LIST_EXNEXT_40_ENTRIES_REPEAT10_TOTAL_US	29185
LIST_EXALL_40_ENTRIES_FIRST_PASS_US	1984
LIST_EXALL_40_ENTRIES_REPEAT10_TOTAL_US	8383
LIST_EXNEXT_400_ENTRIES_FIRST_PASS_US	37438
LIST_EXNEXT_400_ENTRIES_REPEAT10_TOTAL_US	295998
LIST_EXALL_400_ENTRIES_FIRST_PASS_US	15553
LIST_EXALL_400_ENTRIES_REPEAT10_TOTAL_US	77502
LIST_EXNEXT_1000_ENTRIES_FIRST_PASS_US	93376
LIST_EXNEXT_1000_ENTRIES_REPEAT10_TOTAL_US	722876
LIST_EXALL_1000_ENTRIES_FIRST_PASS_US	43585
LIST_EXALL_1000_ENTRIES_REPEAT10_TOTAL_US	199872
PASS	1

=== PFS3 Results ===
FS_COMPARE_BENCH	4
DRIVE	DH2:
SMALL_CREATE_40_US	18303
LOOKUP_400_US	66750
SMALL_READ_40_US	14720
LIST_EXNEXT_400_US	12288
LIST_EXALL_400_US	2431
SEQ_WRITE_8M_US	41023
SEQ_READ_8M_US	280372
SMALL_DELETE_40_US	8128
APPEND_4K_1M_US	33855
APPEND_1K_256K_US	23551
APPEND_READ_1280K_US	41728
LIST_EXNEXT_40_ENTRIES_FIRST_PASS_US	1663
LIST_EXNEXT_40_ENTRIES_REPEAT10_TOTAL_US	17343
LIST_EXALL_40_ENTRIES_FIRST_PASS_US	704
LIST_EXALL_40_ENTRIES_REPEAT10_TOTAL_US	2688
LIST_EXNEXT_400_ENTRIES_FIRST_PASS_US	23423
LIST_EXNEXT_400_ENTRIES_REPEAT10_TOTAL_US	124653
LIST_EXALL_400_ENTRIES_FIRST_PASS_US	2815
LIST_EXALL_400_ENTRIES_REPEAT10_TOTAL_US	20415
LIST_EXNEXT_1000_ENTRIES_FIRST_PASS_US	31745
LIST_EXNEXT_1000_ENTRIES_REPEAT10_TOTAL_US	300221
LIST_EXALL_1000_ENTRIES_FIRST_PASS_US	7104
LIST_EXALL_1000_ENTRIES_REPEAT10_TOTAL_US	50176
PASS	1
PASS: requested mounted-volume workload outputs are complete and data-checked
