=== BFS vs PFS3 Benchmark (FS-UAE 68040) ===
Evidence directory: /home/fabian/.cache/bfs-performance/wbbound-2026-10-10.2MoC3f/results/wbbound-5-bfs-first-reference
Mode: compare
Timeout: 600s


=== Machine Info ===
# Machine Info
Kickstart 47.102, Workbench 47.2
System: 68040 68040/060-FPU   (INST: Cache Burst) (DATA: NoCache NoBurst)
Type  Available    In-Use   Maximum   Largest
chip    2028040     52728   2080768   2027968
fast    7534464    854144   8388608   7529392
total   9562504    906872  10469376   7529392


Mounted disks:
Unit      Size       Used       Free Full Errs   Status   Name
DF0       No disk present
DH0      4095M    4194304    4194303  50%   0  Read/Write System
DH1       255M         36      65372   0%   0  Read/Write BFSTest
DH2       Not a DOS disk

Volumes available:
BFSTest [Mounted]
System [Mounted]

=== BFS Results ===
FS_COMPARE_BENCH	4
DRIVE	DH1:
SMALL_CREATE_40_US	31935
LOOKUP_400_US	57792
SMALL_READ_40_US	17921
LIST_EXNEXT_400_US	27712
LIST_EXALL_400_US	7616
SEQ_WRITE_8M_US	40896
SEQ_READ_8M_US	273789
SMALL_DELETE_40_US	19135
APPEND_4K_1M_US	78573
APPEND_1K_256K_US	63679
APPEND_READ_1280K_US	47168
LIST_EXNEXT_40_ENTRIES_FIRST_PASS_US	4543
LIST_EXNEXT_40_ENTRIES_REPEAT10_TOTAL_US	28608
LIST_EXALL_40_ENTRIES_FIRST_PASS_US	3073
LIST_EXALL_40_ENTRIES_REPEAT10_TOTAL_US	8383
LIST_EXNEXT_400_ENTRIES_FIRST_PASS_US	36799
LIST_EXNEXT_400_ENTRIES_REPEAT10_TOTAL_US	289150
LIST_EXALL_400_ENTRIES_FIRST_PASS_US	18176
LIST_EXALL_400_ENTRIES_REPEAT10_TOTAL_US	75200
LIST_EXNEXT_1000_ENTRIES_FIRST_PASS_US	102719
LIST_EXNEXT_1000_ENTRIES_REPEAT10_TOTAL_US	737085
LIST_EXALL_1000_ENTRIES_FIRST_PASS_US	39423
LIST_EXALL_1000_ENTRIES_REPEAT10_TOTAL_US	189547
PASS	1

=== PFS3 Results ===
FS_COMPARE_BENCH	4
DRIVE	DH2:
SMALL_CREATE_40_US	20673
LOOKUP_400_US	65984
SMALL_READ_40_US	13697
LIST_EXNEXT_400_US	12032
LIST_EXALL_400_US	2497
SEQ_WRITE_8M_US	38143
SEQ_READ_8M_US	257470
SMALL_DELETE_40_US	7807
APPEND_4K_1M_US	34559
APPEND_1K_256K_US	23872
APPEND_READ_1280K_US	51263
LIST_EXNEXT_40_ENTRIES_FIRST_PASS_US	1664
LIST_EXNEXT_40_ENTRIES_REPEAT10_TOTAL_US	12096
LIST_EXALL_40_ENTRIES_FIRST_PASS_US	640
LIST_EXALL_40_ENTRIES_REPEAT10_TOTAL_US	2495
LIST_EXNEXT_400_ENTRIES_FIRST_PASS_US	12929
LIST_EXNEXT_400_ENTRIES_REPEAT10_TOTAL_US	113216
LIST_EXALL_400_ENTRIES_FIRST_PASS_US	2815
LIST_EXALL_400_ENTRIES_REPEAT10_TOTAL_US	27967
LIST_EXNEXT_1000_ENTRIES_FIRST_PASS_US	41280
LIST_EXNEXT_1000_ENTRIES_REPEAT10_TOTAL_US	277695
LIST_EXALL_1000_ENTRIES_FIRST_PASS_US	6527
LIST_EXALL_1000_ENTRIES_REPEAT10_TOTAL_US	49215
PASS	1
PASS: requested mounted-volume workload outputs are complete and data-checked
