=== BFS vs PFS3 Benchmark (FS-UAE 68040) ===
Evidence directory: /home/fabian/.cache/bfs-performance/wbbound-2026-10-10.2MoC3f/results/wbbound-3-bfs-first-reference
Mode: compare
Timeout: 600s


=== Machine Info ===
# Machine Info
Kickstart 47.102, Workbench 47.2
System: 68040 68040/060-FPU   (INST: Cache Burst) (DATA: NoCache NoBurst)
Type  Available    In-Use   Maximum   Largest
chip    2028040     52728   2080768   2027968
fast    7534464    854144   8388608   7529392
total   9562504    906872  10469376   7529392


Mounted disks:
Unit      Size       Used       Free Full Errs   Status   Name
DF0       No disk present
DH0      4095M    4194304    4194303  50%   0  Read/Write System
DH1       255M         36      65372   0%   0  Read/Write BFSTest
DH2       Not a DOS disk

Volumes available:
BFSTest [Mounted]
System [Mounted]

=== BFS Results ===
FS_COMPARE_BENCH	4
DRIVE	DH1:
SMALL_CREATE_40_US	34623
LOOKUP_400_US	65344
SMALL_READ_40_US	25857
LIST_EXNEXT_400_US	28544
LIST_EXALL_400_US	7807
SEQ_WRITE_8M_US	36736
SEQ_READ_8M_US	263678
SMALL_DELETE_40_US	13631
APPEND_4K_1M_US	69311
APPEND_1K_256K_US	73855
APPEND_READ_1280K_US	45888
LIST_EXNEXT_40_ENTRIES_FIRST_PASS_US	4416
LIST_EXNEXT_40_ENTRIES_REPEAT10_TOTAL_US	28672
LIST_EXALL_40_ENTRIES_FIRST_PASS_US	1792
LIST_EXALL_40_ENTRIES_REPEAT10_TOTAL_US	8383
LIST_EXNEXT_400_ENTRIES_FIRST_PASS_US	37888
LIST_EXNEXT_400_ENTRIES_REPEAT10_TOTAL_US	304446
LIST_EXALL_400_ENTRIES_FIRST_PASS_US	16320
LIST_EXALL_400_ENTRIES_REPEAT10_TOTAL_US	81728
LIST_EXNEXT_1000_ENTRIES_FIRST_PASS_US	116224
LIST_EXNEXT_1000_ENTRIES_REPEAT10_TOTAL_US	732922
LIST_EXALL_1000_ENTRIES_FIRST_PASS_US	39102
LIST_EXALL_1000_ENTRIES_REPEAT10_TOTAL_US	191085
PASS	1

=== PFS3 Results ===
FS_COMPARE_BENCH	4
DRIVE	DH2:
SMALL_CREATE_40_US	17855
LOOKUP_400_US	66432
SMALL_READ_40_US	15103
LIST_EXNEXT_400_US	15680
LIST_EXALL_400_US	4032
SEQ_WRITE_8M_US	44669
SEQ_READ_8M_US	257986
SMALL_DELETE_40_US	7807
APPEND_4K_1M_US	33920
APPEND_1K_256K_US	24063
APPEND_READ_1280K_US	41343
LIST_EXNEXT_40_ENTRIES_FIRST_PASS_US	1665
LIST_EXNEXT_40_ENTRIES_REPEAT10_TOTAL_US	12160
LIST_EXALL_40_ENTRIES_FIRST_PASS_US	640
LIST_EXALL_40_ENTRIES_REPEAT10_TOTAL_US	2560
LIST_EXNEXT_400_ENTRIES_FIRST_PASS_US	13504
LIST_EXNEXT_400_ENTRIES_REPEAT10_TOTAL_US	112319
LIST_EXALL_400_ENTRIES_FIRST_PASS_US	2815
LIST_EXALL_400_ENTRIES_REPEAT10_TOTAL_US	20353
LIST_EXNEXT_1000_ENTRIES_FIRST_PASS_US	32766
LIST_EXNEXT_1000_ENTRIES_REPEAT10_TOTAL_US	291006
LIST_EXALL_1000_ENTRIES_FIRST_PASS_US	6464
LIST_EXALL_1000_ENTRIES_REPEAT10_TOTAL_US	50432
PASS	1
PASS: requested mounted-volume workload outputs are complete and data-checked
