=== BFS vs PFS3 Benchmark (FS-UAE 68040) ===
Evidence directory: /home/fabian/.cache/bfs-performance/confirm-2026-10-10.TmkILS/results/confirm-8-pfs3-first-candidate
Mode: compare
Timeout: 600s


=== Machine Info ===
# Machine Info
Kickstart 47.102, Workbench 47.2
System: 68040 68040/060-FPU   (INST: Cache Burst) (DATA: NoCache NoBurst)
Type  Available    In-Use   Maximum   Largest
chip    2028040     52728   2080768   2027968
fast    7531240    857368   8388608   7526176
total   9559280    910096  10469376   7526176


Mounted disks:
Unit      Size       Used       Free Full Errs   Status   Name
DF0       No disk present
DH0      4095M    4194304    4194303  50%   0  Read/Write System
DH1       255M         36      65372   0%   0  Read/Write BFSTest
DH2       Not a DOS disk

Volumes available:
BFSTest [Mounted]
System [Mounted]

=== BFS Results ===
FS_COMPARE_BENCH	4
DRIVE	DH1:
SMALL_CREATE_40_US	28352
LOOKUP_400_US	58623
SMALL_READ_40_US	16705
LIST_EXNEXT_400_US	20480
LIST_EXALL_400_US	8063
SEQ_WRITE_8M_US	28288
SEQ_READ_8M_US	254207
SMALL_DELETE_40_US	13696
APPEND_4K_1M_US	64575
APPEND_1K_256K_US	45568
APPEND_READ_1280K_US	44031
LIST_EXNEXT_40_ENTRIES_FIRST_PASS_US	3712
LIST_EXNEXT_40_ENTRIES_REPEAT10_TOTAL_US	22271
LIST_EXALL_40_ENTRIES_FIRST_PASS_US	1728
LIST_EXALL_40_ENTRIES_REPEAT10_TOTAL_US	8448
LIST_EXNEXT_400_ENTRIES_FIRST_PASS_US	30273
LIST_EXNEXT_400_ENTRIES_REPEAT10_TOTAL_US	227070
LIST_EXALL_400_ENTRIES_FIRST_PASS_US	15680
LIST_EXALL_400_ENTRIES_REPEAT10_TOTAL_US	76864
LIST_EXNEXT_1000_ENTRIES_FIRST_PASS_US	72703
LIST_EXNEXT_1000_ENTRIES_REPEAT10_TOTAL_US	575357
LIST_EXALL_1000_ENTRIES_FIRST_PASS_US	37825
LIST_EXALL_1000_ENTRIES_REPEAT10_TOTAL_US	230078
PASS	1

=== PFS3 Results ===
FS_COMPARE_BENCH	4
DRIVE	DH2:
SMALL_CREATE_40_US	17343
LOOKUP_400_US	67263
SMALL_READ_40_US	15168
LIST_EXNEXT_400_US	12288
LIST_EXALL_400_US	2623
SEQ_WRITE_8M_US	43072
SEQ_READ_8M_US	264127
SMALL_DELETE_40_US	8065
APPEND_4K_1M_US	34880
APPEND_1K_256K_US	34753
APPEND_READ_1280K_US	43721
LIST_EXNEXT_40_ENTRIES_FIRST_PASS_US	1728
LIST_EXNEXT_40_ENTRIES_REPEAT10_TOTAL_US	11968
LIST_EXALL_40_ENTRIES_FIRST_PASS_US	897
LIST_EXALL_40_ENTRIES_REPEAT10_TOTAL_US	2496
LIST_EXNEXT_400_ENTRIES_FIRST_PASS_US	13439
LIST_EXNEXT_400_ENTRIES_REPEAT10_TOTAL_US	126591
LIST_EXALL_400_ENTRIES_FIRST_PASS_US	2815
LIST_EXALL_400_ENTRIES_REPEAT10_TOTAL_US	20352
LIST_EXNEXT_1000_ENTRIES_FIRST_PASS_US	32897
LIST_EXNEXT_1000_ENTRIES_REPEAT10_TOTAL_US	285503
LIST_EXALL_1000_ENTRIES_FIRST_PASS_US	6528
LIST_EXALL_1000_ENTRIES_REPEAT10_TOTAL_US	57983
PASS	1
PASS: requested mounted-volume workload outputs are complete and data-checked
