cc -std=c99 -Wall -Wextra -Werror -g -O2 -pthread -I include -I tests -DBFS_HOST=1 -D_POSIX_C_SOURCE=200809L -o /Volumes/Dev/Source/Amiga/BFS/build/perf-2026-10-08/m2-host/bfs-conformance-posix tools/bfs-conformance-posix.c
cc -std=c99 -Wall -Wextra -Werror -g -O2 -pthread -I include -I tests -DBFS_HOST=1 -D_POSIX_C_SOURCE=200809L -o /Volumes/Dev/Source/Amiga/BFS/build/perf-2026-10-08/m2-host/bfs-conformance-core tools/bfs-conformance-core.c /Volumes/Dev/Source/Amiga/BFS/build/perf-2026-10-08/m2-host/obj/host/posix_bio.o /Volumes/Dev/Source/Amiga/BFS/build/perf-2026-10-08/m2-host/libbfs.a
cc -std=c99 -Wall -Wextra -Werror -g -O2 -pthread -I include -I tests -DBFS_HOST=1 -D_POSIX_C_SOURCE=200809L -o /Volumes/Dev/Source/Amiga/BFS/build/perf-2026-10-08/m2-host/conformance-fixture-writer tests/conformance/fixture_writer.c /Volumes/Dev/Source/Amiga/BFS/build/perf-2026-10-08/m2-host/obj/host/posix_bio.o /Volumes/Dev/Source/Amiga/BFS/build/perf-2026-10-08/m2-host/libbfs.a
test_catalog_and_direct_replay (test_conformance.ConformanceTests.test_catalog_and_direct_replay) ... FAIL
test_catalog_preserves_matching_amiga_test_ids (test_conformance.ConformanceTests.test_catalog_preserves_matching_amiga_test_ids) ... ok
test_conformance_is_a_required_host_and_debian_check (test_conformance.ConformanceTests.test_conformance_is_a_required_host_and_debian_check) ... ok
test_full_direct_replay (test_conformance.ConformanceTests.test_full_direct_replay) ... FAIL
test_oracle_and_conformance_programs_are_independent (test_conformance.ConformanceTests.test_oracle_and_conformance_programs_are_independent) ... FAIL
test_oracle_exports_namespace_content_and_snapshot_manifest (test_conformance.ConformanceTests.test_oracle_exports_namespace_content_and_snapshot_manifest) ... ERROR
test_oracle_fails_closed_on_non_bfs_input (test_conformance.ConformanceTests.test_oracle_fails_closed_on_non_bfs_input) ... ok
test_oracle_rejects_a_comment_flag_without_entry (test_conformance.ConformanceTests.test_oracle_rejects_a_comment_flag_without_entry) ... ERROR
test_oracle_rejects_a_cycle_with_a_valid_node_crc (test_conformance.ConformanceTests.test_oracle_rejects_a_cycle_with_a_valid_node_crc) ... ERROR
test_oracle_rejects_corrupted_checksummed_data (test_conformance.ConformanceTests.test_oracle_rejects_corrupted_checksummed_data) ... ERROR
test_oracle_rejects_crc_and_unsupported_version (test_conformance.ConformanceTests.test_oracle_rejects_crc_and_unsupported_version) ... ERROR
test_oracle_reports_hard_links_as_distinct_namespace_entries (test_conformance.ConformanceTests.test_oracle_reports_hard_links_as_distinct_namespace_entries) ... ERROR
test_oracle_uses_documented_directory_key_order_for_hash_collisions (test_conformance.ConformanceTests.test_oracle_uses_documented_directory_key_order_for_hash_collisions) ... ok
test_oracle_walks_a_committed_image (test_conformance.ConformanceTests.test_oracle_walks_a_committed_image) ... ERROR
test_orchestrator_rejects_a_semantically_wrong_backend_result (test_conformance.ConformanceTests.test_orchestrator_rejects_a_semantically_wrong_backend_result) ... ok
test_orchestrator_rejects_an_inconsistent_backend_exit (test_conformance.ConformanceTests.test_orchestrator_rejects_an_inconsistent_backend_exit) ... ok
test_persistence_model_separates_acknowledgement_from_media_state (test_conformance.ConformanceTests.test_persistence_model_separates_acknowledgement_from_media_state) ... ok
test_posix_backend_is_not_linked_to_bfs (test_conformance.ConformanceTests.test_posix_backend_is_not_linked_to_bfs) ... FAIL
test_posix_backend_requires_an_owned_nonsymlink_root (test_conformance.ConformanceTests.test_posix_backend_requires_an_owned_nonsymlink_root) ... ERROR
test_replay_requires_completion_and_nonempty_selection (test_conformance.ConformanceTests.test_replay_requires_completion_and_nonempty_selection) ... ok
test_runner_bounds_child_runtime_and_output (test_conformance.ConformanceTests.test_runner_bounds_child_runtime_and_output) ... ok

======================================================================
ERROR: test_oracle_exports_namespace_content_and_snapshot_manifest (test_conformance.ConformanceTests.test_oracle_exports_namespace_content_and_snapshot_manifest)
----------------------------------------------------------------------
Traceback (most recent call last):
  File "/Volumes/Dev/Source/Amiga/BFS/build/perf-2026-10-08/m2-src.5scbGt/tests/conformance/test_conformance.py", line 206, in test_oracle_exports_namespace_content_and_snapshot_manifest
    self.assertEqual(run(str(FIXTURE_WRITER), str(image)).returncode, 0)
                     ~~~^^^^^^^^^^^^^^^^^^^^^^^^^^^^^^^^^
  File "/Volumes/Dev/Source/Amiga/BFS/build/perf-2026-10-08/m2-src.5scbGt/tests/conformance/test_conformance.py", line 31, in run
    return subprocess.run(command, capture_output=True, text=True, check=False)  # nosec B603
           ~~~~~~~~~~~~~~^^^^^^^^^^^^^^^^^^^^^^^^^^^^^^^^^^^^^^^^^^^^^^^^^^^^^^
  File "/opt/homebrew/Cellar/python@3.14/3.14.8/Frameworks/Python.framework/Versions/3.14/lib/python3.14/subprocess.py", line 555, in run
    with Popen(*popenargs, **kwargs) as process:
         ~~~~~^^^^^^^^^^^^^^^^^^^^^^
  File "/opt/homebrew/Cellar/python@3.14/3.14.8/Frameworks/Python.framework/Versions/3.14/lib/python3.14/subprocess.py", line 1039, in __init__
    self._execute_child(args, executable, preexec_fn, close_fds,
    ~~~~~~~~~~~~~~~~~~~^^^^^^^^^^^^^^^^^^^^^^^^^^^^^^^^^^^^^^^^^
                        pass_fds, cwd, env,
                        ^^^^^^^^^^^^^^^^^^^
    ...<5 lines>...
                        gid, gids, uid, umask,
                        ^^^^^^^^^^^^^^^^^^^^^^
                        start_new_session, process_group)
                        ^^^^^^^^^^^^^^^^^^^^^^^^^^^^^^^^^
  File "/opt/homebrew/Cellar/python@3.14/3.14.8/Frameworks/Python.framework/Versions/3.14/lib/python3.14/subprocess.py", line 1990, in _execute_child
    raise child_exception_type(errno_num, err_msg, err_filename)
FileNotFoundError: [Errno 2] No such file or directory: '/Volumes/Dev/Source/Amiga/BFS/build/perf-2026-10-08/m2-src.5scbGt/build/host/conformance-fixture-writer'

======================================================================
ERROR: test_oracle_rejects_a_comment_flag_without_entry (test_conformance.ConformanceTests.test_oracle_rejects_a_comment_flag_without_entry)
----------------------------------------------------------------------
Traceback (most recent call last):
  File "/Volumes/Dev/Source/Amiga/BFS/build/perf-2026-10-08/m2-src.5scbGt/tests/conformance/test_conformance.py", line 256, in test_oracle_rejects_a_comment_flag_without_entry
    self.assertEqual(run(str(FIXTURE_WRITER), str(image)).returncode, 0)
                     ~~~^^^^^^^^^^^^^^^^^^^^^^^^^^^^^^^^^
  File "/Volumes/Dev/Source/Amiga/BFS/build/perf-2026-10-08/m2-src.5scbGt/tests/conformance/test_conformance.py", line 31, in run
    return subprocess.run(command, capture_output=True, text=True, check=False)  # nosec B603
           ~~~~~~~~~~~~~~^^^^^^^^^^^^^^^^^^^^^^^^^^^^^^^^^^^^^^^^^^^^^^^^^^^^^^
  File "/opt/homebrew/Cellar/python@3.14/3.14.8/Frameworks/Python.framework/Versions/3.14/lib/python3.14/subprocess.py", line 555, in run
    with Popen(*popenargs, **kwargs) as process:
         ~~~~~^^^^^^^^^^^^^^^^^^^^^^
  File "/opt/homebrew/Cellar/python@3.14/3.14.8/Frameworks/Python.framework/Versions/3.14/lib/python3.14/subprocess.py", line 1039, in __init__
    self._execute_child(args, executable, preexec_fn, close_fds,
    ~~~~~~~~~~~~~~~~~~~^^^^^^^^^^^^^^^^^^^^^^^^^^^^^^^^^^^^^^^^^
                        pass_fds, cwd, env,
                        ^^^^^^^^^^^^^^^^^^^
    ...<5 lines>...
                        gid, gids, uid, umask,
                        ^^^^^^^^^^^^^^^^^^^^^^
                        start_new_session, process_group)
                        ^^^^^^^^^^^^^^^^^^^^^^^^^^^^^^^^^
  File "/opt/homebrew/Cellar/python@3.14/3.14.8/Frameworks/Python.framework/Versions/3.14/lib/python3.14/subprocess.py", line 1990, in _execute_child
    raise child_exception_type(errno_num, err_msg, err_filename)
FileNotFoundError: [Errno 2] No such file or directory: '/Volumes/Dev/Source/Amiga/BFS/build/perf-2026-10-08/m2-src.5scbGt/build/host/conformance-fixture-writer'

======================================================================
ERROR: test_oracle_rejects_a_cycle_with_a_valid_node_crc (test_conformance.ConformanceTests.test_oracle_rejects_a_cycle_with_a_valid_node_crc)
----------------------------------------------------------------------
Traceback (most recent call last):
  File "/Volumes/Dev/Source/Amiga/BFS/build/perf-2026-10-08/m2-src.5scbGt/tests/conformance/test_conformance.py", line 276, in test_oracle_rejects_a_cycle_with_a_valid_node_crc
    self.assertEqual(run(str(FIXTURE_WRITER), str(image), "--directory-scale").returncode, 0)
                     ~~~^^^^^^^^^^^^^^^^^^^^^^^^^^^^^^^^^^^^^^^^^^^^^^^^^^^^^^
  File "/Volumes/Dev/Source/Amiga/BFS/build/perf-2026-10-08/m2-src.5scbGt/tests/conformance/test_conformance.py", line 31, in run
    return subprocess.run(command, capture_output=True, text=True, check=False)  # nosec B603
           ~~~~~~~~~~~~~~^^^^^^^^^^^^^^^^^^^^^^^^^^^^^^^^^^^^^^^^^^^^^^^^^^^^^^
  File "/opt/homebrew/Cellar/python@3.14/3.14.8/Frameworks/Python.framework/Versions/3.14/lib/python3.14/subprocess.py", line 555, in run
    with Popen(*popenargs, **kwargs) as process:
         ~~~~~^^^^^^^^^^^^^^^^^^^^^^
  File "/opt/homebrew/Cellar/python@3.14/3.14.8/Frameworks/Python.framework/Versions/3.14/lib/python3.14/subprocess.py", line 1039, in __init__
    self._execute_child(args, executable, preexec_fn, close_fds,
    ~~~~~~~~~~~~~~~~~~~^^^^^^^^^^^^^^^^^^^^^^^^^^^^^^^^^^^^^^^^^
                        pass_fds, cwd, env,
                        ^^^^^^^^^^^^^^^^^^^
    ...<5 lines>...
                        gid, gids, uid, umask,
                        ^^^^^^^^^^^^^^^^^^^^^^
                        start_new_session, process_group)
                        ^^^^^^^^^^^^^^^^^^^^^^^^^^^^^^^^^
  File "/opt/homebrew/Cellar/python@3.14/3.14.8/Frameworks/Python.framework/Versions/3.14/lib/python3.14/subprocess.py", line 1990, in _execute_child
    raise child_exception_type(errno_num, err_msg, err_filename)
FileNotFoundError: [Errno 2] No such file or directory: '/Volumes/Dev/Source/Amiga/BFS/build/perf-2026-10-08/m2-src.5scbGt/build/host/conformance-fixture-writer'

======================================================================
ERROR: test_oracle_rejects_corrupted_checksummed_data (test_conformance.ConformanceTests.test_oracle_rejects_corrupted_checksummed_data)
----------------------------------------------------------------------
Traceback (most recent call last):
  File "/Volumes/Dev/Source/Amiga/BFS/build/perf-2026-10-08/m2-src.5scbGt/tests/conformance/test_conformance.py", line 294, in test_oracle_rejects_corrupted_checksummed_data
    self.assertEqual(run(str(FIXTURE_WRITER), str(image), "--format-options", "1").returncode,
                     ~~~^^^^^^^^^^^^^^^^^^^^^^^^^^^^^^^^^^^^^^^^^^^^^^^^^^^^^^^^^^
  File "/Volumes/Dev/Source/Amiga/BFS/build/perf-2026-10-08/m2-src.5scbGt/tests/conformance/test_conformance.py", line 31, in run
    return subprocess.run(command, capture_output=True, text=True, check=False)  # nosec B603
           ~~~~~~~~~~~~~~^^^^^^^^^^^^^^^^^^^^^^^^^^^^^^^^^^^^^^^^^^^^^^^^^^^^^^
  File "/opt/homebrew/Cellar/python@3.14/3.14.8/Frameworks/Python.framework/Versions/3.14/lib/python3.14/subprocess.py", line 555, in run
    with Popen(*popenargs, **kwargs) as process:
         ~~~~~^^^^^^^^^^^^^^^^^^^^^^
  File "/opt/homebrew/Cellar/python@3.14/3.14.8/Frameworks/Python.framework/Versions/3.14/lib/python3.14/subprocess.py", line 1039, in __init__
    self._execute_child(args, executable, preexec_fn, close_fds,
    ~~~~~~~~~~~~~~~~~~~^^^^^^^^^^^^^^^^^^^^^^^^^^^^^^^^^^^^^^^^^
                        pass_fds, cwd, env,
                        ^^^^^^^^^^^^^^^^^^^
    ...<5 lines>...
                        gid, gids, uid, umask,
                        ^^^^^^^^^^^^^^^^^^^^^^
                        start_new_session, process_group)
                        ^^^^^^^^^^^^^^^^^^^^^^^^^^^^^^^^^
  File "/opt/homebrew/Cellar/python@3.14/3.14.8/Frameworks/Python.framework/Versions/3.14/lib/python3.14/subprocess.py", line 1990, in _execute_child
    raise child_exception_type(errno_num, err_msg, err_filename)
FileNotFoundError: [Errno 2] No such file or directory: '/Volumes/Dev/Source/Amiga/BFS/build/perf-2026-10-08/m2-src.5scbGt/build/host/conformance-fixture-writer'

======================================================================
ERROR: test_oracle_rejects_crc_and_unsupported_version (test_conformance.ConformanceTests.test_oracle_rejects_crc_and_unsupported_version)
----------------------------------------------------------------------
Traceback (most recent call last):
  File "/Volumes/Dev/Source/Amiga/BFS/build/perf-2026-10-08/m2-src.5scbGt/tests/conformance/test_conformance.py", line 238, in test_oracle_rejects_crc_and_unsupported_version
    self.assertEqual(run(str(FIXTURE_WRITER), str(image)).returncode, 0)
                     ~~~^^^^^^^^^^^^^^^^^^^^^^^^^^^^^^^^^
  File "/Volumes/Dev/Source/Amiga/BFS/build/perf-2026-10-08/m2-src.5scbGt/tests/conformance/test_conformance.py", line 31, in run
    return subprocess.run(command, capture_output=True, text=True, check=False)  # nosec B603
           ~~~~~~~~~~~~~~^^^^^^^^^^^^^^^^^^^^^^^^^^^^^^^^^^^^^^^^^^^^^^^^^^^^^^
  File "/opt/homebrew/Cellar/python@3.14/3.14.8/Frameworks/Python.framework/Versions/3.14/lib/python3.14/subprocess.py", line 555, in run
    with Popen(*popenargs, **kwargs) as process:
         ~~~~~^^^^^^^^^^^^^^^^^^^^^^
  File "/opt/homebrew/Cellar/python@3.14/3.14.8/Frameworks/Python.framework/Versions/3.14/lib/python3.14/subprocess.py", line 1039, in __init__
    self._execute_child(args, executable, preexec_fn, close_fds,
    ~~~~~~~~~~~~~~~~~~~^^^^^^^^^^^^^^^^^^^^^^^^^^^^^^^^^^^^^^^^^
                        pass_fds, cwd, env,
                        ^^^^^^^^^^^^^^^^^^^
    ...<5 lines>...
                        gid, gids, uid, umask,
                        ^^^^^^^^^^^^^^^^^^^^^^
                        start_new_session, process_group)
                        ^^^^^^^^^^^^^^^^^^^^^^^^^^^^^^^^^
  File "/opt/homebrew/Cellar/python@3.14/3.14.8/Frameworks/Python.framework/Versions/3.14/lib/python3.14/subprocess.py", line 1990, in _execute_child
    raise child_exception_type(errno_num, err_msg, err_filename)
FileNotFoundError: [Errno 2] No such file or directory: '/Volumes/Dev/Source/Amiga/BFS/build/perf-2026-10-08/m2-src.5scbGt/build/host/conformance-fixture-writer'

======================================================================
ERROR: test_oracle_reports_hard_links_as_distinct_namespace_entries (test_conformance.ConformanceTests.test_oracle_reports_hard_links_as_distinct_namespace_entries)
----------------------------------------------------------------------
Traceback (most recent call last):
  File "/Volumes/Dev/Source/Amiga/BFS/build/perf-2026-10-08/m2-src.5scbGt/tests/conformance/test_conformance.py", line 227, in test_oracle_reports_hard_links_as_distinct_namespace_entries
    self.assertEqual(run(str(FIXTURE_WRITER), str(image), "--hard-link").returncode, 0)
                     ~~~^^^^^^^^^^^^^^^^^^^^^^^^^^^^^^^^^^^^^^^^^^^^^^^^
  File "/Volumes/Dev/Source/Amiga/BFS/build/perf-2026-10-08/m2-src.5scbGt/tests/conformance/test_conformance.py", line 31, in run
    return subprocess.run(command, capture_output=True, text=True, check=False)  # nosec B603
           ~~~~~~~~~~~~~~^^^^^^^^^^^^^^^^^^^^^^^^^^^^^^^^^^^^^^^^^^^^^^^^^^^^^^
  File "/opt/homebrew/Cellar/python@3.14/3.14.8/Frameworks/Python.framework/Versions/3.14/lib/python3.14/subprocess.py", line 555, in run
    with Popen(*popenargs, **kwargs) as process:
         ~~~~~^^^^^^^^^^^^^^^^^^^^^^
  File "/opt/homebrew/Cellar/python@3.14/3.14.8/Frameworks/Python.framework/Versions/3.14/lib/python3.14/subprocess.py", line 1039, in __init__
    self._execute_child(args, executable, preexec_fn, close_fds,
    ~~~~~~~~~~~~~~~~~~~^^^^^^^^^^^^^^^^^^^^^^^^^^^^^^^^^^^^^^^^^
                        pass_fds, cwd, env,
                        ^^^^^^^^^^^^^^^^^^^
    ...<5 lines>...
                        gid, gids, uid, umask,
                        ^^^^^^^^^^^^^^^^^^^^^^
                        start_new_session, process_group)
                        ^^^^^^^^^^^^^^^^^^^^^^^^^^^^^^^^^
  File "/opt/homebrew/Cellar/python@3.14/3.14.8/Frameworks/Python.framework/Versions/3.14/lib/python3.14/subprocess.py", line 1990, in _execute_child
    raise child_exception_type(errno_num, err_msg, err_filename)
FileNotFoundError: [Errno 2] No such file or directory: '/Volumes/Dev/Source/Amiga/BFS/build/perf-2026-10-08/m2-src.5scbGt/build/host/conformance-fixture-writer'

======================================================================
ERROR: test_oracle_walks_a_committed_image (test_conformance.ConformanceTests.test_oracle_walks_a_committed_image)
----------------------------------------------------------------------
Traceback (most recent call last):
  File "/Volumes/Dev/Source/Amiga/BFS/build/perf-2026-10-08/m2-src.5scbGt/tests/conformance/test_conformance.py", line 194, in test_oracle_walks_a_committed_image
    self.assertEqual(run(str(BFS), "format", str(image), "--label", "Oracle",
                     ~~~^^^^^^^^^^^^^^^^^^^^^^^^^^^^^^^^^^^^^^^^^^^^^^^^^^^^^
                         "--block-size", "4096").returncode, 0)
                         ^^^^^^^^^^^^^^^^^^^^^^^
  File "/Volumes/Dev/Source/Amiga/BFS/build/perf-2026-10-08/m2-src.5scbGt/tests/conformance/test_conformance.py", line 31, in run
    return subprocess.run(command, capture_output=True, text=True, check=False)  # nosec B603
           ~~~~~~~~~~~~~~^^^^^^^^^^^^^^^^^^^^^^^^^^^^^^^^^^^^^^^^^^^^^^^^^^^^^^
  File "/opt/homebrew/Cellar/python@3.14/3.14.8/Frameworks/Python.framework/Versions/3.14/lib/python3.14/subprocess.py", line 555, in run
    with Popen(*popenargs, **kwargs) as process:
         ~~~~~^^^^^^^^^^^^^^^^^^^^^^
  File "/opt/homebrew/Cellar/python@3.14/3.14.8/Frameworks/Python.framework/Versions/3.14/lib/python3.14/subprocess.py", line 1039, in __init__
    self._execute_child(args, executable, preexec_fn, close_fds,
    ~~~~~~~~~~~~~~~~~~~^^^^^^^^^^^^^^^^^^^^^^^^^^^^^^^^^^^^^^^^^
                        pass_fds, cwd, env,
                        ^^^^^^^^^^^^^^^^^^^
    ...<5 lines>...
                        gid, gids, uid, umask,
                        ^^^^^^^^^^^^^^^^^^^^^^
                        start_new_session, process_group)
                        ^^^^^^^^^^^^^^^^^^^^^^^^^^^^^^^^^
  File "/opt/homebrew/Cellar/python@3.14/3.14.8/Frameworks/Python.framework/Versions/3.14/lib/python3.14/subprocess.py", line 1990, in _execute_child
    raise child_exception_type(errno_num, err_msg, err_filename)
FileNotFoundError: [Errno 2] No such file or directory: '/Volumes/Dev/Source/Amiga/BFS/build/perf-2026-10-08/m2-src.5scbGt/build/host/bfs'

======================================================================
ERROR: test_posix_backend_requires_an_owned_nonsymlink_root (test_conformance.ConformanceTests.test_posix_backend_requires_an_owned_nonsymlink_root)
----------------------------------------------------------------------
Traceback (most recent call last):
  File "/Volumes/Dev/Source/Amiga/BFS/build/perf-2026-10-08/m2-src.5scbGt/tests/conformance/test_conformance.py", line 130, in test_posix_backend_requires_an_owned_nonsymlink_root
    self.assertEqual(run(str(POSIX), "--case", "empty-volume", "--root", str(root)).returncode, 0)
                     ~~~^^^^^^^^^^^^^^^^^^^^^^^^^^^^^^^^^^^^^^^^^^^^^^^^^^^^^^^^^^^
  File "/Volumes/Dev/Source/Amiga/BFS/build/perf-2026-10-08/m2-src.5scbGt/tests/conformance/test_conformance.py", line 31, in run
    return subprocess.run(command, capture_output=True, text=True, check=False)  # nosec B603
           ~~~~~~~~~~~~~~^^^^^^^^^^^^^^^^^^^^^^^^^^^^^^^^^^^^^^^^^^^^^^^^^^^^^^
  File "/opt/homebrew/Cellar/python@3.14/3.14.8/Frameworks/Python.framework/Versions/3.14/lib/python3.14/subprocess.py", line 555, in run
    with Popen(*popenargs, **kwargs) as process:
         ~~~~~^^^^^^^^^^^^^^^^^^^^^^
  File "/opt/homebrew/Cellar/python@3.14/3.14.8/Frameworks/Python.framework/Versions/3.14/lib/python3.14/subprocess.py", line 1039, in __init__
    self._execute_child(args, executable, preexec_fn, close_fds,
    ~~~~~~~~~~~~~~~~~~~^^^^^^^^^^^^^^^^^^^^^^^^^^^^^^^^^^^^^^^^^
                        pass_fds, cwd, env,
                        ^^^^^^^^^^^^^^^^^^^
    ...<5 lines>...
                        gid, gids, uid, umask,
                        ^^^^^^^^^^^^^^^^^^^^^^
                        start_new_session, process_group)
                        ^^^^^^^^^^^^^^^^^^^^^^^^^^^^^^^^^
  File "/opt/homebrew/Cellar/python@3.14/3.14.8/Frameworks/Python.framework/Versions/3.14/lib/python3.14/subprocess.py", line 1990, in _execute_child
    raise child_exception_type(errno_num, err_msg, err_filename)
FileNotFoundError: [Errno 2] No such file or directory: '/Volumes/Dev/Source/Amiga/BFS/build/perf-2026-10-08/m2-src.5scbGt/build/host/bfs-conformance-posix'

======================================================================
FAIL: test_catalog_and_direct_replay (test_conformance.ConformanceTests.test_catalog_and_direct_replay)
----------------------------------------------------------------------
Traceback (most recent call last):
  File "/Volumes/Dev/Source/Amiga/BFS/build/perf-2026-10-08/m2-src.5scbGt/tests/conformance/test_conformance.py", line 64, in test_catalog_and_direct_replay
    self.assertEqual(completed.returncode, 0, completed.stderr)
    ~~~~~~~~~~~~~~~~^^^^^^^^^^^^^^^^^^^^^^^^^^^^^^^^^^^^^^^^^^^
AssertionError: 3 != 0 : 

======================================================================
FAIL: test_full_direct_replay (test_conformance.ConformanceTests.test_full_direct_replay)
----------------------------------------------------------------------
Traceback (most recent call last):
  File "/Volumes/Dev/Source/Amiga/BFS/build/perf-2026-10-08/m2-src.5scbGt/tests/conformance/test_conformance.py", line 78, in test_full_direct_replay
    self.assertEqual(completed.returncode, 0, completed.stderr)
    ~~~~~~~~~~~~~~~~^^^^^^^^^^^^^^^^^^^^^^^^^^^^^^^^^^^^^^^^^^^
AssertionError: 3 != 0 : 

======================================================================
FAIL: test_oracle_and_conformance_programs_are_independent (test_conformance.ConformanceTests.test_oracle_and_conformance_programs_are_independent)
----------------------------------------------------------------------
Traceback (most recent call last):
  File "/Volumes/Dev/Source/Amiga/BFS/build/perf-2026-10-08/m2-src.5scbGt/tests/conformance/test_conformance.py", line 308, in test_oracle_and_conformance_programs_are_independent
    self.assertIn("bfs_fs_format", symbols)
    ~~~~~~~~~~~~~^^^^^^^^^^^^^^^^^^^^^^^^^^
AssertionError: 'bfs_fs_format' not found in ''

======================================================================
FAIL: test_posix_backend_is_not_linked_to_bfs (test_conformance.ConformanceTests.test_posix_backend_is_not_linked_to_bfs)
----------------------------------------------------------------------
Traceback (most recent call last):
  File "/Volumes/Dev/Source/Amiga/BFS/build/perf-2026-10-08/m2-src.5scbGt/tests/conformance/test_conformance.py", line 115, in test_posix_backend_is_not_linked_to_bfs
    self.assertEqual(run(str(LINK_CHECK), str(POSIX)).returncode, 0)
    ~~~~~~~~~~~~~~~~^^^^^^^^^^^^^^^^^^^^^^^^^^^^^^^^^^^^^^^^^^^^^^^^
AssertionError: 1 != 0

----------------------------------------------------------------------
Ran 21 tests in 0.648s

FAILED (failures=4, errors=8)
make: *** [conformance-test] Error 1
