=== BFS vs PFS3 Benchmark (FS-UAE 68040) ===
Evidence directory: /home/fabian/.cache/bfs-performance/prodcodegen-pilot-2026-10-10.rjXGlO/results/prodcodegen-3-bfs-first-release040
Mode: compare
Timeout: 600s


=== Machine Info ===
# Machine Info
Kickstart 47.102, Workbench 47.2
System: 68040 68040/060-FPU   (INST: Cache Burst) (DATA: NoCache NoBurst)
Type  Available    In-Use   Maximum   Largest
chip    2028040     52728   2080768   2027968
fast    7563224    825384   8388608   7558128
total   9591264    878112  10469376   7558128


Mounted disks:
Unit      Size       Used       Free Full Errs   Status   Name
DF0       No disk present
DH0      4095M    4194304    4194303  50%   0  Read/Write System
DH1       255M         36      65372   0%   0  Read/Write BFSTest
DH2       Not a DOS disk

Volumes available:
BFSTest [Mounted]
System [Mounted]

=== BFS Results ===
FS_COMPARE_BENCH	4
DRIVE	DH1:
SMALL_CREATE_40_US	33471
LOOKUP_400_US	65728
SMALL_READ_40_US	19455
LIST_EXNEXT_400_US	32128
LIST_EXALL_400_US	8897
SEQ_WRITE_8M_US	38911
SEQ_READ_8M_US	254270
SMALL_DELETE_40_US	24128
APPEND_4K_1M_US	76991
APPEND_1K_256K_US	60864
APPEND_READ_1280K_US	44033
LIST_EXNEXT_40_ENTRIES_FIRST_PASS_US	5442
LIST_EXNEXT_40_ENTRIES_REPEAT10_TOTAL_US	37376
LIST_EXALL_40_ENTRIES_FIRST_PASS_US	2240
LIST_EXALL_40_ENTRIES_REPEAT10_TOTAL_US	10176
LIST_EXNEXT_400_ENTRIES_FIRST_PASS_US	44672
LIST_EXNEXT_400_ENTRIES_REPEAT10_TOTAL_US	434429
LIST_EXALL_400_ENTRIES_FIRST_PASS_US	22208
LIST_EXALL_400_ENTRIES_REPEAT10_TOTAL_US	91325
LIST_EXNEXT_1000_ENTRIES_FIRST_PASS_US	106113
LIST_EXNEXT_1000_ENTRIES_REPEAT10_TOTAL_US	989753
LIST_EXALL_1000_ENTRIES_FIRST_PASS_US	71232
LIST_EXALL_1000_ENTRIES_REPEAT10_TOTAL_US	318720
PASS	1

=== PFS3 Results ===
FS_COMPARE_BENCH	4
DRIVE	DH2:
SMALL_CREATE_40_US	17552
LOOKUP_400_US	65344
SMALL_READ_40_US	14576
LIST_EXNEXT_400_US	11775
LIST_EXALL_400_US	2495
SEQ_WRITE_8M_US	41152
SEQ_READ_8M_US	271870
SMALL_DELETE_40_US	7874
APPEND_4K_1M_US	32831
APPEND_1K_256K_US	23743
APPEND_READ_1280K_US	40128
LIST_EXNEXT_40_ENTRIES_FIRST_PASS_US	1664
LIST_EXNEXT_40_ENTRIES_REPEAT10_TOTAL_US	11904
LIST_EXALL_40_ENTRIES_FIRST_PASS_US	576
LIST_EXALL_40_ENTRIES_REPEAT10_TOTAL_US	2497
LIST_EXNEXT_400_ENTRIES_FIRST_PASS_US	13528
LIST_EXNEXT_400_ENTRIES_REPEAT10_TOTAL_US	109759
LIST_EXALL_400_ENTRIES_FIRST_PASS_US	2752
LIST_EXALL_400_ENTRIES_REPEAT10_TOTAL_US	20224
LIST_EXNEXT_1000_ENTRIES_FIRST_PASS_US	31488
LIST_EXNEXT_1000_ENTRIES_REPEAT10_TOTAL_US	283710
LIST_EXALL_1000_ENTRIES_FIRST_PASS_US	7424
LIST_EXALL_1000_ENTRIES_REPEAT10_TOTAL_US	50496
PASS	1
PASS: requested mounted-volume workload outputs are complete and data-checked
