=== BFS vs PFS3 Benchmark (FS-UAE 68040) ===
Evidence directory: /home/fabian/.cache/bfs-performance/sparse-crc-2026-10-09.xN615F/candidate/build/benchmark/sparse-durable-20261009-m5-4-pfs3-first
Mode: durable-compare
Timeout: 600s


=== Machine Info ===
# Machine Info
Kickstart 47.102, Workbench 47.2
System: 68040 68040/060-FPU   (INST: Cache Burst) (DATA: NoCache NoBurst)
Type  Available    In-Use   Maximum   Largest
chip    2028040     52728   2080768   2027968
fast    7687256    701352   8388608   7682200
total   9715296    754080  10469376   7682200


Mounted disks:
Unit      Size       Used       Free Full Errs   Status   Name
DF0       No disk present
DH0      4095M    4194304    4194303  50%   0  Read/Write System
DH1       255M         36      65372   0%   0  Read/Write BFSTest
DH2       Not a DOS disk

Volumes available:
BFSTest [Mounted]
System [Mounted]

=== BFS Results ===
FS_DURABLE_COMPARE	4
DRIVE	DH1:
SMALL_CREATE_40_US	31871
LOOKUP_400_US	92608
SMALL_READ_40_US	20993
LIST_EXNEXT_400_US	33023
LIST_EXALL_400_US	11777
SEQ_WRITE_8M_US	79806
SEQ_READ_8M_US	286335
SMALL_DELETE_40_US	20417
APPEND_4K_1M_US	81855
APPEND_1K_256K_US	62432
APPEND_READ_1280K_US	42688
LIST_EXNEXT_40_ENTRIES_FIRST_PASS_US	6080
LIST_EXNEXT_40_ENTRIES_REPEAT10_TOTAL_US	31743
LIST_EXALL_40_ENTRIES_FIRST_PASS_US	3647
LIST_EXALL_40_ENTRIES_REPEAT10_TOTAL_US	9663
LIST_EXNEXT_400_ENTRIES_FIRST_PASS_US	53120
LIST_EXNEXT_400_ENTRIES_REPEAT10_TOTAL_US	637435
LIST_EXALL_400_ENTRIES_FIRST_PASS_US	33409
LIST_EXALL_400_ENTRIES_REPEAT10_TOTAL_US	349036
LIST_EXNEXT_1000_ENTRIES_FIRST_PASS_US	143679
LIST_EXNEXT_1000_ENTRIES_REPEAT10_TOTAL_US	1577078
LIST_EXALL_1000_ENTRIES_FIRST_PASS_US	87488
LIST_EXALL_1000_ENTRIES_REPEAT10_TOTAL_US	1125690
PASS	1

=== PFS3 Results ===
FS_DURABLE_COMPARE	4
DRIVE	DH2:
SMALL_CREATE_40_US	22271
LOOKUP_400_US	111231
SMALL_READ_40_US	19713
LIST_EXNEXT_400_US	11968
LIST_EXALL_400_US	2477
SEQ_WRITE_8M_US	47276
SEQ_READ_8M_US	313855
SMALL_DELETE_40_US	9537
APPEND_4K_1M_US	35073
APPEND_1K_256K_US	24960
APPEND_READ_1280K_US	52480
LIST_EXNEXT_40_ENTRIES_FIRST_PASS_US	1728
LIST_EXNEXT_40_ENTRIES_REPEAT10_TOTAL_US	12225
LIST_EXALL_40_ENTRIES_FIRST_PASS_US	577
LIST_EXALL_40_ENTRIES_REPEAT10_TOTAL_US	2496
LIST_EXNEXT_400_ENTRIES_FIRST_PASS_US	12928
LIST_EXNEXT_400_ENTRIES_REPEAT10_TOTAL_US	114240
LIST_EXALL_400_ENTRIES_FIRST_PASS_US	3648
LIST_EXALL_400_ENTRIES_REPEAT10_TOTAL_US	21248
LIST_EXNEXT_1000_ENTRIES_FIRST_PASS_US	33215
LIST_EXNEXT_1000_ENTRIES_REPEAT10_TOTAL_US	281663
LIST_EXALL_1000_ENTRIES_FIRST_PASS_US	7488
LIST_EXALL_1000_ENTRIES_REPEAT10_TOTAL_US	51007
PASS	1
PASS: requested mounted-volume workload outputs are complete and data-checked
