=== BFS vs PFS3 Benchmark (FS-UAE 68040) ===
Evidence directory: /home/fabian/.cache/bfs-performance/sparse-crc-2026-10-09.xN615F/candidate/build/benchmark/sparse-confirmation-20261009/confirm-normal-sparse-5-bfs-first
Mode: compare
Timeout: 600s


=== Machine Info ===
# Machine Info
Kickstart 47.102, Workbench 47.2
System: 68040 68040/060-FPU   (INST: Cache Burst) (DATA: NoCache NoBurst)
Type  Available    In-Use   Maximum   Largest
chip    2028040     52728   2080768   2027968
fast    7686824    701784   8388608   7681768
total   9714864    754512  10469376   7681768


Mounted disks:
Unit      Size       Used       Free Full Errs   Status   Name
DF0       No disk present
DH0      4095M    4194304    4194303  50%   0  Read/Write System
DH1       255M         36      65372   0%   0  Read/Write BFSTest
DH2       Not a DOS disk

Volumes available:
BFSTest [Mounted]
System [Mounted]

=== BFS Results ===
FS_COMPARE_BENCH	4
DRIVE	DH1:
SMALL_CREATE_40_US	38913
LOOKUP_400_US	77632
SMALL_READ_40_US	20720
LIST_EXNEXT_400_US	31425
LIST_EXALL_400_US	9280
SEQ_WRITE_8M_US	39872
SEQ_READ_8M_US	278206
SMALL_DELETE_40_US	17838
APPEND_4K_1M_US	76608
APPEND_1K_256K_US	62528
APPEND_READ_1280K_US	43391
LIST_EXNEXT_40_ENTRIES_FIRST_PASS_US	8895
LIST_EXNEXT_40_ENTRIES_REPEAT10_TOTAL_US	31744
LIST_EXALL_40_ENTRIES_FIRST_PASS_US	3392
LIST_EXALL_40_ENTRIES_REPEAT10_TOTAL_US	9600
LIST_EXNEXT_400_ENTRIES_FIRST_PASS_US	54591
LIST_EXNEXT_400_ENTRIES_REPEAT10_TOTAL_US	576829
LIST_EXALL_400_ENTRIES_FIRST_PASS_US	30655
LIST_EXALL_400_ENTRIES_REPEAT10_TOTAL_US	314175
LIST_EXNEXT_1000_ENTRIES_FIRST_PASS_US	140478
LIST_EXNEXT_1000_ENTRIES_REPEAT10_TOTAL_US	1395127
LIST_EXALL_1000_ENTRIES_FIRST_PASS_US	80191
LIST_EXALL_1000_ENTRIES_REPEAT10_TOTAL_US	753722
PASS	1

=== PFS3 Results ===
FS_COMPARE_BENCH	4
DRIVE	DH2:
SMALL_CREATE_40_US	17600
LOOKUP_400_US	66945
SMALL_READ_40_US	14400
LIST_EXNEXT_400_US	12160
LIST_EXALL_400_US	2480
SEQ_WRITE_8M_US	41856
SEQ_READ_8M_US	266878
SMALL_DELETE_40_US	8128
APPEND_4K_1M_US	35329
APPEND_1K_256K_US	24128
APPEND_READ_1280K_US	41152
LIST_EXNEXT_40_ENTRIES_FIRST_PASS_US	1728
LIST_EXNEXT_40_ENTRIES_REPEAT10_TOTAL_US	12160
LIST_EXALL_40_ENTRIES_FIRST_PASS_US	639
LIST_EXALL_40_ENTRIES_REPEAT10_TOTAL_US	2752
LIST_EXNEXT_400_ENTRIES_FIRST_PASS_US	13182
LIST_EXNEXT_400_ENTRIES_REPEAT10_TOTAL_US	117631
LIST_EXALL_400_ENTRIES_FIRST_PASS_US	3200
LIST_EXALL_400_ENTRIES_REPEAT10_TOTAL_US	20991
LIST_EXNEXT_1000_ENTRIES_FIRST_PASS_US	34305
LIST_EXNEXT_1000_ENTRIES_REPEAT10_TOTAL_US	307198
LIST_EXALL_1000_ENTRIES_FIRST_PASS_US	12543
LIST_EXALL_1000_ENTRIES_REPEAT10_TOTAL_US	59392
PASS	1
PASS: requested mounted-volume workload outputs are complete and data-checked
