=== BFS vs PFS3 Benchmark (FS-UAE 68040) ===
Evidence directory: /home/fabian/.cache/bfs-performance/wbbound-2026-10-10.2MoC3f/results/wbbound-3-bfs-first-bound
Mode: compare
Timeout: 600s


=== Machine Info ===
# Machine Info
Kickstart 47.102, Workbench 47.2
System: 68040 68040/060-FPU   (INST: Cache Burst) (DATA: NoCache NoBurst)
Type  Available    In-Use   Maximum   Largest
chip    2028040     52728   2080768   2027968
fast    7534128    854480   8388608   7529056
total   9562168    907208  10469376   7529056


Mounted disks:
Unit      Size       Used       Free Full Errs   Status   Name
DF0       No disk present
DH0      4095M    4194304    4194303  50%   0  Read/Write System
DH1       255M         36      65372   0%   0  Read/Write BFSTest
DH2       Not a DOS disk

Volumes available:
BFSTest [Mounted]
System [Mounted]

=== BFS Results ===
FS_COMPARE_BENCH	4
DRIVE	DH1:
SMALL_CREATE_40_US	33856
LOOKUP_400_US	59265
SMALL_READ_40_US	16642
LIST_EXNEXT_400_US	27711
LIST_EXALL_400_US	7617
SEQ_WRITE_8M_US	30463
SEQ_READ_8M_US	258302
SMALL_DELETE_40_US	13695
APPEND_4K_1M_US	58816
APPEND_1K_256K_US	42817
APPEND_READ_1280K_US	44928
LIST_EXNEXT_40_ENTRIES_FIRST_PASS_US	4417
LIST_EXNEXT_40_ENTRIES_REPEAT10_TOTAL_US	28415
LIST_EXALL_40_ENTRIES_FIRST_PASS_US	1857
LIST_EXALL_40_ENTRIES_REPEAT10_TOTAL_US	8256
LIST_EXNEXT_400_ENTRIES_FIRST_PASS_US	36417
LIST_EXNEXT_400_ENTRIES_REPEAT10_TOTAL_US	294846
LIST_EXALL_400_ENTRIES_FIRST_PASS_US	15040
LIST_EXALL_400_ENTRIES_REPEAT10_TOTAL_US	75583
LIST_EXNEXT_1000_ENTRIES_FIRST_PASS_US	90304
LIST_EXNEXT_1000_ENTRIES_REPEAT10_TOTAL_US	735741
LIST_EXALL_1000_ENTRIES_FIRST_PASS_US	39168
LIST_EXALL_1000_ENTRIES_REPEAT10_TOTAL_US	190911
PASS	1

=== PFS3 Results ===
FS_COMPARE_BENCH	4
DRIVE	DH2:
SMALL_CREATE_40_US	16389
LOOKUP_400_US	65600
SMALL_READ_40_US	14463
LIST_EXNEXT_400_US	12096
LIST_EXALL_400_US	2497
SEQ_WRITE_8M_US	57344
SEQ_READ_8M_US	256447
SMALL_DELETE_40_US	7995
APPEND_4K_1M_US	33152
APPEND_1K_256K_US	25216
APPEND_READ_1280K_US	40513
LIST_EXNEXT_40_ENTRIES_FIRST_PASS_US	1600
LIST_EXNEXT_40_ENTRIES_REPEAT10_TOTAL_US	11904
LIST_EXALL_40_ENTRIES_FIRST_PASS_US	576
LIST_EXALL_40_ENTRIES_REPEAT10_TOTAL_US	2496
LIST_EXNEXT_400_ENTRIES_FIRST_PASS_US	12352
LIST_EXNEXT_400_ENTRIES_REPEAT10_TOTAL_US	111295
LIST_EXALL_400_ENTRIES_FIRST_PASS_US	2753
LIST_EXALL_400_ENTRIES_REPEAT10_TOTAL_US	20480
LIST_EXNEXT_1000_ENTRIES_FIRST_PASS_US	30911
LIST_EXNEXT_1000_ENTRIES_REPEAT10_TOTAL_US	291775
LIST_EXALL_1000_ENTRIES_FIRST_PASS_US	6593
LIST_EXALL_1000_ENTRIES_REPEAT10_TOTAL_US	49215
PASS	1
PASS: requested mounted-volume workload outputs are complete and data-checked
