=== BFS vs PFS3 Benchmark (FS-UAE 68040) ===
Evidence directory: /home/fabian/.cache/bfs-performance/listing-upgrade-2026-10-08.29qKRc/build/benchmark/leaf-range-normal-20261008-range-1-bfs-first
Mode: compare
Timeout: 600s


=== Machine Info ===
# Machine Info
Kickstart 47.102, Workbench 47.2
System: 68040 68040/060-FPU   (INST: Cache Burst) (DATA: NoCache NoBurst)
Type  Available    In-Use   Maximum   Largest
chip    2028040     52728   2080768   2027968
fast    7687256    701352   8388608   7682200
total   9715296    754080  10469376   7682200


Mounted disks:
Unit      Size       Used       Free Full Errs   Status   Name
DF0       No disk present
DH0      4095M    4194304    4194303  50%   0  Read/Write System
DH1       255M         36      65372   0%   0  Read/Write BFSTest
DH2       Not a DOS disk

Volumes available:
BFSTest [Mounted]
System [Mounted]

=== BFS Results ===
FS_COMPARE_BENCH	4
DRIVE	DH1:
SMALL_CREATE_40_US	31231
LOOKUP_400_US	75711
SMALL_READ_40_US	19968
LIST_EXNEXT_400_US	30913
LIST_EXALL_400_US	8960
SEQ_WRITE_8M_US	39297
SEQ_READ_8M_US	303934
SMALL_DELETE_40_US	17217
APPEND_4K_1M_US	76353
APPEND_1K_256K_US	61951
APPEND_READ_1280K_US	43583
LIST_EXNEXT_40_ENTRIES_FIRST_PASS_US	6144
LIST_EXNEXT_40_ENTRIES_REPEAT10_TOTAL_US	31552
LIST_EXALL_40_ENTRIES_FIRST_PASS_US	3904
LIST_EXALL_40_ENTRIES_REPEAT10_TOTAL_US	9792
LIST_EXNEXT_400_ENTRIES_FIRST_PASS_US	57663
LIST_EXNEXT_400_ENTRIES_REPEAT10_TOTAL_US	629756
LIST_EXALL_400_ENTRIES_FIRST_PASS_US	46463
LIST_EXALL_400_ENTRIES_REPEAT10_TOTAL_US	360703
LIST_EXNEXT_1000_ENTRIES_FIRST_PASS_US	159232
LIST_EXNEXT_1000_ENTRIES_REPEAT10_TOTAL_US	1525815
LIST_EXALL_1000_ENTRIES_FIRST_PASS_US	91583
LIST_EXALL_1000_ENTRIES_REPEAT10_TOTAL_US	992891
PASS	1

=== PFS3 Results ===
FS_COMPARE_BENCH	4
DRIVE	DH2:
SMALL_CREATE_40_US	16511
LOOKUP_400_US	65856
SMALL_READ_40_US	14017
LIST_EXNEXT_400_US	11904
LIST_EXALL_400_US	2496
SEQ_WRITE_8M_US	41088
SEQ_READ_8M_US	257661
SMALL_DELETE_40_US	7808
APPEND_4K_1M_US	33089
APPEND_1K_256K_US	23615
APPEND_READ_1280K_US	40446
LIST_EXNEXT_40_ENTRIES_FIRST_PASS_US	1472
LIST_EXNEXT_40_ENTRIES_REPEAT10_TOTAL_US	12031
LIST_EXALL_40_ENTRIES_FIRST_PASS_US	512
LIST_EXALL_40_ENTRIES_REPEAT10_TOTAL_US	2497
LIST_EXNEXT_400_ENTRIES_FIRST_PASS_US	12221
LIST_EXNEXT_400_ENTRIES_REPEAT10_TOTAL_US	112128
LIST_EXALL_400_ENTRIES_FIRST_PASS_US	3265
LIST_EXALL_400_ENTRIES_REPEAT10_TOTAL_US	20288
LIST_EXNEXT_1000_ENTRIES_FIRST_PASS_US	30784
LIST_EXNEXT_1000_ENTRIES_REPEAT10_TOTAL_US	281279
LIST_EXALL_1000_ENTRIES_FIRST_PASS_US	7231
LIST_EXALL_1000_ENTRIES_REPEAT10_TOTAL_US	50495
PASS	1
PASS: requested mounted-volume workload outputs are complete and data-checked
