=== BFS vs PFS3 Benchmark (FS-UAE 68040) ===
Evidence directory: /home/fabian/.cache/bfs-performance/write-guard-2026-10-09.qG6xKe/results/write-guard-durable-base-2-pfs3-first
Mode: durable-compare
Timeout: 600s


=== Machine Info ===
# Machine Info
Kickstart 47.102, Workbench 47.2
System: 68040 68040/060-FPU   (INST: Cache Burst) (DATA: NoCache NoBurst)
Type  Available    In-Use   Maximum   Largest
chip    2028040     52728   2080768   2027968
fast    7686824    701784   8388608   7681768
total   9714864    754512  10469376   7681768


Mounted disks:
Unit      Size       Used       Free Full Errs   Status   Name
DF0       No disk present
DH0      4095M    4194304    4194303  50%   0  Read/Write System
DH1       255M         36      65372   0%   0  Read/Write BFSTest
DH2       Not a DOS disk

Volumes available:
BFSTest [Mounted]
System [Mounted]

=== BFS Results ===
FS_DURABLE_COMPARE	4
DRIVE	DH1:
SMALL_CREATE_40_US	33599
LOOKUP_400_US	75520
SMALL_READ_40_US	20543
LIST_EXNEXT_400_US	31295
LIST_EXALL_400_US	9088
SEQ_WRITE_8M_US	41217
SEQ_READ_8M_US	273343
SMALL_DELETE_40_US	20205
APPEND_4K_1M_US	74943
APPEND_1K_256K_US	62144
APPEND_READ_1280K_US	43008
LIST_EXNEXT_40_ENTRIES_FIRST_PASS_US	5375
LIST_EXNEXT_40_ENTRIES_REPEAT10_TOTAL_US	31680
LIST_EXALL_40_ENTRIES_FIRST_PASS_US	3392
LIST_EXALL_40_ENTRIES_REPEAT10_TOTAL_US	9644
LIST_EXNEXT_400_ENTRIES_FIRST_PASS_US	51328
LIST_EXNEXT_400_ENTRIES_REPEAT10_TOTAL_US	526397
LIST_EXALL_400_ENTRIES_FIRST_PASS_US	30463
LIST_EXALL_400_ENTRIES_REPEAT10_TOTAL_US	305534
LIST_EXNEXT_1000_ENTRIES_FIRST_PASS_US	134272
LIST_EXNEXT_1000_ENTRIES_REPEAT10_TOTAL_US	1354039
LIST_EXALL_1000_ENTRIES_FIRST_PASS_US	77056
LIST_EXALL_1000_ENTRIES_REPEAT10_TOTAL_US	758971
PASS	1

=== PFS3 Results ===
FS_DURABLE_COMPARE	4
DRIVE	DH2:
SMALL_CREATE_40_US	18262
LOOKUP_400_US	67328
SMALL_READ_40_US	14273
LIST_EXNEXT_400_US	12160
LIST_EXALL_400_US	2495
SEQ_WRITE_8M_US	40511
SEQ_READ_8M_US	270462
SMALL_DELETE_40_US	8960
APPEND_4K_1M_US	39744
APPEND_1K_256K_US	24128
APPEND_READ_1280K_US	40960
LIST_EXNEXT_40_ENTRIES_FIRST_PASS_US	2240
LIST_EXNEXT_40_ENTRIES_REPEAT10_TOTAL_US	17985
LIST_EXALL_40_ENTRIES_FIRST_PASS_US	577
LIST_EXALL_40_ENTRIES_REPEAT10_TOTAL_US	2560
LIST_EXNEXT_400_ENTRIES_FIRST_PASS_US	12992
LIST_EXNEXT_400_ENTRIES_REPEAT10_TOTAL_US	115713
LIST_EXALL_400_ENTRIES_FIRST_PASS_US	3072
LIST_EXALL_400_ENTRIES_REPEAT10_TOTAL_US	20481
LIST_EXNEXT_1000_ENTRIES_FIRST_PASS_US	30528
LIST_EXNEXT_1000_ENTRIES_REPEAT10_TOTAL_US	344190
LIST_EXALL_1000_ENTRIES_FIRST_PASS_US	6592
LIST_EXALL_1000_ENTRIES_REPEAT10_TOTAL_US	51263
PASS	1
PASS: requested mounted-volume workload outputs are complete and data-checked
