=== BFS vs PFS3 Benchmark (FS-UAE 68040) ===
Evidence directory: /home/fabian/.cache/bfs-performance/listing-upgrade-2026-10-08.29qKRc/build/benchmark/leaf-range-normal-20261008-m3-5-bfs-first
Mode: compare
Timeout: 600s


=== Machine Info ===
# Machine Info
Kickstart 47.102, Workbench 47.2
System: 68040 68040/060-FPU   (INST: Cache Burst) (DATA: NoCache NoBurst)
Type  Available    In-Use   Maximum   Largest
chip    2028040     52728   2080768   2027968
fast    7689920    698688   8388608   7684880
total   9717960    751416  10469376   7684880


Mounted disks:
Unit      Size       Used       Free Full Errs   Status   Name
DF0       No disk present
DH0      4095M    4194304    4194303  50%   0  Read/Write System
DH1       255M         36      65372   0%   0  Read/Write BFSTest
DH2       Not a DOS disk

Volumes available:
BFSTest [Mounted]
System [Mounted]

=== BFS Results ===
FS_COMPARE_BENCH	4
DRIVE	DH1:
SMALL_CREATE_40_US	29888
LOOKUP_400_US	76543
SMALL_READ_40_US	19392
LIST_EXNEXT_400_US	30463
LIST_EXALL_400_US	8557
SEQ_WRITE_8M_US	38016
SEQ_READ_8M_US	263678
SMALL_DELETE_40_US	17279
APPEND_4K_1M_US	103785
APPEND_1K_256K_US	65918
APPEND_READ_1280K_US	46465
LIST_EXNEXT_40_ENTRIES_FIRST_PASS_US	6784
LIST_EXNEXT_40_ENTRIES_REPEAT10_TOTAL_US	31168
LIST_EXALL_40_ENTRIES_FIRST_PASS_US	4737
LIST_EXALL_40_ENTRIES_REPEAT10_TOTAL_US	9215
LIST_EXNEXT_400_ENTRIES_FIRST_PASS_US	60249
LIST_EXNEXT_400_ENTRIES_REPEAT10_TOTAL_US	736124
LIST_EXALL_400_ENTRIES_FIRST_PASS_US	41024
LIST_EXALL_400_ENTRIES_REPEAT10_TOTAL_US	602684
LIST_EXNEXT_1000_ENTRIES_FIRST_PASS_US	160383
LIST_EXNEXT_1000_ENTRIES_REPEAT10_TOTAL_US	1826613
LIST_EXALL_1000_ENTRIES_FIRST_PASS_US	107071
LIST_EXALL_1000_ENTRIES_REPEAT10_TOTAL_US	1063994
PASS	1

=== PFS3 Results ===
FS_COMPARE_BENCH	4
DRIVE	DH2:
SMALL_CREATE_40_US	17472
LOOKUP_400_US	66432
SMALL_READ_40_US	13952
LIST_EXNEXT_400_US	12223
LIST_EXALL_400_US	2434
SEQ_WRITE_8M_US	41983
SEQ_READ_8M_US	268414
SMALL_DELETE_40_US	8256
APPEND_4K_1M_US	32704
APPEND_1K_256K_US	25152
APPEND_READ_1280K_US	40833
LIST_EXNEXT_40_ENTRIES_FIRST_PASS_US	1663
LIST_EXNEXT_40_ENTRIES_REPEAT10_TOTAL_US	11840
LIST_EXALL_40_ENTRIES_FIRST_PASS_US	640
LIST_EXALL_40_ENTRIES_REPEAT10_TOTAL_US	2369
LIST_EXNEXT_400_ENTRIES_FIRST_PASS_US	13375
LIST_EXNEXT_400_ENTRIES_REPEAT10_TOTAL_US	113023
LIST_EXALL_400_ENTRIES_FIRST_PASS_US	2751
LIST_EXALL_400_ENTRIES_REPEAT10_TOTAL_US	20417
LIST_EXNEXT_1000_ENTRIES_FIRST_PASS_US	32896
LIST_EXNEXT_1000_ENTRIES_REPEAT10_TOTAL_US	337405
LIST_EXALL_1000_ENTRIES_FIRST_PASS_US	6465
LIST_EXALL_1000_ENTRIES_REPEAT10_TOTAL_US	50240
PASS	1
PASS: requested mounted-volume workload outputs are complete and data-checked
