=== BFS vs PFS3 Benchmark (FS-UAE 68040) ===
Evidence directory: /home/fabian/.cache/bfs-performance/metadata-2026-10-08.QvzB5w/build/benchmark/metadata-m3-c8-20261008-m3-1-bfs-first
Mode: compare
Timeout: 600s


=== Machine Info ===
# Machine Info
Kickstart 47.102, Workbench 47.2
System: 68040 68040/060-FPU   (INST: Cache Burst) (DATA: NoCache NoBurst)
Type  Available    In-Use   Maximum   Largest
chip    2028040     52728   2080768   2027968
fast    7689920    698688   8388608   7684880
total   9717960    751416  10469376   7684880


Mounted disks:
Unit      Size       Used       Free Full Errs   Status   Name
DF0       No disk present
DH0      4095M    4194304    4194303  50%   0  Read/Write System
DH1       255M         36      65372   0%   0  Read/Write BFSTest
DH2       Not a DOS disk

Volumes available:
BFSTest [Mounted]
System [Mounted]

=== BFS Results ===
FS_COMPARE_BENCH	4
DRIVE	DH1:
SMALL_CREATE_40_US	29695
LOOKUP_400_US	73984
SMALL_READ_40_US	17919
LIST_EXNEXT_400_US	30209
LIST_EXALL_400_US	8512
SEQ_WRITE_8M_US	37313
SEQ_READ_8M_US	259710
SMALL_DELETE_40_US	18753
APPEND_4K_1M_US	97983
APPEND_1K_256K_US	63872
APPEND_READ_1280K_US	42497
LIST_EXNEXT_40_ENTRIES_FIRST_PASS_US	6272
LIST_EXNEXT_40_ENTRIES_REPEAT10_TOTAL_US	31232
LIST_EXALL_40_ENTRIES_FIRST_PASS_US	4096
LIST_EXALL_40_ENTRIES_REPEAT10_TOTAL_US	9215
LIST_EXNEXT_400_ENTRIES_FIRST_PASS_US	60927
LIST_EXNEXT_400_ENTRIES_REPEAT10_TOTAL_US	635196
LIST_EXALL_400_ENTRIES_FIRST_PASS_US	39168
LIST_EXALL_400_ENTRIES_REPEAT10_TOTAL_US	436861
LIST_EXNEXT_1000_ENTRIES_FIRST_PASS_US	163776
LIST_EXNEXT_1000_ENTRIES_REPEAT10_TOTAL_US	1685731
LIST_EXALL_1000_ENTRIES_FIRST_PASS_US	107518
LIST_EXALL_1000_ENTRIES_REPEAT10_TOTAL_US	1071611
PASS	1

=== PFS3 Results ===
FS_COMPARE_BENCH	4
DRIVE	DH2:
SMALL_CREATE_40_US	16447
LOOKUP_400_US	66688
SMALL_READ_40_US	13953
LIST_EXNEXT_400_US	11711
LIST_EXALL_400_US	2495
SEQ_WRITE_8M_US	40894
SEQ_READ_8M_US	285887
SMALL_DELETE_40_US	7872
APPEND_4K_1M_US	32319
APPEND_1K_256K_US	23360
APPEND_READ_1280K_US	43648
LIST_EXNEXT_40_ENTRIES_FIRST_PASS_US	1792
LIST_EXNEXT_40_ENTRIES_REPEAT10_TOTAL_US	11969
LIST_EXALL_40_ENTRIES_FIRST_PASS_US	577
LIST_EXALL_40_ENTRIES_REPEAT10_TOTAL_US	2432
LIST_EXNEXT_400_ENTRIES_FIRST_PASS_US	12736
LIST_EXNEXT_400_ENTRIES_REPEAT10_TOTAL_US	112128
LIST_EXALL_400_ENTRIES_FIRST_PASS_US	2881
LIST_EXALL_400_ENTRIES_REPEAT10_TOTAL_US	20416
LIST_EXNEXT_1000_ENTRIES_FIRST_PASS_US	32192
LIST_EXNEXT_1000_ENTRIES_REPEAT10_TOTAL_US	352748
LIST_EXALL_1000_ENTRIES_FIRST_PASS_US	14273
LIST_EXALL_1000_ENTRIES_REPEAT10_TOTAL_US	82285
PASS	1
PASS: requested mounted-volume workload outputs are complete and data-checked
