=== BFS vs PFS3 Benchmark (FS-UAE 68040) ===
Evidence directory: /home/fabian/.cache/bfs-performance/writeback-2026-10-10.sKa6aK/results/writeback-7-bfs-first-candidate
Mode: compare
Timeout: 600s


=== Machine Info ===
# Machine Info
Kickstart 47.102, Workbench 47.2
System: 68040 68040/060-FPU   (INST: Cache Burst) (DATA: NoCache NoBurst)
Type  Available    In-Use   Maximum   Largest
chip    2028040     52728   2080768   2027968
fast    7532616    855992   8388608   7527544
total   9560656    908720  10469376   7527544


Mounted disks:
Unit      Size       Used       Free Full Errs   Status   Name
DF0       No disk present
DH0      4095M    4194304    4194303  50%   0  Read/Write System
DH1       255M         36      65372   0%   0  Read/Write BFSTest
DH2       Not a DOS disk

Volumes available:
BFSTest [Mounted]
System [Mounted]

=== BFS Results ===
FS_COMPARE_BENCH	4
DRIVE	DH1:
SMALL_CREATE_40_US	31039
LOOKUP_400_US	58687
SMALL_READ_40_US	18495
LIST_EXNEXT_400_US	27648
LIST_EXALL_400_US	7809
SEQ_WRITE_8M_US	28865
SEQ_READ_8M_US	274367
SMALL_DELETE_40_US	13568
APPEND_4K_1M_US	51392
APPEND_1K_256K_US	42432
APPEND_READ_1280K_US	43200
LIST_EXNEXT_40_ENTRIES_FIRST_PASS_US	4480
LIST_EXNEXT_40_ENTRIES_REPEAT10_TOTAL_US	29120
LIST_EXALL_40_ENTRIES_FIRST_PASS_US	1793
LIST_EXALL_40_ENTRIES_REPEAT10_TOTAL_US	8577
LIST_EXNEXT_400_ENTRIES_FIRST_PASS_US	38783
LIST_EXNEXT_400_ENTRIES_REPEAT10_TOTAL_US	288575
LIST_EXALL_400_ENTRIES_FIRST_PASS_US	16000
LIST_EXALL_400_ENTRIES_REPEAT10_TOTAL_US	77760
LIST_EXNEXT_1000_ENTRIES_FIRST_PASS_US	91968
LIST_EXNEXT_1000_ENTRIES_REPEAT10_TOTAL_US	739643
LIST_EXALL_1000_ENTRIES_FIRST_PASS_US	39233
LIST_EXALL_1000_ENTRIES_REPEAT10_TOTAL_US	196736
PASS	1

=== PFS3 Results ===
FS_COMPARE_BENCH	4
DRIVE	DH2:
SMALL_CREATE_40_US	17601
LOOKUP_400_US	72896
SMALL_READ_40_US	15103
LIST_EXNEXT_400_US	12480
LIST_EXALL_400_US	2622
SEQ_WRITE_8M_US	59520
SEQ_READ_8M_US	292287
SMALL_DELETE_40_US	7872
APPEND_4K_1M_US	34687
APPEND_1K_256K_US	42688
APPEND_READ_1280K_US	41920
LIST_EXNEXT_40_ENTRIES_FIRST_PASS_US	1638
LIST_EXNEXT_40_ENTRIES_REPEAT10_TOTAL_US	12033
LIST_EXALL_40_ENTRIES_FIRST_PASS_US	576
LIST_EXALL_40_ENTRIES_REPEAT10_TOTAL_US	2497
LIST_EXNEXT_400_ENTRIES_FIRST_PASS_US	13951
LIST_EXNEXT_400_ENTRIES_REPEAT10_TOTAL_US	115264
LIST_EXALL_400_ENTRIES_FIRST_PASS_US	3008
LIST_EXALL_400_ENTRIES_REPEAT10_TOTAL_US	20287
LIST_EXNEXT_1000_ENTRIES_FIRST_PASS_US	32768
LIST_EXNEXT_1000_ENTRIES_REPEAT10_TOTAL_US	283390
LIST_EXALL_1000_ENTRIES_FIRST_PASS_US	6271
LIST_EXALL_1000_ENTRIES_REPEAT10_TOTAL_US	49408
PASS	1
PASS: requested mounted-volume workload outputs are complete and data-checked
