=== BFS vs PFS3 Benchmark (FS-UAE 68040) ===
Evidence directory: /home/fabian/.cache/bfs-performance/sparse-crc-2026-10-09.xN615F/candidate/build/benchmark/sparse-normal-20261009-sparse-7-bfs-first
Mode: compare
Timeout: 600s


=== Machine Info ===
# Machine Info
Kickstart 47.102, Workbench 47.2
System: 68040 68040/060-FPU   (INST: Cache Burst) (DATA: NoCache NoBurst)
Type  Available    In-Use   Maximum   Largest
chip    2028040     52728   2080768   2027968
fast    7686824    701784   8388608   7681768
total   9714864    754512  10469376   7681768


Mounted disks:
Unit      Size       Used       Free Full Errs   Status   Name
DF0       No disk present
DH0      4095M    4194304    4194303  50%   0  Read/Write System
DH1       255M         36      65372   0%   0  Read/Write BFSTest
DH2       Not a DOS disk

Volumes available:
BFSTest [Mounted]
System [Mounted]

=== BFS Results ===
FS_COMPARE_BENCH	4
DRIVE	DH1:
SMALL_CREATE_40_US	31615
LOOKUP_400_US	76351
SMALL_READ_40_US	20032
LIST_EXNEXT_400_US	31678
LIST_EXALL_400_US	8960
SEQ_WRITE_8M_US	44737
SEQ_READ_8M_US	369086
SMALL_DELETE_40_US	26240
APPEND_4K_1M_US	74239
APPEND_1K_256K_US	61632
APPEND_READ_1280K_US	44606
LIST_EXNEXT_40_ENTRIES_FIRST_PASS_US	5760
LIST_EXNEXT_40_ENTRIES_REPEAT10_TOTAL_US	32064
LIST_EXALL_40_ENTRIES_FIRST_PASS_US	4607
LIST_EXALL_40_ENTRIES_REPEAT10_TOTAL_US	13120
LIST_EXNEXT_400_ENTRIES_FIRST_PASS_US	80510
LIST_EXNEXT_400_ENTRIES_REPEAT10_TOTAL_US	566846
LIST_EXALL_400_ENTRIES_FIRST_PASS_US	29824
LIST_EXALL_400_ENTRIES_REPEAT10_TOTAL_US	299775
LIST_EXNEXT_1000_ENTRIES_FIRST_PASS_US	222398
LIST_EXNEXT_1000_ENTRIES_REPEAT10_TOTAL_US	1643767
LIST_EXALL_1000_ENTRIES_FIRST_PASS_US	78400
LIST_EXALL_1000_ENTRIES_REPEAT10_TOTAL_US	989946
PASS	1

=== PFS3 Results ===
FS_COMPARE_BENCH	4
DRIVE	DH2:
SMALL_CREATE_40_US	17665
LOOKUP_400_US	90303
SMALL_READ_40_US	14464
LIST_EXNEXT_400_US	12415
LIST_EXALL_400_US	2536
SEQ_WRITE_8M_US	44673
SEQ_READ_8M_US	284799
SMALL_DELETE_40_US	11903
APPEND_4K_1M_US	33280
APPEND_1K_256K_US	24511
APPEND_READ_1280K_US	72513
LIST_EXNEXT_40_ENTRIES_FIRST_PASS_US	1728
LIST_EXNEXT_40_ENTRIES_REPEAT10_TOTAL_US	12417
LIST_EXALL_40_ENTRIES_FIRST_PASS_US	575
LIST_EXALL_40_ENTRIES_REPEAT10_TOTAL_US	2752
LIST_EXNEXT_400_ENTRIES_FIRST_PASS_US	12992
LIST_EXNEXT_400_ENTRIES_REPEAT10_TOTAL_US	115903
LIST_EXALL_400_ENTRIES_FIRST_PASS_US	3072
LIST_EXALL_400_ENTRIES_REPEAT10_TOTAL_US	21312
LIST_EXNEXT_1000_ENTRIES_FIRST_PASS_US	31294
LIST_EXNEXT_1000_ENTRIES_REPEAT10_TOTAL_US	290301
LIST_EXALL_1000_ENTRIES_FIRST_PASS_US	6782
LIST_EXALL_1000_ENTRIES_REPEAT10_TOTAL_US	50560
PASS	1
PASS: requested mounted-volume workload outputs are complete and data-checked
