=== BFS vs PFS3 Benchmark (FS-UAE 68040) ===
Evidence directory: /tmp/bfs-perf-crc.UBHsLz/memory-copy-short-normal-repeat-candidate-pfs3-first
Mode: compare
Timeout: 300s


=== Machine Info ===
# Machine Info
Kickstart 47.102, Workbench 47.2
System: 68040 68040/060-FPU   (INST: Cache Burst) (DATA: NoCache NoBurst)
Type  Available    In-Use   Maximum   Largest
chip    2028040     52728   2080768   2027968
fast    7716160    672448   8388608   7711080
total   9744200    725176  10469376   7711080


Mounted disks:
Unit      Size       Used       Free Full Errs   Status   Name
DF0       No disk present
DH0      4095M    4194304    4194303  50%   0  Read/Write System
DH1       255M         36      65372   0%   0  Read/Write BFSTest
DH2       Not a DOS disk

Volumes available:
BFSTest [Mounted]
System [Mounted]

=== BFS Results ===
FS_COMPARE_BENCH	1
DRIVE	DH1:
SMALL_CREATE_40_US	208699
LOOKUP_400_US	134399
SMALL_READ_40_US	48512
SEQ_WRITE_8M_US	345790
SEQ_READ_8M_US	492552
SMALL_DELETE_40_US	168896
PASS	1

=== PFS3 Results ===
FS_COMPARE_BENCH	1
DRIVE	DH2:
SMALL_CREATE_40_US	16960
LOOKUP_400_US	67520
SMALL_READ_40_US	14465
SEQ_WRITE_8M_US	35649
SEQ_READ_8M_US	264959
SMALL_DELETE_40_US	8065
PASS	1
PASS: requested mounted-volume workload outputs are complete and data-checked
