=== BFS vs PFS3 Benchmark (FS-UAE 68040) ===
Evidence directory: /home/fabian/.cache/bfs-performance/sparse-crc-2026-10-09.xN615F/candidate/build/benchmark/sparse-confirmation-20261009/confirm-normal-sparse-6-pfs3-first
Mode: compare
Timeout: 600s


=== Machine Info ===
# Machine Info
Kickstart 47.102, Workbench 47.2
System: 68040 68040/060-FPU   (INST: Cache Burst) (DATA: NoCache NoBurst)
Type  Available    In-Use   Maximum   Largest
chip    2028040     52728   2080768   2027968
fast    7686824    701784   8388608   7681768
total   9714864    754512  10469376   7681768


Mounted disks:
Unit      Size       Used       Free Full Errs   Status   Name
DF0       No disk present
DH0      4095M    4194304    4194303  50%   0  Read/Write System
DH1       255M         36      65372   0%   0  Read/Write BFSTest
DH2       Not a DOS disk

Volumes available:
BFSTest [Mounted]
System [Mounted]

=== BFS Results ===
FS_COMPARE_BENCH	4
DRIVE	DH1:
SMALL_CREATE_40_US	31039
LOOKUP_400_US	76480
SMALL_READ_40_US	21248
LIST_EXNEXT_400_US	32126
LIST_EXALL_400_US	8960
SEQ_WRITE_8M_US	40257
SEQ_READ_8M_US	278781
SMALL_DELETE_40_US	21183
APPEND_4K_1M_US	76800
APPEND_1K_256K_US	96896
APPEND_READ_1280K_US	44992
LIST_EXNEXT_40_ENTRIES_FIRST_PASS_US	5760
LIST_EXNEXT_40_ENTRIES_REPEAT10_TOTAL_US	31681
LIST_EXALL_40_ENTRIES_FIRST_PASS_US	3457
LIST_EXALL_40_ENTRIES_REPEAT10_TOTAL_US	9600
LIST_EXNEXT_400_ENTRIES_FIRST_PASS_US	55552
LIST_EXNEXT_400_ENTRIES_REPEAT10_TOTAL_US	544701
LIST_EXALL_400_ENTRIES_FIRST_PASS_US	34047
LIST_EXALL_400_ENTRIES_REPEAT10_TOTAL_US	335230
LIST_EXNEXT_1000_ENTRIES_FIRST_PASS_US	148031
LIST_EXNEXT_1000_ENTRIES_REPEAT10_TOTAL_US	1443767
LIST_EXALL_1000_ENTRIES_FIRST_PASS_US	82047
LIST_EXALL_1000_ENTRIES_REPEAT10_TOTAL_US	796156
PASS	1

=== PFS3 Results ===
FS_COMPARE_BENCH	4
DRIVE	DH2:
SMALL_CREATE_40_US	18688
LOOKUP_400_US	66815
SMALL_READ_40_US	15473
LIST_EXNEXT_400_US	12160
LIST_EXALL_400_US	2560
SEQ_WRITE_8M_US	41023
SEQ_READ_8M_US	295678
SMALL_DELETE_40_US	10560
APPEND_4K_1M_US	36031
APPEND_1K_256K_US	33023
APPEND_READ_1280K_US	47745
LIST_EXNEXT_40_ENTRIES_FIRST_PASS_US	1600
LIST_EXNEXT_40_ENTRIES_REPEAT10_TOTAL_US	12415
LIST_EXALL_40_ENTRIES_FIRST_PASS_US	1600
LIST_EXALL_40_ENTRIES_REPEAT10_TOTAL_US	2495
LIST_EXNEXT_400_ENTRIES_FIRST_PASS_US	12992
LIST_EXNEXT_400_ENTRIES_REPEAT10_TOTAL_US	114431
LIST_EXALL_400_ENTRIES_FIRST_PASS_US	2777
LIST_EXALL_400_ENTRIES_REPEAT10_TOTAL_US	20287
LIST_EXNEXT_1000_ENTRIES_FIRST_PASS_US	33599
LIST_EXNEXT_1000_ENTRIES_REPEAT10_TOTAL_US	285630
LIST_EXALL_1000_ENTRIES_FIRST_PASS_US	7551
LIST_EXALL_1000_ENTRIES_REPEAT10_TOTAL_US	49792
PASS	1
PASS: requested mounted-volume workload outputs are complete and data-checked
