=== BFS vs PFS3 Benchmark (FS-UAE 68040) ===
Evidence directory: /home/fabian/.cache/bfs-performance/listing-upgrade-2026-10-08.29qKRc/build/benchmark/cache-capacity-20261008-b128-1-bfs-first
Mode: compare
Timeout: 600s


=== Machine Info ===
# Machine Info
Kickstart 47.102, Workbench 47.2
System: 68040 68040/060-FPU   (INST: Cache Burst) (DATA: NoCache NoBurst)
Type  Available    In-Use   Maximum   Largest
chip    2028040     52728   2080768   2027968
fast    7282048   1106560   8388608   7276968
total   9310088   1159288  10469376   7276968


Mounted disks:
Unit      Size       Used       Free Full Errs   Status   Name
DF0       No disk present
DH0      4095M    4194304    4194303  50%   0  Read/Write System
DH1       255M         36      65372   0%   0  Read/Write BFSTest
DH2       Not a DOS disk

Volumes available:
BFSTest [Mounted]
System [Mounted]

=== BFS Results ===
FS_COMPARE_BENCH	4
DRIVE	DH1:
SMALL_CREATE_40_US	29890
LOOKUP_400_US	75326
SMALL_READ_40_US	20672
LIST_EXNEXT_400_US	32447
LIST_EXALL_400_US	8512
SEQ_WRITE_8M_US	40063
SEQ_READ_8M_US	276350
SMALL_DELETE_40_US	17472
APPEND_4K_1M_US	79817
APPEND_1K_256K_US	82176
APPEND_READ_1280K_US	59648
LIST_EXNEXT_40_ENTRIES_FIRST_PASS_US	6337
LIST_EXNEXT_40_ENTRIES_REPEAT10_TOTAL_US	31424
LIST_EXALL_40_ENTRIES_FIRST_PASS_US	4033
LIST_EXALL_40_ENTRIES_REPEAT10_TOTAL_US	9088
LIST_EXNEXT_400_ENTRIES_FIRST_PASS_US	60417
LIST_EXNEXT_400_ENTRIES_REPEAT10_TOTAL_US	450941
LIST_EXALL_400_ENTRIES_FIRST_PASS_US	37439
LIST_EXALL_400_ENTRIES_REPEAT10_TOTAL_US	173184
LIST_EXNEXT_1000_ENTRIES_FIRST_PASS_US	167229
LIST_EXNEXT_1000_ENTRIES_REPEAT10_TOTAL_US	1542456
LIST_EXALL_1000_ENTRIES_FIRST_PASS_US	100096
LIST_EXALL_1000_ENTRIES_REPEAT10_TOTAL_US	888379
PASS	1

=== PFS3 Results ===
FS_COMPARE_BENCH	4
DRIVE	DH2:
SMALL_CREATE_40_US	16730
LOOKUP_400_US	91008
SMALL_READ_40_US	16639
LIST_EXNEXT_400_US	12032
LIST_EXALL_400_US	3200
SEQ_WRITE_8M_US	68545
SEQ_READ_8M_US	275583
SMALL_DELETE_40_US	7872
APPEND_4K_1M_US	33546
APPEND_1K_256K_US	23243
APPEND_READ_1280K_US	46208
LIST_EXNEXT_40_ENTRIES_FIRST_PASS_US	1792
LIST_EXNEXT_40_ENTRIES_REPEAT10_TOTAL_US	11776
LIST_EXALL_40_ENTRIES_FIRST_PASS_US	512
LIST_EXALL_40_ENTRIES_REPEAT10_TOTAL_US	2476
LIST_EXNEXT_400_ENTRIES_FIRST_PASS_US	12674
LIST_EXNEXT_400_ENTRIES_REPEAT10_TOTAL_US	112191
LIST_EXALL_400_ENTRIES_FIRST_PASS_US	2688
LIST_EXALL_400_ENTRIES_REPEAT10_TOTAL_US	20543
LIST_EXNEXT_1000_ENTRIES_FIRST_PASS_US	35455
LIST_EXNEXT_1000_ENTRIES_REPEAT10_TOTAL_US	278910
LIST_EXALL_1000_ENTRIES_FIRST_PASS_US	6208
LIST_EXALL_1000_ENTRIES_REPEAT10_TOTAL_US	49471
PASS	1
PASS: requested mounted-volume workload outputs are complete and data-checked
