=== BFS vs PFS3 Benchmark (FS-UAE 68040) ===
Evidence directory: /home/fabian/.cache/bfs-performance/append-attr-2026-10-10.XtdDJw/results/append-prod-8-pfs3-first-ref
Mode: compare
Timeout: 600s


=== Machine Info ===
# Machine Info
Kickstart 47.102, Workbench 47.2
System: 68040 68040/060-FPU   (INST: Cache Burst) (DATA: NoCache NoBurst)
Type  Available    In-Use   Maximum   Largest
chip    2028040     52728   2080768   2027968
fast    7532616    855992   8388608   7527544
total   9560656    908720  10469376   7527544


Mounted disks:
Unit      Size       Used       Free Full Errs   Status   Name
DF0       No disk present
DH0      4095M    4194304    4194303  50%   0  Read/Write System
DH1       255M         36      65372   0%   0  Read/Write BFSTest
DH2       Not a DOS disk

Volumes available:
BFSTest [Mounted]
System [Mounted]

=== BFS Results ===
FS_COMPARE_BENCH	4
DRIVE	DH1:
SMALL_CREATE_40_US	36992
LOOKUP_400_US	83328
SMALL_READ_40_US	19583
LIST_EXNEXT_400_US	29760
LIST_EXALL_400_US	8640
SEQ_WRITE_8M_US	30527
SEQ_READ_8M_US	286655
SMALL_DELETE_40_US	13632
APPEND_4K_1M_US	58624
APPEND_1K_256K_US	61503
APPEND_READ_1280K_US	44545
LIST_EXNEXT_40_ENTRIES_FIRST_PASS_US	4480
LIST_EXNEXT_40_ENTRIES_REPEAT10_TOTAL_US	28993
LIST_EXALL_40_ENTRIES_FIRST_PASS_US	1917
LIST_EXALL_40_ENTRIES_REPEAT10_TOTAL_US	8640
LIST_EXNEXT_400_ENTRIES_FIRST_PASS_US	38080
LIST_EXNEXT_400_ENTRIES_REPEAT10_TOTAL_US	358206
LIST_EXALL_400_ENTRIES_FIRST_PASS_US	16473
LIST_EXALL_400_ENTRIES_REPEAT10_TOTAL_US	77185
LIST_EXNEXT_1000_ENTRIES_FIRST_PASS_US	105408
LIST_EXNEXT_1000_ENTRIES_REPEAT10_TOTAL_US	737979
LIST_EXALL_1000_ENTRIES_FIRST_PASS_US	43968
LIST_EXALL_1000_ENTRIES_REPEAT10_TOTAL_US	197693
PASS	1

=== PFS3 Results ===
FS_COMPARE_BENCH	4
DRIVE	DH2:
SMALL_CREATE_40_US	16063
LOOKUP_400_US	66943
SMALL_READ_40_US	14592
LIST_EXNEXT_400_US	12160
LIST_EXALL_400_US	2496
SEQ_WRITE_8M_US	39743
SEQ_READ_8M_US	254912
SMALL_DELETE_40_US	7872
APPEND_4K_1M_US	31808
APPEND_1K_256K_US	23231
APPEND_READ_1280K_US	45057
LIST_EXNEXT_40_ENTRIES_FIRST_PASS_US	1729
LIST_EXNEXT_40_ENTRIES_REPEAT10_TOTAL_US	12032
LIST_EXALL_40_ENTRIES_FIRST_PASS_US	704
LIST_EXALL_40_ENTRIES_REPEAT10_TOTAL_US	2495
LIST_EXNEXT_400_ENTRIES_FIRST_PASS_US	13312
LIST_EXNEXT_400_ENTRIES_REPEAT10_TOTAL_US	114943
LIST_EXALL_400_ENTRIES_FIRST_PASS_US	3519
LIST_EXALL_400_ENTRIES_REPEAT10_TOTAL_US	30848
LIST_EXNEXT_1000_ENTRIES_FIRST_PASS_US	31681
LIST_EXNEXT_1000_ENTRIES_REPEAT10_TOTAL_US	289405
LIST_EXALL_1000_ENTRIES_FIRST_PASS_US	6975
LIST_EXALL_1000_ENTRIES_REPEAT10_TOTAL_US	53504
PASS	1
PASS: requested mounted-volume workload outputs are complete and data-checked
