=== BFS vs PFS3 Benchmark (FS-UAE 68040) ===
Evidence directory: /home/fabian/.cache/bfs-performance/listing-upgrade-2026-10-08.29qKRc/build/benchmark/leaf-range-normal-20261008-range-7-bfs-first
Mode: compare
Timeout: 600s


=== Machine Info ===
# Machine Info
Kickstart 47.102, Workbench 47.2
System: 68040 68040/060-FPU   (INST: Cache Burst) (DATA: NoCache NoBurst)
Type  Available    In-Use   Maximum   Largest
chip    2028040     52728   2080768   2027968
fast    7687256    701352   8388608   7682200
total   9715296    754080  10469376   7682200


Mounted disks:
Unit      Size       Used       Free Full Errs   Status   Name
DF0       No disk present
DH0      4095M    4194304    4194303  50%   0  Read/Write System
DH1       255M         36      65372   0%   0  Read/Write BFSTest
DH2       Not a DOS disk

Volumes available:
BFSTest [Mounted]
System [Mounted]

=== BFS Results ===
FS_COMPARE_BENCH	4
DRIVE	DH1:
SMALL_CREATE_40_US	30016
LOOKUP_400_US	76545
SMALL_READ_40_US	20863
LIST_EXNEXT_400_US	39424
LIST_EXALL_400_US	10113
SEQ_WRITE_8M_US	40768
SEQ_READ_8M_US	268415
SMALL_DELETE_40_US	28352
APPEND_4K_1M_US	137151
APPEND_1K_256K_US	70401
APPEND_READ_1280K_US	43776
LIST_EXNEXT_40_ENTRIES_FIRST_PASS_US	6503
LIST_EXNEXT_40_ENTRIES_REPEAT10_TOTAL_US	31808
LIST_EXALL_40_ENTRIES_FIRST_PASS_US	3455
LIST_EXALL_40_ENTRIES_REPEAT10_TOTAL_US	9856
LIST_EXNEXT_400_ENTRIES_FIRST_PASS_US	56320
LIST_EXNEXT_400_ENTRIES_REPEAT10_TOTAL_US	582269
LIST_EXALL_400_ENTRIES_FIRST_PASS_US	45183
LIST_EXALL_400_ENTRIES_REPEAT10_TOTAL_US	413630
LIST_EXNEXT_1000_ENTRIES_FIRST_PASS_US	153024
LIST_EXNEXT_1000_ENTRIES_REPEAT10_TOTAL_US	1597303
LIST_EXALL_1000_ENTRIES_FIRST_PASS_US	105471
LIST_EXALL_1000_ENTRIES_REPEAT10_TOTAL_US	897980
PASS	1

=== PFS3 Results ===
FS_COMPARE_BENCH	4
DRIVE	DH2:
SMALL_CREATE_40_US	16895
LOOKUP_400_US	66175
SMALL_READ_40_US	15295
LIST_EXNEXT_400_US	12225
LIST_EXALL_400_US	2558
SEQ_WRITE_8M_US	41663
SEQ_READ_8M_US	259325
SMALL_DELETE_40_US	7871
APPEND_4K_1M_US	33920
APPEND_1K_256K_US	23104
APPEND_READ_1280K_US	41792
LIST_EXNEXT_40_ENTRIES_FIRST_PASS_US	1600
LIST_EXNEXT_40_ENTRIES_REPEAT10_TOTAL_US	12800
LIST_EXALL_40_ENTRIES_FIRST_PASS_US	640
LIST_EXALL_40_ENTRIES_REPEAT10_TOTAL_US	3201
LIST_EXNEXT_400_ENTRIES_FIRST_PASS_US	14400
LIST_EXNEXT_400_ENTRIES_REPEAT10_TOTAL_US	113086
LIST_EXALL_400_ENTRIES_FIRST_PASS_US	2754
LIST_EXALL_400_ENTRIES_REPEAT10_TOTAL_US	20160
LIST_EXNEXT_1000_ENTRIES_FIRST_PASS_US	32064
LIST_EXNEXT_1000_ENTRIES_REPEAT10_TOTAL_US	282751
LIST_EXALL_1000_ENTRIES_FIRST_PASS_US	6655
LIST_EXALL_1000_ENTRIES_REPEAT10_TOTAL_US	51966
PASS	1
PASS: requested mounted-volume workload outputs are complete and data-checked
