=== BFS vs PFS3 Benchmark (FS-UAE 68040) ===
Evidence directory: /home/fabian/.cache/bfs-performance/listing-upgrade-2026-10-08.29qKRc/build/benchmark/leaf-range-normal-20261008-range-2-pfs3-first
Mode: compare
Timeout: 600s


=== Machine Info ===
# Machine Info
Kickstart 47.102, Workbench 47.2
System: 68040 68040/060-FPU   (INST: Cache Burst) (DATA: NoCache NoBurst)
Type  Available    In-Use   Maximum   Largest
chip    2028040     52728   2080768   2027968
fast    7687256    701352   8388608   7682200
total   9715296    754080  10469376   7682200


Mounted disks:
Unit      Size       Used       Free Full Errs   Status   Name
DF0       No disk present
DH0      4095M    4194304    4194303  50%   0  Read/Write System
DH1       255M         36      65372   0%   0  Read/Write BFSTest
DH2       Not a DOS disk

Volumes available:
BFSTest [Mounted]
System [Mounted]

=== BFS Results ===
FS_COMPARE_BENCH	4
DRIVE	DH1:
SMALL_CREATE_40_US	31551
LOOKUP_400_US	76031
SMALL_READ_40_US	20352
LIST_EXNEXT_400_US	31103
LIST_EXALL_400_US	9537
SEQ_WRITE_8M_US	56512
SEQ_READ_8M_US	328446
SMALL_DELETE_40_US	31232
APPEND_4K_1M_US	82943
APPEND_1K_256K_US	65279
APPEND_READ_1280K_US	45120
LIST_EXNEXT_40_ENTRIES_FIRST_PASS_US	6463
LIST_EXNEXT_40_ENTRIES_REPEAT10_TOTAL_US	31808
LIST_EXALL_40_ENTRIES_FIRST_PASS_US	3905
LIST_EXALL_40_ENTRIES_REPEAT10_TOTAL_US	9791
LIST_EXNEXT_400_ENTRIES_FIRST_PASS_US	58816
LIST_EXNEXT_400_ENTRIES_REPEAT10_TOTAL_US	642237
LIST_EXALL_400_ENTRIES_FIRST_PASS_US	43263
LIST_EXALL_400_ENTRIES_REPEAT10_TOTAL_US	373758
LIST_EXNEXT_1000_ENTRIES_FIRST_PASS_US	147776
LIST_EXNEXT_1000_ENTRIES_REPEAT10_TOTAL_US	1702839
LIST_EXALL_1000_ENTRIES_FIRST_PASS_US	88960
LIST_EXALL_1000_ENTRIES_REPEAT10_TOTAL_US	957883
PASS	1

=== PFS3 Results ===
FS_COMPARE_BENCH	4
DRIVE	DH2:
SMALL_CREATE_40_US	21055
LOOKUP_400_US	121216
SMALL_READ_40_US	15167
LIST_EXNEXT_400_US	12289
LIST_EXALL_400_US	2560
SEQ_WRITE_8M_US	42431
SEQ_READ_8M_US	272701
SMALL_DELETE_40_US	7935
APPEND_4K_1M_US	34688
APPEND_1K_256K_US	23165
APPEND_READ_1280K_US	42560
LIST_EXNEXT_40_ENTRIES_FIRST_PASS_US	1663
LIST_EXNEXT_40_ENTRIES_REPEAT10_TOTAL_US	12287
LIST_EXALL_40_ENTRIES_FIRST_PASS_US	640
LIST_EXALL_40_ENTRIES_REPEAT10_TOTAL_US	2477
LIST_EXNEXT_400_ENTRIES_FIRST_PASS_US	12672
LIST_EXNEXT_400_ENTRIES_REPEAT10_TOTAL_US	112639
LIST_EXALL_400_ENTRIES_FIRST_PASS_US	3073
LIST_EXALL_400_ENTRIES_REPEAT10_TOTAL_US	20608
LIST_EXNEXT_1000_ENTRIES_FIRST_PASS_US	31360
LIST_EXNEXT_1000_ENTRIES_REPEAT10_TOTAL_US	280382
LIST_EXALL_1000_ENTRIES_FIRST_PASS_US	6529
LIST_EXALL_1000_ENTRIES_REPEAT10_TOTAL_US	50817
PASS	1
PASS: requested mounted-volume workload outputs are complete and data-checked
