test_child_completion (test_amiga_runner.AmigaRunnerTests.test_child_completion) ... ok
test_command_validation (test_amiga_runner.AmigaRunnerTests.test_command_validation) ... ok
test_complete_full_and_quick (test_amiga_runner.AmigaRunnerTests.test_complete_full_and_quick) ... ok
test_exit_and_timeout_are_failures (test_amiga_runner.AmigaRunnerTests.test_exit_and_timeout_are_failures) ... ok
test_failed_case_with_honest_summary (test_amiga_runner.AmigaRunnerTests.test_failed_case_with_honest_summary) ... ok
test_inventory_and_summary_counterprobes (test_amiga_runner.AmigaRunnerTests.test_inventory_and_summary_counterprobes) ... ok
test_inventory_filter_is_strict_and_selective (test_amiga_runner.AmigaRunnerTests.test_inventory_filter_is_strict_and_selective) ... ok
test_inventory_is_nonempty_unique_and_well_formed (test_amiga_runner.AmigaRunnerTests.test_inventory_is_nonempty_unique_and_well_formed) ... ok
test_missing_or_corrupt_completion (test_amiga_runner.AmigaRunnerTests.test_missing_or_corrupt_completion) ... ok
test_run_marker_must_match_status_order (test_amiga_runner.AmigaRunnerTests.test_run_marker_must_match_status_order) ... ok
test_stale_record_cannot_pass (test_amiga_runner.AmigaRunnerTests.test_stale_record_cannot_pass) ... ok
test_builder_defaults_to_thirty_and_only_sets_bfs_dosenv (test_bench_cache_capacity.BenchCacheCapacityTests.test_builder_defaults_to_thirty_and_only_sets_bfs_dosenv) ... ok
test_builder_forwards_custom_capacity (test_bench_cache_capacity.BenchCacheCapacityTests.test_builder_forwards_custom_capacity) ... ok
test_builder_rejects_bad_capacity_before_creating_run_directory (test_bench_cache_capacity.BenchCacheCapacityTests.test_builder_rejects_bad_capacity_before_creating_run_directory) ... ok
test_series_capacity_suffix_common_default_and_literal_path (test_bench_cache_capacity.BenchCacheCapacityTests.test_series_capacity_suffix_common_default_and_literal_path) ... ok
test_series_refuses_to_overwrite_existing_run (test_bench_cache_capacity.BenchCacheCapacityTests.test_series_refuses_to_overwrite_existing_run) ... ok
test_series_rejects_duplicate_names_before_creating_run_directories (test_bench_cache_capacity.BenchCacheCapacityTests.test_series_rejects_duplicate_names_before_creating_run_directories) ... ok
test_series_rejects_invalid_capacities_before_creating_run_directories (test_bench_cache_capacity.BenchCacheCapacityTests.test_series_rejects_invalid_capacities_before_creating_run_directories) ... ok
test_compare_rejects_durable_schema (test_bench_verifier.BenchVerifierTests.test_compare_rejects_durable_schema) ... ok
test_compare_rejects_unknown_schema_version (test_bench_verifier.BenchVerifierTests.test_compare_rejects_unknown_schema_version) ... ok
test_compare_v2_accepts_listing_phases (test_bench_verifier.BenchVerifierTests.test_compare_v2_accepts_listing_phases) ... ok
test_compare_v2_rejects_mixed_versions_and_missing_listing (test_bench_verifier.BenchVerifierTests.test_compare_v2_rejects_mixed_versions_and_missing_listing) ... ok
test_compare_v3_accepts_append_phases (test_bench_verifier.BenchVerifierTests.test_compare_v3_accepts_append_phases) ... ok
test_compare_v3_rejects_mixed_versions_and_missing_or_reordered_append (test_bench_verifier.BenchVerifierTests.test_compare_v3_rejects_mixed_versions_and_missing_or_reordered_append) ... ok
test_compare_v4_accepts_listing_scaling_phases (test_bench_verifier.BenchVerifierTests.test_compare_v4_accepts_listing_scaling_phases) ... ok
test_compare_v4_rejects_mislabeled_listing_metric (test_bench_verifier.BenchVerifierTests.test_compare_v4_rejects_mislabeled_listing_metric) ... ok
test_compare_v4_rejects_missing_listing_metric (test_bench_verifier.BenchVerifierTests.test_compare_v4_rejects_missing_listing_metric) ... ok
test_compare_v4_rejects_mixed_schema_versions (test_bench_verifier.BenchVerifierTests.test_compare_v4_rejects_mixed_schema_versions) ... ok
test_compare_v4_rejects_reordered_listing_metrics (test_bench_verifier.BenchVerifierTests.test_compare_v4_rejects_reordered_listing_metrics) ... ok
test_deep_compare_counterprobes (test_bench_verifier.BenchVerifierTests.test_deep_compare_counterprobes) ... ok
test_deep_compare_detail_scope_order_matches_probe_header_macro (test_bench_verifier.BenchVerifierTests.test_deep_compare_detail_scope_order_matches_probe_header_macro) ... ok
test_deep_compare_v10_accepts_cpu_probe_metrics (test_bench_verifier.BenchVerifierTests.test_deep_compare_v10_accepts_cpu_probe_metrics) ... ok
test_deep_compare_v10_accepts_v9_upgrade_with_compatible_zero_counters (test_bench_verifier.BenchVerifierTests.test_deep_compare_v10_accepts_v9_upgrade_with_compatible_zero_counters) ... ok
test_deep_compare_v10_does_not_apply_schema11_integer_bounds (test_bench_verifier.BenchVerifierTests.test_deep_compare_v10_does_not_apply_schema11_integer_bounds) ... ok
test_deep_compare_v10_rejects_cpu_sample_mismatches (test_bench_verifier.BenchVerifierTests.test_deep_compare_v10_rejects_cpu_sample_mismatches) ... ok
test_deep_compare_v10_rejects_missing_malformed_and_duplicate_cpu_rows (test_bench_verifier.BenchVerifierTests.test_deep_compare_v10_rejects_missing_malformed_and_duplicate_cpu_rows) ... ok
test_deep_compare_v10_rejects_reserve_batch_and_sealed_accounting_errors (test_bench_verifier.BenchVerifierTests.test_deep_compare_v10_rejects_reserve_batch_and_sealed_accounting_errors) ... ok
test_deep_compare_v11_accepts_inclusive_cpu_scopes_and_packet_partition (test_bench_verifier.BenchVerifierTests.test_deep_compare_v11_accepts_inclusive_cpu_scopes_and_packet_partition) ... ok
test_deep_compare_v11_accepts_maximum_unsigned_scope_values (test_bench_verifier.BenchVerifierTests.test_deep_compare_v11_accepts_maximum_unsigned_scope_values) ... ok
test_deep_compare_v11_rejects_missing_malformed_and_duplicate_scopes (test_bench_verifier.BenchVerifierTests.test_deep_compare_v11_rejects_missing_malformed_and_duplicate_scopes) ... ok
test_deep_compare_v11_rejects_mixed_version_headers (test_bench_verifier.BenchVerifierTests.test_deep_compare_v11_rejects_mixed_version_headers) ... ok
test_deep_compare_v11_rejects_packet_partition_call_and_tick_errors (test_bench_verifier.BenchVerifierTests.test_deep_compare_v11_rejects_packet_partition_call_and_tick_errors) ... ok
test_deep_compare_v11_rejects_sample_and_zero_call_tick_errors (test_bench_verifier.BenchVerifierTests.test_deep_compare_v11_rejects_sample_and_zero_call_tick_errors) ... ok
test_deep_compare_v11_rejects_unsigned_overflow_and_lossy_counts (test_bench_verifier.BenchVerifierTests.test_deep_compare_v11_rejects_unsigned_overflow_and_lossy_counts) ... ok
test_deep_compare_v12_accepts_append_and_listing_probe_profile (test_bench_verifier.BenchVerifierTests.test_deep_compare_v12_accepts_append_and_listing_probe_profile) ... ok
test_deep_compare_v12_rejects_lookup_accounting_invariant_violations (test_bench_verifier.BenchVerifierTests.test_deep_compare_v12_rejects_lookup_accounting_invariant_violations) ... ok
test_deep_compare_v12_rejects_missing_reordered_and_mixed_rows (test_bench_verifier.BenchVerifierTests.test_deep_compare_v12_rejects_missing_reordered_and_mixed_rows) ... ok
test_deep_compare_v13_accepts_detail_sampling_profile (test_bench_verifier.BenchVerifierTests.test_deep_compare_v13_accepts_detail_sampling_profile) ... ok
test_deep_compare_v13_checks_stride_and_unsigned_detail_bounds (test_bench_verifier.BenchVerifierTests.test_deep_compare_v13_checks_stride_and_unsigned_detail_bounds) ... ok
test_deep_compare_v13_rejects_detail_accounting_errors (test_bench_verifier.BenchVerifierTests.test_deep_compare_v13_rejects_detail_accounting_errors) ... ok
test_deep_compare_v13_rejects_missing_reordered_and_mixed_rows (test_bench_verifier.BenchVerifierTests.test_deep_compare_v13_rejects_missing_reordered_and_mixed_rows) ... ok
test_deep_compare_v14_accepts_deferred_node_write_accounting (test_bench_verifier.BenchVerifierTests.test_deep_compare_v14_accepts_deferred_node_write_accounting) ... ok
test_deep_compare_v14_rejects_missing_reordered_and_mixed_rows (test_bench_verifier.BenchVerifierTests.test_deep_compare_v14_rejects_missing_reordered_and_mixed_rows) ... ok
test_deep_compare_v14_rejects_seal_and_deferred_write_accounting_errors (test_bench_verifier.BenchVerifierTests.test_deep_compare_v14_rejects_seal_and_deferred_write_accounting_errors) ... ok
test_deep_compare_v5_bucket_sums_pass_for_all_phases (test_bench_verifier.BenchVerifierTests.test_deep_compare_v5_bucket_sums_pass_for_all_phases) ... ok
test_deep_compare_v5_rejects_bucket_sum_mismatch_in_every_phase (test_bench_verifier.BenchVerifierTests.test_deep_compare_v5_rejects_bucket_sum_mismatch_in_every_phase) ... ok
test_deep_compare_v5_rejects_missing_or_malformed_bucket (test_bench_verifier.BenchVerifierTests.test_deep_compare_v5_rejects_missing_or_malformed_bucket) ... ok
test_deep_compare_v6_accepts_consistent_reserve_and_commit_metrics (test_bench_verifier.BenchVerifierTests.test_deep_compare_v6_accepts_consistent_reserve_and_commit_metrics) ... ok
test_deep_compare_v6_rejects_reserve_and_commit_invariant_violations (test_bench_verifier.BenchVerifierTests.test_deep_compare_v6_rejects_reserve_and_commit_invariant_violations) ... ok
test_deep_compare_v7_accepts_reserve_batch_metrics (test_bench_verifier.BenchVerifierTests.test_deep_compare_v7_accepts_reserve_batch_metrics) ... ok
test_deep_compare_v7_rejects_batch_write_and_count_violations (test_bench_verifier.BenchVerifierTests.test_deep_compare_v7_rejects_batch_write_and_count_violations) ... ok
test_deep_compare_v8_accepts_reserve_return_classification (test_bench_verifier.BenchVerifierTests.test_deep_compare_v8_accepts_reserve_return_classification) ... ok
test_deep_compare_v8_rejects_classification_and_write_sum_violations (test_bench_verifier.BenchVerifierTests.test_deep_compare_v8_rejects_classification_and_write_sum_violations) ... ok
test_deep_compare_v8_still_rejects_low_return_calls (test_bench_verifier.BenchVerifierTests.test_deep_compare_v8_still_rejects_low_return_calls) ... ok
test_deep_compare_v9_accepts_all_sealed_commits_without_returns (test_bench_verifier.BenchVerifierTests.test_deep_compare_v9_accepts_all_sealed_commits_without_returns) ... ok
test_deep_compare_v9_accepts_mixed_sealed_and_legacy_commits (test_bench_verifier.BenchVerifierTests.test_deep_compare_v9_accepts_mixed_sealed_and_legacy_commits) ... ok
test_deep_compare_v9_accepts_raw_baseline_with_only_seal_rows_added (test_bench_verifier.BenchVerifierTests.test_deep_compare_v9_accepts_raw_baseline_with_only_seal_rows_added) ... ok
test_deep_compare_v9_bounds_reclaim_passes_by_unsealed_commits (test_bench_verifier.BenchVerifierTests.test_deep_compare_v9_bounds_reclaim_passes_by_unsealed_commits) ... ok
test_deep_compare_v9_rejects_inconsistent_return_batch_accounting (test_bench_verifier.BenchVerifierTests.test_deep_compare_v9_rejects_inconsistent_return_batch_accounting) ... ok
test_deep_compare_v9_rejects_missing_malformed_and_duplicate_counters (test_bench_verifier.BenchVerifierTests.test_deep_compare_v9_rejects_missing_malformed_and_duplicate_counters) ... ok
test_deep_compare_v9_rejects_seal_and_accounting_invariant_violations (test_bench_verifier.BenchVerifierTests.test_deep_compare_v9_rejects_seal_and_accounting_invariant_violations) ... ok
test_durable_compare_evidence_passes (test_bench_verifier.BenchVerifierTests.test_durable_compare_evidence_passes) ... ok
test_durable_compare_rejects_plain_compare_marker (test_bench_verifier.BenchVerifierTests.test_durable_compare_rejects_plain_compare_marker) ... ok
test_durable_compare_rejects_plain_compare_schema (test_bench_verifier.BenchVerifierTests.test_durable_compare_rejects_plain_compare_schema) ... ok
test_durable_compare_v2_accepts_listing_phases (test_bench_verifier.BenchVerifierTests.test_durable_compare_v2_accepts_listing_phases) ... ok
test_durable_compare_v3_accepts_append_phases (test_bench_verifier.BenchVerifierTests.test_durable_compare_v3_accepts_append_phases) ... ok
test_durable_compare_v4_accepts_listing_scaling_phases (test_bench_verifier.BenchVerifierTests.test_durable_compare_v4_accepts_listing_scaling_phases) ... ok
test_real_cpu_attribution_and_control_evidence_passes (test_bench_verifier.BenchVerifierTests.test_real_cpu_attribution_and_control_evidence_passes) ... ok
test_real_deep_compare_evidence_passes (test_bench_verifier.BenchVerifierTests.test_real_deep_compare_evidence_passes) ... ok
test_real_deep_profile_evidence_and_missing_peer (test_bench_verifier.BenchVerifierTests.test_real_deep_profile_evidence_and_missing_peer) ... ok
test_completed_build (test_build_identity.BuildIdentityTests.test_completed_build) ... ok
test_manifest_capabilities_exist_in_the_ledger (test_capability_manifest.CapabilityManifestTests.test_manifest_capabilities_exist_in_the_ledger) ... ok
test_manifest_declares_each_implemented_source_surface (test_capability_manifest.CapabilityManifestTests.test_manifest_declares_each_implemented_source_surface) ... ok
test_all_required_jobs_pass (test_ci_results.AggregateGateTests.test_all_required_jobs_pass) ... ok
test_each_nonpassing_state_fails (test_ci_results.AggregateGateTests.test_each_nonpassing_state_fails) ... ok
test_missing_and_extra_jobs_fail (test_ci_results.AggregateGateTests.test_missing_and_extra_jobs_fail) ... ok
test_bearer_syntax_without_header_injection (test_github_preflight.GithubPreflightTests.test_bearer_syntax_without_header_injection) ... ok
test_draft_and_promotion_states (test_github_preflight.GithubPreflightTests.test_draft_and_promotion_states) ... ok
test_draft_release_lookup_falls_back_to_paginated_list (test_github_preflight.GithubPreflightTests.test_draft_release_lookup_falls_back_to_paginated_list) ... ok
test_exact_asset_identity (test_github_preflight.GithubPreflightTests.test_exact_asset_identity) ... ok
test_only_explicit_404_means_absent (test_github_preflight.GithubPreflightTests.test_only_explicit_404_means_absent) ... ok
test_release_lookup_rejects_missing_non_draft_release (test_github_preflight.GithubPreflightTests.test_release_lookup_rejects_missing_non_draft_release) ... ok
test_valid_json_and_network_failure (test_github_preflight.GithubPreflightTests.test_valid_json_and_network_failure) ... ok
test_write_access_advertisement_and_denial (test_github_preflight.GithubPreflightTests.test_write_access_advertisement_and_denial) ... /usr/lib/python3.14/tempfile.py:484: ResourceWarning: Implicitly cleaning up <HTTPError 404: 'draft releases are omitted'>
  _warnings.warn(self.warn_message, ResourceWarning)
/usr/lib/python3.14/tempfile.py:484: ResourceWarning: Implicitly cleaning up <HTTPError 401: 'fixture'>
  _warnings.warn(self.warn_message, ResourceWarning)
/usr/lib/python3.14/tempfile.py:484: ResourceWarning: Implicitly cleaning up <HTTPError 403: 'fixture'>
  _warnings.warn(self.warn_message, ResourceWarning)
/usr/lib/python3.14/tempfile.py:484: ResourceWarning: Implicitly cleaning up <HTTPError 404: 'fixture'>
  _warnings.warn(self.warn_message, ResourceWarning)
/usr/lib/python3.14/tempfile.py:484: ResourceWarning: Implicitly cleaning up <HTTPError 429: 'fixture'>
  _warnings.warn(self.warn_message, ResourceWarning)
/usr/lib/python3.14/tempfile.py:484: ResourceWarning: Implicitly cleaning up <HTTPError 500: 'fixture'>
  _warnings.warn(self.warn_message, ResourceWarning)
/usr/lib/python3.14/tempfile.py:484: ResourceWarning: Implicitly cleaning up <HTTPError 404: 'missing'>
  _warnings.warn(self.warn_message, ResourceWarning)
ok
test_invalid_tag_and_missing_draft_protection (test_release_identity.ReleaseIdentityTests.test_invalid_tag_and_missing_draft_protection) ... ok
test_lightweight_and_annotated_prerelease (test_release_identity.ReleaseIdentityTests.test_lightweight_and_annotated_prerelease) ... ok
test_wrong_commit_and_version (test_release_identity.ReleaseIdentityTests.test_wrong_commit_and_version) ... ok
test_ambiguous_or_wrong_sbom (test_release_integrity.IntegrityTests.test_ambiguous_or_wrong_sbom) ... ok
test_corrupted_compressed_archive (test_release_integrity.IntegrityTests.test_corrupted_compressed_archive) ... 
gzip: /tmp/tmp4_xusrcx/fixture.tar.gz: unexpected end of file
ok
test_duplicate_and_extra_archive_entries (test_release_integrity.IntegrityTests.test_duplicate_and_extra_archive_entries) ... ok
test_extra_directory_and_symlink (test_release_integrity.IntegrityTests.test_extra_directory_and_symlink) ... ok
test_incomplete_sbom_inventory (test_release_integrity.IntegrityTests.test_incomplete_sbom_inventory) ... ok
test_metadata_identity_flags_and_digests (test_release_integrity.IntegrityTests.test_metadata_identity_flags_and_digests) ... ok
test_missing_duplicate_or_unsafe_checksums (test_release_integrity.IntegrityTests.test_missing_duplicate_or_unsafe_checksums) ... ok
test_nonregular_archive_entries (test_release_integrity.IntegrityTests.test_nonregular_archive_entries) ... ok
test_runtime_inventory_counterprobes (test_release_integrity.IntegrityTests.test_runtime_inventory_counterprobes) ... ok
test_symlink_replacing_asset (test_release_integrity.IntegrityTests.test_symlink_replacing_asset) ... ok
test_tampered_payload (test_release_integrity.IntegrityTests.test_tampered_payload) ... ok
test_valid_archive_and_metadata (test_release_integrity.IntegrityTests.test_valid_archive_and_metadata) ... ok
test_valid_candidate (test_release_integrity.IntegrityTests.test_valid_candidate) ... ok
test_input_bytes_determine_identity (test_runtime_inventory.RuntimeInventoryTests.test_input_bytes_determine_identity) ... ok
test_missing_malformed_and_unknown_inputs (test_runtime_inventory.RuntimeInventoryTests.test_missing_malformed_and_unknown_inputs) ... ok
test_selected_archive_members_and_startup (test_runtime_inventory.RuntimeInventoryTests.test_selected_archive_members_and_startup) ... ok

----------------------------------------------------------------------
Ran 113 tests in 24.989s

OK
