clang -std=c99 -Wall -Wextra -Werror -g -O2 -pthread -I include -I tests -DBFS_HOST=1 -D_POSIX_C_SOURCE=200809L -o build/host/test_alloc tests/test_alloc.c src/core/alloc.c src/core/bootstrap_alloc.c src/core/btree.c src/core/cache.c src/core/crc32.c src/core/crc32_zero.c src/core/dir.c src/core/extent.c src/core/file.c src/core/fs.c src/core/fsck.c src/core/inode.c src/core/namespace.c src/core/refcount.c src/core/snapshot.c src/core/superblock.c src/core/txn.c tests/block_device_emu.c
clang -std=c99 -Wall -Wextra -Werror -g -O2 -pthread -I include -I tests -DBFS_HOST=1 -D_POSIX_C_SOURCE=200809L -o build/host/test_alloc_metadata_reuse tests/test_alloc_metadata_reuse.c src/core/alloc.c src/core/bootstrap_alloc.c src/core/btree.c src/core/cache.c src/core/crc32.c src/core/crc32_zero.c src/core/dir.c src/core/extent.c src/core/file.c src/core/fs.c src/core/fsck.c src/core/inode.c src/core/namespace.c src/core/refcount.c src/core/snapshot.c src/core/superblock.c src/core/txn.c tests/block_device_emu.c
clang -std=c99 -Wall -Wextra -Werror -g -O2 -pthread -I include -I tests -DBFS_HOST=1 -D_POSIX_C_SOURCE=200809L -o build/host/test_alloc_root_shift tests/test_alloc_root_shift.c src/core/alloc.c src/core/bootstrap_alloc.c src/core/btree.c src/core/cache.c src/core/crc32.c src/core/crc32_zero.c src/core/dir.c src/core/extent.c src/core/file.c src/core/fs.c src/core/fsck.c src/core/inode.c src/core/namespace.c src/core/refcount.c src/core/snapshot.c src/core/superblock.c src/core/txn.c tests/block_device_emu.c
clang -std=c99 -Wall -Wextra -Werror -g -O2 -pthread -I include -I tests -DBFS_HOST=1 -D_POSIX_C_SOURCE=200809L -o build/host/test_bio tests/test_bio.c src/core/alloc.c src/core/bootstrap_alloc.c src/core/btree.c src/core/cache.c src/core/crc32.c src/core/crc32_zero.c src/core/dir.c src/core/extent.c src/core/file.c src/core/fs.c src/core/fsck.c src/core/inode.c src/core/namespace.c src/core/refcount.c src/core/snapshot.c src/core/superblock.c src/core/txn.c tests/block_device_emu.c
clang -std=c99 -Wall -Wextra -Werror -g -O2 -pthread -I include -I tests -DBFS_HOST=1 -D_POSIX_C_SOURCE=200809L -o build/host/test_block_runs tests/test_block_runs.c src/core/alloc.c src/core/bootstrap_alloc.c src/core/btree.c src/core/cache.c src/core/crc32.c src/core/crc32_zero.c src/core/dir.c src/core/extent.c src/core/file.c src/core/fs.c src/core/fsck.c src/core/inode.c src/core/namespace.c src/core/refcount.c src/core/snapshot.c src/core/superblock.c src/core/txn.c tests/block_device_emu.c
clang -std=c99 -Wall -Wextra -Werror -g -O2 -pthread -I include -I tests -DBFS_HOST=1 -D_POSIX_C_SOURCE=200809L -o build/host/test_btree_buffers tests/test_btree_buffers.c src/core/alloc.c src/core/bootstrap_alloc.c src/core/btree.c src/core/cache.c src/core/crc32.c src/core/crc32_zero.c src/core/dir.c src/core/extent.c src/core/file.c src/core/fs.c src/core/fsck.c src/core/inode.c src/core/namespace.c src/core/refcount.c src/core/snapshot.c src/core/superblock.c src/core/txn.c tests/block_device_emu.c
clang -std=c99 -Wall -Wextra -Werror -g -O2 -pthread -I include -I tests -DBFS_HOST=1 -D_POSIX_C_SOURCE=200809L -o build/host/test_btree_bulk_slots tests/test_btree_bulk_slots.c src/core/alloc.c src/core/bootstrap_alloc.c src/core/btree.c src/core/cache.c src/core/crc32.c src/core/crc32_zero.c src/core/dir.c src/core/extent.c src/core/file.c src/core/fs.c src/core/fsck.c src/core/inode.c src/core/namespace.c src/core/refcount.c src/core/snapshot.c src/core/superblock.c src/core/txn.c tests/block_device_emu.c
clang -std=c99 -Wall -Wextra -Werror -g -O2 -pthread -I include -I tests -DBFS_HOST=1 -D_POSIX_C_SOURCE=200809L -o build/host/test_btree tests/test_btree.c src/core/alloc.c src/core/bootstrap_alloc.c src/core/btree.c src/core/cache.c src/core/crc32.c src/core/crc32_zero.c src/core/dir.c src/core/extent.c src/core/file.c src/core/fs.c src/core/fsck.c src/core/inode.c src/core/namespace.c src/core/refcount.c src/core/snapshot.c src/core/superblock.c src/core/txn.c tests/block_device_emu.c
clang -std=c99 -Wall -Wextra -Werror -g -O2 -pthread -I include -I tests -DBFS_HOST=1 -D_POSIX_C_SOURCE=200809L -o build/host/test_btree_noop tests/test_btree_noop.c src/core/alloc.c src/core/bootstrap_alloc.c src/core/btree.c src/core/cache.c src/core/crc32.c src/core/crc32_zero.c src/core/dir.c src/core/extent.c src/core/file.c src/core/fs.c src/core/fsck.c src/core/inode.c src/core/namespace.c src/core/refcount.c src/core/snapshot.c src/core/superblock.c src/core/txn.c tests/block_device_emu.c
clang -std=c99 -Wall -Wextra -Werror -g -O2 -pthread -I include -I tests -DBFS_HOST=1 -D_POSIX_C_SOURCE=200809L -o build/host/test_btree_scratch_lifetime tests/test_btree_scratch_lifetime.c src/core/alloc.c src/core/bootstrap_alloc.c src/core/btree.c src/core/cache.c src/core/crc32.c src/core/crc32_zero.c src/core/dir.c src/core/extent.c src/core/file.c src/core/fs.c src/core/fsck.c src/core/inode.c src/core/namespace.c src/core/refcount.c src/core/snapshot.c src/core/superblock.c src/core/txn.c tests/block_device_emu.c
clang -std=c99 -Wall -Wextra -Werror -g -O2 -pthread -I include -I tests -DBFS_HOST=1 -D_POSIX_C_SOURCE=200809L -o build/host/test_btree_validation_cache tests/test_btree_validation_cache.c src/core/alloc.c src/core/bootstrap_alloc.c src/core/btree.c src/core/cache.c src/core/crc32.c src/core/crc32_zero.c src/core/dir.c src/core/extent.c src/core/file.c src/core/fs.c src/core/fsck.c src/core/inode.c src/core/namespace.c src/core/refcount.c src/core/snapshot.c src/core/superblock.c src/core/txn.c tests/block_device_emu.c
clang -std=c99 -Wall -Wextra -Werror -g -O2 -pthread -I include -I tests -DBFS_HOST=1 -D_POSIX_C_SOURCE=200809L -o build/host/test_cache_buffer_faults tests/test_cache_buffer_faults.c src/core/alloc.c src/core/bootstrap_alloc.c src/core/btree.c src/core/cache.c src/core/crc32.c src/core/crc32_zero.c src/core/dir.c src/core/extent.c src/core/file.c src/core/fs.c src/core/fsck.c src/core/inode.c src/core/namespace.c src/core/refcount.c src/core/snapshot.c src/core/superblock.c src/core/txn.c tests/block_device_emu.c
clang -std=c99 -Wall -Wextra -Werror -g -O2 -pthread -I include -I tests -DBFS_HOST=1 -D_POSIX_C_SOURCE=200809L -o build/host/test_cache tests/test_cache.c src/core/alloc.c src/core/bootstrap_alloc.c src/core/btree.c src/core/cache.c src/core/crc32.c src/core/crc32_zero.c src/core/dir.c src/core/extent.c src/core/file.c src/core/fs.c src/core/fsck.c src/core/inode.c src/core/namespace.c src/core/refcount.c src/core/snapshot.c src/core/superblock.c src/core/txn.c tests/block_device_emu.c
clang -std=c99 -Wall -Wextra -Werror -g -O2 -pthread -I include -I tests -DBFS_HOST=1 -D_POSIX_C_SOURCE=200809L -o build/host/test_cache_resident_paths tests/test_cache_resident_paths.c src/core/alloc.c src/core/bootstrap_alloc.c src/core/btree.c src/core/cache.c src/core/crc32.c src/core/crc32_zero.c src/core/dir.c src/core/extent.c src/core/file.c src/core/fs.c src/core/fsck.c src/core/inode.c src/core/namespace.c src/core/refcount.c src/core/snapshot.c src/core/superblock.c src/core/txn.c tests/block_device_emu.c
clang -std=c99 -Wall -Wextra -Werror -g -O2 -pthread -I include -I tests -DBFS_HOST=1 -D_POSIX_C_SOURCE=200809L -o build/host/test_compatibility tests/test_compatibility.c src/core/alloc.c src/core/bootstrap_alloc.c src/core/btree.c src/core/cache.c src/core/crc32.c src/core/crc32_zero.c src/core/dir.c src/core/extent.c src/core/file.c src/core/fs.c src/core/fsck.c src/core/inode.c src/core/namespace.c src/core/refcount.c src/core/snapshot.c src/core/superblock.c src/core/txn.c tests/block_device_emu.c
clang -std=c99 -Wall -Wextra -Werror -g -O2 -pthread -I include -I tests -DBFS_HOST=1 -D_POSIX_C_SOURCE=200809L -o build/host/test_concurrency tests/test_concurrency.c src/core/alloc.c src/core/bootstrap_alloc.c src/core/btree.c src/core/cache.c src/core/crc32.c src/core/crc32_zero.c src/core/dir.c src/core/extent.c src/core/file.c src/core/fs.c src/core/fsck.c src/core/inode.c src/core/namespace.c src/core/refcount.c src/core/snapshot.c src/core/superblock.c src/core/txn.c tests/block_device_emu.c
clang -std=c99 -Wall -Wextra -Werror -g -O2 -pthread -I include -I tests -DBFS_HOST=1 -D_POSIX_C_SOURCE=200809L -o build/host/test_corruption tests/test_corruption.c src/core/alloc.c src/core/bootstrap_alloc.c src/core/btree.c src/core/cache.c src/core/crc32.c src/core/crc32_zero.c src/core/dir.c src/core/extent.c src/core/file.c src/core/fs.c src/core/fsck.c src/core/inode.c src/core/namespace.c src/core/refcount.c src/core/snapshot.c src/core/superblock.c src/core/txn.c tests/block_device_emu.c
clang -std=c99 -Wall -Wextra -Werror -g -O2 -pthread -I include -I tests -DBFS_HOST=1 -D_POSIX_C_SOURCE=200809L -o build/host/test_crash_inject tests/test_crash_inject.c src/core/alloc.c src/core/bootstrap_alloc.c src/core/btree.c src/core/cache.c src/core/crc32.c src/core/crc32_zero.c src/core/dir.c src/core/extent.c src/core/file.c src/core/fs.c src/core/fsck.c src/core/inode.c src/core/namespace.c src/core/refcount.c src/core/snapshot.c src/core/superblock.c src/core/txn.c tests/block_device_emu.c
clang -std=c99 -Wall -Wextra -Werror -g -O2 -pthread -I include -I tests -DBFS_HOST=1 -D_POSIX_C_SOURCE=200809L -o build/host/test_crc32 tests/test_crc32.c src/core/alloc.c src/core/bootstrap_alloc.c src/core/btree.c src/core/cache.c src/core/crc32.c src/core/crc32_zero.c src/core/dir.c src/core/extent.c src/core/file.c src/core/fs.c src/core/fsck.c src/core/inode.c src/core/namespace.c src/core/refcount.c src/core/snapshot.c src/core/superblock.c src/core/txn.c tests/block_device_emu.c
clang -std=c99 -Wall -Wextra -Werror -g -O2 -pthread -I include -I tests -DBFS_HOST=1 -D_POSIX_C_SOURCE=200809L -o build/host/test_deferred_nodes tests/test_deferred_nodes.c src/core/alloc.c src/core/bootstrap_alloc.c src/core/btree.c src/core/cache.c src/core/crc32.c src/core/crc32_zero.c src/core/dir.c src/core/extent.c src/core/file.c src/core/fs.c src/core/fsck.c src/core/inode.c src/core/namespace.c src/core/refcount.c src/core/snapshot.c src/core/superblock.c src/core/txn.c tests/block_device_emu.c
clang -std=c99 -Wall -Wextra -Werror -g -O2 -pthread -I include -I tests -DBFS_HOST=1 -D_POSIX_C_SOURCE=200809L -o build/host/test_dir tests/test_dir.c src/core/alloc.c src/core/bootstrap_alloc.c src/core/btree.c src/core/cache.c src/core/crc32.c src/core/crc32_zero.c src/core/dir.c src/core/extent.c src/core/file.c src/core/fs.c src/core/fsck.c src/core/inode.c src/core/namespace.c src/core/refcount.c src/core/snapshot.c src/core/superblock.c src/core/txn.c tests/block_device_emu.c
clang -std=c99 -Wall -Wextra -Werror -g -O2 -pthread -I include -I tests -DBFS_HOST=1 -D_POSIX_C_SOURCE=200809L -o build/host/test_dir_exclusive_cursor tests/test_dir_exclusive_cursor.c src/core/alloc.c src/core/bootstrap_alloc.c src/core/btree.c src/core/cache.c src/core/crc32.c src/core/crc32_zero.c src/core/dir.c src/core/extent.c src/core/file.c src/core/fs.c src/core/fsck.c src/core/inode.c src/core/namespace.c src/core/refcount.c src/core/snapshot.c src/core/superblock.c src/core/txn.c tests/block_device_emu.c
clang -std=c99 -Wall -Wextra -Werror -g -O2 -pthread -I include -I tests -DBFS_HOST=1 -D_POSIX_C_SOURCE=200809L -o build/host/test_dirops tests/test_dirops.c src/core/alloc.c src/core/bootstrap_alloc.c src/core/btree.c src/core/cache.c src/core/crc32.c src/core/crc32_zero.c src/core/dir.c src/core/extent.c src/core/file.c src/core/fs.c src/core/fsck.c src/core/inode.c src/core/namespace.c src/core/refcount.c src/core/snapshot.c src/core/superblock.c src/core/txn.c tests/block_device_emu.c
clang -std=c99 -Wall -Wextra -Werror -g -O2 -pthread -I include -I tests -DBFS_HOST=1 -D_POSIX_C_SOURCE=200809L -o build/host/test_dos_name tests/test_dos_name.c src/core/alloc.c src/core/bootstrap_alloc.c src/core/btree.c src/core/cache.c src/core/crc32.c src/core/crc32_zero.c src/core/dir.c src/core/extent.c src/core/file.c src/core/fs.c src/core/fsck.c src/core/inode.c src/core/namespace.c src/core/refcount.c src/core/snapshot.c src/core/superblock.c src/core/txn.c tests/block_device_emu.c
clang -std=c99 -Wall -Wextra -Werror -g -O2 -pthread -I include -I tests -DBFS_HOST=1 -D_POSIX_C_SOURCE=200809L -o build/host/test_durability_patterns tests/test_durability_patterns.c src/core/alloc.c src/core/bootstrap_alloc.c src/core/btree.c src/core/cache.c src/core/crc32.c src/core/crc32_zero.c src/core/dir.c src/core/extent.c src/core/file.c src/core/fs.c src/core/fsck.c src/core/inode.c src/core/namespace.c src/core/refcount.c src/core/snapshot.c src/core/superblock.c src/core/txn.c tests/block_device_emu.c
clang -std=c99 -Wall -Wextra -Werror -g -O2 -pthread -I include -I tests -DBFS_HOST=1 -D_POSIX_C_SOURCE=200809L -o build/host/test_edge_cases tests/test_edge_cases.c src/core/alloc.c src/core/bootstrap_alloc.c src/core/btree.c src/core/cache.c src/core/crc32.c src/core/crc32_zero.c src/core/dir.c src/core/extent.c src/core/file.c src/core/fs.c src/core/fsck.c src/core/inode.c src/core/namespace.c src/core/refcount.c src/core/snapshot.c src/core/superblock.c src/core/txn.c tests/block_device_emu.c
clang -std=c99 -Wall -Wextra -Werror -g -O2 -pthread -I include -I tests -DBFS_HOST=1 -D_POSIX_C_SOURCE=200809L -o build/host/test_endian tests/test_endian.c src/core/alloc.c src/core/bootstrap_alloc.c src/core/btree.c src/core/cache.c src/core/crc32.c src/core/crc32_zero.c src/core/dir.c src/core/extent.c src/core/file.c src/core/fs.c src/core/fsck.c src/core/inode.c src/core/namespace.c src/core/refcount.c src/core/snapshot.c src/core/superblock.c src/core/txn.c tests/block_device_emu.c
clang -std=c99 -Wall -Wextra -Werror -g -O2 -pthread -I include -I tests -DBFS_HOST=1 -D_POSIX_C_SOURCE=200809L -o build/host/test_extent tests/test_extent.c src/core/alloc.c src/core/bootstrap_alloc.c src/core/btree.c src/core/cache.c src/core/crc32.c src/core/crc32_zero.c src/core/dir.c src/core/extent.c src/core/file.c src/core/fs.c src/core/fsck.c src/core/inode.c src/core/namespace.c src/core/refcount.c src/core/snapshot.c src/core/superblock.c src/core/txn.c tests/block_device_emu.c
clang -std=c99 -Wall -Wextra -Werror -g -O2 -pthread -I include -I tests -DBFS_HOST=1 -D_POSIX_C_SOURCE=200809L -o build/host/test_features tests/test_features.c src/core/alloc.c src/core/bootstrap_alloc.c src/core/btree.c src/core/cache.c src/core/crc32.c src/core/crc32_zero.c src/core/dir.c src/core/extent.c src/core/file.c src/core/fs.c src/core/fsck.c src/core/inode.c src/core/namespace.c src/core/refcount.c src/core/snapshot.c src/core/superblock.c src/core/txn.c tests/block_device_emu.c
clang -std=c99 -Wall -Wextra -Werror -g -O2 -pthread -I include -I tests -DBFS_HOST=1 -D_POSIX_C_SOURCE=200809L -o build/host/test_file tests/test_file.c src/core/alloc.c src/core/bootstrap_alloc.c src/core/btree.c src/core/cache.c src/core/crc32.c src/core/crc32_zero.c src/core/dir.c src/core/extent.c src/core/file.c src/core/fs.c src/core/fsck.c src/core/inode.c src/core/namespace.c src/core/refcount.c src/core/snapshot.c src/core/superblock.c src/core/txn.c tests/block_device_emu.c
clang -std=c99 -Wall -Wextra -Werror -g -O2 -pthread -I include -I tests -DBFS_HOST=1 -D_POSIX_C_SOURCE=200809L -o build/host/test_file_inode_reuse tests/test_file_inode_reuse.c src/core/alloc.c src/core/bootstrap_alloc.c src/core/btree.c src/core/cache.c src/core/crc32.c src/core/crc32_zero.c src/core/dir.c src/core/extent.c src/core/file.c src/core/fs.c src/core/fsck.c src/core/inode.c src/core/namespace.c src/core/refcount.c src/core/snapshot.c src/core/superblock.c src/core/txn.c tests/block_device_emu.c
clang -std=c99 -Wall -Wextra -Werror -g -O2 -pthread -I include -I tests -DBFS_HOST=1 -D_POSIX_C_SOURCE=200809L -o build/host/test_format_fixtures tests/test_format_fixtures.c src/core/alloc.c src/core/bootstrap_alloc.c src/core/btree.c src/core/cache.c src/core/crc32.c src/core/crc32_zero.c src/core/dir.c src/core/extent.c src/core/file.c src/core/fs.c src/core/fsck.c src/core/inode.c src/core/namespace.c src/core/refcount.c src/core/snapshot.c src/core/superblock.c src/core/txn.c tests/block_device_emu.c
clang -std=c99 -Wall -Wextra -Werror -g -O2 -pthread -I include -I tests -DBFS_HOST=1 -D_POSIX_C_SOURCE=200809L -o build/host/test_fs tests/test_fs.c src/core/alloc.c src/core/bootstrap_alloc.c src/core/btree.c src/core/cache.c src/core/crc32.c src/core/crc32_zero.c src/core/dir.c src/core/extent.c src/core/file.c src/core/fs.c src/core/fsck.c src/core/inode.c src/core/namespace.c src/core/refcount.c src/core/snapshot.c src/core/superblock.c src/core/txn.c tests/block_device_emu.c
clang -std=c99 -Wall -Wextra -Werror -g -O2 -pthread -I include -I tests -DBFS_HOST=1 -D_POSIX_C_SOURCE=200809L -o build/host/test_fsck tests/test_fsck.c src/core/alloc.c src/core/bootstrap_alloc.c src/core/btree.c src/core/cache.c src/core/crc32.c src/core/crc32_zero.c src/core/dir.c src/core/extent.c src/core/file.c src/core/fs.c src/core/fsck.c src/core/inode.c src/core/namespace.c src/core/refcount.c src/core/snapshot.c src/core/superblock.c src/core/txn.c tests/block_device_emu.c
clang -std=c99 -Wall -Wextra -Werror -g -O2 -pthread -I include -I tests -DBFS_HOST=1 -D_POSIX_C_SOURCE=200809L -o build/host/test_handler_ops tests/test_handler_ops.c src/core/alloc.c src/core/bootstrap_alloc.c src/core/btree.c src/core/cache.c src/core/crc32.c src/core/crc32_zero.c src/core/dir.c src/core/extent.c src/core/file.c src/core/fs.c src/core/fsck.c src/core/inode.c src/core/namespace.c src/core/refcount.c src/core/snapshot.c src/core/superblock.c src/core/txn.c tests/block_device_emu.c
clang -std=c99 -Wall -Wextra -Werror -g -O2 -pthread -I include -I tests -DBFS_HOST=1 -D_POSIX_C_SOURCE=200809L -o build/host/test_hunt tests/test_hunt.c src/core/alloc.c src/core/bootstrap_alloc.c src/core/btree.c src/core/cache.c src/core/crc32.c src/core/crc32_zero.c src/core/dir.c src/core/extent.c src/core/file.c src/core/fs.c src/core/fsck.c src/core/inode.c src/core/namespace.c src/core/refcount.c src/core/snapshot.c src/core/superblock.c src/core/txn.c tests/block_device_emu.c
clang -std=c99 -Wall -Wextra -Werror -g -O2 -pthread -I include -I tests -DBFS_HOST=1 -D_POSIX_C_SOURCE=200809L -o build/host/test_hwfail tests/test_hwfail.c src/core/alloc.c src/core/bootstrap_alloc.c src/core/btree.c src/core/cache.c src/core/crc32.c src/core/crc32_zero.c src/core/dir.c src/core/extent.c src/core/file.c src/core/fs.c src/core/fsck.c src/core/inode.c src/core/namespace.c src/core/refcount.c src/core/snapshot.c src/core/superblock.c src/core/txn.c tests/block_device_emu.c
clang -std=c99 -Wall -Wextra -Werror -g -O2 -pthread -I include -I tests -DBFS_HOST=1 -D_POSIX_C_SOURCE=200809L -o build/host/test_inline_extent tests/test_inline_extent.c src/core/alloc.c src/core/bootstrap_alloc.c src/core/btree.c src/core/cache.c src/core/crc32.c src/core/crc32_zero.c src/core/dir.c src/core/extent.c src/core/file.c src/core/fs.c src/core/fsck.c src/core/inode.c src/core/namespace.c src/core/refcount.c src/core/snapshot.c src/core/superblock.c src/core/txn.c tests/block_device_emu.c
clang -std=c99 -Wall -Wextra -Werror -g -O2 -pthread -I include -I tests -DBFS_HOST=1 -D_POSIX_C_SOURCE=200809L -o build/host/test_inode_lookup_hints tests/test_inode_lookup_hints.c src/core/alloc.c src/core/bootstrap_alloc.c src/core/btree.c src/core/cache.c src/core/crc32.c src/core/crc32_zero.c src/core/dir.c src/core/extent.c src/core/file.c src/core/fs.c src/core/fsck.c src/core/inode.c src/core/namespace.c src/core/refcount.c src/core/snapshot.c src/core/superblock.c src/core/txn.c tests/block_device_emu.c
clang -std=c99 -Wall -Wextra -Werror -g -O2 -pthread -I include -I tests -DBFS_HOST=1 -D_POSIX_C_SOURCE=200809L -o build/host/test_inode_stamp tests/test_inode_stamp.c src/core/alloc.c src/core/bootstrap_alloc.c src/core/btree.c src/core/cache.c src/core/crc32.c src/core/crc32_zero.c src/core/dir.c src/core/extent.c src/core/file.c src/core/fs.c src/core/fsck.c src/core/inode.c src/core/namespace.c src/core/refcount.c src/core/snapshot.c src/core/superblock.c src/core/txn.c tests/block_device_emu.c
clang -std=c99 -Wall -Wextra -Werror -g -O2 -pthread -I include -I tests -DBFS_HOST=1 -D_POSIX_C_SOURCE=200809L -o build/host/test_inode_stamp_faults tests/test_inode_stamp_faults.c src/core/alloc.c src/core/bootstrap_alloc.c src/core/btree.c src/core/cache.c src/core/crc32.c src/core/crc32_zero.c src/core/dir.c src/core/extent.c src/core/file.c src/core/fs.c src/core/fsck.c src/core/inode.c src/core/namespace.c src/core/refcount.c src/core/snapshot.c src/core/superblock.c src/core/txn.c tests/block_device_emu.c
clang -std=c99 -Wall -Wextra -Werror -g -O2 -pthread -I include -I tests -DBFS_HOST=1 -D_POSIX_C_SOURCE=200809L -o build/host/test_integration tests/test_integration.c src/core/alloc.c src/core/bootstrap_alloc.c src/core/btree.c src/core/cache.c src/core/crc32.c src/core/crc32_zero.c src/core/dir.c src/core/extent.c src/core/file.c src/core/fs.c src/core/fsck.c src/core/inode.c src/core/namespace.c src/core/refcount.c src/core/snapshot.c src/core/superblock.c src/core/txn.c tests/block_device_emu.c
clang -std=c99 -Wall -Wextra -Werror -g -O2 -pthread -I include -I tests -DBFS_HOST=1 -D_POSIX_C_SOURCE=200809L -o build/host/test_invariants tests/test_invariants.c src/core/alloc.c src/core/bootstrap_alloc.c src/core/btree.c src/core/cache.c src/core/crc32.c src/core/crc32_zero.c src/core/dir.c src/core/extent.c src/core/file.c src/core/fs.c src/core/fsck.c src/core/inode.c src/core/namespace.c src/core/refcount.c src/core/snapshot.c src/core/superblock.c src/core/txn.c tests/block_device_emu.c
clang -std=c99 -Wall -Wextra -Werror -g -O2 -pthread -I include -I tests -DBFS_HOST=1 -D_POSIX_C_SOURCE=200809L -o build/host/test_large_reclaim tests/test_large_reclaim.c src/core/alloc.c src/core/bootstrap_alloc.c src/core/btree.c src/core/cache.c src/core/crc32.c src/core/crc32_zero.c src/core/dir.c src/core/extent.c src/core/file.c src/core/fs.c src/core/fsck.c src/core/inode.c src/core/namespace.c src/core/refcount.c src/core/snapshot.c src/core/superblock.c src/core/txn.c tests/block_device_emu.c
clang -std=c99 -Wall -Wextra -Werror -g -O2 -pthread -I include -I tests -DBFS_HOST=1 -D_POSIX_C_SOURCE=200809L -o build/host/test_model tests/test_model.c src/core/alloc.c src/core/bootstrap_alloc.c src/core/btree.c src/core/cache.c src/core/crc32.c src/core/crc32_zero.c src/core/dir.c src/core/extent.c src/core/file.c src/core/fs.c src/core/fsck.c src/core/inode.c src/core/namespace.c src/core/refcount.c src/core/snapshot.c src/core/superblock.c src/core/txn.c tests/block_device_emu.c
clang -std=c99 -Wall -Wextra -Werror -g -O2 -pthread -I include -I tests -DBFS_HOST=1 -D_POSIX_C_SOURCE=200809L -o build/host/test_pending_frees tests/test_pending_frees.c src/core/alloc.c src/core/bootstrap_alloc.c src/core/btree.c src/core/cache.c src/core/crc32.c src/core/crc32_zero.c src/core/dir.c src/core/extent.c src/core/file.c src/core/fs.c src/core/fsck.c src/core/inode.c src/core/namespace.c src/core/refcount.c src/core/snapshot.c src/core/superblock.c src/core/txn.c tests/block_device_emu.c
clang -std=c99 -Wall -Wextra -Werror -g -O2 -pthread -I include -I tests -DBFS_HOST=1 -D_POSIX_C_SOURCE=200809L -DBFS_PERF_PROBE=1 \
	-Itests/perf_probe_stubs -iquote src/amiga -o build/host/test_perf_probe \
	tests/test_perf_probe.c src/amiga/perf_probe.c src/core/alloc.c src/core/bootstrap_alloc.c src/core/btree.c src/core/cache.c src/core/crc32.c src/core/crc32_zero.c src/core/dir.c src/core/extent.c src/core/file.c src/core/fs.c src/core/fsck.c src/core/inode.c src/core/namespace.c src/core/refcount.c src/core/snapshot.c src/core/superblock.c src/core/txn.c tests/block_device_emu.c
clang -std=c99 -Wall -Wextra -Werror -g -O2 -pthread -I include -I tests -DBFS_HOST=1 -D_POSIX_C_SOURCE=200809L -o build/host/test_posix_bio tests/test_posix_bio.c build/host/obj/host/posix_bio.o build/host/libbfs.a
clang -std=c99 -Wall -Wextra -Werror -g -O2 -pthread -I include -I tests -DBFS_HOST=1 -D_POSIX_C_SOURCE=200809L -DBFS_POSIX_BIO_FAULT_TEST -o build/host/test_posix_faults \
	tests/test_posix_faults.c tests/posix_bio_faults.c src/host/posix_bio.c build/host/libbfs.a
clang -std=c99 -Wall -Wextra -Werror -g -O2 -pthread -I include -I tests -DBFS_HOST=1 -D_POSIX_C_SOURCE=200809L -o build/host/test_realworld tests/test_realworld.c src/core/alloc.c src/core/bootstrap_alloc.c src/core/btree.c src/core/cache.c src/core/crc32.c src/core/crc32_zero.c src/core/dir.c src/core/extent.c src/core/file.c src/core/fs.c src/core/fsck.c src/core/inode.c src/core/namespace.c src/core/refcount.c src/core/snapshot.c src/core/superblock.c src/core/txn.c tests/block_device_emu.c
clang -std=c99 -Wall -Wextra -Werror -g -O2 -pthread -I include -I tests -DBFS_HOST=1 -D_POSIX_C_SOURCE=200809L -o build/host/test_robustness tests/test_robustness.c src/core/alloc.c src/core/bootstrap_alloc.c src/core/btree.c src/core/cache.c src/core/crc32.c src/core/crc32_zero.c src/core/dir.c src/core/extent.c src/core/file.c src/core/fs.c src/core/fsck.c src/core/inode.c src/core/namespace.c src/core/refcount.c src/core/snapshot.c src/core/superblock.c src/core/txn.c tests/block_device_emu.c
clang -std=c99 -Wall -Wextra -Werror -g -O2 -pthread -I include -I tests -DBFS_HOST=1 -D_POSIX_C_SOURCE=200809L -o build/host/test_snap_full tests/test_snap_full.c src/core/alloc.c src/core/bootstrap_alloc.c src/core/btree.c src/core/cache.c src/core/crc32.c src/core/crc32_zero.c src/core/dir.c src/core/extent.c src/core/file.c src/core/fs.c src/core/fsck.c src/core/inode.c src/core/namespace.c src/core/refcount.c src/core/snapshot.c src/core/superblock.c src/core/txn.c tests/block_device_emu.c
clang -std=c99 -Wall -Wextra -Werror -g -O2 -pthread -I include -I tests -DBFS_HOST=1 -D_POSIX_C_SOURCE=200809L -o build/host/test_snapshot tests/test_snapshot.c src/core/alloc.c src/core/bootstrap_alloc.c src/core/btree.c src/core/cache.c src/core/crc32.c src/core/crc32_zero.c src/core/dir.c src/core/extent.c src/core/file.c src/core/fs.c src/core/fsck.c src/core/inode.c src/core/namespace.c src/core/refcount.c src/core/snapshot.c src/core/superblock.c src/core/txn.c tests/block_device_emu.c
clang -std=c99 -Wall -Wextra -Werror -g -O2 -pthread -I include -I tests -DBFS_HOST=1 -D_POSIX_C_SOURCE=200809L -o build/host/test_stress tests/test_stress.c src/core/alloc.c src/core/bootstrap_alloc.c src/core/btree.c src/core/cache.c src/core/crc32.c src/core/crc32_zero.c src/core/dir.c src/core/extent.c src/core/file.c src/core/fs.c src/core/fsck.c src/core/inode.c src/core/namespace.c src/core/refcount.c src/core/snapshot.c src/core/superblock.c src/core/txn.c tests/block_device_emu.c
clang -std=c99 -Wall -Wextra -Werror -g -O2 -pthread -I include -I tests -DBFS_HOST=1 -D_POSIX_C_SOURCE=200809L -o build/host/test_superblock tests/test_superblock.c src/core/alloc.c src/core/bootstrap_alloc.c src/core/btree.c src/core/cache.c src/core/crc32.c src/core/crc32_zero.c src/core/dir.c src/core/extent.c src/core/file.c src/core/fs.c src/core/fsck.c src/core/inode.c src/core/namespace.c src/core/refcount.c src/core/snapshot.c src/core/superblock.c src/core/txn.c tests/block_device_emu.c
clang -std=c99 -Wall -Wextra -Werror -g -O2 -pthread -I include -I tests -DBFS_HOST=1 -D_POSIX_C_SOURCE=200809L -o build/host/test_txn_sealed_convergence tests/test_txn_sealed_convergence.c src/core/alloc.c src/core/bootstrap_alloc.c src/core/btree.c src/core/cache.c src/core/crc32.c src/core/crc32_zero.c src/core/dir.c src/core/extent.c src/core/file.c src/core/fs.c src/core/fsck.c src/core/inode.c src/core/namespace.c src/core/refcount.c src/core/snapshot.c src/core/superblock.c src/core/txn.c tests/block_device_emu.c
clang -std=c99 -Wall -Wextra -Werror -g -O2 -pthread -I include -I tests -DBFS_HOST=1 -D_POSIX_C_SOURCE=200809L -o build/host/test_txn_sealed_persistence tests/test_txn_sealed_persistence.c src/core/alloc.c src/core/bootstrap_alloc.c src/core/btree.c src/core/cache.c src/core/crc32.c src/core/crc32_zero.c src/core/dir.c src/core/extent.c src/core/file.c src/core/fs.c src/core/fsck.c src/core/inode.c src/core/namespace.c src/core/refcount.c src/core/snapshot.c src/core/superblock.c src/core/txn.c tests/block_device_emu.c
clang -std=c99 -Wall -Wextra -Werror -g -O2 -pthread -I include -I tests -DBFS_HOST=1 -D_POSIX_C_SOURCE=200809L -o build/host/test_txn_sealed_preflight tests/test_txn_sealed_preflight.c src/core/alloc.c src/core/bootstrap_alloc.c src/core/btree.c src/core/cache.c src/core/crc32.c src/core/crc32_zero.c src/core/dir.c src/core/extent.c src/core/file.c src/core/fs.c src/core/fsck.c src/core/inode.c src/core/namespace.c src/core/refcount.c src/core/snapshot.c src/core/superblock.c src/core/txn.c tests/block_device_emu.c
clang -std=c99 -Wall -Wextra -Werror -g -O2 -pthread -I include -I tests -DBFS_HOST=1 -D_POSIX_C_SOURCE=200809L -DBFS_AMIGA=1 -o build/host/test_endian_amiga_profile tests/test_endian.c
clang -std=c99 -Wall -Wextra -Werror -g -O2 -pthread -I include -I tests -DBFS_HOST=1 -D_POSIX_C_SOURCE=200809L -DBFS_AROS=1 -o build/host/test_dos_name_aros_profile tests/test_dos_name.c
=== Running tests ===
--- build/host/test_alloc ---
=== Free Space Allocator ===
  test_alloc_basic                                   OK
  test_alloc_multi                                   OK
  test_free_realloc                                  OK
  test_merge_right                                   OK
  test_alloc_free_cycles                             OK
  test_reserve_refill_return_cycles                  OK
  test_reserve_cycles_preserve_tree_mutations        OK
  test_self_hosting                                  OK
  test_out_of_space                                  OK
  test_double_free_preserves_accounting              OK
  test_sorted_batch_reclaim_single_leaf              OK
  test_sorted_batch_reclaim_full_leaf_falls_back     OK

12 passed, 0 failed
--- build/host/test_alloc_metadata_reuse ---
=== Mounted metadata free-block reuse ===
  test_dealloc_stashes_without_free_tree_mutation    OK
  test_alloc_pops_stashed_suffix_above_height_one_floor OK
  test_alloc_stashed_stock_uses_one_root_read        OK
  test_alloc_never_spends_the_height_one_floor       OK
  test_allocator_skips_inactive_historical_emergency_slots OK
  test_duplicate_and_reserve_blocks_are_rejected_unchanged OK
  test_metadata_stock_accepts_healthy_active_prefixes OK
  test_full_healthy_metadata_stock_validates_and_pops OK
  test_metadata_stock_fault_order_and_duplicate_positions OK
  test_free_tree_overlap_is_rejected_unchanged       OK
  test_single_block_absence_checks_only_the_height_one_root OK
  test_single_block_absence_rejects_bad_root_crc_on_first_read OK
  test_single_block_absence_rejects_bad_key_order_on_first_read OK
  test_single_block_absence_rejects_bad_selected_extent_on_first_read OK
  test_live_and_committed_roots_are_never_stashed    OK
  test_active_emergency_return_does_not_enter_ordinary_stock OK
  test_inactive_historical_emergency_dealloc_stays_out_of_reserve OK
  test_validation_read_failure_does_not_stash_or_pop OK
  test_write_fault_does_not_affect_write_free_metadata_stash OK
  test_btree_partial_write_abort_restores_owned_spare OK
  test_short_transactions_keep_legacy_and_warmup_saturates OK
  test_metadata_warmup_resets_at_a_new_live_id       OK
  test_ineligible_contexts_and_full_stock_use_legacy_free_path OK
  test_deeper_free_tree_uses_legacy_free_path        OK
  test_mounted_append_overwrite_commits_and_remount  OK
  test_mounted_warmed_append_write_failure_cuts_preserve_commit OK
  test_snapshot_keeps_old_data_across_overwrite_and_remount OK

27 passed, 0 failed
--- build/host/test_alloc_root_shift ---
=== Atomic root-leaf allocator run shift ===
  test_first_fit_run_carve_emits_one_root_leaf_write OK
  test_data_alloc_ascends_from_goal                  OK
  test_data_alloc_goal_inside_end_and_taken          OK
  test_roving_wrap_skips_short_first_fit_extent      OK
  test_exact_fit_and_single_block_keep_legacy_selection OK
  test_deeper_free_tree_keeps_legacy_mutation_path   OK
  test_read_failure_does_not_mutate_allocator_state  OK
  test_read_failure_cuts_cover_every_pre_swap_read   OK
  test_partial_leaf_write_failure_is_atomic_and_retryable OK
  test_pending_headroom_again_precedes_root_swap     OK
  test_current_and_older_root_retirement_ownership   OK
  test_allocator_scratch_exhaustion_preserves_root   OK
  test_crc_valid_overlapping_leaf_is_rejected_before_write OK
  test_mounted_retirement_defer_io_failure           OK
  test_mounted_retirement_defer_unsupported_failure  OK
  test_readonly_mount_rejects_single_and_run_allocations OK
  test_large_append_sync_readonly_remount_and_strict_fsck OK

17 passed, 0 failed
--- build/host/test_bio ---
=== Block Device Emulator ===
  test_create_device                                 OK
  test_invalid_block_size                            OK
  test_invalid_block_count                           OK
  test_write_read_roundtrip                          OK
  test_out_of_bounds                                 OK
  test_reopen_persistence                            OK
  test_sync                                          OK

7 passed, 0 failed
--- build/host/test_block_runs ---
=== Multi-block transfers ===
  test_wrapper_reports_written_prefix                OK
  test_cache_bulk_read_bypasses_slots_but_not_deferred_nodes OK
  test_cache_bulk_write_refreshes_resident_copies    OK
  test_file_read_spans_extents_and_holes             OK

4 passed, 0 failed
--- build/host/test_btree_buffers ---
=== Cached B-tree temporary buffers ===
  test_cached_tree_lifecycle_1024                    OK
  test_cached_tree_lifecycle_4096                    OK
  test_mounted_cached_free_tree_cycle_1024           OK
  test_mounted_cached_free_tree_cycle_4096           OK

4 passed, 0 failed
--- build/host/test_btree_bulk_slots ---
=== B+tree bulk slot shifts ===
  test_leaf_slot_positions_odd_widths                OK
  test_leaf_io_failures_preserve_cow_root            OK
  test_odd_width_multilevel_insert_delete            OK
  test_max_key_multilevel_insert_delete              OK

4 passed, 0 failed
--- build/host/test_btree ---
make: *** [Makefile:200: host-test] Terminated
