=== BFS vs PFS3 Benchmark (FS-UAE 68040) ===
Evidence directory: /home/fabian/.cache/bfs-performance/append-attr2-2026-10-10.xibtLq/results/append2-prod-2-pfs3-first-ref
Mode: compare
Timeout: 600s


=== Machine Info ===
# Machine Info
Kickstart 47.102, Workbench 47.2
System: 68040 68040/060-FPU   (INST: Cache Burst) (DATA: NoCache NoBurst)
Type  Available    In-Use   Maximum   Largest
chip    2028040     52728   2080768   2027968
fast    7532616    855992   8388608   7527544
total   9560656    908720  10469376   7527544


Mounted disks:
Unit      Size       Used       Free Full Errs   Status   Name
DF0       No disk present
DH0      4095M    4194304    4194303  50%   0  Read/Write System
DH1       255M         36      65372   0%   0  Read/Write BFSTest
DH2       Not a DOS disk

Volumes available:
BFSTest [Mounted]
System [Mounted]

=== BFS Results ===
FS_COMPARE_BENCH	4
DRIVE	DH1:
SMALL_CREATE_40_US	31168
LOOKUP_400_US	61375
SMALL_READ_40_US	24515
LIST_EXNEXT_400_US	31743
LIST_EXALL_400_US	7871
SEQ_WRITE_8M_US	44032
SEQ_READ_8M_US	283435
SMALL_DELETE_40_US	13823
APPEND_4K_1M_US	52416
APPEND_1K_256K_US	47617
APPEND_READ_1280K_US	52991
LIST_EXNEXT_40_ENTRIES_FIRST_PASS_US	4606
LIST_EXNEXT_40_ENTRIES_REPEAT10_TOTAL_US	29505
LIST_EXALL_40_ENTRIES_FIRST_PASS_US	1920
LIST_EXALL_40_ENTRIES_REPEAT10_TOTAL_US	8576
LIST_EXNEXT_400_ENTRIES_FIRST_PASS_US	50623
LIST_EXNEXT_400_ENTRIES_REPEAT10_TOTAL_US	311935
LIST_EXALL_400_ENTRIES_FIRST_PASS_US	16896
LIST_EXALL_400_ENTRIES_REPEAT10_TOTAL_US	78336
LIST_EXNEXT_1000_ENTRIES_FIRST_PASS_US	103038
LIST_EXNEXT_1000_ENTRIES_REPEAT10_TOTAL_US	765691
LIST_EXALL_1000_ENTRIES_FIRST_PASS_US	42943
LIST_EXALL_1000_ENTRIES_REPEAT10_TOTAL_US	217471
PASS	1

=== PFS3 Results ===
FS_COMPARE_BENCH	4
DRIVE	DH2:
SMALL_CREATE_40_US	16513
LOOKUP_400_US	66625
SMALL_READ_40_US	14015
LIST_EXNEXT_400_US	11904
LIST_EXALL_400_US	3008
SEQ_WRITE_8M_US	36543
SEQ_READ_8M_US	364542
SMALL_DELETE_40_US	7808
APPEND_4K_1M_US	32767
APPEND_1K_256K_US	25665
APPEND_READ_1280K_US	40958
LIST_EXNEXT_40_ENTRIES_FIRST_PASS_US	1663
LIST_EXNEXT_40_ENTRIES_REPEAT10_TOTAL_US	15105
LIST_EXALL_40_ENTRIES_FIRST_PASS_US	832
LIST_EXALL_40_ENTRIES_REPEAT10_TOTAL_US	2880
LIST_EXNEXT_400_ENTRIES_FIRST_PASS_US	16448
LIST_EXNEXT_400_ENTRIES_REPEAT10_TOTAL_US	133759
LIST_EXALL_400_ENTRIES_FIRST_PASS_US	2816
LIST_EXALL_400_ENTRIES_REPEAT10_TOTAL_US	23872
LIST_EXNEXT_1000_ENTRIES_FIRST_PASS_US	53952
LIST_EXNEXT_1000_ENTRIES_REPEAT10_TOTAL_US	284075
LIST_EXALL_1000_ENTRIES_FIRST_PASS_US	6593
LIST_EXALL_1000_ENTRIES_REPEAT10_TOTAL_US	53823
PASS	1
PASS: requested mounted-volume workload outputs are complete and data-checked
