test_catalog_and_direct_replay (test_conformance.ConformanceTests.test_catalog_and_direct_replay) ... ok
test_catalog_preserves_matching_amiga_test_ids (test_conformance.ConformanceTests.test_catalog_preserves_matching_amiga_test_ids) ... ok
test_conformance_is_a_required_host_and_debian_check (test_conformance.ConformanceTests.test_conformance_is_a_required_host_and_debian_check) ... ok
test_full_direct_replay (test_conformance.ConformanceTests.test_full_direct_replay) ... ok
test_oracle_and_conformance_programs_are_independent (test_conformance.ConformanceTests.test_oracle_and_conformance_programs_are_independent) ... ok
test_oracle_exports_namespace_content_and_snapshot_manifest (test_conformance.ConformanceTests.test_oracle_exports_namespace_content_and_snapshot_manifest) ... ok
test_oracle_fails_closed_on_non_bfs_input (test_conformance.ConformanceTests.test_oracle_fails_closed_on_non_bfs_input) ... ok
test_oracle_rejects_a_comment_flag_without_entry (test_conformance.ConformanceTests.test_oracle_rejects_a_comment_flag_without_entry) ... ok
test_oracle_rejects_a_cycle_with_a_valid_node_crc (test_conformance.ConformanceTests.test_oracle_rejects_a_cycle_with_a_valid_node_crc) ... ok
test_oracle_rejects_corrupted_checksummed_data (test_conformance.ConformanceTests.test_oracle_rejects_corrupted_checksummed_data) ... ok
test_oracle_rejects_crc_and_unsupported_version (test_conformance.ConformanceTests.test_oracle_rejects_crc_and_unsupported_version) ... ok
test_oracle_reports_hard_links_as_distinct_namespace_entries (test_conformance.ConformanceTests.test_oracle_reports_hard_links_as_distinct_namespace_entries) ... ok
test_oracle_uses_documented_directory_key_order_for_hash_collisions (test_conformance.ConformanceTests.test_oracle_uses_documented_directory_key_order_for_hash_collisions) ... ok
test_oracle_walks_a_committed_image (test_conformance.ConformanceTests.test_oracle_walks_a_committed_image) ... ok
test_orchestrator_rejects_a_semantically_wrong_backend_result (test_conformance.ConformanceTests.test_orchestrator_rejects_a_semantically_wrong_backend_result) ... ok
test_orchestrator_rejects_an_inconsistent_backend_exit (test_conformance.ConformanceTests.test_orchestrator_rejects_an_inconsistent_backend_exit) ... ok
test_persistence_model_separates_acknowledgement_from_media_state (test_conformance.ConformanceTests.test_persistence_model_separates_acknowledgement_from_media_state) ... ok
test_posix_backend_is_not_linked_to_bfs (test_conformance.ConformanceTests.test_posix_backend_is_not_linked_to_bfs) ... ok
test_posix_backend_requires_an_owned_nonsymlink_root (test_conformance.ConformanceTests.test_posix_backend_requires_an_owned_nonsymlink_root) ... ok
test_replay_requires_completion_and_nonempty_selection (test_conformance.ConformanceTests.test_replay_requires_completion_and_nonempty_selection) ... ok
test_runner_bounds_child_runtime_and_output (test_conformance.ConformanceTests.test_runner_bounds_child_runtime_and_output) ... ok

----------------------------------------------------------------------
Ran 21 tests in 1.125s

OK
