./build-v15-verified.log: OK
./build-v15.log: OK
./build.log: OK
./encode-format-logs.py: OK
./input-binaries-v13.txt: OK
./input-binaries.txt: OK
./integrated-source-v13.patch: OK
./integrated-source.patch: OK
./linux-clang-host-tests.log: OK
./linux-gcc-host-build.log: OK
./linux-probe-sanitize.log: OK
./mac-host-terminated.log: OK
./metadata-deep-v13-20261008-m3-1-bfs-first/bench.fs-uae: OK
./metadata-deep-v13-20261008-m3-1-bfs-first/fs-uae.log: OK
./metadata-deep-v13-20261008-m3-1-bfs-first/run.log: OK
./metadata-deep-v13-20261008-m3-1-bfs-first/system/Results/bfs.deep-compare.tsv: OK
./metadata-deep-v13-20261008-m3-1-bfs-first/system/Results/bfs.deep-compare.tsv.uaem: OK
./metadata-deep-v13-20261008-m3-1-bfs-first/system/Results/complete.txt: OK
./metadata-deep-v13-20261008-m3-1-bfs-first/system/Results/complete.txt.uaem: OK
./metadata-deep-v13-20261008-m3-1-bfs-first/system/Results/format-pfs3.txt: OK
./metadata-deep-v13-20261008-m3-1-bfs-first/system/Results/format-pfs3.txt.uaem: OK
./metadata-deep-v13-20261008-m3-1-bfs-first/system/Results/info-after-format.txt: OK
./metadata-deep-v13-20261008-m3-1-bfs-first/system/Results/info-after-format.txt.uaem: OK
./metadata-deep-v13-20261008-m3-1-bfs-first/system/Results/info.txt: OK
./metadata-deep-v13-20261008-m3-1-bfs-first/system/Results/info.txt.uaem: OK
./metadata-deep-v13-20261008-m3-1-bfs-first/system/Results/pfs3.deep-compare.tsv: OK
./metadata-deep-v13-20261008-m3-1-bfs-first/system/Results/pfs3.deep-compare.tsv.uaem: OK
./metadata-deep-v13-20261008-m3-1-bfs-first/system/Results/phase-bfs.txt: OK
./metadata-deep-v13-20261008-m3-1-bfs-first/system/Results/phase-bfs.txt.uaem: OK
./metadata-deep-v13-20261008-m3-1-bfs-first/system/Results/phase-pfs3.txt: OK
./metadata-deep-v13-20261008-m3-1-bfs-first/system/Results/phase-pfs3.txt.uaem: OK
./metadata-deep-v13-20261008-m3-1-bfs-first/system/S/Startup-Sequence: OK
./metadata-deep-v13-20261008-m3-2-pfs3-first/bench.fs-uae: OK
./metadata-deep-v13-20261008-m3-2-pfs3-first/fs-uae.log: OK
./metadata-deep-v13-20261008-m3-2-pfs3-first/run.log: OK
./metadata-deep-v13-20261008-m3-2-pfs3-first/system/Results/bfs.deep-compare.tsv: OK
./metadata-deep-v13-20261008-m3-2-pfs3-first/system/Results/bfs.deep-compare.tsv.uaem: OK
./metadata-deep-v13-20261008-m3-2-pfs3-first/system/Results/complete.txt: OK
./metadata-deep-v13-20261008-m3-2-pfs3-first/system/Results/complete.txt.uaem: OK
./metadata-deep-v13-20261008-m3-2-pfs3-first/system/Results/format-pfs3.txt: OK
./metadata-deep-v13-20261008-m3-2-pfs3-first/system/Results/format-pfs3.txt.uaem: OK
./metadata-deep-v13-20261008-m3-2-pfs3-first/system/Results/info-after-format.txt: OK
./metadata-deep-v13-20261008-m3-2-pfs3-first/system/Results/info-after-format.txt.uaem: OK
./metadata-deep-v13-20261008-m3-2-pfs3-first/system/Results/info.txt: OK
./metadata-deep-v13-20261008-m3-2-pfs3-first/system/Results/info.txt.uaem: OK
./metadata-deep-v13-20261008-m3-2-pfs3-first/system/Results/pfs3.deep-compare.tsv: OK
./metadata-deep-v13-20261008-m3-2-pfs3-first/system/Results/pfs3.deep-compare.tsv.uaem: OK
./metadata-deep-v13-20261008-m3-2-pfs3-first/system/Results/phase-bfs.txt: OK
./metadata-deep-v13-20261008-m3-2-pfs3-first/system/Results/phase-bfs.txt.uaem: OK
./metadata-deep-v13-20261008-m3-2-pfs3-first/system/Results/phase-pfs3.txt: OK
./metadata-deep-v13-20261008-m3-2-pfs3-first/system/Results/phase-pfs3.txt.uaem: OK
./metadata-deep-v13-20261008-m3-2-pfs3-first/system/S/Startup-Sequence: OK
./metadata-deep-v14-20261008-m3-1-bfs-first/bench.fs-uae: OK
./metadata-deep-v14-20261008-m3-1-bfs-first/fs-uae.log: OK
./metadata-deep-v14-20261008-m3-1-bfs-first/run.log: OK
./metadata-deep-v14-20261008-m3-1-bfs-first/system/Results/bfs.deep-compare.tsv: OK
./metadata-deep-v14-20261008-m3-1-bfs-first/system/Results/bfs.deep-compare.tsv.uaem: OK
./metadata-deep-v14-20261008-m3-1-bfs-first/system/Results/complete.txt: OK
./metadata-deep-v14-20261008-m3-1-bfs-first/system/Results/complete.txt.uaem: OK
./metadata-deep-v14-20261008-m3-1-bfs-first/system/Results/format-pfs3.txt: OK
./metadata-deep-v14-20261008-m3-1-bfs-first/system/Results/format-pfs3.txt.uaem: OK
./metadata-deep-v14-20261008-m3-1-bfs-first/system/Results/info-after-format.txt: OK
./metadata-deep-v14-20261008-m3-1-bfs-first/system/Results/info-after-format.txt.uaem: OK
./metadata-deep-v14-20261008-m3-1-bfs-first/system/Results/info.txt: OK
./metadata-deep-v14-20261008-m3-1-bfs-first/system/Results/info.txt.uaem: OK
./metadata-deep-v14-20261008-m3-1-bfs-first/system/Results/pfs3.deep-compare.tsv: OK
./metadata-deep-v14-20261008-m3-1-bfs-first/system/Results/pfs3.deep-compare.tsv.uaem: OK
./metadata-deep-v14-20261008-m3-1-bfs-first/system/Results/phase-bfs.txt: OK
./metadata-deep-v14-20261008-m3-1-bfs-first/system/Results/phase-bfs.txt.uaem: OK
./metadata-deep-v14-20261008-m3-1-bfs-first/system/Results/phase-pfs3.txt: OK
./metadata-deep-v14-20261008-m3-1-bfs-first/system/Results/phase-pfs3.txt.uaem: OK
./metadata-deep-v14-20261008-m3-1-bfs-first/system/S/Startup-Sequence: OK
./metadata-deep-v14-20261008-m3-2-pfs3-first/bench.fs-uae: OK
./metadata-deep-v14-20261008-m3-2-pfs3-first/fs-uae.log: OK
./metadata-deep-v14-20261008-m3-2-pfs3-first/run.log: OK
./metadata-deep-v14-20261008-m3-2-pfs3-first/system/Results/bfs.deep-compare.tsv: OK
./metadata-deep-v14-20261008-m3-2-pfs3-first/system/Results/bfs.deep-compare.tsv.uaem: OK
./metadata-deep-v14-20261008-m3-2-pfs3-first/system/Results/complete.txt: OK
./metadata-deep-v14-20261008-m3-2-pfs3-first/system/Results/complete.txt.uaem: OK
./metadata-deep-v14-20261008-m3-2-pfs3-first/system/Results/format-pfs3.txt: OK
./metadata-deep-v14-20261008-m3-2-pfs3-first/system/Results/format-pfs3.txt.uaem: OK
./metadata-deep-v14-20261008-m3-2-pfs3-first/system/Results/info-after-format.txt: OK
./metadata-deep-v14-20261008-m3-2-pfs3-first/system/Results/info-after-format.txt.uaem: OK
./metadata-deep-v14-20261008-m3-2-pfs3-first/system/Results/info.txt: OK
./metadata-deep-v14-20261008-m3-2-pfs3-first/system/Results/info.txt.uaem: OK
./metadata-deep-v14-20261008-m3-2-pfs3-first/system/Results/pfs3.deep-compare.tsv: OK
./metadata-deep-v14-20261008-m3-2-pfs3-first/system/Results/pfs3.deep-compare.tsv.uaem: OK
./metadata-deep-v14-20261008-m3-2-pfs3-first/system/Results/phase-bfs.txt: OK
./metadata-deep-v14-20261008-m3-2-pfs3-first/system/Results/phase-bfs.txt.uaem: OK
./metadata-deep-v14-20261008-m3-2-pfs3-first/system/Results/phase-pfs3.txt: OK
./metadata-deep-v14-20261008-m3-2-pfs3-first/system/Results/phase-pfs3.txt.uaem: OK
./metadata-deep-v14-20261008-m3-2-pfs3-first/system/S/Startup-Sequence: OK
./quality-tests.log: OK
./series-v14.log: OK
./series.log: OK
./source-identities-v13.txt: OK
./source-identities.txt: OK
./static-analysis.log: OK
./summarize-detail.py: OK
./summary.tsv: OK
./verification-status.txt: OK
./verifier-tests-v14.log: OK
./verifier-tests.log: OK
