.gitignore: OK
Makefile: OK
src/core/bootstrap_alloc.c: OK
src/amiga/memset_68k.s: OK
src/host/posix_bio.c: OK
src/core/snapshot.c: OK
src/amiga/string.h: OK
include/bfs_btree_internal.h: OK
src/amiga/stdint.h: OK
include/bfs_btree.h: OK
src/amiga/perf_probe.c: OK
include/bfs_fs.h: OK
src/amiga/commit_protocol.h: OK
include/bfs_bio.h: OK
src/amiga/amiga_bio.h: OK
include/bfs_extent.h: OK
src/amiga/stdbool.h: OK
include/bfs_fsck.h: OK
src/amiga/memcpy_68k.s: OK
include/bfs_txn.h: OK
src/amiga/heap_aros.c: OK
include/bfs_alloc.h: OK
src/amiga/dos_packets.h: OK
include/bfs_crc32.h: OK
src/amiga/snapshot_protocol.h: OK
include/bfs_snapshot.h: OK
include/bfs_refcount.h: OK
include/bfs_types.h: OK
include/bfs_posix_bio.h: OK
include/bfs_lock.h: OK
include/bfs_internal.h: OK
include/bfs_inode.h: OK
include/bfs_bootstrap_alloc.h: OK
include/bfs_file.h: OK
include/bfs_diagnostics.h: OK
include/bfs_ondisk.h: OK
include/bfs_superblock.h: OK
include/bfs_cache.h: OK
include/bfs_dir.h: OK
include/bfs_dos_name.h: OK
src/core/namespace.c: OK
src/core/extent.c: OK
src/core/file.c: OK
src/core/cache.c: OK
src/core/txn.c: OK
src/core/inode.c: OK
src/core/crc32_zero.c: OK
src/core/crc32.c: OK
src/amiga/crc32_68k.s: OK
src/core/dir.c: OK
src/core/refcount.c: OK
src/core/alloc.c: OK
src/amiga/amiga_bio.c: OK
src/core/fsck.c: OK
src/amiga/stdlib.h: OK
src/core/fs.c: OK
src/amiga/startup_aros.c: OK
src/core/superblock.c: OK
src/amiga/snapshot_mount.h: OK
src/core/btree.c: OK
src/amiga/startup_vbcc.s: OK
src/amiga/handler.c: OK
src/amiga/stddef.h: OK
src/amiga/startup.s: OK
src/amiga/perf_probe.h: OK
tests/perf_probe_stubs/exec/io.h: OK
tests/perf_probe_stubs/exec/types.h: OK
tests/perf_probe_stubs/devices/timer.h: OK
tests/perf_probe_stubs/proto/exec.h: OK
tests/perf_probe_stubs/proto/timer.h: OK
tools/fs-compare-bench.c: OK
tools/bfs-test.c: OK
tools/bench-summary.py: OK
emulator-test/bench-config.sh: OK
emulator-test/bench-series.sh: OK
emulator-test/build-bench-image.sh: OK
emulator-test/verify-bench-results.sh: OK
tests/quality/test_bench_cache_capacity.py: OK
tests/quality/test_bench_verifier.py: OK
tests/test_inode_lookup_hints.c: OK
tests/test_dir_exclusive_cursor.c: OK
tests/test_file_inode_reuse.c: OK
tests/test_perf_probe.c: OK
