./encode-format-logs.py: OK
./evidence-asset-audit.log: OK
./exnext-summary.tsv: OK
./final-current-source-identities.txt: OK
./final-current-source.patch: OK
./final-quality-current.log: OK
./final-quality.log: OK
./listing-verifier.log: OK
./m1-counterprobe.log: OK
./m1-original-source.patch: OK
./m1-revised-host.log: OK
./m1-revised-sanitize.log: OK
./m1-revised-source.patch: OK
./m2-conformance-final.log: OK
./m2-conformance-relocation-failure.log: OK
./m2-counterprobe.log: OK
./m2-host-final.log: OK
./m2-sanitize.log: OK
./m2-source-identities.txt: OK
./m3-amiga-integration-complete.txt: OK
./m3-amiga-integration.fs-uae: OK
./m3-amiga-integration.tsv: OK
./m3-analyze.log: OK
./m3-build.log: OK
./m3-conformance.log: OK
./m3-host.log: OK
./m3-sanitize.log: OK
./m3-source-identities.txt: OK
./m3-test-guest-build.log: OK
./metadata-deep-v12-20261008-m3-1-bfs-first/bench.fs-uae: OK
./metadata-deep-v12-20261008-m3-1-bfs-first/run.log: OK
./metadata-deep-v12-20261008-m3-1-bfs-first/system/Results/bfs.deep-compare.tsv: OK
./metadata-deep-v12-20261008-m3-1-bfs-first/system/Results/complete.txt: OK
./metadata-deep-v12-20261008-m3-1-bfs-first/system/Results/format-pfs3.txt: OK
./metadata-deep-v12-20261008-m3-1-bfs-first/system/Results/info-after-format.txt: OK
./metadata-deep-v12-20261008-m3-1-bfs-first/system/Results/info.txt: OK
./metadata-deep-v12-20261008-m3-1-bfs-first/system/Results/pfs3.deep-compare.tsv: OK
./metadata-deep-v12-20261008-m3-1-bfs-first/system/Results/phase-bfs.txt: OK
./metadata-deep-v12-20261008-m3-1-bfs-first/system/Results/phase-pfs3.txt: OK
./metadata-deep-v12-20261008-m3-2-pfs3-first/bench.fs-uae: OK
./metadata-deep-v12-20261008-m3-2-pfs3-first/run.log: OK
./metadata-deep-v12-20261008-m3-2-pfs3-first/system/Results/bfs.deep-compare.tsv: OK
./metadata-deep-v12-20261008-m3-2-pfs3-first/system/Results/complete.txt: OK
./metadata-deep-v12-20261008-m3-2-pfs3-first/system/Results/format-pfs3.txt: OK
./metadata-deep-v12-20261008-m3-2-pfs3-first/system/Results/info-after-format.txt: OK
./metadata-deep-v12-20261008-m3-2-pfs3-first/system/Results/info.txt: OK
./metadata-deep-v12-20261008-m3-2-pfs3-first/system/Results/pfs3.deep-compare.tsv: OK
./metadata-deep-v12-20261008-m3-2-pfs3-first/system/Results/phase-bfs.txt: OK
./metadata-deep-v12-20261008-m3-2-pfs3-first/system/Results/phase-pfs3.txt: OK
./metadata-m1-c8-20261008-base-1-bfs-first/bench.fs-uae: OK
./metadata-m1-c8-20261008-base-1-bfs-first/run.log: OK
./metadata-m1-c8-20261008-base-1-bfs-first/system/Results/bfs.tsv: OK
./metadata-m1-c8-20261008-base-1-bfs-first/system/Results/complete.txt: OK
./metadata-m1-c8-20261008-base-1-bfs-first/system/Results/format-pfs3.txt: OK
./metadata-m1-c8-20261008-base-1-bfs-first/system/Results/info-after-format.txt: OK
./metadata-m1-c8-20261008-base-1-bfs-first/system/Results/info.txt: OK
./metadata-m1-c8-20261008-base-1-bfs-first/system/Results/pfs3.tsv: OK
./metadata-m1-c8-20261008-base-1-bfs-first/system/Results/phase-bfs.txt: OK
./metadata-m1-c8-20261008-base-1-bfs-first/system/Results/phase-pfs3.txt: OK
./metadata-m1-c8-20261008-base-2-pfs3-first/bench.fs-uae: OK
./metadata-m1-c8-20261008-base-2-pfs3-first/run.log: OK
./metadata-m1-c8-20261008-base-2-pfs3-first/system/Results/bfs.tsv: OK
./metadata-m1-c8-20261008-base-2-pfs3-first/system/Results/complete.txt: OK
./metadata-m1-c8-20261008-base-2-pfs3-first/system/Results/format-pfs3.txt: OK
./metadata-m1-c8-20261008-base-2-pfs3-first/system/Results/info-after-format.txt: OK
./metadata-m1-c8-20261008-base-2-pfs3-first/system/Results/info.txt: OK
./metadata-m1-c8-20261008-base-2-pfs3-first/system/Results/pfs3.tsv: OK
./metadata-m1-c8-20261008-base-2-pfs3-first/system/Results/phase-bfs.txt: OK
./metadata-m1-c8-20261008-base-2-pfs3-first/system/Results/phase-pfs3.txt: OK
./metadata-m1-c8-20261008-base-3-bfs-first/bench.fs-uae: OK
./metadata-m1-c8-20261008-base-3-bfs-first/run.log: OK
./metadata-m1-c8-20261008-base-3-bfs-first/system/Results/bfs.tsv: OK
./metadata-m1-c8-20261008-base-3-bfs-first/system/Results/complete.txt: OK
./metadata-m1-c8-20261008-base-3-bfs-first/system/Results/format-pfs3.txt: OK
./metadata-m1-c8-20261008-base-3-bfs-first/system/Results/info-after-format.txt: OK
./metadata-m1-c8-20261008-base-3-bfs-first/system/Results/info.txt: OK
./metadata-m1-c8-20261008-base-3-bfs-first/system/Results/pfs3.tsv: OK
./metadata-m1-c8-20261008-base-3-bfs-first/system/Results/phase-bfs.txt: OK
./metadata-m1-c8-20261008-base-3-bfs-first/system/Results/phase-pfs3.txt: OK
./metadata-m1-c8-20261008-base-4-pfs3-first/bench.fs-uae: OK
./metadata-m1-c8-20261008-base-4-pfs3-first/run.log: OK
./metadata-m1-c8-20261008-base-4-pfs3-first/system/Results/bfs.tsv: OK
./metadata-m1-c8-20261008-base-4-pfs3-first/system/Results/complete.txt: OK
./metadata-m1-c8-20261008-base-4-pfs3-first/system/Results/format-pfs3.txt: OK
./metadata-m1-c8-20261008-base-4-pfs3-first/system/Results/info-after-format.txt: OK
./metadata-m1-c8-20261008-base-4-pfs3-first/system/Results/info.txt: OK
./metadata-m1-c8-20261008-base-4-pfs3-first/system/Results/pfs3.tsv: OK
./metadata-m1-c8-20261008-base-4-pfs3-first/system/Results/phase-bfs.txt: OK
./metadata-m1-c8-20261008-base-4-pfs3-first/system/Results/phase-pfs3.txt: OK
./metadata-m1-c8-20261008-base-5-bfs-first/bench.fs-uae: OK
./metadata-m1-c8-20261008-base-5-bfs-first/run.log: OK
./metadata-m1-c8-20261008-base-5-bfs-first/system/Results/bfs.tsv: OK
./metadata-m1-c8-20261008-base-5-bfs-first/system/Results/complete.txt: OK
./metadata-m1-c8-20261008-base-5-bfs-first/system/Results/format-pfs3.txt: OK
./metadata-m1-c8-20261008-base-5-bfs-first/system/Results/info-after-format.txt: OK
./metadata-m1-c8-20261008-base-5-bfs-first/system/Results/info.txt: OK
./metadata-m1-c8-20261008-base-5-bfs-first/system/Results/pfs3.tsv: OK
./metadata-m1-c8-20261008-base-5-bfs-first/system/Results/phase-bfs.txt: OK
./metadata-m1-c8-20261008-base-5-bfs-first/system/Results/phase-pfs3.txt: OK
./metadata-m1-c8-20261008-base-6-pfs3-first/bench.fs-uae: OK
./metadata-m1-c8-20261008-base-6-pfs3-first/run.log: OK
./metadata-m1-c8-20261008-base-6-pfs3-first/system/Results/bfs.tsv: OK
./metadata-m1-c8-20261008-base-6-pfs3-first/system/Results/complete.txt: OK
./metadata-m1-c8-20261008-base-6-pfs3-first/system/Results/format-pfs3.txt: OK
./metadata-m1-c8-20261008-base-6-pfs3-first/system/Results/info-after-format.txt: OK
./metadata-m1-c8-20261008-base-6-pfs3-first/system/Results/info.txt: OK
./metadata-m1-c8-20261008-base-6-pfs3-first/system/Results/pfs3.tsv: OK
./metadata-m1-c8-20261008-base-6-pfs3-first/system/Results/phase-bfs.txt: OK
./metadata-m1-c8-20261008-base-6-pfs3-first/system/Results/phase-pfs3.txt: OK
./metadata-m1-c8-20261008-base-7-bfs-first/bench.fs-uae: OK
./metadata-m1-c8-20261008-base-7-bfs-first/run.log: OK
./metadata-m1-c8-20261008-base-7-bfs-first/system/Results/bfs.tsv: OK
./metadata-m1-c8-20261008-base-7-bfs-first/system/Results/complete.txt: OK
./metadata-m1-c8-20261008-base-7-bfs-first/system/Results/format-pfs3.txt: OK
./metadata-m1-c8-20261008-base-7-bfs-first/system/Results/info-after-format.txt: OK
./metadata-m1-c8-20261008-base-7-bfs-first/system/Results/info.txt: OK
./metadata-m1-c8-20261008-base-7-bfs-first/system/Results/pfs3.tsv: OK
./metadata-m1-c8-20261008-base-7-bfs-first/system/Results/phase-bfs.txt: OK
./metadata-m1-c8-20261008-base-7-bfs-first/system/Results/phase-pfs3.txt: OK
./metadata-m1-c8-20261008-base-8-pfs3-first/bench.fs-uae: OK
./metadata-m1-c8-20261008-base-8-pfs3-first/run.log: OK
./metadata-m1-c8-20261008-base-8-pfs3-first/system/Results/bfs.tsv: OK
./metadata-m1-c8-20261008-base-8-pfs3-first/system/Results/complete.txt: OK
./metadata-m1-c8-20261008-base-8-pfs3-first/system/Results/format-pfs3.txt: OK
./metadata-m1-c8-20261008-base-8-pfs3-first/system/Results/info-after-format.txt: OK
./metadata-m1-c8-20261008-base-8-pfs3-first/system/Results/info.txt: OK
./metadata-m1-c8-20261008-base-8-pfs3-first/system/Results/pfs3.tsv: OK
./metadata-m1-c8-20261008-base-8-pfs3-first/system/Results/phase-bfs.txt: OK
./metadata-m1-c8-20261008-base-8-pfs3-first/system/Results/phase-pfs3.txt: OK
./metadata-m1-c8-20261008-m1-1-bfs-first/bench.fs-uae: OK
./metadata-m1-c8-20261008-m1-1-bfs-first/run.log: OK
./metadata-m1-c8-20261008-m1-1-bfs-first/system/Results/bfs.tsv: OK
./metadata-m1-c8-20261008-m1-1-bfs-first/system/Results/complete.txt: OK
./metadata-m1-c8-20261008-m1-1-bfs-first/system/Results/format-pfs3.txt: OK
./metadata-m1-c8-20261008-m1-1-bfs-first/system/Results/info-after-format.txt: OK
./metadata-m1-c8-20261008-m1-1-bfs-first/system/Results/info.txt: OK
./metadata-m1-c8-20261008-m1-1-bfs-first/system/Results/pfs3.tsv: OK
./metadata-m1-c8-20261008-m1-1-bfs-first/system/Results/phase-bfs.txt: OK
./metadata-m1-c8-20261008-m1-1-bfs-first/system/Results/phase-pfs3.txt: OK
./metadata-m1-c8-20261008-m1-2-pfs3-first/bench.fs-uae: OK
./metadata-m1-c8-20261008-m1-2-pfs3-first/run.log: OK
./metadata-m1-c8-20261008-m1-2-pfs3-first/system/Results/bfs.tsv: OK
./metadata-m1-c8-20261008-m1-2-pfs3-first/system/Results/complete.txt: OK
./metadata-m1-c8-20261008-m1-2-pfs3-first/system/Results/format-pfs3.txt: OK
./metadata-m1-c8-20261008-m1-2-pfs3-first/system/Results/info-after-format.txt: OK
./metadata-m1-c8-20261008-m1-2-pfs3-first/system/Results/info.txt: OK
./metadata-m1-c8-20261008-m1-2-pfs3-first/system/Results/pfs3.tsv: OK
./metadata-m1-c8-20261008-m1-2-pfs3-first/system/Results/phase-bfs.txt: OK
./metadata-m1-c8-20261008-m1-2-pfs3-first/system/Results/phase-pfs3.txt: OK
./metadata-m1-c8-20261008-m1-3-bfs-first/bench.fs-uae: OK
./metadata-m1-c8-20261008-m1-3-bfs-first/run.log: OK
./metadata-m1-c8-20261008-m1-3-bfs-first/system/Results/bfs.tsv: OK
./metadata-m1-c8-20261008-m1-3-bfs-first/system/Results/complete.txt: OK
./metadata-m1-c8-20261008-m1-3-bfs-first/system/Results/format-pfs3.txt: OK
./metadata-m1-c8-20261008-m1-3-bfs-first/system/Results/info-after-format.txt: OK
./metadata-m1-c8-20261008-m1-3-bfs-first/system/Results/info.txt: OK
./metadata-m1-c8-20261008-m1-3-bfs-first/system/Results/pfs3.tsv: OK
./metadata-m1-c8-20261008-m1-3-bfs-first/system/Results/phase-bfs.txt: OK
./metadata-m1-c8-20261008-m1-3-bfs-first/system/Results/phase-pfs3.txt: OK
./metadata-m1-c8-20261008-m1-4-pfs3-first/bench.fs-uae: OK
./metadata-m1-c8-20261008-m1-4-pfs3-first/run.log: OK
./metadata-m1-c8-20261008-m1-4-pfs3-first/system/Results/bfs.tsv: OK
./metadata-m1-c8-20261008-m1-4-pfs3-first/system/Results/complete.txt: OK
./metadata-m1-c8-20261008-m1-4-pfs3-first/system/Results/format-pfs3.txt: OK
./metadata-m1-c8-20261008-m1-4-pfs3-first/system/Results/info-after-format.txt: OK
./metadata-m1-c8-20261008-m1-4-pfs3-first/system/Results/info.txt: OK
./metadata-m1-c8-20261008-m1-4-pfs3-first/system/Results/pfs3.tsv: OK
./metadata-m1-c8-20261008-m1-4-pfs3-first/system/Results/phase-bfs.txt: OK
./metadata-m1-c8-20261008-m1-4-pfs3-first/system/Results/phase-pfs3.txt: OK
./metadata-m1-c8-20261008-m1-5-bfs-first/bench.fs-uae: OK
./metadata-m1-c8-20261008-m1-5-bfs-first/run.log: OK
./metadata-m1-c8-20261008-m1-5-bfs-first/system/Results/bfs.tsv: OK
./metadata-m1-c8-20261008-m1-5-bfs-first/system/Results/complete.txt: OK
./metadata-m1-c8-20261008-m1-5-bfs-first/system/Results/format-pfs3.txt: OK
./metadata-m1-c8-20261008-m1-5-bfs-first/system/Results/info-after-format.txt: OK
./metadata-m1-c8-20261008-m1-5-bfs-first/system/Results/info.txt: OK
./metadata-m1-c8-20261008-m1-5-bfs-first/system/Results/pfs3.tsv: OK
./metadata-m1-c8-20261008-m1-5-bfs-first/system/Results/phase-bfs.txt: OK
./metadata-m1-c8-20261008-m1-5-bfs-first/system/Results/phase-pfs3.txt: OK
./metadata-m1-c8-20261008-m1-6-pfs3-first/bench.fs-uae: OK
./metadata-m1-c8-20261008-m1-6-pfs3-first/run.log: OK
./metadata-m1-c8-20261008-m1-6-pfs3-first/system/Results/bfs.tsv: OK
./metadata-m1-c8-20261008-m1-6-pfs3-first/system/Results/complete.txt: OK
./metadata-m1-c8-20261008-m1-6-pfs3-first/system/Results/format-pfs3.txt: OK
./metadata-m1-c8-20261008-m1-6-pfs3-first/system/Results/info-after-format.txt: OK
./metadata-m1-c8-20261008-m1-6-pfs3-first/system/Results/info.txt: OK
./metadata-m1-c8-20261008-m1-6-pfs3-first/system/Results/pfs3.tsv: OK
./metadata-m1-c8-20261008-m1-6-pfs3-first/system/Results/phase-bfs.txt: OK
./metadata-m1-c8-20261008-m1-6-pfs3-first/system/Results/phase-pfs3.txt: OK
./metadata-m1-c8-20261008-m1-7-bfs-first/bench.fs-uae: OK
./metadata-m1-c8-20261008-m1-7-bfs-first/run.log: OK
./metadata-m1-c8-20261008-m1-7-bfs-first/system/Results/bfs.tsv: OK
./metadata-m1-c8-20261008-m1-7-bfs-first/system/Results/complete.txt: OK
./metadata-m1-c8-20261008-m1-7-bfs-first/system/Results/format-pfs3.txt: OK
./metadata-m1-c8-20261008-m1-7-bfs-first/system/Results/info-after-format.txt: OK
./metadata-m1-c8-20261008-m1-7-bfs-first/system/Results/info.txt: OK
./metadata-m1-c8-20261008-m1-7-bfs-first/system/Results/pfs3.tsv: OK
./metadata-m1-c8-20261008-m1-7-bfs-first/system/Results/phase-bfs.txt: OK
./metadata-m1-c8-20261008-m1-7-bfs-first/system/Results/phase-pfs3.txt: OK
./metadata-m1-c8-20261008-m1-8-pfs3-first/bench.fs-uae: OK
./metadata-m1-c8-20261008-m1-8-pfs3-first/run.log: OK
./metadata-m1-c8-20261008-m1-8-pfs3-first/system/Results/bfs.tsv: OK
./metadata-m1-c8-20261008-m1-8-pfs3-first/system/Results/complete.txt: OK
./metadata-m1-c8-20261008-m1-8-pfs3-first/system/Results/format-pfs3.txt: OK
./metadata-m1-c8-20261008-m1-8-pfs3-first/system/Results/info-after-format.txt: OK
./metadata-m1-c8-20261008-m1-8-pfs3-first/system/Results/info.txt: OK
./metadata-m1-c8-20261008-m1-8-pfs3-first/system/Results/pfs3.tsv: OK
./metadata-m1-c8-20261008-m1-8-pfs3-first/system/Results/phase-bfs.txt: OK
./metadata-m1-c8-20261008-m1-8-pfs3-first/system/Results/phase-pfs3.txt: OK
./metadata-m1-d8-20261008-base-1-bfs-first/bench.fs-uae: OK
./metadata-m1-d8-20261008-base-1-bfs-first/run.log: OK
./metadata-m1-d8-20261008-base-1-bfs-first/system/Results/bfs.durable.tsv: OK
./metadata-m1-d8-20261008-base-1-bfs-first/system/Results/complete.txt: OK
./metadata-m1-d8-20261008-base-1-bfs-first/system/Results/format-pfs3.txt: OK
./metadata-m1-d8-20261008-base-1-bfs-first/system/Results/info-after-format.txt: OK
./metadata-m1-d8-20261008-base-1-bfs-first/system/Results/info.txt: OK
./metadata-m1-d8-20261008-base-1-bfs-first/system/Results/pfs3.durable.tsv: OK
./metadata-m1-d8-20261008-base-1-bfs-first/system/Results/phase-bfs.txt: OK
./metadata-m1-d8-20261008-base-1-bfs-first/system/Results/phase-pfs3.txt: OK
./metadata-m1-d8-20261008-base-2-pfs3-first/bench.fs-uae: OK
./metadata-m1-d8-20261008-base-2-pfs3-first/run.log: OK
./metadata-m1-d8-20261008-base-2-pfs3-first/system/Results/bfs.durable.tsv: OK
./metadata-m1-d8-20261008-base-2-pfs3-first/system/Results/complete.txt: OK
./metadata-m1-d8-20261008-base-2-pfs3-first/system/Results/format-pfs3.txt: OK
./metadata-m1-d8-20261008-base-2-pfs3-first/system/Results/info-after-format.txt: OK
./metadata-m1-d8-20261008-base-2-pfs3-first/system/Results/info.txt: OK
./metadata-m1-d8-20261008-base-2-pfs3-first/system/Results/pfs3.durable.tsv: OK
./metadata-m1-d8-20261008-base-2-pfs3-first/system/Results/phase-bfs.txt: OK
./metadata-m1-d8-20261008-base-2-pfs3-first/system/Results/phase-pfs3.txt: OK
./metadata-m1-d8-20261008-base-3-bfs-first/bench.fs-uae: OK
./metadata-m1-d8-20261008-base-3-bfs-first/run.log: OK
./metadata-m1-d8-20261008-base-3-bfs-first/system/Results/bfs.durable.tsv: OK
./metadata-m1-d8-20261008-base-3-bfs-first/system/Results/complete.txt: OK
./metadata-m1-d8-20261008-base-3-bfs-first/system/Results/format-pfs3.txt: OK
./metadata-m1-d8-20261008-base-3-bfs-first/system/Results/info-after-format.txt: OK
./metadata-m1-d8-20261008-base-3-bfs-first/system/Results/info.txt: OK
./metadata-m1-d8-20261008-base-3-bfs-first/system/Results/pfs3.durable.tsv: OK
./metadata-m1-d8-20261008-base-3-bfs-first/system/Results/phase-bfs.txt: OK
./metadata-m1-d8-20261008-base-3-bfs-first/system/Results/phase-pfs3.txt: OK
./metadata-m1-d8-20261008-base-4-pfs3-first/bench.fs-uae: OK
./metadata-m1-d8-20261008-base-4-pfs3-first/run.log: OK
./metadata-m1-d8-20261008-base-4-pfs3-first/system/Results/bfs.durable.tsv: OK
./metadata-m1-d8-20261008-base-4-pfs3-first/system/Results/complete.txt: OK
./metadata-m1-d8-20261008-base-4-pfs3-first/system/Results/format-pfs3.txt: OK
./metadata-m1-d8-20261008-base-4-pfs3-first/system/Results/info-after-format.txt: OK
./metadata-m1-d8-20261008-base-4-pfs3-first/system/Results/info.txt: OK
./metadata-m1-d8-20261008-base-4-pfs3-first/system/Results/pfs3.durable.tsv: OK
./metadata-m1-d8-20261008-base-4-pfs3-first/system/Results/phase-bfs.txt: OK
./metadata-m1-d8-20261008-base-4-pfs3-first/system/Results/phase-pfs3.txt: OK
./metadata-m1-d8-20261008-base-5-bfs-first/bench.fs-uae: OK
./metadata-m1-d8-20261008-base-5-bfs-first/run.log: OK
./metadata-m1-d8-20261008-base-5-bfs-first/system/Results/bfs.durable.tsv: OK
./metadata-m1-d8-20261008-base-5-bfs-first/system/Results/complete.txt: OK
./metadata-m1-d8-20261008-base-5-bfs-first/system/Results/format-pfs3.txt: OK
./metadata-m1-d8-20261008-base-5-bfs-first/system/Results/info-after-format.txt: OK
./metadata-m1-d8-20261008-base-5-bfs-first/system/Results/info.txt: OK
./metadata-m1-d8-20261008-base-5-bfs-first/system/Results/pfs3.durable.tsv: OK
./metadata-m1-d8-20261008-base-5-bfs-first/system/Results/phase-bfs.txt: OK
./metadata-m1-d8-20261008-base-5-bfs-first/system/Results/phase-pfs3.txt: OK
./metadata-m1-d8-20261008-base-6-pfs3-first/bench.fs-uae: OK
./metadata-m1-d8-20261008-base-6-pfs3-first/run.log: OK
./metadata-m1-d8-20261008-base-6-pfs3-first/system/Results/bfs.durable.tsv: OK
./metadata-m1-d8-20261008-base-6-pfs3-first/system/Results/complete.txt: OK
./metadata-m1-d8-20261008-base-6-pfs3-first/system/Results/format-pfs3.txt: OK
./metadata-m1-d8-20261008-base-6-pfs3-first/system/Results/info-after-format.txt: OK
./metadata-m1-d8-20261008-base-6-pfs3-first/system/Results/info.txt: OK
./metadata-m1-d8-20261008-base-6-pfs3-first/system/Results/pfs3.durable.tsv: OK
./metadata-m1-d8-20261008-base-6-pfs3-first/system/Results/phase-bfs.txt: OK
./metadata-m1-d8-20261008-base-6-pfs3-first/system/Results/phase-pfs3.txt: OK
./metadata-m1-d8-20261008-base-7-bfs-first/bench.fs-uae: OK
./metadata-m1-d8-20261008-base-7-bfs-first/run.log: OK
./metadata-m1-d8-20261008-base-7-bfs-first/system/Results/bfs.durable.tsv: OK
./metadata-m1-d8-20261008-base-7-bfs-first/system/Results/complete.txt: OK
./metadata-m1-d8-20261008-base-7-bfs-first/system/Results/format-pfs3.txt: OK
./metadata-m1-d8-20261008-base-7-bfs-first/system/Results/info-after-format.txt: OK
./metadata-m1-d8-20261008-base-7-bfs-first/system/Results/info.txt: OK
./metadata-m1-d8-20261008-base-7-bfs-first/system/Results/pfs3.durable.tsv: OK
./metadata-m1-d8-20261008-base-7-bfs-first/system/Results/phase-bfs.txt: OK
./metadata-m1-d8-20261008-base-7-bfs-first/system/Results/phase-pfs3.txt: OK
./metadata-m1-d8-20261008-base-8-pfs3-first/bench.fs-uae: OK
./metadata-m1-d8-20261008-base-8-pfs3-first/run.log: OK
./metadata-m1-d8-20261008-base-8-pfs3-first/system/Results/bfs.durable.tsv: OK
./metadata-m1-d8-20261008-base-8-pfs3-first/system/Results/complete.txt: OK
./metadata-m1-d8-20261008-base-8-pfs3-first/system/Results/format-pfs3.txt: OK
./metadata-m1-d8-20261008-base-8-pfs3-first/system/Results/info-after-format.txt: OK
./metadata-m1-d8-20261008-base-8-pfs3-first/system/Results/info.txt: OK
./metadata-m1-d8-20261008-base-8-pfs3-first/system/Results/pfs3.durable.tsv: OK
./metadata-m1-d8-20261008-base-8-pfs3-first/system/Results/phase-bfs.txt: OK
./metadata-m1-d8-20261008-base-8-pfs3-first/system/Results/phase-pfs3.txt: OK
./metadata-m1-d8-20261008-m1-1-bfs-first/bench.fs-uae: OK
./metadata-m1-d8-20261008-m1-1-bfs-first/run.log: OK
./metadata-m1-d8-20261008-m1-1-bfs-first/system/Results/bfs.durable.tsv: OK
./metadata-m1-d8-20261008-m1-1-bfs-first/system/Results/complete.txt: OK
./metadata-m1-d8-20261008-m1-1-bfs-first/system/Results/format-pfs3.txt: OK
./metadata-m1-d8-20261008-m1-1-bfs-first/system/Results/info-after-format.txt: OK
./metadata-m1-d8-20261008-m1-1-bfs-first/system/Results/info.txt: OK
./metadata-m1-d8-20261008-m1-1-bfs-first/system/Results/pfs3.durable.tsv: OK
./metadata-m1-d8-20261008-m1-1-bfs-first/system/Results/phase-bfs.txt: OK
./metadata-m1-d8-20261008-m1-1-bfs-first/system/Results/phase-pfs3.txt: OK
./metadata-m1-d8-20261008-m1-2-pfs3-first/bench.fs-uae: OK
./metadata-m1-d8-20261008-m1-2-pfs3-first/run.log: OK
./metadata-m1-d8-20261008-m1-2-pfs3-first/system/Results/bfs.durable.tsv: OK
./metadata-m1-d8-20261008-m1-2-pfs3-first/system/Results/complete.txt: OK
./metadata-m1-d8-20261008-m1-2-pfs3-first/system/Results/format-pfs3.txt: OK
./metadata-m1-d8-20261008-m1-2-pfs3-first/system/Results/info-after-format.txt: OK
./metadata-m1-d8-20261008-m1-2-pfs3-first/system/Results/info.txt: OK
./metadata-m1-d8-20261008-m1-2-pfs3-first/system/Results/pfs3.durable.tsv: OK
./metadata-m1-d8-20261008-m1-2-pfs3-first/system/Results/phase-bfs.txt: OK
./metadata-m1-d8-20261008-m1-2-pfs3-first/system/Results/phase-pfs3.txt: OK
./metadata-m1-d8-20261008-m1-3-bfs-first/bench.fs-uae: OK
./metadata-m1-d8-20261008-m1-3-bfs-first/run.log: OK
./metadata-m1-d8-20261008-m1-3-bfs-first/system/Results/bfs.durable.tsv: OK
./metadata-m1-d8-20261008-m1-3-bfs-first/system/Results/complete.txt: OK
./metadata-m1-d8-20261008-m1-3-bfs-first/system/Results/format-pfs3.txt: OK
./metadata-m1-d8-20261008-m1-3-bfs-first/system/Results/info-after-format.txt: OK
./metadata-m1-d8-20261008-m1-3-bfs-first/system/Results/info.txt: OK
./metadata-m1-d8-20261008-m1-3-bfs-first/system/Results/pfs3.durable.tsv: OK
./metadata-m1-d8-20261008-m1-3-bfs-first/system/Results/phase-bfs.txt: OK
./metadata-m1-d8-20261008-m1-3-bfs-first/system/Results/phase-pfs3.txt: OK
./metadata-m1-d8-20261008-m1-4-pfs3-first/bench.fs-uae: OK
./metadata-m1-d8-20261008-m1-4-pfs3-first/run.log: OK
./metadata-m1-d8-20261008-m1-4-pfs3-first/system/Results/bfs.durable.tsv: OK
./metadata-m1-d8-20261008-m1-4-pfs3-first/system/Results/complete.txt: OK
./metadata-m1-d8-20261008-m1-4-pfs3-first/system/Results/format-pfs3.txt: OK
./metadata-m1-d8-20261008-m1-4-pfs3-first/system/Results/info-after-format.txt: OK
./metadata-m1-d8-20261008-m1-4-pfs3-first/system/Results/info.txt: OK
./metadata-m1-d8-20261008-m1-4-pfs3-first/system/Results/pfs3.durable.tsv: OK
./metadata-m1-d8-20261008-m1-4-pfs3-first/system/Results/phase-bfs.txt: OK
./metadata-m1-d8-20261008-m1-4-pfs3-first/system/Results/phase-pfs3.txt: OK
./metadata-m1-d8-20261008-m1-5-bfs-first/bench.fs-uae: OK
./metadata-m1-d8-20261008-m1-5-bfs-first/run.log: OK
./metadata-m1-d8-20261008-m1-5-bfs-first/system/Results/bfs.durable.tsv: OK
./metadata-m1-d8-20261008-m1-5-bfs-first/system/Results/complete.txt: OK
./metadata-m1-d8-20261008-m1-5-bfs-first/system/Results/format-pfs3.txt: OK
./metadata-m1-d8-20261008-m1-5-bfs-first/system/Results/info-after-format.txt: OK
./metadata-m1-d8-20261008-m1-5-bfs-first/system/Results/info.txt: OK
./metadata-m1-d8-20261008-m1-5-bfs-first/system/Results/pfs3.durable.tsv: OK
./metadata-m1-d8-20261008-m1-5-bfs-first/system/Results/phase-bfs.txt: OK
./metadata-m1-d8-20261008-m1-5-bfs-first/system/Results/phase-pfs3.txt: OK
./metadata-m1-d8-20261008-m1-6-pfs3-first/bench.fs-uae: OK
./metadata-m1-d8-20261008-m1-6-pfs3-first/run.log: OK
./metadata-m1-d8-20261008-m1-6-pfs3-first/system/Results/bfs.durable.tsv: OK
./metadata-m1-d8-20261008-m1-6-pfs3-first/system/Results/complete.txt: OK
./metadata-m1-d8-20261008-m1-6-pfs3-first/system/Results/format-pfs3.txt: OK
./metadata-m1-d8-20261008-m1-6-pfs3-first/system/Results/info-after-format.txt: OK
./metadata-m1-d8-20261008-m1-6-pfs3-first/system/Results/info.txt: OK
./metadata-m1-d8-20261008-m1-6-pfs3-first/system/Results/pfs3.durable.tsv: OK
./metadata-m1-d8-20261008-m1-6-pfs3-first/system/Results/phase-bfs.txt: OK
./metadata-m1-d8-20261008-m1-6-pfs3-first/system/Results/phase-pfs3.txt: OK
./metadata-m1-d8-20261008-m1-7-bfs-first/bench.fs-uae: OK
./metadata-m1-d8-20261008-m1-7-bfs-first/run.log: OK
./metadata-m1-d8-20261008-m1-7-bfs-first/system/Results/bfs.durable.tsv: OK
./metadata-m1-d8-20261008-m1-7-bfs-first/system/Results/complete.txt: OK
./metadata-m1-d8-20261008-m1-7-bfs-first/system/Results/format-pfs3.txt: OK
./metadata-m1-d8-20261008-m1-7-bfs-first/system/Results/info-after-format.txt: OK
./metadata-m1-d8-20261008-m1-7-bfs-first/system/Results/info.txt: OK
./metadata-m1-d8-20261008-m1-7-bfs-first/system/Results/pfs3.durable.tsv: OK
./metadata-m1-d8-20261008-m1-7-bfs-first/system/Results/phase-bfs.txt: OK
./metadata-m1-d8-20261008-m1-7-bfs-first/system/Results/phase-pfs3.txt: OK
./metadata-m1-d8-20261008-m1-8-pfs3-first/bench.fs-uae: OK
./metadata-m1-d8-20261008-m1-8-pfs3-first/run.log: OK
./metadata-m1-d8-20261008-m1-8-pfs3-first/system/Results/bfs.durable.tsv: OK
./metadata-m1-d8-20261008-m1-8-pfs3-first/system/Results/complete.txt: OK
./metadata-m1-d8-20261008-m1-8-pfs3-first/system/Results/format-pfs3.txt: OK
./metadata-m1-d8-20261008-m1-8-pfs3-first/system/Results/info-after-format.txt: OK
./metadata-m1-d8-20261008-m1-8-pfs3-first/system/Results/info.txt: OK
./metadata-m1-d8-20261008-m1-8-pfs3-first/system/Results/pfs3.durable.tsv: OK
./metadata-m1-d8-20261008-m1-8-pfs3-first/system/Results/phase-bfs.txt: OK
./metadata-m1-d8-20261008-m1-8-pfs3-first/system/Results/phase-pfs3.txt: OK
./metadata-m2-pilot-c2-20261008-base-1-bfs-first/bench.fs-uae: OK
./metadata-m2-pilot-c2-20261008-base-1-bfs-first/run.log: OK
./metadata-m2-pilot-c2-20261008-base-1-bfs-first/system/Results/bfs.tsv: OK
./metadata-m2-pilot-c2-20261008-base-1-bfs-first/system/Results/complete.txt: OK
./metadata-m2-pilot-c2-20261008-base-1-bfs-first/system/Results/format-pfs3.txt: OK
./metadata-m2-pilot-c2-20261008-base-1-bfs-first/system/Results/info-after-format.txt: OK
./metadata-m2-pilot-c2-20261008-base-1-bfs-first/system/Results/info.txt: OK
./metadata-m2-pilot-c2-20261008-base-1-bfs-first/system/Results/pfs3.tsv: OK
./metadata-m2-pilot-c2-20261008-base-1-bfs-first/system/Results/phase-bfs.txt: OK
./metadata-m2-pilot-c2-20261008-base-1-bfs-first/system/Results/phase-pfs3.txt: OK
./metadata-m2-pilot-c2-20261008-base-2-pfs3-first/bench.fs-uae: OK
./metadata-m2-pilot-c2-20261008-base-2-pfs3-first/run.log: OK
./metadata-m2-pilot-c2-20261008-base-2-pfs3-first/system/Results/bfs.tsv: OK
./metadata-m2-pilot-c2-20261008-base-2-pfs3-first/system/Results/complete.txt: OK
./metadata-m2-pilot-c2-20261008-base-2-pfs3-first/system/Results/format-pfs3.txt: OK
./metadata-m2-pilot-c2-20261008-base-2-pfs3-first/system/Results/info-after-format.txt: OK
./metadata-m2-pilot-c2-20261008-base-2-pfs3-first/system/Results/info.txt: OK
./metadata-m2-pilot-c2-20261008-base-2-pfs3-first/system/Results/pfs3.tsv: OK
./metadata-m2-pilot-c2-20261008-base-2-pfs3-first/system/Results/phase-bfs.txt: OK
./metadata-m2-pilot-c2-20261008-base-2-pfs3-first/system/Results/phase-pfs3.txt: OK
./metadata-m2-pilot-c2-20261008-m1b-1-bfs-first/bench.fs-uae: OK
./metadata-m2-pilot-c2-20261008-m1b-1-bfs-first/run.log: OK
./metadata-m2-pilot-c2-20261008-m1b-1-bfs-first/system/Results/bfs.tsv: OK
./metadata-m2-pilot-c2-20261008-m1b-1-bfs-first/system/Results/complete.txt: OK
./metadata-m2-pilot-c2-20261008-m1b-1-bfs-first/system/Results/format-pfs3.txt: OK
./metadata-m2-pilot-c2-20261008-m1b-1-bfs-first/system/Results/info-after-format.txt: OK
./metadata-m2-pilot-c2-20261008-m1b-1-bfs-first/system/Results/info.txt: OK
./metadata-m2-pilot-c2-20261008-m1b-1-bfs-first/system/Results/pfs3.tsv: OK
./metadata-m2-pilot-c2-20261008-m1b-1-bfs-first/system/Results/phase-bfs.txt: OK
./metadata-m2-pilot-c2-20261008-m1b-1-bfs-first/system/Results/phase-pfs3.txt: OK
./metadata-m2-pilot-c2-20261008-m1b-2-pfs3-first/bench.fs-uae: OK
./metadata-m2-pilot-c2-20261008-m1b-2-pfs3-first/run.log: OK
./metadata-m2-pilot-c2-20261008-m1b-2-pfs3-first/system/Results/bfs.tsv: OK
./metadata-m2-pilot-c2-20261008-m1b-2-pfs3-first/system/Results/complete.txt: OK
./metadata-m2-pilot-c2-20261008-m1b-2-pfs3-first/system/Results/format-pfs3.txt: OK
./metadata-m2-pilot-c2-20261008-m1b-2-pfs3-first/system/Results/info-after-format.txt: OK
./metadata-m2-pilot-c2-20261008-m1b-2-pfs3-first/system/Results/info.txt: OK
./metadata-m2-pilot-c2-20261008-m1b-2-pfs3-first/system/Results/pfs3.tsv: OK
./metadata-m2-pilot-c2-20261008-m1b-2-pfs3-first/system/Results/phase-bfs.txt: OK
./metadata-m2-pilot-c2-20261008-m1b-2-pfs3-first/system/Results/phase-pfs3.txt: OK
./metadata-m2-pilot-c2-20261008-m2-1-bfs-first/bench.fs-uae: OK
./metadata-m2-pilot-c2-20261008-m2-1-bfs-first/run.log: OK
./metadata-m2-pilot-c2-20261008-m2-1-bfs-first/system/Results/bfs.tsv: OK
./metadata-m2-pilot-c2-20261008-m2-1-bfs-first/system/Results/complete.txt: OK
./metadata-m2-pilot-c2-20261008-m2-1-bfs-first/system/Results/format-pfs3.txt: OK
./metadata-m2-pilot-c2-20261008-m2-1-bfs-first/system/Results/info-after-format.txt: OK
./metadata-m2-pilot-c2-20261008-m2-1-bfs-first/system/Results/info.txt: OK
./metadata-m2-pilot-c2-20261008-m2-1-bfs-first/system/Results/pfs3.tsv: OK
./metadata-m2-pilot-c2-20261008-m2-1-bfs-first/system/Results/phase-bfs.txt: OK
./metadata-m2-pilot-c2-20261008-m2-1-bfs-first/system/Results/phase-pfs3.txt: OK
./metadata-m2-pilot-c2-20261008-m2-2-pfs3-first/bench.fs-uae: OK
./metadata-m2-pilot-c2-20261008-m2-2-pfs3-first/run.log: OK
./metadata-m2-pilot-c2-20261008-m2-2-pfs3-first/system/Results/bfs.tsv: OK
./metadata-m2-pilot-c2-20261008-m2-2-pfs3-first/system/Results/complete.txt: OK
./metadata-m2-pilot-c2-20261008-m2-2-pfs3-first/system/Results/format-pfs3.txt: OK
./metadata-m2-pilot-c2-20261008-m2-2-pfs3-first/system/Results/info-after-format.txt: OK
./metadata-m2-pilot-c2-20261008-m2-2-pfs3-first/system/Results/info.txt: OK
./metadata-m2-pilot-c2-20261008-m2-2-pfs3-first/system/Results/pfs3.tsv: OK
./metadata-m2-pilot-c2-20261008-m2-2-pfs3-first/system/Results/phase-bfs.txt: OK
./metadata-m2-pilot-c2-20261008-m2-2-pfs3-first/system/Results/phase-pfs3.txt: OK
./metadata-m3-c8-20261008-base-1-bfs-first/bench.fs-uae: OK
./metadata-m3-c8-20261008-base-1-bfs-first/run.log: OK
./metadata-m3-c8-20261008-base-1-bfs-first/system/Results/bfs.tsv: OK
./metadata-m3-c8-20261008-base-1-bfs-first/system/Results/complete.txt: OK
./metadata-m3-c8-20261008-base-1-bfs-first/system/Results/format-pfs3.txt: OK
./metadata-m3-c8-20261008-base-1-bfs-first/system/Results/info-after-format.txt: OK
./metadata-m3-c8-20261008-base-1-bfs-first/system/Results/info.txt: OK
./metadata-m3-c8-20261008-base-1-bfs-first/system/Results/pfs3.tsv: OK
./metadata-m3-c8-20261008-base-1-bfs-first/system/Results/phase-bfs.txt: OK
./metadata-m3-c8-20261008-base-1-bfs-first/system/Results/phase-pfs3.txt: OK
./metadata-m3-c8-20261008-base-2-pfs3-first/bench.fs-uae: OK
./metadata-m3-c8-20261008-base-2-pfs3-first/run.log: OK
./metadata-m3-c8-20261008-base-2-pfs3-first/system/Results/bfs.tsv: OK
./metadata-m3-c8-20261008-base-2-pfs3-first/system/Results/complete.txt: OK
./metadata-m3-c8-20261008-base-2-pfs3-first/system/Results/format-pfs3.txt: OK
./metadata-m3-c8-20261008-base-2-pfs3-first/system/Results/info-after-format.txt: OK
./metadata-m3-c8-20261008-base-2-pfs3-first/system/Results/info.txt: OK
./metadata-m3-c8-20261008-base-2-pfs3-first/system/Results/pfs3.tsv: OK
./metadata-m3-c8-20261008-base-2-pfs3-first/system/Results/phase-bfs.txt: OK
./metadata-m3-c8-20261008-base-2-pfs3-first/system/Results/phase-pfs3.txt: OK
./metadata-m3-c8-20261008-base-3-bfs-first/bench.fs-uae: OK
./metadata-m3-c8-20261008-base-3-bfs-first/run.log: OK
./metadata-m3-c8-20261008-base-3-bfs-first/system/Results/bfs.tsv: OK
./metadata-m3-c8-20261008-base-3-bfs-first/system/Results/complete.txt: OK
./metadata-m3-c8-20261008-base-3-bfs-first/system/Results/format-pfs3.txt: OK
./metadata-m3-c8-20261008-base-3-bfs-first/system/Results/info-after-format.txt: OK
./metadata-m3-c8-20261008-base-3-bfs-first/system/Results/info.txt: OK
./metadata-m3-c8-20261008-base-3-bfs-first/system/Results/pfs3.tsv: OK
./metadata-m3-c8-20261008-base-3-bfs-first/system/Results/phase-bfs.txt: OK
./metadata-m3-c8-20261008-base-3-bfs-first/system/Results/phase-pfs3.txt: OK
./metadata-m3-c8-20261008-base-4-pfs3-first/bench.fs-uae: OK
./metadata-m3-c8-20261008-base-4-pfs3-first/run.log: OK
./metadata-m3-c8-20261008-base-4-pfs3-first/system/Results/bfs.tsv: OK
./metadata-m3-c8-20261008-base-4-pfs3-first/system/Results/complete.txt: OK
./metadata-m3-c8-20261008-base-4-pfs3-first/system/Results/format-pfs3.txt: OK
./metadata-m3-c8-20261008-base-4-pfs3-first/system/Results/info-after-format.txt: OK
./metadata-m3-c8-20261008-base-4-pfs3-first/system/Results/info.txt: OK
./metadata-m3-c8-20261008-base-4-pfs3-first/system/Results/pfs3.tsv: OK
./metadata-m3-c8-20261008-base-4-pfs3-first/system/Results/phase-bfs.txt: OK
./metadata-m3-c8-20261008-base-4-pfs3-first/system/Results/phase-pfs3.txt: OK
./metadata-m3-c8-20261008-base-5-bfs-first/bench.fs-uae: OK
./metadata-m3-c8-20261008-base-5-bfs-first/run.log: OK
./metadata-m3-c8-20261008-base-5-bfs-first/system/Results/bfs.tsv: OK
./metadata-m3-c8-20261008-base-5-bfs-first/system/Results/complete.txt: OK
./metadata-m3-c8-20261008-base-5-bfs-first/system/Results/format-pfs3.txt: OK
./metadata-m3-c8-20261008-base-5-bfs-first/system/Results/info-after-format.txt: OK
./metadata-m3-c8-20261008-base-5-bfs-first/system/Results/info.txt: OK
./metadata-m3-c8-20261008-base-5-bfs-first/system/Results/pfs3.tsv: OK
./metadata-m3-c8-20261008-base-5-bfs-first/system/Results/phase-bfs.txt: OK
./metadata-m3-c8-20261008-base-5-bfs-first/system/Results/phase-pfs3.txt: OK
./metadata-m3-c8-20261008-base-6-pfs3-first/bench.fs-uae: OK
./metadata-m3-c8-20261008-base-6-pfs3-first/run.log: OK
./metadata-m3-c8-20261008-base-6-pfs3-first/system/Results/bfs.tsv: OK
./metadata-m3-c8-20261008-base-6-pfs3-first/system/Results/complete.txt: OK
./metadata-m3-c8-20261008-base-6-pfs3-first/system/Results/format-pfs3.txt: OK
./metadata-m3-c8-20261008-base-6-pfs3-first/system/Results/info-after-format.txt: OK
./metadata-m3-c8-20261008-base-6-pfs3-first/system/Results/info.txt: OK
./metadata-m3-c8-20261008-base-6-pfs3-first/system/Results/pfs3.tsv: OK
./metadata-m3-c8-20261008-base-6-pfs3-first/system/Results/phase-bfs.txt: OK
./metadata-m3-c8-20261008-base-6-pfs3-first/system/Results/phase-pfs3.txt: OK
./metadata-m3-c8-20261008-base-7-bfs-first/bench.fs-uae: OK
./metadata-m3-c8-20261008-base-7-bfs-first/run.log: OK
./metadata-m3-c8-20261008-base-7-bfs-first/system/Results/bfs.tsv: OK
./metadata-m3-c8-20261008-base-7-bfs-first/system/Results/complete.txt: OK
./metadata-m3-c8-20261008-base-7-bfs-first/system/Results/format-pfs3.txt: OK
./metadata-m3-c8-20261008-base-7-bfs-first/system/Results/info-after-format.txt: OK
./metadata-m3-c8-20261008-base-7-bfs-first/system/Results/info.txt: OK
./metadata-m3-c8-20261008-base-7-bfs-first/system/Results/pfs3.tsv: OK
./metadata-m3-c8-20261008-base-7-bfs-first/system/Results/phase-bfs.txt: OK
./metadata-m3-c8-20261008-base-7-bfs-first/system/Results/phase-pfs3.txt: OK
./metadata-m3-c8-20261008-base-8-pfs3-first/bench.fs-uae: OK
./metadata-m3-c8-20261008-base-8-pfs3-first/run.log: OK
./metadata-m3-c8-20261008-base-8-pfs3-first/system/Results/bfs.tsv: OK
./metadata-m3-c8-20261008-base-8-pfs3-first/system/Results/complete.txt: OK
./metadata-m3-c8-20261008-base-8-pfs3-first/system/Results/format-pfs3.txt: OK
./metadata-m3-c8-20261008-base-8-pfs3-first/system/Results/info-after-format.txt: OK
./metadata-m3-c8-20261008-base-8-pfs3-first/system/Results/info.txt: OK
./metadata-m3-c8-20261008-base-8-pfs3-first/system/Results/pfs3.tsv: OK
./metadata-m3-c8-20261008-base-8-pfs3-first/system/Results/phase-bfs.txt: OK
./metadata-m3-c8-20261008-base-8-pfs3-first/system/Results/phase-pfs3.txt: OK
./metadata-m3-c8-20261008-m3-1-bfs-first/bench.fs-uae: OK
./metadata-m3-c8-20261008-m3-1-bfs-first/run.log: OK
./metadata-m3-c8-20261008-m3-1-bfs-first/system/Results/bfs.tsv: OK
./metadata-m3-c8-20261008-m3-1-bfs-first/system/Results/complete.txt: OK
./metadata-m3-c8-20261008-m3-1-bfs-first/system/Results/format-pfs3.txt: OK
./metadata-m3-c8-20261008-m3-1-bfs-first/system/Results/info-after-format.txt: OK
./metadata-m3-c8-20261008-m3-1-bfs-first/system/Results/info.txt: OK
./metadata-m3-c8-20261008-m3-1-bfs-first/system/Results/pfs3.tsv: OK
./metadata-m3-c8-20261008-m3-1-bfs-first/system/Results/phase-bfs.txt: OK
./metadata-m3-c8-20261008-m3-1-bfs-first/system/Results/phase-pfs3.txt: OK
./metadata-m3-c8-20261008-m3-2-pfs3-first/bench.fs-uae: OK
./metadata-m3-c8-20261008-m3-2-pfs3-first/run.log: OK
./metadata-m3-c8-20261008-m3-2-pfs3-first/system/Results/bfs.tsv: OK
./metadata-m3-c8-20261008-m3-2-pfs3-first/system/Results/complete.txt: OK
./metadata-m3-c8-20261008-m3-2-pfs3-first/system/Results/format-pfs3.txt: OK
./metadata-m3-c8-20261008-m3-2-pfs3-first/system/Results/info-after-format.txt: OK
./metadata-m3-c8-20261008-m3-2-pfs3-first/system/Results/info.txt: OK
./metadata-m3-c8-20261008-m3-2-pfs3-first/system/Results/pfs3.tsv: OK
./metadata-m3-c8-20261008-m3-2-pfs3-first/system/Results/phase-bfs.txt: OK
./metadata-m3-c8-20261008-m3-2-pfs3-first/system/Results/phase-pfs3.txt: OK
./metadata-m3-c8-20261008-m3-3-bfs-first/bench.fs-uae: OK
./metadata-m3-c8-20261008-m3-3-bfs-first/run.log: OK
./metadata-m3-c8-20261008-m3-3-bfs-first/system/Results/bfs.tsv: OK
./metadata-m3-c8-20261008-m3-3-bfs-first/system/Results/complete.txt: OK
./metadata-m3-c8-20261008-m3-3-bfs-first/system/Results/format-pfs3.txt: OK
./metadata-m3-c8-20261008-m3-3-bfs-first/system/Results/info-after-format.txt: OK
./metadata-m3-c8-20261008-m3-3-bfs-first/system/Results/info.txt: OK
./metadata-m3-c8-20261008-m3-3-bfs-first/system/Results/pfs3.tsv: OK
./metadata-m3-c8-20261008-m3-3-bfs-first/system/Results/phase-bfs.txt: OK
./metadata-m3-c8-20261008-m3-3-bfs-first/system/Results/phase-pfs3.txt: OK
./metadata-m3-c8-20261008-m3-4-pfs3-first/bench.fs-uae: OK
./metadata-m3-c8-20261008-m3-4-pfs3-first/run.log: OK
./metadata-m3-c8-20261008-m3-4-pfs3-first/system/Results/bfs.tsv: OK
./metadata-m3-c8-20261008-m3-4-pfs3-first/system/Results/complete.txt: OK
./metadata-m3-c8-20261008-m3-4-pfs3-first/system/Results/format-pfs3.txt: OK
./metadata-m3-c8-20261008-m3-4-pfs3-first/system/Results/info-after-format.txt: OK
./metadata-m3-c8-20261008-m3-4-pfs3-first/system/Results/info.txt: OK
./metadata-m3-c8-20261008-m3-4-pfs3-first/system/Results/pfs3.tsv: OK
./metadata-m3-c8-20261008-m3-4-pfs3-first/system/Results/phase-bfs.txt: OK
./metadata-m3-c8-20261008-m3-4-pfs3-first/system/Results/phase-pfs3.txt: OK
./metadata-m3-c8-20261008-m3-5-bfs-first/bench.fs-uae: OK
./metadata-m3-c8-20261008-m3-5-bfs-first/run.log: OK
./metadata-m3-c8-20261008-m3-5-bfs-first/system/Results/bfs.tsv: OK
./metadata-m3-c8-20261008-m3-5-bfs-first/system/Results/complete.txt: OK
./metadata-m3-c8-20261008-m3-5-bfs-first/system/Results/format-pfs3.txt: OK
./metadata-m3-c8-20261008-m3-5-bfs-first/system/Results/info-after-format.txt: OK
./metadata-m3-c8-20261008-m3-5-bfs-first/system/Results/info.txt: OK
./metadata-m3-c8-20261008-m3-5-bfs-first/system/Results/pfs3.tsv: OK
./metadata-m3-c8-20261008-m3-5-bfs-first/system/Results/phase-bfs.txt: OK
./metadata-m3-c8-20261008-m3-5-bfs-first/system/Results/phase-pfs3.txt: OK
./metadata-m3-c8-20261008-m3-6-pfs3-first/bench.fs-uae: OK
./metadata-m3-c8-20261008-m3-6-pfs3-first/run.log: OK
./metadata-m3-c8-20261008-m3-6-pfs3-first/system/Results/bfs.tsv: OK
./metadata-m3-c8-20261008-m3-6-pfs3-first/system/Results/complete.txt: OK
./metadata-m3-c8-20261008-m3-6-pfs3-first/system/Results/format-pfs3.txt: OK
./metadata-m3-c8-20261008-m3-6-pfs3-first/system/Results/info-after-format.txt: OK
./metadata-m3-c8-20261008-m3-6-pfs3-first/system/Results/info.txt: OK
./metadata-m3-c8-20261008-m3-6-pfs3-first/system/Results/pfs3.tsv: OK
./metadata-m3-c8-20261008-m3-6-pfs3-first/system/Results/phase-bfs.txt: OK
./metadata-m3-c8-20261008-m3-6-pfs3-first/system/Results/phase-pfs3.txt: OK
./metadata-m3-c8-20261008-m3-7-bfs-first/bench.fs-uae: OK
./metadata-m3-c8-20261008-m3-7-bfs-first/run.log: OK
./metadata-m3-c8-20261008-m3-7-bfs-first/system/Results/bfs.tsv: OK
./metadata-m3-c8-20261008-m3-7-bfs-first/system/Results/complete.txt: OK
./metadata-m3-c8-20261008-m3-7-bfs-first/system/Results/format-pfs3.txt: OK
./metadata-m3-c8-20261008-m3-7-bfs-first/system/Results/info-after-format.txt: OK
./metadata-m3-c8-20261008-m3-7-bfs-first/system/Results/info.txt: OK
./metadata-m3-c8-20261008-m3-7-bfs-first/system/Results/pfs3.tsv: OK
./metadata-m3-c8-20261008-m3-7-bfs-first/system/Results/phase-bfs.txt: OK
./metadata-m3-c8-20261008-m3-7-bfs-first/system/Results/phase-pfs3.txt: OK
./metadata-m3-c8-20261008-m3-8-pfs3-first/bench.fs-uae: OK
./metadata-m3-c8-20261008-m3-8-pfs3-first/run.log: OK
./metadata-m3-c8-20261008-m3-8-pfs3-first/system/Results/bfs.tsv: OK
./metadata-m3-c8-20261008-m3-8-pfs3-first/system/Results/complete.txt: OK
./metadata-m3-c8-20261008-m3-8-pfs3-first/system/Results/format-pfs3.txt: OK
./metadata-m3-c8-20261008-m3-8-pfs3-first/system/Results/info-after-format.txt: OK
./metadata-m3-c8-20261008-m3-8-pfs3-first/system/Results/info.txt: OK
./metadata-m3-c8-20261008-m3-8-pfs3-first/system/Results/pfs3.tsv: OK
./metadata-m3-c8-20261008-m3-8-pfs3-first/system/Results/phase-bfs.txt: OK
./metadata-m3-c8-20261008-m3-8-pfs3-first/system/Results/phase-pfs3.txt: OK
./metadata-pilot-20261008-base-1-bfs-first/bench.fs-uae: OK
./metadata-pilot-20261008-base-1-bfs-first/run.log: OK
./metadata-pilot-20261008-base-1-bfs-first/system/Results/bfs.tsv: OK
./metadata-pilot-20261008-base-1-bfs-first/system/Results/complete.txt: OK
./metadata-pilot-20261008-base-1-bfs-first/system/Results/format-pfs3.txt: OK
./metadata-pilot-20261008-base-1-bfs-first/system/Results/info-after-format.txt: OK
./metadata-pilot-20261008-base-1-bfs-first/system/Results/info.txt: OK
./metadata-pilot-20261008-base-1-bfs-first/system/Results/pfs3.tsv: OK
./metadata-pilot-20261008-base-1-bfs-first/system/Results/phase-bfs.txt: OK
./metadata-pilot-20261008-base-1-bfs-first/system/Results/phase-pfs3.txt: OK
./metadata-v4-c8-20261008-base-1-bfs-first/bench.fs-uae: OK
./metadata-v4-c8-20261008-base-1-bfs-first/run.log: OK
./metadata-v4-c8-20261008-base-1-bfs-first/system/Results/bfs.tsv: OK
./metadata-v4-c8-20261008-base-1-bfs-first/system/Results/complete.txt: OK
./metadata-v4-c8-20261008-base-1-bfs-first/system/Results/format-pfs3.txt: OK
./metadata-v4-c8-20261008-base-1-bfs-first/system/Results/info-after-format.txt: OK
./metadata-v4-c8-20261008-base-1-bfs-first/system/Results/info.txt: OK
./metadata-v4-c8-20261008-base-1-bfs-first/system/Results/pfs3.tsv: OK
./metadata-v4-c8-20261008-base-1-bfs-first/system/Results/phase-bfs.txt: OK
./metadata-v4-c8-20261008-base-1-bfs-first/system/Results/phase-pfs3.txt: OK
./metadata-v4-c8-20261008-base-2-pfs3-first/bench.fs-uae: OK
./metadata-v4-c8-20261008-base-2-pfs3-first/run.log: OK
./metadata-v4-c8-20261008-base-2-pfs3-first/system/Results/bfs.tsv: OK
./metadata-v4-c8-20261008-base-2-pfs3-first/system/Results/complete.txt: OK
./metadata-v4-c8-20261008-base-2-pfs3-first/system/Results/format-pfs3.txt: OK
./metadata-v4-c8-20261008-base-2-pfs3-first/system/Results/info-after-format.txt: OK
./metadata-v4-c8-20261008-base-2-pfs3-first/system/Results/info.txt: OK
./metadata-v4-c8-20261008-base-2-pfs3-first/system/Results/pfs3.tsv: OK
./metadata-v4-c8-20261008-base-2-pfs3-first/system/Results/phase-bfs.txt: OK
./metadata-v4-c8-20261008-base-2-pfs3-first/system/Results/phase-pfs3.txt: OK
./metadata-v4-c8-20261008-base-3-bfs-first/bench.fs-uae: OK
./metadata-v4-c8-20261008-base-3-bfs-first/run.log: OK
./metadata-v4-c8-20261008-base-3-bfs-first/system/Results/bfs.tsv: OK
./metadata-v4-c8-20261008-base-3-bfs-first/system/Results/complete.txt: OK
./metadata-v4-c8-20261008-base-3-bfs-first/system/Results/format-pfs3.txt: OK
./metadata-v4-c8-20261008-base-3-bfs-first/system/Results/info-after-format.txt: OK
./metadata-v4-c8-20261008-base-3-bfs-first/system/Results/info.txt: OK
./metadata-v4-c8-20261008-base-3-bfs-first/system/Results/pfs3.tsv: OK
./metadata-v4-c8-20261008-base-3-bfs-first/system/Results/phase-bfs.txt: OK
./metadata-v4-c8-20261008-base-3-bfs-first/system/Results/phase-pfs3.txt: OK
./metadata-v4-c8-20261008-base-4-pfs3-first/bench.fs-uae: OK
./metadata-v4-c8-20261008-base-4-pfs3-first/run.log: OK
./metadata-v4-c8-20261008-base-4-pfs3-first/system/Results/bfs.tsv: OK
./metadata-v4-c8-20261008-base-4-pfs3-first/system/Results/complete.txt: OK
./metadata-v4-c8-20261008-base-4-pfs3-first/system/Results/format-pfs3.txt: OK
./metadata-v4-c8-20261008-base-4-pfs3-first/system/Results/info-after-format.txt: OK
./metadata-v4-c8-20261008-base-4-pfs3-first/system/Results/info.txt: OK
./metadata-v4-c8-20261008-base-4-pfs3-first/system/Results/pfs3.tsv: OK
./metadata-v4-c8-20261008-base-4-pfs3-first/system/Results/phase-bfs.txt: OK
./metadata-v4-c8-20261008-base-4-pfs3-first/system/Results/phase-pfs3.txt: OK
./metadata-v4-c8-20261008-base-5-bfs-first/bench.fs-uae: OK
./metadata-v4-c8-20261008-base-5-bfs-first/run.log: OK
./metadata-v4-c8-20261008-base-5-bfs-first/system/Results/bfs.tsv: OK
./metadata-v4-c8-20261008-base-5-bfs-first/system/Results/complete.txt: OK
./metadata-v4-c8-20261008-base-5-bfs-first/system/Results/format-pfs3.txt: OK
./metadata-v4-c8-20261008-base-5-bfs-first/system/Results/info-after-format.txt: OK
./metadata-v4-c8-20261008-base-5-bfs-first/system/Results/info.txt: OK
./metadata-v4-c8-20261008-base-5-bfs-first/system/Results/pfs3.tsv: OK
./metadata-v4-c8-20261008-base-5-bfs-first/system/Results/phase-bfs.txt: OK
./metadata-v4-c8-20261008-base-5-bfs-first/system/Results/phase-pfs3.txt: OK
./metadata-v4-c8-20261008-base-6-pfs3-first/bench.fs-uae: OK
./metadata-v4-c8-20261008-base-6-pfs3-first/run.log: OK
./metadata-v4-c8-20261008-base-6-pfs3-first/system/Results/bfs.tsv: OK
./metadata-v4-c8-20261008-base-6-pfs3-first/system/Results/complete.txt: OK
./metadata-v4-c8-20261008-base-6-pfs3-first/system/Results/format-pfs3.txt: OK
./metadata-v4-c8-20261008-base-6-pfs3-first/system/Results/info-after-format.txt: OK
./metadata-v4-c8-20261008-base-6-pfs3-first/system/Results/info.txt: OK
./metadata-v4-c8-20261008-base-6-pfs3-first/system/Results/pfs3.tsv: OK
./metadata-v4-c8-20261008-base-6-pfs3-first/system/Results/phase-bfs.txt: OK
./metadata-v4-c8-20261008-base-6-pfs3-first/system/Results/phase-pfs3.txt: OK
./metadata-v4-c8-20261008-base-7-bfs-first/bench.fs-uae: OK
./metadata-v4-c8-20261008-base-7-bfs-first/run.log: OK
./metadata-v4-c8-20261008-base-7-bfs-first/system/Results/bfs.tsv: OK
./metadata-v4-c8-20261008-base-7-bfs-first/system/Results/complete.txt: OK
./metadata-v4-c8-20261008-base-7-bfs-first/system/Results/format-pfs3.txt: OK
./metadata-v4-c8-20261008-base-7-bfs-first/system/Results/info-after-format.txt: OK
./metadata-v4-c8-20261008-base-7-bfs-first/system/Results/info.txt: OK
./metadata-v4-c8-20261008-base-7-bfs-first/system/Results/pfs3.tsv: OK
./metadata-v4-c8-20261008-base-7-bfs-first/system/Results/phase-bfs.txt: OK
./metadata-v4-c8-20261008-base-7-bfs-first/system/Results/phase-pfs3.txt: OK
./metadata-v4-c8-20261008-base-8-pfs3-first/bench.fs-uae: OK
./metadata-v4-c8-20261008-base-8-pfs3-first/run.log: OK
./metadata-v4-c8-20261008-base-8-pfs3-first/system/Results/bfs.tsv: OK
./metadata-v4-c8-20261008-base-8-pfs3-first/system/Results/complete.txt: OK
./metadata-v4-c8-20261008-base-8-pfs3-first/system/Results/format-pfs3.txt: OK
./metadata-v4-c8-20261008-base-8-pfs3-first/system/Results/info-after-format.txt: OK
./metadata-v4-c8-20261008-base-8-pfs3-first/system/Results/info.txt: OK
./metadata-v4-c8-20261008-base-8-pfs3-first/system/Results/pfs3.tsv: OK
./metadata-v4-c8-20261008-base-8-pfs3-first/system/Results/phase-bfs.txt: OK
./metadata-v4-c8-20261008-base-8-pfs3-first/system/Results/phase-pfs3.txt: OK
./metadata-v4-c8-20261008-m1b-1-bfs-first/bench.fs-uae: OK
./metadata-v4-c8-20261008-m1b-1-bfs-first/run.log: OK
./metadata-v4-c8-20261008-m1b-1-bfs-first/system/Results/bfs.tsv: OK
./metadata-v4-c8-20261008-m1b-1-bfs-first/system/Results/complete.txt: OK
./metadata-v4-c8-20261008-m1b-1-bfs-first/system/Results/format-pfs3.txt: OK
./metadata-v4-c8-20261008-m1b-1-bfs-first/system/Results/info-after-format.txt: OK
./metadata-v4-c8-20261008-m1b-1-bfs-first/system/Results/info.txt: OK
./metadata-v4-c8-20261008-m1b-1-bfs-first/system/Results/pfs3.tsv: OK
./metadata-v4-c8-20261008-m1b-1-bfs-first/system/Results/phase-bfs.txt: OK
./metadata-v4-c8-20261008-m1b-1-bfs-first/system/Results/phase-pfs3.txt: OK
./metadata-v4-c8-20261008-m1b-2-pfs3-first/bench.fs-uae: OK
./metadata-v4-c8-20261008-m1b-2-pfs3-first/run.log: OK
./metadata-v4-c8-20261008-m1b-2-pfs3-first/system/Results/bfs.tsv: OK
./metadata-v4-c8-20261008-m1b-2-pfs3-first/system/Results/complete.txt: OK
./metadata-v4-c8-20261008-m1b-2-pfs3-first/system/Results/format-pfs3.txt: OK
./metadata-v4-c8-20261008-m1b-2-pfs3-first/system/Results/info-after-format.txt: OK
./metadata-v4-c8-20261008-m1b-2-pfs3-first/system/Results/info.txt: OK
./metadata-v4-c8-20261008-m1b-2-pfs3-first/system/Results/pfs3.tsv: OK
./metadata-v4-c8-20261008-m1b-2-pfs3-first/system/Results/phase-bfs.txt: OK
./metadata-v4-c8-20261008-m1b-2-pfs3-first/system/Results/phase-pfs3.txt: OK
./metadata-v4-c8-20261008-m1b-3-bfs-first/bench.fs-uae: OK
./metadata-v4-c8-20261008-m1b-3-bfs-first/run.log: OK
./metadata-v4-c8-20261008-m1b-3-bfs-first/system/Results/bfs.tsv: OK
./metadata-v4-c8-20261008-m1b-3-bfs-first/system/Results/complete.txt: OK
./metadata-v4-c8-20261008-m1b-3-bfs-first/system/Results/format-pfs3.txt: OK
./metadata-v4-c8-20261008-m1b-3-bfs-first/system/Results/info-after-format.txt: OK
./metadata-v4-c8-20261008-m1b-3-bfs-first/system/Results/info.txt: OK
./metadata-v4-c8-20261008-m1b-3-bfs-first/system/Results/pfs3.tsv: OK
./metadata-v4-c8-20261008-m1b-3-bfs-first/system/Results/phase-bfs.txt: OK
./metadata-v4-c8-20261008-m1b-3-bfs-first/system/Results/phase-pfs3.txt: OK
./metadata-v4-c8-20261008-m1b-4-pfs3-first/bench.fs-uae: OK
./metadata-v4-c8-20261008-m1b-4-pfs3-first/run.log: OK
./metadata-v4-c8-20261008-m1b-4-pfs3-first/system/Results/bfs.tsv: OK
./metadata-v4-c8-20261008-m1b-4-pfs3-first/system/Results/complete.txt: OK
./metadata-v4-c8-20261008-m1b-4-pfs3-first/system/Results/format-pfs3.txt: OK
./metadata-v4-c8-20261008-m1b-4-pfs3-first/system/Results/info-after-format.txt: OK
./metadata-v4-c8-20261008-m1b-4-pfs3-first/system/Results/info.txt: OK
./metadata-v4-c8-20261008-m1b-4-pfs3-first/system/Results/pfs3.tsv: OK
./metadata-v4-c8-20261008-m1b-4-pfs3-first/system/Results/phase-bfs.txt: OK
./metadata-v4-c8-20261008-m1b-4-pfs3-first/system/Results/phase-pfs3.txt: OK
./metadata-v4-c8-20261008-m1b-5-bfs-first/bench.fs-uae: OK
./metadata-v4-c8-20261008-m1b-5-bfs-first/run.log: OK
./metadata-v4-c8-20261008-m1b-5-bfs-first/system/Results/bfs.tsv: OK
./metadata-v4-c8-20261008-m1b-5-bfs-first/system/Results/complete.txt: OK
./metadata-v4-c8-20261008-m1b-5-bfs-first/system/Results/format-pfs3.txt: OK
./metadata-v4-c8-20261008-m1b-5-bfs-first/system/Results/info-after-format.txt: OK
./metadata-v4-c8-20261008-m1b-5-bfs-first/system/Results/info.txt: OK
./metadata-v4-c8-20261008-m1b-5-bfs-first/system/Results/pfs3.tsv: OK
./metadata-v4-c8-20261008-m1b-5-bfs-first/system/Results/phase-bfs.txt: OK
./metadata-v4-c8-20261008-m1b-5-bfs-first/system/Results/phase-pfs3.txt: OK
./metadata-v4-c8-20261008-m1b-6-pfs3-first/bench.fs-uae: OK
./metadata-v4-c8-20261008-m1b-6-pfs3-first/run.log: OK
./metadata-v4-c8-20261008-m1b-6-pfs3-first/system/Results/bfs.tsv: OK
./metadata-v4-c8-20261008-m1b-6-pfs3-first/system/Results/complete.txt: OK
./metadata-v4-c8-20261008-m1b-6-pfs3-first/system/Results/format-pfs3.txt: OK
./metadata-v4-c8-20261008-m1b-6-pfs3-first/system/Results/info-after-format.txt: OK
./metadata-v4-c8-20261008-m1b-6-pfs3-first/system/Results/info.txt: OK
./metadata-v4-c8-20261008-m1b-6-pfs3-first/system/Results/pfs3.tsv: OK
./metadata-v4-c8-20261008-m1b-6-pfs3-first/system/Results/phase-bfs.txt: OK
./metadata-v4-c8-20261008-m1b-6-pfs3-first/system/Results/phase-pfs3.txt: OK
./metadata-v4-c8-20261008-m1b-7-bfs-first/bench.fs-uae: OK
./metadata-v4-c8-20261008-m1b-7-bfs-first/run.log: OK
./metadata-v4-c8-20261008-m1b-7-bfs-first/system/Results/bfs.tsv: OK
./metadata-v4-c8-20261008-m1b-7-bfs-first/system/Results/complete.txt: OK
./metadata-v4-c8-20261008-m1b-7-bfs-first/system/Results/format-pfs3.txt: OK
./metadata-v4-c8-20261008-m1b-7-bfs-first/system/Results/info-after-format.txt: OK
./metadata-v4-c8-20261008-m1b-7-bfs-first/system/Results/info.txt: OK
./metadata-v4-c8-20261008-m1b-7-bfs-first/system/Results/pfs3.tsv: OK
./metadata-v4-c8-20261008-m1b-7-bfs-first/system/Results/phase-bfs.txt: OK
./metadata-v4-c8-20261008-m1b-7-bfs-first/system/Results/phase-pfs3.txt: OK
./metadata-v4-c8-20261008-m1b-8-pfs3-first/bench.fs-uae: OK
./metadata-v4-c8-20261008-m1b-8-pfs3-first/run.log: OK
./metadata-v4-c8-20261008-m1b-8-pfs3-first/system/Results/bfs.tsv: OK
./metadata-v4-c8-20261008-m1b-8-pfs3-first/system/Results/complete.txt: OK
./metadata-v4-c8-20261008-m1b-8-pfs3-first/system/Results/format-pfs3.txt: OK
./metadata-v4-c8-20261008-m1b-8-pfs3-first/system/Results/info-after-format.txt: OK
./metadata-v4-c8-20261008-m1b-8-pfs3-first/system/Results/info.txt: OK
./metadata-v4-c8-20261008-m1b-8-pfs3-first/system/Results/pfs3.tsv: OK
./metadata-v4-c8-20261008-m1b-8-pfs3-first/system/Results/phase-bfs.txt: OK
./metadata-v4-c8-20261008-m1b-8-pfs3-first/system/Results/phase-pfs3.txt: OK
./metadata-v4-c8-20261008-m2-1-bfs-first/bench.fs-uae: OK
./metadata-v4-c8-20261008-m2-1-bfs-first/run.log: OK
./metadata-v4-c8-20261008-m2-1-bfs-first/system/Results/bfs.tsv: OK
./metadata-v4-c8-20261008-m2-1-bfs-first/system/Results/complete.txt: OK
./metadata-v4-c8-20261008-m2-1-bfs-first/system/Results/format-pfs3.txt: OK
./metadata-v4-c8-20261008-m2-1-bfs-first/system/Results/info-after-format.txt: OK
./metadata-v4-c8-20261008-m2-1-bfs-first/system/Results/info.txt: OK
./metadata-v4-c8-20261008-m2-1-bfs-first/system/Results/pfs3.tsv: OK
./metadata-v4-c8-20261008-m2-1-bfs-first/system/Results/phase-bfs.txt: OK
./metadata-v4-c8-20261008-m2-1-bfs-first/system/Results/phase-pfs3.txt: OK
./metadata-v4-c8-20261008-m2-2-pfs3-first/bench.fs-uae: OK
./metadata-v4-c8-20261008-m2-2-pfs3-first/run.log: OK
./metadata-v4-c8-20261008-m2-2-pfs3-first/system/Results/bfs.tsv: OK
./metadata-v4-c8-20261008-m2-2-pfs3-first/system/Results/complete.txt: OK
./metadata-v4-c8-20261008-m2-2-pfs3-first/system/Results/format-pfs3.txt: OK
./metadata-v4-c8-20261008-m2-2-pfs3-first/system/Results/info-after-format.txt: OK
./metadata-v4-c8-20261008-m2-2-pfs3-first/system/Results/info.txt: OK
./metadata-v4-c8-20261008-m2-2-pfs3-first/system/Results/pfs3.tsv: OK
./metadata-v4-c8-20261008-m2-2-pfs3-first/system/Results/phase-bfs.txt: OK
./metadata-v4-c8-20261008-m2-2-pfs3-first/system/Results/phase-pfs3.txt: OK
./metadata-v4-c8-20261008-m2-3-bfs-first/bench.fs-uae: OK
./metadata-v4-c8-20261008-m2-3-bfs-first/run.log: OK
./metadata-v4-c8-20261008-m2-3-bfs-first/system/Results/bfs.tsv: OK
./metadata-v4-c8-20261008-m2-3-bfs-first/system/Results/complete.txt: OK
./metadata-v4-c8-20261008-m2-3-bfs-first/system/Results/format-pfs3.txt: OK
./metadata-v4-c8-20261008-m2-3-bfs-first/system/Results/info-after-format.txt: OK
./metadata-v4-c8-20261008-m2-3-bfs-first/system/Results/info.txt: OK
./metadata-v4-c8-20261008-m2-3-bfs-first/system/Results/pfs3.tsv: OK
./metadata-v4-c8-20261008-m2-3-bfs-first/system/Results/phase-bfs.txt: OK
./metadata-v4-c8-20261008-m2-3-bfs-first/system/Results/phase-pfs3.txt: OK
./metadata-v4-c8-20261008-m2-4-pfs3-first/bench.fs-uae: OK
./metadata-v4-c8-20261008-m2-4-pfs3-first/run.log: OK
./metadata-v4-c8-20261008-m2-4-pfs3-first/system/Results/bfs.tsv: OK
./metadata-v4-c8-20261008-m2-4-pfs3-first/system/Results/complete.txt: OK
./metadata-v4-c8-20261008-m2-4-pfs3-first/system/Results/format-pfs3.txt: OK
./metadata-v4-c8-20261008-m2-4-pfs3-first/system/Results/info-after-format.txt: OK
./metadata-v4-c8-20261008-m2-4-pfs3-first/system/Results/info.txt: OK
./metadata-v4-c8-20261008-m2-4-pfs3-first/system/Results/pfs3.tsv: OK
./metadata-v4-c8-20261008-m2-4-pfs3-first/system/Results/phase-bfs.txt: OK
./metadata-v4-c8-20261008-m2-4-pfs3-first/system/Results/phase-pfs3.txt: OK
./metadata-v4-c8-20261008-m2-5-bfs-first/bench.fs-uae: OK
./metadata-v4-c8-20261008-m2-5-bfs-first/run.log: OK
./metadata-v4-c8-20261008-m2-5-bfs-first/system/Results/bfs.tsv: OK
./metadata-v4-c8-20261008-m2-5-bfs-first/system/Results/complete.txt: OK
./metadata-v4-c8-20261008-m2-5-bfs-first/system/Results/format-pfs3.txt: OK
./metadata-v4-c8-20261008-m2-5-bfs-first/system/Results/info-after-format.txt: OK
./metadata-v4-c8-20261008-m2-5-bfs-first/system/Results/info.txt: OK
./metadata-v4-c8-20261008-m2-5-bfs-first/system/Results/pfs3.tsv: OK
./metadata-v4-c8-20261008-m2-5-bfs-first/system/Results/phase-bfs.txt: OK
./metadata-v4-c8-20261008-m2-5-bfs-first/system/Results/phase-pfs3.txt: OK
./metadata-v4-c8-20261008-m2-6-pfs3-first/bench.fs-uae: OK
./metadata-v4-c8-20261008-m2-6-pfs3-first/run.log: OK
./metadata-v4-c8-20261008-m2-6-pfs3-first/system/Results/bfs.tsv: OK
./metadata-v4-c8-20261008-m2-6-pfs3-first/system/Results/complete.txt: OK
./metadata-v4-c8-20261008-m2-6-pfs3-first/system/Results/format-pfs3.txt: OK
./metadata-v4-c8-20261008-m2-6-pfs3-first/system/Results/info-after-format.txt: OK
./metadata-v4-c8-20261008-m2-6-pfs3-first/system/Results/info.txt: OK
./metadata-v4-c8-20261008-m2-6-pfs3-first/system/Results/pfs3.tsv: OK
./metadata-v4-c8-20261008-m2-6-pfs3-first/system/Results/phase-bfs.txt: OK
./metadata-v4-c8-20261008-m2-6-pfs3-first/system/Results/phase-pfs3.txt: OK
./metadata-v4-c8-20261008-m2-7-bfs-first/bench.fs-uae: OK
./metadata-v4-c8-20261008-m2-7-bfs-first/run.log: OK
./metadata-v4-c8-20261008-m2-7-bfs-first/system/Results/bfs.tsv: OK
./metadata-v4-c8-20261008-m2-7-bfs-first/system/Results/complete.txt: OK
./metadata-v4-c8-20261008-m2-7-bfs-first/system/Results/format-pfs3.txt: OK
./metadata-v4-c8-20261008-m2-7-bfs-first/system/Results/info-after-format.txt: OK
./metadata-v4-c8-20261008-m2-7-bfs-first/system/Results/info.txt: OK
./metadata-v4-c8-20261008-m2-7-bfs-first/system/Results/pfs3.tsv: OK
./metadata-v4-c8-20261008-m2-7-bfs-first/system/Results/phase-bfs.txt: OK
./metadata-v4-c8-20261008-m2-7-bfs-first/system/Results/phase-pfs3.txt: OK
./metadata-v4-c8-20261008-m2-8-pfs3-first/bench.fs-uae: OK
./metadata-v4-c8-20261008-m2-8-pfs3-first/run.log: OK
./metadata-v4-c8-20261008-m2-8-pfs3-first/system/Results/bfs.tsv: OK
./metadata-v4-c8-20261008-m2-8-pfs3-first/system/Results/complete.txt: OK
./metadata-v4-c8-20261008-m2-8-pfs3-first/system/Results/format-pfs3.txt: OK
./metadata-v4-c8-20261008-m2-8-pfs3-first/system/Results/info-after-format.txt: OK
./metadata-v4-c8-20261008-m2-8-pfs3-first/system/Results/info.txt: OK
./metadata-v4-c8-20261008-m2-8-pfs3-first/system/Results/pfs3.tsv: OK
./metadata-v4-c8-20261008-m2-8-pfs3-first/system/Results/phase-bfs.txt: OK
./metadata-v4-c8-20261008-m2-8-pfs3-first/system/Results/phase-pfs3.txt: OK
./metadata-v4-pilot-20261008-base-1-bfs-first/bench.fs-uae: OK
./metadata-v4-pilot-20261008-base-1-bfs-first/run.log: OK
./metadata-v4-pilot-20261008-base-1-bfs-first/system/Results/bfs.tsv: OK
./metadata-v4-pilot-20261008-base-1-bfs-first/system/Results/complete.txt: OK
./metadata-v4-pilot-20261008-base-1-bfs-first/system/Results/format-pfs3.txt: OK
./metadata-v4-pilot-20261008-base-1-bfs-first/system/Results/info-after-format.txt: OK
./metadata-v4-pilot-20261008-base-1-bfs-first/system/Results/info.txt: OK
./metadata-v4-pilot-20261008-base-1-bfs-first/system/Results/pfs3.tsv: OK
./metadata-v4-pilot-20261008-base-1-bfs-first/system/Results/phase-bfs.txt: OK
./metadata-v4-pilot-20261008-base-1-bfs-first/system/Results/phase-pfs3.txt: OK
./metadata-v4-pilot-20261008-m2-1-bfs-first/bench.fs-uae: OK
./metadata-v4-pilot-20261008-m2-1-bfs-first/run.log: OK
./metadata-v4-pilot-20261008-m2-1-bfs-first/system/Results/bfs.tsv: OK
./metadata-v4-pilot-20261008-m2-1-bfs-first/system/Results/complete.txt: OK
./metadata-v4-pilot-20261008-m2-1-bfs-first/system/Results/format-pfs3.txt: OK
./metadata-v4-pilot-20261008-m2-1-bfs-first/system/Results/info-after-format.txt: OK
./metadata-v4-pilot-20261008-m2-1-bfs-first/system/Results/info.txt: OK
./metadata-v4-pilot-20261008-m2-1-bfs-first/system/Results/pfs3.tsv: OK
./metadata-v4-pilot-20261008-m2-1-bfs-first/system/Results/phase-bfs.txt: OK
./metadata-v4-pilot-20261008-m2-1-bfs-first/system/Results/phase-pfs3.txt: OK
./profile-and-core-source.patch: OK
./profile-build.log: OK
./profile-guest-build.log: OK
./profile-remote-verification-final.log: OK
./profile-source-identities.txt: OK
./profile-summary.py: OK
./profile-summary.tsv: OK
./profile-verifier-final.log: OK
./profile-verifier.log: OK
./schema4-summary.tsv: OK
./summarize.py: OK
./type-sizes-host.s: OK
./type-sizes-m68k.s: OK
./type-sizes.c: OK
