=== BFS vs PFS3 Benchmark (FS-UAE 68040) ===
Evidence directory: /home/fabian/.cache/bfs-performance/writeback-2026-10-10.sKa6aK/results/writeback-4-pfs3-first-candidate
Mode: compare
Timeout: 600s


=== Machine Info ===
# Machine Info
Kickstart 47.102, Workbench 47.2
System: 68040 68040/060-FPU   (INST: Cache Burst) (DATA: NoCache NoBurst)
Type  Available    In-Use   Maximum   Largest
chip    2028040     52728   2080768   2027968
fast    7532616    855992   8388608   7527544
total   9560656    908720  10469376   7527544


Mounted disks:
Unit      Size       Used       Free Full Errs   Status   Name
DF0       No disk present
DH0      4095M    4194304    4194303  50%   0  Read/Write System
DH1       255M         36      65372   0%   0  Read/Write BFSTest
DH2       Not a DOS disk

Volumes available:
BFSTest [Mounted]
System [Mounted]

=== BFS Results ===
FS_COMPARE_BENCH	4
DRIVE	DH1:
SMALL_CREATE_40_US	34560
LOOKUP_400_US	59136
SMALL_READ_40_US	17536
LIST_EXNEXT_400_US	27328
LIST_EXALL_400_US	7872
SEQ_WRITE_8M_US	29061
SEQ_READ_8M_US	262846
SMALL_DELETE_40_US	13888
APPEND_4K_1M_US	63039
APPEND_1K_256K_US	72065
APPEND_READ_1280K_US	62143
LIST_EXNEXT_40_ENTRIES_FIRST_PASS_US	4415
LIST_EXNEXT_40_ENTRIES_REPEAT10_TOTAL_US	29311
LIST_EXALL_40_ENTRIES_FIRST_PASS_US	2175
LIST_EXALL_40_ENTRIES_REPEAT10_TOTAL_US	8577
LIST_EXNEXT_400_ENTRIES_FIRST_PASS_US	37694
LIST_EXNEXT_400_ENTRIES_REPEAT10_TOTAL_US	288575
LIST_EXALL_400_ENTRIES_FIRST_PASS_US	16129
LIST_EXALL_400_ENTRIES_REPEAT10_TOTAL_US	82624
LIST_EXNEXT_1000_ENTRIES_FIRST_PASS_US	99136
LIST_EXNEXT_1000_ENTRIES_REPEAT10_TOTAL_US	734140
LIST_EXALL_1000_ENTRIES_FIRST_PASS_US	39040
LIST_EXALL_1000_ENTRIES_REPEAT10_TOTAL_US	214719
PASS	1

=== PFS3 Results ===
FS_COMPARE_BENCH	4
DRIVE	DH2:
SMALL_CREATE_40_US	16962
LOOKUP_400_US	66048
SMALL_READ_40_US	14143
LIST_EXNEXT_400_US	11905
LIST_EXALL_400_US	2688
SEQ_WRITE_8M_US	41151
SEQ_READ_8M_US	260031
SMALL_DELETE_40_US	10625
APPEND_4K_1M_US	39168
APPEND_1K_256K_US	23552
APPEND_READ_1280K_US	40769
LIST_EXNEXT_40_ENTRIES_FIRST_PASS_US	1600
LIST_EXNEXT_40_ENTRIES_REPEAT10_TOTAL_US	11905
LIST_EXALL_40_ENTRIES_FIRST_PASS_US	577
LIST_EXALL_40_ENTRIES_REPEAT10_TOTAL_US	2944
LIST_EXNEXT_400_ENTRIES_FIRST_PASS_US	13311
LIST_EXNEXT_400_ENTRIES_REPEAT10_TOTAL_US	124608
LIST_EXALL_400_ENTRIES_FIRST_PASS_US	2817
LIST_EXALL_400_ENTRIES_REPEAT10_TOTAL_US	20480
LIST_EXNEXT_1000_ENTRIES_FIRST_PASS_US	32448
LIST_EXNEXT_1000_ENTRIES_REPEAT10_TOTAL_US	279166
LIST_EXALL_1000_ENTRIES_FIRST_PASS_US	7257
LIST_EXALL_1000_ENTRIES_REPEAT10_TOTAL_US	52543
PASS	1
PASS: requested mounted-volume workload outputs are complete and data-checked
