=== BFS vs PFS3 Benchmark (FS-UAE 68040) ===
Evidence directory: /tmp/bfs-perf-crc.UBHsLz/noop-cachy-baseline-bfs-first
Mode: compare
Timeout: 300s


=== Machine Info ===
# Machine Info
Kickstart 47.102, Workbench 47.2
System: 68040 68040/060-FPU   (INST: Cache Burst) (DATA: NoCache NoBurst)
Type  Available    In-Use   Maximum   Largest
chip    2028040     52728   2080768   2027968
fast    7740928    647680   8388608   7735872
total   9768968    700408  10469376   7735872


Mounted disks:
Unit      Size       Used       Free Full Errs   Status   Name
DF0       No disk present
DH0      4095M    4194304    4194303  50%   0  Read/Write System
DH1       255M         36      65372   0%   0  Read/Write BFSTest
DH2       Not a DOS disk

Volumes available:
BFSTest [Mounted]
System [Mounted]

=== BFS Results ===
FS_COMPARE_BENCH	1
DRIVE	DH1:
SMALL_CREATE_40_US	503101
LOOKUP_400_US	165951
SMALL_READ_40_US	68479
SEQ_WRITE_8M_US	816252
SEQ_READ_8M_US	684476
SMALL_DELETE_40_US	454014
PASS	1

=== PFS3 Results ===
FS_COMPARE_BENCH	1
DRIVE	DH2:
SMALL_CREATE_40_US	16000
LOOKUP_400_US	67071
SMALL_READ_40_US	13825
SEQ_WRITE_8M_US	36288
SEQ_READ_8M_US	280649
SMALL_DELETE_40_US	9216
PASS	1
PASS: requested mounted-volume workload outputs are complete and data-checked
=== BFS vs PFS3 Benchmark (FS-UAE 68040) ===
Evidence directory: /tmp/bfs-perf-crc.UBHsLz/noop-cachy-candidate-pfs3-first
Mode: compare
Timeout: 300s


=== Machine Info ===
# Machine Info
Kickstart 47.102, Workbench 47.2
System: 68040 68040/060-FPU   (INST: Cache Burst) (DATA: NoCache NoBurst)
Type  Available    In-Use   Maximum   Largest
chip    2028040     52728   2080768   2027968
fast    7740888    647720   8388608   7735832
total   9768928    700448  10469376   7735832


Mounted disks:
Unit      Size       Used       Free Full Errs   Status   Name
DF0       No disk present
DH0      4095M    4194304    4194303  50%   0  Read/Write System
DH1       255M         36      65372   0%   0  Read/Write BFSTest
DH2       Not a DOS disk

Volumes available:
BFSTest [Mounted]
System [Mounted]

=== BFS Results ===
FS_COMPARE_BENCH	1
DRIVE	DH1:
SMALL_CREATE_40_US	450871
LOOKUP_400_US	133247
SMALL_READ_40_US	61888
SEQ_WRITE_8M_US	581820
SEQ_READ_8M_US	731836
SMALL_DELETE_40_US	389758
PASS	1

=== PFS3 Results ===
FS_COMPARE_BENCH	1
DRIVE	DH2:
SMALL_CREATE_40_US	15617
LOOKUP_400_US	66305
SMALL_READ_40_US	14528
SEQ_WRITE_8M_US	35968
SEQ_READ_8M_US	257598
SMALL_DELETE_40_US	10112
PASS	1
PASS: requested mounted-volume workload outputs are complete and data-checked
=== BFS vs PFS3 Benchmark (FS-UAE 68040) ===
Evidence directory: /tmp/bfs-perf-crc.UBHsLz/noop-cachy-baseline-pfs3-first
Mode: compare
Timeout: 300s


=== Machine Info ===
# Machine Info
Kickstart 47.102, Workbench 47.2
System: 68040 68040/060-FPU   (INST: Cache Burst) (DATA: NoCache NoBurst)
Type  Available    In-Use   Maximum   Largest
chip    2028040     52728   2080768   2027968
fast    7740928    647680   8388608   7735872
total   9768968    700408  10469376   7735872


Mounted disks:
Unit      Size       Used       Free Full Errs   Status   Name
DF0       No disk present
DH0      4095M    4194304    4194303  50%   0  Read/Write System
DH1       255M         36      65372   0%   0  Read/Write BFSTest
DH2       Not a DOS disk

Volumes available:
BFSTest [Mounted]
System [Mounted]

=== BFS Results ===
FS_COMPARE_BENCH	1
DRIVE	DH1:
SMALL_CREATE_40_US	500032
LOOKUP_400_US	133696
SMALL_READ_40_US	63103
SEQ_WRITE_8M_US	691196
SEQ_READ_8M_US	722621
SMALL_DELETE_40_US	475582
PASS	1

=== PFS3 Results ===
FS_COMPARE_BENCH	1
DRIVE	DH2:
SMALL_CREATE_40_US	15871
LOOKUP_400_US	66497
SMALL_READ_40_US	13633
SEQ_WRITE_8M_US	36480
SEQ_READ_8M_US	323646
SMALL_DELETE_40_US	8065
PASS	1
PASS: requested mounted-volume workload outputs are complete and data-checked
=== BFS vs PFS3 Benchmark (FS-UAE 68040) ===
Evidence directory: /tmp/bfs-perf-crc.UBHsLz/noop-cachy-candidate-bfs-first
Mode: compare
Timeout: 300s


=== Machine Info ===
# Machine Info
Kickstart 47.102, Workbench 47.2
System: 68040 68040/060-FPU   (INST: Cache Burst) (DATA: NoCache NoBurst)
Type  Available    In-Use   Maximum   Largest
chip    2028040     52728   2080768   2027968
fast    7740888    647720   8388608   7735832
total   9768928    700448  10469376   7735832


Mounted disks:
Unit      Size       Used       Free Full Errs   Status   Name
DF0       No disk present
DH0      4095M    4194304    4194303  50%   0  Read/Write System
DH1       255M         36      65372   0%   0  Read/Write BFSTest
DH2       Not a DOS disk

Volumes available:
BFSTest [Mounted]
System [Mounted]

=== BFS Results ===
FS_COMPARE_BENCH	1
DRIVE	DH1:
SMALL_CREATE_40_US	478973
LOOKUP_400_US	137150
SMALL_READ_40_US	65279
SEQ_WRITE_8M_US	615216
SEQ_READ_8M_US	748731
SMALL_DELETE_40_US	424702
PASS	1

=== PFS3 Results ===
FS_COMPARE_BENCH	1
DRIVE	DH2:
SMALL_CREATE_40_US	17345
LOOKUP_400_US	66560
SMALL_READ_40_US	14784
SEQ_WRITE_8M_US	38208
SEQ_READ_8M_US	300605
SMALL_DELETE_40_US	22656
PASS	1
PASS: requested mounted-volume workload outputs are complete and data-checked
