=== BFS vs PFS3 Benchmark (FS-UAE 68040) ===
Evidence directory: /home/fabian/.cache/bfs-performance/append-attr-2026-10-10.XtdDJw/results/append-prod-6-pfs3-first-ref
Mode: compare
Timeout: 600s


=== Machine Info ===
# Machine Info
Kickstart 47.102, Workbench 47.2
System: 68040 68040/060-FPU   (INST: Cache Burst) (DATA: NoCache NoBurst)
Type  Available    In-Use   Maximum   Largest
chip    2028040     52728   2080768   2027968
fast    7532616    855992   8388608   7527544
total   9560656    908720  10469376   7527544


Mounted disks:
Unit      Size       Used       Free Full Errs   Status   Name
DF0       No disk present
DH0      4095M    4194304    4194303  50%   0  Read/Write System
DH1       255M         36      65372   0%   0  Read/Write BFSTest
DH2       Not a DOS disk

Volumes available:
BFSTest [Mounted]
System [Mounted]

=== BFS Results ===
FS_COMPARE_BENCH	4
DRIVE	DH1:
SMALL_CREATE_40_US	39680
LOOKUP_400_US	111743
SMALL_READ_40_US	19969
LIST_EXNEXT_400_US	27839
LIST_EXALL_400_US	7743
SEQ_WRITE_8M_US	30976
SEQ_READ_8M_US	272510
SMALL_DELETE_40_US	13569
APPEND_4K_1M_US	55615
APPEND_1K_256K_US	45504
APPEND_READ_1280K_US	43584
LIST_EXNEXT_40_ENTRIES_FIRST_PASS_US	4544
LIST_EXNEXT_40_ENTRIES_REPEAT10_TOTAL_US	29248
LIST_EXALL_40_ENTRIES_FIRST_PASS_US	1728
LIST_EXALL_40_ENTRIES_REPEAT10_TOTAL_US	9025
LIST_EXNEXT_400_ENTRIES_FIRST_PASS_US	38465
LIST_EXNEXT_400_ENTRIES_REPEAT10_TOTAL_US	291390
LIST_EXALL_400_ENTRIES_FIRST_PASS_US	17088
LIST_EXALL_400_ENTRIES_REPEAT10_TOTAL_US	79295
LIST_EXNEXT_1000_ENTRIES_FIRST_PASS_US	100544
LIST_EXNEXT_1000_ENTRIES_REPEAT10_TOTAL_US	810939
LIST_EXALL_1000_ENTRIES_FIRST_PASS_US	40768
LIST_EXALL_1000_ENTRIES_REPEAT10_TOTAL_US	195966
PASS	1

=== PFS3 Results ===
FS_COMPARE_BENCH	4
DRIVE	DH2:
SMALL_CREATE_40_US	16576
LOOKUP_400_US	65855
SMALL_READ_40_US	14528
LIST_EXNEXT_400_US	11967
LIST_EXALL_400_US	2433
SEQ_WRITE_8M_US	41796
SEQ_READ_8M_US	267390
SMALL_DELETE_40_US	7680
APPEND_4K_1M_US	33345
APPEND_1K_256K_US	23423
APPEND_READ_1280K_US	41153
LIST_EXNEXT_40_ENTRIES_FIRST_PASS_US	1793
LIST_EXNEXT_40_ENTRIES_REPEAT10_TOTAL_US	12543
LIST_EXALL_40_ENTRIES_FIRST_PASS_US	575
LIST_EXALL_40_ENTRIES_REPEAT10_TOTAL_US	2495
LIST_EXNEXT_400_ENTRIES_FIRST_PASS_US	13440
LIST_EXNEXT_400_ENTRIES_REPEAT10_TOTAL_US	113087
LIST_EXALL_400_ENTRIES_FIRST_PASS_US	4095
LIST_EXALL_400_ENTRIES_REPEAT10_TOTAL_US	20800
LIST_EXNEXT_1000_ENTRIES_FIRST_PASS_US	31935
LIST_EXNEXT_1000_ENTRIES_REPEAT10_TOTAL_US	296893
LIST_EXALL_1000_ENTRIES_FIRST_PASS_US	12096
LIST_EXALL_1000_ENTRIES_REPEAT10_TOTAL_US	51265
PASS	1
PASS: requested mounted-volume workload outputs are complete and data-checked
