=== BFS vs PFS3 Benchmark (FS-UAE 68040) ===
Evidence directory: /home/fabian/.cache/bfs-performance/sparse-crc-2026-10-09.xN615F/candidate/build/benchmark/sparse-confirmation-20261009/confirm-normal-sparse-2-pfs3-first
Mode: compare
Timeout: 600s


=== Machine Info ===
# Machine Info
Kickstart 47.102, Workbench 47.2
System: 68040 68040/060-FPU   (INST: Cache Burst) (DATA: NoCache NoBurst)
Type  Available    In-Use   Maximum   Largest
chip    2028040     52728   2080768   2027968
fast    7686824    701784   8388608   7681768
total   9714864    754512  10469376   7681768


Mounted disks:
Unit      Size       Used       Free Full Errs   Status   Name
DF0       No disk present
DH0      4095M    4194304    4194303  50%   0  Read/Write System
DH1       255M         36      65372   0%   0  Read/Write BFSTest
DH2       Not a DOS disk

Volumes available:
BFSTest [Mounted]
System [Mounted]

=== BFS Results ===
FS_COMPARE_BENCH	4
DRIVE	DH1:
SMALL_CREATE_40_US	29824
LOOKUP_400_US	81407
SMALL_READ_40_US	21103
LIST_EXNEXT_400_US	30785
LIST_EXALL_400_US	9280
SEQ_WRITE_8M_US	37870
SEQ_READ_8M_US	374206
SMALL_DELETE_40_US	20608
APPEND_4K_1M_US	78783
APPEND_1K_256K_US	62016
APPEND_READ_1280K_US	44548
LIST_EXNEXT_40_ENTRIES_FIRST_PASS_US	5952
LIST_EXNEXT_40_ENTRIES_REPEAT10_TOTAL_US	31551
LIST_EXALL_40_ENTRIES_FIRST_PASS_US	4287
LIST_EXALL_40_ENTRIES_REPEAT10_TOTAL_US	9855
LIST_EXNEXT_400_ENTRIES_FIRST_PASS_US	52928
LIST_EXNEXT_400_ENTRIES_REPEAT10_TOTAL_US	581180
LIST_EXALL_400_ENTRIES_FIRST_PASS_US	32256
LIST_EXALL_400_ENTRIES_REPEAT10_TOTAL_US	334718
LIST_EXNEXT_1000_ENTRIES_FIRST_PASS_US	143423
LIST_EXNEXT_1000_ENTRIES_REPEAT10_TOTAL_US	1394552
LIST_EXALL_1000_ENTRIES_FIRST_PASS_US	78336
LIST_EXALL_1000_ENTRIES_REPEAT10_TOTAL_US	810747
PASS	1

=== PFS3 Results ===
FS_COMPARE_BENCH	4
DRIVE	DH2:
SMALL_CREATE_40_US	17984
LOOKUP_400_US	67440
SMALL_READ_40_US	14080
LIST_EXNEXT_400_US	12160
LIST_EXALL_400_US	2496
SEQ_WRITE_8M_US	40640
SEQ_READ_8M_US	265214
SMALL_DELETE_40_US	8063
APPEND_4K_1M_US	33151
APPEND_1K_256K_US	23424
APPEND_READ_1280K_US	42624
LIST_EXNEXT_40_ENTRIES_FIRST_PASS_US	1791
LIST_EXNEXT_40_ENTRIES_REPEAT10_TOTAL_US	12160
LIST_EXALL_40_ENTRIES_FIRST_PASS_US	512
LIST_EXALL_40_ENTRIES_REPEAT10_TOTAL_US	2944
LIST_EXNEXT_400_ENTRIES_FIRST_PASS_US	13057
LIST_EXNEXT_400_ENTRIES_REPEAT10_TOTAL_US	138047
LIST_EXALL_400_ENTRIES_FIRST_PASS_US	2880
LIST_EXALL_400_ENTRIES_REPEAT10_TOTAL_US	20608
LIST_EXNEXT_1000_ENTRIES_FIRST_PASS_US	33408
LIST_EXNEXT_1000_ENTRIES_REPEAT10_TOTAL_US	282175
LIST_EXALL_1000_ENTRIES_FIRST_PASS_US	7231
LIST_EXALL_1000_ENTRIES_REPEAT10_TOTAL_US	73663
PASS	1
PASS: requested mounted-volume workload outputs are complete and data-checked
