=== BFS vs PFS3 Benchmark (FS-UAE 68040) ===
Evidence directory: /home/fabian/.cache/bfs-performance/scan-admission-2026-10-09.VxOoB5/candidate/build/benchmark/admission-pilot-normal-20261009-m5-1-bfs-first
Mode: compare
Timeout: 600s


=== Machine Info ===
# Machine Info
Kickstart 47.102, Workbench 47.2
System: 68040 68040/060-FPU   (INST: Cache Burst) (DATA: NoCache NoBurst)
Type  Available    In-Use   Maximum   Largest
chip    2028040     52728   2080768   2027968
fast    7687256    701352   8388608   7682200
total   9715296    754080  10469376   7682200


Mounted disks:
Unit      Size       Used       Free Full Errs   Status   Name
DF0       No disk present
DH0      4095M    4194304    4194303  50%   0  Read/Write System
DH1       255M         36      65372   0%   0  Read/Write BFSTest
DH2       Not a DOS disk

Volumes available:
BFSTest [Mounted]
System [Mounted]

=== BFS Results ===
FS_COMPARE_BENCH	4
DRIVE	DH1:
SMALL_CREATE_40_US	32833
LOOKUP_400_US	80447
SMALL_READ_40_US	22337
LIST_EXNEXT_400_US	31040
LIST_EXALL_400_US	9280
SEQ_WRITE_8M_US	38400
SEQ_READ_8M_US	252670
SMALL_DELETE_40_US	17536
APPEND_4K_1M_US	73215
APPEND_1K_256K_US	62273
APPEND_READ_1280K_US	43520
LIST_EXNEXT_40_ENTRIES_FIRST_PASS_US	7488
LIST_EXNEXT_40_ENTRIES_REPEAT10_TOTAL_US	32319
LIST_EXALL_40_ENTRIES_FIRST_PASS_US	3456
LIST_EXALL_40_ENTRIES_REPEAT10_TOTAL_US	9535
LIST_EXNEXT_400_ENTRIES_FIRST_PASS_US	56511
LIST_EXNEXT_400_ENTRIES_REPEAT10_TOTAL_US	577597
LIST_EXALL_400_ENTRIES_FIRST_PASS_US	34241
LIST_EXALL_400_ENTRIES_REPEAT10_TOTAL_US	351678
LIST_EXNEXT_1000_ENTRIES_FIRST_PASS_US	145276
LIST_EXNEXT_1000_ENTRIES_REPEAT10_TOTAL_US	1480951
LIST_EXALL_1000_ENTRIES_FIRST_PASS_US	87039
LIST_EXALL_1000_ENTRIES_REPEAT10_TOTAL_US	841147
PASS	1

=== PFS3 Results ===
FS_COMPARE_BENCH	4
DRIVE	DH2:
SMALL_CREATE_40_US	24704
LOOKUP_400_US	86208
SMALL_READ_40_US	14528
LIST_EXNEXT_400_US	12033
LIST_EXALL_400_US	2432
SEQ_WRITE_8M_US	42240
SEQ_READ_8M_US	293887
SMALL_DELETE_40_US	11308
APPEND_4K_1M_US	33983
APPEND_1K_256K_US	23617
APPEND_READ_1280K_US	40768
LIST_EXNEXT_40_ENTRIES_FIRST_PASS_US	3137
LIST_EXNEXT_40_ENTRIES_REPEAT10_TOTAL_US	15232
LIST_EXALL_40_ENTRIES_FIRST_PASS_US	640
LIST_EXALL_40_ENTRIES_REPEAT10_TOTAL_US	2496
LIST_EXNEXT_400_ENTRIES_FIRST_PASS_US	15065
LIST_EXNEXT_400_ENTRIES_REPEAT10_TOTAL_US	124543
LIST_EXALL_400_ENTRIES_FIRST_PASS_US	2943
LIST_EXALL_400_ENTRIES_REPEAT10_TOTAL_US	20545
LIST_EXNEXT_1000_ENTRIES_FIRST_PASS_US	43583
LIST_EXNEXT_1000_ENTRIES_REPEAT10_TOTAL_US	352510
LIST_EXALL_1000_ENTRIES_FIRST_PASS_US	7040
LIST_EXALL_1000_ENTRIES_REPEAT10_TOTAL_US	50560
PASS	1
PASS: requested mounted-volume workload outputs are complete and data-checked
