=== BFS vs PFS3 Benchmark (FS-UAE 68040) ===
Evidence directory: /home/fabian/.cache/bfs-performance/exact-fastpath-2026-10-09.hdq3J0/build/benchmark/exact-key-normal-20261009-m3-8-pfs3-first
Mode: compare
Timeout: 600s


=== Machine Info ===
# Machine Info
Kickstart 47.102, Workbench 47.2
System: 68040 68040/060-FPU   (INST: Cache Burst) (DATA: NoCache NoBurst)
Type  Available    In-Use   Maximum   Largest
chip    2028040     52728   2080768   2027968
fast    7689920    698688   8388608   7684880
total   9717960    751416  10469376   7684880


Mounted disks:
Unit      Size       Used       Free Full Errs   Status   Name
DF0       No disk present
DH0      4095M    4194304    4194303  50%   0  Read/Write System
DH1       255M         36      65372   0%   0  Read/Write BFSTest
DH2       Not a DOS disk

Volumes available:
BFSTest [Mounted]
System [Mounted]

=== BFS Results ===
FS_COMPARE_BENCH	4
DRIVE	DH1:
SMALL_CREATE_40_US	29120
LOOKUP_400_US	118528
SMALL_READ_40_US	38656
LIST_EXNEXT_400_US	33088
LIST_EXALL_400_US	11456
SEQ_WRITE_8M_US	46464
SEQ_READ_8M_US	273727
SMALL_DELETE_40_US	22911
APPEND_4K_1M_US	119488
APPEND_1K_256K_US	64768
APPEND_READ_1280K_US	56191
LIST_EXNEXT_40_ENTRIES_FIRST_PASS_US	5888
LIST_EXNEXT_40_ENTRIES_REPEAT10_TOTAL_US	32128
LIST_EXALL_40_ENTRIES_FIRST_PASS_US	3648
LIST_EXALL_40_ENTRIES_REPEAT10_TOTAL_US	9537
LIST_EXNEXT_400_ENTRIES_FIRST_PASS_US	61568
LIST_EXNEXT_400_ENTRIES_REPEAT10_TOTAL_US	678397
LIST_EXALL_400_ENTRIES_FIRST_PASS_US	67775
LIST_EXALL_400_ENTRIES_REPEAT10_TOTAL_US	469034
LIST_EXNEXT_1000_ENTRIES_FIRST_PASS_US	163095
LIST_EXNEXT_1000_ENTRIES_REPEAT10_TOTAL_US	1859507
LIST_EXALL_1000_ENTRIES_FIRST_PASS_US	105024
LIST_EXALL_1000_ENTRIES_REPEAT10_TOTAL_US	1143545
PASS	1

=== PFS3 Results ===
FS_COMPARE_BENCH	4
DRIVE	DH2:
SMALL_CREATE_40_US	15167
LOOKUP_400_US	67520
SMALL_READ_40_US	13105
LIST_EXNEXT_400_US	12096
LIST_EXALL_400_US	2880
SEQ_WRITE_8M_US	38784
SEQ_READ_8M_US	331773
SMALL_DELETE_40_US	8065
APPEND_4K_1M_US	32961
APPEND_1K_256K_US	24064
APPEND_READ_1280K_US	40383
LIST_EXNEXT_40_ENTRIES_FIRST_PASS_US	1663
LIST_EXNEXT_40_ENTRIES_REPEAT10_TOTAL_US	15488
LIST_EXALL_40_ENTRIES_FIRST_PASS_US	640
LIST_EXALL_40_ENTRIES_REPEAT10_TOTAL_US	2497
LIST_EXNEXT_400_ENTRIES_FIRST_PASS_US	16000
LIST_EXNEXT_400_ENTRIES_REPEAT10_TOTAL_US	136191
LIST_EXALL_400_ENTRIES_FIRST_PASS_US	2689
LIST_EXALL_400_ENTRIES_REPEAT10_TOTAL_US	25728
LIST_EXNEXT_1000_ENTRIES_FIRST_PASS_US	32895
LIST_EXNEXT_1000_ENTRIES_REPEAT10_TOTAL_US	289022
LIST_EXALL_1000_ENTRIES_FIRST_PASS_US	6337
LIST_EXALL_1000_ENTRIES_REPEAT10_TOTAL_US	50880
PASS	1
PASS: requested mounted-volume workload outputs are complete and data-checked
