=== BFS vs PFS3 Benchmark (FS-UAE 68040) ===
Evidence directory: /home/fabian/.cache/bfs-performance/sparse-crc-2026-10-09.xN615F/candidate/build/benchmark/sparse-confirmation-20261009/confirm-normal-m5-1-bfs-first
Mode: compare
Timeout: 600s


=== Machine Info ===
# Machine Info
Kickstart 47.102, Workbench 47.2
System: 68040 68040/060-FPU   (INST: Cache Burst) (DATA: NoCache NoBurst)
Type  Available    In-Use   Maximum   Largest
chip    2028040     52728   2080768   2027968
fast    7687256    701352   8388608   7682200
total   9715296    754080  10469376   7682200


Mounted disks:
Unit      Size       Used       Free Full Errs   Status   Name
DF0       No disk present
DH0      4095M    4194304    4194303  50%   0  Read/Write System
DH1       255M         36      65372   0%   0  Read/Write BFSTest
DH2       Not a DOS disk

Volumes available:
BFSTest [Mounted]
System [Mounted]

=== BFS Results ===
FS_COMPARE_BENCH	4
DRIVE	DH1:
SMALL_CREATE_40_US	33023
LOOKUP_400_US	81854
SMALL_READ_40_US	22720
LIST_EXNEXT_400_US	31423
LIST_EXALL_400_US	9088
SEQ_WRITE_8M_US	40255
SEQ_READ_8M_US	266430
SMALL_DELETE_40_US	17665
APPEND_4K_1M_US	75391
APPEND_1K_256K_US	66943
APPEND_READ_1280K_US	42752
LIST_EXNEXT_40_ENTRIES_FIRST_PASS_US	6465
LIST_EXNEXT_40_ENTRIES_REPEAT10_TOTAL_US	31680
LIST_EXALL_40_ENTRIES_FIRST_PASS_US	3520
LIST_EXALL_40_ENTRIES_REPEAT10_TOTAL_US	9472
LIST_EXNEXT_400_ENTRIES_FIRST_PASS_US	57024
LIST_EXNEXT_400_ENTRIES_REPEAT10_TOTAL_US	578428
LIST_EXALL_400_ENTRIES_FIRST_PASS_US	34688
LIST_EXALL_400_ENTRIES_REPEAT10_TOTAL_US	351487
LIST_EXNEXT_1000_ENTRIES_FIRST_PASS_US	148479
LIST_EXNEXT_1000_ENTRIES_REPEAT10_TOTAL_US	1631159
LIST_EXALL_1000_ENTRIES_FIRST_PASS_US	93056
LIST_EXALL_1000_ENTRIES_REPEAT10_TOTAL_US	963259
PASS	1

=== PFS3 Results ===
FS_COMPARE_BENCH	4
DRIVE	DH2:
SMALL_CREATE_40_US	18882
LOOKUP_400_US	68863
SMALL_READ_40_US	15360
LIST_EXNEXT_400_US	11968
LIST_EXALL_400_US	2497
SEQ_WRITE_8M_US	41088
SEQ_READ_8M_US	266284
SMALL_DELETE_40_US	8128
APPEND_4K_1M_US	35071
APPEND_1K_256K_US	24703
APPEND_READ_1280K_US	40705
LIST_EXNEXT_40_ENTRIES_FIRST_PASS_US	1855
LIST_EXNEXT_40_ENTRIES_REPEAT10_TOTAL_US	12351
LIST_EXALL_40_ENTRIES_FIRST_PASS_US	575
LIST_EXALL_40_ENTRIES_REPEAT10_TOTAL_US	2497
LIST_EXNEXT_400_ENTRIES_FIRST_PASS_US	17344
LIST_EXNEXT_400_ENTRIES_REPEAT10_TOTAL_US	159296
LIST_EXALL_400_ENTRIES_FIRST_PASS_US	2944
LIST_EXALL_400_ENTRIES_REPEAT10_TOTAL_US	21248
LIST_EXNEXT_1000_ENTRIES_FIRST_PASS_US	33280
LIST_EXNEXT_1000_ENTRIES_REPEAT10_TOTAL_US	284350
LIST_EXALL_1000_ENTRIES_FIRST_PASS_US	7231
LIST_EXALL_1000_ENTRIES_REPEAT10_TOTAL_US	50880
PASS	1
PASS: requested mounted-volume workload outputs are complete and data-checked
