=== BFS vs PFS3 Benchmark (FS-UAE 68040) ===
Evidence directory: /home/fabian/.cache/bfs-performance/status-2026-10-10.NvWrOR/results/status-3-bfs-first-release040
Mode: compare
Timeout: 600s


=== Machine Info ===
# Machine Info
Kickstart 47.102, Workbench 47.2
System: 68040 68040/060-FPU   (INST: Cache Burst) (DATA: NoCache NoBurst)
Type  Available    In-Use   Maximum   Largest
chip    2028040     52728   2080768   2027968
fast    7529008    859600   8388608   7523936
total   9557048    912328  10469376   7523936


Mounted disks:
Unit      Size       Used       Free Full Errs   Status   Name
DF0       No disk present
DH0      4095M    4194304    4194303  50%   0  Read/Write System
DH1       255M         36      65372   0%   0  Read/Write BFSTest
DH2       Not a DOS disk

Volumes available:
BFSTest [Mounted]
System [Mounted]

=== BFS Results ===
FS_COMPARE_BENCH	4
DRIVE	DH1:
SMALL_CREATE_40_US	30464
LOOKUP_400_US	96511
SMALL_READ_40_US	32063
LIST_EXNEXT_400_US	21666
LIST_EXALL_400_US	23937
SEQ_WRITE_8M_US	72319
SEQ_READ_8M_US	260222
SMALL_DELETE_40_US	13568
APPEND_4K_1M_US	53120
APPEND_1K_256K_US	44159
APPEND_READ_1280K_US	51199
LIST_EXNEXT_40_ENTRIES_FIRST_PASS_US	3840
LIST_EXNEXT_40_ENTRIES_REPEAT10_TOTAL_US	20991
LIST_EXALL_40_ENTRIES_FIRST_PASS_US	1728
LIST_EXALL_40_ENTRIES_REPEAT10_TOTAL_US	7935
LIST_EXNEXT_400_ENTRIES_FIRST_PASS_US	30206
LIST_EXNEXT_400_ENTRIES_REPEAT10_TOTAL_US	216254
LIST_EXALL_400_ENTRIES_FIRST_PASS_US	16960
LIST_EXALL_400_ENTRIES_REPEAT10_TOTAL_US	72319
LIST_EXNEXT_1000_ENTRIES_FIRST_PASS_US	75456
LIST_EXNEXT_1000_ENTRIES_REPEAT10_TOTAL_US	528894
LIST_EXALL_1000_ENTRIES_FIRST_PASS_US	40383
LIST_EXALL_1000_ENTRIES_REPEAT10_TOTAL_US	182976
PASS	1

=== PFS3 Results ===
FS_COMPARE_BENCH	4
DRIVE	DH2:
SMALL_CREATE_40_US	21183
LOOKUP_400_US	65727
SMALL_READ_40_US	12865
LIST_EXNEXT_400_US	11905
LIST_EXALL_400_US	2432
SEQ_WRITE_8M_US	38400
SEQ_READ_8M_US	253439
SMALL_DELETE_40_US	7679
APPEND_4K_1M_US	31999
APPEND_1K_256K_US	24194
APPEND_READ_1280K_US	51903
LIST_EXNEXT_40_ENTRIES_FIRST_PASS_US	1536
LIST_EXNEXT_40_ENTRIES_REPEAT10_TOTAL_US	11839
LIST_EXALL_40_ENTRIES_FIRST_PASS_US	640
LIST_EXALL_40_ENTRIES_REPEAT10_TOTAL_US	2497
LIST_EXNEXT_400_ENTRIES_FIRST_PASS_US	11904
LIST_EXNEXT_400_ENTRIES_REPEAT10_TOTAL_US	123583
LIST_EXALL_400_ENTRIES_FIRST_PASS_US	2842
LIST_EXALL_400_ENTRIES_REPEAT10_TOTAL_US	20735
LIST_EXNEXT_1000_ENTRIES_FIRST_PASS_US	30848
LIST_EXNEXT_1000_ENTRIES_REPEAT10_TOTAL_US	276223
LIST_EXALL_1000_ENTRIES_FIRST_PASS_US	6400
LIST_EXALL_1000_ENTRIES_REPEAT10_TOTAL_US	49280
PASS	1
PASS: requested mounted-volume workload outputs are complete and data-checked
