=== BFS vs PFS3 Benchmark (FS-UAE 68040) ===
Evidence directory: /home/fabian/.cache/bfs-performance/exact-fastpath-2026-10-09.hdq3J0/build/benchmark/exact-key-normal-20261009-range-7-bfs-first
Mode: compare
Timeout: 600s


=== Machine Info ===
# Machine Info
Kickstart 47.102, Workbench 47.2
System: 68040 68040/060-FPU   (INST: Cache Burst) (DATA: NoCache NoBurst)
Type  Available    In-Use   Maximum   Largest
chip    2028040     52728   2080768   2027968
fast    7687256    701352   8388608   7682200
total   9715296    754080  10469376   7682200


Mounted disks:
Unit      Size       Used       Free Full Errs   Status   Name
DF0       No disk present
DH0      4095M    4194304    4194303  50%   0  Read/Write System
DH1       255M         36      65372   0%   0  Read/Write BFSTest
DH2       Not a DOS disk

Volumes available:
BFSTest [Mounted]
System [Mounted]

=== BFS Results ===
FS_COMPARE_BENCH	4
DRIVE	DH1:
SMALL_CREATE_40_US	32896
LOOKUP_400_US	76736
SMALL_READ_40_US	21119
LIST_EXNEXT_400_US	31617
LIST_EXALL_400_US	9409
SEQ_WRITE_8M_US	40254
SEQ_READ_8M_US	284158
SMALL_DELETE_40_US	17856
APPEND_4K_1M_US	74686
APPEND_1K_256K_US	64448
APPEND_READ_1280K_US	43777
LIST_EXNEXT_40_ENTRIES_FIRST_PASS_US	6400
LIST_EXNEXT_40_ENTRIES_REPEAT10_TOTAL_US	32256
LIST_EXALL_40_ENTRIES_FIRST_PASS_US	4160
LIST_EXALL_40_ENTRIES_REPEAT10_TOTAL_US	9920
LIST_EXNEXT_400_ENTRIES_FIRST_PASS_US	56512
LIST_EXNEXT_400_ENTRIES_REPEAT10_TOTAL_US	634236
LIST_EXALL_400_ENTRIES_FIRST_PASS_US	38912
LIST_EXALL_400_ENTRIES_REPEAT10_TOTAL_US	360765
LIST_EXNEXT_1000_ENTRIES_FIRST_PASS_US	151039
LIST_EXNEXT_1000_ENTRIES_REPEAT10_TOTAL_US	1666295
LIST_EXALL_1000_ENTRIES_FIRST_PASS_US	92224
LIST_EXALL_1000_ENTRIES_REPEAT10_TOTAL_US	1002170
PASS	1

=== PFS3 Results ===
FS_COMPARE_BENCH	4
DRIVE	DH2:
SMALL_CREATE_40_US	15807
LOOKUP_400_US	67456
SMALL_READ_40_US	13888
LIST_EXNEXT_400_US	11840
LIST_EXALL_400_US	2943
SEQ_WRITE_8M_US	42560
SEQ_READ_8M_US	265278
SMALL_DELETE_40_US	7789
APPEND_4K_1M_US	33600
APPEND_1K_256K_US	23553
APPEND_READ_1280K_US	44140
LIST_EXNEXT_40_ENTRIES_FIRST_PASS_US	2496
LIST_EXNEXT_40_ENTRIES_REPEAT10_TOTAL_US	11904
LIST_EXALL_40_ENTRIES_FIRST_PASS_US	576
LIST_EXALL_40_ENTRIES_REPEAT10_TOTAL_US	2816
LIST_EXNEXT_400_ENTRIES_FIRST_PASS_US	12224
LIST_EXNEXT_400_ENTRIES_REPEAT10_TOTAL_US	114304
LIST_EXALL_400_ENTRIES_FIRST_PASS_US	2816
LIST_EXALL_400_ENTRIES_REPEAT10_TOTAL_US	20864
LIST_EXNEXT_1000_ENTRIES_FIRST_PASS_US	31872
LIST_EXNEXT_1000_ENTRIES_REPEAT10_TOTAL_US	291199
LIST_EXALL_1000_ENTRIES_FIRST_PASS_US	7296
LIST_EXALL_1000_ENTRIES_REPEAT10_TOTAL_US	50623
PASS	1
PASS: requested mounted-volume workload outputs are complete and data-checked
