=== BFS vs PFS3 Benchmark (FS-UAE 68040) ===
Evidence directory: /home/fabian/.cache/bfs-performance/confirm-2026-10-10.TmkILS/results/confirm-7-bfs-first-candidate
Mode: compare
Timeout: 600s


=== Machine Info ===
# Machine Info
Kickstart 47.102, Workbench 47.2
System: 68040 68040/060-FPU   (INST: Cache Burst) (DATA: NoCache NoBurst)
Type  Available    In-Use   Maximum   Largest
chip    2028040     52728   2080768   2027968
fast    7531240    857368   8388608   7526176
total   9559280    910096  10469376   7526176


Mounted disks:
Unit      Size       Used       Free Full Errs   Status   Name
DF0       No disk present
DH0      4095M    4194304    4194303  50%   0  Read/Write System
DH1       255M         36      65372   0%   0  Read/Write BFSTest
DH2       Not a DOS disk

Volumes available:
BFSTest [Mounted]
System [Mounted]

=== BFS Results ===
FS_COMPARE_BENCH	4
DRIVE	DH1:
SMALL_CREATE_40_US	30911
LOOKUP_400_US	59071
SMALL_READ_40_US	19648
LIST_EXNEXT_400_US	20223
LIST_EXALL_400_US	7808
SEQ_WRITE_8M_US	30208
SEQ_READ_8M_US	276607
SMALL_DELETE_40_US	13503
APPEND_4K_1M_US	58880
APPEND_1K_256K_US	45375
APPEND_READ_1280K_US	45183
LIST_EXNEXT_40_ENTRIES_FIRST_PASS_US	3840
LIST_EXNEXT_40_ENTRIES_REPEAT10_TOTAL_US	25728
LIST_EXALL_40_ENTRIES_FIRST_PASS_US	2752
LIST_EXALL_40_ENTRIES_REPEAT10_TOTAL_US	9663
LIST_EXNEXT_400_ENTRIES_FIRST_PASS_US	32129
LIST_EXNEXT_400_ENTRIES_REPEAT10_TOTAL_US	217855
LIST_EXALL_400_ENTRIES_FIRST_PASS_US	17280
LIST_EXALL_400_ENTRIES_REPEAT10_TOTAL_US	77503
LIST_EXNEXT_1000_ENTRIES_FIRST_PASS_US	76414
LIST_EXNEXT_1000_ENTRIES_REPEAT10_TOTAL_US	538046
LIST_EXALL_1000_ENTRIES_FIRST_PASS_US	49690
LIST_EXALL_1000_ENTRIES_REPEAT10_TOTAL_US	191167
PASS	1

=== PFS3 Results ===
FS_COMPARE_BENCH	4
DRIVE	DH2:
SMALL_CREATE_40_US	16065
LOOKUP_400_US	65920
SMALL_READ_40_US	13633
LIST_EXNEXT_400_US	11775
LIST_EXALL_400_US	2495
SEQ_WRITE_8M_US	39935
SEQ_READ_8M_US	267199
SMALL_DELETE_40_US	8129
APPEND_4K_1M_US	54727
APPEND_1K_256K_US	23808
APPEND_READ_1280K_US	39616
LIST_EXNEXT_40_ENTRIES_FIRST_PASS_US	1703
LIST_EXNEXT_40_ENTRIES_REPEAT10_TOTAL_US	11775
LIST_EXALL_40_ENTRIES_FIRST_PASS_US	640
LIST_EXALL_40_ENTRIES_REPEAT10_TOTAL_US	2558
LIST_EXNEXT_400_ENTRIES_FIRST_PASS_US	13118
LIST_EXNEXT_400_ENTRIES_REPEAT10_TOTAL_US	119615
LIST_EXALL_400_ENTRIES_FIRST_PASS_US	2817
LIST_EXALL_400_ENTRIES_REPEAT10_TOTAL_US	20288
LIST_EXNEXT_1000_ENTRIES_FIRST_PASS_US	30400
LIST_EXNEXT_1000_ENTRIES_REPEAT10_TOTAL_US	281663
LIST_EXALL_1000_ENTRIES_FIRST_PASS_US	6720
LIST_EXALL_1000_ENTRIES_REPEAT10_TOTAL_US	50175
PASS	1
PASS: requested mounted-volume workload outputs are complete and data-checked
