=== BFS vs PFS3 Benchmark (FS-UAE 68040) ===
Evidence directory: /home/fabian/.cache/bfs-performance/sparse-crc-2026-10-09.xN615F/candidate/build/benchmark/sparse-confirmation-20261009/confirm-durable-m5-8-pfs3-first
Mode: durable-compare
Timeout: 600s


=== Machine Info ===
# Machine Info
Kickstart 47.102, Workbench 47.2
System: 68040 68040/060-FPU   (INST: Cache Burst) (DATA: NoCache NoBurst)
Type  Available    In-Use   Maximum   Largest
chip    2028040     52728   2080768   2027968
fast    7687256    701352   8388608   7682200
total   9715296    754080  10469376   7682200


Mounted disks:
Unit      Size       Used       Free Full Errs   Status   Name
DF0       No disk present
DH0      4095M    4194304    4194303  50%   0  Read/Write System
DH1       255M         36      65372   0%   0  Read/Write BFSTest
DH2       Not a DOS disk

Volumes available:
BFSTest [Mounted]
System [Mounted]

=== BFS Results ===
FS_DURABLE_COMPARE	4
DRIVE	DH1:
SMALL_CREATE_40_US	44608
LOOKUP_400_US	76926
SMALL_READ_40_US	29120
LIST_EXNEXT_400_US	42561
LIST_EXALL_400_US	8960
SEQ_WRITE_8M_US	43712
SEQ_READ_8M_US	265215
SMALL_DELETE_40_US	20160
APPEND_4K_1M_US	80064
APPEND_1K_256K_US	64831
APPEND_READ_1280K_US	42560
LIST_EXNEXT_40_ENTRIES_FIRST_PASS_US	6208
LIST_EXNEXT_40_ENTRIES_REPEAT10_TOTAL_US	32767
LIST_EXALL_40_ENTRIES_FIRST_PASS_US	3840
LIST_EXALL_40_ENTRIES_REPEAT10_TOTAL_US	9471
LIST_EXNEXT_400_ENTRIES_FIRST_PASS_US	57088
LIST_EXNEXT_400_ENTRIES_REPEAT10_TOTAL_US	589052
LIST_EXALL_400_ENTRIES_FIRST_PASS_US	36543
LIST_EXALL_400_ENTRIES_REPEAT10_TOTAL_US	384638
LIST_EXNEXT_1000_ENTRIES_FIRST_PASS_US	149439
LIST_EXNEXT_1000_ENTRIES_REPEAT10_TOTAL_US	1501879
LIST_EXALL_1000_ENTRIES_FIRST_PASS_US	91265
LIST_EXALL_1000_ENTRIES_REPEAT10_TOTAL_US	895035
PASS	1

=== PFS3 Results ===
FS_DURABLE_COMPARE	4
DRIVE	DH2:
SMALL_CREATE_40_US	18369
LOOKUP_400_US	66175
SMALL_READ_40_US	14721
LIST_EXNEXT_400_US	13057
LIST_EXALL_400_US	2624
SEQ_WRITE_8M_US	43821
SEQ_READ_8M_US	270718
SMALL_DELETE_40_US	9087
APPEND_4K_1M_US	39873
APPEND_1K_256K_US	25345
APPEND_READ_1280K_US	42751
LIST_EXNEXT_40_ENTRIES_FIRST_PASS_US	1600
LIST_EXNEXT_40_ENTRIES_REPEAT10_TOTAL_US	11903
LIST_EXALL_40_ENTRIES_FIRST_PASS_US	577
LIST_EXALL_40_ENTRIES_REPEAT10_TOTAL_US	2495
LIST_EXNEXT_400_ENTRIES_FIRST_PASS_US	12991
LIST_EXNEXT_400_ENTRIES_REPEAT10_TOTAL_US	113344
LIST_EXALL_400_ENTRIES_FIRST_PASS_US	2817
LIST_EXALL_400_ENTRIES_REPEAT10_TOTAL_US	20609
LIST_EXNEXT_1000_ENTRIES_FIRST_PASS_US	32832
LIST_EXNEXT_1000_ENTRIES_REPEAT10_TOTAL_US	279995
LIST_EXALL_1000_ENTRIES_FIRST_PASS_US	6464
LIST_EXALL_1000_ENTRIES_REPEAT10_TOTAL_US	69056
PASS	1
PASS: requested mounted-volume workload outputs are complete and data-checked
