=== BFS vs PFS3 Benchmark (FS-UAE 68040) ===
Evidence directory: /home/fabian/.cache/bfs-performance/floor-resident-2026-10-09.mJFQvl/results/floor-aa-normal-basea-1-bfs-first
Mode: compare
Timeout: 600s


=== Machine Info ===
# Machine Info
Kickstart 47.102, Workbench 47.2
System: 68040 68040/060-FPU   (INST: Cache Burst) (DATA: NoCache NoBurst)
Type  Available    In-Use   Maximum   Largest
chip    2028040     52728   2080768   2027968
fast    7686824    701784   8388608   7681768
total   9714864    754512  10469376   7681768


Mounted disks:
Unit      Size       Used       Free Full Errs   Status   Name
DF0       No disk present
DH0      4095M    4194304    4194303  50%   0  Read/Write System
DH1       255M         36      65372   0%   0  Read/Write BFSTest
DH2       Not a DOS disk

Volumes available:
BFSTest [Mounted]
System [Mounted]

=== BFS Results ===
FS_COMPARE_BENCH	4
DRIVE	DH1:
SMALL_CREATE_40_US	30912
LOOKUP_400_US	75264
SMALL_READ_40_US	20096
LIST_EXNEXT_400_US	30527
LIST_EXALL_400_US	9088
SEQ_WRITE_8M_US	41856
SEQ_READ_8M_US	297215
SMALL_DELETE_40_US	17345
APPEND_4K_1M_US	72193
APPEND_1K_256K_US	60480
APPEND_READ_1280K_US	42430
LIST_EXNEXT_40_ENTRIES_FIRST_PASS_US	5696
LIST_EXNEXT_40_ENTRIES_REPEAT10_TOTAL_US	33343
LIST_EXALL_40_ENTRIES_FIRST_PASS_US	4160
LIST_EXALL_40_ENTRIES_REPEAT10_TOTAL_US	15615
LIST_EXNEXT_400_ENTRIES_FIRST_PASS_US	69632
LIST_EXNEXT_400_ENTRIES_REPEAT10_TOTAL_US	582332
LIST_EXALL_400_ENTRIES_FIRST_PASS_US	35137
LIST_EXALL_400_ENTRIES_REPEAT10_TOTAL_US	291455
LIST_EXNEXT_1000_ENTRIES_FIRST_PASS_US	140863
LIST_EXNEXT_1000_ENTRIES_REPEAT10_TOTAL_US	1358584
LIST_EXALL_1000_ENTRIES_FIRST_PASS_US	72319
LIST_EXALL_1000_ENTRIES_REPEAT10_TOTAL_US	741691
PASS	1

=== PFS3 Results ===
FS_COMPARE_BENCH	4
DRIVE	DH2:
SMALL_CREATE_40_US	16630
LOOKUP_400_US	65856
SMALL_READ_40_US	14655
LIST_EXNEXT_400_US	11837
LIST_EXALL_400_US	2432
SEQ_WRITE_8M_US	38913
SEQ_READ_8M_US	260351
SMALL_DELETE_40_US	7809
APPEND_4K_1M_US	32448
APPEND_1K_256K_US	22912
APPEND_READ_1280K_US	40575
LIST_EXNEXT_40_ENTRIES_FIRST_PASS_US	1663
LIST_EXNEXT_40_ENTRIES_REPEAT10_TOTAL_US	12097
LIST_EXALL_40_ENTRIES_FIRST_PASS_US	640
LIST_EXALL_40_ENTRIES_REPEAT10_TOTAL_US	2431
LIST_EXNEXT_400_ENTRIES_FIRST_PASS_US	13183
LIST_EXNEXT_400_ENTRIES_REPEAT10_TOTAL_US	111423
LIST_EXALL_400_ENTRIES_FIRST_PASS_US	2880
LIST_EXALL_400_ENTRIES_REPEAT10_TOTAL_US	20351
LIST_EXNEXT_1000_ENTRIES_FIRST_PASS_US	32703
LIST_EXNEXT_1000_ENTRIES_REPEAT10_TOTAL_US	291006
LIST_EXALL_1000_ENTRIES_FIRST_PASS_US	6911
LIST_EXALL_1000_ENTRIES_REPEAT10_TOTAL_US	51263
PASS	1
PASS: requested mounted-volume workload outputs are complete and data-checked
