=== BFS vs PFS3 Benchmark (FS-UAE 68040) ===
Evidence directory: /home/fabian/.cache/bfs-performance/scan-policy-2026-10-09.YjMjvA/candidate/build/benchmark/scan-pilot-normal-20261009-m5-2-pfs3-first
Mode: compare
Timeout: 600s


=== Machine Info ===
# Machine Info
Kickstart 47.102, Workbench 47.2
System: 68040 68040/060-FPU   (INST: Cache Burst) (DATA: NoCache NoBurst)
Type  Available    In-Use   Maximum   Largest
chip    2028040     52728   2080768   2027968
fast    7687256    701352   8388608   7682200
total   9715296    754080  10469376   7682200


Mounted disks:
Unit      Size       Used       Free Full Errs   Status   Name
DF0       No disk present
DH0      4095M    4194304    4194303  50%   0  Read/Write System
DH1       255M         36      65372   0%   0  Read/Write BFSTest
DH2       Not a DOS disk

Volumes available:
BFSTest [Mounted]
System [Mounted]

=== BFS Results ===
FS_COMPARE_BENCH	4
DRIVE	DH1:
SMALL_CREATE_40_US	30911
LOOKUP_400_US	74751
SMALL_READ_40_US	21759
LIST_EXNEXT_400_US	30273
LIST_EXALL_400_US	9088
SEQ_WRITE_8M_US	41857
SEQ_READ_8M_US	267839
SMALL_DELETE_40_US	17407
APPEND_4K_1M_US	73919
APPEND_1K_256K_US	61805
APPEND_READ_1280K_US	42432
LIST_EXNEXT_40_ENTRIES_FIRST_PASS_US	6848
LIST_EXNEXT_40_ENTRIES_REPEAT10_TOTAL_US	31616
LIST_EXALL_40_ENTRIES_FIRST_PASS_US	3584
LIST_EXALL_40_ENTRIES_REPEAT10_TOTAL_US	9407
LIST_EXNEXT_400_ENTRIES_FIRST_PASS_US	55808
LIST_EXNEXT_400_ENTRIES_REPEAT10_TOTAL_US	576700
LIST_EXALL_400_ENTRIES_FIRST_PASS_US	36927
LIST_EXALL_400_ENTRIES_REPEAT10_TOTAL_US	367357
LIST_EXNEXT_1000_ENTRIES_FIRST_PASS_US	151616
LIST_EXNEXT_1000_ENTRIES_REPEAT10_TOTAL_US	1488568
LIST_EXALL_1000_ENTRIES_FIRST_PASS_US	92223
LIST_EXALL_1000_ENTRIES_REPEAT10_TOTAL_US	896251
PASS	1

=== PFS3 Results ===
FS_COMPARE_BENCH	4
DRIVE	DH2:
SMALL_CREATE_40_US	16511
LOOKUP_400_US	65663
SMALL_READ_40_US	14016
LIST_EXNEXT_400_US	11905
LIST_EXALL_400_US	2432
SEQ_WRITE_8M_US	39935
SEQ_READ_8M_US	264300
SMALL_DELETE_40_US	8000
APPEND_4K_1M_US	35265
APPEND_1K_256K_US	24319
APPEND_READ_1280K_US	41600
LIST_EXNEXT_40_ENTRIES_FIRST_PASS_US	2560
LIST_EXNEXT_40_ENTRIES_REPEAT10_TOTAL_US	11712
LIST_EXALL_40_ENTRIES_FIRST_PASS_US	576
LIST_EXALL_40_ENTRIES_REPEAT10_TOTAL_US	2477
LIST_EXNEXT_400_ENTRIES_FIRST_PASS_US	13312
LIST_EXNEXT_400_ENTRIES_REPEAT10_TOTAL_US	112384
LIST_EXALL_400_ENTRIES_FIRST_PASS_US	2752
LIST_EXALL_400_ENTRIES_REPEAT10_TOTAL_US	20481
LIST_EXNEXT_1000_ENTRIES_FIRST_PASS_US	31577
LIST_EXNEXT_1000_ENTRIES_REPEAT10_TOTAL_US	277310
LIST_EXALL_1000_ENTRIES_FIRST_PASS_US	8960
LIST_EXALL_1000_ENTRIES_REPEAT10_TOTAL_US	50496
PASS	1
PASS: requested mounted-volume workload outputs are complete and data-checked
