=== BFS vs PFS3 Benchmark (FS-UAE 68040) ===
Evidence directory: /home/fabian/.cache/bfs-performance/append-attr2-2026-10-10.xibtLq/results/append2-prod-6-pfs3-first-ref
Mode: compare
Timeout: 600s


=== Machine Info ===
# Machine Info
Kickstart 47.102, Workbench 47.2
System: 68040 68040/060-FPU   (INST: Cache Burst) (DATA: NoCache NoBurst)
Type  Available    In-Use   Maximum   Largest
chip    2028040     52728   2080768   2027968
fast    7532616    855992   8388608   7527544
total   9560656    908720  10469376   7527544


Mounted disks:
Unit      Size       Used       Free Full Errs   Status   Name
DF0       No disk present
DH0      4095M    4194304    4194303  50%   0  Read/Write System
DH1       255M         36      65372   0%   0  Read/Write BFSTest
DH2       Not a DOS disk

Volumes available:
BFSTest [Mounted]
System [Mounted]

=== BFS Results ===
FS_COMPARE_BENCH	4
DRIVE	DH1:
SMALL_CREATE_40_US	32574
LOOKUP_400_US	86208
SMALL_READ_40_US	17152
LIST_EXNEXT_400_US	27968
LIST_EXALL_400_US	9664
SEQ_WRITE_8M_US	44078
SEQ_READ_8M_US	368830
SMALL_DELETE_40_US	16513
APPEND_4K_1M_US	54272
APPEND_1K_256K_US	42880
APPEND_READ_1280K_US	45823
LIST_EXNEXT_40_ENTRIES_FIRST_PASS_US	4543
LIST_EXNEXT_40_ENTRIES_REPEAT10_TOTAL_US	29055
LIST_EXALL_40_ENTRIES_FIRST_PASS_US	1727
LIST_EXALL_40_ENTRIES_REPEAT10_TOTAL_US	8575
LIST_EXNEXT_400_ENTRIES_FIRST_PASS_US	37503
LIST_EXNEXT_400_ENTRIES_REPEAT10_TOTAL_US	299455
LIST_EXALL_400_ENTRIES_FIRST_PASS_US	15871
LIST_EXALL_400_ENTRIES_REPEAT10_TOTAL_US	78784
LIST_EXNEXT_1000_ENTRIES_FIRST_PASS_US	91264
LIST_EXNEXT_1000_ENTRIES_REPEAT10_TOTAL_US	742076
LIST_EXALL_1000_ENTRIES_FIRST_PASS_US	38079
LIST_EXALL_1000_ENTRIES_REPEAT10_TOTAL_US	197695
PASS	1

=== PFS3 Results ===
FS_COMPARE_BENCH	4
DRIVE	DH2:
SMALL_CREATE_40_US	17735
LOOKUP_400_US	110528
SMALL_READ_40_US	14853
LIST_EXNEXT_400_US	12735
LIST_EXALL_400_US	2497
SEQ_WRITE_8M_US	69888
SEQ_READ_8M_US	297725
SMALL_DELETE_40_US	12159
APPEND_4K_1M_US	65343
APPEND_1K_256K_US	28608
APPEND_READ_1280K_US	41983
LIST_EXNEXT_40_ENTRIES_FIRST_PASS_US	1600
LIST_EXNEXT_40_ENTRIES_REPEAT10_TOTAL_US	12029
LIST_EXALL_40_ENTRIES_FIRST_PASS_US	767
LIST_EXALL_40_ENTRIES_REPEAT10_TOTAL_US	2560
LIST_EXNEXT_400_ENTRIES_FIRST_PASS_US	13888
LIST_EXNEXT_400_ENTRIES_REPEAT10_TOTAL_US	112960
LIST_EXALL_400_ENTRIES_FIRST_PASS_US	3776
LIST_EXALL_400_ENTRIES_REPEAT10_TOTAL_US	20671
LIST_EXNEXT_1000_ENTRIES_FIRST_PASS_US	31743
LIST_EXNEXT_1000_ENTRIES_REPEAT10_TOTAL_US	364414
LIST_EXALL_1000_ENTRIES_FIRST_PASS_US	7552
LIST_EXALL_1000_ENTRIES_REPEAT10_TOTAL_US	52032
PASS	1
PASS: requested mounted-volume workload outputs are complete and data-checked
