=== BFS vs PFS3 Benchmark (FS-UAE 68040) ===
Evidence directory: /home/fabian/.cache/bfs-performance/sparse-crc-2026-10-09.xN615F/candidate/build/benchmark/sparse-normal-20261009-m5-8-pfs3-first
Mode: compare
Timeout: 600s


=== Machine Info ===
# Machine Info
Kickstart 47.102, Workbench 47.2
System: 68040 68040/060-FPU   (INST: Cache Burst) (DATA: NoCache NoBurst)
Type  Available    In-Use   Maximum   Largest
chip    2028040     52728   2080768   2027968
fast    7687256    701352   8388608   7682200
total   9715296    754080  10469376   7682200


Mounted disks:
Unit      Size       Used       Free Full Errs   Status   Name
DF0       No disk present
DH0      4095M    4194304    4194303  50%   0  Read/Write System
DH1       255M         36      65372   0%   0  Read/Write BFSTest
DH2       Not a DOS disk

Volumes available:
BFSTest [Mounted]
System [Mounted]

=== BFS Results ===
FS_COMPARE_BENCH	4
DRIVE	DH1:
SMALL_CREATE_40_US	30655
LOOKUP_400_US	81534
SMALL_READ_40_US	33215
LIST_EXNEXT_400_US	52543
LIST_EXALL_400_US	11263
SEQ_WRITE_8M_US	76608
SEQ_READ_8M_US	269438
SMALL_DELETE_40_US	17983
APPEND_4K_1M_US	72511
APPEND_1K_256K_US	61310
APPEND_READ_1280K_US	42944
LIST_EXNEXT_40_ENTRIES_FIRST_PASS_US	6759
LIST_EXNEXT_40_ENTRIES_REPEAT10_TOTAL_US	32257
LIST_EXALL_40_ENTRIES_FIRST_PASS_US	3648
LIST_EXALL_40_ENTRIES_REPEAT10_TOTAL_US	9791
LIST_EXNEXT_400_ENTRIES_FIRST_PASS_US	57215
LIST_EXNEXT_400_ENTRIES_REPEAT10_TOTAL_US	691517
LIST_EXALL_400_ENTRIES_FIRST_PASS_US	36351
LIST_EXALL_400_ENTRIES_REPEAT10_TOTAL_US	416958
LIST_EXNEXT_1000_ENTRIES_FIRST_PASS_US	181182
LIST_EXNEXT_1000_ENTRIES_REPEAT10_TOTAL_US	1648695
LIST_EXALL_1000_ENTRIES_FIRST_PASS_US	90048
LIST_EXALL_1000_ENTRIES_REPEAT10_TOTAL_US	1099385
PASS	1

=== PFS3 Results ===
FS_COMPARE_BENCH	4
DRIVE	DH2:
SMALL_CREATE_40_US	17920
LOOKUP_400_US	80831
SMALL_READ_40_US	14657
LIST_EXNEXT_400_US	12225
LIST_EXALL_400_US	2495
SEQ_WRITE_8M_US	55998
SEQ_READ_8M_US	319036
SMALL_DELETE_40_US	8448
APPEND_4K_1M_US	34815
APPEND_1K_256K_US	25857
APPEND_READ_1280K_US	41794
LIST_EXNEXT_40_ENTRIES_FIRST_PASS_US	1665
LIST_EXNEXT_40_ENTRIES_REPEAT10_TOTAL_US	12480
LIST_EXALL_40_ENTRIES_FIRST_PASS_US	641
LIST_EXALL_40_ENTRIES_REPEAT10_TOTAL_US	2560
LIST_EXNEXT_400_ENTRIES_FIRST_PASS_US	13440
LIST_EXNEXT_400_ENTRIES_REPEAT10_TOTAL_US	114686
LIST_EXALL_400_ENTRIES_FIRST_PASS_US	2815
LIST_EXALL_400_ENTRIES_REPEAT10_TOTAL_US	20671
LIST_EXNEXT_1000_ENTRIES_FIRST_PASS_US	32897
LIST_EXNEXT_1000_ENTRIES_REPEAT10_TOTAL_US	287487
LIST_EXALL_1000_ENTRIES_FIRST_PASS_US	6785
LIST_EXALL_1000_ENTRIES_REPEAT10_TOTAL_US	51006
PASS	1
PASS: requested mounted-volume workload outputs are complete and data-checked
