snapdog-runner
START 1 splitbatch-1-bfs-first-ref 2026-10-10T15:30:57Z
PASS 1 splitbatch-1-bfs-first-ref 2026-10-10T15:31:33Z
START 2 splitbatch-1-bfs-first-split 2026-10-10T15:31:33Z
PASS 2 splitbatch-1-bfs-first-split 2026-10-10T15:32:08Z
START 3 splitbatch-1-bfs-first-cand 2026-10-10T15:32:08Z
PASS 3 splitbatch-1-bfs-first-cand 2026-10-10T15:32:43Z
START 4 splitbatch-2-pfs3-first-split 2026-10-10T15:32:43Z
PASS 4 splitbatch-2-pfs3-first-split 2026-10-10T15:33:19Z
START 5 splitbatch-2-pfs3-first-cand 2026-10-10T15:33:19Z
PASS 5 splitbatch-2-pfs3-first-cand 2026-10-10T15:33:54Z
START 6 splitbatch-2-pfs3-first-ref 2026-10-10T15:33:54Z
PASS 6 splitbatch-2-pfs3-first-ref 2026-10-10T15:34:29Z
START 7 splitbatch-3-bfs-first-cand 2026-10-10T15:34:30Z
PASS 7 splitbatch-3-bfs-first-cand 2026-10-10T15:35:04Z
START 8 splitbatch-3-bfs-first-ref 2026-10-10T15:35:05Z
PASS 8 splitbatch-3-bfs-first-ref 2026-10-10T15:35:40Z
START 9 splitbatch-3-bfs-first-split 2026-10-10T15:35:40Z
PASS 9 splitbatch-3-bfs-first-split 2026-10-10T15:36:16Z
START 10 splitbatch-4-pfs3-first-ref 2026-10-10T15:36:16Z
PASS 10 splitbatch-4-pfs3-first-ref 2026-10-10T15:36:52Z
START 11 splitbatch-4-pfs3-first-split 2026-10-10T15:36:52Z
PASS 11 splitbatch-4-pfs3-first-split 2026-10-10T15:37:27Z
START 12 splitbatch-4-pfs3-first-cand 2026-10-10T15:37:27Z
PASS 12 splitbatch-4-pfs3-first-cand 2026-10-10T15:38:02Z
START 13 splitbatch-5-bfs-first-split 2026-10-10T15:38:02Z
PASS 13 splitbatch-5-bfs-first-split 2026-10-10T15:38:38Z
START 14 splitbatch-5-bfs-first-cand 2026-10-10T15:38:38Z
PASS 14 splitbatch-5-bfs-first-cand 2026-10-10T15:39:14Z
START 15 splitbatch-5-bfs-first-ref 2026-10-10T15:39:14Z
PASS 15 splitbatch-5-bfs-first-ref 2026-10-10T15:39:48Z
START 16 splitbatch-6-pfs3-first-cand 2026-10-10T15:39:49Z
PASS 16 splitbatch-6-pfs3-first-cand 2026-10-10T15:40:24Z
START 17 splitbatch-6-pfs3-first-ref 2026-10-10T15:40:24Z
PASS 17 splitbatch-6-pfs3-first-ref 2026-10-10T15:40:59Z
START 18 splitbatch-6-pfs3-first-split 2026-10-10T15:40:59Z
PASS 18 splitbatch-6-pfs3-first-split 2026-10-10T15:41:35Z
START 19 splitbatch-7-bfs-first-ref 2026-10-10T15:41:35Z
PASS 19 splitbatch-7-bfs-first-ref 2026-10-10T15:42:11Z
START 20 splitbatch-7-bfs-first-split 2026-10-10T15:42:11Z
PASS 20 splitbatch-7-bfs-first-split 2026-10-10T15:42:47Z
START 21 splitbatch-7-bfs-first-cand 2026-10-10T15:42:47Z
PASS 21 splitbatch-7-bfs-first-cand 2026-10-10T15:43:23Z
START 22 splitbatch-8-pfs3-first-split 2026-10-10T15:43:23Z
PASS 22 splitbatch-8-pfs3-first-split 2026-10-10T15:43:59Z
START 23 splitbatch-8-pfs3-first-cand 2026-10-10T15:43:59Z
PASS 23 splitbatch-8-pfs3-first-cand 2026-10-10T15:44:34Z
START 24 splitbatch-8-pfs3-first-ref 2026-10-10T15:44:34Z
PASS 24 splitbatch-8-pfs3-first-ref 2026-10-10T15:45:09Z
SPLITBATCH_PILOT_COMPLETE 24 2026-10-10T15:45:09Z
snapdog-runner
RESTORE_COMPLETE status=0 2026-10-10T15:45:11Z
