=== BFS vs PFS3 Benchmark (FS-UAE 68040) ===
Evidence directory: /home/fabian/.cache/bfs-performance/exact-fastpath-2026-10-09.hdq3J0/build/benchmark/exact-key-normal-20261009-fast-1-bfs-first
Mode: compare
Timeout: 600s


=== Machine Info ===
# Machine Info
Kickstart 47.102, Workbench 47.2
System: 68040 68040/060-FPU   (INST: Cache Burst) (DATA: NoCache NoBurst)
Type  Available    In-Use   Maximum   Largest
chip    2028040     52728   2080768   2027968
fast    7687320    701288   8388608   7682264
total   9715360    754016  10469376   7682264


Mounted disks:
Unit      Size       Used       Free Full Errs   Status   Name
DF0       No disk present
DH0      4095M    4194304    4194303  50%   0  Read/Write System
DH1       255M         36      65372   0%   0  Read/Write BFSTest
DH2       Not a DOS disk

Volumes available:
BFSTest [Mounted]
System [Mounted]

=== BFS Results ===
FS_COMPARE_BENCH	4
DRIVE	DH1:
SMALL_CREATE_40_US	51137
LOOKUP_400_US	121856
SMALL_READ_40_US	18688
LIST_EXNEXT_400_US	30336
LIST_EXALL_400_US	9023
SEQ_WRITE_8M_US	41023
SEQ_READ_8M_US	273982
SMALL_DELETE_40_US	25339
APPEND_4K_1M_US	129152
APPEND_1K_256K_US	60543
APPEND_READ_1280K_US	42816
LIST_EXNEXT_40_ENTRIES_FIRST_PASS_US	6142
LIST_EXNEXT_40_ENTRIES_REPEAT10_TOTAL_US	31276
LIST_EXALL_40_ENTRIES_FIRST_PASS_US	3776
LIST_EXALL_40_ENTRIES_REPEAT10_TOTAL_US	9472
LIST_EXNEXT_400_ENTRIES_FIRST_PASS_US	56319
LIST_EXNEXT_400_ENTRIES_REPEAT10_TOTAL_US	656636
LIST_EXALL_400_ENTRIES_FIRST_PASS_US	34623
LIST_EXALL_400_ENTRIES_REPEAT10_TOTAL_US	418492
LIST_EXNEXT_1000_ENTRIES_FIRST_PASS_US	150527
LIST_EXNEXT_1000_ENTRIES_REPEAT10_TOTAL_US	1713781
LIST_EXALL_1000_ENTRIES_FIRST_PASS_US	90814
LIST_EXALL_1000_ENTRIES_REPEAT10_TOTAL_US	998393
PASS	1

=== PFS3 Results ===
FS_COMPARE_BENCH	4
DRIVE	DH2:
SMALL_CREATE_40_US	16194
LOOKUP_400_US	67071
SMALL_READ_40_US	13248
LIST_EXNEXT_400_US	12314
LIST_EXALL_400_US	2497
SEQ_WRITE_8M_US	40191
SEQ_READ_8M_US	293886
SMALL_DELETE_40_US	7935
APPEND_4K_1M_US	35839
APPEND_1K_256K_US	23296
APPEND_READ_1280K_US	55615
LIST_EXNEXT_40_ENTRIES_FIRST_PASS_US	1575
LIST_EXNEXT_40_ENTRIES_REPEAT10_TOTAL_US	12157
LIST_EXALL_40_ENTRIES_FIRST_PASS_US	577
LIST_EXALL_40_ENTRIES_REPEAT10_TOTAL_US	2496
LIST_EXNEXT_400_ENTRIES_FIRST_PASS_US	14015
LIST_EXNEXT_400_ENTRIES_REPEAT10_TOTAL_US	153086
LIST_EXALL_400_ENTRIES_FIRST_PASS_US	2880
LIST_EXALL_400_ENTRIES_REPEAT10_TOTAL_US	20990
LIST_EXNEXT_1000_ENTRIES_FIRST_PASS_US	30783
LIST_EXNEXT_1000_ENTRIES_REPEAT10_TOTAL_US	280766
LIST_EXALL_1000_ENTRIES_FIRST_PASS_US	6592
LIST_EXALL_1000_ENTRIES_REPEAT10_TOTAL_US	51455
PASS	1
PASS: requested mounted-volume workload outputs are complete and data-checked
