=== BFS vs PFS3 Benchmark (FS-UAE 68040) ===
Evidence directory: /home/fabian/.cache/bfs-performance/sparse-crc-2026-10-09.xN615F/candidate/build/benchmark/sparse-normal-20261009-m5-1-bfs-first
Mode: compare
Timeout: 600s


=== Machine Info ===
# Machine Info
Kickstart 47.102, Workbench 47.2
System: 68040 68040/060-FPU   (INST: Cache Burst) (DATA: NoCache NoBurst)
Type  Available    In-Use   Maximum   Largest
chip    2028040     52728   2080768   2027968
fast    7687256    701352   8388608   7682200
total   9715296    754080  10469376   7682200


Mounted disks:
Unit      Size       Used       Free Full Errs   Status   Name
DF0       No disk present
DH0      4095M    4194304    4194303  50%   0  Read/Write System
DH1       255M         36      65372   0%   0  Read/Write BFSTest
DH2       Not a DOS disk

Volumes available:
BFSTest [Mounted]
System [Mounted]

=== BFS Results ===
FS_COMPARE_BENCH	4
DRIVE	DH1:
SMALL_CREATE_40_US	29632
LOOKUP_400_US	77439
SMALL_READ_40_US	20863
LIST_EXNEXT_400_US	31871
LIST_EXALL_400_US	9023
SEQ_WRITE_8M_US	39745
SEQ_READ_8M_US	283710
SMALL_DELETE_40_US	18047
APPEND_4K_1M_US	71423
APPEND_1K_256K_US	62336
APPEND_READ_1280K_US	41580
LIST_EXNEXT_40_ENTRIES_FIRST_PASS_US	6592
LIST_EXNEXT_40_ENTRIES_REPEAT10_TOTAL_US	35074
LIST_EXALL_40_ENTRIES_FIRST_PASS_US	4097
LIST_EXALL_40_ENTRIES_REPEAT10_TOTAL_US	9728
LIST_EXNEXT_400_ENTRIES_FIRST_PASS_US	57663
LIST_EXNEXT_400_ENTRIES_REPEAT10_TOTAL_US	892092
LIST_EXALL_400_ENTRIES_FIRST_PASS_US	38592
LIST_EXALL_400_ENTRIES_REPEAT10_TOTAL_US	379518
LIST_EXNEXT_1000_ENTRIES_FIRST_PASS_US	143423
LIST_EXNEXT_1000_ENTRIES_REPEAT10_TOTAL_US	1623415
LIST_EXALL_1000_ENTRIES_FIRST_PASS_US	88703
LIST_EXALL_1000_ENTRIES_REPEAT10_TOTAL_US	886651
PASS	1

=== PFS3 Results ===
FS_COMPARE_BENCH	4
DRIVE	DH2:
SMALL_CREATE_40_US	17025
LOOKUP_400_US	77888
SMALL_READ_40_US	14208
LIST_EXNEXT_400_US	14015
LIST_EXALL_400_US	2817
SEQ_WRITE_8M_US	46591
SEQ_READ_8M_US	261885
SMALL_DELETE_40_US	8065
APPEND_4K_1M_US	32768
APPEND_1K_256K_US	23551
APPEND_READ_1280K_US	41024
LIST_EXNEXT_40_ENTRIES_FIRST_PASS_US	2175
LIST_EXNEXT_40_ENTRIES_REPEAT10_TOTAL_US	12160
LIST_EXALL_40_ENTRIES_FIRST_PASS_US	576
LIST_EXALL_40_ENTRIES_REPEAT10_TOTAL_US	2496
LIST_EXNEXT_400_ENTRIES_FIRST_PASS_US	18366
LIST_EXNEXT_400_ENTRIES_REPEAT10_TOTAL_US	148864
LIST_EXALL_400_ENTRIES_FIRST_PASS_US	3008
LIST_EXALL_400_ENTRIES_REPEAT10_TOTAL_US	22591
LIST_EXNEXT_1000_ENTRIES_FIRST_PASS_US	34943
LIST_EXNEXT_1000_ENTRIES_REPEAT10_TOTAL_US	334718
LIST_EXALL_1000_ENTRIES_FIRST_PASS_US	6847
LIST_EXALL_1000_ENTRIES_REPEAT10_TOTAL_US	51648
PASS	1
PASS: requested mounted-volume workload outputs are complete and data-checked
