=== BFS vs PFS3 Benchmark (FS-UAE 68040) ===
Evidence directory: /home/fabian/.cache/bfs-performance/exact-fastpath-2026-10-09.hdq3J0/build/benchmark/exact-key-pilot-durable-20261009-fast-1-bfs-first
Mode: durable-compare
Timeout: 600s


=== Machine Info ===
# Machine Info
Kickstart 47.102, Workbench 47.2
System: 68040 68040/060-FPU   (INST: Cache Burst) (DATA: NoCache NoBurst)
Type  Available    In-Use   Maximum   Largest
chip    2028040     52728   2080768   2027968
fast    7687320    701288   8388608   7682264
total   9715360    754016  10469376   7682264


Mounted disks:
Unit      Size       Used       Free Full Errs   Status   Name
DF0       No disk present
DH0      4095M    4194304    4194303  50%   0  Read/Write System
DH1       255M         36      65372   0%   0  Read/Write BFSTest
DH2       Not a DOS disk

Volumes available:
BFSTest [Mounted]
System [Mounted]

=== BFS Results ===
FS_DURABLE_COMPARE	4
DRIVE	DH1:
SMALL_CREATE_40_US	33985
LOOKUP_400_US	90495
SMALL_READ_40_US	20479
LIST_EXNEXT_400_US	30976
LIST_EXALL_400_US	8512
SEQ_WRITE_8M_US	42721
SEQ_READ_8M_US	262527
SMALL_DELETE_40_US	20288
APPEND_4K_1M_US	75264
APPEND_1K_256K_US	62911
APPEND_READ_1280K_US	45248
LIST_EXNEXT_40_ENTRIES_FIRST_PASS_US	12928
LIST_EXNEXT_40_ENTRIES_REPEAT10_TOTAL_US	33023
LIST_EXALL_40_ENTRIES_FIRST_PASS_US	4417
LIST_EXALL_40_ENTRIES_REPEAT10_TOTAL_US	9151
LIST_EXNEXT_400_ENTRIES_FIRST_PASS_US	54719
LIST_EXNEXT_400_ENTRIES_REPEAT10_TOTAL_US	671099
LIST_EXALL_400_ENTRIES_FIRST_PASS_US	53248
LIST_EXALL_400_ENTRIES_REPEAT10_TOTAL_US	413245
LIST_EXNEXT_1000_ENTRIES_FIRST_PASS_US	145535
LIST_EXNEXT_1000_ENTRIES_REPEAT10_TOTAL_US	1581750
LIST_EXALL_1000_ENTRIES_FIRST_PASS_US	97536
LIST_EXALL_1000_ENTRIES_REPEAT10_TOTAL_US	889019
PASS	1

=== PFS3 Results ===
FS_DURABLE_COMPARE	4
DRIVE	DH2:
SMALL_CREATE_40_US	17215
LOOKUP_400_US	66368
SMALL_READ_40_US	14720
LIST_EXNEXT_400_US	12095
LIST_EXALL_400_US	2817
SEQ_WRITE_8M_US	39872
SEQ_READ_8M_US	260799
SMALL_DELETE_40_US	8640
APPEND_4K_1M_US	34688
APPEND_1K_256K_US	23233
APPEND_READ_1280K_US	41983
LIST_EXNEXT_40_ENTRIES_FIRST_PASS_US	1664
LIST_EXNEXT_40_ENTRIES_REPEAT10_TOTAL_US	12352
LIST_EXALL_40_ENTRIES_FIRST_PASS_US	640
LIST_EXALL_40_ENTRIES_REPEAT10_TOTAL_US	2496
LIST_EXNEXT_400_ENTRIES_FIRST_PASS_US	12865
LIST_EXNEXT_400_ENTRIES_REPEAT10_TOTAL_US	113279
LIST_EXALL_400_ENTRIES_FIRST_PASS_US	3648
LIST_EXALL_400_ENTRIES_REPEAT10_TOTAL_US	20608
LIST_EXNEXT_1000_ENTRIES_FIRST_PASS_US	32256
LIST_EXNEXT_1000_ENTRIES_REPEAT10_TOTAL_US	285630
LIST_EXALL_1000_ENTRIES_FIRST_PASS_US	6400
LIST_EXALL_1000_ENTRIES_REPEAT10_TOTAL_US	50239
PASS	1
PASS: requested mounted-volume workload outputs are complete and data-checked
