=== BFS vs PFS3 Benchmark (FS-UAE 68040) ===
Evidence directory: /home/fabian/.cache/bfs-performance/exact-fastpath-2026-10-09.hdq3J0/build/benchmark/exact-key-normal-20261009-range-4-pfs3-first
Mode: compare
Timeout: 600s


=== Machine Info ===
# Machine Info
Kickstart 47.102, Workbench 47.2
System: 68040 68040/060-FPU   (INST: Cache Burst) (DATA: NoCache NoBurst)
Type  Available    In-Use   Maximum   Largest
chip    2028040     52728   2080768   2027968
fast    7687256    701352   8388608   7682200
total   9715296    754080  10469376   7682200


Mounted disks:
Unit      Size       Used       Free Full Errs   Status   Name
DF0       No disk present
DH0      4095M    4194304    4194303  50%   0  Read/Write System
DH1       255M         36      65372   0%   0  Read/Write BFSTest
DH2       Not a DOS disk

Volumes available:
BFSTest [Mounted]
System [Mounted]

=== BFS Results ===
FS_COMPARE_BENCH	4
DRIVE	DH1:
SMALL_CREATE_40_US	30400
LOOKUP_400_US	75905
SMALL_READ_40_US	19455
LIST_EXNEXT_400_US	30720
LIST_EXALL_400_US	9280
SEQ_WRITE_8M_US	39597
SEQ_READ_8M_US	269759
SMALL_DELETE_40_US	17665
APPEND_4K_1M_US	73023
APPEND_1K_256K_US	62015
APPEND_READ_1280K_US	44013
LIST_EXNEXT_40_ENTRIES_FIRST_PASS_US	5953
LIST_EXNEXT_40_ENTRIES_REPEAT10_TOTAL_US	31551
LIST_EXALL_40_ENTRIES_FIRST_PASS_US	3840
LIST_EXALL_40_ENTRIES_REPEAT10_TOTAL_US	9472
LIST_EXNEXT_400_ENTRIES_FIRST_PASS_US	59136
LIST_EXNEXT_400_ENTRIES_REPEAT10_TOTAL_US	567805
LIST_EXALL_400_ENTRIES_FIRST_PASS_US	33662
LIST_EXALL_400_ENTRIES_REPEAT10_TOTAL_US	358975
LIST_EXNEXT_1000_ENTRIES_FIRST_PASS_US	150144
LIST_EXNEXT_1000_ENTRIES_REPEAT10_TOTAL_US	1597238
LIST_EXALL_1000_ENTRIES_FIRST_PASS_US	93247
LIST_EXALL_1000_ENTRIES_REPEAT10_TOTAL_US	930811
PASS	1

=== PFS3 Results ===
FS_COMPARE_BENCH	4
DRIVE	DH2:
SMALL_CREATE_40_US	18241
LOOKUP_400_US	105408
SMALL_READ_40_US	25726
LIST_EXNEXT_400_US	22464
LIST_EXALL_400_US	6847
SEQ_WRITE_8M_US	51583
SEQ_READ_8M_US	261758
SMALL_DELETE_40_US	8000
APPEND_4K_1M_US	33728
APPEND_1K_256K_US	23743
APPEND_READ_1280K_US	40960
LIST_EXNEXT_40_ENTRIES_FIRST_PASS_US	1727
LIST_EXNEXT_40_ENTRIES_REPEAT10_TOTAL_US	12351
LIST_EXALL_40_ENTRIES_FIRST_PASS_US	704
LIST_EXALL_40_ENTRIES_REPEAT10_TOTAL_US	3713
LIST_EXNEXT_400_ENTRIES_FIRST_PASS_US	19648
LIST_EXNEXT_400_ENTRIES_REPEAT10_TOTAL_US	119485
LIST_EXALL_400_ENTRIES_FIRST_PASS_US	2815
LIST_EXALL_400_ENTRIES_REPEAT10_TOTAL_US	20671
LIST_EXNEXT_1000_ENTRIES_FIRST_PASS_US	33279
LIST_EXNEXT_1000_ENTRIES_REPEAT10_TOTAL_US	362943
LIST_EXALL_1000_ENTRIES_FIRST_PASS_US	10945
LIST_EXALL_1000_ENTRIES_REPEAT10_TOTAL_US	53695
PASS	1
PASS: requested mounted-volume workload outputs are complete and data-checked
