=== BFS vs PFS3 Benchmark (FS-UAE 68040) ===
Evidence directory: /home/fabian/.cache/bfs-performance/listing-upgrade-2026-10-08.29qKRc/build/benchmark/cache-capacity-20261008-b30-2-pfs3-first
Mode: compare
Timeout: 600s


=== Machine Info ===
# Machine Info
Kickstart 47.102, Workbench 47.2
System: 68040 68040/060-FPU   (INST: Cache Burst) (DATA: NoCache NoBurst)
Type  Available    In-Use   Maximum   Largest
chip    2028040     52728   2080768   2027968
fast    7689920    698688   8388608   7684880
total   9717960    751416  10469376   7684880


Mounted disks:
Unit      Size       Used       Free Full Errs   Status   Name
DF0       No disk present
DH0      4095M    4194304    4194303  50%   0  Read/Write System
DH1       255M         36      65372   0%   0  Read/Write BFSTest
DH2       Not a DOS disk

Volumes available:
BFSTest [Mounted]
System [Mounted]

=== BFS Results ===
FS_COMPARE_BENCH	4
DRIVE	DH1:
SMALL_CREATE_40_US	28671
LOOKUP_400_US	73983
SMALL_READ_40_US	19839
LIST_EXNEXT_400_US	29952
LIST_EXALL_400_US	8640
SEQ_WRITE_8M_US	37503
SEQ_READ_8M_US	257708
SMALL_DELETE_40_US	17728
APPEND_4K_1M_US	70399
APPEND_1K_256K_US	58303
APPEND_READ_1280K_US	42619
LIST_EXNEXT_40_ENTRIES_FIRST_PASS_US	6208
LIST_EXNEXT_40_ENTRIES_REPEAT10_TOTAL_US	31168
LIST_EXALL_40_ENTRIES_FIRST_PASS_US	3583
LIST_EXALL_40_ENTRIES_REPEAT10_TOTAL_US	9535
LIST_EXNEXT_400_ENTRIES_FIRST_PASS_US	59905
LIST_EXNEXT_400_ENTRIES_REPEAT10_TOTAL_US	635005
LIST_EXALL_400_ENTRIES_FIRST_PASS_US	39706
LIST_EXALL_400_ENTRIES_REPEAT10_TOTAL_US	382271
LIST_EXNEXT_1000_ENTRIES_FIRST_PASS_US	162623
LIST_EXNEXT_1000_ENTRIES_REPEAT10_TOTAL_US	1693111
LIST_EXALL_1000_ENTRIES_FIRST_PASS_US	102720
LIST_EXALL_1000_ENTRIES_REPEAT10_TOTAL_US	1026554
PASS	1

=== PFS3 Results ===
FS_COMPARE_BENCH	4
DRIVE	DH2:
SMALL_CREATE_40_US	16511
LOOKUP_400_US	67071
SMALL_READ_40_US	13632
LIST_EXNEXT_400_US	12351
LIST_EXALL_400_US	2560
SEQ_WRITE_8M_US	38784
SEQ_READ_8M_US	308415
SMALL_DELETE_40_US	8000
APPEND_4K_1M_US	35712
APPEND_1K_256K_US	24192
APPEND_READ_1280K_US	40126
LIST_EXNEXT_40_ENTRIES_FIRST_PASS_US	1728
LIST_EXNEXT_40_ENTRIES_REPEAT10_TOTAL_US	14846
LIST_EXALL_40_ENTRIES_FIRST_PASS_US	512
LIST_EXALL_40_ENTRIES_REPEAT10_TOTAL_US	2497
LIST_EXNEXT_400_ENTRIES_FIRST_PASS_US	18303
LIST_EXNEXT_400_ENTRIES_REPEAT10_TOTAL_US	130367
LIST_EXALL_400_ENTRIES_FIRST_PASS_US	2817
LIST_EXALL_400_ENTRIES_REPEAT10_TOTAL_US	21248
LIST_EXNEXT_1000_ENTRIES_FIRST_PASS_US	31040
LIST_EXNEXT_1000_ENTRIES_REPEAT10_TOTAL_US	280383
LIST_EXALL_1000_ENTRIES_FIRST_PASS_US	6360
LIST_EXALL_1000_ENTRIES_REPEAT10_TOTAL_US	51392
PASS	1
PASS: requested mounted-volume workload outputs are complete and data-checked
