=== BFS vs PFS3 Benchmark (FS-UAE 68040) ===
Evidence directory: /home/fabian/.cache/bfs-performance/status-2026-10-10.NvWrOR/results/status-2-pfs3-first-release040
Mode: compare
Timeout: 600s


=== Machine Info ===
# Machine Info
Kickstart 47.102, Workbench 47.2
System: 68040 68040/060-FPU   (INST: Cache Burst) (DATA: NoCache NoBurst)
Type  Available    In-Use   Maximum   Largest
chip    2028040     52728   2080768   2027968
fast    7529008    859600   8388608   7523936
total   9557048    912328  10469376   7523936


Mounted disks:
Unit      Size       Used       Free Full Errs   Status   Name
DF0       No disk present
DH0      4095M    4194304    4194303  50%   0  Read/Write System
DH1       255M         36      65372   0%   0  Read/Write BFSTest
DH2       Not a DOS disk

Volumes available:
BFSTest [Mounted]
System [Mounted]

=== BFS Results ===
FS_COMPARE_BENCH	4
DRIVE	DH1:
SMALL_CREATE_40_US	29121
LOOKUP_400_US	59264
SMALL_READ_40_US	17663
LIST_EXNEXT_400_US	20160
LIST_EXALL_400_US	7360
SEQ_WRITE_8M_US	27840
SEQ_READ_8M_US	287934
SMALL_DELETE_40_US	13932
APPEND_4K_1M_US	56256
APPEND_1K_256K_US	44929
APPEND_READ_1280K_US	44159
LIST_EXNEXT_40_ENTRIES_FIRST_PASS_US	3840
LIST_EXNEXT_40_ENTRIES_REPEAT10_TOTAL_US	21184
LIST_EXALL_40_ENTRIES_FIRST_PASS_US	1728
LIST_EXALL_40_ENTRIES_REPEAT10_TOTAL_US	7808
LIST_EXNEXT_400_ENTRIES_FIRST_PASS_US	30017
LIST_EXNEXT_400_ENTRIES_REPEAT10_TOTAL_US	208255
LIST_EXALL_400_ENTRIES_FIRST_PASS_US	15423
LIST_EXALL_400_ENTRIES_REPEAT10_TOTAL_US	86526
LIST_EXNEXT_1000_ENTRIES_FIRST_PASS_US	75648
LIST_EXNEXT_1000_ENTRIES_REPEAT10_TOTAL_US	538046
LIST_EXALL_1000_ENTRIES_FIRST_PASS_US	37248
LIST_EXALL_1000_ENTRIES_REPEAT10_TOTAL_US	184062
PASS	1

=== PFS3 Results ===
FS_COMPARE_BENCH	4
DRIVE	DH2:
SMALL_CREATE_40_US	16511
LOOKUP_400_US	66305
SMALL_READ_40_US	13888
LIST_EXNEXT_400_US	12287
LIST_EXALL_400_US	2560
SEQ_WRITE_8M_US	39681
SEQ_READ_8M_US	266175
SMALL_DELETE_40_US	7808
APPEND_4K_1M_US	33087
APPEND_1K_256K_US	23296
APPEND_READ_1280K_US	43328
LIST_EXNEXT_40_ENTRIES_FIRST_PASS_US	1792
LIST_EXNEXT_40_ENTRIES_REPEAT10_TOTAL_US	12160
LIST_EXALL_40_ENTRIES_FIRST_PASS_US	511
LIST_EXALL_40_ENTRIES_REPEAT10_TOTAL_US	2495
LIST_EXNEXT_400_ENTRIES_FIRST_PASS_US	12865
LIST_EXNEXT_400_ENTRIES_REPEAT10_TOTAL_US	117825
LIST_EXALL_400_ENTRIES_FIRST_PASS_US	2688
LIST_EXALL_400_ENTRIES_REPEAT10_TOTAL_US	21311
LIST_EXNEXT_1000_ENTRIES_FIRST_PASS_US	32705
LIST_EXNEXT_1000_ENTRIES_REPEAT10_TOTAL_US	316926
LIST_EXALL_1000_ENTRIES_FIRST_PASS_US	6400
LIST_EXALL_1000_ENTRIES_REPEAT10_TOTAL_US	49665
PASS	1
PASS: requested mounted-volume workload outputs are complete and data-checked
