=== BFS vs PFS3 Benchmark (FS-UAE 68040) ===
Evidence directory: /home/fabian/.cache/bfs-performance/goal-root-2026-10-09.iikmxS/results/goal-root-aa-normal-basea-1-bfs-first
Mode: compare
Timeout: 600s


=== Machine Info ===
# Machine Info
Kickstart 47.102, Workbench 47.2
System: 68040 68040/060-FPU   (INST: Cache Burst) (DATA: NoCache NoBurst)
Type  Available    In-Use   Maximum   Largest
chip    2028040     52728   2080768   2027968
fast    7686824    701784   8388608   7681768
total   9714864    754512  10469376   7681768


Mounted disks:
Unit      Size       Used       Free Full Errs   Status   Name
DF0       No disk present
DH0      4095M    4194304    4194303  50%   0  Read/Write System
DH1       255M         36      65372   0%   0  Read/Write BFSTest
DH2       Not a DOS disk

Volumes available:
BFSTest [Mounted]
System [Mounted]

=== BFS Results ===
FS_COMPARE_BENCH	4
DRIVE	DH1:
SMALL_CREATE_40_US	31488
LOOKUP_400_US	87616
SMALL_READ_40_US	20351
LIST_EXNEXT_400_US	33088
LIST_EXALL_400_US	9089
SEQ_WRITE_8M_US	52542
SEQ_READ_8M_US	277118
SMALL_DELETE_40_US	17855
APPEND_4K_1M_US	89472
APPEND_1K_256K_US	62272
APPEND_READ_1280K_US	46143
LIST_EXNEXT_40_ENTRIES_FIRST_PASS_US	5440
LIST_EXNEXT_40_ENTRIES_REPEAT10_TOTAL_US	31295
LIST_EXALL_40_ENTRIES_FIRST_PASS_US	3456
LIST_EXALL_40_ENTRIES_REPEAT10_TOTAL_US	9536
LIST_EXNEXT_400_ENTRIES_FIRST_PASS_US	54015
LIST_EXNEXT_400_ENTRIES_REPEAT10_TOTAL_US	534012
LIST_EXALL_400_ENTRIES_FIRST_PASS_US	30208
LIST_EXALL_400_ENTRIES_REPEAT10_TOTAL_US	321662
LIST_EXNEXT_1000_ENTRIES_FIRST_PASS_US	139262
LIST_EXNEXT_1000_ENTRIES_REPEAT10_TOTAL_US	1411512
LIST_EXALL_1000_ENTRIES_FIRST_PASS_US	79935
LIST_EXALL_1000_ENTRIES_REPEAT10_TOTAL_US	826236
PASS	1

=== PFS3 Results ===
FS_COMPARE_BENCH	4
DRIVE	DH2:
SMALL_CREATE_40_US	17025
LOOKUP_400_US	66240
SMALL_READ_40_US	14273
LIST_EXNEXT_400_US	12031
LIST_EXALL_400_US	2433
SEQ_WRITE_8M_US	40063
SEQ_READ_8M_US	286462
SMALL_DELETE_40_US	8128
APPEND_4K_1M_US	32448
APPEND_1K_256K_US	23552
APPEND_READ_1280K_US	40045
LIST_EXNEXT_40_ENTRIES_FIRST_PASS_US	1600
LIST_EXNEXT_40_ENTRIES_REPEAT10_TOTAL_US	11840
LIST_EXALL_40_ENTRIES_FIRST_PASS_US	575
LIST_EXALL_40_ENTRIES_REPEAT10_TOTAL_US	2432
LIST_EXNEXT_400_ENTRIES_FIRST_PASS_US	12545
LIST_EXNEXT_400_ENTRIES_REPEAT10_TOTAL_US	111871
LIST_EXALL_400_ENTRIES_FIRST_PASS_US	2752
LIST_EXALL_400_ENTRIES_REPEAT10_TOTAL_US	20351
LIST_EXNEXT_1000_ENTRIES_FIRST_PASS_US	35265
LIST_EXNEXT_1000_ENTRIES_REPEAT10_TOTAL_US	289472
LIST_EXALL_1000_ENTRIES_FIRST_PASS_US	6463
LIST_EXALL_1000_ENTRIES_REPEAT10_TOTAL_US	50432
PASS	1
PASS: requested mounted-volume workload outputs are complete and data-checked
