=== BFS vs PFS3 Benchmark (FS-UAE 68040) ===
Evidence directory: /home/fabian/.cache/bfs-performance/exnext-2026-10-10.8MRoga/results/exnext-4-pfs3-first-candidate
Mode: compare
Timeout: 600s


=== Machine Info ===
# Machine Info
Kickstart 47.102, Workbench 47.2
System: 68040 68040/060-FPU   (INST: Cache Burst) (DATA: NoCache NoBurst)
Type  Available    In-Use   Maximum   Largest
chip    2028040     52728   2080768   2027968
fast    7531240    857368   8388608   7526176
total   9559280    910096  10469376   7526176


Mounted disks:
Unit      Size       Used       Free Full Errs   Status   Name
DF0       No disk present
DH0      4095M    4194304    4194303  50%   0  Read/Write System
DH1       255M         36      65372   0%   0  Read/Write BFSTest
DH2       Not a DOS disk

Volumes available:
BFSTest [Mounted]
System [Mounted]

=== BFS Results ===
FS_COMPARE_BENCH	4
DRIVE	DH1:
SMALL_CREATE_40_US	31295
LOOKUP_400_US	59008
SMALL_READ_40_US	19328
LIST_EXNEXT_400_US	20607
LIST_EXALL_400_US	8256
SEQ_WRITE_8M_US	30337
SEQ_READ_8M_US	285118
SMALL_DELETE_40_US	14017
APPEND_4K_1M_US	56640
APPEND_1K_256K_US	44671
APPEND_READ_1280K_US	44043
LIST_EXNEXT_40_ENTRIES_FIRST_PASS_US	3776
LIST_EXNEXT_40_ENTRIES_REPEAT10_TOTAL_US	21550
LIST_EXALL_40_ENTRIES_FIRST_PASS_US	1728
LIST_EXALL_40_ENTRIES_REPEAT10_TOTAL_US	8512
LIST_EXNEXT_400_ENTRIES_FIRST_PASS_US	31425
LIST_EXNEXT_400_ENTRIES_REPEAT10_TOTAL_US	211391
LIST_EXALL_400_ENTRIES_FIRST_PASS_US	15551
LIST_EXALL_400_ENTRIES_REPEAT10_TOTAL_US	88064
LIST_EXNEXT_1000_ENTRIES_FIRST_PASS_US	77951
LIST_EXNEXT_1000_ENTRIES_REPEAT10_TOTAL_US	539069
LIST_EXALL_1000_ENTRIES_FIRST_PASS_US	40318
LIST_EXALL_1000_ENTRIES_REPEAT10_TOTAL_US	192446
PASS	1

=== PFS3 Results ===
FS_COMPARE_BENCH	4
DRIVE	DH2:
SMALL_CREATE_40_US	24448
LOOKUP_400_US	73471
SMALL_READ_40_US	13825
LIST_EXNEXT_400_US	12095
LIST_EXALL_400_US	2496
SEQ_WRITE_8M_US	39297
SEQ_READ_8M_US	257150
SMALL_DELETE_40_US	7745
APPEND_4K_1M_US	33151
APPEND_1K_256K_US	24000
APPEND_READ_1280K_US	49023
LIST_EXNEXT_40_ENTRIES_FIRST_PASS_US	1600
LIST_EXNEXT_40_ENTRIES_REPEAT10_TOTAL_US	12031
LIST_EXALL_40_ENTRIES_FIRST_PASS_US	705
LIST_EXALL_40_ENTRIES_REPEAT10_TOTAL_US	2559
LIST_EXNEXT_400_ENTRIES_FIRST_PASS_US	12672
LIST_EXNEXT_400_ENTRIES_REPEAT10_TOTAL_US	114304
LIST_EXALL_400_ENTRIES_FIRST_PASS_US	2751
LIST_EXALL_400_ENTRIES_REPEAT10_TOTAL_US	20543
LIST_EXNEXT_1000_ENTRIES_FIRST_PASS_US	32192
LIST_EXNEXT_1000_ENTRIES_REPEAT10_TOTAL_US	309118
LIST_EXALL_1000_ENTRIES_FIRST_PASS_US	7424
LIST_EXALL_1000_ENTRIES_REPEAT10_TOTAL_US	50496
PASS	1
PASS: requested mounted-volume workload outputs are complete and data-checked
