=== BFS vs PFS3 Benchmark (FS-UAE 68040) ===
Evidence directory: /home/fabian/.cache/bfs-performance/splitbatch-2026-10-10.USYRpP/results/splitbatch-8-pfs3-first-ref
Mode: compare
Timeout: 600s


=== Machine Info ===
# Machine Info
Kickstart 47.102, Workbench 47.2
System: 68040 68040/060-FPU   (INST: Cache Burst) (DATA: NoCache NoBurst)
Type  Available    In-Use   Maximum   Largest
chip    2028040     52728   2080768   2027968
fast    7531240    857368   8388608   7526176
total   9559280    910096  10469376   7526176


Mounted disks:
Unit      Size       Used       Free Full Errs   Status   Name
DF0       No disk present
DH0      4095M    4194304    4194303  50%   0  Read/Write System
DH1       255M         36      65372   0%   0  Read/Write BFSTest
DH2       Not a DOS disk

Volumes available:
BFSTest [Mounted]
System [Mounted]

=== BFS Results ===
FS_COMPARE_BENCH	4
DRIVE	DH1:
SMALL_CREATE_40_US	27647
LOOKUP_400_US	70015
SMALL_READ_40_US	16448
LIST_EXNEXT_400_US	20416
LIST_EXALL_400_US	7937
SEQ_WRITE_8M_US	30015
SEQ_READ_8M_US	261439
SMALL_DELETE_40_US	13504
APPEND_4K_1M_US	51200
APPEND_1K_256K_US	55040
APPEND_READ_1280K_US	43457
LIST_EXNEXT_40_ENTRIES_FIRST_PASS_US	3712
LIST_EXNEXT_40_ENTRIES_REPEAT10_TOTAL_US	21503
LIST_EXALL_40_ENTRIES_FIRST_PASS_US	1790
LIST_EXALL_40_ENTRIES_REPEAT10_TOTAL_US	8830
LIST_EXNEXT_400_ENTRIES_FIRST_PASS_US	29246
LIST_EXNEXT_400_ENTRIES_REPEAT10_TOTAL_US	218175
LIST_EXALL_400_ENTRIES_FIRST_PASS_US	15487
LIST_EXALL_400_ENTRIES_REPEAT10_TOTAL_US	77120
LIST_EXNEXT_1000_ENTRIES_FIRST_PASS_US	73856
LIST_EXNEXT_1000_ENTRIES_REPEAT10_TOTAL_US	555453
LIST_EXALL_1000_ENTRIES_FIRST_PASS_US	38464
LIST_EXALL_1000_ENTRIES_REPEAT10_TOTAL_US	205311
PASS	1

=== PFS3 Results ===
FS_COMPARE_BENCH	4
DRIVE	DH2:
SMALL_CREATE_40_US	18049
LOOKUP_400_US	67393
SMALL_READ_40_US	14143
LIST_EXNEXT_400_US	12415
LIST_EXALL_400_US	2497
SEQ_WRITE_8M_US	41407
SEQ_READ_8M_US	263038
SMALL_DELETE_40_US	8384
APPEND_4K_1M_US	32833
APPEND_1K_256K_US	31488
APPEND_READ_1280K_US	43968
LIST_EXNEXT_40_ENTRIES_FIRST_PASS_US	1537
LIST_EXNEXT_40_ENTRIES_REPEAT10_TOTAL_US	11840
LIST_EXALL_40_ENTRIES_FIRST_PASS_US	575
LIST_EXALL_40_ENTRIES_REPEAT10_TOTAL_US	2496
LIST_EXNEXT_400_ENTRIES_FIRST_PASS_US	12289
LIST_EXNEXT_400_ENTRIES_REPEAT10_TOTAL_US	124095
LIST_EXALL_400_ENTRIES_FIRST_PASS_US	3840
LIST_EXALL_400_ENTRIES_REPEAT10_TOTAL_US	20480
LIST_EXNEXT_1000_ENTRIES_FIRST_PASS_US	31168
LIST_EXNEXT_1000_ENTRIES_REPEAT10_TOTAL_US	281662
LIST_EXALL_1000_ENTRIES_FIRST_PASS_US	6784
LIST_EXALL_1000_ENTRIES_REPEAT10_TOTAL_US	50239
PASS	1
PASS: requested mounted-volume workload outputs are complete and data-checked
