=== BFS vs PFS3 Benchmark (FS-UAE 68040) ===
Evidence directory: /home/fabian/.cache/bfs-performance/writeback-2026-10-10.sKa6aK/results/writeback-2-pfs3-first-reference
Mode: compare
Timeout: 600s


=== Machine Info ===
# Machine Info
Kickstart 47.102, Workbench 47.2
System: 68040 68040/060-FPU   (INST: Cache Burst) (DATA: NoCache NoBurst)
Type  Available    In-Use   Maximum   Largest
chip    2028040     52728   2080768   2027968
fast    7534464    854144   8388608   7529392
total   9562504    906872  10469376   7529392


Mounted disks:
Unit      Size       Used       Free Full Errs   Status   Name
DF0       No disk present
DH0      4095M    4194304    4194303  50%   0  Read/Write System
DH1       255M         36      65372   0%   0  Read/Write BFSTest
DH2       Not a DOS disk

Volumes available:
BFSTest [Mounted]
System [Mounted]

=== BFS Results ===
FS_COMPARE_BENCH	4
DRIVE	DH1:
SMALL_CREATE_40_US	31231
LOOKUP_400_US	59200
SMALL_READ_40_US	18881
LIST_EXNEXT_400_US	27840
LIST_EXALL_400_US	7744
SEQ_WRITE_8M_US	37504
SEQ_READ_8M_US	280254
SMALL_DELETE_40_US	14528
APPEND_4K_1M_US	69054
APPEND_1K_256K_US	59585
APPEND_READ_1280K_US	45696
LIST_EXNEXT_40_ENTRIES_FIRST_PASS_US	6337
LIST_EXNEXT_40_ENTRIES_REPEAT10_TOTAL_US	32767
LIST_EXALL_40_ENTRIES_FIRST_PASS_US	1920
LIST_EXALL_40_ENTRIES_REPEAT10_TOTAL_US	8447
LIST_EXNEXT_400_ENTRIES_FIRST_PASS_US	38528
LIST_EXNEXT_400_ENTRIES_REPEAT10_TOTAL_US	284525
LIST_EXALL_400_ENTRIES_FIRST_PASS_US	16192
LIST_EXALL_400_ENTRIES_REPEAT10_TOTAL_US	76481
LIST_EXNEXT_1000_ENTRIES_FIRST_PASS_US	102720
LIST_EXNEXT_1000_ENTRIES_REPEAT10_TOTAL_US	737405
LIST_EXALL_1000_ENTRIES_FIRST_PASS_US	40896
LIST_EXALL_1000_ENTRIES_REPEAT10_TOTAL_US	204479
PASS	1

=== PFS3 Results ===
FS_COMPARE_BENCH	4
DRIVE	DH2:
SMALL_CREATE_40_US	16960
LOOKUP_400_US	66433
SMALL_READ_40_US	14208
LIST_EXNEXT_400_US	11968
LIST_EXALL_400_US	2542
SEQ_WRITE_8M_US	38318
SEQ_READ_8M_US	260035
SMALL_DELETE_40_US	7873
APPEND_4K_1M_US	34688
APPEND_1K_256K_US	23423
APPEND_READ_1280K_US	40705
LIST_EXNEXT_40_ENTRIES_FIRST_PASS_US	3905
LIST_EXNEXT_40_ENTRIES_REPEAT10_TOTAL_US	12416
LIST_EXALL_40_ENTRIES_FIRST_PASS_US	577
LIST_EXALL_40_ENTRIES_REPEAT10_TOTAL_US	2560
LIST_EXNEXT_400_ENTRIES_FIRST_PASS_US	15680
LIST_EXNEXT_400_ENTRIES_REPEAT10_TOTAL_US	115647
LIST_EXALL_400_ENTRIES_FIRST_PASS_US	2688
LIST_EXALL_400_ENTRIES_REPEAT10_TOTAL_US	20288
LIST_EXNEXT_1000_ENTRIES_FIRST_PASS_US	31808
LIST_EXNEXT_1000_ENTRIES_REPEAT10_TOTAL_US	282686
LIST_EXALL_1000_ENTRIES_FIRST_PASS_US	6528
LIST_EXALL_1000_ENTRIES_REPEAT10_TOTAL_US	61311
PASS	1
PASS: requested mounted-volume workload outputs are complete and data-checked
