=== BFS vs PFS3 Benchmark (FS-UAE 68040) ===
Evidence directory: /home/fabian/.cache/bfs-performance/append-attr2-2026-10-10.xibtLq/results/append2-prod-7-bfs-first-mid
Mode: compare
Timeout: 600s


=== Machine Info ===
# Machine Info
Kickstart 47.102, Workbench 47.2
System: 68040 68040/060-FPU   (INST: Cache Burst) (DATA: NoCache NoBurst)
Type  Available    In-Use   Maximum   Largest
chip    2028040     52728   2080768   2027968
fast    7532072    856536   8388608   7526984
total   9560112    909264  10469376   7526984


Mounted disks:
Unit      Size       Used       Free Full Errs   Status   Name
DF0       No disk present
DH0      4095M    4194304    4194303  50%   0  Read/Write System
DH1       255M         36      65372   0%   0  Read/Write BFSTest
DH2       Not a DOS disk

Volumes available:
BFSTest [Mounted]
System [Mounted]

=== BFS Results ===
FS_COMPARE_BENCH	4
DRIVE	DH1:
SMALL_CREATE_40_US	31552
LOOKUP_400_US	59775
SMALL_READ_40_US	18560
LIST_EXNEXT_400_US	27648
LIST_EXALL_400_US	8384
SEQ_WRITE_8M_US	28543
SEQ_READ_8M_US	259711
SMALL_DELETE_40_US	13888
APPEND_4K_1M_US	64192
APPEND_1K_256K_US	43776
APPEND_READ_1280K_US	44735
LIST_EXNEXT_40_ENTRIES_FIRST_PASS_US	4545
LIST_EXNEXT_40_ENTRIES_REPEAT10_TOTAL_US	29120
LIST_EXALL_40_ENTRIES_FIRST_PASS_US	1790
LIST_EXALL_40_ENTRIES_REPEAT10_TOTAL_US	8448
LIST_EXNEXT_400_ENTRIES_FIRST_PASS_US	38337
LIST_EXNEXT_400_ENTRIES_REPEAT10_TOTAL_US	299903
LIST_EXALL_400_ENTRIES_FIRST_PASS_US	16705
LIST_EXALL_400_ENTRIES_REPEAT10_TOTAL_US	77101
LIST_EXNEXT_1000_ENTRIES_FIRST_PASS_US	93951
LIST_EXNEXT_1000_ENTRIES_REPEAT10_TOTAL_US	739964
LIST_EXALL_1000_ENTRIES_FIRST_PASS_US	40256
LIST_EXALL_1000_ENTRIES_REPEAT10_TOTAL_US	193470
PASS	1

=== PFS3 Results ===
FS_COMPARE_BENCH	4
DRIVE	DH2:
SMALL_CREATE_40_US	16192
LOOKUP_400_US	77375
SMALL_READ_40_US	14465
LIST_EXNEXT_400_US	12288
LIST_EXALL_400_US	2495
SEQ_WRITE_8M_US	39360
SEQ_READ_8M_US	258944
SMALL_DELETE_40_US	8385
APPEND_4K_1M_US	43008
APPEND_1K_256K_US	39488
APPEND_READ_1280K_US	83391
LIST_EXNEXT_40_ENTRIES_FIRST_PASS_US	1665
LIST_EXNEXT_40_ENTRIES_REPEAT10_TOTAL_US	12223
LIST_EXALL_40_ENTRIES_FIRST_PASS_US	577
LIST_EXALL_40_ENTRIES_REPEAT10_TOTAL_US	2560
LIST_EXNEXT_400_ENTRIES_FIRST_PASS_US	13695
LIST_EXNEXT_400_ENTRIES_REPEAT10_TOTAL_US	125311
LIST_EXALL_400_ENTRIES_FIRST_PASS_US	2817
LIST_EXALL_400_ENTRIES_REPEAT10_TOTAL_US	20095
LIST_EXNEXT_1000_ENTRIES_FIRST_PASS_US	30975
LIST_EXNEXT_1000_ENTRIES_REPEAT10_TOTAL_US	277821
LIST_EXALL_1000_ENTRIES_FIRST_PASS_US	6977
LIST_EXALL_1000_ENTRIES_REPEAT10_TOTAL_US	53952
PASS	1
PASS: requested mounted-volume workload outputs are complete and data-checked
