=== BFS vs PFS3 Benchmark (FS-UAE 68040) ===
Evidence directory: /home/fabian/.cache/bfs-performance/listing-upgrade-2026-10-08.29qKRc/build/benchmark/leaf-range-durable-20261008-range-6-pfs3-first
Mode: durable-compare
Timeout: 600s


=== Machine Info ===
# Machine Info
Kickstart 47.102, Workbench 47.2
System: 68040 68040/060-FPU   (INST: Cache Burst) (DATA: NoCache NoBurst)
Type  Available    In-Use   Maximum   Largest
chip    2028040     52728   2080768   2027968
fast    7687256    701352   8388608   7682200
total   9715296    754080  10469376   7682200


Mounted disks:
Unit      Size       Used       Free Full Errs   Status   Name
DF0       No disk present
DH0      4095M    4194304    4194303  50%   0  Read/Write System
DH1       255M         36      65372   0%   0  Read/Write BFSTest
DH2       Not a DOS disk

Volumes available:
BFSTest [Mounted]
System [Mounted]

=== BFS Results ===
FS_DURABLE_COMPARE	4
DRIVE	DH1:
SMALL_CREATE_40_US	37184
LOOKUP_400_US	75711
SMALL_READ_40_US	21057
LIST_EXNEXT_400_US	31040
LIST_EXALL_400_US	9151
SEQ_WRITE_8M_US	43711
SEQ_READ_8M_US	265727
SMALL_DELETE_40_US	20096
APPEND_4K_1M_US	79488
APPEND_1K_256K_US	63341
APPEND_READ_1280K_US	43711
LIST_EXNEXT_40_ENTRIES_FIRST_PASS_US	6272
LIST_EXNEXT_40_ENTRIES_REPEAT10_TOTAL_US	32167
LIST_EXALL_40_ENTRIES_FIRST_PASS_US	4160
LIST_EXALL_40_ENTRIES_REPEAT10_TOTAL_US	9600
LIST_EXNEXT_400_ENTRIES_FIRST_PASS_US	57664
LIST_EXNEXT_400_ENTRIES_REPEAT10_TOTAL_US	575102
LIST_EXALL_400_ENTRIES_FIRST_PASS_US	35711
LIST_EXALL_400_ENTRIES_REPEAT10_TOTAL_US	388606
LIST_EXNEXT_1000_ENTRIES_FIRST_PASS_US	148927
LIST_EXNEXT_1000_ENTRIES_REPEAT10_TOTAL_US	1623285
LIST_EXALL_1000_ENTRIES_FIRST_PASS_US	89600
LIST_EXALL_1000_ENTRIES_REPEAT10_TOTAL_US	967417
PASS	1

=== PFS3 Results ===
FS_DURABLE_COMPARE	4
DRIVE	DH2:
SMALL_CREATE_40_US	18816
LOOKUP_400_US	67329
SMALL_READ_40_US	14400
LIST_EXNEXT_400_US	12223
LIST_EXALL_400_US	2496
SEQ_WRITE_8M_US	40896
SEQ_READ_8M_US	333246
SMALL_DELETE_40_US	8896
APPEND_4K_1M_US	34048
APPEND_1K_256K_US	24192
APPEND_READ_1280K_US	43071
LIST_EXNEXT_40_ENTRIES_FIRST_PASS_US	1536
LIST_EXNEXT_40_ENTRIES_REPEAT10_TOTAL_US	12352
LIST_EXALL_40_ENTRIES_FIRST_PASS_US	576
LIST_EXALL_40_ENTRIES_REPEAT10_TOTAL_US	2432
LIST_EXNEXT_400_ENTRIES_FIRST_PASS_US	13056
LIST_EXNEXT_400_ENTRIES_REPEAT10_TOTAL_US	115199
LIST_EXALL_400_ENTRIES_FIRST_PASS_US	2944
LIST_EXALL_400_ENTRIES_REPEAT10_TOTAL_US	20416
LIST_EXNEXT_1000_ENTRIES_FIRST_PASS_US	33345
LIST_EXNEXT_1000_ENTRIES_REPEAT10_TOTAL_US	282623
LIST_EXALL_1000_ENTRIES_FIRST_PASS_US	6400
LIST_EXALL_1000_ENTRIES_REPEAT10_TOTAL_US	50048
PASS	1
PASS: requested mounted-volume workload outputs are complete and data-checked
