./README.md: OK
./actual-ci-state.log: OK
./actual-parser-smoke.log: OK
./all-summary-asset-tests.log: OK
./asset-check.log: OK
./asset-tests-initial-failure.log: OK
./confirm-aa-durable-m5a-1-bfs-first/bench.fs-uae: OK
./confirm-aa-durable-m5a-1-bfs-first/bfs-rdb-info.txt: OK
./confirm-aa-durable-m5a-1-bfs-first/bfs-rdb.json: OK
./confirm-aa-durable-m5a-1-bfs-first/build.log: OK
./confirm-aa-durable-m5a-1-bfs-first/fs-uae.log: OK
./confirm-aa-durable-m5a-1-bfs-first/installed-assets.sha256: OK
./confirm-aa-durable-m5a-1-bfs-first/run.log: OK
./confirm-aa-durable-m5a-1-bfs-first/runtime-inputs.post.sha256: OK
./confirm-aa-durable-m5a-1-bfs-first/runtime-inputs.sha256: OK
./confirm-aa-durable-m5a-1-bfs-first/system/Results/bfs.durable.tsv: OK
./confirm-aa-durable-m5a-1-bfs-first/system/Results/complete.txt: OK
./confirm-aa-durable-m5a-1-bfs-first/system/Results/format-pfs3.txt: OK
./confirm-aa-durable-m5a-1-bfs-first/system/Results/info-after-format.txt: OK
./confirm-aa-durable-m5a-1-bfs-first/system/Results/info.txt: OK
./confirm-aa-durable-m5a-1-bfs-first/system/Results/pfs3.durable.tsv: OK
./confirm-aa-durable-m5a-1-bfs-first/system/Results/phase-bfs.txt: OK
./confirm-aa-durable-m5a-1-bfs-first/system/Results/phase-pfs3.txt: OK
./confirm-aa-durable-m5a-1-bfs-first/system/S/Startup-Sequence: OK
./confirm-aa-durable-m5a-2-pfs3-first/bench.fs-uae: OK
./confirm-aa-durable-m5a-2-pfs3-first/bfs-rdb-info.txt: OK
./confirm-aa-durable-m5a-2-pfs3-first/bfs-rdb.json: OK
./confirm-aa-durable-m5a-2-pfs3-first/build.log: OK
./confirm-aa-durable-m5a-2-pfs3-first/fs-uae.log: OK
./confirm-aa-durable-m5a-2-pfs3-first/installed-assets.sha256: OK
./confirm-aa-durable-m5a-2-pfs3-first/run.log: OK
./confirm-aa-durable-m5a-2-pfs3-first/runtime-inputs.post.sha256: OK
./confirm-aa-durable-m5a-2-pfs3-first/runtime-inputs.sha256: OK
./confirm-aa-durable-m5a-2-pfs3-first/system/Results/bfs.durable.tsv: OK
./confirm-aa-durable-m5a-2-pfs3-first/system/Results/complete.txt: OK
./confirm-aa-durable-m5a-2-pfs3-first/system/Results/format-pfs3.txt: OK
./confirm-aa-durable-m5a-2-pfs3-first/system/Results/info-after-format.txt: OK
./confirm-aa-durable-m5a-2-pfs3-first/system/Results/info.txt: OK
./confirm-aa-durable-m5a-2-pfs3-first/system/Results/pfs3.durable.tsv: OK
./confirm-aa-durable-m5a-2-pfs3-first/system/Results/phase-bfs.txt: OK
./confirm-aa-durable-m5a-2-pfs3-first/system/Results/phase-pfs3.txt: OK
./confirm-aa-durable-m5a-2-pfs3-first/system/S/Startup-Sequence: OK
./confirm-aa-durable-m5b-1-bfs-first/bench.fs-uae: OK
./confirm-aa-durable-m5b-1-bfs-first/bfs-rdb-info.txt: OK
./confirm-aa-durable-m5b-1-bfs-first/bfs-rdb.json: OK
./confirm-aa-durable-m5b-1-bfs-first/build.log: OK
./confirm-aa-durable-m5b-1-bfs-first/fs-uae.log: OK
./confirm-aa-durable-m5b-1-bfs-first/installed-assets.sha256: OK
./confirm-aa-durable-m5b-1-bfs-first/run.log: OK
./confirm-aa-durable-m5b-1-bfs-first/runtime-inputs.post.sha256: OK
./confirm-aa-durable-m5b-1-bfs-first/runtime-inputs.sha256: OK
./confirm-aa-durable-m5b-1-bfs-first/system/Results/bfs.durable.tsv: OK
./confirm-aa-durable-m5b-1-bfs-first/system/Results/complete.txt: OK
./confirm-aa-durable-m5b-1-bfs-first/system/Results/format-pfs3.txt: OK
./confirm-aa-durable-m5b-1-bfs-first/system/Results/info-after-format.txt: OK
./confirm-aa-durable-m5b-1-bfs-first/system/Results/info.txt: OK
./confirm-aa-durable-m5b-1-bfs-first/system/Results/pfs3.durable.tsv: OK
./confirm-aa-durable-m5b-1-bfs-first/system/Results/phase-bfs.txt: OK
./confirm-aa-durable-m5b-1-bfs-first/system/Results/phase-pfs3.txt: OK
./confirm-aa-durable-m5b-1-bfs-first/system/S/Startup-Sequence: OK
./confirm-aa-durable-m5b-2-pfs3-first/bench.fs-uae: OK
./confirm-aa-durable-m5b-2-pfs3-first/bfs-rdb-info.txt: OK
./confirm-aa-durable-m5b-2-pfs3-first/bfs-rdb.json: OK
./confirm-aa-durable-m5b-2-pfs3-first/build.log: OK
./confirm-aa-durable-m5b-2-pfs3-first/fs-uae.log: OK
./confirm-aa-durable-m5b-2-pfs3-first/installed-assets.sha256: OK
./confirm-aa-durable-m5b-2-pfs3-first/run.log: OK
./confirm-aa-durable-m5b-2-pfs3-first/runtime-inputs.post.sha256: OK
./confirm-aa-durable-m5b-2-pfs3-first/runtime-inputs.sha256: OK
./confirm-aa-durable-m5b-2-pfs3-first/system/Results/bfs.durable.tsv: OK
./confirm-aa-durable-m5b-2-pfs3-first/system/Results/complete.txt: OK
./confirm-aa-durable-m5b-2-pfs3-first/system/Results/format-pfs3.txt: OK
./confirm-aa-durable-m5b-2-pfs3-first/system/Results/info-after-format.txt: OK
./confirm-aa-durable-m5b-2-pfs3-first/system/Results/info.txt: OK
./confirm-aa-durable-m5b-2-pfs3-first/system/Results/pfs3.durable.tsv: OK
./confirm-aa-durable-m5b-2-pfs3-first/system/Results/phase-bfs.txt: OK
./confirm-aa-durable-m5b-2-pfs3-first/system/Results/phase-pfs3.txt: OK
./confirm-aa-durable-m5b-2-pfs3-first/system/S/Startup-Sequence: OK
./confirm-aa-normal-m5a-1-bfs-first/bench.fs-uae: OK
./confirm-aa-normal-m5a-1-bfs-first/bfs-rdb-info.txt: OK
./confirm-aa-normal-m5a-1-bfs-first/bfs-rdb.json: OK
./confirm-aa-normal-m5a-1-bfs-first/build.log: OK
./confirm-aa-normal-m5a-1-bfs-first/fs-uae.log: OK
./confirm-aa-normal-m5a-1-bfs-first/installed-assets.sha256: OK
./confirm-aa-normal-m5a-1-bfs-first/run.log: OK
./confirm-aa-normal-m5a-1-bfs-first/runtime-inputs.post.sha256: OK
./confirm-aa-normal-m5a-1-bfs-first/runtime-inputs.sha256: OK
./confirm-aa-normal-m5a-1-bfs-first/system/Results/bfs.tsv: OK
./confirm-aa-normal-m5a-1-bfs-first/system/Results/complete.txt: OK
./confirm-aa-normal-m5a-1-bfs-first/system/Results/format-pfs3.txt: OK
./confirm-aa-normal-m5a-1-bfs-first/system/Results/info-after-format.txt: OK
./confirm-aa-normal-m5a-1-bfs-first/system/Results/info.txt: OK
./confirm-aa-normal-m5a-1-bfs-first/system/Results/pfs3.tsv: OK
./confirm-aa-normal-m5a-1-bfs-first/system/Results/phase-bfs.txt: OK
./confirm-aa-normal-m5a-1-bfs-first/system/Results/phase-pfs3.txt: OK
./confirm-aa-normal-m5a-1-bfs-first/system/S/Startup-Sequence: OK
./confirm-aa-normal-m5a-2-pfs3-first/bench.fs-uae: OK
./confirm-aa-normal-m5a-2-pfs3-first/bfs-rdb-info.txt: OK
./confirm-aa-normal-m5a-2-pfs3-first/bfs-rdb.json: OK
./confirm-aa-normal-m5a-2-pfs3-first/build.log: OK
./confirm-aa-normal-m5a-2-pfs3-first/fs-uae.log: OK
./confirm-aa-normal-m5a-2-pfs3-first/installed-assets.sha256: OK
./confirm-aa-normal-m5a-2-pfs3-first/run.log: OK
./confirm-aa-normal-m5a-2-pfs3-first/runtime-inputs.post.sha256: OK
./confirm-aa-normal-m5a-2-pfs3-first/runtime-inputs.sha256: OK
./confirm-aa-normal-m5a-2-pfs3-first/system/Results/bfs.tsv: OK
./confirm-aa-normal-m5a-2-pfs3-first/system/Results/complete.txt: OK
./confirm-aa-normal-m5a-2-pfs3-first/system/Results/format-pfs3.txt: OK
./confirm-aa-normal-m5a-2-pfs3-first/system/Results/info-after-format.txt: OK
./confirm-aa-normal-m5a-2-pfs3-first/system/Results/info.txt: OK
./confirm-aa-normal-m5a-2-pfs3-first/system/Results/pfs3.tsv: OK
./confirm-aa-normal-m5a-2-pfs3-first/system/Results/phase-bfs.txt: OK
./confirm-aa-normal-m5a-2-pfs3-first/system/Results/phase-pfs3.txt: OK
./confirm-aa-normal-m5a-2-pfs3-first/system/S/Startup-Sequence: OK
./confirm-aa-normal-m5b-1-bfs-first/bench.fs-uae: OK
./confirm-aa-normal-m5b-1-bfs-first/bfs-rdb-info.txt: OK
./confirm-aa-normal-m5b-1-bfs-first/bfs-rdb.json: OK
./confirm-aa-normal-m5b-1-bfs-first/build.log: OK
./confirm-aa-normal-m5b-1-bfs-first/fs-uae.log: OK
./confirm-aa-normal-m5b-1-bfs-first/installed-assets.sha256: OK
./confirm-aa-normal-m5b-1-bfs-first/run.log: OK
./confirm-aa-normal-m5b-1-bfs-first/runtime-inputs.post.sha256: OK
./confirm-aa-normal-m5b-1-bfs-first/runtime-inputs.sha256: OK
./confirm-aa-normal-m5b-1-bfs-first/system/Results/bfs.tsv: OK
./confirm-aa-normal-m5b-1-bfs-first/system/Results/complete.txt: OK
./confirm-aa-normal-m5b-1-bfs-first/system/Results/format-pfs3.txt: OK
./confirm-aa-normal-m5b-1-bfs-first/system/Results/info-after-format.txt: OK
./confirm-aa-normal-m5b-1-bfs-first/system/Results/info.txt: OK
./confirm-aa-normal-m5b-1-bfs-first/system/Results/pfs3.tsv: OK
./confirm-aa-normal-m5b-1-bfs-first/system/Results/phase-bfs.txt: OK
./confirm-aa-normal-m5b-1-bfs-first/system/Results/phase-pfs3.txt: OK
./confirm-aa-normal-m5b-1-bfs-first/system/S/Startup-Sequence: OK
./confirm-aa-normal-m5b-2-pfs3-first/bench.fs-uae: OK
./confirm-aa-normal-m5b-2-pfs3-first/bfs-rdb-info.txt: OK
./confirm-aa-normal-m5b-2-pfs3-first/bfs-rdb.json: OK
./confirm-aa-normal-m5b-2-pfs3-first/build.log: OK
./confirm-aa-normal-m5b-2-pfs3-first/fs-uae.log: OK
./confirm-aa-normal-m5b-2-pfs3-first/installed-assets.sha256: OK
./confirm-aa-normal-m5b-2-pfs3-first/run.log: OK
./confirm-aa-normal-m5b-2-pfs3-first/runtime-inputs.post.sha256: OK
./confirm-aa-normal-m5b-2-pfs3-first/runtime-inputs.sha256: OK
./confirm-aa-normal-m5b-2-pfs3-first/system/Results/bfs.tsv: OK
./confirm-aa-normal-m5b-2-pfs3-first/system/Results/complete.txt: OK
./confirm-aa-normal-m5b-2-pfs3-first/system/Results/format-pfs3.txt: OK
./confirm-aa-normal-m5b-2-pfs3-first/system/Results/info-after-format.txt: OK
./confirm-aa-normal-m5b-2-pfs3-first/system/Results/info.txt: OK
./confirm-aa-normal-m5b-2-pfs3-first/system/Results/pfs3.tsv: OK
./confirm-aa-normal-m5b-2-pfs3-first/system/Results/phase-bfs.txt: OK
./confirm-aa-normal-m5b-2-pfs3-first/system/Results/phase-pfs3.txt: OK
./confirm-aa-normal-m5b-2-pfs3-first/system/S/Startup-Sequence: OK
./confirm-durable-m5-1-bfs-first/bench.fs-uae: OK
./confirm-durable-m5-1-bfs-first/bfs-rdb-info.txt: OK
./confirm-durable-m5-1-bfs-first/bfs-rdb.json: OK
./confirm-durable-m5-1-bfs-first/build.log: OK
./confirm-durable-m5-1-bfs-first/fs-uae.log: OK
./confirm-durable-m5-1-bfs-first/installed-assets.sha256: OK
./confirm-durable-m5-1-bfs-first/run.log: OK
./confirm-durable-m5-1-bfs-first/runtime-inputs.post.sha256: OK
./confirm-durable-m5-1-bfs-first/runtime-inputs.sha256: OK
./confirm-durable-m5-1-bfs-first/system/Results/bfs.durable.tsv: OK
./confirm-durable-m5-1-bfs-first/system/Results/complete.txt: OK
./confirm-durable-m5-1-bfs-first/system/Results/format-pfs3.txt: OK
./confirm-durable-m5-1-bfs-first/system/Results/info-after-format.txt: OK
./confirm-durable-m5-1-bfs-first/system/Results/info.txt: OK
./confirm-durable-m5-1-bfs-first/system/Results/pfs3.durable.tsv: OK
./confirm-durable-m5-1-bfs-first/system/Results/phase-bfs.txt: OK
./confirm-durable-m5-1-bfs-first/system/Results/phase-pfs3.txt: OK
./confirm-durable-m5-1-bfs-first/system/S/Startup-Sequence: OK
./confirm-durable-m5-2-pfs3-first/bench.fs-uae: OK
./confirm-durable-m5-2-pfs3-first/bfs-rdb-info.txt: OK
./confirm-durable-m5-2-pfs3-first/bfs-rdb.json: OK
./confirm-durable-m5-2-pfs3-first/build.log: OK
./confirm-durable-m5-2-pfs3-first/fs-uae.log: OK
./confirm-durable-m5-2-pfs3-first/installed-assets.sha256: OK
./confirm-durable-m5-2-pfs3-first/run.log: OK
./confirm-durable-m5-2-pfs3-first/runtime-inputs.post.sha256: OK
./confirm-durable-m5-2-pfs3-first/runtime-inputs.sha256: OK
./confirm-durable-m5-2-pfs3-first/system/Results/bfs.durable.tsv: OK
./confirm-durable-m5-2-pfs3-first/system/Results/complete.txt: OK
./confirm-durable-m5-2-pfs3-first/system/Results/format-pfs3.txt: OK
./confirm-durable-m5-2-pfs3-first/system/Results/info-after-format.txt: OK
./confirm-durable-m5-2-pfs3-first/system/Results/info.txt: OK
./confirm-durable-m5-2-pfs3-first/system/Results/pfs3.durable.tsv: OK
./confirm-durable-m5-2-pfs3-first/system/Results/phase-bfs.txt: OK
./confirm-durable-m5-2-pfs3-first/system/Results/phase-pfs3.txt: OK
./confirm-durable-m5-2-pfs3-first/system/S/Startup-Sequence: OK
./confirm-durable-m5-3-bfs-first/bench.fs-uae: OK
./confirm-durable-m5-3-bfs-first/bfs-rdb-info.txt: OK
./confirm-durable-m5-3-bfs-first/bfs-rdb.json: OK
./confirm-durable-m5-3-bfs-first/build.log: OK
./confirm-durable-m5-3-bfs-first/fs-uae.log: OK
./confirm-durable-m5-3-bfs-first/installed-assets.sha256: OK
./confirm-durable-m5-3-bfs-first/run.log: OK
./confirm-durable-m5-3-bfs-first/runtime-inputs.post.sha256: OK
./confirm-durable-m5-3-bfs-first/runtime-inputs.sha256: OK
./confirm-durable-m5-3-bfs-first/system/Results/bfs.durable.tsv: OK
./confirm-durable-m5-3-bfs-first/system/Results/complete.txt: OK
./confirm-durable-m5-3-bfs-first/system/Results/format-pfs3.txt: OK
./confirm-durable-m5-3-bfs-first/system/Results/info-after-format.txt: OK
./confirm-durable-m5-3-bfs-first/system/Results/info.txt: OK
./confirm-durable-m5-3-bfs-first/system/Results/pfs3.durable.tsv: OK
./confirm-durable-m5-3-bfs-first/system/Results/phase-bfs.txt: OK
./confirm-durable-m5-3-bfs-first/system/Results/phase-pfs3.txt: OK
./confirm-durable-m5-3-bfs-first/system/S/Startup-Sequence: OK
./confirm-durable-m5-4-pfs3-first/bench.fs-uae: OK
./confirm-durable-m5-4-pfs3-first/bfs-rdb-info.txt: OK
./confirm-durable-m5-4-pfs3-first/bfs-rdb.json: OK
./confirm-durable-m5-4-pfs3-first/build.log: OK
./confirm-durable-m5-4-pfs3-first/fs-uae.log: OK
./confirm-durable-m5-4-pfs3-first/installed-assets.sha256: OK
./confirm-durable-m5-4-pfs3-first/run.log: OK
./confirm-durable-m5-4-pfs3-first/runtime-inputs.post.sha256: OK
./confirm-durable-m5-4-pfs3-first/runtime-inputs.sha256: OK
./confirm-durable-m5-4-pfs3-first/system/Results/bfs.durable.tsv: OK
./confirm-durable-m5-4-pfs3-first/system/Results/complete.txt: OK
./confirm-durable-m5-4-pfs3-first/system/Results/format-pfs3.txt: OK
./confirm-durable-m5-4-pfs3-first/system/Results/info-after-format.txt: OK
./confirm-durable-m5-4-pfs3-first/system/Results/info.txt: OK
./confirm-durable-m5-4-pfs3-first/system/Results/pfs3.durable.tsv: OK
./confirm-durable-m5-4-pfs3-first/system/Results/phase-bfs.txt: OK
./confirm-durable-m5-4-pfs3-first/system/Results/phase-pfs3.txt: OK
./confirm-durable-m5-4-pfs3-first/system/S/Startup-Sequence: OK
./confirm-durable-m5-5-bfs-first/bench.fs-uae: OK
./confirm-durable-m5-5-bfs-first/bfs-rdb-info.txt: OK
./confirm-durable-m5-5-bfs-first/bfs-rdb.json: OK
./confirm-durable-m5-5-bfs-first/build.log: OK
./confirm-durable-m5-5-bfs-first/fs-uae.log: OK
./confirm-durable-m5-5-bfs-first/installed-assets.sha256: OK
./confirm-durable-m5-5-bfs-first/run.log: OK
./confirm-durable-m5-5-bfs-first/runtime-inputs.post.sha256: OK
./confirm-durable-m5-5-bfs-first/runtime-inputs.sha256: OK
./confirm-durable-m5-5-bfs-first/system/Results/bfs.durable.tsv: OK
./confirm-durable-m5-5-bfs-first/system/Results/complete.txt: OK
./confirm-durable-m5-5-bfs-first/system/Results/format-pfs3.txt: OK
./confirm-durable-m5-5-bfs-first/system/Results/info-after-format.txt: OK
./confirm-durable-m5-5-bfs-first/system/Results/info.txt: OK
./confirm-durable-m5-5-bfs-first/system/Results/pfs3.durable.tsv: OK
./confirm-durable-m5-5-bfs-first/system/Results/phase-bfs.txt: OK
./confirm-durable-m5-5-bfs-first/system/Results/phase-pfs3.txt: OK
./confirm-durable-m5-5-bfs-first/system/S/Startup-Sequence: OK
./confirm-durable-m5-6-pfs3-first/bench.fs-uae: OK
./confirm-durable-m5-6-pfs3-first/bfs-rdb-info.txt: OK
./confirm-durable-m5-6-pfs3-first/bfs-rdb.json: OK
./confirm-durable-m5-6-pfs3-first/build.log: OK
./confirm-durable-m5-6-pfs3-first/fs-uae.log: OK
./confirm-durable-m5-6-pfs3-first/installed-assets.sha256: OK
./confirm-durable-m5-6-pfs3-first/run.log: OK
./confirm-durable-m5-6-pfs3-first/runtime-inputs.post.sha256: OK
./confirm-durable-m5-6-pfs3-first/runtime-inputs.sha256: OK
./confirm-durable-m5-6-pfs3-first/system/Results/bfs.durable.tsv: OK
./confirm-durable-m5-6-pfs3-first/system/Results/complete.txt: OK
./confirm-durable-m5-6-pfs3-first/system/Results/format-pfs3.txt: OK
./confirm-durable-m5-6-pfs3-first/system/Results/info-after-format.txt: OK
./confirm-durable-m5-6-pfs3-first/system/Results/info.txt: OK
./confirm-durable-m5-6-pfs3-first/system/Results/pfs3.durable.tsv: OK
./confirm-durable-m5-6-pfs3-first/system/Results/phase-bfs.txt: OK
./confirm-durable-m5-6-pfs3-first/system/Results/phase-pfs3.txt: OK
./confirm-durable-m5-6-pfs3-first/system/S/Startup-Sequence: OK
./confirm-durable-m5-7-bfs-first/bench.fs-uae: OK
./confirm-durable-m5-7-bfs-first/bfs-rdb-info.txt: OK
./confirm-durable-m5-7-bfs-first/bfs-rdb.json: OK
./confirm-durable-m5-7-bfs-first/build.log: OK
./confirm-durable-m5-7-bfs-first/fs-uae.log: OK
./confirm-durable-m5-7-bfs-first/installed-assets.sha256: OK
./confirm-durable-m5-7-bfs-first/run.log: OK
./confirm-durable-m5-7-bfs-first/runtime-inputs.post.sha256: OK
./confirm-durable-m5-7-bfs-first/runtime-inputs.sha256: OK
./confirm-durable-m5-7-bfs-first/system/Results/bfs.durable.tsv: OK
./confirm-durable-m5-7-bfs-first/system/Results/complete.txt: OK
./confirm-durable-m5-7-bfs-first/system/Results/format-pfs3.txt: OK
./confirm-durable-m5-7-bfs-first/system/Results/info-after-format.txt: OK
./confirm-durable-m5-7-bfs-first/system/Results/info.txt: OK
./confirm-durable-m5-7-bfs-first/system/Results/pfs3.durable.tsv: OK
./confirm-durable-m5-7-bfs-first/system/Results/phase-bfs.txt: OK
./confirm-durable-m5-7-bfs-first/system/Results/phase-pfs3.txt: OK
./confirm-durable-m5-7-bfs-first/system/S/Startup-Sequence: OK
./confirm-durable-m5-8-pfs3-first/bench.fs-uae: OK
./confirm-durable-m5-8-pfs3-first/bfs-rdb-info.txt: OK
./confirm-durable-m5-8-pfs3-first/bfs-rdb.json: OK
./confirm-durable-m5-8-pfs3-first/build.log: OK
./confirm-durable-m5-8-pfs3-first/fs-uae.log: OK
./confirm-durable-m5-8-pfs3-first/installed-assets.sha256: OK
./confirm-durable-m5-8-pfs3-first/run.log: OK
./confirm-durable-m5-8-pfs3-first/runtime-inputs.post.sha256: OK
./confirm-durable-m5-8-pfs3-first/runtime-inputs.sha256: OK
./confirm-durable-m5-8-pfs3-first/system/Results/bfs.durable.tsv: OK
./confirm-durable-m5-8-pfs3-first/system/Results/complete.txt: OK
./confirm-durable-m5-8-pfs3-first/system/Results/format-pfs3.txt: OK
./confirm-durable-m5-8-pfs3-first/system/Results/info-after-format.txt: OK
./confirm-durable-m5-8-pfs3-first/system/Results/info.txt: OK
./confirm-durable-m5-8-pfs3-first/system/Results/pfs3.durable.tsv: OK
./confirm-durable-m5-8-pfs3-first/system/Results/phase-bfs.txt: OK
./confirm-durable-m5-8-pfs3-first/system/Results/phase-pfs3.txt: OK
./confirm-durable-m5-8-pfs3-first/system/S/Startup-Sequence: OK
./confirm-durable-sparse-1-bfs-first/bench.fs-uae: OK
./confirm-durable-sparse-1-bfs-first/bfs-rdb-info.txt: OK
./confirm-durable-sparse-1-bfs-first/bfs-rdb.json: OK
./confirm-durable-sparse-1-bfs-first/build.log: OK
./confirm-durable-sparse-1-bfs-first/fs-uae.log: OK
./confirm-durable-sparse-1-bfs-first/installed-assets.sha256: OK
./confirm-durable-sparse-1-bfs-first/run.log: OK
./confirm-durable-sparse-1-bfs-first/runtime-inputs.post.sha256: OK
./confirm-durable-sparse-1-bfs-first/runtime-inputs.sha256: OK
./confirm-durable-sparse-1-bfs-first/system/Results/bfs.durable.tsv: OK
./confirm-durable-sparse-1-bfs-first/system/Results/complete.txt: OK
./confirm-durable-sparse-1-bfs-first/system/Results/format-pfs3.txt: OK
./confirm-durable-sparse-1-bfs-first/system/Results/info-after-format.txt: OK
./confirm-durable-sparse-1-bfs-first/system/Results/info.txt: OK
./confirm-durable-sparse-1-bfs-first/system/Results/pfs3.durable.tsv: OK
./confirm-durable-sparse-1-bfs-first/system/Results/phase-bfs.txt: OK
./confirm-durable-sparse-1-bfs-first/system/Results/phase-pfs3.txt: OK
./confirm-durable-sparse-1-bfs-first/system/S/Startup-Sequence: OK
./confirm-durable-sparse-2-pfs3-first/bench.fs-uae: OK
./confirm-durable-sparse-2-pfs3-first/bfs-rdb-info.txt: OK
./confirm-durable-sparse-2-pfs3-first/bfs-rdb.json: OK
./confirm-durable-sparse-2-pfs3-first/build.log: OK
./confirm-durable-sparse-2-pfs3-first/fs-uae.log: OK
./confirm-durable-sparse-2-pfs3-first/installed-assets.sha256: OK
./confirm-durable-sparse-2-pfs3-first/run.log: OK
./confirm-durable-sparse-2-pfs3-first/runtime-inputs.post.sha256: OK
./confirm-durable-sparse-2-pfs3-first/runtime-inputs.sha256: OK
./confirm-durable-sparse-2-pfs3-first/system/Results/bfs.durable.tsv: OK
./confirm-durable-sparse-2-pfs3-first/system/Results/complete.txt: OK
./confirm-durable-sparse-2-pfs3-first/system/Results/format-pfs3.txt: OK
./confirm-durable-sparse-2-pfs3-first/system/Results/info-after-format.txt: OK
./confirm-durable-sparse-2-pfs3-first/system/Results/info.txt: OK
./confirm-durable-sparse-2-pfs3-first/system/Results/pfs3.durable.tsv: OK
./confirm-durable-sparse-2-pfs3-first/system/Results/phase-bfs.txt: OK
./confirm-durable-sparse-2-pfs3-first/system/Results/phase-pfs3.txt: OK
./confirm-durable-sparse-2-pfs3-first/system/S/Startup-Sequence: OK
./confirm-durable-sparse-3-bfs-first/bench.fs-uae: OK
./confirm-durable-sparse-3-bfs-first/bfs-rdb-info.txt: OK
./confirm-durable-sparse-3-bfs-first/bfs-rdb.json: OK
./confirm-durable-sparse-3-bfs-first/build.log: OK
./confirm-durable-sparse-3-bfs-first/fs-uae.log: OK
./confirm-durable-sparse-3-bfs-first/installed-assets.sha256: OK
./confirm-durable-sparse-3-bfs-first/run.log: OK
./confirm-durable-sparse-3-bfs-first/runtime-inputs.post.sha256: OK
./confirm-durable-sparse-3-bfs-first/runtime-inputs.sha256: OK
./confirm-durable-sparse-3-bfs-first/system/Results/bfs.durable.tsv: OK
./confirm-durable-sparse-3-bfs-first/system/Results/complete.txt: OK
./confirm-durable-sparse-3-bfs-first/system/Results/format-pfs3.txt: OK
./confirm-durable-sparse-3-bfs-first/system/Results/info-after-format.txt: OK
./confirm-durable-sparse-3-bfs-first/system/Results/info.txt: OK
./confirm-durable-sparse-3-bfs-first/system/Results/pfs3.durable.tsv: OK
./confirm-durable-sparse-3-bfs-first/system/Results/phase-bfs.txt: OK
./confirm-durable-sparse-3-bfs-first/system/Results/phase-pfs3.txt: OK
./confirm-durable-sparse-3-bfs-first/system/S/Startup-Sequence: OK
./confirm-durable-sparse-4-pfs3-first/bench.fs-uae: OK
./confirm-durable-sparse-4-pfs3-first/bfs-rdb-info.txt: OK
./confirm-durable-sparse-4-pfs3-first/bfs-rdb.json: OK
./confirm-durable-sparse-4-pfs3-first/build.log: OK
./confirm-durable-sparse-4-pfs3-first/fs-uae.log: OK
./confirm-durable-sparse-4-pfs3-first/installed-assets.sha256: OK
./confirm-durable-sparse-4-pfs3-first/run.log: OK
./confirm-durable-sparse-4-pfs3-first/runtime-inputs.post.sha256: OK
./confirm-durable-sparse-4-pfs3-first/runtime-inputs.sha256: OK
./confirm-durable-sparse-4-pfs3-first/system/Results/bfs.durable.tsv: OK
./confirm-durable-sparse-4-pfs3-first/system/Results/complete.txt: OK
./confirm-durable-sparse-4-pfs3-first/system/Results/format-pfs3.txt: OK
./confirm-durable-sparse-4-pfs3-first/system/Results/info-after-format.txt: OK
./confirm-durable-sparse-4-pfs3-first/system/Results/info.txt: OK
./confirm-durable-sparse-4-pfs3-first/system/Results/pfs3.durable.tsv: OK
./confirm-durable-sparse-4-pfs3-first/system/Results/phase-bfs.txt: OK
./confirm-durable-sparse-4-pfs3-first/system/Results/phase-pfs3.txt: OK
./confirm-durable-sparse-4-pfs3-first/system/S/Startup-Sequence: OK
./confirm-durable-sparse-5-bfs-first/bench.fs-uae: OK
./confirm-durable-sparse-5-bfs-first/bfs-rdb-info.txt: OK
./confirm-durable-sparse-5-bfs-first/bfs-rdb.json: OK
./confirm-durable-sparse-5-bfs-first/build.log: OK
./confirm-durable-sparse-5-bfs-first/fs-uae.log: OK
./confirm-durable-sparse-5-bfs-first/installed-assets.sha256: OK
./confirm-durable-sparse-5-bfs-first/run.log: OK
./confirm-durable-sparse-5-bfs-first/runtime-inputs.post.sha256: OK
./confirm-durable-sparse-5-bfs-first/runtime-inputs.sha256: OK
./confirm-durable-sparse-5-bfs-first/system/Results/bfs.durable.tsv: OK
./confirm-durable-sparse-5-bfs-first/system/Results/complete.txt: OK
./confirm-durable-sparse-5-bfs-first/system/Results/format-pfs3.txt: OK
./confirm-durable-sparse-5-bfs-first/system/Results/info-after-format.txt: OK
./confirm-durable-sparse-5-bfs-first/system/Results/info.txt: OK
./confirm-durable-sparse-5-bfs-first/system/Results/pfs3.durable.tsv: OK
./confirm-durable-sparse-5-bfs-first/system/Results/phase-bfs.txt: OK
./confirm-durable-sparse-5-bfs-first/system/Results/phase-pfs3.txt: OK
./confirm-durable-sparse-5-bfs-first/system/S/Startup-Sequence: OK
./confirm-durable-sparse-6-pfs3-first/bench.fs-uae: OK
./confirm-durable-sparse-6-pfs3-first/bfs-rdb-info.txt: OK
./confirm-durable-sparse-6-pfs3-first/bfs-rdb.json: OK
./confirm-durable-sparse-6-pfs3-first/build.log: OK
./confirm-durable-sparse-6-pfs3-first/fs-uae.log: OK
./confirm-durable-sparse-6-pfs3-first/installed-assets.sha256: OK
./confirm-durable-sparse-6-pfs3-first/run.log: OK
./confirm-durable-sparse-6-pfs3-first/runtime-inputs.post.sha256: OK
./confirm-durable-sparse-6-pfs3-first/runtime-inputs.sha256: OK
./confirm-durable-sparse-6-pfs3-first/system/Results/bfs.durable.tsv: OK
./confirm-durable-sparse-6-pfs3-first/system/Results/complete.txt: OK
./confirm-durable-sparse-6-pfs3-first/system/Results/format-pfs3.txt: OK
./confirm-durable-sparse-6-pfs3-first/system/Results/info-after-format.txt: OK
./confirm-durable-sparse-6-pfs3-first/system/Results/info.txt: OK
./confirm-durable-sparse-6-pfs3-first/system/Results/pfs3.durable.tsv: OK
./confirm-durable-sparse-6-pfs3-first/system/Results/phase-bfs.txt: OK
./confirm-durable-sparse-6-pfs3-first/system/Results/phase-pfs3.txt: OK
./confirm-durable-sparse-6-pfs3-first/system/S/Startup-Sequence: OK
./confirm-durable-sparse-7-bfs-first/bench.fs-uae: OK
./confirm-durable-sparse-7-bfs-first/bfs-rdb-info.txt: OK
./confirm-durable-sparse-7-bfs-first/bfs-rdb.json: OK
./confirm-durable-sparse-7-bfs-first/build.log: OK
./confirm-durable-sparse-7-bfs-first/fs-uae.log: OK
./confirm-durable-sparse-7-bfs-first/installed-assets.sha256: OK
./confirm-durable-sparse-7-bfs-first/run.log: OK
./confirm-durable-sparse-7-bfs-first/runtime-inputs.post.sha256: OK
./confirm-durable-sparse-7-bfs-first/runtime-inputs.sha256: OK
./confirm-durable-sparse-7-bfs-first/system/Results/bfs.durable.tsv: OK
./confirm-durable-sparse-7-bfs-first/system/Results/complete.txt: OK
./confirm-durable-sparse-7-bfs-first/system/Results/format-pfs3.txt: OK
./confirm-durable-sparse-7-bfs-first/system/Results/info-after-format.txt: OK
./confirm-durable-sparse-7-bfs-first/system/Results/info.txt: OK
./confirm-durable-sparse-7-bfs-first/system/Results/pfs3.durable.tsv: OK
./confirm-durable-sparse-7-bfs-first/system/Results/phase-bfs.txt: OK
./confirm-durable-sparse-7-bfs-first/system/Results/phase-pfs3.txt: OK
./confirm-durable-sparse-7-bfs-first/system/S/Startup-Sequence: OK
./confirm-durable-sparse-8-pfs3-first/bench.fs-uae: OK
./confirm-durable-sparse-8-pfs3-first/bfs-rdb-info.txt: OK
./confirm-durable-sparse-8-pfs3-first/bfs-rdb.json: OK
./confirm-durable-sparse-8-pfs3-first/build.log: OK
./confirm-durable-sparse-8-pfs3-first/fs-uae.log: OK
./confirm-durable-sparse-8-pfs3-first/installed-assets.sha256: OK
./confirm-durable-sparse-8-pfs3-first/run.log: OK
./confirm-durable-sparse-8-pfs3-first/runtime-inputs.post.sha256: OK
./confirm-durable-sparse-8-pfs3-first/runtime-inputs.sha256: OK
./confirm-durable-sparse-8-pfs3-first/system/Results/bfs.durable.tsv: OK
./confirm-durable-sparse-8-pfs3-first/system/Results/complete.txt: OK
./confirm-durable-sparse-8-pfs3-first/system/Results/format-pfs3.txt: OK
./confirm-durable-sparse-8-pfs3-first/system/Results/info-after-format.txt: OK
./confirm-durable-sparse-8-pfs3-first/system/Results/info.txt: OK
./confirm-durable-sparse-8-pfs3-first/system/Results/pfs3.durable.tsv: OK
./confirm-durable-sparse-8-pfs3-first/system/Results/phase-bfs.txt: OK
./confirm-durable-sparse-8-pfs3-first/system/Results/phase-pfs3.txt: OK
./confirm-durable-sparse-8-pfs3-first/system/S/Startup-Sequence: OK
./confirm-normal-m5-1-bfs-first/bench.fs-uae: OK
./confirm-normal-m5-1-bfs-first/bfs-rdb-info.txt: OK
./confirm-normal-m5-1-bfs-first/bfs-rdb.json: OK
./confirm-normal-m5-1-bfs-first/build.log: OK
./confirm-normal-m5-1-bfs-first/fs-uae.log: OK
./confirm-normal-m5-1-bfs-first/installed-assets.sha256: OK
./confirm-normal-m5-1-bfs-first/run.log: OK
./confirm-normal-m5-1-bfs-first/runtime-inputs.post.sha256: OK
./confirm-normal-m5-1-bfs-first/runtime-inputs.sha256: OK
./confirm-normal-m5-1-bfs-first/system/Results/bfs.tsv: OK
./confirm-normal-m5-1-bfs-first/system/Results/complete.txt: OK
./confirm-normal-m5-1-bfs-first/system/Results/format-pfs3.txt: OK
./confirm-normal-m5-1-bfs-first/system/Results/info-after-format.txt: OK
./confirm-normal-m5-1-bfs-first/system/Results/info.txt: OK
./confirm-normal-m5-1-bfs-first/system/Results/pfs3.tsv: OK
./confirm-normal-m5-1-bfs-first/system/Results/phase-bfs.txt: OK
./confirm-normal-m5-1-bfs-first/system/Results/phase-pfs3.txt: OK
./confirm-normal-m5-1-bfs-first/system/S/Startup-Sequence: OK
./confirm-normal-m5-2-pfs3-first/bench.fs-uae: OK
./confirm-normal-m5-2-pfs3-first/bfs-rdb-info.txt: OK
./confirm-normal-m5-2-pfs3-first/bfs-rdb.json: OK
./confirm-normal-m5-2-pfs3-first/build.log: OK
./confirm-normal-m5-2-pfs3-first/fs-uae.log: OK
./confirm-normal-m5-2-pfs3-first/installed-assets.sha256: OK
./confirm-normal-m5-2-pfs3-first/run.log: OK
./confirm-normal-m5-2-pfs3-first/runtime-inputs.post.sha256: OK
./confirm-normal-m5-2-pfs3-first/runtime-inputs.sha256: OK
./confirm-normal-m5-2-pfs3-first/system/Results/bfs.tsv: OK
./confirm-normal-m5-2-pfs3-first/system/Results/complete.txt: OK
./confirm-normal-m5-2-pfs3-first/system/Results/format-pfs3.txt: OK
./confirm-normal-m5-2-pfs3-first/system/Results/info-after-format.txt: OK
./confirm-normal-m5-2-pfs3-first/system/Results/info.txt: OK
./confirm-normal-m5-2-pfs3-first/system/Results/pfs3.tsv: OK
./confirm-normal-m5-2-pfs3-first/system/Results/phase-bfs.txt: OK
./confirm-normal-m5-2-pfs3-first/system/Results/phase-pfs3.txt: OK
./confirm-normal-m5-2-pfs3-first/system/S/Startup-Sequence: OK
./confirm-normal-m5-3-bfs-first/bench.fs-uae: OK
./confirm-normal-m5-3-bfs-first/bfs-rdb-info.txt: OK
./confirm-normal-m5-3-bfs-first/bfs-rdb.json: OK
./confirm-normal-m5-3-bfs-first/build.log: OK
./confirm-normal-m5-3-bfs-first/fs-uae.log: OK
./confirm-normal-m5-3-bfs-first/installed-assets.sha256: OK
./confirm-normal-m5-3-bfs-first/run.log: OK
./confirm-normal-m5-3-bfs-first/runtime-inputs.post.sha256: OK
./confirm-normal-m5-3-bfs-first/runtime-inputs.sha256: OK
./confirm-normal-m5-3-bfs-first/system/Results/bfs.tsv: OK
./confirm-normal-m5-3-bfs-first/system/Results/complete.txt: OK
./confirm-normal-m5-3-bfs-first/system/Results/format-pfs3.txt: OK
./confirm-normal-m5-3-bfs-first/system/Results/info-after-format.txt: OK
./confirm-normal-m5-3-bfs-first/system/Results/info.txt: OK
./confirm-normal-m5-3-bfs-first/system/Results/pfs3.tsv: OK
./confirm-normal-m5-3-bfs-first/system/Results/phase-bfs.txt: OK
./confirm-normal-m5-3-bfs-first/system/Results/phase-pfs3.txt: OK
./confirm-normal-m5-3-bfs-first/system/S/Startup-Sequence: OK
./confirm-normal-m5-4-pfs3-first/bench.fs-uae: OK
./confirm-normal-m5-4-pfs3-first/bfs-rdb-info.txt: OK
./confirm-normal-m5-4-pfs3-first/bfs-rdb.json: OK
./confirm-normal-m5-4-pfs3-first/build.log: OK
./confirm-normal-m5-4-pfs3-first/fs-uae.log: OK
./confirm-normal-m5-4-pfs3-first/installed-assets.sha256: OK
./confirm-normal-m5-4-pfs3-first/run.log: OK
./confirm-normal-m5-4-pfs3-first/runtime-inputs.post.sha256: OK
./confirm-normal-m5-4-pfs3-first/runtime-inputs.sha256: OK
./confirm-normal-m5-4-pfs3-first/system/Results/bfs.tsv: OK
./confirm-normal-m5-4-pfs3-first/system/Results/complete.txt: OK
./confirm-normal-m5-4-pfs3-first/system/Results/format-pfs3.txt: OK
./confirm-normal-m5-4-pfs3-first/system/Results/info-after-format.txt: OK
./confirm-normal-m5-4-pfs3-first/system/Results/info.txt: OK
./confirm-normal-m5-4-pfs3-first/system/Results/pfs3.tsv: OK
./confirm-normal-m5-4-pfs3-first/system/Results/phase-bfs.txt: OK
./confirm-normal-m5-4-pfs3-first/system/Results/phase-pfs3.txt: OK
./confirm-normal-m5-4-pfs3-first/system/S/Startup-Sequence: OK
./confirm-normal-m5-5-bfs-first/bench.fs-uae: OK
./confirm-normal-m5-5-bfs-first/bfs-rdb-info.txt: OK
./confirm-normal-m5-5-bfs-first/bfs-rdb.json: OK
./confirm-normal-m5-5-bfs-first/build.log: OK
./confirm-normal-m5-5-bfs-first/fs-uae.log: OK
./confirm-normal-m5-5-bfs-first/installed-assets.sha256: OK
./confirm-normal-m5-5-bfs-first/run.log: OK
./confirm-normal-m5-5-bfs-first/runtime-inputs.post.sha256: OK
./confirm-normal-m5-5-bfs-first/runtime-inputs.sha256: OK
./confirm-normal-m5-5-bfs-first/system/Results/bfs.tsv: OK
./confirm-normal-m5-5-bfs-first/system/Results/complete.txt: OK
./confirm-normal-m5-5-bfs-first/system/Results/format-pfs3.txt: OK
./confirm-normal-m5-5-bfs-first/system/Results/info-after-format.txt: OK
./confirm-normal-m5-5-bfs-first/system/Results/info.txt: OK
./confirm-normal-m5-5-bfs-first/system/Results/pfs3.tsv: OK
./confirm-normal-m5-5-bfs-first/system/Results/phase-bfs.txt: OK
./confirm-normal-m5-5-bfs-first/system/Results/phase-pfs3.txt: OK
./confirm-normal-m5-5-bfs-first/system/S/Startup-Sequence: OK
./confirm-normal-m5-6-pfs3-first/bench.fs-uae: OK
./confirm-normal-m5-6-pfs3-first/bfs-rdb-info.txt: OK
./confirm-normal-m5-6-pfs3-first/bfs-rdb.json: OK
./confirm-normal-m5-6-pfs3-first/build.log: OK
./confirm-normal-m5-6-pfs3-first/fs-uae.log: OK
./confirm-normal-m5-6-pfs3-first/installed-assets.sha256: OK
./confirm-normal-m5-6-pfs3-first/run.log: OK
./confirm-normal-m5-6-pfs3-first/runtime-inputs.post.sha256: OK
./confirm-normal-m5-6-pfs3-first/runtime-inputs.sha256: OK
./confirm-normal-m5-6-pfs3-first/system/Results/bfs.tsv: OK
./confirm-normal-m5-6-pfs3-first/system/Results/complete.txt: OK
./confirm-normal-m5-6-pfs3-first/system/Results/format-pfs3.txt: OK
./confirm-normal-m5-6-pfs3-first/system/Results/info-after-format.txt: OK
./confirm-normal-m5-6-pfs3-first/system/Results/info.txt: OK
./confirm-normal-m5-6-pfs3-first/system/Results/pfs3.tsv: OK
./confirm-normal-m5-6-pfs3-first/system/Results/phase-bfs.txt: OK
./confirm-normal-m5-6-pfs3-first/system/Results/phase-pfs3.txt: OK
./confirm-normal-m5-6-pfs3-first/system/S/Startup-Sequence: OK
./confirm-normal-m5-7-bfs-first/bench.fs-uae: OK
./confirm-normal-m5-7-bfs-first/bfs-rdb-info.txt: OK
./confirm-normal-m5-7-bfs-first/bfs-rdb.json: OK
./confirm-normal-m5-7-bfs-first/build.log: OK
./confirm-normal-m5-7-bfs-first/fs-uae.log: OK
./confirm-normal-m5-7-bfs-first/installed-assets.sha256: OK
./confirm-normal-m5-7-bfs-first/run.log: OK
./confirm-normal-m5-7-bfs-first/runtime-inputs.post.sha256: OK
./confirm-normal-m5-7-bfs-first/runtime-inputs.sha256: OK
./confirm-normal-m5-7-bfs-first/system/Results/bfs.tsv: OK
./confirm-normal-m5-7-bfs-first/system/Results/complete.txt: OK
./confirm-normal-m5-7-bfs-first/system/Results/format-pfs3.txt: OK
./confirm-normal-m5-7-bfs-first/system/Results/info-after-format.txt: OK
./confirm-normal-m5-7-bfs-first/system/Results/info.txt: OK
./confirm-normal-m5-7-bfs-first/system/Results/pfs3.tsv: OK
./confirm-normal-m5-7-bfs-first/system/Results/phase-bfs.txt: OK
./confirm-normal-m5-7-bfs-first/system/Results/phase-pfs3.txt: OK
./confirm-normal-m5-7-bfs-first/system/S/Startup-Sequence: OK
./confirm-normal-m5-8-pfs3-first/bench.fs-uae: OK
./confirm-normal-m5-8-pfs3-first/bfs-rdb-info.txt: OK
./confirm-normal-m5-8-pfs3-first/bfs-rdb.json: OK
./confirm-normal-m5-8-pfs3-first/build.log: OK
./confirm-normal-m5-8-pfs3-first/fs-uae.log: OK
./confirm-normal-m5-8-pfs3-first/installed-assets.sha256: OK
./confirm-normal-m5-8-pfs3-first/run.log: OK
./confirm-normal-m5-8-pfs3-first/runtime-inputs.post.sha256: OK
./confirm-normal-m5-8-pfs3-first/runtime-inputs.sha256: OK
./confirm-normal-m5-8-pfs3-first/system/Results/bfs.tsv: OK
./confirm-normal-m5-8-pfs3-first/system/Results/complete.txt: OK
./confirm-normal-m5-8-pfs3-first/system/Results/format-pfs3.txt: OK
./confirm-normal-m5-8-pfs3-first/system/Results/info-after-format.txt: OK
./confirm-normal-m5-8-pfs3-first/system/Results/info.txt: OK
./confirm-normal-m5-8-pfs3-first/system/Results/pfs3.tsv: OK
./confirm-normal-m5-8-pfs3-first/system/Results/phase-bfs.txt: OK
./confirm-normal-m5-8-pfs3-first/system/Results/phase-pfs3.txt: OK
./confirm-normal-m5-8-pfs3-first/system/S/Startup-Sequence: OK
./confirm-normal-sparse-1-bfs-first/bench.fs-uae: OK
./confirm-normal-sparse-1-bfs-first/bfs-rdb-info.txt: OK
./confirm-normal-sparse-1-bfs-first/bfs-rdb.json: OK
./confirm-normal-sparse-1-bfs-first/build.log: OK
./confirm-normal-sparse-1-bfs-first/fs-uae.log: OK
./confirm-normal-sparse-1-bfs-first/installed-assets.sha256: OK
./confirm-normal-sparse-1-bfs-first/run.log: OK
./confirm-normal-sparse-1-bfs-first/runtime-inputs.post.sha256: OK
./confirm-normal-sparse-1-bfs-first/runtime-inputs.sha256: OK
./confirm-normal-sparse-1-bfs-first/system/Results/bfs.tsv: OK
./confirm-normal-sparse-1-bfs-first/system/Results/complete.txt: OK
./confirm-normal-sparse-1-bfs-first/system/Results/format-pfs3.txt: OK
./confirm-normal-sparse-1-bfs-first/system/Results/info-after-format.txt: OK
./confirm-normal-sparse-1-bfs-first/system/Results/info.txt: OK
./confirm-normal-sparse-1-bfs-first/system/Results/pfs3.tsv: OK
./confirm-normal-sparse-1-bfs-first/system/Results/phase-bfs.txt: OK
./confirm-normal-sparse-1-bfs-first/system/Results/phase-pfs3.txt: OK
./confirm-normal-sparse-1-bfs-first/system/S/Startup-Sequence: OK
./confirm-normal-sparse-2-pfs3-first/bench.fs-uae: OK
./confirm-normal-sparse-2-pfs3-first/bfs-rdb-info.txt: OK
./confirm-normal-sparse-2-pfs3-first/bfs-rdb.json: OK
./confirm-normal-sparse-2-pfs3-first/build.log: OK
./confirm-normal-sparse-2-pfs3-first/fs-uae.log: OK
./confirm-normal-sparse-2-pfs3-first/installed-assets.sha256: OK
./confirm-normal-sparse-2-pfs3-first/run.log: OK
./confirm-normal-sparse-2-pfs3-first/runtime-inputs.post.sha256: OK
./confirm-normal-sparse-2-pfs3-first/runtime-inputs.sha256: OK
./confirm-normal-sparse-2-pfs3-first/system/Results/bfs.tsv: OK
./confirm-normal-sparse-2-pfs3-first/system/Results/complete.txt: OK
./confirm-normal-sparse-2-pfs3-first/system/Results/format-pfs3.txt: OK
./confirm-normal-sparse-2-pfs3-first/system/Results/info-after-format.txt: OK
./confirm-normal-sparse-2-pfs3-first/system/Results/info.txt: OK
./confirm-normal-sparse-2-pfs3-first/system/Results/pfs3.tsv: OK
./confirm-normal-sparse-2-pfs3-first/system/Results/phase-bfs.txt: OK
./confirm-normal-sparse-2-pfs3-first/system/Results/phase-pfs3.txt: OK
./confirm-normal-sparse-2-pfs3-first/system/S/Startup-Sequence: OK
./confirm-normal-sparse-3-bfs-first/bench.fs-uae: OK
./confirm-normal-sparse-3-bfs-first/bfs-rdb-info.txt: OK
./confirm-normal-sparse-3-bfs-first/bfs-rdb.json: OK
./confirm-normal-sparse-3-bfs-first/build.log: OK
./confirm-normal-sparse-3-bfs-first/fs-uae.log: OK
./confirm-normal-sparse-3-bfs-first/installed-assets.sha256: OK
./confirm-normal-sparse-3-bfs-first/run.log: OK
./confirm-normal-sparse-3-bfs-first/runtime-inputs.post.sha256: OK
./confirm-normal-sparse-3-bfs-first/runtime-inputs.sha256: OK
./confirm-normal-sparse-3-bfs-first/system/Results/bfs.tsv: OK
./confirm-normal-sparse-3-bfs-first/system/Results/complete.txt: OK
./confirm-normal-sparse-3-bfs-first/system/Results/format-pfs3.txt: OK
./confirm-normal-sparse-3-bfs-first/system/Results/info-after-format.txt: OK
./confirm-normal-sparse-3-bfs-first/system/Results/info.txt: OK
./confirm-normal-sparse-3-bfs-first/system/Results/pfs3.tsv: OK
./confirm-normal-sparse-3-bfs-first/system/Results/phase-bfs.txt: OK
./confirm-normal-sparse-3-bfs-first/system/Results/phase-pfs3.txt: OK
./confirm-normal-sparse-3-bfs-first/system/S/Startup-Sequence: OK
./confirm-normal-sparse-4-pfs3-first/bench.fs-uae: OK
./confirm-normal-sparse-4-pfs3-first/bfs-rdb-info.txt: OK
./confirm-normal-sparse-4-pfs3-first/bfs-rdb.json: OK
./confirm-normal-sparse-4-pfs3-first/build.log: OK
./confirm-normal-sparse-4-pfs3-first/fs-uae.log: OK
./confirm-normal-sparse-4-pfs3-first/installed-assets.sha256: OK
./confirm-normal-sparse-4-pfs3-first/run.log: OK
./confirm-normal-sparse-4-pfs3-first/runtime-inputs.post.sha256: OK
./confirm-normal-sparse-4-pfs3-first/runtime-inputs.sha256: OK
./confirm-normal-sparse-4-pfs3-first/system/Results/bfs.tsv: OK
./confirm-normal-sparse-4-pfs3-first/system/Results/complete.txt: OK
./confirm-normal-sparse-4-pfs3-first/system/Results/format-pfs3.txt: OK
./confirm-normal-sparse-4-pfs3-first/system/Results/info-after-format.txt: OK
./confirm-normal-sparse-4-pfs3-first/system/Results/info.txt: OK
./confirm-normal-sparse-4-pfs3-first/system/Results/pfs3.tsv: OK
./confirm-normal-sparse-4-pfs3-first/system/Results/phase-bfs.txt: OK
./confirm-normal-sparse-4-pfs3-first/system/Results/phase-pfs3.txt: OK
./confirm-normal-sparse-4-pfs3-first/system/S/Startup-Sequence: OK
./confirm-normal-sparse-5-bfs-first/bench.fs-uae: OK
./confirm-normal-sparse-5-bfs-first/bfs-rdb-info.txt: OK
./confirm-normal-sparse-5-bfs-first/bfs-rdb.json: OK
./confirm-normal-sparse-5-bfs-first/build.log: OK
./confirm-normal-sparse-5-bfs-first/fs-uae.log: OK
./confirm-normal-sparse-5-bfs-first/installed-assets.sha256: OK
./confirm-normal-sparse-5-bfs-first/run.log: OK
./confirm-normal-sparse-5-bfs-first/runtime-inputs.post.sha256: OK
./confirm-normal-sparse-5-bfs-first/runtime-inputs.sha256: OK
./confirm-normal-sparse-5-bfs-first/system/Results/bfs.tsv: OK
./confirm-normal-sparse-5-bfs-first/system/Results/complete.txt: OK
./confirm-normal-sparse-5-bfs-first/system/Results/format-pfs3.txt: OK
./confirm-normal-sparse-5-bfs-first/system/Results/info-after-format.txt: OK
./confirm-normal-sparse-5-bfs-first/system/Results/info.txt: OK
./confirm-normal-sparse-5-bfs-first/system/Results/pfs3.tsv: OK
./confirm-normal-sparse-5-bfs-first/system/Results/phase-bfs.txt: OK
./confirm-normal-sparse-5-bfs-first/system/Results/phase-pfs3.txt: OK
./confirm-normal-sparse-5-bfs-first/system/S/Startup-Sequence: OK
./confirm-normal-sparse-6-pfs3-first/bench.fs-uae: OK
./confirm-normal-sparse-6-pfs3-first/bfs-rdb-info.txt: OK
./confirm-normal-sparse-6-pfs3-first/bfs-rdb.json: OK
./confirm-normal-sparse-6-pfs3-first/build.log: OK
./confirm-normal-sparse-6-pfs3-first/fs-uae.log: OK
./confirm-normal-sparse-6-pfs3-first/installed-assets.sha256: OK
./confirm-normal-sparse-6-pfs3-first/run.log: OK
./confirm-normal-sparse-6-pfs3-first/runtime-inputs.post.sha256: OK
./confirm-normal-sparse-6-pfs3-first/runtime-inputs.sha256: OK
./confirm-normal-sparse-6-pfs3-first/system/Results/bfs.tsv: OK
./confirm-normal-sparse-6-pfs3-first/system/Results/complete.txt: OK
./confirm-normal-sparse-6-pfs3-first/system/Results/format-pfs3.txt: OK
./confirm-normal-sparse-6-pfs3-first/system/Results/info-after-format.txt: OK
./confirm-normal-sparse-6-pfs3-first/system/Results/info.txt: OK
./confirm-normal-sparse-6-pfs3-first/system/Results/pfs3.tsv: OK
./confirm-normal-sparse-6-pfs3-first/system/Results/phase-bfs.txt: OK
./confirm-normal-sparse-6-pfs3-first/system/Results/phase-pfs3.txt: OK
./confirm-normal-sparse-6-pfs3-first/system/S/Startup-Sequence: OK
./confirm-normal-sparse-7-bfs-first/bench.fs-uae: OK
./confirm-normal-sparse-7-bfs-first/bfs-rdb-info.txt: OK
./confirm-normal-sparse-7-bfs-first/bfs-rdb.json: OK
./confirm-normal-sparse-7-bfs-first/build.log: OK
./confirm-normal-sparse-7-bfs-first/fs-uae.log: OK
./confirm-normal-sparse-7-bfs-first/installed-assets.sha256: OK
./confirm-normal-sparse-7-bfs-first/run.log: OK
./confirm-normal-sparse-7-bfs-first/runtime-inputs.post.sha256: OK
./confirm-normal-sparse-7-bfs-first/runtime-inputs.sha256: OK
./confirm-normal-sparse-7-bfs-first/system/Results/bfs.tsv: OK
./confirm-normal-sparse-7-bfs-first/system/Results/complete.txt: OK
./confirm-normal-sparse-7-bfs-first/system/Results/format-pfs3.txt: OK
./confirm-normal-sparse-7-bfs-first/system/Results/info-after-format.txt: OK
./confirm-normal-sparse-7-bfs-first/system/Results/info.txt: OK
./confirm-normal-sparse-7-bfs-first/system/Results/pfs3.tsv: OK
./confirm-normal-sparse-7-bfs-first/system/Results/phase-bfs.txt: OK
./confirm-normal-sparse-7-bfs-first/system/Results/phase-pfs3.txt: OK
./confirm-normal-sparse-7-bfs-first/system/S/Startup-Sequence: OK
./confirm-normal-sparse-8-pfs3-first/bench.fs-uae: OK
./confirm-normal-sparse-8-pfs3-first/bfs-rdb-info.txt: OK
./confirm-normal-sparse-8-pfs3-first/bfs-rdb.json: OK
./confirm-normal-sparse-8-pfs3-first/build.log: OK
./confirm-normal-sparse-8-pfs3-first/fs-uae.log: OK
./confirm-normal-sparse-8-pfs3-first/installed-assets.sha256: OK
./confirm-normal-sparse-8-pfs3-first/run.log: OK
./confirm-normal-sparse-8-pfs3-first/runtime-inputs.post.sha256: OK
./confirm-normal-sparse-8-pfs3-first/runtime-inputs.sha256: OK
./confirm-normal-sparse-8-pfs3-first/system/Results/bfs.tsv: OK
./confirm-normal-sparse-8-pfs3-first/system/Results/complete.txt: OK
./confirm-normal-sparse-8-pfs3-first/system/Results/format-pfs3.txt: OK
./confirm-normal-sparse-8-pfs3-first/system/Results/info-after-format.txt: OK
./confirm-normal-sparse-8-pfs3-first/system/Results/info.txt: OK
./confirm-normal-sparse-8-pfs3-first/system/Results/pfs3.tsv: OK
./confirm-normal-sparse-8-pfs3-first/system/Results/phase-bfs.txt: OK
./confirm-normal-sparse-8-pfs3-first/system/Results/phase-pfs3.txt: OK
./confirm-normal-sparse-8-pfs3-first/system/S/Startup-Sequence: OK
./current-candidate-check.log: OK
./encode-format-logs.py: OK
./environment-after.log: OK
./environment-during.log: OK
./executed-runner.sha256: OK
./format-log-check.log: OK
./input-check.log: OK
./input-identities.sha256: OK
./previous-evidence-check.log: OK
./reused-summary-tests.log: OK
./review.log: OK
./run-confirmation.sh: OK
./runner-console.log: OK
./runner-inventory.log: OK
./schedule.tsv: OK
./shellcheck.log: OK
./source-check.log: OK
./source-post-check.log: OK
./summarize_confirmation.py: OK
./summary-stderr.log: OK
./summary-tests-final.log: OK
./summary-tests-initial.log: OK
./summary.json: OK
./test_assets.py: OK
./test_confirmation.py: OK
./text-audit.log: OK
./verify_assets.py: OK
