./README.md: OK
./baseline-source.sha256: OK
./binary-identities.sha256: OK
./build-probe.sh: OK
./build/perf-2026-10-09/sparse-baseline-sizes.s: OK
./build/perf-2026-10-09/sparse-sizes.c: OK
./build/perf-2026-10-09/sparse-sizes.s: OK
./candidate-source-check.log: OK
./candidate-source.sha256: OK
./candidate.patch: OK
./compare-deep.py: OK
./decision-metrics.json: OK
./decision-metrics.py: OK
./deep-counter-comparison.log: OK
./deep-summary.log: OK
./encode-format-logs.py: OK
./environment.log: OK
./final-source-check.log: OK
./format-encoding.log: OK
./full-summary.log: OK
./micro-initial-parser/guarded-source-not-built.c: OK
./micro-initial-parser/micro-summary.json: OK
./micro-initial-parser/micro-summary.log: OK
./micro-initial-parser/summarize_micro.py: OK
./micro-initial-parser/test_summarize_micro.py: OK
./micro-summary.json: OK
./micro-summary.log: OK
./micro-typed/Startup-Sequence: OK
./micro-typed/micro-1.fs-uae: OK
./micro-typed/micro-2.fs-uae: OK
./micro-typed/run-1/crc32.fs-uae: OK
./micro-typed/run-1/emulator.log: OK
./micro-typed/run-1/inputs.sha256: OK
./micro-typed/run-1/system/Results/crc32-sparse-probe.done: OK
./micro-typed/run-1/system/Results/crc32-sparse-probe.tsv: OK
./micro-typed/run-1/system/S/Startup-Sequence: OK
./micro-typed/run-2/crc32.fs-uae: OK
./micro-typed/run-2/emulator.log: OK
./micro-typed/run-2/inputs.sha256: OK
./micro-typed/run-2/system/Results/crc32-sparse-probe.done: OK
./micro-typed/run-2/system/Results/crc32-sparse-probe.tsv: OK
./micro-typed/run-2/system/S/Startup-Sequence: OK
./micro-typed/run-microprobe.sh: OK
./micro/micro-1.fs-uae: OK
./micro/micro-2.fs-uae: OK
./micro/run-1/crc32.fs-uae: OK
./micro/run-1/emulator.log: OK
./micro/run-1/inputs.sha256: OK
./micro/run-1/system/Results/crc32-sparse-probe.done: OK
./micro/run-1/system/Results/crc32-sparse-probe.tsv: OK
./micro/run-2/crc32.fs-uae: OK
./micro/run-2/emulator.log: OK
./micro/run-2/inputs.sha256: OK
./micro/run-2/system/Results/crc32-sparse-probe.done: OK
./micro/run-2/system/Results/crc32-sparse-probe.tsv: OK
./micro/run-microprobe.sh: OK
./normal-summary.log: OK
./pilot-summary.log: OK
./probe-reproduction.log: OK
./review.log: OK
./run-runtime-checks.sh: OK
./run-series.sh: OK
./runtime-amiga/run.GGRjep/ci-test.fs-uae: OK
./runtime-amiga/run.GGRjep/fs-uae.log: OK
./runtime-amiga/run.GGRjep/system/S/Startup-Sequence: OK
./runtime-amiga/run.GGRjep/system/bfs-test.result: OK
./runtime-amiga/run.GGRjep/test-cases.def: OK
./runtime-compatibility/run.compat-grwk4ibf/damaged-version/fs-uae.log: OK
./runtime-compatibility/run.compat-grwk4ibf/damaged-version/system/S/Startup-Sequence: OK
./runtime-compatibility/run.compat-grwk4ibf/damaged-version/system/compatibility.result: OK
./runtime-compatibility/run.compat-grwk4ibf/damaged-version/test.fs-uae: OK
./runtime-compatibility/run.compat-grwk4ibf/format/fs-uae.log: OK
./runtime-compatibility/run.compat-grwk4ibf/format/system/S/Startup-Sequence: OK
./runtime-compatibility/run.compat-grwk4ibf/format/system/compatibility.result: OK
./runtime-compatibility/run.compat-grwk4ibf/format/system/format-message.txt: OK
./runtime-compatibility/run.compat-grwk4ibf/format/test.fs-uae: OK
./runtime-compatibility/run.compat-grwk4ibf/new-backup/fs-uae.log: OK
./runtime-compatibility/run.compat-grwk4ibf/new-backup/system/S/Startup-Sequence: OK
./runtime-compatibility/run.compat-grwk4ibf/new-backup/system/compatibility.result: OK
./runtime-compatibility/run.compat-grwk4ibf/new-backup/system/diagnosis.txt: OK
./runtime-compatibility/run.compat-grwk4ibf/new-backup/system/format-message.txt: OK
./runtime-compatibility/run.compat-grwk4ibf/new-backup/test.fs-uae: OK
./runtime-compatibility/run.compat-grwk4ibf/new-primary/fs-uae.log: OK
./runtime-compatibility/run.compat-grwk4ibf/new-primary/system/S/Startup-Sequence: OK
./runtime-compatibility/run.compat-grwk4ibf/new-primary/system/compatibility.result: OK
./runtime-compatibility/run.compat-grwk4ibf/new-primary/system/diagnosis.txt: OK
./runtime-compatibility/run.compat-grwk4ibf/new-primary/system/format-message.txt: OK
./runtime-compatibility/run.compat-grwk4ibf/new-primary/test.fs-uae: OK
./runtime-compatibility/run.compat-grwk4ibf/options-backup/fs-uae.log: OK
./runtime-compatibility/run.compat-grwk4ibf/options-backup/system/S/Startup-Sequence: OK
./runtime-compatibility/run.compat-grwk4ibf/options-backup/system/compatibility.result: OK
./runtime-compatibility/run.compat-grwk4ibf/options-backup/system/diagnosis.txt: OK
./runtime-compatibility/run.compat-grwk4ibf/options-backup/system/format-message.txt: OK
./runtime-compatibility/run.compat-grwk4ibf/options-backup/test.fs-uae: OK
./runtime-compatibility/run.compat-grwk4ibf/options-primary/fs-uae.log: OK
./runtime-compatibility/run.compat-grwk4ibf/options-primary/system/S/Startup-Sequence: OK
./runtime-compatibility/run.compat-grwk4ibf/options-primary/system/compatibility.result: OK
./runtime-compatibility/run.compat-grwk4ibf/options-primary/system/diagnosis.txt: OK
./runtime-compatibility/run.compat-grwk4ibf/options-primary/system/format-message.txt: OK
./runtime-compatibility/run.compat-grwk4ibf/options-primary/test.fs-uae: OK
./runtime-compatibility/run.compat-grwk4ibf/snapshot-commands/fs-uae.log: OK
./runtime-compatibility/run.compat-grwk4ibf/snapshot-commands/system/S/Startup-Sequence: OK
./runtime-compatibility/run.compat-grwk4ibf/snapshot-commands/system/check-missing-drive.txt: OK
./runtime-compatibility/run.compat-grwk4ibf/snapshot-commands/system/check.txt: OK
./runtime-compatibility/run.compat-grwk4ibf/snapshot-commands/system/compatibility.result: OK
./runtime-compatibility/run.compat-grwk4ibf/snapshot-commands/system/fixture-create.txt: OK
./runtime-compatibility/run.compat-grwk4ibf/snapshot-commands/system/info-missing-drive.txt: OK
./runtime-compatibility/run.compat-grwk4ibf/snapshot-commands/system/info.txt: OK
./runtime-compatibility/run.compat-grwk4ibf/snapshot-commands/system/snapshot-create.txt: OK
./runtime-compatibility/run.compat-grwk4ibf/snapshot-commands/system/snapshot-delete-busy.txt: OK
./runtime-compatibility/run.compat-grwk4ibf/snapshot-commands/system/snapshot-delete-still-busy.txt: OK
./runtime-compatibility/run.compat-grwk4ibf/snapshot-commands/system/snapshot-delete.txt: OK
./runtime-compatibility/run.compat-grwk4ibf/snapshot-commands/system/snapshot-dir-dirs.txt: OK
./runtime-compatibility/run.compat-grwk4ibf/snapshot-commands/system/snapshot-dir-files.txt: OK
./runtime-compatibility/run.compat-grwk4ibf/snapshot-commands/system/snapshot-dir.txt: OK
./runtime-compatibility/run.compat-grwk4ibf/snapshot-commands/system/snapshot-inspect-files.txt: OK
./runtime-compatibility/run.compat-grwk4ibf/snapshot-commands/system/snapshot-inspect.txt: OK
./runtime-compatibility/run.compat-grwk4ibf/snapshot-commands/system/snapshot-invalid-name.txt: OK
./runtime-compatibility/run.compat-grwk4ibf/snapshot-commands/system/snapshot-invalid-option.txt: OK
./runtime-compatibility/run.compat-grwk4ibf/snapshot-commands/system/snapshot-list.txt: OK
./runtime-compatibility/run.compat-grwk4ibf/snapshot-commands/system/snapshot-missing-name.txt: OK
./runtime-compatibility/run.compat-grwk4ibf/snapshot-commands/system/snapshot-mount-collision.txt: OK
./runtime-compatibility/run.compat-grwk4ibf/snapshot-commands/system/snapshot-mount.txt: OK
./runtime-compatibility/run.compat-grwk4ibf/snapshot-commands/system/snapshot-mounted-before-live-change.txt: OK
./runtime-compatibility/run.compat-grwk4ibf/snapshot-commands/system/snapshot-mounted-file.txt: OK
./runtime-compatibility/run.compat-grwk4ibf/snapshot-commands/system/snapshot-second-mount.txt: OK
./runtime-compatibility/run.compat-grwk4ibf/snapshot-commands/system/snapshot-second-mounted-file.txt: OK
./runtime-compatibility/run.compat-grwk4ibf/snapshot-commands/system/snapshot-second-unmount.txt: OK
./runtime-compatibility/run.compat-grwk4ibf/snapshot-commands/system/snapshot-second-unmounted.txt: OK
./runtime-compatibility/run.compat-grwk4ibf/snapshot-commands/system/snapshot-unmount.txt: OK
./runtime-compatibility/run.compat-grwk4ibf/snapshot-commands/system/snapshot-unmounted.txt: OK
./runtime-compatibility/run.compat-grwk4ibf/snapshot-commands/test.fs-uae: OK
./runtime-compatibility/run.compat-grwk4ibf/v2/fs-uae.log: OK
./runtime-compatibility/run.compat-grwk4ibf/v2/system/S/Startup-Sequence: OK
./runtime-compatibility/run.compat-grwk4ibf/v2/system/compatibility.result: OK
./runtime-compatibility/run.compat-grwk4ibf/v2/system/format-message.txt: OK
./runtime-compatibility/run.compat-grwk4ibf/v2/test.fs-uae: OK
./runtime-compatibility/run.compat-grwk4ibf/v3/fs-uae.log: OK
./runtime-compatibility/run.compat-grwk4ibf/v3/system/S/Startup-Sequence: OK
./runtime-compatibility/run.compat-grwk4ibf/v3/system/compatibility.result: OK
./runtime-compatibility/run.compat-grwk4ibf/v3/test.fs-uae: OK
./sparse-amiga-integration.log: OK
./sparse-amiga-test-build.log: OK
./sparse-bundle-verify.log: OK
./sparse-candidate-m68k.log: OK
./sparse-cli-fixture-build.log: OK
./sparse-compatibility.log: OK
./sparse-decision-metrics-verification.log: OK
./sparse-deep-20261009-m5-1-bfs-first/bench.fs-uae: OK
./sparse-deep-20261009-m5-1-bfs-first/bfs-rdb-info.txt: OK
./sparse-deep-20261009-m5-1-bfs-first/bfs-rdb.json: OK
./sparse-deep-20261009-m5-1-bfs-first/fs-uae.log: OK
./sparse-deep-20261009-m5-1-bfs-first/run.log: OK
./sparse-deep-20261009-m5-1-bfs-first/runtime-inputs.sha256: OK
./sparse-deep-20261009-m5-1-bfs-first/system/Results/bfs.deep-compare.tsv: OK
./sparse-deep-20261009-m5-1-bfs-first/system/Results/complete.txt: OK
./sparse-deep-20261009-m5-1-bfs-first/system/Results/format-pfs3.txt: OK
./sparse-deep-20261009-m5-1-bfs-first/system/Results/info-after-format.txt: OK
./sparse-deep-20261009-m5-1-bfs-first/system/Results/info.txt: OK
./sparse-deep-20261009-m5-1-bfs-first/system/Results/pfs3.deep-compare.tsv: OK
./sparse-deep-20261009-m5-1-bfs-first/system/Results/phase-bfs.txt: OK
./sparse-deep-20261009-m5-1-bfs-first/system/Results/phase-pfs3.txt: OK
./sparse-deep-20261009-m5-1-bfs-first/system/S/Startup-Sequence: OK
./sparse-deep-20261009-m5-2-pfs3-first/bench.fs-uae: OK
./sparse-deep-20261009-m5-2-pfs3-first/bfs-rdb-info.txt: OK
./sparse-deep-20261009-m5-2-pfs3-first/bfs-rdb.json: OK
./sparse-deep-20261009-m5-2-pfs3-first/fs-uae.log: OK
./sparse-deep-20261009-m5-2-pfs3-first/run.log: OK
./sparse-deep-20261009-m5-2-pfs3-first/runtime-inputs.sha256: OK
./sparse-deep-20261009-m5-2-pfs3-first/system/Results/bfs.deep-compare.tsv: OK
./sparse-deep-20261009-m5-2-pfs3-first/system/Results/complete.txt: OK
./sparse-deep-20261009-m5-2-pfs3-first/system/Results/format-pfs3.txt: OK
./sparse-deep-20261009-m5-2-pfs3-first/system/Results/info-after-format.txt: OK
./sparse-deep-20261009-m5-2-pfs3-first/system/Results/info.txt: OK
./sparse-deep-20261009-m5-2-pfs3-first/system/Results/pfs3.deep-compare.tsv: OK
./sparse-deep-20261009-m5-2-pfs3-first/system/Results/phase-bfs.txt: OK
./sparse-deep-20261009-m5-2-pfs3-first/system/Results/phase-pfs3.txt: OK
./sparse-deep-20261009-m5-2-pfs3-first/system/S/Startup-Sequence: OK
./sparse-deep-20261009-sparse-1-bfs-first/bench.fs-uae: OK
./sparse-deep-20261009-sparse-1-bfs-first/bfs-rdb-info.txt: OK
./sparse-deep-20261009-sparse-1-bfs-first/bfs-rdb.json: OK
./sparse-deep-20261009-sparse-1-bfs-first/fs-uae.log: OK
./sparse-deep-20261009-sparse-1-bfs-first/run.log: OK
./sparse-deep-20261009-sparse-1-bfs-first/runtime-inputs.sha256: OK
./sparse-deep-20261009-sparse-1-bfs-first/system/Results/bfs.deep-compare.tsv: OK
./sparse-deep-20261009-sparse-1-bfs-first/system/Results/complete.txt: OK
./sparse-deep-20261009-sparse-1-bfs-first/system/Results/format-pfs3.txt: OK
./sparse-deep-20261009-sparse-1-bfs-first/system/Results/info-after-format.txt: OK
./sparse-deep-20261009-sparse-1-bfs-first/system/Results/info.txt: OK
./sparse-deep-20261009-sparse-1-bfs-first/system/Results/pfs3.deep-compare.tsv: OK
./sparse-deep-20261009-sparse-1-bfs-first/system/Results/phase-bfs.txt: OK
./sparse-deep-20261009-sparse-1-bfs-first/system/Results/phase-pfs3.txt: OK
./sparse-deep-20261009-sparse-1-bfs-first/system/S/Startup-Sequence: OK
./sparse-deep-20261009-sparse-2-pfs3-first/bench.fs-uae: OK
./sparse-deep-20261009-sparse-2-pfs3-first/bfs-rdb-info.txt: OK
./sparse-deep-20261009-sparse-2-pfs3-first/bfs-rdb.json: OK
./sparse-deep-20261009-sparse-2-pfs3-first/fs-uae.log: OK
./sparse-deep-20261009-sparse-2-pfs3-first/run.log: OK
./sparse-deep-20261009-sparse-2-pfs3-first/runtime-inputs.sha256: OK
./sparse-deep-20261009-sparse-2-pfs3-first/system/Results/bfs.deep-compare.tsv: OK
./sparse-deep-20261009-sparse-2-pfs3-first/system/Results/complete.txt: OK
./sparse-deep-20261009-sparse-2-pfs3-first/system/Results/format-pfs3.txt: OK
./sparse-deep-20261009-sparse-2-pfs3-first/system/Results/info-after-format.txt: OK
./sparse-deep-20261009-sparse-2-pfs3-first/system/Results/info.txt: OK
./sparse-deep-20261009-sparse-2-pfs3-first/system/Results/pfs3.deep-compare.tsv: OK
./sparse-deep-20261009-sparse-2-pfs3-first/system/Results/phase-bfs.txt: OK
./sparse-deep-20261009-sparse-2-pfs3-first/system/Results/phase-pfs3.txt: OK
./sparse-deep-20261009-sparse-2-pfs3-first/system/S/Startup-Sequence: OK
./sparse-deep-run.log: OK
./sparse-durable-20261009-m5-1-bfs-first/bench.fs-uae: OK
./sparse-durable-20261009-m5-1-bfs-first/bfs-rdb-info.txt: OK
./sparse-durable-20261009-m5-1-bfs-first/bfs-rdb.json: OK
./sparse-durable-20261009-m5-1-bfs-first/fs-uae.log: OK
./sparse-durable-20261009-m5-1-bfs-first/run.log: OK
./sparse-durable-20261009-m5-1-bfs-first/runtime-inputs.sha256: OK
./sparse-durable-20261009-m5-1-bfs-first/system/Results/bfs.durable.tsv: OK
./sparse-durable-20261009-m5-1-bfs-first/system/Results/complete.txt: OK
./sparse-durable-20261009-m5-1-bfs-first/system/Results/format-pfs3.txt: OK
./sparse-durable-20261009-m5-1-bfs-first/system/Results/info-after-format.txt: OK
./sparse-durable-20261009-m5-1-bfs-first/system/Results/info.txt: OK
./sparse-durable-20261009-m5-1-bfs-first/system/Results/pfs3.durable.tsv: OK
./sparse-durable-20261009-m5-1-bfs-first/system/Results/phase-bfs.txt: OK
./sparse-durable-20261009-m5-1-bfs-first/system/Results/phase-pfs3.txt: OK
./sparse-durable-20261009-m5-1-bfs-first/system/S/Startup-Sequence: OK
./sparse-durable-20261009-m5-2-pfs3-first/bench.fs-uae: OK
./sparse-durable-20261009-m5-2-pfs3-first/bfs-rdb-info.txt: OK
./sparse-durable-20261009-m5-2-pfs3-first/bfs-rdb.json: OK
./sparse-durable-20261009-m5-2-pfs3-first/fs-uae.log: OK
./sparse-durable-20261009-m5-2-pfs3-first/run.log: OK
./sparse-durable-20261009-m5-2-pfs3-first/runtime-inputs.sha256: OK
./sparse-durable-20261009-m5-2-pfs3-first/system/Results/bfs.durable.tsv: OK
./sparse-durable-20261009-m5-2-pfs3-first/system/Results/complete.txt: OK
./sparse-durable-20261009-m5-2-pfs3-first/system/Results/format-pfs3.txt: OK
./sparse-durable-20261009-m5-2-pfs3-first/system/Results/info-after-format.txt: OK
./sparse-durable-20261009-m5-2-pfs3-first/system/Results/info.txt: OK
./sparse-durable-20261009-m5-2-pfs3-first/system/Results/pfs3.durable.tsv: OK
./sparse-durable-20261009-m5-2-pfs3-first/system/Results/phase-bfs.txt: OK
./sparse-durable-20261009-m5-2-pfs3-first/system/Results/phase-pfs3.txt: OK
./sparse-durable-20261009-m5-2-pfs3-first/system/S/Startup-Sequence: OK
./sparse-durable-20261009-m5-3-bfs-first/bench.fs-uae: OK
./sparse-durable-20261009-m5-3-bfs-first/bfs-rdb-info.txt: OK
./sparse-durable-20261009-m5-3-bfs-first/bfs-rdb.json: OK
./sparse-durable-20261009-m5-3-bfs-first/fs-uae.log: OK
./sparse-durable-20261009-m5-3-bfs-first/run.log: OK
./sparse-durable-20261009-m5-3-bfs-first/runtime-inputs.sha256: OK
./sparse-durable-20261009-m5-3-bfs-first/system/Results/bfs.durable.tsv: OK
./sparse-durable-20261009-m5-3-bfs-first/system/Results/complete.txt: OK
./sparse-durable-20261009-m5-3-bfs-first/system/Results/format-pfs3.txt: OK
./sparse-durable-20261009-m5-3-bfs-first/system/Results/info-after-format.txt: OK
./sparse-durable-20261009-m5-3-bfs-first/system/Results/info.txt: OK
./sparse-durable-20261009-m5-3-bfs-first/system/Results/pfs3.durable.tsv: OK
./sparse-durable-20261009-m5-3-bfs-first/system/Results/phase-bfs.txt: OK
./sparse-durable-20261009-m5-3-bfs-first/system/Results/phase-pfs3.txt: OK
./sparse-durable-20261009-m5-3-bfs-first/system/S/Startup-Sequence: OK
./sparse-durable-20261009-m5-4-pfs3-first/bench.fs-uae: OK
./sparse-durable-20261009-m5-4-pfs3-first/bfs-rdb-info.txt: OK
./sparse-durable-20261009-m5-4-pfs3-first/bfs-rdb.json: OK
./sparse-durable-20261009-m5-4-pfs3-first/fs-uae.log: OK
./sparse-durable-20261009-m5-4-pfs3-first/run.log: OK
./sparse-durable-20261009-m5-4-pfs3-first/runtime-inputs.sha256: OK
./sparse-durable-20261009-m5-4-pfs3-first/system/Results/bfs.durable.tsv: OK
./sparse-durable-20261009-m5-4-pfs3-first/system/Results/complete.txt: OK
./sparse-durable-20261009-m5-4-pfs3-first/system/Results/format-pfs3.txt: OK
./sparse-durable-20261009-m5-4-pfs3-first/system/Results/info-after-format.txt: OK
./sparse-durable-20261009-m5-4-pfs3-first/system/Results/info.txt: OK
./sparse-durable-20261009-m5-4-pfs3-first/system/Results/pfs3.durable.tsv: OK
./sparse-durable-20261009-m5-4-pfs3-first/system/Results/phase-bfs.txt: OK
./sparse-durable-20261009-m5-4-pfs3-first/system/Results/phase-pfs3.txt: OK
./sparse-durable-20261009-m5-4-pfs3-first/system/S/Startup-Sequence: OK
./sparse-durable-20261009-m5-5-bfs-first/bench.fs-uae: OK
./sparse-durable-20261009-m5-5-bfs-first/bfs-rdb-info.txt: OK
./sparse-durable-20261009-m5-5-bfs-first/bfs-rdb.json: OK
./sparse-durable-20261009-m5-5-bfs-first/fs-uae.log: OK
./sparse-durable-20261009-m5-5-bfs-first/run.log: OK
./sparse-durable-20261009-m5-5-bfs-first/runtime-inputs.sha256: OK
./sparse-durable-20261009-m5-5-bfs-first/system/Results/bfs.durable.tsv: OK
./sparse-durable-20261009-m5-5-bfs-first/system/Results/complete.txt: OK
./sparse-durable-20261009-m5-5-bfs-first/system/Results/format-pfs3.txt: OK
./sparse-durable-20261009-m5-5-bfs-first/system/Results/info-after-format.txt: OK
./sparse-durable-20261009-m5-5-bfs-first/system/Results/info.txt: OK
./sparse-durable-20261009-m5-5-bfs-first/system/Results/pfs3.durable.tsv: OK
./sparse-durable-20261009-m5-5-bfs-first/system/Results/phase-bfs.txt: OK
./sparse-durable-20261009-m5-5-bfs-first/system/Results/phase-pfs3.txt: OK
./sparse-durable-20261009-m5-5-bfs-first/system/S/Startup-Sequence: OK
./sparse-durable-20261009-m5-6-pfs3-first/bench.fs-uae: OK
./sparse-durable-20261009-m5-6-pfs3-first/bfs-rdb-info.txt: OK
./sparse-durable-20261009-m5-6-pfs3-first/bfs-rdb.json: OK
./sparse-durable-20261009-m5-6-pfs3-first/fs-uae.log: OK
./sparse-durable-20261009-m5-6-pfs3-first/run.log: OK
./sparse-durable-20261009-m5-6-pfs3-first/runtime-inputs.sha256: OK
./sparse-durable-20261009-m5-6-pfs3-first/system/Results/bfs.durable.tsv: OK
./sparse-durable-20261009-m5-6-pfs3-first/system/Results/complete.txt: OK
./sparse-durable-20261009-m5-6-pfs3-first/system/Results/format-pfs3.txt: OK
./sparse-durable-20261009-m5-6-pfs3-first/system/Results/info-after-format.txt: OK
./sparse-durable-20261009-m5-6-pfs3-first/system/Results/info.txt: OK
./sparse-durable-20261009-m5-6-pfs3-first/system/Results/pfs3.durable.tsv: OK
./sparse-durable-20261009-m5-6-pfs3-first/system/Results/phase-bfs.txt: OK
./sparse-durable-20261009-m5-6-pfs3-first/system/Results/phase-pfs3.txt: OK
./sparse-durable-20261009-m5-6-pfs3-first/system/S/Startup-Sequence: OK
./sparse-durable-20261009-m5-7-bfs-first/bench.fs-uae: OK
./sparse-durable-20261009-m5-7-bfs-first/bfs-rdb-info.txt: OK
./sparse-durable-20261009-m5-7-bfs-first/bfs-rdb.json: OK
./sparse-durable-20261009-m5-7-bfs-first/fs-uae.log: OK
./sparse-durable-20261009-m5-7-bfs-first/run.log: OK
./sparse-durable-20261009-m5-7-bfs-first/runtime-inputs.sha256: OK
./sparse-durable-20261009-m5-7-bfs-first/system/Results/bfs.durable.tsv: OK
./sparse-durable-20261009-m5-7-bfs-first/system/Results/complete.txt: OK
./sparse-durable-20261009-m5-7-bfs-first/system/Results/format-pfs3.txt: OK
./sparse-durable-20261009-m5-7-bfs-first/system/Results/info-after-format.txt: OK
./sparse-durable-20261009-m5-7-bfs-first/system/Results/info.txt: OK
./sparse-durable-20261009-m5-7-bfs-first/system/Results/pfs3.durable.tsv: OK
./sparse-durable-20261009-m5-7-bfs-first/system/Results/phase-bfs.txt: OK
./sparse-durable-20261009-m5-7-bfs-first/system/Results/phase-pfs3.txt: OK
./sparse-durable-20261009-m5-7-bfs-first/system/S/Startup-Sequence: OK
./sparse-durable-20261009-m5-8-pfs3-first/bench.fs-uae: OK
./sparse-durable-20261009-m5-8-pfs3-first/bfs-rdb-info.txt: OK
./sparse-durable-20261009-m5-8-pfs3-first/bfs-rdb.json: OK
./sparse-durable-20261009-m5-8-pfs3-first/fs-uae.log: OK
./sparse-durable-20261009-m5-8-pfs3-first/run.log: OK
./sparse-durable-20261009-m5-8-pfs3-first/runtime-inputs.sha256: OK
./sparse-durable-20261009-m5-8-pfs3-first/system/Results/bfs.durable.tsv: OK
./sparse-durable-20261009-m5-8-pfs3-first/system/Results/complete.txt: OK
./sparse-durable-20261009-m5-8-pfs3-first/system/Results/format-pfs3.txt: OK
./sparse-durable-20261009-m5-8-pfs3-first/system/Results/info-after-format.txt: OK
./sparse-durable-20261009-m5-8-pfs3-first/system/Results/info.txt: OK
./sparse-durable-20261009-m5-8-pfs3-first/system/Results/pfs3.durable.tsv: OK
./sparse-durable-20261009-m5-8-pfs3-first/system/Results/phase-bfs.txt: OK
./sparse-durable-20261009-m5-8-pfs3-first/system/Results/phase-pfs3.txt: OK
./sparse-durable-20261009-m5-8-pfs3-first/system/S/Startup-Sequence: OK
./sparse-durable-20261009-sparse-1-bfs-first/bench.fs-uae: OK
./sparse-durable-20261009-sparse-1-bfs-first/bfs-rdb-info.txt: OK
./sparse-durable-20261009-sparse-1-bfs-first/bfs-rdb.json: OK
./sparse-durable-20261009-sparse-1-bfs-first/fs-uae.log: OK
./sparse-durable-20261009-sparse-1-bfs-first/run.log: OK
./sparse-durable-20261009-sparse-1-bfs-first/runtime-inputs.sha256: OK
./sparse-durable-20261009-sparse-1-bfs-first/system/Results/bfs.durable.tsv: OK
./sparse-durable-20261009-sparse-1-bfs-first/system/Results/complete.txt: OK
./sparse-durable-20261009-sparse-1-bfs-first/system/Results/format-pfs3.txt: OK
./sparse-durable-20261009-sparse-1-bfs-first/system/Results/info-after-format.txt: OK
./sparse-durable-20261009-sparse-1-bfs-first/system/Results/info.txt: OK
./sparse-durable-20261009-sparse-1-bfs-first/system/Results/pfs3.durable.tsv: OK
./sparse-durable-20261009-sparse-1-bfs-first/system/Results/phase-bfs.txt: OK
./sparse-durable-20261009-sparse-1-bfs-first/system/Results/phase-pfs3.txt: OK
./sparse-durable-20261009-sparse-1-bfs-first/system/S/Startup-Sequence: OK
./sparse-durable-20261009-sparse-2-pfs3-first/bench.fs-uae: OK
./sparse-durable-20261009-sparse-2-pfs3-first/bfs-rdb-info.txt: OK
./sparse-durable-20261009-sparse-2-pfs3-first/bfs-rdb.json: OK
./sparse-durable-20261009-sparse-2-pfs3-first/fs-uae.log: OK
./sparse-durable-20261009-sparse-2-pfs3-first/run.log: OK
./sparse-durable-20261009-sparse-2-pfs3-first/runtime-inputs.sha256: OK
./sparse-durable-20261009-sparse-2-pfs3-first/system/Results/bfs.durable.tsv: OK
./sparse-durable-20261009-sparse-2-pfs3-first/system/Results/complete.txt: OK
./sparse-durable-20261009-sparse-2-pfs3-first/system/Results/format-pfs3.txt: OK
./sparse-durable-20261009-sparse-2-pfs3-first/system/Results/info-after-format.txt: OK
./sparse-durable-20261009-sparse-2-pfs3-first/system/Results/info.txt: OK
./sparse-durable-20261009-sparse-2-pfs3-first/system/Results/pfs3.durable.tsv: OK
./sparse-durable-20261009-sparse-2-pfs3-first/system/Results/phase-bfs.txt: OK
./sparse-durable-20261009-sparse-2-pfs3-first/system/Results/phase-pfs3.txt: OK
./sparse-durable-20261009-sparse-2-pfs3-first/system/S/Startup-Sequence: OK
./sparse-durable-20261009-sparse-3-bfs-first/bench.fs-uae: OK
./sparse-durable-20261009-sparse-3-bfs-first/bfs-rdb-info.txt: OK
./sparse-durable-20261009-sparse-3-bfs-first/bfs-rdb.json: OK
./sparse-durable-20261009-sparse-3-bfs-first/fs-uae.log: OK
./sparse-durable-20261009-sparse-3-bfs-first/run.log: OK
./sparse-durable-20261009-sparse-3-bfs-first/runtime-inputs.sha256: OK
./sparse-durable-20261009-sparse-3-bfs-first/system/Results/bfs.durable.tsv: OK
./sparse-durable-20261009-sparse-3-bfs-first/system/Results/complete.txt: OK
./sparse-durable-20261009-sparse-3-bfs-first/system/Results/format-pfs3.txt: OK
./sparse-durable-20261009-sparse-3-bfs-first/system/Results/info-after-format.txt: OK
./sparse-durable-20261009-sparse-3-bfs-first/system/Results/info.txt: OK
./sparse-durable-20261009-sparse-3-bfs-first/system/Results/pfs3.durable.tsv: OK
./sparse-durable-20261009-sparse-3-bfs-first/system/Results/phase-bfs.txt: OK
./sparse-durable-20261009-sparse-3-bfs-first/system/Results/phase-pfs3.txt: OK
./sparse-durable-20261009-sparse-3-bfs-first/system/S/Startup-Sequence: OK
./sparse-durable-20261009-sparse-4-pfs3-first/bench.fs-uae: OK
./sparse-durable-20261009-sparse-4-pfs3-first/bfs-rdb-info.txt: OK
./sparse-durable-20261009-sparse-4-pfs3-first/bfs-rdb.json: OK
./sparse-durable-20261009-sparse-4-pfs3-first/fs-uae.log: OK
./sparse-durable-20261009-sparse-4-pfs3-first/run.log: OK
./sparse-durable-20261009-sparse-4-pfs3-first/runtime-inputs.sha256: OK
./sparse-durable-20261009-sparse-4-pfs3-first/system/Results/bfs.durable.tsv: OK
./sparse-durable-20261009-sparse-4-pfs3-first/system/Results/complete.txt: OK
./sparse-durable-20261009-sparse-4-pfs3-first/system/Results/format-pfs3.txt: OK
./sparse-durable-20261009-sparse-4-pfs3-first/system/Results/info-after-format.txt: OK
./sparse-durable-20261009-sparse-4-pfs3-first/system/Results/info.txt: OK
./sparse-durable-20261009-sparse-4-pfs3-first/system/Results/pfs3.durable.tsv: OK
./sparse-durable-20261009-sparse-4-pfs3-first/system/Results/phase-bfs.txt: OK
./sparse-durable-20261009-sparse-4-pfs3-first/system/Results/phase-pfs3.txt: OK
./sparse-durable-20261009-sparse-4-pfs3-first/system/S/Startup-Sequence: OK
./sparse-durable-20261009-sparse-5-bfs-first/bench.fs-uae: OK
./sparse-durable-20261009-sparse-5-bfs-first/bfs-rdb-info.txt: OK
./sparse-durable-20261009-sparse-5-bfs-first/bfs-rdb.json: OK
./sparse-durable-20261009-sparse-5-bfs-first/fs-uae.log: OK
./sparse-durable-20261009-sparse-5-bfs-first/run.log: OK
./sparse-durable-20261009-sparse-5-bfs-first/runtime-inputs.sha256: OK
./sparse-durable-20261009-sparse-5-bfs-first/system/Results/bfs.durable.tsv: OK
./sparse-durable-20261009-sparse-5-bfs-first/system/Results/complete.txt: OK
./sparse-durable-20261009-sparse-5-bfs-first/system/Results/format-pfs3.txt: OK
./sparse-durable-20261009-sparse-5-bfs-first/system/Results/info-after-format.txt: OK
./sparse-durable-20261009-sparse-5-bfs-first/system/Results/info.txt: OK
./sparse-durable-20261009-sparse-5-bfs-first/system/Results/pfs3.durable.tsv: OK
./sparse-durable-20261009-sparse-5-bfs-first/system/Results/phase-bfs.txt: OK
./sparse-durable-20261009-sparse-5-bfs-first/system/Results/phase-pfs3.txt: OK
./sparse-durable-20261009-sparse-5-bfs-first/system/S/Startup-Sequence: OK
./sparse-durable-20261009-sparse-6-pfs3-first/bench.fs-uae: OK
./sparse-durable-20261009-sparse-6-pfs3-first/bfs-rdb-info.txt: OK
./sparse-durable-20261009-sparse-6-pfs3-first/bfs-rdb.json: OK
./sparse-durable-20261009-sparse-6-pfs3-first/fs-uae.log: OK
./sparse-durable-20261009-sparse-6-pfs3-first/run.log: OK
./sparse-durable-20261009-sparse-6-pfs3-first/runtime-inputs.sha256: OK
./sparse-durable-20261009-sparse-6-pfs3-first/system/Results/bfs.durable.tsv: OK
./sparse-durable-20261009-sparse-6-pfs3-first/system/Results/complete.txt: OK
./sparse-durable-20261009-sparse-6-pfs3-first/system/Results/format-pfs3.txt: OK
./sparse-durable-20261009-sparse-6-pfs3-first/system/Results/info-after-format.txt: OK
./sparse-durable-20261009-sparse-6-pfs3-first/system/Results/info.txt: OK
./sparse-durable-20261009-sparse-6-pfs3-first/system/Results/pfs3.durable.tsv: OK
./sparse-durable-20261009-sparse-6-pfs3-first/system/Results/phase-bfs.txt: OK
./sparse-durable-20261009-sparse-6-pfs3-first/system/Results/phase-pfs3.txt: OK
./sparse-durable-20261009-sparse-6-pfs3-first/system/S/Startup-Sequence: OK
./sparse-durable-20261009-sparse-7-bfs-first/bench.fs-uae: OK
./sparse-durable-20261009-sparse-7-bfs-first/bfs-rdb-info.txt: OK
./sparse-durable-20261009-sparse-7-bfs-first/bfs-rdb.json: OK
./sparse-durable-20261009-sparse-7-bfs-first/fs-uae.log: OK
./sparse-durable-20261009-sparse-7-bfs-first/run.log: OK
./sparse-durable-20261009-sparse-7-bfs-first/runtime-inputs.sha256: OK
./sparse-durable-20261009-sparse-7-bfs-first/system/Results/bfs.durable.tsv: OK
./sparse-durable-20261009-sparse-7-bfs-first/system/Results/complete.txt: OK
./sparse-durable-20261009-sparse-7-bfs-first/system/Results/format-pfs3.txt: OK
./sparse-durable-20261009-sparse-7-bfs-first/system/Results/info-after-format.txt: OK
./sparse-durable-20261009-sparse-7-bfs-first/system/Results/info.txt: OK
./sparse-durable-20261009-sparse-7-bfs-first/system/Results/pfs3.durable.tsv: OK
./sparse-durable-20261009-sparse-7-bfs-first/system/Results/phase-bfs.txt: OK
./sparse-durable-20261009-sparse-7-bfs-first/system/Results/phase-pfs3.txt: OK
./sparse-durable-20261009-sparse-7-bfs-first/system/S/Startup-Sequence: OK
./sparse-durable-20261009-sparse-8-pfs3-first/bench.fs-uae: OK
./sparse-durable-20261009-sparse-8-pfs3-first/bfs-rdb-info.txt: OK
./sparse-durable-20261009-sparse-8-pfs3-first/bfs-rdb.json: OK
./sparse-durable-20261009-sparse-8-pfs3-first/fs-uae.log: OK
./sparse-durable-20261009-sparse-8-pfs3-first/run.log: OK
./sparse-durable-20261009-sparse-8-pfs3-first/runtime-inputs.sha256: OK
./sparse-durable-20261009-sparse-8-pfs3-first/system/Results/bfs.durable.tsv: OK
./sparse-durable-20261009-sparse-8-pfs3-first/system/Results/complete.txt: OK
./sparse-durable-20261009-sparse-8-pfs3-first/system/Results/format-pfs3.txt: OK
./sparse-durable-20261009-sparse-8-pfs3-first/system/Results/info-after-format.txt: OK
./sparse-durable-20261009-sparse-8-pfs3-first/system/Results/info.txt: OK
./sparse-durable-20261009-sparse-8-pfs3-first/system/Results/pfs3.durable.tsv: OK
./sparse-durable-20261009-sparse-8-pfs3-first/system/Results/phase-bfs.txt: OK
./sparse-durable-20261009-sparse-8-pfs3-first/system/Results/phase-pfs3.txt: OK
./sparse-durable-20261009-sparse-8-pfs3-first/system/S/Startup-Sequence: OK
./sparse-durable-run.log: OK
./sparse-final-diff-check.log: OK
./sparse-final-quality.log: OK
./sparse-final-shellcheck.log: OK
./sparse-final-text-audit.log: OK
./sparse-handler-reproduction.log: OK
./sparse-host.log: OK
./sparse-linux-contracts-no-git.log: OK
./sparse-linux-contracts.log: OK
./sparse-local-contracts.log: OK
./sparse-micro-oracles.log: OK
./sparse-micro-run.log: OK
./sparse-micro-typed-run.log: OK
./sparse-normal-20261009-m5-1-bfs-first/bench.fs-uae: OK
./sparse-normal-20261009-m5-1-bfs-first/bfs-rdb-info.txt: OK
./sparse-normal-20261009-m5-1-bfs-first/bfs-rdb.json: OK
./sparse-normal-20261009-m5-1-bfs-first/fs-uae.log: OK
./sparse-normal-20261009-m5-1-bfs-first/run.log: OK
./sparse-normal-20261009-m5-1-bfs-first/runtime-inputs.sha256: OK
./sparse-normal-20261009-m5-1-bfs-first/system/Results/bfs.tsv: OK
./sparse-normal-20261009-m5-1-bfs-first/system/Results/complete.txt: OK
./sparse-normal-20261009-m5-1-bfs-first/system/Results/format-pfs3.txt: OK
./sparse-normal-20261009-m5-1-bfs-first/system/Results/info-after-format.txt: OK
./sparse-normal-20261009-m5-1-bfs-first/system/Results/info.txt: OK
./sparse-normal-20261009-m5-1-bfs-first/system/Results/pfs3.tsv: OK
./sparse-normal-20261009-m5-1-bfs-first/system/Results/phase-bfs.txt: OK
./sparse-normal-20261009-m5-1-bfs-first/system/Results/phase-pfs3.txt: OK
./sparse-normal-20261009-m5-1-bfs-first/system/S/Startup-Sequence: OK
./sparse-normal-20261009-m5-2-pfs3-first/bench.fs-uae: OK
./sparse-normal-20261009-m5-2-pfs3-first/bfs-rdb-info.txt: OK
./sparse-normal-20261009-m5-2-pfs3-first/bfs-rdb.json: OK
./sparse-normal-20261009-m5-2-pfs3-first/fs-uae.log: OK
./sparse-normal-20261009-m5-2-pfs3-first/run.log: OK
./sparse-normal-20261009-m5-2-pfs3-first/runtime-inputs.sha256: OK
./sparse-normal-20261009-m5-2-pfs3-first/system/Results/bfs.tsv: OK
./sparse-normal-20261009-m5-2-pfs3-first/system/Results/complete.txt: OK
./sparse-normal-20261009-m5-2-pfs3-first/system/Results/format-pfs3.txt: OK
./sparse-normal-20261009-m5-2-pfs3-first/system/Results/info-after-format.txt: OK
./sparse-normal-20261009-m5-2-pfs3-first/system/Results/info.txt: OK
./sparse-normal-20261009-m5-2-pfs3-first/system/Results/pfs3.tsv: OK
./sparse-normal-20261009-m5-2-pfs3-first/system/Results/phase-bfs.txt: OK
./sparse-normal-20261009-m5-2-pfs3-first/system/Results/phase-pfs3.txt: OK
./sparse-normal-20261009-m5-2-pfs3-first/system/S/Startup-Sequence: OK
./sparse-normal-20261009-m5-3-bfs-first/bench.fs-uae: OK
./sparse-normal-20261009-m5-3-bfs-first/bfs-rdb-info.txt: OK
./sparse-normal-20261009-m5-3-bfs-first/bfs-rdb.json: OK
./sparse-normal-20261009-m5-3-bfs-first/fs-uae.log: OK
./sparse-normal-20261009-m5-3-bfs-first/run.log: OK
./sparse-normal-20261009-m5-3-bfs-first/runtime-inputs.sha256: OK
./sparse-normal-20261009-m5-3-bfs-first/system/Results/bfs.tsv: OK
./sparse-normal-20261009-m5-3-bfs-first/system/Results/complete.txt: OK
./sparse-normal-20261009-m5-3-bfs-first/system/Results/format-pfs3.txt: OK
./sparse-normal-20261009-m5-3-bfs-first/system/Results/info-after-format.txt: OK
./sparse-normal-20261009-m5-3-bfs-first/system/Results/info.txt: OK
./sparse-normal-20261009-m5-3-bfs-first/system/Results/pfs3.tsv: OK
./sparse-normal-20261009-m5-3-bfs-first/system/Results/phase-bfs.txt: OK
./sparse-normal-20261009-m5-3-bfs-first/system/Results/phase-pfs3.txt: OK
./sparse-normal-20261009-m5-3-bfs-first/system/S/Startup-Sequence: OK
./sparse-normal-20261009-m5-4-pfs3-first/bench.fs-uae: OK
./sparse-normal-20261009-m5-4-pfs3-first/bfs-rdb-info.txt: OK
./sparse-normal-20261009-m5-4-pfs3-first/bfs-rdb.json: OK
./sparse-normal-20261009-m5-4-pfs3-first/fs-uae.log: OK
./sparse-normal-20261009-m5-4-pfs3-first/run.log: OK
./sparse-normal-20261009-m5-4-pfs3-first/runtime-inputs.sha256: OK
./sparse-normal-20261009-m5-4-pfs3-first/system/Results/bfs.tsv: OK
./sparse-normal-20261009-m5-4-pfs3-first/system/Results/complete.txt: OK
./sparse-normal-20261009-m5-4-pfs3-first/system/Results/format-pfs3.txt: OK
./sparse-normal-20261009-m5-4-pfs3-first/system/Results/info-after-format.txt: OK
./sparse-normal-20261009-m5-4-pfs3-first/system/Results/info.txt: OK
./sparse-normal-20261009-m5-4-pfs3-first/system/Results/pfs3.tsv: OK
./sparse-normal-20261009-m5-4-pfs3-first/system/Results/phase-bfs.txt: OK
./sparse-normal-20261009-m5-4-pfs3-first/system/Results/phase-pfs3.txt: OK
./sparse-normal-20261009-m5-4-pfs3-first/system/S/Startup-Sequence: OK
./sparse-normal-20261009-m5-5-bfs-first/bench.fs-uae: OK
./sparse-normal-20261009-m5-5-bfs-first/bfs-rdb-info.txt: OK
./sparse-normal-20261009-m5-5-bfs-first/bfs-rdb.json: OK
./sparse-normal-20261009-m5-5-bfs-first/fs-uae.log: OK
./sparse-normal-20261009-m5-5-bfs-first/run.log: OK
./sparse-normal-20261009-m5-5-bfs-first/runtime-inputs.sha256: OK
./sparse-normal-20261009-m5-5-bfs-first/system/Results/bfs.tsv: OK
./sparse-normal-20261009-m5-5-bfs-first/system/Results/complete.txt: OK
./sparse-normal-20261009-m5-5-bfs-first/system/Results/format-pfs3.txt: OK
./sparse-normal-20261009-m5-5-bfs-first/system/Results/info-after-format.txt: OK
./sparse-normal-20261009-m5-5-bfs-first/system/Results/info.txt: OK
./sparse-normal-20261009-m5-5-bfs-first/system/Results/pfs3.tsv: OK
./sparse-normal-20261009-m5-5-bfs-first/system/Results/phase-bfs.txt: OK
./sparse-normal-20261009-m5-5-bfs-first/system/Results/phase-pfs3.txt: OK
./sparse-normal-20261009-m5-5-bfs-first/system/S/Startup-Sequence: OK
./sparse-normal-20261009-m5-6-pfs3-first/bench.fs-uae: OK
./sparse-normal-20261009-m5-6-pfs3-first/bfs-rdb-info.txt: OK
./sparse-normal-20261009-m5-6-pfs3-first/bfs-rdb.json: OK
./sparse-normal-20261009-m5-6-pfs3-first/fs-uae.log: OK
./sparse-normal-20261009-m5-6-pfs3-first/run.log: OK
./sparse-normal-20261009-m5-6-pfs3-first/runtime-inputs.sha256: OK
./sparse-normal-20261009-m5-6-pfs3-first/system/Results/bfs.tsv: OK
./sparse-normal-20261009-m5-6-pfs3-first/system/Results/complete.txt: OK
./sparse-normal-20261009-m5-6-pfs3-first/system/Results/format-pfs3.txt: OK
./sparse-normal-20261009-m5-6-pfs3-first/system/Results/info-after-format.txt: OK
./sparse-normal-20261009-m5-6-pfs3-first/system/Results/info.txt: OK
./sparse-normal-20261009-m5-6-pfs3-first/system/Results/pfs3.tsv: OK
./sparse-normal-20261009-m5-6-pfs3-first/system/Results/phase-bfs.txt: OK
./sparse-normal-20261009-m5-6-pfs3-first/system/Results/phase-pfs3.txt: OK
./sparse-normal-20261009-m5-6-pfs3-first/system/S/Startup-Sequence: OK
./sparse-normal-20261009-m5-7-bfs-first/bench.fs-uae: OK
./sparse-normal-20261009-m5-7-bfs-first/bfs-rdb-info.txt: OK
./sparse-normal-20261009-m5-7-bfs-first/bfs-rdb.json: OK
./sparse-normal-20261009-m5-7-bfs-first/fs-uae.log: OK
./sparse-normal-20261009-m5-7-bfs-first/run.log: OK
./sparse-normal-20261009-m5-7-bfs-first/runtime-inputs.sha256: OK
./sparse-normal-20261009-m5-7-bfs-first/system/Results/bfs.tsv: OK
./sparse-normal-20261009-m5-7-bfs-first/system/Results/complete.txt: OK
./sparse-normal-20261009-m5-7-bfs-first/system/Results/format-pfs3.txt: OK
./sparse-normal-20261009-m5-7-bfs-first/system/Results/info-after-format.txt: OK
./sparse-normal-20261009-m5-7-bfs-first/system/Results/info.txt: OK
./sparse-normal-20261009-m5-7-bfs-first/system/Results/pfs3.tsv: OK
./sparse-normal-20261009-m5-7-bfs-first/system/Results/phase-bfs.txt: OK
./sparse-normal-20261009-m5-7-bfs-first/system/Results/phase-pfs3.txt: OK
./sparse-normal-20261009-m5-7-bfs-first/system/S/Startup-Sequence: OK
./sparse-normal-20261009-m5-8-pfs3-first/bench.fs-uae: OK
./sparse-normal-20261009-m5-8-pfs3-first/bfs-rdb-info.txt: OK
./sparse-normal-20261009-m5-8-pfs3-first/bfs-rdb.json: OK
./sparse-normal-20261009-m5-8-pfs3-first/fs-uae.log: OK
./sparse-normal-20261009-m5-8-pfs3-first/run.log: OK
./sparse-normal-20261009-m5-8-pfs3-first/runtime-inputs.sha256: OK
./sparse-normal-20261009-m5-8-pfs3-first/system/Results/bfs.tsv: OK
./sparse-normal-20261009-m5-8-pfs3-first/system/Results/complete.txt: OK
./sparse-normal-20261009-m5-8-pfs3-first/system/Results/format-pfs3.txt: OK
./sparse-normal-20261009-m5-8-pfs3-first/system/Results/info-after-format.txt: OK
./sparse-normal-20261009-m5-8-pfs3-first/system/Results/info.txt: OK
./sparse-normal-20261009-m5-8-pfs3-first/system/Results/pfs3.tsv: OK
./sparse-normal-20261009-m5-8-pfs3-first/system/Results/phase-bfs.txt: OK
./sparse-normal-20261009-m5-8-pfs3-first/system/Results/phase-pfs3.txt: OK
./sparse-normal-20261009-m5-8-pfs3-first/system/S/Startup-Sequence: OK
./sparse-normal-20261009-sparse-1-bfs-first/bench.fs-uae: OK
./sparse-normal-20261009-sparse-1-bfs-first/bfs-rdb-info.txt: OK
./sparse-normal-20261009-sparse-1-bfs-first/bfs-rdb.json: OK
./sparse-normal-20261009-sparse-1-bfs-first/fs-uae.log: OK
./sparse-normal-20261009-sparse-1-bfs-first/run.log: OK
./sparse-normal-20261009-sparse-1-bfs-first/runtime-inputs.sha256: OK
./sparse-normal-20261009-sparse-1-bfs-first/system/Results/bfs.tsv: OK
./sparse-normal-20261009-sparse-1-bfs-first/system/Results/complete.txt: OK
./sparse-normal-20261009-sparse-1-bfs-first/system/Results/format-pfs3.txt: OK
./sparse-normal-20261009-sparse-1-bfs-first/system/Results/info-after-format.txt: OK
./sparse-normal-20261009-sparse-1-bfs-first/system/Results/info.txt: OK
./sparse-normal-20261009-sparse-1-bfs-first/system/Results/pfs3.tsv: OK
./sparse-normal-20261009-sparse-1-bfs-first/system/Results/phase-bfs.txt: OK
./sparse-normal-20261009-sparse-1-bfs-first/system/Results/phase-pfs3.txt: OK
./sparse-normal-20261009-sparse-1-bfs-first/system/S/Startup-Sequence: OK
./sparse-normal-20261009-sparse-2-pfs3-first/bench.fs-uae: OK
./sparse-normal-20261009-sparse-2-pfs3-first/bfs-rdb-info.txt: OK
./sparse-normal-20261009-sparse-2-pfs3-first/bfs-rdb.json: OK
./sparse-normal-20261009-sparse-2-pfs3-first/fs-uae.log: OK
./sparse-normal-20261009-sparse-2-pfs3-first/run.log: OK
./sparse-normal-20261009-sparse-2-pfs3-first/runtime-inputs.sha256: OK
./sparse-normal-20261009-sparse-2-pfs3-first/system/Results/bfs.tsv: OK
./sparse-normal-20261009-sparse-2-pfs3-first/system/Results/complete.txt: OK
./sparse-normal-20261009-sparse-2-pfs3-first/system/Results/format-pfs3.txt: OK
./sparse-normal-20261009-sparse-2-pfs3-first/system/Results/info-after-format.txt: OK
./sparse-normal-20261009-sparse-2-pfs3-first/system/Results/info.txt: OK
./sparse-normal-20261009-sparse-2-pfs3-first/system/Results/pfs3.tsv: OK
./sparse-normal-20261009-sparse-2-pfs3-first/system/Results/phase-bfs.txt: OK
./sparse-normal-20261009-sparse-2-pfs3-first/system/Results/phase-pfs3.txt: OK
./sparse-normal-20261009-sparse-2-pfs3-first/system/S/Startup-Sequence: OK
./sparse-normal-20261009-sparse-3-bfs-first/bench.fs-uae: OK
./sparse-normal-20261009-sparse-3-bfs-first/bfs-rdb-info.txt: OK
./sparse-normal-20261009-sparse-3-bfs-first/bfs-rdb.json: OK
./sparse-normal-20261009-sparse-3-bfs-first/fs-uae.log: OK
./sparse-normal-20261009-sparse-3-bfs-first/run.log: OK
./sparse-normal-20261009-sparse-3-bfs-first/runtime-inputs.sha256: OK
./sparse-normal-20261009-sparse-3-bfs-first/system/Results/bfs.tsv: OK
./sparse-normal-20261009-sparse-3-bfs-first/system/Results/complete.txt: OK
./sparse-normal-20261009-sparse-3-bfs-first/system/Results/format-pfs3.txt: OK
./sparse-normal-20261009-sparse-3-bfs-first/system/Results/info-after-format.txt: OK
./sparse-normal-20261009-sparse-3-bfs-first/system/Results/info.txt: OK
./sparse-normal-20261009-sparse-3-bfs-first/system/Results/pfs3.tsv: OK
./sparse-normal-20261009-sparse-3-bfs-first/system/Results/phase-bfs.txt: OK
./sparse-normal-20261009-sparse-3-bfs-first/system/Results/phase-pfs3.txt: OK
./sparse-normal-20261009-sparse-3-bfs-first/system/S/Startup-Sequence: OK
./sparse-normal-20261009-sparse-4-pfs3-first/bench.fs-uae: OK
./sparse-normal-20261009-sparse-4-pfs3-first/bfs-rdb-info.txt: OK
./sparse-normal-20261009-sparse-4-pfs3-first/bfs-rdb.json: OK
./sparse-normal-20261009-sparse-4-pfs3-first/fs-uae.log: OK
./sparse-normal-20261009-sparse-4-pfs3-first/run.log: OK
./sparse-normal-20261009-sparse-4-pfs3-first/runtime-inputs.sha256: OK
./sparse-normal-20261009-sparse-4-pfs3-first/system/Results/bfs.tsv: OK
./sparse-normal-20261009-sparse-4-pfs3-first/system/Results/complete.txt: OK
./sparse-normal-20261009-sparse-4-pfs3-first/system/Results/format-pfs3.txt: OK
./sparse-normal-20261009-sparse-4-pfs3-first/system/Results/info-after-format.txt: OK
./sparse-normal-20261009-sparse-4-pfs3-first/system/Results/info.txt: OK
./sparse-normal-20261009-sparse-4-pfs3-first/system/Results/pfs3.tsv: OK
./sparse-normal-20261009-sparse-4-pfs3-first/system/Results/phase-bfs.txt: OK
./sparse-normal-20261009-sparse-4-pfs3-first/system/Results/phase-pfs3.txt: OK
./sparse-normal-20261009-sparse-4-pfs3-first/system/S/Startup-Sequence: OK
./sparse-normal-20261009-sparse-5-bfs-first/bench.fs-uae: OK
./sparse-normal-20261009-sparse-5-bfs-first/bfs-rdb-info.txt: OK
./sparse-normal-20261009-sparse-5-bfs-first/bfs-rdb.json: OK
./sparse-normal-20261009-sparse-5-bfs-first/fs-uae.log: OK
./sparse-normal-20261009-sparse-5-bfs-first/run.log: OK
./sparse-normal-20261009-sparse-5-bfs-first/runtime-inputs.sha256: OK
./sparse-normal-20261009-sparse-5-bfs-first/system/Results/bfs.tsv: OK
./sparse-normal-20261009-sparse-5-bfs-first/system/Results/complete.txt: OK
./sparse-normal-20261009-sparse-5-bfs-first/system/Results/format-pfs3.txt: OK
./sparse-normal-20261009-sparse-5-bfs-first/system/Results/info-after-format.txt: OK
./sparse-normal-20261009-sparse-5-bfs-first/system/Results/info.txt: OK
./sparse-normal-20261009-sparse-5-bfs-first/system/Results/pfs3.tsv: OK
./sparse-normal-20261009-sparse-5-bfs-first/system/Results/phase-bfs.txt: OK
./sparse-normal-20261009-sparse-5-bfs-first/system/Results/phase-pfs3.txt: OK
./sparse-normal-20261009-sparse-5-bfs-first/system/S/Startup-Sequence: OK
./sparse-normal-20261009-sparse-6-pfs3-first/bench.fs-uae: OK
./sparse-normal-20261009-sparse-6-pfs3-first/bfs-rdb-info.txt: OK
./sparse-normal-20261009-sparse-6-pfs3-first/bfs-rdb.json: OK
./sparse-normal-20261009-sparse-6-pfs3-first/fs-uae.log: OK
./sparse-normal-20261009-sparse-6-pfs3-first/run.log: OK
./sparse-normal-20261009-sparse-6-pfs3-first/runtime-inputs.sha256: OK
./sparse-normal-20261009-sparse-6-pfs3-first/system/Results/bfs.tsv: OK
./sparse-normal-20261009-sparse-6-pfs3-first/system/Results/complete.txt: OK
./sparse-normal-20261009-sparse-6-pfs3-first/system/Results/format-pfs3.txt: OK
./sparse-normal-20261009-sparse-6-pfs3-first/system/Results/info-after-format.txt: OK
./sparse-normal-20261009-sparse-6-pfs3-first/system/Results/info.txt: OK
./sparse-normal-20261009-sparse-6-pfs3-first/system/Results/pfs3.tsv: OK
./sparse-normal-20261009-sparse-6-pfs3-first/system/Results/phase-bfs.txt: OK
./sparse-normal-20261009-sparse-6-pfs3-first/system/Results/phase-pfs3.txt: OK
./sparse-normal-20261009-sparse-6-pfs3-first/system/S/Startup-Sequence: OK
./sparse-normal-20261009-sparse-7-bfs-first/bench.fs-uae: OK
./sparse-normal-20261009-sparse-7-bfs-first/bfs-rdb-info.txt: OK
./sparse-normal-20261009-sparse-7-bfs-first/bfs-rdb.json: OK
./sparse-normal-20261009-sparse-7-bfs-first/fs-uae.log: OK
./sparse-normal-20261009-sparse-7-bfs-first/run.log: OK
./sparse-normal-20261009-sparse-7-bfs-first/runtime-inputs.sha256: OK
./sparse-normal-20261009-sparse-7-bfs-first/system/Results/bfs.tsv: OK
./sparse-normal-20261009-sparse-7-bfs-first/system/Results/complete.txt: OK
./sparse-normal-20261009-sparse-7-bfs-first/system/Results/format-pfs3.txt: OK
./sparse-normal-20261009-sparse-7-bfs-first/system/Results/info-after-format.txt: OK
./sparse-normal-20261009-sparse-7-bfs-first/system/Results/info.txt: OK
./sparse-normal-20261009-sparse-7-bfs-first/system/Results/pfs3.tsv: OK
./sparse-normal-20261009-sparse-7-bfs-first/system/Results/phase-bfs.txt: OK
./sparse-normal-20261009-sparse-7-bfs-first/system/Results/phase-pfs3.txt: OK
./sparse-normal-20261009-sparse-7-bfs-first/system/S/Startup-Sequence: OK
./sparse-normal-20261009-sparse-8-pfs3-first/bench.fs-uae: OK
./sparse-normal-20261009-sparse-8-pfs3-first/bfs-rdb-info.txt: OK
./sparse-normal-20261009-sparse-8-pfs3-first/bfs-rdb.json: OK
./sparse-normal-20261009-sparse-8-pfs3-first/fs-uae.log: OK
./sparse-normal-20261009-sparse-8-pfs3-first/run.log: OK
./sparse-normal-20261009-sparse-8-pfs3-first/runtime-inputs.sha256: OK
./sparse-normal-20261009-sparse-8-pfs3-first/system/Results/bfs.tsv: OK
./sparse-normal-20261009-sparse-8-pfs3-first/system/Results/complete.txt: OK
./sparse-normal-20261009-sparse-8-pfs3-first/system/Results/format-pfs3.txt: OK
./sparse-normal-20261009-sparse-8-pfs3-first/system/Results/info-after-format.txt: OK
./sparse-normal-20261009-sparse-8-pfs3-first/system/Results/info.txt: OK
./sparse-normal-20261009-sparse-8-pfs3-first/system/Results/pfs3.tsv: OK
./sparse-normal-20261009-sparse-8-pfs3-first/system/Results/phase-bfs.txt: OK
./sparse-normal-20261009-sparse-8-pfs3-first/system/Results/phase-pfs3.txt: OK
./sparse-normal-20261009-sparse-8-pfs3-first/system/S/Startup-Sequence: OK
./sparse-normal-run.log: OK
./sparse-patch-check.log: OK
./sparse-pilot-normal-20261009-m5-1-bfs-first/bench.fs-uae: OK
./sparse-pilot-normal-20261009-m5-1-bfs-first/bfs-rdb-info.txt: OK
./sparse-pilot-normal-20261009-m5-1-bfs-first/bfs-rdb.json: OK
./sparse-pilot-normal-20261009-m5-1-bfs-first/fs-uae.log: OK
./sparse-pilot-normal-20261009-m5-1-bfs-first/run.log: OK
./sparse-pilot-normal-20261009-m5-1-bfs-first/runtime-inputs.sha256: OK
./sparse-pilot-normal-20261009-m5-1-bfs-first/system/Results/bfs.tsv: OK
./sparse-pilot-normal-20261009-m5-1-bfs-first/system/Results/complete.txt: OK
./sparse-pilot-normal-20261009-m5-1-bfs-first/system/Results/format-pfs3.txt: OK
./sparse-pilot-normal-20261009-m5-1-bfs-first/system/Results/info-after-format.txt: OK
./sparse-pilot-normal-20261009-m5-1-bfs-first/system/Results/info.txt: OK
./sparse-pilot-normal-20261009-m5-1-bfs-first/system/Results/pfs3.tsv: OK
./sparse-pilot-normal-20261009-m5-1-bfs-first/system/Results/phase-bfs.txt: OK
./sparse-pilot-normal-20261009-m5-1-bfs-first/system/Results/phase-pfs3.txt: OK
./sparse-pilot-normal-20261009-m5-1-bfs-first/system/S/Startup-Sequence: OK
./sparse-pilot-normal-20261009-m5-2-pfs3-first/bench.fs-uae: OK
./sparse-pilot-normal-20261009-m5-2-pfs3-first/bfs-rdb-info.txt: OK
./sparse-pilot-normal-20261009-m5-2-pfs3-first/bfs-rdb.json: OK
./sparse-pilot-normal-20261009-m5-2-pfs3-first/fs-uae.log: OK
./sparse-pilot-normal-20261009-m5-2-pfs3-first/run.log: OK
./sparse-pilot-normal-20261009-m5-2-pfs3-first/runtime-inputs.sha256: OK
./sparse-pilot-normal-20261009-m5-2-pfs3-first/system/Results/bfs.tsv: OK
./sparse-pilot-normal-20261009-m5-2-pfs3-first/system/Results/complete.txt: OK
./sparse-pilot-normal-20261009-m5-2-pfs3-first/system/Results/format-pfs3.txt: OK
./sparse-pilot-normal-20261009-m5-2-pfs3-first/system/Results/info-after-format.txt: OK
./sparse-pilot-normal-20261009-m5-2-pfs3-first/system/Results/info.txt: OK
./sparse-pilot-normal-20261009-m5-2-pfs3-first/system/Results/pfs3.tsv: OK
./sparse-pilot-normal-20261009-m5-2-pfs3-first/system/Results/phase-bfs.txt: OK
./sparse-pilot-normal-20261009-m5-2-pfs3-first/system/Results/phase-pfs3.txt: OK
./sparse-pilot-normal-20261009-m5-2-pfs3-first/system/S/Startup-Sequence: OK
./sparse-pilot-normal-20261009-sparse-1-bfs-first/bench.fs-uae: OK
./sparse-pilot-normal-20261009-sparse-1-bfs-first/bfs-rdb-info.txt: OK
./sparse-pilot-normal-20261009-sparse-1-bfs-first/bfs-rdb.json: OK
./sparse-pilot-normal-20261009-sparse-1-bfs-first/fs-uae.log: OK
./sparse-pilot-normal-20261009-sparse-1-bfs-first/run.log: OK
./sparse-pilot-normal-20261009-sparse-1-bfs-first/runtime-inputs.sha256: OK
./sparse-pilot-normal-20261009-sparse-1-bfs-first/system/Results/bfs.tsv: OK
./sparse-pilot-normal-20261009-sparse-1-bfs-first/system/Results/complete.txt: OK
./sparse-pilot-normal-20261009-sparse-1-bfs-first/system/Results/format-pfs3.txt: OK
./sparse-pilot-normal-20261009-sparse-1-bfs-first/system/Results/info-after-format.txt: OK
./sparse-pilot-normal-20261009-sparse-1-bfs-first/system/Results/info.txt: OK
./sparse-pilot-normal-20261009-sparse-1-bfs-first/system/Results/pfs3.tsv: OK
./sparse-pilot-normal-20261009-sparse-1-bfs-first/system/Results/phase-bfs.txt: OK
./sparse-pilot-normal-20261009-sparse-1-bfs-first/system/Results/phase-pfs3.txt: OK
./sparse-pilot-normal-20261009-sparse-1-bfs-first/system/S/Startup-Sequence: OK
./sparse-pilot-normal-20261009-sparse-2-pfs3-first/bench.fs-uae: OK
./sparse-pilot-normal-20261009-sparse-2-pfs3-first/bfs-rdb-info.txt: OK
./sparse-pilot-normal-20261009-sparse-2-pfs3-first/bfs-rdb.json: OK
./sparse-pilot-normal-20261009-sparse-2-pfs3-first/fs-uae.log: OK
./sparse-pilot-normal-20261009-sparse-2-pfs3-first/run.log: OK
./sparse-pilot-normal-20261009-sparse-2-pfs3-first/runtime-inputs.sha256: OK
./sparse-pilot-normal-20261009-sparse-2-pfs3-first/system/Results/bfs.tsv: OK
./sparse-pilot-normal-20261009-sparse-2-pfs3-first/system/Results/complete.txt: OK
./sparse-pilot-normal-20261009-sparse-2-pfs3-first/system/Results/format-pfs3.txt: OK
./sparse-pilot-normal-20261009-sparse-2-pfs3-first/system/Results/info-after-format.txt: OK
./sparse-pilot-normal-20261009-sparse-2-pfs3-first/system/Results/info.txt: OK
./sparse-pilot-normal-20261009-sparse-2-pfs3-first/system/Results/pfs3.tsv: OK
./sparse-pilot-normal-20261009-sparse-2-pfs3-first/system/Results/phase-bfs.txt: OK
./sparse-pilot-normal-20261009-sparse-2-pfs3-first/system/Results/phase-pfs3.txt: OK
./sparse-pilot-normal-20261009-sparse-2-pfs3-first/system/S/Startup-Sequence: OK
./sparse-pilot-run.log: OK
./sparse-probe-build-guarded.log: OK
./sparse-probe-build-typed.log: OK
./sparse-probe-build.log: OK
./sparse-probe-codegen.log: OK
./sparse-quality.log: OK
./sparse-runtime-run-no-git.log: OK
./sparse-runtime-run.log: OK
./sparse-san.log: OK
./sparse-shellcheck.log: OK
./sparse-source-metadata.log: OK
./sparse-summary-oracles.log: OK
./summarize-family.py: OK
./summarize.py: OK
./summarize_micro.py: OK
./summary-oracles.log: OK
./test_summarize.py: OK
./test_summarize_micro.py: OK
./typed-probe-codegen.s: OK
./worktree-status.log: OK
