actions.runner.metaneutrons-snapdog-os.cachy.service
LoadState=loaded
ActiveState=inactive
SubState=dead
MainPID=0
gitlab-runner.service
LoadState=loaded
ActiveState=inactive
SubState=dead
MainPID=0
actions.runner.metaneutrons-snapdog-os.cachy.service
LoadState=loaded
ActiveState=inactive
SubState=dead
MainPID=0
gitlab-runner.service
LoadState=loaded
ActiveState=inactive
SubState=dead
MainPID=0
actions.runner.metaneutrons-snapdog-os.cachy.service
LoadState=loaded
ActiveState=inactive
SubState=dead
MainPID=0
gitlab-runner.service
LoadState=loaded
ActiveState=inactive
SubState=dead
MainPID=0
actions.runner.metaneutrons-snapdog-os.cachy.service
LoadState=loaded
ActiveState=inactive
SubState=dead
MainPID=0
gitlab-runner.service
LoadState=loaded
ActiveState=inactive
SubState=dead
MainPID=0
actions.runner.metaneutrons-snapdog-os.cachy.service
LoadState=loaded
ActiveState=inactive
SubState=dead
MainPID=0
gitlab-runner.service
LoadState=loaded
ActiveState=inactive
SubState=dead
MainPID=0
actions.runner.metaneutrons-snapdog-os.cachy.service
LoadState=loaded
ActiveState=inactive
SubState=dead
MainPID=0
gitlab-runner.service
LoadState=loaded
ActiveState=inactive
SubState=dead
MainPID=0
actions.runner.metaneutrons-snapdog-os.cachy.service
LoadState=loaded
ActiveState=inactive
SubState=dead
MainPID=0
gitlab-runner.service
LoadState=loaded
ActiveState=inactive
SubState=dead
MainPID=0
actions.runner.metaneutrons-snapdog-os.cachy.service
LoadState=loaded
ActiveState=inactive
SubState=dead
MainPID=0
gitlab-runner.service
LoadState=loaded
ActiveState=inactive
SubState=dead
MainPID=0
actions.runner.metaneutrons-snapdog-os.cachy.service
LoadState=loaded
ActiveState=inactive
SubState=dead
MainPID=0
gitlab-runner.service
LoadState=loaded
ActiveState=inactive
SubState=dead
MainPID=0
actions.runner.metaneutrons-snapdog-os.cachy.service
LoadState=loaded
ActiveState=inactive
SubState=dead
MainPID=0
gitlab-runner.service
LoadState=loaded
ActiveState=inactive
SubState=dead
MainPID=0
actions.runner.metaneutrons-snapdog-os.cachy.service
LoadState=loaded
ActiveState=inactive
SubState=dead
MainPID=0
gitlab-runner.service
LoadState=loaded
ActiveState=inactive
SubState=dead
MainPID=0
actions.runner.metaneutrons-snapdog-os.cachy.service
LoadState=loaded
ActiveState=inactive
SubState=dead
MainPID=0
gitlab-runner.service
LoadState=loaded
ActiveState=inactive
SubState=dead
MainPID=0
actions.runner.metaneutrons-snapdog-os.cachy.service
LoadState=loaded
ActiveState=inactive
SubState=dead
MainPID=0
gitlab-runner.service
LoadState=loaded
ActiveState=inactive
SubState=dead
MainPID=0
actions.runner.metaneutrons-snapdog-os.cachy.service
LoadState=loaded
ActiveState=inactive
SubState=dead
MainPID=0
gitlab-runner.service
LoadState=loaded
ActiveState=inactive
SubState=dead
MainPID=0
