./baseline-source.sha256: OK
./candidate-source.sha256: OK
./candidate.patch: OK
./encode-format-logs.py: OK
./independent-review.txt: OK
./inputs.sha256: OK
./restored-binaries.sha256: OK
./run-series.sh: OK
./scan-asset-audit-final.log: OK
./scan-asset-audit.log: OK
./scan-baseline-m68k.log: OK
./scan-baseline-sizes.s: OK
./scan-candidate-m68k.log: OK
./scan-candidate-sizes.s: OK
./scan-deep-20261009-cold-1-bfs-first/bench.fs-uae: OK
./scan-deep-20261009-cold-1-bfs-first/bfs-rdb-info.txt: OK
./scan-deep-20261009-cold-1-bfs-first/bfs-rdb.json: OK
./scan-deep-20261009-cold-1-bfs-first/fs-uae.log: OK
./scan-deep-20261009-cold-1-bfs-first/run.log: OK
./scan-deep-20261009-cold-1-bfs-first/runtime-inputs.sha256: OK
./scan-deep-20261009-cold-1-bfs-first/system/Results/bfs.deep-compare.tsv: OK
./scan-deep-20261009-cold-1-bfs-first/system/Results/complete.txt: OK
./scan-deep-20261009-cold-1-bfs-first/system/Results/format-pfs3.txt: OK
./scan-deep-20261009-cold-1-bfs-first/system/Results/info-after-format.txt: OK
./scan-deep-20261009-cold-1-bfs-first/system/Results/info.txt: OK
./scan-deep-20261009-cold-1-bfs-first/system/Results/pfs3.deep-compare.tsv: OK
./scan-deep-20261009-cold-1-bfs-first/system/Results/phase-bfs.txt: OK
./scan-deep-20261009-cold-1-bfs-first/system/Results/phase-pfs3.txt: OK
./scan-deep-20261009-cold-2-pfs3-first/bench.fs-uae: OK
./scan-deep-20261009-cold-2-pfs3-first/bfs-rdb-info.txt: OK
./scan-deep-20261009-cold-2-pfs3-first/bfs-rdb.json: OK
./scan-deep-20261009-cold-2-pfs3-first/fs-uae.log: OK
./scan-deep-20261009-cold-2-pfs3-first/run.log: OK
./scan-deep-20261009-cold-2-pfs3-first/runtime-inputs.sha256: OK
./scan-deep-20261009-cold-2-pfs3-first/system/Results/bfs.deep-compare.tsv: OK
./scan-deep-20261009-cold-2-pfs3-first/system/Results/complete.txt: OK
./scan-deep-20261009-cold-2-pfs3-first/system/Results/format-pfs3.txt: OK
./scan-deep-20261009-cold-2-pfs3-first/system/Results/info-after-format.txt: OK
./scan-deep-20261009-cold-2-pfs3-first/system/Results/info.txt: OK
./scan-deep-20261009-cold-2-pfs3-first/system/Results/pfs3.deep-compare.tsv: OK
./scan-deep-20261009-cold-2-pfs3-first/system/Results/phase-bfs.txt: OK
./scan-deep-20261009-cold-2-pfs3-first/system/Results/phase-pfs3.txt: OK
./scan-deep-20261009-m5-1-bfs-first/bench.fs-uae: OK
./scan-deep-20261009-m5-1-bfs-first/bfs-rdb-info.txt: OK
./scan-deep-20261009-m5-1-bfs-first/bfs-rdb.json: OK
./scan-deep-20261009-m5-1-bfs-first/fs-uae.log: OK
./scan-deep-20261009-m5-1-bfs-first/run.log: OK
./scan-deep-20261009-m5-1-bfs-first/runtime-inputs.sha256: OK
./scan-deep-20261009-m5-1-bfs-first/system/Results/bfs.deep-compare.tsv: OK
./scan-deep-20261009-m5-1-bfs-first/system/Results/complete.txt: OK
./scan-deep-20261009-m5-1-bfs-first/system/Results/format-pfs3.txt: OK
./scan-deep-20261009-m5-1-bfs-first/system/Results/info-after-format.txt: OK
./scan-deep-20261009-m5-1-bfs-first/system/Results/info.txt: OK
./scan-deep-20261009-m5-1-bfs-first/system/Results/pfs3.deep-compare.tsv: OK
./scan-deep-20261009-m5-1-bfs-first/system/Results/phase-bfs.txt: OK
./scan-deep-20261009-m5-1-bfs-first/system/Results/phase-pfs3.txt: OK
./scan-deep-20261009-m5-2-pfs3-first/bench.fs-uae: OK
./scan-deep-20261009-m5-2-pfs3-first/bfs-rdb-info.txt: OK
./scan-deep-20261009-m5-2-pfs3-first/bfs-rdb.json: OK
./scan-deep-20261009-m5-2-pfs3-first/fs-uae.log: OK
./scan-deep-20261009-m5-2-pfs3-first/run.log: OK
./scan-deep-20261009-m5-2-pfs3-first/runtime-inputs.sha256: OK
./scan-deep-20261009-m5-2-pfs3-first/system/Results/bfs.deep-compare.tsv: OK
./scan-deep-20261009-m5-2-pfs3-first/system/Results/complete.txt: OK
./scan-deep-20261009-m5-2-pfs3-first/system/Results/format-pfs3.txt: OK
./scan-deep-20261009-m5-2-pfs3-first/system/Results/info-after-format.txt: OK
./scan-deep-20261009-m5-2-pfs3-first/system/Results/info.txt: OK
./scan-deep-20261009-m5-2-pfs3-first/system/Results/pfs3.deep-compare.tsv: OK
./scan-deep-20261009-m5-2-pfs3-first/system/Results/phase-bfs.txt: OK
./scan-deep-20261009-m5-2-pfs3-first/system/Results/phase-pfs3.txt: OK
./scan-deep-summary.log: OK
./scan-format-encoding.log: OK
./scan-full-inventory-rejection.log: OK
./scan-host-final.log: OK
./scan-pilot-normal-20261009-cold-1-bfs-first/bench.fs-uae: OK
./scan-pilot-normal-20261009-cold-1-bfs-first/bfs-rdb-info.txt: OK
./scan-pilot-normal-20261009-cold-1-bfs-first/bfs-rdb.json: OK
./scan-pilot-normal-20261009-cold-1-bfs-first/fs-uae.log: OK
./scan-pilot-normal-20261009-cold-1-bfs-first/run.log: OK
./scan-pilot-normal-20261009-cold-1-bfs-first/runtime-inputs.sha256: OK
./scan-pilot-normal-20261009-cold-1-bfs-first/system/Results/bfs.tsv: OK
./scan-pilot-normal-20261009-cold-1-bfs-first/system/Results/complete.txt: OK
./scan-pilot-normal-20261009-cold-1-bfs-first/system/Results/format-pfs3.txt: OK
./scan-pilot-normal-20261009-cold-1-bfs-first/system/Results/info-after-format.txt: OK
./scan-pilot-normal-20261009-cold-1-bfs-first/system/Results/info.txt: OK
./scan-pilot-normal-20261009-cold-1-bfs-first/system/Results/pfs3.tsv: OK
./scan-pilot-normal-20261009-cold-1-bfs-first/system/Results/phase-bfs.txt: OK
./scan-pilot-normal-20261009-cold-1-bfs-first/system/Results/phase-pfs3.txt: OK
./scan-pilot-normal-20261009-cold-2-pfs3-first/bench.fs-uae: OK
./scan-pilot-normal-20261009-cold-2-pfs3-first/bfs-rdb-info.txt: OK
./scan-pilot-normal-20261009-cold-2-pfs3-first/bfs-rdb.json: OK
./scan-pilot-normal-20261009-cold-2-pfs3-first/fs-uae.log: OK
./scan-pilot-normal-20261009-cold-2-pfs3-first/run.log: OK
./scan-pilot-normal-20261009-cold-2-pfs3-first/runtime-inputs.sha256: OK
./scan-pilot-normal-20261009-cold-2-pfs3-first/system/Results/bfs.tsv: OK
./scan-pilot-normal-20261009-cold-2-pfs3-first/system/Results/complete.txt: OK
./scan-pilot-normal-20261009-cold-2-pfs3-first/system/Results/format-pfs3.txt: OK
./scan-pilot-normal-20261009-cold-2-pfs3-first/system/Results/info-after-format.txt: OK
./scan-pilot-normal-20261009-cold-2-pfs3-first/system/Results/info.txt: OK
./scan-pilot-normal-20261009-cold-2-pfs3-first/system/Results/pfs3.tsv: OK
./scan-pilot-normal-20261009-cold-2-pfs3-first/system/Results/phase-bfs.txt: OK
./scan-pilot-normal-20261009-cold-2-pfs3-first/system/Results/phase-pfs3.txt: OK
./scan-pilot-normal-20261009-m5-1-bfs-first/bench.fs-uae: OK
./scan-pilot-normal-20261009-m5-1-bfs-first/bfs-rdb-info.txt: OK
./scan-pilot-normal-20261009-m5-1-bfs-first/bfs-rdb.json: OK
./scan-pilot-normal-20261009-m5-1-bfs-first/fs-uae.log: OK
./scan-pilot-normal-20261009-m5-1-bfs-first/run.log: OK
./scan-pilot-normal-20261009-m5-1-bfs-first/runtime-inputs.sha256: OK
./scan-pilot-normal-20261009-m5-1-bfs-first/system/Results/bfs.tsv: OK
./scan-pilot-normal-20261009-m5-1-bfs-first/system/Results/complete.txt: OK
./scan-pilot-normal-20261009-m5-1-bfs-first/system/Results/format-pfs3.txt: OK
./scan-pilot-normal-20261009-m5-1-bfs-first/system/Results/info-after-format.txt: OK
./scan-pilot-normal-20261009-m5-1-bfs-first/system/Results/info.txt: OK
./scan-pilot-normal-20261009-m5-1-bfs-first/system/Results/pfs3.tsv: OK
./scan-pilot-normal-20261009-m5-1-bfs-first/system/Results/phase-bfs.txt: OK
./scan-pilot-normal-20261009-m5-1-bfs-first/system/Results/phase-pfs3.txt: OK
./scan-pilot-normal-20261009-m5-2-pfs3-first/bench.fs-uae: OK
./scan-pilot-normal-20261009-m5-2-pfs3-first/bfs-rdb-info.txt: OK
./scan-pilot-normal-20261009-m5-2-pfs3-first/bfs-rdb.json: OK
./scan-pilot-normal-20261009-m5-2-pfs3-first/fs-uae.log: OK
./scan-pilot-normal-20261009-m5-2-pfs3-first/run.log: OK
./scan-pilot-normal-20261009-m5-2-pfs3-first/runtime-inputs.sha256: OK
./scan-pilot-normal-20261009-m5-2-pfs3-first/system/Results/bfs.tsv: OK
./scan-pilot-normal-20261009-m5-2-pfs3-first/system/Results/complete.txt: OK
./scan-pilot-normal-20261009-m5-2-pfs3-first/system/Results/format-pfs3.txt: OK
./scan-pilot-normal-20261009-m5-2-pfs3-first/system/Results/info-after-format.txt: OK
./scan-pilot-normal-20261009-m5-2-pfs3-first/system/Results/info.txt: OK
./scan-pilot-normal-20261009-m5-2-pfs3-first/system/Results/pfs3.tsv: OK
./scan-pilot-normal-20261009-m5-2-pfs3-first/system/Results/phase-bfs.txt: OK
./scan-pilot-normal-20261009-m5-2-pfs3-first/system/Results/phase-pfs3.txt: OK
./scan-pilot-summary-final.log: OK
./scan-policy-quality.log: OK
./scan-restored-host.log: OK
./scan-restored-m68k.log: OK
./scan-restored-quality.log: OK
./scan-restored-sanitize.log: OK
./scan-sanitize-final.log: OK
./scan-series.log: OK
./scan-summary-oracles-final.log: OK
./summarize.py: OK
./test_summarize.py: OK
