.gitattributes: OK
archive-metadata-batch-images.sh: OK
measurement-summary.md: OK
metadata-batch-baseline-preparation.log: OK
metadata-batch-candidate.patch: OK
metadata-batch-comparison.json: OK
metadata-batch-comparison.log: OK
metadata-batch-completed-image-archive.log: OK
metadata-batch-evidence-copy.log: OK
metadata-batch-existing-convergence.log: OK
metadata-batch-existing-focused-build.log: OK
metadata-batch-existing-focused.log: OK
metadata-batch-existing-pending.log: OK
metadata-batch-existing-root-shift.log: OK
metadata-batch-fault-build-final.log: OK
metadata-batch-fault-build-final2.log: OK
metadata-batch-fault-build-final3.log: OK
metadata-batch-fault-build-progress1.log: OK
metadata-batch-fault-build-progress2.log: OK
metadata-batch-fault-build.log: OK
metadata-batch-fault-run-final.log: OK
metadata-batch-fault-run-final2.log: OK
metadata-batch-fault-run-final3.log: OK
metadata-batch-fault-run-progress2.log: OK
metadata-batch-fault-run.log: OK
metadata-batch-final-source-identities.log: OK
metadata-batch-functional-build.log: OK
metadata-batch-functional-diff-check.log: OK
metadata-batch-functional-next5-build-final.log: OK
metadata-batch-functional-next5-build.log: OK
metadata-batch-functional-next5-cmake-invocation.log: OK
metadata-batch-functional-next5-run-final.log: OK
metadata-batch-functional-next5-unused-variable-failure.log: OK
metadata-batch-functional-run.log: OK
metadata-batch-guards-existing-build.log: OK
metadata-batch-guards-existing-run.log: OK
metadata-batch-headroom-guard-negative-control.patch: OK
metadata-batch-host-test.log: OK
metadata-batch-input-identities.log: OK
metadata-batch-linux-fuse.log: OK
metadata-batch-m68k-build.log: OK
metadata-batch-m68k-identities.log: OK
metadata-batch-m68k-rebuild.log: OK
metadata-batch-measurements.log: OK
metadata-batch-negative-control-identities.log: OK
metadata-batch-no-headroom-build.log: OK
metadata-batch-no-headroom-run.log: OK
metadata-batch-no-published-build.log: OK
metadata-batch-no-published-run.log: OK
metadata-batch-normal-baseline-bfs-first-images.log: OK
metadata-batch-normal-baseline-bfs-first-run.log: OK
metadata-batch-normal-baseline-bfs-first/bench.fs-uae: OK
metadata-batch-normal-baseline-bfs-first/fs-uae.log: OK
metadata-batch-normal-baseline-bfs-first/metadata-batch-normal-baseline-bfs-first-images.log: OK
metadata-batch-normal-baseline-bfs-first/metadata-batch-normal-baseline-bfs-first-run.log: OK
metadata-batch-normal-baseline-bfs-first/system/Results/bfs.tsv: OK
metadata-batch-normal-baseline-bfs-first/system/Results/complete.txt: OK
metadata-batch-normal-baseline-bfs-first/system/Results/format-pfs3.txt: OK
metadata-batch-normal-baseline-bfs-first/system/Results/format-pfs3.txt.b64: OK
metadata-batch-normal-baseline-bfs-first/system/Results/info-after-format.txt: OK
metadata-batch-normal-baseline-bfs-first/system/Results/info.txt: OK
metadata-batch-normal-baseline-bfs-first/system/Results/pfs3.tsv: OK
metadata-batch-normal-baseline-bfs-first/system/Results/phase-bfs.txt: OK
metadata-batch-normal-baseline-bfs-first/system/Results/phase-pfs3.txt: OK
metadata-batch-normal-baseline-pfs3-first-images.log: OK
metadata-batch-normal-baseline-pfs3-first-run.log: OK
metadata-batch-normal-baseline-pfs3-first/bench.fs-uae: OK
metadata-batch-normal-baseline-pfs3-first/fs-uae.log: OK
metadata-batch-normal-baseline-pfs3-first/metadata-batch-normal-baseline-pfs3-first-images.log: OK
metadata-batch-normal-baseline-pfs3-first/metadata-batch-normal-baseline-pfs3-first-run.log: OK
metadata-batch-normal-baseline-pfs3-first/system/Results/bfs.tsv: OK
metadata-batch-normal-baseline-pfs3-first/system/Results/complete.txt: OK
metadata-batch-normal-baseline-pfs3-first/system/Results/format-pfs3.txt: OK
metadata-batch-normal-baseline-pfs3-first/system/Results/format-pfs3.txt.b64: OK
metadata-batch-normal-baseline-pfs3-first/system/Results/info-after-format.txt: OK
metadata-batch-normal-baseline-pfs3-first/system/Results/info.txt: OK
metadata-batch-normal-baseline-pfs3-first/system/Results/pfs3.tsv: OK
metadata-batch-normal-baseline-pfs3-first/system/Results/phase-bfs.txt: OK
metadata-batch-normal-baseline-pfs3-first/system/Results/phase-pfs3.txt: OK
metadata-batch-normal-candidate-bfs-first-images.log: OK
metadata-batch-normal-candidate-bfs-first-run.log: OK
metadata-batch-normal-candidate-bfs-first/bench.fs-uae: OK
metadata-batch-normal-candidate-bfs-first/fs-uae.log: OK
metadata-batch-normal-candidate-bfs-first/metadata-batch-normal-candidate-bfs-first-images.log: OK
metadata-batch-normal-candidate-bfs-first/metadata-batch-normal-candidate-bfs-first-run.log: OK
metadata-batch-normal-candidate-bfs-first/system/Results/bfs.tsv: OK
metadata-batch-normal-candidate-bfs-first/system/Results/complete.txt: OK
metadata-batch-normal-candidate-bfs-first/system/Results/format-pfs3.txt: OK
metadata-batch-normal-candidate-bfs-first/system/Results/format-pfs3.txt.b64: OK
metadata-batch-normal-candidate-bfs-first/system/Results/info-after-format.txt: OK
metadata-batch-normal-candidate-bfs-first/system/Results/info.txt: OK
metadata-batch-normal-candidate-bfs-first/system/Results/pfs3.tsv: OK
metadata-batch-normal-candidate-bfs-first/system/Results/phase-bfs.txt: OK
metadata-batch-normal-candidate-bfs-first/system/Results/phase-pfs3.txt: OK
metadata-batch-normal-candidate-pfs3-first-images.log: OK
metadata-batch-normal-candidate-pfs3-first-run.log: OK
metadata-batch-normal-candidate-pfs3-first/bench.fs-uae: OK
metadata-batch-normal-candidate-pfs3-first/fs-uae.log: OK
metadata-batch-normal-candidate-pfs3-first/metadata-batch-normal-candidate-pfs3-first-images.log: OK
metadata-batch-normal-candidate-pfs3-first/metadata-batch-normal-candidate-pfs3-first-run.log: OK
metadata-batch-normal-candidate-pfs3-first/system/Results/bfs.tsv: OK
metadata-batch-normal-candidate-pfs3-first/system/Results/complete.txt: OK
metadata-batch-normal-candidate-pfs3-first/system/Results/format-pfs3.txt: OK
metadata-batch-normal-candidate-pfs3-first/system/Results/format-pfs3.txt.b64: OK
metadata-batch-normal-candidate-pfs3-first/system/Results/info-after-format.txt: OK
metadata-batch-normal-candidate-pfs3-first/system/Results/info.txt: OK
metadata-batch-normal-candidate-pfs3-first/system/Results/pfs3.tsv: OK
metadata-batch-normal-candidate-pfs3-first/system/Results/phase-bfs.txt: OK
metadata-batch-normal-candidate-pfs3-first/system/Results/phase-pfs3.txt: OK
metadata-batch-normal-repeat-baseline-bfs-first-images.log: OK
metadata-batch-normal-repeat-baseline-bfs-first-run.log: OK
metadata-batch-normal-repeat-baseline-bfs-first/bench.fs-uae: OK
metadata-batch-normal-repeat-baseline-bfs-first/fs-uae.log: OK
metadata-batch-normal-repeat-baseline-bfs-first/metadata-batch-normal-repeat-baseline-bfs-first-images.log: OK
metadata-batch-normal-repeat-baseline-bfs-first/metadata-batch-normal-repeat-baseline-bfs-first-run.log: OK
metadata-batch-normal-repeat-baseline-bfs-first/system/Results/bfs.tsv: OK
metadata-batch-normal-repeat-baseline-bfs-first/system/Results/complete.txt: OK
metadata-batch-normal-repeat-baseline-bfs-first/system/Results/format-pfs3.txt: OK
metadata-batch-normal-repeat-baseline-bfs-first/system/Results/format-pfs3.txt.b64: OK
metadata-batch-normal-repeat-baseline-bfs-first/system/Results/info-after-format.txt: OK
metadata-batch-normal-repeat-baseline-bfs-first/system/Results/info.txt: OK
metadata-batch-normal-repeat-baseline-bfs-first/system/Results/pfs3.tsv: OK
metadata-batch-normal-repeat-baseline-bfs-first/system/Results/phase-bfs.txt: OK
metadata-batch-normal-repeat-baseline-bfs-first/system/Results/phase-pfs3.txt: OK
metadata-batch-normal-repeat-baseline-pfs3-first-images.log: OK
metadata-batch-normal-repeat-baseline-pfs3-first-run.log: OK
metadata-batch-normal-repeat-baseline-pfs3-first/bench.fs-uae: OK
metadata-batch-normal-repeat-baseline-pfs3-first/fs-uae.log: OK
metadata-batch-normal-repeat-baseline-pfs3-first/metadata-batch-normal-repeat-baseline-pfs3-first-images.log: OK
metadata-batch-normal-repeat-baseline-pfs3-first/metadata-batch-normal-repeat-baseline-pfs3-first-run.log: OK
metadata-batch-normal-repeat-baseline-pfs3-first/system/Results/bfs.tsv: OK
metadata-batch-normal-repeat-baseline-pfs3-first/system/Results/complete.txt: OK
metadata-batch-normal-repeat-baseline-pfs3-first/system/Results/format-pfs3.txt: OK
metadata-batch-normal-repeat-baseline-pfs3-first/system/Results/format-pfs3.txt.b64: OK
metadata-batch-normal-repeat-baseline-pfs3-first/system/Results/info-after-format.txt: OK
metadata-batch-normal-repeat-baseline-pfs3-first/system/Results/info.txt: OK
metadata-batch-normal-repeat-baseline-pfs3-first/system/Results/pfs3.tsv: OK
metadata-batch-normal-repeat-baseline-pfs3-first/system/Results/phase-bfs.txt: OK
metadata-batch-normal-repeat-baseline-pfs3-first/system/Results/phase-pfs3.txt: OK
metadata-batch-normal-repeat-candidate-bfs-first-images.log: OK
metadata-batch-normal-repeat-candidate-bfs-first-run.log: OK
metadata-batch-normal-repeat-candidate-bfs-first/bench.fs-uae: OK
metadata-batch-normal-repeat-candidate-bfs-first/fs-uae.log: OK
metadata-batch-normal-repeat-candidate-bfs-first/metadata-batch-normal-repeat-candidate-bfs-first-images.log: OK
metadata-batch-normal-repeat-candidate-bfs-first/metadata-batch-normal-repeat-candidate-bfs-first-run.log: OK
metadata-batch-normal-repeat-candidate-bfs-first/system/Results/bfs.tsv: OK
metadata-batch-normal-repeat-candidate-bfs-first/system/Results/complete.txt: OK
metadata-batch-normal-repeat-candidate-bfs-first/system/Results/format-pfs3.txt: OK
metadata-batch-normal-repeat-candidate-bfs-first/system/Results/format-pfs3.txt.b64: OK
metadata-batch-normal-repeat-candidate-bfs-first/system/Results/info-after-format.txt: OK
metadata-batch-normal-repeat-candidate-bfs-first/system/Results/info.txt: OK
metadata-batch-normal-repeat-candidate-bfs-first/system/Results/pfs3.tsv: OK
metadata-batch-normal-repeat-candidate-bfs-first/system/Results/phase-bfs.txt: OK
metadata-batch-normal-repeat-candidate-bfs-first/system/Results/phase-pfs3.txt: OK
metadata-batch-normal-repeat-candidate-pfs3-first-images.log: OK
metadata-batch-normal-repeat-candidate-pfs3-first-run.log: OK
metadata-batch-normal-repeat-candidate-pfs3-first/bench.fs-uae: OK
metadata-batch-normal-repeat-candidate-pfs3-first/fs-uae.log: OK
metadata-batch-normal-repeat-candidate-pfs3-first/metadata-batch-normal-repeat-candidate-pfs3-first-images.log: OK
metadata-batch-normal-repeat-candidate-pfs3-first/metadata-batch-normal-repeat-candidate-pfs3-first-run.log: OK
metadata-batch-normal-repeat-candidate-pfs3-first/system/Results/bfs.tsv: OK
metadata-batch-normal-repeat-candidate-pfs3-first/system/Results/complete.txt: OK
metadata-batch-normal-repeat-candidate-pfs3-first/system/Results/format-pfs3.txt: OK
metadata-batch-normal-repeat-candidate-pfs3-first/system/Results/format-pfs3.txt.b64: OK
metadata-batch-normal-repeat-candidate-pfs3-first/system/Results/info-after-format.txt: OK
metadata-batch-normal-repeat-candidate-pfs3-first/system/Results/info.txt: OK
metadata-batch-normal-repeat-candidate-pfs3-first/system/Results/pfs3.tsv: OK
metadata-batch-normal-repeat-candidate-pfs3-first/system/Results/phase-bfs.txt: OK
metadata-batch-normal-repeat-candidate-pfs3-first/system/Results/phase-pfs3.txt: OK
metadata-batch-preflight.sh: OK
metadata-batch-probe-bfs-first-images.log: OK
metadata-batch-probe-bfs-first-run.log: OK
metadata-batch-probe-bfs-first/bench.fs-uae: OK
metadata-batch-probe-bfs-first/fs-uae.log: OK
metadata-batch-probe-bfs-first/metadata-batch-probe-bfs-first-images.log: OK
metadata-batch-probe-bfs-first/metadata-batch-probe-bfs-first-run.log: OK
metadata-batch-probe-bfs-first/system/Results/bfs.deep-compare.tsv: OK
metadata-batch-probe-bfs-first/system/Results/complete.txt: OK
metadata-batch-probe-bfs-first/system/Results/format-pfs3.txt: OK
metadata-batch-probe-bfs-first/system/Results/format-pfs3.txt.b64: OK
metadata-batch-probe-bfs-first/system/Results/info-after-format.txt: OK
metadata-batch-probe-bfs-first/system/Results/info.txt: OK
metadata-batch-probe-bfs-first/system/Results/pfs3.deep-compare.tsv: OK
metadata-batch-probe-bfs-first/system/Results/phase-bfs.txt: OK
metadata-batch-probe-bfs-first/system/Results/phase-pfs3.txt: OK
metadata-batch-probe-pfs3-first-images.log: OK
metadata-batch-probe-pfs3-first-run.log: OK
metadata-batch-probe-pfs3-first/bench.fs-uae: OK
metadata-batch-probe-pfs3-first/fs-uae.log: OK
metadata-batch-probe-pfs3-first/metadata-batch-probe-pfs3-first-images.log: OK
metadata-batch-probe-pfs3-first/metadata-batch-probe-pfs3-first-run.log: OK
metadata-batch-probe-pfs3-first/system/Results/bfs.deep-compare.tsv: OK
metadata-batch-probe-pfs3-first/system/Results/complete.txt: OK
metadata-batch-probe-pfs3-first/system/Results/format-pfs3.txt: OK
metadata-batch-probe-pfs3-first/system/Results/format-pfs3.txt.b64: OK
metadata-batch-probe-pfs3-first/system/Results/info-after-format.txt: OK
metadata-batch-probe-pfs3-first/system/Results/info.txt: OK
metadata-batch-probe-pfs3-first/system/Results/pfs3.deep-compare.tsv: OK
metadata-batch-probe-pfs3-first/system/Results/phase-bfs.txt: OK
metadata-batch-probe-pfs3-first/system/Results/phase-pfs3.txt: OK
metadata-batch-published-guard-negative-control.patch: OK
metadata-batch-quality.log: OK
metadata-batch-remote-preflight.log: OK
metadata-batch-review-notes.log: OK
metadata-batch-sanitizer-test.log: OK
metadata-batch-sealed-fixture-build.log: OK
metadata-batch-sealed-fixture-test.log: OK
metadata-batch-sealed-fixture.patch: OK
metadata-batch-summary-counter-probes.log: OK
persist-metadata-batch-evidence.sh: OK
prepare-metadata-batch-measurements.sh: OK
run-metadata-batch-measurements.sh: OK
summarize-metadata-batch.js: OK
test_metadata_withdrawal_batch.c: OK
test_metadata_withdrawal_batch_faults.c: OK
