docs/qualification/evidence/bfs-cache-lookup-hint-2026-10-01/cache-hint-amiga-rebuilt.log: OK
docs/qualification/evidence/bfs-cache-lookup-hint-2026-10-01/cache-hint-amiga.log: OK
docs/qualification/evidence/bfs-cache-lookup-hint-2026-10-01/cache-hint-baseline-rdb.log: OK
docs/qualification/evidence/bfs-cache-lookup-hint-2026-10-01/cache-hint-candidate.patch: OK
docs/qualification/evidence/bfs-cache-lookup-hint-2026-10-01/cache-hint-existing-focused-build.log: OK
docs/qualification/evidence/bfs-cache-lookup-hint-2026-10-01/cache-hint-existing-focused.log: OK
docs/qualification/evidence/bfs-cache-lookup-hint-2026-10-01/cache-hint-geometry-image-archive.log: OK
docs/qualification/evidence/bfs-cache-lookup-hint-2026-10-01/cache-hint-host-test.log: OK
docs/qualification/evidence/bfs-cache-lookup-hint-2026-10-01/cache-hint-image-preparation.log: OK
docs/qualification/evidence/bfs-cache-lookup-hint-2026-10-01/cache-hint-input-identities.log: OK
docs/qualification/evidence/bfs-cache-lookup-hint-2026-10-01/cache-hint-linux-fuse.log: OK
docs/qualification/evidence/bfs-cache-lookup-hint-2026-10-01/cache-hint-misconfigured-sanitizer-attempt.log: OK
docs/qualification/evidence/bfs-cache-lookup-hint-2026-10-01/cache-hint-normal-comparison.log: OK
docs/qualification/evidence/bfs-cache-lookup-hint-2026-10-01/cache-hint-preflight.sh: OK
docs/qualification/evidence/bfs-cache-lookup-hint-2026-10-01/cache-hint-quality.log: OK
docs/qualification/evidence/bfs-cache-lookup-hint-2026-10-01/cache-hint-remote-preflight-v2.log: OK
docs/qualification/evidence/bfs-cache-lookup-hint-2026-10-01/cache-hint-remote-preflight.log: OK
docs/qualification/evidence/bfs-cache-lookup-hint-2026-10-01/cache-hint-restored-host-test.log: OK
docs/qualification/evidence/bfs-cache-lookup-hint-2026-10-01/cache-hint-restored-identities.log: OK
docs/qualification/evidence/bfs-cache-lookup-hint-2026-10-01/cache-hint-restored-linux-fuse.log: OK
docs/qualification/evidence/bfs-cache-lookup-hint-2026-10-01/cache-hint-restored-quality.log: OK
docs/qualification/evidence/bfs-cache-lookup-hint-2026-10-01/cache-hint-restored-sanitizer-test.log: OK
docs/qualification/evidence/bfs-cache-lookup-hint-2026-10-01/cache-hint-restored-v2-host-test.log: OK
docs/qualification/evidence/bfs-cache-lookup-hint-2026-10-01/cache-hint-restored-v2-sanitizer-test.log: OK
docs/qualification/evidence/bfs-cache-lookup-hint-2026-10-01/cache-hint-sanitizer-v2-test.log: OK
docs/qualification/evidence/bfs-cache-lookup-hint-2026-10-01/hint-normal-baseline-bfs-first/bench.fs-uae: OK
docs/qualification/evidence/bfs-cache-lookup-hint-2026-10-01/hint-normal-baseline-bfs-first/fs-uae.log: OK
docs/qualification/evidence/bfs-cache-lookup-hint-2026-10-01/hint-normal-baseline-bfs-first/hint-normal-baseline-bfs-first-images.log: OK
docs/qualification/evidence/bfs-cache-lookup-hint-2026-10-01/hint-normal-baseline-bfs-first/hint-normal-baseline-bfs-first-run.log: OK
docs/qualification/evidence/bfs-cache-lookup-hint-2026-10-01/hint-normal-baseline-bfs-first/system/Results/bfs.tsv: OK
docs/qualification/evidence/bfs-cache-lookup-hint-2026-10-01/hint-normal-baseline-bfs-first/system/Results/complete.txt: OK
docs/qualification/evidence/bfs-cache-lookup-hint-2026-10-01/hint-normal-baseline-bfs-first/system/Results/format-pfs3.txt: OK
docs/qualification/evidence/bfs-cache-lookup-hint-2026-10-01/hint-normal-baseline-bfs-first/system/Results/format-pfs3.txt.b64: OK
docs/qualification/evidence/bfs-cache-lookup-hint-2026-10-01/hint-normal-baseline-bfs-first/system/Results/info-after-format.txt: OK
docs/qualification/evidence/bfs-cache-lookup-hint-2026-10-01/hint-normal-baseline-bfs-first/system/Results/info.txt: OK
docs/qualification/evidence/bfs-cache-lookup-hint-2026-10-01/hint-normal-baseline-bfs-first/system/Results/pfs3.tsv: OK
docs/qualification/evidence/bfs-cache-lookup-hint-2026-10-01/hint-normal-baseline-bfs-first/system/Results/phase-bfs.txt: OK
docs/qualification/evidence/bfs-cache-lookup-hint-2026-10-01/hint-normal-baseline-bfs-first/system/Results/phase-pfs3.txt: OK
docs/qualification/evidence/bfs-cache-lookup-hint-2026-10-01/hint-normal-baseline-pfs3-first/bench.fs-uae: OK
docs/qualification/evidence/bfs-cache-lookup-hint-2026-10-01/hint-normal-baseline-pfs3-first/fs-uae.log: OK
docs/qualification/evidence/bfs-cache-lookup-hint-2026-10-01/hint-normal-baseline-pfs3-first/hint-normal-baseline-pfs3-first-images.log: OK
docs/qualification/evidence/bfs-cache-lookup-hint-2026-10-01/hint-normal-baseline-pfs3-first/hint-normal-baseline-pfs3-first-run.log: OK
docs/qualification/evidence/bfs-cache-lookup-hint-2026-10-01/hint-normal-baseline-pfs3-first/system/Results/bfs.tsv: OK
docs/qualification/evidence/bfs-cache-lookup-hint-2026-10-01/hint-normal-baseline-pfs3-first/system/Results/complete.txt: OK
docs/qualification/evidence/bfs-cache-lookup-hint-2026-10-01/hint-normal-baseline-pfs3-first/system/Results/format-pfs3.txt: OK
docs/qualification/evidence/bfs-cache-lookup-hint-2026-10-01/hint-normal-baseline-pfs3-first/system/Results/format-pfs3.txt.b64: OK
docs/qualification/evidence/bfs-cache-lookup-hint-2026-10-01/hint-normal-baseline-pfs3-first/system/Results/info-after-format.txt: OK
docs/qualification/evidence/bfs-cache-lookup-hint-2026-10-01/hint-normal-baseline-pfs3-first/system/Results/info.txt: OK
docs/qualification/evidence/bfs-cache-lookup-hint-2026-10-01/hint-normal-baseline-pfs3-first/system/Results/pfs3.tsv: OK
docs/qualification/evidence/bfs-cache-lookup-hint-2026-10-01/hint-normal-baseline-pfs3-first/system/Results/phase-bfs.txt: OK
docs/qualification/evidence/bfs-cache-lookup-hint-2026-10-01/hint-normal-baseline-pfs3-first/system/Results/phase-pfs3.txt: OK
docs/qualification/evidence/bfs-cache-lookup-hint-2026-10-01/hint-normal-candidate-bfs-first/bench.fs-uae: OK
docs/qualification/evidence/bfs-cache-lookup-hint-2026-10-01/hint-normal-candidate-bfs-first/fs-uae.log: OK
docs/qualification/evidence/bfs-cache-lookup-hint-2026-10-01/hint-normal-candidate-bfs-first/hint-normal-candidate-bfs-first-images.log: OK
docs/qualification/evidence/bfs-cache-lookup-hint-2026-10-01/hint-normal-candidate-bfs-first/hint-normal-candidate-bfs-first-run.log: OK
docs/qualification/evidence/bfs-cache-lookup-hint-2026-10-01/hint-normal-candidate-bfs-first/system/Results/bfs.tsv: OK
docs/qualification/evidence/bfs-cache-lookup-hint-2026-10-01/hint-normal-candidate-bfs-first/system/Results/complete.txt: OK
docs/qualification/evidence/bfs-cache-lookup-hint-2026-10-01/hint-normal-candidate-bfs-first/system/Results/format-pfs3.txt: OK
docs/qualification/evidence/bfs-cache-lookup-hint-2026-10-01/hint-normal-candidate-bfs-first/system/Results/format-pfs3.txt.b64: OK
docs/qualification/evidence/bfs-cache-lookup-hint-2026-10-01/hint-normal-candidate-bfs-first/system/Results/info-after-format.txt: OK
docs/qualification/evidence/bfs-cache-lookup-hint-2026-10-01/hint-normal-candidate-bfs-first/system/Results/info.txt: OK
docs/qualification/evidence/bfs-cache-lookup-hint-2026-10-01/hint-normal-candidate-bfs-first/system/Results/pfs3.tsv: OK
docs/qualification/evidence/bfs-cache-lookup-hint-2026-10-01/hint-normal-candidate-bfs-first/system/Results/phase-bfs.txt: OK
docs/qualification/evidence/bfs-cache-lookup-hint-2026-10-01/hint-normal-candidate-bfs-first/system/Results/phase-pfs3.txt: OK
docs/qualification/evidence/bfs-cache-lookup-hint-2026-10-01/hint-normal-candidate-pfs3-first/bench.fs-uae: OK
docs/qualification/evidence/bfs-cache-lookup-hint-2026-10-01/hint-normal-candidate-pfs3-first/fs-uae.log: OK
docs/qualification/evidence/bfs-cache-lookup-hint-2026-10-01/hint-normal-candidate-pfs3-first/hint-normal-candidate-pfs3-first-images.log: OK
docs/qualification/evidence/bfs-cache-lookup-hint-2026-10-01/hint-normal-candidate-pfs3-first/hint-normal-candidate-pfs3-first-run.log: OK
docs/qualification/evidence/bfs-cache-lookup-hint-2026-10-01/hint-normal-candidate-pfs3-first/system/Results/bfs.tsv: OK
docs/qualification/evidence/bfs-cache-lookup-hint-2026-10-01/hint-normal-candidate-pfs3-first/system/Results/complete.txt: OK
docs/qualification/evidence/bfs-cache-lookup-hint-2026-10-01/hint-normal-candidate-pfs3-first/system/Results/format-pfs3.txt: OK
docs/qualification/evidence/bfs-cache-lookup-hint-2026-10-01/hint-normal-candidate-pfs3-first/system/Results/format-pfs3.txt.b64: OK
docs/qualification/evidence/bfs-cache-lookup-hint-2026-10-01/hint-normal-candidate-pfs3-first/system/Results/info-after-format.txt: OK
docs/qualification/evidence/bfs-cache-lookup-hint-2026-10-01/hint-normal-candidate-pfs3-first/system/Results/info.txt: OK
docs/qualification/evidence/bfs-cache-lookup-hint-2026-10-01/hint-normal-candidate-pfs3-first/system/Results/pfs3.tsv: OK
docs/qualification/evidence/bfs-cache-lookup-hint-2026-10-01/hint-normal-candidate-pfs3-first/system/Results/phase-bfs.txt: OK
docs/qualification/evidence/bfs-cache-lookup-hint-2026-10-01/hint-normal-candidate-pfs3-first/system/Results/phase-pfs3.txt: OK
docs/qualification/evidence/bfs-cache-lookup-hint-2026-10-01/hint-normal-repeat-baseline-bfs-first/bench.fs-uae: OK
docs/qualification/evidence/bfs-cache-lookup-hint-2026-10-01/hint-normal-repeat-baseline-bfs-first/fs-uae.log: OK
docs/qualification/evidence/bfs-cache-lookup-hint-2026-10-01/hint-normal-repeat-baseline-bfs-first/hint-normal-repeat-baseline-bfs-first-images.log: OK
docs/qualification/evidence/bfs-cache-lookup-hint-2026-10-01/hint-normal-repeat-baseline-bfs-first/hint-normal-repeat-baseline-bfs-first-run.log: OK
docs/qualification/evidence/bfs-cache-lookup-hint-2026-10-01/hint-normal-repeat-baseline-bfs-first/system/Results/bfs.tsv: OK
docs/qualification/evidence/bfs-cache-lookup-hint-2026-10-01/hint-normal-repeat-baseline-bfs-first/system/Results/complete.txt: OK
docs/qualification/evidence/bfs-cache-lookup-hint-2026-10-01/hint-normal-repeat-baseline-bfs-first/system/Results/format-pfs3.txt: OK
docs/qualification/evidence/bfs-cache-lookup-hint-2026-10-01/hint-normal-repeat-baseline-bfs-first/system/Results/format-pfs3.txt.b64: OK
docs/qualification/evidence/bfs-cache-lookup-hint-2026-10-01/hint-normal-repeat-baseline-bfs-first/system/Results/info-after-format.txt: OK
docs/qualification/evidence/bfs-cache-lookup-hint-2026-10-01/hint-normal-repeat-baseline-bfs-first/system/Results/info.txt: OK
docs/qualification/evidence/bfs-cache-lookup-hint-2026-10-01/hint-normal-repeat-baseline-bfs-first/system/Results/pfs3.tsv: OK
docs/qualification/evidence/bfs-cache-lookup-hint-2026-10-01/hint-normal-repeat-baseline-bfs-first/system/Results/phase-bfs.txt: OK
docs/qualification/evidence/bfs-cache-lookup-hint-2026-10-01/hint-normal-repeat-baseline-bfs-first/system/Results/phase-pfs3.txt: OK
docs/qualification/evidence/bfs-cache-lookup-hint-2026-10-01/hint-normal-repeat-baseline-pfs3-first/bench.fs-uae: OK
docs/qualification/evidence/bfs-cache-lookup-hint-2026-10-01/hint-normal-repeat-baseline-pfs3-first/fs-uae.log: OK
docs/qualification/evidence/bfs-cache-lookup-hint-2026-10-01/hint-normal-repeat-baseline-pfs3-first/hint-normal-repeat-baseline-pfs3-first-images.log: OK
docs/qualification/evidence/bfs-cache-lookup-hint-2026-10-01/hint-normal-repeat-baseline-pfs3-first/hint-normal-repeat-baseline-pfs3-first-run.log: OK
docs/qualification/evidence/bfs-cache-lookup-hint-2026-10-01/hint-normal-repeat-baseline-pfs3-first/system/Results/bfs.tsv: OK
docs/qualification/evidence/bfs-cache-lookup-hint-2026-10-01/hint-normal-repeat-baseline-pfs3-first/system/Results/complete.txt: OK
docs/qualification/evidence/bfs-cache-lookup-hint-2026-10-01/hint-normal-repeat-baseline-pfs3-first/system/Results/format-pfs3.txt: OK
docs/qualification/evidence/bfs-cache-lookup-hint-2026-10-01/hint-normal-repeat-baseline-pfs3-first/system/Results/format-pfs3.txt.b64: OK
docs/qualification/evidence/bfs-cache-lookup-hint-2026-10-01/hint-normal-repeat-baseline-pfs3-first/system/Results/info-after-format.txt: OK
docs/qualification/evidence/bfs-cache-lookup-hint-2026-10-01/hint-normal-repeat-baseline-pfs3-first/system/Results/info.txt: OK
docs/qualification/evidence/bfs-cache-lookup-hint-2026-10-01/hint-normal-repeat-baseline-pfs3-first/system/Results/pfs3.tsv: OK
docs/qualification/evidence/bfs-cache-lookup-hint-2026-10-01/hint-normal-repeat-baseline-pfs3-first/system/Results/phase-bfs.txt: OK
docs/qualification/evidence/bfs-cache-lookup-hint-2026-10-01/hint-normal-repeat-baseline-pfs3-first/system/Results/phase-pfs3.txt: OK
docs/qualification/evidence/bfs-cache-lookup-hint-2026-10-01/hint-normal-repeat-candidate-bfs-first/bench.fs-uae: OK
docs/qualification/evidence/bfs-cache-lookup-hint-2026-10-01/hint-normal-repeat-candidate-bfs-first/fs-uae.log: OK
docs/qualification/evidence/bfs-cache-lookup-hint-2026-10-01/hint-normal-repeat-candidate-bfs-first/hint-normal-repeat-candidate-bfs-first-images.log: OK
docs/qualification/evidence/bfs-cache-lookup-hint-2026-10-01/hint-normal-repeat-candidate-bfs-first/hint-normal-repeat-candidate-bfs-first-run.log: OK
docs/qualification/evidence/bfs-cache-lookup-hint-2026-10-01/hint-normal-repeat-candidate-bfs-first/system/Results/bfs.tsv: OK
docs/qualification/evidence/bfs-cache-lookup-hint-2026-10-01/hint-normal-repeat-candidate-bfs-first/system/Results/complete.txt: OK
docs/qualification/evidence/bfs-cache-lookup-hint-2026-10-01/hint-normal-repeat-candidate-bfs-first/system/Results/format-pfs3.txt: OK
docs/qualification/evidence/bfs-cache-lookup-hint-2026-10-01/hint-normal-repeat-candidate-bfs-first/system/Results/format-pfs3.txt.b64: OK
docs/qualification/evidence/bfs-cache-lookup-hint-2026-10-01/hint-normal-repeat-candidate-bfs-first/system/Results/info-after-format.txt: OK
docs/qualification/evidence/bfs-cache-lookup-hint-2026-10-01/hint-normal-repeat-candidate-bfs-first/system/Results/info.txt: OK
docs/qualification/evidence/bfs-cache-lookup-hint-2026-10-01/hint-normal-repeat-candidate-bfs-first/system/Results/pfs3.tsv: OK
docs/qualification/evidence/bfs-cache-lookup-hint-2026-10-01/hint-normal-repeat-candidate-bfs-first/system/Results/phase-bfs.txt: OK
docs/qualification/evidence/bfs-cache-lookup-hint-2026-10-01/hint-normal-repeat-candidate-bfs-first/system/Results/phase-pfs3.txt: OK
docs/qualification/evidence/bfs-cache-lookup-hint-2026-10-01/hint-normal-repeat-candidate-pfs3-first/bench.fs-uae: OK
docs/qualification/evidence/bfs-cache-lookup-hint-2026-10-01/hint-normal-repeat-candidate-pfs3-first/fs-uae.log: OK
docs/qualification/evidence/bfs-cache-lookup-hint-2026-10-01/hint-normal-repeat-candidate-pfs3-first/hint-normal-repeat-candidate-pfs3-first-images.log: OK
docs/qualification/evidence/bfs-cache-lookup-hint-2026-10-01/hint-normal-repeat-candidate-pfs3-first/hint-normal-repeat-candidate-pfs3-first-run.log: OK
docs/qualification/evidence/bfs-cache-lookup-hint-2026-10-01/hint-normal-repeat-candidate-pfs3-first/system/Results/bfs.tsv: OK
docs/qualification/evidence/bfs-cache-lookup-hint-2026-10-01/hint-normal-repeat-candidate-pfs3-first/system/Results/complete.txt: OK
docs/qualification/evidence/bfs-cache-lookup-hint-2026-10-01/hint-normal-repeat-candidate-pfs3-first/system/Results/format-pfs3.txt: OK
docs/qualification/evidence/bfs-cache-lookup-hint-2026-10-01/hint-normal-repeat-candidate-pfs3-first/system/Results/format-pfs3.txt.b64: OK
docs/qualification/evidence/bfs-cache-lookup-hint-2026-10-01/hint-normal-repeat-candidate-pfs3-first/system/Results/info-after-format.txt: OK
docs/qualification/evidence/bfs-cache-lookup-hint-2026-10-01/hint-normal-repeat-candidate-pfs3-first/system/Results/info.txt: OK
docs/qualification/evidence/bfs-cache-lookup-hint-2026-10-01/hint-normal-repeat-candidate-pfs3-first/system/Results/pfs3.tsv: OK
docs/qualification/evidence/bfs-cache-lookup-hint-2026-10-01/hint-normal-repeat-candidate-pfs3-first/system/Results/phase-bfs.txt: OK
docs/qualification/evidence/bfs-cache-lookup-hint-2026-10-01/hint-normal-repeat-candidate-pfs3-first/system/Results/phase-pfs3.txt: OK
docs/qualification/evidence/bfs-cache-lookup-hint-2026-10-01/measurement-summary.md: OK
docs/qualification/evidence/bfs-cache-lookup-hint-2026-10-01/prepare-cache-hint-measurements.sh: OK
docs/qualification/evidence/bfs-cache-lookup-hint-2026-10-01/run-cache-hint-measurements.sh: OK
docs/qualification/evidence/bfs-cache-lookup-hint-2026-10-01/test_cache_lookup_hint.c.txt: OK
