./cpu-attribution-amiga.log: OK
./cpu-attribution-bfs-first/bench.fs-uae: OK
./cpu-attribution-bfs-first/bfs.deep-compare.tsv: OK
./cpu-attribution-bfs-first/complete.txt: OK
./cpu-attribution-bfs-first/cpu-attribution-bfs-first-run.log: OK
./cpu-attribution-bfs-first/fs-uae.log: OK
./cpu-attribution-bfs-first/info-after-format.txt: OK
./cpu-attribution-bfs-first/info.txt: OK
./cpu-attribution-bfs-first/pfs3.deep-compare.tsv: OK
./cpu-attribution-host.log: OK
./cpu-attribution-images.log: OK
./cpu-attribution-pfs3-first/bench.fs-uae: OK
./cpu-attribution-pfs3-first/bfs.deep-compare.tsv: OK
./cpu-attribution-pfs3-first/complete.txt: OK
./cpu-attribution-pfs3-first/cpu-attribution-pfs3-first-run.log: OK
./cpu-attribution-pfs3-first/fs-uae.log: OK
./cpu-attribution-pfs3-first/info-after-format.txt: OK
./cpu-attribution-pfs3-first/info.txt: OK
./cpu-attribution-pfs3-first/pfs3.deep-compare.tsv: OK
./cpu-attribution-quality.log: OK
./cpu-attribution-repeat-bfs-first/bench.fs-uae: OK
./cpu-attribution-repeat-bfs-first/bfs.deep-compare.tsv: OK
./cpu-attribution-repeat-bfs-first/complete.txt: OK
./cpu-attribution-repeat-bfs-first/cpu-attribution-repeat-bfs-first-run.log: OK
./cpu-attribution-repeat-bfs-first/fs-uae.log: OK
./cpu-attribution-repeat-bfs-first/info-after-format.txt: OK
./cpu-attribution-repeat-bfs-first/info.txt: OK
./cpu-attribution-repeat-bfs-first/pfs3.deep-compare.tsv: OK
./cpu-attribution-repeat-pfs3-first/bench.fs-uae: OK
./cpu-attribution-repeat-pfs3-first/bfs.deep-compare.tsv: OK
./cpu-attribution-repeat-pfs3-first/complete.txt: OK
./cpu-attribution-repeat-pfs3-first/cpu-attribution-repeat-pfs3-first-run.log: OK
./cpu-attribution-repeat-pfs3-first/fs-uae.log: OK
./cpu-attribution-repeat-pfs3-first/info-after-format.txt: OK
./cpu-attribution-repeat-pfs3-first/info.txt: OK
./cpu-attribution-repeat-pfs3-first/pfs3.deep-compare.tsv: OK
./cpu-attribution-sanitize.log: OK
./cpu-attribution-tools.log: OK
./cpu-control-bfs-first/bench.fs-uae: OK
./cpu-control-bfs-first/bfs.deep-compare.tsv: OK
./cpu-control-bfs-first/complete.txt: OK
./cpu-control-bfs-first/cpu-control-bfs-first-run.log: OK
./cpu-control-bfs-first/fs-uae.log: OK
./cpu-control-bfs-first/info-after-format.txt: OK
./cpu-control-bfs-first/info.txt: OK
./cpu-control-bfs-first/pfs3.deep-compare.tsv: OK
./cpu-control-images.log: OK
./cpu-control-pfs3-first/bench.fs-uae: OK
./cpu-control-pfs3-first/bfs.deep-compare.tsv: OK
./cpu-control-pfs3-first/complete.txt: OK
./cpu-control-pfs3-first/cpu-control-pfs3-first-run.log: OK
./cpu-control-pfs3-first/fs-uae.log: OK
./cpu-control-pfs3-first/info-after-format.txt: OK
./cpu-control-pfs3-first/info.txt: OK
./cpu-control-pfs3-first/pfs3.deep-compare.tsv: OK
./input-identities.log: OK
