.gitattributes: OK
build-bench-image.sh: OK
handler-cpu-scopes-archive.sh: OK
handler-cpu-scopes-completed-image-archive.log: OK
handler-cpu-scopes-control-bfs-first-images.log: OK
handler-cpu-scopes-control-bfs-first-run.log: OK
handler-cpu-scopes-control-bfs-first/bench.fs-uae: OK
handler-cpu-scopes-control-bfs-first/fs-uae.log: OK
handler-cpu-scopes-control-bfs-first/handler-cpu-scopes-control-bfs-first-images.log: OK
handler-cpu-scopes-control-bfs-first/handler-cpu-scopes-control-bfs-first-run.log: OK
handler-cpu-scopes-control-bfs-first/system/Results/bfs.deep-compare.tsv: OK
handler-cpu-scopes-control-bfs-first/system/Results/complete.txt: OK
handler-cpu-scopes-control-bfs-first/system/Results/format-pfs3.txt: OK
handler-cpu-scopes-control-bfs-first/system/Results/format-pfs3.txt.b64: OK
handler-cpu-scopes-control-bfs-first/system/Results/info-after-format.txt: OK
handler-cpu-scopes-control-bfs-first/system/Results/info.txt: OK
handler-cpu-scopes-control-bfs-first/system/Results/pfs3.deep-compare.tsv: OK
handler-cpu-scopes-control-bfs-first/system/Results/phase-bfs.txt: OK
handler-cpu-scopes-control-bfs-first/system/Results/phase-pfs3.txt: OK
handler-cpu-scopes-control-pfs3-first-images.log: OK
handler-cpu-scopes-control-pfs3-first-run.log: OK
handler-cpu-scopes-control-pfs3-first/bench.fs-uae: OK
handler-cpu-scopes-control-pfs3-first/fs-uae.log: OK
handler-cpu-scopes-control-pfs3-first/handler-cpu-scopes-control-pfs3-first-images.log: OK
handler-cpu-scopes-control-pfs3-first/handler-cpu-scopes-control-pfs3-first-run.log: OK
handler-cpu-scopes-control-pfs3-first/system/Results/bfs.deep-compare.tsv: OK
handler-cpu-scopes-control-pfs3-first/system/Results/complete.txt: OK
handler-cpu-scopes-control-pfs3-first/system/Results/format-pfs3.txt: OK
handler-cpu-scopes-control-pfs3-first/system/Results/format-pfs3.txt.b64: OK
handler-cpu-scopes-control-pfs3-first/system/Results/info-after-format.txt: OK
handler-cpu-scopes-control-pfs3-first/system/Results/info.txt: OK
handler-cpu-scopes-control-pfs3-first/system/Results/pfs3.deep-compare.tsv: OK
handler-cpu-scopes-control-pfs3-first/system/Results/phase-bfs.txt: OK
handler-cpu-scopes-control-pfs3-first/system/Results/phase-pfs3.txt: OK
handler-cpu-scopes-extended-bfs-first-images.log: OK
handler-cpu-scopes-extended-bfs-first-run.log: OK
handler-cpu-scopes-extended-bfs-first/bench.fs-uae: OK
handler-cpu-scopes-extended-bfs-first/fs-uae.log: OK
handler-cpu-scopes-extended-bfs-first/handler-cpu-scopes-extended-bfs-first-images.log: OK
handler-cpu-scopes-extended-bfs-first/handler-cpu-scopes-extended-bfs-first-run.log: OK
handler-cpu-scopes-extended-bfs-first/system/Results/bfs.deep-compare.tsv: OK
handler-cpu-scopes-extended-bfs-first/system/Results/complete.txt: OK
handler-cpu-scopes-extended-bfs-first/system/Results/format-pfs3.txt: OK
handler-cpu-scopes-extended-bfs-first/system/Results/format-pfs3.txt.b64: OK
handler-cpu-scopes-extended-bfs-first/system/Results/info-after-format.txt: OK
handler-cpu-scopes-extended-bfs-first/system/Results/info.txt: OK
handler-cpu-scopes-extended-bfs-first/system/Results/pfs3.deep-compare.tsv: OK
handler-cpu-scopes-extended-bfs-first/system/Results/phase-bfs.txt: OK
handler-cpu-scopes-extended-bfs-first/system/Results/phase-pfs3.txt: OK
handler-cpu-scopes-extended-pfs3-first-images.log: OK
handler-cpu-scopes-extended-pfs3-first-run.log: OK
handler-cpu-scopes-extended-pfs3-first/bench.fs-uae: OK
handler-cpu-scopes-extended-pfs3-first/fs-uae.log: OK
handler-cpu-scopes-extended-pfs3-first/handler-cpu-scopes-extended-pfs3-first-images.log: OK
handler-cpu-scopes-extended-pfs3-first/handler-cpu-scopes-extended-pfs3-first-run.log: OK
handler-cpu-scopes-extended-pfs3-first/system/Results/bfs.deep-compare.tsv: OK
handler-cpu-scopes-extended-pfs3-first/system/Results/complete.txt: OK
handler-cpu-scopes-extended-pfs3-first/system/Results/format-pfs3.txt: OK
handler-cpu-scopes-extended-pfs3-first/system/Results/format-pfs3.txt.b64: OK
handler-cpu-scopes-extended-pfs3-first/system/Results/info-after-format.txt: OK
handler-cpu-scopes-extended-pfs3-first/system/Results/info.txt: OK
handler-cpu-scopes-extended-pfs3-first/system/Results/pfs3.deep-compare.tsv: OK
handler-cpu-scopes-extended-pfs3-first/system/Results/phase-bfs.txt: OK
handler-cpu-scopes-extended-pfs3-first/system/Results/phase-pfs3.txt: OK
handler-cpu-scopes-final-source-check.log: OK
handler-cpu-scopes-host.log: OK
handler-cpu-scopes-identities-final.log: OK
handler-cpu-scopes-identities-v1.log: OK
handler-cpu-scopes-independent-extraction.log: OK
handler-cpu-scopes-m68k-build.log: OK
handler-cpu-scopes-m68k-rebuild.log: OK
handler-cpu-scopes-persist.sh: OK
handler-cpu-scopes-post-run-source-check.log: OK
handler-cpu-scopes-preflight.log: OK
handler-cpu-scopes-preflight.sh: OK
handler-cpu-scopes-preparation.log: OK
handler-cpu-scopes-prepare.sh: OK
handler-cpu-scopes-quality-final.log: OK
handler-cpu-scopes-quality.log: OK
handler-cpu-scopes-review-notes.log: OK
handler-cpu-scopes-run.log: OK
handler-cpu-scopes-run.sh: OK
handler-cpu-scopes-sanitizer.log: OK
handler-cpu-scopes-source-final.patch: OK
handler-cpu-scopes-source-v1.patch: OK
handler-cpu-scopes-summary.json: OK
handler-cpu-scopes-summary.log: OK
handler-cpu-scopes-summary.mjs: OK
handler-cpu-v11-bash-n-run2.log: OK
handler-cpu-v11-bash-n-run3.log: OK
handler-cpu-v11-bash-n.log: OK
handler-cpu-v11-shellcheck-run2.log: OK
handler-cpu-v11-shellcheck-run3.log: OK
handler-cpu-v11-shellcheck.log: OK
handler-cpu-v11-verifier-run1.log: OK
handler-cpu-v11-verifier-run2.log: OK
handler-cpu-v11-verifier-run3.log: OK
run-bench.sh: OK
verify-bench-results.sh: OK
