./.gitattributes: OK
./build-bench-image.sh: OK
./crc-native-order-completed-image-archive.log: OK
./crc-native-order-final-identities.log: OK
./crc-native-order-normal-baseline-bfs-first/bench.fs-uae: OK
./crc-native-order-normal-baseline-bfs-first/fs-uae.log: OK
./crc-native-order-normal-baseline-bfs-first/images.log: OK
./crc-native-order-normal-baseline-bfs-first/run.log: OK
./crc-native-order-normal-baseline-bfs-first/system/Results/bfs.tsv: OK
./crc-native-order-normal-baseline-bfs-first/system/Results/complete.txt: OK
./crc-native-order-normal-baseline-bfs-first/system/Results/format-pfs3.txt: OK
./crc-native-order-normal-baseline-bfs-first/system/Results/info-after-format.txt: OK
./crc-native-order-normal-baseline-bfs-first/system/Results/info.txt: OK
./crc-native-order-normal-baseline-bfs-first/system/Results/pfs3.tsv: OK
./crc-native-order-normal-baseline-bfs-first/system/Results/phase-bfs.txt: OK
./crc-native-order-normal-baseline-bfs-first/system/Results/phase-pfs3.txt: OK
./crc-native-order-normal-baseline-pfs3-first/bench.fs-uae: OK
./crc-native-order-normal-baseline-pfs3-first/fs-uae.log: OK
./crc-native-order-normal-baseline-pfs3-first/images.log: OK
./crc-native-order-normal-baseline-pfs3-first/run.log: OK
./crc-native-order-normal-baseline-pfs3-first/system/Results/bfs.tsv: OK
./crc-native-order-normal-baseline-pfs3-first/system/Results/complete.txt: OK
./crc-native-order-normal-baseline-pfs3-first/system/Results/format-pfs3.txt: OK
./crc-native-order-normal-baseline-pfs3-first/system/Results/info-after-format.txt: OK
./crc-native-order-normal-baseline-pfs3-first/system/Results/info.txt: OK
./crc-native-order-normal-baseline-pfs3-first/system/Results/pfs3.tsv: OK
./crc-native-order-normal-baseline-pfs3-first/system/Results/phase-bfs.txt: OK
./crc-native-order-normal-baseline-pfs3-first/system/Results/phase-pfs3.txt: OK
./crc-native-order-normal-candidate-bfs-first/bench.fs-uae: OK
./crc-native-order-normal-candidate-bfs-first/fs-uae.log: OK
./crc-native-order-normal-candidate-bfs-first/images.log: OK
./crc-native-order-normal-candidate-bfs-first/run.log: OK
./crc-native-order-normal-candidate-bfs-first/system/Results/bfs.tsv: OK
./crc-native-order-normal-candidate-bfs-first/system/Results/complete.txt: OK
./crc-native-order-normal-candidate-bfs-first/system/Results/format-pfs3.txt: OK
./crc-native-order-normal-candidate-bfs-first/system/Results/info-after-format.txt: OK
./crc-native-order-normal-candidate-bfs-first/system/Results/info.txt: OK
./crc-native-order-normal-candidate-bfs-first/system/Results/pfs3.tsv: OK
./crc-native-order-normal-candidate-bfs-first/system/Results/phase-bfs.txt: OK
./crc-native-order-normal-candidate-bfs-first/system/Results/phase-pfs3.txt: OK
./crc-native-order-normal-candidate-pfs3-first/bench.fs-uae: OK
./crc-native-order-normal-candidate-pfs3-first/fs-uae.log: OK
./crc-native-order-normal-candidate-pfs3-first/images.log: OK
./crc-native-order-normal-candidate-pfs3-first/run.log: OK
./crc-native-order-normal-candidate-pfs3-first/system/Results/bfs.tsv: OK
./crc-native-order-normal-candidate-pfs3-first/system/Results/complete.txt: OK
./crc-native-order-normal-candidate-pfs3-first/system/Results/format-pfs3.txt: OK
./crc-native-order-normal-candidate-pfs3-first/system/Results/info-after-format.txt: OK
./crc-native-order-normal-candidate-pfs3-first/system/Results/info.txt: OK
./crc-native-order-normal-candidate-pfs3-first/system/Results/pfs3.tsv: OK
./crc-native-order-normal-candidate-pfs3-first/system/Results/phase-bfs.txt: OK
./crc-native-order-normal-candidate-pfs3-first/system/Results/phase-pfs3.txt: OK
./crc-native-order-normal-repeat-baseline-bfs-first/bench.fs-uae: OK
./crc-native-order-normal-repeat-baseline-bfs-first/fs-uae.log: OK
./crc-native-order-normal-repeat-baseline-bfs-first/images.log: OK
./crc-native-order-normal-repeat-baseline-bfs-first/run.log: OK
./crc-native-order-normal-repeat-baseline-bfs-first/system/Results/bfs.tsv: OK
./crc-native-order-normal-repeat-baseline-bfs-first/system/Results/complete.txt: OK
./crc-native-order-normal-repeat-baseline-bfs-first/system/Results/format-pfs3.txt: OK
./crc-native-order-normal-repeat-baseline-bfs-first/system/Results/info-after-format.txt: OK
./crc-native-order-normal-repeat-baseline-bfs-first/system/Results/info.txt: OK
./crc-native-order-normal-repeat-baseline-bfs-first/system/Results/pfs3.tsv: OK
./crc-native-order-normal-repeat-baseline-bfs-first/system/Results/phase-bfs.txt: OK
./crc-native-order-normal-repeat-baseline-bfs-first/system/Results/phase-pfs3.txt: OK
./crc-native-order-normal-repeat-baseline-pfs3-first/bench.fs-uae: OK
./crc-native-order-normal-repeat-baseline-pfs3-first/fs-uae.log: OK
./crc-native-order-normal-repeat-baseline-pfs3-first/images.log: OK
./crc-native-order-normal-repeat-baseline-pfs3-first/run.log: OK
./crc-native-order-normal-repeat-baseline-pfs3-first/system/Results/bfs.tsv: OK
./crc-native-order-normal-repeat-baseline-pfs3-first/system/Results/complete.txt: OK
./crc-native-order-normal-repeat-baseline-pfs3-first/system/Results/format-pfs3.txt: OK
./crc-native-order-normal-repeat-baseline-pfs3-first/system/Results/info-after-format.txt: OK
./crc-native-order-normal-repeat-baseline-pfs3-first/system/Results/info.txt: OK
./crc-native-order-normal-repeat-baseline-pfs3-first/system/Results/pfs3.tsv: OK
./crc-native-order-normal-repeat-baseline-pfs3-first/system/Results/phase-bfs.txt: OK
./crc-native-order-normal-repeat-baseline-pfs3-first/system/Results/phase-pfs3.txt: OK
./crc-native-order-normal-repeat-candidate-bfs-first/bench.fs-uae: OK
./crc-native-order-normal-repeat-candidate-bfs-first/fs-uae.log: OK
./crc-native-order-normal-repeat-candidate-bfs-first/images.log: OK
./crc-native-order-normal-repeat-candidate-bfs-first/run.log: OK
./crc-native-order-normal-repeat-candidate-bfs-first/system/Results/bfs.tsv: OK
./crc-native-order-normal-repeat-candidate-bfs-first/system/Results/complete.txt: OK
./crc-native-order-normal-repeat-candidate-bfs-first/system/Results/format-pfs3.txt: OK
./crc-native-order-normal-repeat-candidate-bfs-first/system/Results/info-after-format.txt: OK
./crc-native-order-normal-repeat-candidate-bfs-first/system/Results/info.txt: OK
./crc-native-order-normal-repeat-candidate-bfs-first/system/Results/pfs3.tsv: OK
./crc-native-order-normal-repeat-candidate-bfs-first/system/Results/phase-bfs.txt: OK
./crc-native-order-normal-repeat-candidate-bfs-first/system/Results/phase-pfs3.txt: OK
./crc-native-order-normal-repeat-candidate-pfs3-first/bench.fs-uae: OK
./crc-native-order-normal-repeat-candidate-pfs3-first/fs-uae.log: OK
./crc-native-order-normal-repeat-candidate-pfs3-first/images.log: OK
./crc-native-order-normal-repeat-candidate-pfs3-first/run.log: OK
./crc-native-order-normal-repeat-candidate-pfs3-first/system/Results/bfs.tsv: OK
./crc-native-order-normal-repeat-candidate-pfs3-first/system/Results/complete.txt: OK
./crc-native-order-normal-repeat-candidate-pfs3-first/system/Results/format-pfs3.txt: OK
./crc-native-order-normal-repeat-candidate-pfs3-first/system/Results/info-after-format.txt: OK
./crc-native-order-normal-repeat-candidate-pfs3-first/system/Results/info.txt: OK
./crc-native-order-normal-repeat-candidate-pfs3-first/system/Results/pfs3.tsv: OK
./crc-native-order-normal-repeat-candidate-pfs3-first/system/Results/phase-bfs.txt: OK
./crc-native-order-normal-repeat-candidate-pfs3-first/system/Results/phase-pfs3.txt: OK
./crc-native-order-normal-summary.json: OK
./crc-native-order-normal-summary.mjs: OK
./crc-native-order-preflight.log: OK
./crc-native-order-preflight.sh: OK
./crc-native-order-preparation.log: OK
./crc-native-order-probe-bfs-first/bench.fs-uae: OK
./crc-native-order-probe-bfs-first/fs-uae.log: OK
./crc-native-order-probe-bfs-first/images.log: OK
./crc-native-order-probe-bfs-first/run.log: OK
./crc-native-order-probe-bfs-first/system/Results/bfs.deep-compare.tsv: OK
./crc-native-order-probe-bfs-first/system/Results/complete.txt: OK
./crc-native-order-probe-bfs-first/system/Results/format-pfs3.txt: OK
./crc-native-order-probe-bfs-first/system/Results/info-after-format.txt: OK
./crc-native-order-probe-bfs-first/system/Results/info.txt: OK
./crc-native-order-probe-bfs-first/system/Results/pfs3.deep-compare.tsv: OK
./crc-native-order-probe-bfs-first/system/Results/phase-bfs.txt: OK
./crc-native-order-probe-bfs-first/system/Results/phase-pfs3.txt: OK
./crc-native-order-probe-pfs3-first/bench.fs-uae: OK
./crc-native-order-probe-pfs3-first/fs-uae.log: OK
./crc-native-order-probe-pfs3-first/images.log: OK
./crc-native-order-probe-pfs3-first/run.log: OK
./crc-native-order-probe-pfs3-first/system/Results/bfs.deep-compare.tsv: OK
./crc-native-order-probe-pfs3-first/system/Results/complete.txt: OK
./crc-native-order-probe-pfs3-first/system/Results/format-pfs3.txt: OK
./crc-native-order-probe-pfs3-first/system/Results/info-after-format.txt: OK
./crc-native-order-probe-pfs3-first/system/Results/info.txt: OK
./crc-native-order-probe-pfs3-first/system/Results/pfs3.deep-compare.tsv: OK
./crc-native-order-probe-pfs3-first/system/Results/phase-bfs.txt: OK
./crc-native-order-probe-pfs3-first/system/Results/phase-pfs3.txt: OK
./crc-native-order-rejected-production.patch: OK
./crc-native-order-restoration.log: OK
./crc-native-order-restored-build.log: OK
./crc-native-order-review-notes.log: OK
./crc-native-order-run.log: OK
./crc32-native-order-assembler-run1.log: OK
./crc32-native-order-assembler-run2.log: OK
./crc32-native-order-candidate.patch: OK
./crc32-native-order-host.log: OK
./crc32-native-order-linux-fuse.log: OK
./crc32-native-order-m68k-build.log: OK
./crc32-native-order-m68k-rebuild.log: OK
./crc32-native-order-model-run1.log: OK
./crc32-native-order-model-run2.log: OK
./crc32-native-order-model-v1.mjs: OK
./crc32-native-order-model.mjs: OK
./crc32-native-order-prepare-attempt1.log: OK
./crc32-native-order-prepare-attempt2.log: OK
./crc32-native-order-prepare-attempt3.log: OK
./crc32-native-order-prepare-pilot1.sh: OK
./crc32-native-order-prepare.sh: OK
./crc32-native-order-quality.log: OK
./crc32-native-order-remote-run.sh: OK
./crc32-native-order-reproduction.log: OK
./crc32-native-order-sanitizer.log: OK
./crc32-native-order-summary.mjs: OK
./crc32-retained-source.s: OK
./failed-build1/build.log: OK
./failed-build1/crc32-probe-source-reconstructed.c: OK
./formatter-normalization-attempt1-record.txt: OK
./formatter-normalization-attempt2.log: OK
./global-asset-audit.log: OK
./metadata-single-extent-archive-images.sh: OK
./normalize-formatter.mjs: OK
./persist.sh: OK
./pilot1/build.log: OK
./pilot1/crc32-baseline-renamed.s: OK
./pilot1/crc32-candidate-source.s: OK
./pilot1/crc32-probe.done: OK
./pilot1/crc32-probe.txt: OK
./pilot1/crc32.fs-uae: OK
./pilot1/fs-uae.log: OK
./pilot1/identities.log: OK
./pilot1/remote-run.log: OK
./pilot1/summary.json: OK
./pilot2/build.log: OK
./pilot2/crc32-baseline-renamed.s: OK
./pilot2/crc32-candidate-source.s: OK
./pilot2/crc32-probe.done: OK
./pilot2/crc32-probe.txt: OK
./pilot2/crc32.fs-uae: OK
./pilot2/fs-uae.log: OK
./pilot2/identities.log: OK
./pilot2/remote-run.log: OK
./pilot2/summary.json: OK
./prepare-crc-native-order-measurements.sh: OK
./prepare-metadata-batch-measurements.sh: OK
./run-bench.sh: OK
./run-crc-native-order-measurements.sh: OK
./scoped-asset-audit.log: OK
./verify-bench-results.sh: OK
