./baseline-bfs-first/bench.fs-uae: OK
./baseline-bfs-first/bfs.tsv: OK
./baseline-bfs-first/complete.txt: OK
./baseline-bfs-first/fs-uae.log: OK
./baseline-bfs-first/info-after-format.txt: OK
./baseline-bfs-first/info.txt: OK
./baseline-bfs-first/pfs3.tsv: OK
./baseline-deep/bench.fs-uae: OK
./baseline-deep/bfs.deep-compare.tsv: OK
./baseline-deep/complete.txt: OK
./baseline-deep/fs-uae.log: OK
./baseline-deep/info-after-format.txt: OK
./baseline-deep/info.txt: OK
./baseline-deep/pfs3.deep-compare.tsv: OK
./baseline-pfs3-first/bench.fs-uae: OK
./baseline-pfs3-first/bfs.tsv: OK
./baseline-pfs3-first/complete.txt: OK
./baseline-pfs3-first/fs-uae.log: OK
./baseline-pfs3-first/info-after-format.txt: OK
./baseline-pfs3-first/info.txt: OK
./baseline-pfs3-first/pfs3.tsv: OK
./candidate-bfs-first/bench.fs-uae: OK
./candidate-bfs-first/bfs.tsv: OK
./candidate-bfs-first/complete.txt: OK
./candidate-bfs-first/fs-uae.log: OK
./candidate-bfs-first/info-after-format.txt: OK
./candidate-bfs-first/info.txt: OK
./candidate-bfs-first/pfs3.tsv: OK
./candidate-deep-v9/bench.fs-uae: OK
./candidate-deep-v9/bfs.deep-compare.tsv: OK
./candidate-deep-v9/complete.txt: OK
./candidate-deep-v9/fs-uae.log: OK
./candidate-deep-v9/info-after-format.txt: OK
./candidate-deep-v9/info.txt: OK
./candidate-deep-v9/pfs3.deep-compare.tsv: OK
./candidate-deep/bench.fs-uae: OK
./candidate-deep/bfs.deep-compare.tsv: OK
./candidate-deep/complete.txt: OK
./candidate-deep/fs-uae.log: OK
./candidate-deep/info-after-format.txt: OK
./candidate-deep/info.txt: OK
./candidate-deep/pfs3.deep-compare.tsv: OK
./candidate-pfs3-first/bench.fs-uae: OK
./candidate-pfs3-first/bfs.tsv: OK
./candidate-pfs3-first/complete.txt: OK
./candidate-pfs3-first/fs-uae.log: OK
./candidate-pfs3-first/info-after-format.txt: OK
./candidate-pfs3-first/info.txt: OK
./candidate-pfs3-first/pfs3.tsv: OK
./measurement-summary.md: OK
./repeat-baseline-bfs-first/bench.fs-uae: OK
./repeat-baseline-bfs-first/bfs.tsv: OK
./repeat-baseline-bfs-first/complete.txt: OK
./repeat-baseline-bfs-first/fs-uae.log: OK
./repeat-baseline-bfs-first/info-after-format.txt: OK
./repeat-baseline-bfs-first/info.txt: OK
./repeat-baseline-bfs-first/pfs3.tsv: OK
./repeat-baseline-pfs3-first/bench.fs-uae: OK
./repeat-baseline-pfs3-first/bfs.tsv: OK
./repeat-baseline-pfs3-first/complete.txt: OK
./repeat-baseline-pfs3-first/fs-uae.log: OK
./repeat-baseline-pfs3-first/info-after-format.txt: OK
./repeat-baseline-pfs3-first/info.txt: OK
./repeat-baseline-pfs3-first/pfs3.tsv: OK
./repeat-candidate-bfs-first/bench.fs-uae: OK
./repeat-candidate-bfs-first/bfs.tsv: OK
./repeat-candidate-bfs-first/complete.txt: OK
./repeat-candidate-bfs-first/fs-uae.log: OK
./repeat-candidate-bfs-first/info-after-format.txt: OK
./repeat-candidate-bfs-first/info.txt: OK
./repeat-candidate-bfs-first/pfs3.tsv: OK
./repeat-candidate-pfs3-first/bench.fs-uae: OK
./repeat-candidate-pfs3-first/bfs.tsv: OK
./repeat-candidate-pfs3-first/complete.txt: OK
./repeat-candidate-pfs3-first/fs-uae.log: OK
./repeat-candidate-pfs3-first/info-after-format.txt: OK
./repeat-candidate-pfs3-first/info.txt: OK
./repeat-candidate-pfs3-first/pfs3.tsv: OK
./review-notes.md: OK
./sf-amiga-build-final.log: OK
./sf-amiga-probe10-build.log: OK
./sf-amiga-probe10-tools.log: OK
./sf-baseline-images.log: OK
./sf-cachy-baseline-deep.log: OK
./sf-cachy-candidate-deep-v9.log: OK
./sf-candidate-images.log: OK
./sf-check-final.log: OK
./sf-check-qualified.log: OK
./sf-convergence-san.log: OK
./sf-convergence.log: OK
./sf-diagnostic-identities-final.log: OK
./sf-diagnostics-quality-final.log: OK
./sf-diagnostics-quality-qualified.log: OK
./sf-fence-counterprobe.log: OK
./sf-input-identities.log: OK
./sf-linux-final.log: OK
./sf-metadata-fence-counterprobe.c: OK
./sf-preflight.log: OK
./sf-probe9-image.log: OK
./sf-qualified-input-identities.log: OK
./sf-retained-verifier.log: OK
./sf-sanitize-final.log: OK
./sf-sanitize-qualified.log: OK
./sf-source-diff.patch: OK
./sf-test-identities.log: OK
