baseline-1/bfs.internal.tsv: OK
baseline-1/info-after-format.txt: OK
baseline-1/complete.txt: OK
candidate-1/bfs.internal.tsv: OK
candidate-1/info-after-format.txt: OK
candidate-1/complete.txt: OK
candidate-2/bfs.internal.tsv: OK
candidate-2/info-after-format.txt: OK
candidate-2/complete.txt: OK
baseline-2/bfs.internal.tsv: OK
baseline-2/info-after-format.txt: OK
baseline-2/complete.txt: OK
candidate-refactor-1/bfs.internal.tsv: OK
candidate-refactor-1/info-after-format.txt: OK
candidate-refactor-1/complete.txt: OK
baseline-1/info.txt: OK
candidate-1/info.txt: OK
candidate-2/info.txt: OK
baseline-2/info.txt: OK
candidate-refactor-1/info.txt: OK
candidate-compare-1/bfs.tsv: OK
candidate-compare-1/pfs3.tsv: OK
candidate-compare-1/info-after-format.txt: OK
candidate-compare-1/complete.txt: OK
candidate-compare-2/bfs.tsv: OK
candidate-compare-2/pfs3.tsv: OK
candidate-compare-2/info-after-format.txt: OK
candidate-compare-2/complete.txt: OK
candidate-final-1/bfs.internal.tsv: OK
candidate-final-1/info-after-format.txt: OK
candidate-final-1/complete.txt: OK
candidate-final-compare-1/bfs.tsv: OK
candidate-final-compare-1/pfs3.tsv: OK
candidate-final-compare-1/info-after-format.txt: OK
candidate-final-compare-1/complete.txt: OK
