deep-min-2/bench.fs-uae: OK
deep-min-2/bfs.deep-compare.tsv: OK
deep-min-2/complete.txt: OK
deep-min-2/fs-uae.log: OK
deep-min-2/info.txt: OK
deep-min-2/pfs3.deep-compare.tsv: OK
deep-min-4/bench.fs-uae: OK
deep-min-4/bfs.deep-compare.tsv: OK
deep-min-4/complete.txt: OK
deep-min-4/fs-uae.log: OK
deep-min-4/info.txt: OK
deep-min-4/pfs3.deep-compare.tsv: OK
deep-min-8/bench.fs-uae: OK
deep-min-8/bfs.deep-compare.tsv: OK
deep-min-8/complete.txt: OK
deep-min-8/fs-uae.log: OK
deep-min-8/info.txt: OK
deep-min-8/pfs3.deep-compare.tsv: OK
final-deep/bench.fs-uae: OK
final-deep/bfs.deep-compare.tsv: OK
final-deep/complete.txt: OK
final-deep/fs-uae.log: OK
final-deep/info.txt: OK
final-deep/pfs3.deep-compare.tsv: OK
final-normal/bench.fs-uae: OK
final-normal/bfs.tsv: OK
final-normal/complete.txt: OK
final-normal/fs-uae.log: OK
final-normal/info.txt: OK
final-normal/pfs3.tsv: OK
normal-bfs-first/bench.fs-uae: OK
normal-bfs-first/bfs.tsv: OK
normal-bfs-first/complete.txt: OK
normal-bfs-first/fs-uae.log: OK
normal-bfs-first/info.txt: OK
normal-bfs-first/pfs3.tsv: OK
normal-pfs3-first/bench.fs-uae: OK
normal-pfs3-first/bfs.tsv: OK
normal-pfs3-first/complete.txt: OK
normal-pfs3-first/fs-uae.log: OK
normal-pfs3-first/info.txt: OK
normal-pfs3-first/pfs3.tsv: OK
post-fix-deep/bench.fs-uae: OK
post-fix-deep/bfs.deep-compare.tsv: OK
post-fix-deep/complete.txt: OK
post-fix-deep/fs-uae.log: OK
post-fix-deep/info.txt: OK
post-fix-deep/pfs3.deep-compare.tsv: OK
post-fix-normal/bench.fs-uae: OK
post-fix-normal/bfs.tsv: OK
post-fix-normal/complete.txt: OK
post-fix-normal/fs-uae.log: OK
post-fix-normal/info.txt: OK
post-fix-normal/pfs3.tsv: OK
