./asset-audit.log: OK
./btree-baseline-m68k.s: OK
./btree-candidate-m68k.s: OK
./candidate-source-identities.txt: OK
./compatibility/damaged-version/fs-uae.log: OK
./compatibility/damaged-version/system/S/Startup-Sequence: OK
./compatibility/damaged-version/test.fs-uae: OK
./compatibility/format/fs-uae.log: OK
./compatibility/format/system/S/Startup-Sequence: OK
./compatibility/format/system/format-message.txt: OK
./compatibility/format/test.fs-uae: OK
./compatibility/new-backup/fs-uae.log: OK
./compatibility/new-backup/system/S/Startup-Sequence: OK
./compatibility/new-backup/system/diagnosis.txt: OK
./compatibility/new-backup/system/format-message.txt: OK
./compatibility/new-backup/test.fs-uae: OK
./compatibility/new-primary/fs-uae.log: OK
./compatibility/new-primary/system/S/Startup-Sequence: OK
./compatibility/new-primary/system/diagnosis.txt: OK
./compatibility/new-primary/system/format-message.txt: OK
./compatibility/new-primary/test.fs-uae: OK
./compatibility/options-backup/fs-uae.log: OK
./compatibility/options-backup/system/S/Startup-Sequence: OK
./compatibility/options-backup/system/diagnosis.txt: OK
./compatibility/options-backup/system/format-message.txt: OK
./compatibility/options-backup/test.fs-uae: OK
./compatibility/options-primary/fs-uae.log: OK
./compatibility/options-primary/system/S/Startup-Sequence: OK
./compatibility/options-primary/system/diagnosis.txt: OK
./compatibility/options-primary/system/format-message.txt: OK
./compatibility/options-primary/test.fs-uae: OK
./compatibility/snapshot-commands/fs-uae.log: OK
./compatibility/snapshot-commands/system/S/Startup-Sequence: OK
./compatibility/snapshot-commands/system/check-missing-drive.txt: OK
./compatibility/snapshot-commands/system/check.txt: OK
./compatibility/snapshot-commands/system/fixture-create.txt: OK
./compatibility/snapshot-commands/system/info-missing-drive.txt: OK
./compatibility/snapshot-commands/system/info.txt: OK
./compatibility/snapshot-commands/system/snapshot-create.txt: OK
./compatibility/snapshot-commands/system/snapshot-delete-busy.txt: OK
./compatibility/snapshot-commands/system/snapshot-delete-still-busy.txt: OK
./compatibility/snapshot-commands/system/snapshot-delete.txt: OK
./compatibility/snapshot-commands/system/snapshot-dir-dirs.txt: OK
./compatibility/snapshot-commands/system/snapshot-dir-files.txt: OK
./compatibility/snapshot-commands/system/snapshot-dir.txt: OK
./compatibility/snapshot-commands/system/snapshot-inspect-files.txt: OK
./compatibility/snapshot-commands/system/snapshot-inspect.txt: OK
./compatibility/snapshot-commands/system/snapshot-invalid-name.txt: OK
./compatibility/snapshot-commands/system/snapshot-invalid-option.txt: OK
./compatibility/snapshot-commands/system/snapshot-list.txt: OK
./compatibility/snapshot-commands/system/snapshot-missing-name.txt: OK
./compatibility/snapshot-commands/system/snapshot-mount-collision.txt: OK
./compatibility/snapshot-commands/system/snapshot-mount.txt: OK
./compatibility/snapshot-commands/system/snapshot-mounted-before-live-change.txt: OK
./compatibility/snapshot-commands/system/snapshot-mounted-file.txt: OK
./compatibility/snapshot-commands/system/snapshot-second-mount.txt: OK
./compatibility/snapshot-commands/system/snapshot-second-mounted-file.txt: OK
./compatibility/snapshot-commands/system/snapshot-second-unmount.txt: OK
./compatibility/snapshot-commands/system/snapshot-second-unmounted.txt: OK
./compatibility/snapshot-commands/system/snapshot-unmount.txt: OK
./compatibility/snapshot-commands/system/snapshot-unmounted.txt: OK
./compatibility/snapshot-commands/test.fs-uae: OK
./compatibility/v2/fs-uae.log: OK
./compatibility/v2/system/S/Startup-Sequence: OK
./compatibility/v2/system/format-message.txt: OK
./compatibility/v2/test.fs-uae: OK
./compatibility/v3/fs-uae.log: OK
./compatibility/v3/system/S/Startup-Sequence: OK
./compatibility/v3/test.fs-uae: OK
./correctness/compatibility.log: OK
./correctness/conformance.log: OK
./correctness/emulator-exact/run.mpClFL/fs-uae.log: OK
./correctness/emulator/run.compat-4ul2172b/damaged-version/fs-uae.log: OK
./correctness/emulator/run.compat-4ul2172b/format/fs-uae.log: OK
./correctness/emulator/run.compat-4ul2172b/new-backup/fs-uae.log: OK
./correctness/emulator/run.compat-4ul2172b/new-primary/fs-uae.log: OK
./correctness/emulator/run.compat-4ul2172b/options-backup/fs-uae.log: OK
./correctness/emulator/run.compat-4ul2172b/options-primary/fs-uae.log: OK
./correctness/emulator/run.compat-4ul2172b/snapshot-commands/fs-uae.log: OK
./correctness/emulator/run.compat-4ul2172b/v2/fs-uae.log: OK
./correctness/emulator/run.compat-4ul2172b/v3/fs-uae.log: OK
./correctness/full-verification.log: OK
./correctness/gates.log: OK
./correctness/host-final.log: OK
./correctness/host-pre-new-oracle.log: OK
./correctness/host-test.log: OK
./correctness/integration.log: OK
./correctness/oracle-final-build.log: OK
./correctness/pilot-verification.log: OK
./correctness/prior-oracle-build.log: OK
./correctness/prior-oracle.log: OK
./correctness/quality.log: OK
./correctness/restored-host-uncached-attempt.log: OK
./correctness/restored-host.log: OK
./correctness/restored-sanitize.log: OK
./correctness/sanitize-explicit-final.log: OK
./correctness/sanitize-final.log: OK
./correctness/static.log: OK
./encode-format-logs.py: OK
./exact-key-durable-20261009-fast-1-bfs-first/bench.fs-uae: OK
./exact-key-durable-20261009-fast-1-bfs-first/bfs-rdb-info.txt: OK
./exact-key-durable-20261009-fast-1-bfs-first/bfs-rdb.json: OK
./exact-key-durable-20261009-fast-1-bfs-first/fs-uae.log: OK
./exact-key-durable-20261009-fast-1-bfs-first/run.log: OK
./exact-key-durable-20261009-fast-1-bfs-first/runtime-inputs.sha256: OK
./exact-key-durable-20261009-fast-1-bfs-first/system/Results/format-pfs3.txt: OK
./exact-key-durable-20261009-fast-1-bfs-first/system/Results/info.txt: OK
./exact-key-durable-20261009-fast-1-bfs-first/system/S/Startup-Sequence: OK
./exact-key-durable-20261009-m3-1-bfs-first/bench.fs-uae: OK
./exact-key-durable-20261009-m3-1-bfs-first/bfs-rdb-info.txt: OK
./exact-key-durable-20261009-m3-1-bfs-first/bfs-rdb.json: OK
./exact-key-durable-20261009-m3-1-bfs-first/fs-uae.log: OK
./exact-key-durable-20261009-m3-1-bfs-first/run.log: OK
./exact-key-durable-20261009-m3-1-bfs-first/runtime-inputs.sha256: OK
./exact-key-durable-20261009-m3-1-bfs-first/system/Results/bfs.durable.tsv: OK
./exact-key-durable-20261009-m3-1-bfs-first/system/Results/complete.txt: OK
./exact-key-durable-20261009-m3-1-bfs-first/system/Results/format-pfs3.txt: OK
./exact-key-durable-20261009-m3-1-bfs-first/system/Results/info-after-format.txt: OK
./exact-key-durable-20261009-m3-1-bfs-first/system/Results/info.txt: OK
./exact-key-durable-20261009-m3-1-bfs-first/system/Results/pfs3.durable.tsv: OK
./exact-key-durable-20261009-m3-1-bfs-first/system/Results/phase-bfs.txt: OK
./exact-key-durable-20261009-m3-1-bfs-first/system/Results/phase-pfs3.txt: OK
./exact-key-durable-20261009-m3-1-bfs-first/system/S/Startup-Sequence: OK
./exact-key-durable-20261009-range-1-bfs-first/bench.fs-uae: OK
./exact-key-durable-20261009-range-1-bfs-first/bfs-rdb-info.txt: OK
./exact-key-durable-20261009-range-1-bfs-first/bfs-rdb.json: OK
./exact-key-durable-20261009-range-1-bfs-first/fs-uae.log: OK
./exact-key-durable-20261009-range-1-bfs-first/run.log: OK
./exact-key-durable-20261009-range-1-bfs-first/runtime-inputs.sha256: OK
./exact-key-durable-20261009-range-1-bfs-first/system/Results/bfs.durable.tsv: OK
./exact-key-durable-20261009-range-1-bfs-first/system/Results/complete.txt: OK
./exact-key-durable-20261009-range-1-bfs-first/system/Results/format-pfs3.txt: OK
./exact-key-durable-20261009-range-1-bfs-first/system/Results/info-after-format.txt: OK
./exact-key-durable-20261009-range-1-bfs-first/system/Results/info.txt: OK
./exact-key-durable-20261009-range-1-bfs-first/system/Results/pfs3.durable.tsv: OK
./exact-key-durable-20261009-range-1-bfs-first/system/Results/phase-bfs.txt: OK
./exact-key-durable-20261009-range-1-bfs-first/system/Results/phase-pfs3.txt: OK
./exact-key-durable-20261009-range-1-bfs-first/system/S/Startup-Sequence: OK
./exact-key-durable-series.log: OK
./exact-key-normal-20261009-fast-1-bfs-first/bench.fs-uae: OK
./exact-key-normal-20261009-fast-1-bfs-first/bfs-rdb-info.txt: OK
./exact-key-normal-20261009-fast-1-bfs-first/bfs-rdb.json: OK
./exact-key-normal-20261009-fast-1-bfs-first/fs-uae.log: OK
./exact-key-normal-20261009-fast-1-bfs-first/run.log: OK
./exact-key-normal-20261009-fast-1-bfs-first/runtime-inputs.sha256: OK
./exact-key-normal-20261009-fast-1-bfs-first/system/Results/bfs.tsv: OK
./exact-key-normal-20261009-fast-1-bfs-first/system/Results/complete.txt: OK
./exact-key-normal-20261009-fast-1-bfs-first/system/Results/format-pfs3.txt: OK
./exact-key-normal-20261009-fast-1-bfs-first/system/Results/info-after-format.txt: OK
./exact-key-normal-20261009-fast-1-bfs-first/system/Results/info.txt: OK
./exact-key-normal-20261009-fast-1-bfs-first/system/Results/pfs3.tsv: OK
./exact-key-normal-20261009-fast-1-bfs-first/system/Results/phase-bfs.txt: OK
./exact-key-normal-20261009-fast-1-bfs-first/system/Results/phase-pfs3.txt: OK
./exact-key-normal-20261009-fast-1-bfs-first/system/S/Startup-Sequence: OK
./exact-key-normal-20261009-fast-2-pfs3-first/bench.fs-uae: OK
./exact-key-normal-20261009-fast-2-pfs3-first/bfs-rdb-info.txt: OK
./exact-key-normal-20261009-fast-2-pfs3-first/bfs-rdb.json: OK
./exact-key-normal-20261009-fast-2-pfs3-first/fs-uae.log: OK
./exact-key-normal-20261009-fast-2-pfs3-first/run.log: OK
./exact-key-normal-20261009-fast-2-pfs3-first/runtime-inputs.sha256: OK
./exact-key-normal-20261009-fast-2-pfs3-first/system/Results/bfs.tsv: OK
./exact-key-normal-20261009-fast-2-pfs3-first/system/Results/complete.txt: OK
./exact-key-normal-20261009-fast-2-pfs3-first/system/Results/format-pfs3.txt: OK
./exact-key-normal-20261009-fast-2-pfs3-first/system/Results/info-after-format.txt: OK
./exact-key-normal-20261009-fast-2-pfs3-first/system/Results/info.txt: OK
./exact-key-normal-20261009-fast-2-pfs3-first/system/Results/pfs3.tsv: OK
./exact-key-normal-20261009-fast-2-pfs3-first/system/Results/phase-bfs.txt: OK
./exact-key-normal-20261009-fast-2-pfs3-first/system/Results/phase-pfs3.txt: OK
./exact-key-normal-20261009-fast-2-pfs3-first/system/S/Startup-Sequence: OK
./exact-key-normal-20261009-fast-3-bfs-first/bench.fs-uae: OK
./exact-key-normal-20261009-fast-3-bfs-first/bfs-rdb-info.txt: OK
./exact-key-normal-20261009-fast-3-bfs-first/bfs-rdb.json: OK
./exact-key-normal-20261009-fast-3-bfs-first/fs-uae.log: OK
./exact-key-normal-20261009-fast-3-bfs-first/run.log: OK
./exact-key-normal-20261009-fast-3-bfs-first/runtime-inputs.sha256: OK
./exact-key-normal-20261009-fast-3-bfs-first/system/Results/bfs.tsv: OK
./exact-key-normal-20261009-fast-3-bfs-first/system/Results/complete.txt: OK
./exact-key-normal-20261009-fast-3-bfs-first/system/Results/format-pfs3.txt: OK
./exact-key-normal-20261009-fast-3-bfs-first/system/Results/info-after-format.txt: OK
./exact-key-normal-20261009-fast-3-bfs-first/system/Results/info.txt: OK
./exact-key-normal-20261009-fast-3-bfs-first/system/Results/pfs3.tsv: OK
./exact-key-normal-20261009-fast-3-bfs-first/system/Results/phase-bfs.txt: OK
./exact-key-normal-20261009-fast-3-bfs-first/system/Results/phase-pfs3.txt: OK
./exact-key-normal-20261009-fast-3-bfs-first/system/S/Startup-Sequence: OK
./exact-key-normal-20261009-fast-4-pfs3-first/bench.fs-uae: OK
./exact-key-normal-20261009-fast-4-pfs3-first/bfs-rdb-info.txt: OK
./exact-key-normal-20261009-fast-4-pfs3-first/bfs-rdb.json: OK
./exact-key-normal-20261009-fast-4-pfs3-first/fs-uae.log: OK
./exact-key-normal-20261009-fast-4-pfs3-first/run.log: OK
./exact-key-normal-20261009-fast-4-pfs3-first/runtime-inputs.sha256: OK
./exact-key-normal-20261009-fast-4-pfs3-first/system/Results/bfs.tsv: OK
./exact-key-normal-20261009-fast-4-pfs3-first/system/Results/complete.txt: OK
./exact-key-normal-20261009-fast-4-pfs3-first/system/Results/format-pfs3.txt: OK
./exact-key-normal-20261009-fast-4-pfs3-first/system/Results/info-after-format.txt: OK
./exact-key-normal-20261009-fast-4-pfs3-first/system/Results/info.txt: OK
./exact-key-normal-20261009-fast-4-pfs3-first/system/Results/pfs3.tsv: OK
./exact-key-normal-20261009-fast-4-pfs3-first/system/Results/phase-bfs.txt: OK
./exact-key-normal-20261009-fast-4-pfs3-first/system/Results/phase-pfs3.txt: OK
./exact-key-normal-20261009-fast-4-pfs3-first/system/S/Startup-Sequence: OK
./exact-key-normal-20261009-fast-5-bfs-first/bench.fs-uae: OK
./exact-key-normal-20261009-fast-5-bfs-first/bfs-rdb-info.txt: OK
./exact-key-normal-20261009-fast-5-bfs-first/bfs-rdb.json: OK
./exact-key-normal-20261009-fast-5-bfs-first/fs-uae.log: OK
./exact-key-normal-20261009-fast-5-bfs-first/run.log: OK
./exact-key-normal-20261009-fast-5-bfs-first/runtime-inputs.sha256: OK
./exact-key-normal-20261009-fast-5-bfs-first/system/Results/bfs.tsv: OK
./exact-key-normal-20261009-fast-5-bfs-first/system/Results/complete.txt: OK
./exact-key-normal-20261009-fast-5-bfs-first/system/Results/format-pfs3.txt: OK
./exact-key-normal-20261009-fast-5-bfs-first/system/Results/info-after-format.txt: OK
./exact-key-normal-20261009-fast-5-bfs-first/system/Results/info.txt: OK
./exact-key-normal-20261009-fast-5-bfs-first/system/Results/pfs3.tsv: OK
./exact-key-normal-20261009-fast-5-bfs-first/system/Results/phase-bfs.txt: OK
./exact-key-normal-20261009-fast-5-bfs-first/system/Results/phase-pfs3.txt: OK
./exact-key-normal-20261009-fast-5-bfs-first/system/S/Startup-Sequence: OK
./exact-key-normal-20261009-fast-6-pfs3-first/bench.fs-uae: OK
./exact-key-normal-20261009-fast-6-pfs3-first/bfs-rdb-info.txt: OK
./exact-key-normal-20261009-fast-6-pfs3-first/bfs-rdb.json: OK
./exact-key-normal-20261009-fast-6-pfs3-first/fs-uae.log: OK
./exact-key-normal-20261009-fast-6-pfs3-first/run.log: OK
./exact-key-normal-20261009-fast-6-pfs3-first/runtime-inputs.sha256: OK
./exact-key-normal-20261009-fast-6-pfs3-first/system/Results/bfs.tsv: OK
./exact-key-normal-20261009-fast-6-pfs3-first/system/Results/complete.txt: OK
./exact-key-normal-20261009-fast-6-pfs3-first/system/Results/format-pfs3.txt: OK
./exact-key-normal-20261009-fast-6-pfs3-first/system/Results/info-after-format.txt: OK
./exact-key-normal-20261009-fast-6-pfs3-first/system/Results/info.txt: OK
./exact-key-normal-20261009-fast-6-pfs3-first/system/Results/pfs3.tsv: OK
./exact-key-normal-20261009-fast-6-pfs3-first/system/Results/phase-bfs.txt: OK
./exact-key-normal-20261009-fast-6-pfs3-first/system/Results/phase-pfs3.txt: OK
./exact-key-normal-20261009-fast-6-pfs3-first/system/S/Startup-Sequence: OK
./exact-key-normal-20261009-fast-7-bfs-first/bench.fs-uae: OK
./exact-key-normal-20261009-fast-7-bfs-first/bfs-rdb-info.txt: OK
./exact-key-normal-20261009-fast-7-bfs-first/bfs-rdb.json: OK
./exact-key-normal-20261009-fast-7-bfs-first/fs-uae.log: OK
./exact-key-normal-20261009-fast-7-bfs-first/run.log: OK
./exact-key-normal-20261009-fast-7-bfs-first/runtime-inputs.sha256: OK
./exact-key-normal-20261009-fast-7-bfs-first/system/Results/bfs.tsv: OK
./exact-key-normal-20261009-fast-7-bfs-first/system/Results/complete.txt: OK
./exact-key-normal-20261009-fast-7-bfs-first/system/Results/format-pfs3.txt: OK
./exact-key-normal-20261009-fast-7-bfs-first/system/Results/info-after-format.txt: OK
./exact-key-normal-20261009-fast-7-bfs-first/system/Results/info.txt: OK
./exact-key-normal-20261009-fast-7-bfs-first/system/Results/pfs3.tsv: OK
./exact-key-normal-20261009-fast-7-bfs-first/system/Results/phase-bfs.txt: OK
./exact-key-normal-20261009-fast-7-bfs-first/system/Results/phase-pfs3.txt: OK
./exact-key-normal-20261009-fast-7-bfs-first/system/S/Startup-Sequence: OK
./exact-key-normal-20261009-fast-8-pfs3-first/bench.fs-uae: OK
./exact-key-normal-20261009-fast-8-pfs3-first/bfs-rdb-info.txt: OK
./exact-key-normal-20261009-fast-8-pfs3-first/bfs-rdb.json: OK
./exact-key-normal-20261009-fast-8-pfs3-first/fs-uae.log: OK
./exact-key-normal-20261009-fast-8-pfs3-first/run.log: OK
./exact-key-normal-20261009-fast-8-pfs3-first/runtime-inputs.sha256: OK
./exact-key-normal-20261009-fast-8-pfs3-first/system/Results/bfs.tsv: OK
./exact-key-normal-20261009-fast-8-pfs3-first/system/Results/complete.txt: OK
./exact-key-normal-20261009-fast-8-pfs3-first/system/Results/format-pfs3.txt: OK
./exact-key-normal-20261009-fast-8-pfs3-first/system/Results/info-after-format.txt: OK
./exact-key-normal-20261009-fast-8-pfs3-first/system/Results/info.txt: OK
./exact-key-normal-20261009-fast-8-pfs3-first/system/Results/pfs3.tsv: OK
./exact-key-normal-20261009-fast-8-pfs3-first/system/Results/phase-bfs.txt: OK
./exact-key-normal-20261009-fast-8-pfs3-first/system/Results/phase-pfs3.txt: OK
./exact-key-normal-20261009-fast-8-pfs3-first/system/S/Startup-Sequence: OK
./exact-key-normal-20261009-m3-1-bfs-first/bench.fs-uae: OK
./exact-key-normal-20261009-m3-1-bfs-first/bfs-rdb-info.txt: OK
./exact-key-normal-20261009-m3-1-bfs-first/bfs-rdb.json: OK
./exact-key-normal-20261009-m3-1-bfs-first/fs-uae.log: OK
./exact-key-normal-20261009-m3-1-bfs-first/run.log: OK
./exact-key-normal-20261009-m3-1-bfs-first/runtime-inputs.sha256: OK
./exact-key-normal-20261009-m3-1-bfs-first/system/Results/bfs.tsv: OK
./exact-key-normal-20261009-m3-1-bfs-first/system/Results/complete.txt: OK
./exact-key-normal-20261009-m3-1-bfs-first/system/Results/format-pfs3.txt: OK
./exact-key-normal-20261009-m3-1-bfs-first/system/Results/info-after-format.txt: OK
./exact-key-normal-20261009-m3-1-bfs-first/system/Results/info.txt: OK
./exact-key-normal-20261009-m3-1-bfs-first/system/Results/pfs3.tsv: OK
./exact-key-normal-20261009-m3-1-bfs-first/system/Results/phase-bfs.txt: OK
./exact-key-normal-20261009-m3-1-bfs-first/system/Results/phase-pfs3.txt: OK
./exact-key-normal-20261009-m3-1-bfs-first/system/S/Startup-Sequence: OK
./exact-key-normal-20261009-m3-2-pfs3-first/bench.fs-uae: OK
./exact-key-normal-20261009-m3-2-pfs3-first/bfs-rdb-info.txt: OK
./exact-key-normal-20261009-m3-2-pfs3-first/bfs-rdb.json: OK
./exact-key-normal-20261009-m3-2-pfs3-first/fs-uae.log: OK
./exact-key-normal-20261009-m3-2-pfs3-first/run.log: OK
./exact-key-normal-20261009-m3-2-pfs3-first/runtime-inputs.sha256: OK
./exact-key-normal-20261009-m3-2-pfs3-first/system/Results/bfs.tsv: OK
./exact-key-normal-20261009-m3-2-pfs3-first/system/Results/complete.txt: OK
./exact-key-normal-20261009-m3-2-pfs3-first/system/Results/format-pfs3.txt: OK
./exact-key-normal-20261009-m3-2-pfs3-first/system/Results/info-after-format.txt: OK
./exact-key-normal-20261009-m3-2-pfs3-first/system/Results/info.txt: OK
./exact-key-normal-20261009-m3-2-pfs3-first/system/Results/pfs3.tsv: OK
./exact-key-normal-20261009-m3-2-pfs3-first/system/Results/phase-bfs.txt: OK
./exact-key-normal-20261009-m3-2-pfs3-first/system/Results/phase-pfs3.txt: OK
./exact-key-normal-20261009-m3-2-pfs3-first/system/S/Startup-Sequence: OK
./exact-key-normal-20261009-m3-3-bfs-first/bench.fs-uae: OK
./exact-key-normal-20261009-m3-3-bfs-first/bfs-rdb-info.txt: OK
./exact-key-normal-20261009-m3-3-bfs-first/bfs-rdb.json: OK
./exact-key-normal-20261009-m3-3-bfs-first/fs-uae.log: OK
./exact-key-normal-20261009-m3-3-bfs-first/run.log: OK
./exact-key-normal-20261009-m3-3-bfs-first/runtime-inputs.sha256: OK
./exact-key-normal-20261009-m3-3-bfs-first/system/Results/bfs.tsv: OK
./exact-key-normal-20261009-m3-3-bfs-first/system/Results/complete.txt: OK
./exact-key-normal-20261009-m3-3-bfs-first/system/Results/format-pfs3.txt: OK
./exact-key-normal-20261009-m3-3-bfs-first/system/Results/info-after-format.txt: OK
./exact-key-normal-20261009-m3-3-bfs-first/system/Results/info.txt: OK
./exact-key-normal-20261009-m3-3-bfs-first/system/Results/pfs3.tsv: OK
./exact-key-normal-20261009-m3-3-bfs-first/system/Results/phase-bfs.txt: OK
./exact-key-normal-20261009-m3-3-bfs-first/system/Results/phase-pfs3.txt: OK
./exact-key-normal-20261009-m3-3-bfs-first/system/S/Startup-Sequence: OK
./exact-key-normal-20261009-m3-4-pfs3-first/bench.fs-uae: OK
./exact-key-normal-20261009-m3-4-pfs3-first/bfs-rdb-info.txt: OK
./exact-key-normal-20261009-m3-4-pfs3-first/bfs-rdb.json: OK
./exact-key-normal-20261009-m3-4-pfs3-first/fs-uae.log: OK
./exact-key-normal-20261009-m3-4-pfs3-first/run.log: OK
./exact-key-normal-20261009-m3-4-pfs3-first/runtime-inputs.sha256: OK
./exact-key-normal-20261009-m3-4-pfs3-first/system/Results/bfs.tsv: OK
./exact-key-normal-20261009-m3-4-pfs3-first/system/Results/complete.txt: OK
./exact-key-normal-20261009-m3-4-pfs3-first/system/Results/format-pfs3.txt: OK
./exact-key-normal-20261009-m3-4-pfs3-first/system/Results/info-after-format.txt: OK
./exact-key-normal-20261009-m3-4-pfs3-first/system/Results/info.txt: OK
./exact-key-normal-20261009-m3-4-pfs3-first/system/Results/pfs3.tsv: OK
./exact-key-normal-20261009-m3-4-pfs3-first/system/Results/phase-bfs.txt: OK
./exact-key-normal-20261009-m3-4-pfs3-first/system/Results/phase-pfs3.txt: OK
./exact-key-normal-20261009-m3-4-pfs3-first/system/S/Startup-Sequence: OK
./exact-key-normal-20261009-m3-5-bfs-first/bench.fs-uae: OK
./exact-key-normal-20261009-m3-5-bfs-first/bfs-rdb-info.txt: OK
./exact-key-normal-20261009-m3-5-bfs-first/bfs-rdb.json: OK
./exact-key-normal-20261009-m3-5-bfs-first/fs-uae.log: OK
./exact-key-normal-20261009-m3-5-bfs-first/run.log: OK
./exact-key-normal-20261009-m3-5-bfs-first/runtime-inputs.sha256: OK
./exact-key-normal-20261009-m3-5-bfs-first/system/Results/bfs.tsv: OK
./exact-key-normal-20261009-m3-5-bfs-first/system/Results/complete.txt: OK
./exact-key-normal-20261009-m3-5-bfs-first/system/Results/format-pfs3.txt: OK
./exact-key-normal-20261009-m3-5-bfs-first/system/Results/info-after-format.txt: OK
./exact-key-normal-20261009-m3-5-bfs-first/system/Results/info.txt: OK
./exact-key-normal-20261009-m3-5-bfs-first/system/Results/pfs3.tsv: OK
./exact-key-normal-20261009-m3-5-bfs-first/system/Results/phase-bfs.txt: OK
./exact-key-normal-20261009-m3-5-bfs-first/system/Results/phase-pfs3.txt: OK
./exact-key-normal-20261009-m3-5-bfs-first/system/S/Startup-Sequence: OK
./exact-key-normal-20261009-m3-6-pfs3-first/bench.fs-uae: OK
./exact-key-normal-20261009-m3-6-pfs3-first/bfs-rdb-info.txt: OK
./exact-key-normal-20261009-m3-6-pfs3-first/bfs-rdb.json: OK
./exact-key-normal-20261009-m3-6-pfs3-first/fs-uae.log: OK
./exact-key-normal-20261009-m3-6-pfs3-first/run.log: OK
./exact-key-normal-20261009-m3-6-pfs3-first/runtime-inputs.sha256: OK
./exact-key-normal-20261009-m3-6-pfs3-first/system/Results/bfs.tsv: OK
./exact-key-normal-20261009-m3-6-pfs3-first/system/Results/complete.txt: OK
./exact-key-normal-20261009-m3-6-pfs3-first/system/Results/format-pfs3.txt: OK
./exact-key-normal-20261009-m3-6-pfs3-first/system/Results/info-after-format.txt: OK
./exact-key-normal-20261009-m3-6-pfs3-first/system/Results/info.txt: OK
./exact-key-normal-20261009-m3-6-pfs3-first/system/Results/pfs3.tsv: OK
./exact-key-normal-20261009-m3-6-pfs3-first/system/Results/phase-bfs.txt: OK
./exact-key-normal-20261009-m3-6-pfs3-first/system/Results/phase-pfs3.txt: OK
./exact-key-normal-20261009-m3-6-pfs3-first/system/S/Startup-Sequence: OK
./exact-key-normal-20261009-m3-7-bfs-first/bench.fs-uae: OK
./exact-key-normal-20261009-m3-7-bfs-first/bfs-rdb-info.txt: OK
./exact-key-normal-20261009-m3-7-bfs-first/bfs-rdb.json: OK
./exact-key-normal-20261009-m3-7-bfs-first/fs-uae.log: OK
./exact-key-normal-20261009-m3-7-bfs-first/run.log: OK
./exact-key-normal-20261009-m3-7-bfs-first/runtime-inputs.sha256: OK
./exact-key-normal-20261009-m3-7-bfs-first/system/Results/bfs.tsv: OK
./exact-key-normal-20261009-m3-7-bfs-first/system/Results/complete.txt: OK
./exact-key-normal-20261009-m3-7-bfs-first/system/Results/format-pfs3.txt: OK
./exact-key-normal-20261009-m3-7-bfs-first/system/Results/info-after-format.txt: OK
./exact-key-normal-20261009-m3-7-bfs-first/system/Results/info.txt: OK
./exact-key-normal-20261009-m3-7-bfs-first/system/Results/pfs3.tsv: OK
./exact-key-normal-20261009-m3-7-bfs-first/system/Results/phase-bfs.txt: OK
./exact-key-normal-20261009-m3-7-bfs-first/system/Results/phase-pfs3.txt: OK
./exact-key-normal-20261009-m3-7-bfs-first/system/S/Startup-Sequence: OK
./exact-key-normal-20261009-m3-8-pfs3-first/bench.fs-uae: OK
./exact-key-normal-20261009-m3-8-pfs3-first/bfs-rdb-info.txt: OK
./exact-key-normal-20261009-m3-8-pfs3-first/bfs-rdb.json: OK
./exact-key-normal-20261009-m3-8-pfs3-first/fs-uae.log: OK
./exact-key-normal-20261009-m3-8-pfs3-first/run.log: OK
./exact-key-normal-20261009-m3-8-pfs3-first/runtime-inputs.sha256: OK
./exact-key-normal-20261009-m3-8-pfs3-first/system/Results/bfs.tsv: OK
./exact-key-normal-20261009-m3-8-pfs3-first/system/Results/complete.txt: OK
./exact-key-normal-20261009-m3-8-pfs3-first/system/Results/format-pfs3.txt: OK
./exact-key-normal-20261009-m3-8-pfs3-first/system/Results/info-after-format.txt: OK
./exact-key-normal-20261009-m3-8-pfs3-first/system/Results/info.txt: OK
./exact-key-normal-20261009-m3-8-pfs3-first/system/Results/pfs3.tsv: OK
./exact-key-normal-20261009-m3-8-pfs3-first/system/Results/phase-bfs.txt: OK
./exact-key-normal-20261009-m3-8-pfs3-first/system/Results/phase-pfs3.txt: OK
./exact-key-normal-20261009-m3-8-pfs3-first/system/S/Startup-Sequence: OK
./exact-key-normal-20261009-range-1-bfs-first/bench.fs-uae: OK
./exact-key-normal-20261009-range-1-bfs-first/bfs-rdb-info.txt: OK
./exact-key-normal-20261009-range-1-bfs-first/bfs-rdb.json: OK
./exact-key-normal-20261009-range-1-bfs-first/fs-uae.log: OK
./exact-key-normal-20261009-range-1-bfs-first/run.log: OK
./exact-key-normal-20261009-range-1-bfs-first/runtime-inputs.sha256: OK
./exact-key-normal-20261009-range-1-bfs-first/system/Results/bfs.tsv: OK
./exact-key-normal-20261009-range-1-bfs-first/system/Results/complete.txt: OK
./exact-key-normal-20261009-range-1-bfs-first/system/Results/format-pfs3.txt: OK
./exact-key-normal-20261009-range-1-bfs-first/system/Results/info-after-format.txt: OK
./exact-key-normal-20261009-range-1-bfs-first/system/Results/info.txt: OK
./exact-key-normal-20261009-range-1-bfs-first/system/Results/pfs3.tsv: OK
./exact-key-normal-20261009-range-1-bfs-first/system/Results/phase-bfs.txt: OK
./exact-key-normal-20261009-range-1-bfs-first/system/Results/phase-pfs3.txt: OK
./exact-key-normal-20261009-range-1-bfs-first/system/S/Startup-Sequence: OK
./exact-key-normal-20261009-range-2-pfs3-first/bench.fs-uae: OK
./exact-key-normal-20261009-range-2-pfs3-first/bfs-rdb-info.txt: OK
./exact-key-normal-20261009-range-2-pfs3-first/bfs-rdb.json: OK
./exact-key-normal-20261009-range-2-pfs3-first/fs-uae.log: OK
./exact-key-normal-20261009-range-2-pfs3-first/run.log: OK
./exact-key-normal-20261009-range-2-pfs3-first/runtime-inputs.sha256: OK
./exact-key-normal-20261009-range-2-pfs3-first/system/Results/bfs.tsv: OK
./exact-key-normal-20261009-range-2-pfs3-first/system/Results/complete.txt: OK
./exact-key-normal-20261009-range-2-pfs3-first/system/Results/format-pfs3.txt: OK
./exact-key-normal-20261009-range-2-pfs3-first/system/Results/info-after-format.txt: OK
./exact-key-normal-20261009-range-2-pfs3-first/system/Results/info.txt: OK
./exact-key-normal-20261009-range-2-pfs3-first/system/Results/pfs3.tsv: OK
./exact-key-normal-20261009-range-2-pfs3-first/system/Results/phase-bfs.txt: OK
./exact-key-normal-20261009-range-2-pfs3-first/system/Results/phase-pfs3.txt: OK
./exact-key-normal-20261009-range-2-pfs3-first/system/S/Startup-Sequence: OK
./exact-key-normal-20261009-range-3-bfs-first/bench.fs-uae: OK
./exact-key-normal-20261009-range-3-bfs-first/bfs-rdb-info.txt: OK
./exact-key-normal-20261009-range-3-bfs-first/bfs-rdb.json: OK
./exact-key-normal-20261009-range-3-bfs-first/fs-uae.log: OK
./exact-key-normal-20261009-range-3-bfs-first/run.log: OK
./exact-key-normal-20261009-range-3-bfs-first/runtime-inputs.sha256: OK
./exact-key-normal-20261009-range-3-bfs-first/system/Results/bfs.tsv: OK
./exact-key-normal-20261009-range-3-bfs-first/system/Results/complete.txt: OK
./exact-key-normal-20261009-range-3-bfs-first/system/Results/format-pfs3.txt: OK
./exact-key-normal-20261009-range-3-bfs-first/system/Results/info-after-format.txt: OK
./exact-key-normal-20261009-range-3-bfs-first/system/Results/info.txt: OK
./exact-key-normal-20261009-range-3-bfs-first/system/Results/pfs3.tsv: OK
./exact-key-normal-20261009-range-3-bfs-first/system/Results/phase-bfs.txt: OK
./exact-key-normal-20261009-range-3-bfs-first/system/Results/phase-pfs3.txt: OK
./exact-key-normal-20261009-range-3-bfs-first/system/S/Startup-Sequence: OK
./exact-key-normal-20261009-range-4-pfs3-first/bench.fs-uae: OK
./exact-key-normal-20261009-range-4-pfs3-first/bfs-rdb-info.txt: OK
./exact-key-normal-20261009-range-4-pfs3-first/bfs-rdb.json: OK
./exact-key-normal-20261009-range-4-pfs3-first/fs-uae.log: OK
./exact-key-normal-20261009-range-4-pfs3-first/run.log: OK
./exact-key-normal-20261009-range-4-pfs3-first/runtime-inputs.sha256: OK
./exact-key-normal-20261009-range-4-pfs3-first/system/Results/bfs.tsv: OK
./exact-key-normal-20261009-range-4-pfs3-first/system/Results/complete.txt: OK
./exact-key-normal-20261009-range-4-pfs3-first/system/Results/format-pfs3.txt: OK
./exact-key-normal-20261009-range-4-pfs3-first/system/Results/info-after-format.txt: OK
./exact-key-normal-20261009-range-4-pfs3-first/system/Results/info.txt: OK
./exact-key-normal-20261009-range-4-pfs3-first/system/Results/pfs3.tsv: OK
./exact-key-normal-20261009-range-4-pfs3-first/system/Results/phase-bfs.txt: OK
./exact-key-normal-20261009-range-4-pfs3-first/system/Results/phase-pfs3.txt: OK
./exact-key-normal-20261009-range-4-pfs3-first/system/S/Startup-Sequence: OK
./exact-key-normal-20261009-range-5-bfs-first/bench.fs-uae: OK
./exact-key-normal-20261009-range-5-bfs-first/bfs-rdb-info.txt: OK
./exact-key-normal-20261009-range-5-bfs-first/bfs-rdb.json: OK
./exact-key-normal-20261009-range-5-bfs-first/fs-uae.log: OK
./exact-key-normal-20261009-range-5-bfs-first/run.log: OK
./exact-key-normal-20261009-range-5-bfs-first/runtime-inputs.sha256: OK
./exact-key-normal-20261009-range-5-bfs-first/system/Results/bfs.tsv: OK
./exact-key-normal-20261009-range-5-bfs-first/system/Results/complete.txt: OK
./exact-key-normal-20261009-range-5-bfs-first/system/Results/format-pfs3.txt: OK
./exact-key-normal-20261009-range-5-bfs-first/system/Results/info-after-format.txt: OK
./exact-key-normal-20261009-range-5-bfs-first/system/Results/info.txt: OK
./exact-key-normal-20261009-range-5-bfs-first/system/Results/pfs3.tsv: OK
./exact-key-normal-20261009-range-5-bfs-first/system/Results/phase-bfs.txt: OK
./exact-key-normal-20261009-range-5-bfs-first/system/Results/phase-pfs3.txt: OK
./exact-key-normal-20261009-range-5-bfs-first/system/S/Startup-Sequence: OK
./exact-key-normal-20261009-range-6-pfs3-first/bench.fs-uae: OK
./exact-key-normal-20261009-range-6-pfs3-first/bfs-rdb-info.txt: OK
./exact-key-normal-20261009-range-6-pfs3-first/bfs-rdb.json: OK
./exact-key-normal-20261009-range-6-pfs3-first/fs-uae.log: OK
./exact-key-normal-20261009-range-6-pfs3-first/run.log: OK
./exact-key-normal-20261009-range-6-pfs3-first/runtime-inputs.sha256: OK
./exact-key-normal-20261009-range-6-pfs3-first/system/Results/bfs.tsv: OK
./exact-key-normal-20261009-range-6-pfs3-first/system/Results/complete.txt: OK
./exact-key-normal-20261009-range-6-pfs3-first/system/Results/format-pfs3.txt: OK
./exact-key-normal-20261009-range-6-pfs3-first/system/Results/info-after-format.txt: OK
./exact-key-normal-20261009-range-6-pfs3-first/system/Results/info.txt: OK
./exact-key-normal-20261009-range-6-pfs3-first/system/Results/pfs3.tsv: OK
./exact-key-normal-20261009-range-6-pfs3-first/system/Results/phase-bfs.txt: OK
./exact-key-normal-20261009-range-6-pfs3-first/system/Results/phase-pfs3.txt: OK
./exact-key-normal-20261009-range-6-pfs3-first/system/S/Startup-Sequence: OK
./exact-key-normal-20261009-range-7-bfs-first/bench.fs-uae: OK
./exact-key-normal-20261009-range-7-bfs-first/bfs-rdb-info.txt: OK
./exact-key-normal-20261009-range-7-bfs-first/bfs-rdb.json: OK
./exact-key-normal-20261009-range-7-bfs-first/fs-uae.log: OK
./exact-key-normal-20261009-range-7-bfs-first/run.log: OK
./exact-key-normal-20261009-range-7-bfs-first/runtime-inputs.sha256: OK
./exact-key-normal-20261009-range-7-bfs-first/system/Results/bfs.tsv: OK
./exact-key-normal-20261009-range-7-bfs-first/system/Results/complete.txt: OK
./exact-key-normal-20261009-range-7-bfs-first/system/Results/format-pfs3.txt: OK
./exact-key-normal-20261009-range-7-bfs-first/system/Results/info-after-format.txt: OK
./exact-key-normal-20261009-range-7-bfs-first/system/Results/info.txt: OK
./exact-key-normal-20261009-range-7-bfs-first/system/Results/pfs3.tsv: OK
./exact-key-normal-20261009-range-7-bfs-first/system/Results/phase-bfs.txt: OK
./exact-key-normal-20261009-range-7-bfs-first/system/Results/phase-pfs3.txt: OK
./exact-key-normal-20261009-range-7-bfs-first/system/S/Startup-Sequence: OK
./exact-key-normal-20261009-range-8-pfs3-first/bench.fs-uae: OK
./exact-key-normal-20261009-range-8-pfs3-first/bfs-rdb-info.txt: OK
./exact-key-normal-20261009-range-8-pfs3-first/bfs-rdb.json: OK
./exact-key-normal-20261009-range-8-pfs3-first/fs-uae.log: OK
./exact-key-normal-20261009-range-8-pfs3-first/run.log: OK
./exact-key-normal-20261009-range-8-pfs3-first/runtime-inputs.sha256: OK
./exact-key-normal-20261009-range-8-pfs3-first/system/Results/bfs.tsv: OK
./exact-key-normal-20261009-range-8-pfs3-first/system/Results/complete.txt: OK
./exact-key-normal-20261009-range-8-pfs3-first/system/Results/format-pfs3.txt: OK
./exact-key-normal-20261009-range-8-pfs3-first/system/Results/info-after-format.txt: OK
./exact-key-normal-20261009-range-8-pfs3-first/system/Results/info.txt: OK
./exact-key-normal-20261009-range-8-pfs3-first/system/Results/pfs3.tsv: OK
./exact-key-normal-20261009-range-8-pfs3-first/system/Results/phase-bfs.txt: OK
./exact-key-normal-20261009-range-8-pfs3-first/system/Results/phase-pfs3.txt: OK
./exact-key-normal-20261009-range-8-pfs3-first/system/S/Startup-Sequence: OK
./exact-key-normal-series.log: OK
./exact-key-pilot-durable-20261009-fast-1-bfs-first/bench.fs-uae: OK
./exact-key-pilot-durable-20261009-fast-1-bfs-first/bfs-rdb-info.txt: OK
./exact-key-pilot-durable-20261009-fast-1-bfs-first/bfs-rdb.json: OK
./exact-key-pilot-durable-20261009-fast-1-bfs-first/fs-uae.log: OK
./exact-key-pilot-durable-20261009-fast-1-bfs-first/run.log: OK
./exact-key-pilot-durable-20261009-fast-1-bfs-first/runtime-inputs.sha256: OK
./exact-key-pilot-durable-20261009-fast-1-bfs-first/system/Results/bfs.durable.tsv: OK
./exact-key-pilot-durable-20261009-fast-1-bfs-first/system/Results/complete.txt: OK
./exact-key-pilot-durable-20261009-fast-1-bfs-first/system/Results/format-pfs3.txt: OK
./exact-key-pilot-durable-20261009-fast-1-bfs-first/system/Results/info-after-format.txt: OK
./exact-key-pilot-durable-20261009-fast-1-bfs-first/system/Results/info.txt: OK
./exact-key-pilot-durable-20261009-fast-1-bfs-first/system/Results/pfs3.durable.tsv: OK
./exact-key-pilot-durable-20261009-fast-1-bfs-first/system/Results/phase-bfs.txt: OK
./exact-key-pilot-durable-20261009-fast-1-bfs-first/system/Results/phase-pfs3.txt: OK
./exact-key-pilot-durable-20261009-fast-1-bfs-first/system/S/Startup-Sequence: OK
./exact-key-pilot-durable-20261009-fast-2-pfs3-first/bench.fs-uae: OK
./exact-key-pilot-durable-20261009-fast-2-pfs3-first/bfs-rdb-info.txt: OK
./exact-key-pilot-durable-20261009-fast-2-pfs3-first/bfs-rdb.json: OK
./exact-key-pilot-durable-20261009-fast-2-pfs3-first/fs-uae.log: OK
./exact-key-pilot-durable-20261009-fast-2-pfs3-first/run.log: OK
./exact-key-pilot-durable-20261009-fast-2-pfs3-first/runtime-inputs.sha256: OK
./exact-key-pilot-durable-20261009-fast-2-pfs3-first/system/Results/bfs.durable.tsv: OK
./exact-key-pilot-durable-20261009-fast-2-pfs3-first/system/Results/complete.txt: OK
./exact-key-pilot-durable-20261009-fast-2-pfs3-first/system/Results/format-pfs3.txt: OK
./exact-key-pilot-durable-20261009-fast-2-pfs3-first/system/Results/info-after-format.txt: OK
./exact-key-pilot-durable-20261009-fast-2-pfs3-first/system/Results/info.txt: OK
./exact-key-pilot-durable-20261009-fast-2-pfs3-first/system/Results/pfs3.durable.tsv: OK
./exact-key-pilot-durable-20261009-fast-2-pfs3-first/system/Results/phase-bfs.txt: OK
./exact-key-pilot-durable-20261009-fast-2-pfs3-first/system/Results/phase-pfs3.txt: OK
./exact-key-pilot-durable-20261009-fast-2-pfs3-first/system/S/Startup-Sequence: OK
./exact-key-pilot-durable-20261009-range-1-bfs-first/bench.fs-uae: OK
./exact-key-pilot-durable-20261009-range-1-bfs-first/bfs-rdb-info.txt: OK
./exact-key-pilot-durable-20261009-range-1-bfs-first/bfs-rdb.json: OK
./exact-key-pilot-durable-20261009-range-1-bfs-first/fs-uae.log: OK
./exact-key-pilot-durable-20261009-range-1-bfs-first/run.log: OK
./exact-key-pilot-durable-20261009-range-1-bfs-first/runtime-inputs.sha256: OK
./exact-key-pilot-durable-20261009-range-1-bfs-first/system/Results/bfs.durable.tsv: OK
./exact-key-pilot-durable-20261009-range-1-bfs-first/system/Results/complete.txt: OK
./exact-key-pilot-durable-20261009-range-1-bfs-first/system/Results/format-pfs3.txt: OK
./exact-key-pilot-durable-20261009-range-1-bfs-first/system/Results/info-after-format.txt: OK
./exact-key-pilot-durable-20261009-range-1-bfs-first/system/Results/info.txt: OK
./exact-key-pilot-durable-20261009-range-1-bfs-first/system/Results/pfs3.durable.tsv: OK
./exact-key-pilot-durable-20261009-range-1-bfs-first/system/Results/phase-bfs.txt: OK
./exact-key-pilot-durable-20261009-range-1-bfs-first/system/Results/phase-pfs3.txt: OK
./exact-key-pilot-durable-20261009-range-1-bfs-first/system/S/Startup-Sequence: OK
./exact-key-pilot-durable-20261009-range-2-pfs3-first/bench.fs-uae: OK
./exact-key-pilot-durable-20261009-range-2-pfs3-first/bfs-rdb-info.txt: OK
./exact-key-pilot-durable-20261009-range-2-pfs3-first/bfs-rdb.json: OK
./exact-key-pilot-durable-20261009-range-2-pfs3-first/fs-uae.log: OK
./exact-key-pilot-durable-20261009-range-2-pfs3-first/run.log: OK
./exact-key-pilot-durable-20261009-range-2-pfs3-first/runtime-inputs.sha256: OK
./exact-key-pilot-durable-20261009-range-2-pfs3-first/system/Results/bfs.durable.tsv: OK
./exact-key-pilot-durable-20261009-range-2-pfs3-first/system/Results/complete.txt: OK
./exact-key-pilot-durable-20261009-range-2-pfs3-first/system/Results/format-pfs3.txt: OK
./exact-key-pilot-durable-20261009-range-2-pfs3-first/system/Results/info-after-format.txt: OK
./exact-key-pilot-durable-20261009-range-2-pfs3-first/system/Results/info.txt: OK
./exact-key-pilot-durable-20261009-range-2-pfs3-first/system/Results/pfs3.durable.tsv: OK
./exact-key-pilot-durable-20261009-range-2-pfs3-first/system/Results/phase-bfs.txt: OK
./exact-key-pilot-durable-20261009-range-2-pfs3-first/system/Results/phase-pfs3.txt: OK
./exact-key-pilot-durable-20261009-range-2-pfs3-first/system/S/Startup-Sequence: OK
./exact-key-pilot-durable-series.log: OK
./exact-key-pilot-normal-20261009-fast-1-bfs-first/bench.fs-uae: OK
./exact-key-pilot-normal-20261009-fast-1-bfs-first/bfs-rdb-info.txt: OK
./exact-key-pilot-normal-20261009-fast-1-bfs-first/bfs-rdb.json: OK
./exact-key-pilot-normal-20261009-fast-1-bfs-first/fs-uae.log: OK
./exact-key-pilot-normal-20261009-fast-1-bfs-first/run.log: OK
./exact-key-pilot-normal-20261009-fast-1-bfs-first/runtime-inputs.sha256: OK
./exact-key-pilot-normal-20261009-fast-1-bfs-first/system/Results/bfs.tsv: OK
./exact-key-pilot-normal-20261009-fast-1-bfs-first/system/Results/complete.txt: OK
./exact-key-pilot-normal-20261009-fast-1-bfs-first/system/Results/format-pfs3.txt: OK
./exact-key-pilot-normal-20261009-fast-1-bfs-first/system/Results/info-after-format.txt: OK
./exact-key-pilot-normal-20261009-fast-1-bfs-first/system/Results/info.txt: OK
./exact-key-pilot-normal-20261009-fast-1-bfs-first/system/Results/pfs3.tsv: OK
./exact-key-pilot-normal-20261009-fast-1-bfs-first/system/Results/phase-bfs.txt: OK
./exact-key-pilot-normal-20261009-fast-1-bfs-first/system/Results/phase-pfs3.txt: OK
./exact-key-pilot-normal-20261009-fast-1-bfs-first/system/S/Startup-Sequence: OK
./exact-key-pilot-normal-20261009-fast-2-pfs3-first/bench.fs-uae: OK
./exact-key-pilot-normal-20261009-fast-2-pfs3-first/bfs-rdb-info.txt: OK
./exact-key-pilot-normal-20261009-fast-2-pfs3-first/bfs-rdb.json: OK
./exact-key-pilot-normal-20261009-fast-2-pfs3-first/fs-uae.log: OK
./exact-key-pilot-normal-20261009-fast-2-pfs3-first/run.log: OK
./exact-key-pilot-normal-20261009-fast-2-pfs3-first/runtime-inputs.sha256: OK
./exact-key-pilot-normal-20261009-fast-2-pfs3-first/system/Results/bfs.tsv: OK
./exact-key-pilot-normal-20261009-fast-2-pfs3-first/system/Results/complete.txt: OK
./exact-key-pilot-normal-20261009-fast-2-pfs3-first/system/Results/format-pfs3.txt: OK
./exact-key-pilot-normal-20261009-fast-2-pfs3-first/system/Results/info-after-format.txt: OK
./exact-key-pilot-normal-20261009-fast-2-pfs3-first/system/Results/info.txt: OK
./exact-key-pilot-normal-20261009-fast-2-pfs3-first/system/Results/pfs3.tsv: OK
./exact-key-pilot-normal-20261009-fast-2-pfs3-first/system/Results/phase-bfs.txt: OK
./exact-key-pilot-normal-20261009-fast-2-pfs3-first/system/Results/phase-pfs3.txt: OK
./exact-key-pilot-normal-20261009-fast-2-pfs3-first/system/S/Startup-Sequence: OK
./exact-key-pilot-normal-20261009-range-1-bfs-first/bench.fs-uae: OK
./exact-key-pilot-normal-20261009-range-1-bfs-first/bfs-rdb-info.txt: OK
./exact-key-pilot-normal-20261009-range-1-bfs-first/bfs-rdb.json: OK
./exact-key-pilot-normal-20261009-range-1-bfs-first/fs-uae.log: OK
./exact-key-pilot-normal-20261009-range-1-bfs-first/run.log: OK
./exact-key-pilot-normal-20261009-range-1-bfs-first/runtime-inputs.sha256: OK
./exact-key-pilot-normal-20261009-range-1-bfs-first/system/Results/bfs.tsv: OK
./exact-key-pilot-normal-20261009-range-1-bfs-first/system/Results/complete.txt: OK
./exact-key-pilot-normal-20261009-range-1-bfs-first/system/Results/format-pfs3.txt: OK
./exact-key-pilot-normal-20261009-range-1-bfs-first/system/Results/info-after-format.txt: OK
./exact-key-pilot-normal-20261009-range-1-bfs-first/system/Results/info.txt: OK
./exact-key-pilot-normal-20261009-range-1-bfs-first/system/Results/pfs3.tsv: OK
./exact-key-pilot-normal-20261009-range-1-bfs-first/system/Results/phase-bfs.txt: OK
./exact-key-pilot-normal-20261009-range-1-bfs-first/system/Results/phase-pfs3.txt: OK
./exact-key-pilot-normal-20261009-range-1-bfs-first/system/S/Startup-Sequence: OK
./exact-key-pilot-normal-20261009-range-2-pfs3-first/bench.fs-uae: OK
./exact-key-pilot-normal-20261009-range-2-pfs3-first/bfs-rdb-info.txt: OK
./exact-key-pilot-normal-20261009-range-2-pfs3-first/bfs-rdb.json: OK
./exact-key-pilot-normal-20261009-range-2-pfs3-first/fs-uae.log: OK
./exact-key-pilot-normal-20261009-range-2-pfs3-first/run.log: OK
./exact-key-pilot-normal-20261009-range-2-pfs3-first/runtime-inputs.sha256: OK
./exact-key-pilot-normal-20261009-range-2-pfs3-first/system/Results/bfs.tsv: OK
./exact-key-pilot-normal-20261009-range-2-pfs3-first/system/Results/complete.txt: OK
./exact-key-pilot-normal-20261009-range-2-pfs3-first/system/Results/format-pfs3.txt: OK
./exact-key-pilot-normal-20261009-range-2-pfs3-first/system/Results/info-after-format.txt: OK
./exact-key-pilot-normal-20261009-range-2-pfs3-first/system/Results/info.txt: OK
./exact-key-pilot-normal-20261009-range-2-pfs3-first/system/Results/pfs3.tsv: OK
./exact-key-pilot-normal-20261009-range-2-pfs3-first/system/Results/phase-bfs.txt: OK
./exact-key-pilot-normal-20261009-range-2-pfs3-first/system/Results/phase-pfs3.txt: OK
./exact-key-pilot-normal-20261009-range-2-pfs3-first/system/S/Startup-Sequence: OK
./exact-key-pilot-normal-series.log: OK
./fastpath-source.patch: OK
./format-log-encoding.log: OK
./full-inventory-rejection.log: OK
./gates-local.log: OK
./input-binaries-full.txt: OK
./input-binaries-pilot.txt: OK
./integration/run.mpClFL/ci-test.fs-uae: OK
./integration/run.mpClFL/fs-uae.log: OK
./integration/run.mpClFL/system/S/Startup-Sequence: OK
./integration/run.mpClFL/system/bfs-test.result: OK
./integration/run.mpClFL/test-cases.def: OK
./interrupted-durable-status.log: OK
./m68k-build.log: OK
./normal-only-summary.tsv: OK
./patch-dry-run.log: OK
./pilot-format-log-encoding.log: OK
./pilot-summary.tsv: OK
./prior-detail-manifest.log: OK
./prior-leaf-manifest.log: OK
./prior-production-manifest.log: OK
./prior-source-delta-check.log: OK
./restored-binaries.sha256: OK
./restored-m68k-build.log: OK
./retained-source-check.log: OK
./retained-source-identities.txt: OK
./review.txt: OK
./run-qualification.sh: OK
./runner-shellcheck.log: OK
./summarize.py: OK
./summary-oracles.log: OK
./test-summary.py: OK
./verification-status.txt: OK
