./admission-candidate-m68k.log: OK
./admission-candidate-sizes.s: OK
./admission-deep-20261009-admission-1-bfs-first/bench.fs-uae: OK
./admission-deep-20261009-admission-1-bfs-first/bfs-rdb-info.txt: OK
./admission-deep-20261009-admission-1-bfs-first/bfs-rdb.json: OK
./admission-deep-20261009-admission-1-bfs-first/fs-uae.log: OK
./admission-deep-20261009-admission-1-bfs-first/run.log: OK
./admission-deep-20261009-admission-1-bfs-first/runtime-inputs.sha256: OK
./admission-deep-20261009-admission-1-bfs-first/system/Results/bfs.deep-compare.tsv: OK
./admission-deep-20261009-admission-1-bfs-first/system/Results/complete.txt: OK
./admission-deep-20261009-admission-1-bfs-first/system/Results/format-pfs3.txt: OK
./admission-deep-20261009-admission-1-bfs-first/system/Results/info-after-format.txt: OK
./admission-deep-20261009-admission-1-bfs-first/system/Results/info.txt: OK
./admission-deep-20261009-admission-1-bfs-first/system/Results/pfs3.deep-compare.tsv: OK
./admission-deep-20261009-admission-1-bfs-first/system/Results/phase-bfs.txt: OK
./admission-deep-20261009-admission-1-bfs-first/system/Results/phase-pfs3.txt: OK
./admission-deep-20261009-admission-2-pfs3-first/bench.fs-uae: OK
./admission-deep-20261009-admission-2-pfs3-first/bfs-rdb-info.txt: OK
./admission-deep-20261009-admission-2-pfs3-first/bfs-rdb.json: OK
./admission-deep-20261009-admission-2-pfs3-first/fs-uae.log: OK
./admission-deep-20261009-admission-2-pfs3-first/run.log: OK
./admission-deep-20261009-admission-2-pfs3-first/runtime-inputs.sha256: OK
./admission-deep-20261009-admission-2-pfs3-first/system/Results/bfs.deep-compare.tsv: OK
./admission-deep-20261009-admission-2-pfs3-first/system/Results/complete.txt: OK
./admission-deep-20261009-admission-2-pfs3-first/system/Results/format-pfs3.txt: OK
./admission-deep-20261009-admission-2-pfs3-first/system/Results/info-after-format.txt: OK
./admission-deep-20261009-admission-2-pfs3-first/system/Results/info.txt: OK
./admission-deep-20261009-admission-2-pfs3-first/system/Results/pfs3.deep-compare.tsv: OK
./admission-deep-20261009-admission-2-pfs3-first/system/Results/phase-bfs.txt: OK
./admission-deep-20261009-admission-2-pfs3-first/system/Results/phase-pfs3.txt: OK
./admission-deep-20261009-m5-1-bfs-first/bench.fs-uae: OK
./admission-deep-20261009-m5-1-bfs-first/bfs-rdb-info.txt: OK
./admission-deep-20261009-m5-1-bfs-first/bfs-rdb.json: OK
./admission-deep-20261009-m5-1-bfs-first/fs-uae.log: OK
./admission-deep-20261009-m5-1-bfs-first/run.log: OK
./admission-deep-20261009-m5-1-bfs-first/runtime-inputs.sha256: OK
./admission-deep-20261009-m5-1-bfs-first/system/Results/bfs.deep-compare.tsv: OK
./admission-deep-20261009-m5-1-bfs-first/system/Results/complete.txt: OK
./admission-deep-20261009-m5-1-bfs-first/system/Results/format-pfs3.txt: OK
./admission-deep-20261009-m5-1-bfs-first/system/Results/info-after-format.txt: OK
./admission-deep-20261009-m5-1-bfs-first/system/Results/info.txt: OK
./admission-deep-20261009-m5-1-bfs-first/system/Results/pfs3.deep-compare.tsv: OK
./admission-deep-20261009-m5-1-bfs-first/system/Results/phase-bfs.txt: OK
./admission-deep-20261009-m5-1-bfs-first/system/Results/phase-pfs3.txt: OK
./admission-deep-20261009-m5-2-pfs3-first/bench.fs-uae: OK
./admission-deep-20261009-m5-2-pfs3-first/bfs-rdb-info.txt: OK
./admission-deep-20261009-m5-2-pfs3-first/bfs-rdb.json: OK
./admission-deep-20261009-m5-2-pfs3-first/fs-uae.log: OK
./admission-deep-20261009-m5-2-pfs3-first/run.log: OK
./admission-deep-20261009-m5-2-pfs3-first/runtime-inputs.sha256: OK
./admission-deep-20261009-m5-2-pfs3-first/system/Results/bfs.deep-compare.tsv: OK
./admission-deep-20261009-m5-2-pfs3-first/system/Results/complete.txt: OK
./admission-deep-20261009-m5-2-pfs3-first/system/Results/format-pfs3.txt: OK
./admission-deep-20261009-m5-2-pfs3-first/system/Results/info-after-format.txt: OK
./admission-deep-20261009-m5-2-pfs3-first/system/Results/info.txt: OK
./admission-deep-20261009-m5-2-pfs3-first/system/Results/pfs3.deep-compare.tsv: OK
./admission-deep-20261009-m5-2-pfs3-first/system/Results/phase-bfs.txt: OK
./admission-deep-20261009-m5-2-pfs3-first/system/Results/phase-pfs3.txt: OK
./admission-deep-summary.log: OK
./admission-deep.log: OK
./admission-evidence-asset-audit-final.log: OK
./admission-evidence-asset-audit-sealed.log: OK
./admission-format-log-encoding.log: OK
./admission-host-final.log: OK
./admission-host.log: OK
./admission-incomplete-final.log: OK
./admission-missing-inventory.log: OK
./admission-pilot-normal-20261009-admission-1-bfs-first/bench.fs-uae: OK
./admission-pilot-normal-20261009-admission-1-bfs-first/bfs-rdb-info.txt: OK
./admission-pilot-normal-20261009-admission-1-bfs-first/bfs-rdb.json: OK
./admission-pilot-normal-20261009-admission-1-bfs-first/fs-uae.log: OK
./admission-pilot-normal-20261009-admission-1-bfs-first/run.log: OK
./admission-pilot-normal-20261009-admission-1-bfs-first/runtime-inputs.sha256: OK
./admission-pilot-normal-20261009-admission-1-bfs-first/system/Results/bfs.tsv: OK
./admission-pilot-normal-20261009-admission-1-bfs-first/system/Results/complete.txt: OK
./admission-pilot-normal-20261009-admission-1-bfs-first/system/Results/format-pfs3.txt: OK
./admission-pilot-normal-20261009-admission-1-bfs-first/system/Results/info-after-format.txt: OK
./admission-pilot-normal-20261009-admission-1-bfs-first/system/Results/info.txt: OK
./admission-pilot-normal-20261009-admission-1-bfs-first/system/Results/pfs3.tsv: OK
./admission-pilot-normal-20261009-admission-1-bfs-first/system/Results/phase-bfs.txt: OK
./admission-pilot-normal-20261009-admission-1-bfs-first/system/Results/phase-pfs3.txt: OK
./admission-pilot-normal-20261009-admission-2-pfs3-first/bench.fs-uae: OK
./admission-pilot-normal-20261009-admission-2-pfs3-first/bfs-rdb-info.txt: OK
./admission-pilot-normal-20261009-admission-2-pfs3-first/bfs-rdb.json: OK
./admission-pilot-normal-20261009-admission-2-pfs3-first/fs-uae.log: OK
./admission-pilot-normal-20261009-admission-2-pfs3-first/run.log: OK
./admission-pilot-normal-20261009-admission-2-pfs3-first/runtime-inputs.sha256: OK
./admission-pilot-normal-20261009-admission-2-pfs3-first/system/Results/bfs.tsv: OK
./admission-pilot-normal-20261009-admission-2-pfs3-first/system/Results/complete.txt: OK
./admission-pilot-normal-20261009-admission-2-pfs3-first/system/Results/format-pfs3.txt: OK
./admission-pilot-normal-20261009-admission-2-pfs3-first/system/Results/info-after-format.txt: OK
./admission-pilot-normal-20261009-admission-2-pfs3-first/system/Results/info.txt: OK
./admission-pilot-normal-20261009-admission-2-pfs3-first/system/Results/pfs3.tsv: OK
./admission-pilot-normal-20261009-admission-2-pfs3-first/system/Results/phase-bfs.txt: OK
./admission-pilot-normal-20261009-admission-2-pfs3-first/system/Results/phase-pfs3.txt: OK
./admission-pilot-normal-20261009-m5-1-bfs-first/bench.fs-uae: OK
./admission-pilot-normal-20261009-m5-1-bfs-first/bfs-rdb-info.txt: OK
./admission-pilot-normal-20261009-m5-1-bfs-first/bfs-rdb.json: OK
./admission-pilot-normal-20261009-m5-1-bfs-first/fs-uae.log: OK
./admission-pilot-normal-20261009-m5-1-bfs-first/run.log: OK
./admission-pilot-normal-20261009-m5-1-bfs-first/runtime-inputs.sha256: OK
./admission-pilot-normal-20261009-m5-1-bfs-first/system/Results/bfs.tsv: OK
./admission-pilot-normal-20261009-m5-1-bfs-first/system/Results/complete.txt: OK
./admission-pilot-normal-20261009-m5-1-bfs-first/system/Results/format-pfs3.txt: OK
./admission-pilot-normal-20261009-m5-1-bfs-first/system/Results/info-after-format.txt: OK
./admission-pilot-normal-20261009-m5-1-bfs-first/system/Results/info.txt: OK
./admission-pilot-normal-20261009-m5-1-bfs-first/system/Results/pfs3.tsv: OK
./admission-pilot-normal-20261009-m5-1-bfs-first/system/Results/phase-bfs.txt: OK
./admission-pilot-normal-20261009-m5-1-bfs-first/system/Results/phase-pfs3.txt: OK
./admission-pilot-normal-20261009-m5-2-pfs3-first/bench.fs-uae: OK
./admission-pilot-normal-20261009-m5-2-pfs3-first/bfs-rdb-info.txt: OK
./admission-pilot-normal-20261009-m5-2-pfs3-first/bfs-rdb.json: OK
./admission-pilot-normal-20261009-m5-2-pfs3-first/fs-uae.log: OK
./admission-pilot-normal-20261009-m5-2-pfs3-first/run.log: OK
./admission-pilot-normal-20261009-m5-2-pfs3-first/runtime-inputs.sha256: OK
./admission-pilot-normal-20261009-m5-2-pfs3-first/system/Results/bfs.tsv: OK
./admission-pilot-normal-20261009-m5-2-pfs3-first/system/Results/complete.txt: OK
./admission-pilot-normal-20261009-m5-2-pfs3-first/system/Results/format-pfs3.txt: OK
./admission-pilot-normal-20261009-m5-2-pfs3-first/system/Results/info-after-format.txt: OK
./admission-pilot-normal-20261009-m5-2-pfs3-first/system/Results/info.txt: OK
./admission-pilot-normal-20261009-m5-2-pfs3-first/system/Results/pfs3.tsv: OK
./admission-pilot-normal-20261009-m5-2-pfs3-first/system/Results/phase-bfs.txt: OK
./admission-pilot-normal-20261009-m5-2-pfs3-first/system/Results/phase-pfs3.txt: OK
./admission-pilot-summary.log: OK
./admission-pilot.log: OK
./admission-quality-final.log: OK
./admission-quality.log: OK
./admission-restored-host.log: OK
./admission-restored-m68k.log: OK
./admission-restored-quality.log: OK
./admission-restored-san.log: OK
./admission-restored-sizes.s: OK
./admission-san-corrected.log: OK
./admission-san-final.log: OK
./admission-san.log: OK
./admission-summary-oracles-final.log: OK
./admission-summary-oracles.log: OK
./baseline-source.sha256: OK
./candidate-source.sha256: OK
./candidate.patch: OK
./encode-format-logs.py: OK
./host-compiler-environment.txt: OK
./inputs.sha256: OK
./m68k-compiler-version.txt: OK
./provenance.txt: OK
./restored-inputs.sha256: OK
./review-core.txt: OK
./review-evidence.txt: OK
./scan-baseline-sizes.s: OK
./summarize.py: OK
./test_summarize.py: OK
