candidate.patch: OK
geometry-normal-baseline-bfs-first/bench.fs-uae: OK
geometry-normal-baseline-bfs-first/bfs.tsv: OK
geometry-normal-baseline-bfs-first/complete.txt: OK
geometry-normal-baseline-bfs-first/format-pfs3.txt: OK
geometry-normal-baseline-bfs-first/format-pfs3.txt.b64: OK
geometry-normal-baseline-bfs-first/fs-uae.log: OK
geometry-normal-baseline-bfs-first/geometry-normal-baseline-bfs-first-images.log: OK
geometry-normal-baseline-bfs-first/geometry-normal-baseline-bfs-first-run.log: OK
geometry-normal-baseline-bfs-first/info-after-format.txt: OK
geometry-normal-baseline-bfs-first/info.txt: OK
geometry-normal-baseline-bfs-first/pfs3.tsv: OK
geometry-normal-baseline-bfs-first/phase-bfs.txt: OK
geometry-normal-baseline-bfs-first/phase-pfs3.txt: OK
geometry-normal-baseline-pfs3-first/bench.fs-uae: OK
geometry-normal-baseline-pfs3-first/bfs.tsv: OK
geometry-normal-baseline-pfs3-first/complete.txt: OK
geometry-normal-baseline-pfs3-first/format-pfs3.txt: OK
geometry-normal-baseline-pfs3-first/format-pfs3.txt.b64: OK
geometry-normal-baseline-pfs3-first/fs-uae.log: OK
geometry-normal-baseline-pfs3-first/geometry-normal-baseline-pfs3-first-images.log: OK
geometry-normal-baseline-pfs3-first/geometry-normal-baseline-pfs3-first-run.log: OK
geometry-normal-baseline-pfs3-first/info-after-format.txt: OK
geometry-normal-baseline-pfs3-first/info.txt: OK
geometry-normal-baseline-pfs3-first/pfs3.tsv: OK
geometry-normal-baseline-pfs3-first/phase-bfs.txt: OK
geometry-normal-baseline-pfs3-first/phase-pfs3.txt: OK
geometry-normal-candidate-bfs-first/bench.fs-uae: OK
geometry-normal-candidate-bfs-first/bfs.tsv: OK
geometry-normal-candidate-bfs-first/complete.txt: OK
geometry-normal-candidate-bfs-first/format-pfs3.txt: OK
geometry-normal-candidate-bfs-first/format-pfs3.txt.b64: OK
geometry-normal-candidate-bfs-first/fs-uae.log: OK
geometry-normal-candidate-bfs-first/geometry-normal-candidate-bfs-first-images.log: OK
geometry-normal-candidate-bfs-first/geometry-normal-candidate-bfs-first-run.log: OK
geometry-normal-candidate-bfs-first/info-after-format.txt: OK
geometry-normal-candidate-bfs-first/info.txt: OK
geometry-normal-candidate-bfs-first/pfs3.tsv: OK
geometry-normal-candidate-bfs-first/phase-bfs.txt: OK
geometry-normal-candidate-bfs-first/phase-pfs3.txt: OK
geometry-normal-candidate-pfs3-first/bench.fs-uae: OK
geometry-normal-candidate-pfs3-first/bfs.tsv: OK
geometry-normal-candidate-pfs3-first/complete.txt: OK
geometry-normal-candidate-pfs3-first/format-pfs3.txt: OK
geometry-normal-candidate-pfs3-first/format-pfs3.txt.b64: OK
geometry-normal-candidate-pfs3-first/fs-uae.log: OK
geometry-normal-candidate-pfs3-first/geometry-normal-candidate-pfs3-first-images.log: OK
geometry-normal-candidate-pfs3-first/geometry-normal-candidate-pfs3-first-run.log: OK
geometry-normal-candidate-pfs3-first/info-after-format.txt: OK
geometry-normal-candidate-pfs3-first/info.txt: OK
geometry-normal-candidate-pfs3-first/pfs3.tsv: OK
geometry-normal-candidate-pfs3-first/phase-bfs.txt: OK
geometry-normal-candidate-pfs3-first/phase-pfs3.txt: OK
geometry-normal-repeat-baseline-bfs-first/bench.fs-uae: OK
geometry-normal-repeat-baseline-bfs-first/bfs.tsv: OK
geometry-normal-repeat-baseline-bfs-first/complete.txt: OK
geometry-normal-repeat-baseline-bfs-first/format-pfs3.txt: OK
geometry-normal-repeat-baseline-bfs-first/format-pfs3.txt.b64: OK
geometry-normal-repeat-baseline-bfs-first/fs-uae.log: OK
geometry-normal-repeat-baseline-bfs-first/geometry-normal-repeat-baseline-bfs-first-images.log: OK
geometry-normal-repeat-baseline-bfs-first/geometry-normal-repeat-baseline-bfs-first-run.log: OK
geometry-normal-repeat-baseline-bfs-first/info-after-format.txt: OK
geometry-normal-repeat-baseline-bfs-first/info.txt: OK
geometry-normal-repeat-baseline-bfs-first/pfs3.tsv: OK
geometry-normal-repeat-baseline-bfs-first/phase-bfs.txt: OK
geometry-normal-repeat-baseline-bfs-first/phase-pfs3.txt: OK
geometry-normal-repeat-baseline-pfs3-first/bench.fs-uae: OK
geometry-normal-repeat-baseline-pfs3-first/bfs.tsv: OK
geometry-normal-repeat-baseline-pfs3-first/complete.txt: OK
geometry-normal-repeat-baseline-pfs3-first/format-pfs3.txt: OK
geometry-normal-repeat-baseline-pfs3-first/format-pfs3.txt.b64: OK
geometry-normal-repeat-baseline-pfs3-first/fs-uae.log: OK
geometry-normal-repeat-baseline-pfs3-first/geometry-normal-repeat-baseline-pfs3-first-images.log: OK
geometry-normal-repeat-baseline-pfs3-first/geometry-normal-repeat-baseline-pfs3-first-run.log: OK
geometry-normal-repeat-baseline-pfs3-first/info-after-format.txt: OK
geometry-normal-repeat-baseline-pfs3-first/info.txt: OK
geometry-normal-repeat-baseline-pfs3-first/pfs3.tsv: OK
geometry-normal-repeat-baseline-pfs3-first/phase-bfs.txt: OK
geometry-normal-repeat-baseline-pfs3-first/phase-pfs3.txt: OK
geometry-normal-repeat-candidate-bfs-first/bench.fs-uae: OK
geometry-normal-repeat-candidate-bfs-first/bfs.tsv: OK
geometry-normal-repeat-candidate-bfs-first/complete.txt: OK
geometry-normal-repeat-candidate-bfs-first/format-pfs3.txt: OK
geometry-normal-repeat-candidate-bfs-first/format-pfs3.txt.b64: OK
geometry-normal-repeat-candidate-bfs-first/fs-uae.log: OK
geometry-normal-repeat-candidate-bfs-first/geometry-normal-repeat-candidate-bfs-first-images.log: OK
geometry-normal-repeat-candidate-bfs-first/geometry-normal-repeat-candidate-bfs-first-run.log: OK
geometry-normal-repeat-candidate-bfs-first/info-after-format.txt: OK
geometry-normal-repeat-candidate-bfs-first/info.txt: OK
geometry-normal-repeat-candidate-bfs-first/pfs3.tsv: OK
geometry-normal-repeat-candidate-bfs-first/phase-bfs.txt: OK
geometry-normal-repeat-candidate-bfs-first/phase-pfs3.txt: OK
geometry-normal-repeat-candidate-pfs3-first/bench.fs-uae: OK
geometry-normal-repeat-candidate-pfs3-first/bfs.tsv: OK
geometry-normal-repeat-candidate-pfs3-first/complete.txt: OK
geometry-normal-repeat-candidate-pfs3-first/format-pfs3.txt: OK
geometry-normal-repeat-candidate-pfs3-first/format-pfs3.txt.b64: OK
geometry-normal-repeat-candidate-pfs3-first/fs-uae.log: OK
geometry-normal-repeat-candidate-pfs3-first/geometry-normal-repeat-candidate-pfs3-first-images.log: OK
geometry-normal-repeat-candidate-pfs3-first/geometry-normal-repeat-candidate-pfs3-first-run.log: OK
geometry-normal-repeat-candidate-pfs3-first/info-after-format.txt: OK
geometry-normal-repeat-candidate-pfs3-first/info.txt: OK
geometry-normal-repeat-candidate-pfs3-first/pfs3.tsv: OK
geometry-normal-repeat-candidate-pfs3-first/phase-bfs.txt: OK
geometry-normal-repeat-candidate-pfs3-first/phase-pfs3.txt: OK
independent-review.md: OK
measurement-summary.md: OK
prepare-seal-geometry-measurements.sh: OK
run-seal-geometry-measurements.sh: OK
seal-geometry-amiga.log: OK
seal-geometry-baseline-assembly.log: OK
seal-geometry-baseline-build.log: OK
seal-geometry-baseline-test.log: OK
seal-geometry-candidate-assembly.log: OK
seal-geometry-focused-build.log: OK
seal-geometry-focused.log: OK
seal-geometry-host.log: OK
seal-geometry-image-preparation.log: OK
seal-geometry-input-identities.log: OK
seal-geometry-linux-fuse.log: OK
seal-geometry-measurements.log: OK
seal-geometry-patch-replay.log: OK
seal-geometry-quality.log: OK
seal-geometry-rebuilt-amiga.log: OK
seal-geometry-remote-preflight-v2.log: OK
seal-geometry-remote-preflight.log: OK
seal-geometry-restored-focused-build.log: OK
seal-geometry-restored-focused.log: OK
seal-geometry-restored-linux-fuse.log: OK
seal-geometry-restored-sanitize-build.log: OK
seal-geometry-restored-sanitize.log: OK
seal-geometry-sanitize.log: OK
