input-identities.log: OK
measurement-summary.md: OK
path-depth-amiga.log: OK
path-depth-host.log: OK
path-depth-linux-fuse.log: OK
path-depth-negative-build.log: OK
path-depth-negative.log: OK
path-depth-quality.log: OK
path-depth-sanitize.log: OK
path-normal-baseline-bfs-first/bench.fs-uae: OK
path-normal-baseline-bfs-first/bfs.tsv: OK
path-normal-baseline-bfs-first/complete.txt: OK
path-normal-baseline-bfs-first/format-pfs3.txt: OK
path-normal-baseline-bfs-first/format-pfs3.txt.b64: OK
path-normal-baseline-bfs-first/fs-uae.log: OK
path-normal-baseline-bfs-first/info-after-format.txt: OK
path-normal-baseline-bfs-first/info.txt: OK
path-normal-baseline-bfs-first/path-normal-baseline-bfs-first-images.log: OK
path-normal-baseline-bfs-first/path-normal-baseline-bfs-first-run.log: OK
path-normal-baseline-bfs-first/pfs3.tsv: OK
path-normal-baseline-bfs-first/phase-bfs.txt: OK
path-normal-baseline-bfs-first/phase-pfs3.txt: OK
path-normal-baseline-pfs3-first/bench.fs-uae: OK
path-normal-baseline-pfs3-first/bfs.tsv: OK
path-normal-baseline-pfs3-first/complete.txt: OK
path-normal-baseline-pfs3-first/format-pfs3.txt: OK
path-normal-baseline-pfs3-first/format-pfs3.txt.b64: OK
path-normal-baseline-pfs3-first/fs-uae.log: OK
path-normal-baseline-pfs3-first/info-after-format.txt: OK
path-normal-baseline-pfs3-first/info.txt: OK
path-normal-baseline-pfs3-first/path-normal-baseline-pfs3-first-images.log: OK
path-normal-baseline-pfs3-first/path-normal-baseline-pfs3-first-run.log: OK
path-normal-baseline-pfs3-first/pfs3.tsv: OK
path-normal-baseline-pfs3-first/phase-bfs.txt: OK
path-normal-baseline-pfs3-first/phase-pfs3.txt: OK
path-normal-candidate-bfs-first/bench.fs-uae: OK
path-normal-candidate-bfs-first/bfs.tsv: OK
path-normal-candidate-bfs-first/complete.txt: OK
path-normal-candidate-bfs-first/format-pfs3.txt: OK
path-normal-candidate-bfs-first/format-pfs3.txt.b64: OK
path-normal-candidate-bfs-first/fs-uae.log: OK
path-normal-candidate-bfs-first/info-after-format.txt: OK
path-normal-candidate-bfs-first/info.txt: OK
path-normal-candidate-bfs-first/path-normal-candidate-bfs-first-images.log: OK
path-normal-candidate-bfs-first/path-normal-candidate-bfs-first-run.log: OK
path-normal-candidate-bfs-first/pfs3.tsv: OK
path-normal-candidate-bfs-first/phase-bfs.txt: OK
path-normal-candidate-bfs-first/phase-pfs3.txt: OK
path-normal-candidate-pfs3-first/bench.fs-uae: OK
path-normal-candidate-pfs3-first/bfs.tsv: OK
path-normal-candidate-pfs3-first/complete.txt: OK
path-normal-candidate-pfs3-first/format-pfs3.txt: OK
path-normal-candidate-pfs3-first/format-pfs3.txt.b64: OK
path-normal-candidate-pfs3-first/fs-uae.log: OK
path-normal-candidate-pfs3-first/info-after-format.txt: OK
path-normal-candidate-pfs3-first/info.txt: OK
path-normal-candidate-pfs3-first/path-normal-candidate-pfs3-first-images.log: OK
path-normal-candidate-pfs3-first/path-normal-candidate-pfs3-first-run.log: OK
path-normal-candidate-pfs3-first/pfs3.tsv: OK
path-normal-candidate-pfs3-first/phase-bfs.txt: OK
path-normal-candidate-pfs3-first/phase-pfs3.txt: OK
path-normal-repeat-baseline-bfs-first/bench.fs-uae: OK
path-normal-repeat-baseline-bfs-first/bfs.tsv: OK
path-normal-repeat-baseline-bfs-first/complete.txt: OK
path-normal-repeat-baseline-bfs-first/format-pfs3.txt: OK
path-normal-repeat-baseline-bfs-first/format-pfs3.txt.b64: OK
path-normal-repeat-baseline-bfs-first/fs-uae.log: OK
path-normal-repeat-baseline-bfs-first/info-after-format.txt: OK
path-normal-repeat-baseline-bfs-first/info.txt: OK
path-normal-repeat-baseline-bfs-first/path-normal-repeat-baseline-bfs-first-images.log: OK
path-normal-repeat-baseline-bfs-first/path-normal-repeat-baseline-bfs-first-run.log: OK
path-normal-repeat-baseline-bfs-first/pfs3.tsv: OK
path-normal-repeat-baseline-bfs-first/phase-bfs.txt: OK
path-normal-repeat-baseline-bfs-first/phase-pfs3.txt: OK
path-normal-repeat-baseline-pfs3-first/bench.fs-uae: OK
path-normal-repeat-baseline-pfs3-first/bfs.tsv: OK
path-normal-repeat-baseline-pfs3-first/complete.txt: OK
path-normal-repeat-baseline-pfs3-first/format-pfs3.txt: OK
path-normal-repeat-baseline-pfs3-first/format-pfs3.txt.b64: OK
path-normal-repeat-baseline-pfs3-first/fs-uae.log: OK
path-normal-repeat-baseline-pfs3-first/info-after-format.txt: OK
path-normal-repeat-baseline-pfs3-first/info.txt: OK
path-normal-repeat-baseline-pfs3-first/path-normal-repeat-baseline-pfs3-first-images.log: OK
path-normal-repeat-baseline-pfs3-first/path-normal-repeat-baseline-pfs3-first-run.log: OK
path-normal-repeat-baseline-pfs3-first/pfs3.tsv: OK
path-normal-repeat-baseline-pfs3-first/phase-bfs.txt: OK
path-normal-repeat-baseline-pfs3-first/phase-pfs3.txt: OK
path-normal-repeat-candidate-bfs-first/bench.fs-uae: OK
path-normal-repeat-candidate-bfs-first/bfs.tsv: OK
path-normal-repeat-candidate-bfs-first/complete.txt: OK
path-normal-repeat-candidate-bfs-first/format-pfs3.txt: OK
path-normal-repeat-candidate-bfs-first/format-pfs3.txt.b64: OK
path-normal-repeat-candidate-bfs-first/fs-uae.log: OK
path-normal-repeat-candidate-bfs-first/info-after-format.txt: OK
path-normal-repeat-candidate-bfs-first/info.txt: OK
path-normal-repeat-candidate-bfs-first/path-normal-repeat-candidate-bfs-first-images.log: OK
path-normal-repeat-candidate-bfs-first/path-normal-repeat-candidate-bfs-first-run.log: OK
path-normal-repeat-candidate-bfs-first/pfs3.tsv: OK
path-normal-repeat-candidate-bfs-first/phase-bfs.txt: OK
path-normal-repeat-candidate-bfs-first/phase-pfs3.txt: OK
path-normal-repeat-candidate-pfs3-first/bench.fs-uae: OK
path-normal-repeat-candidate-pfs3-first/bfs.tsv: OK
path-normal-repeat-candidate-pfs3-first/complete.txt: OK
path-normal-repeat-candidate-pfs3-first/format-pfs3.txt: OK
path-normal-repeat-candidate-pfs3-first/format-pfs3.txt.b64: OK
path-normal-repeat-candidate-pfs3-first/fs-uae.log: OK
path-normal-repeat-candidate-pfs3-first/info-after-format.txt: OK
path-normal-repeat-candidate-pfs3-first/info.txt: OK
path-normal-repeat-candidate-pfs3-first/path-normal-repeat-candidate-pfs3-first-images.log: OK
path-normal-repeat-candidate-pfs3-first/path-normal-repeat-candidate-pfs3-first-run.log: OK
path-normal-repeat-candidate-pfs3-first/pfs3.tsv: OK
path-normal-repeat-candidate-pfs3-first/phase-bfs.txt: OK
path-normal-repeat-candidate-pfs3-first/phase-pfs3.txt: OK
