buffer-normal-baseline-bfs-first/bench.fs-uae: OK
buffer-normal-baseline-bfs-first/bfs.tsv: OK
buffer-normal-baseline-bfs-first/buffer-normal-baseline-bfs-first-images.log: OK
buffer-normal-baseline-bfs-first/buffer-normal-baseline-bfs-first-run.log: OK
buffer-normal-baseline-bfs-first/complete.txt: OK
buffer-normal-baseline-bfs-first/format-pfs3.txt: OK
buffer-normal-baseline-bfs-first/format-pfs3.txt.b64: OK
buffer-normal-baseline-bfs-first/fs-uae.log: OK
buffer-normal-baseline-bfs-first/info-after-format.txt: OK
buffer-normal-baseline-bfs-first/info.txt: OK
buffer-normal-baseline-bfs-first/pfs3.tsv: OK
buffer-normal-baseline-bfs-first/phase-bfs.txt: OK
buffer-normal-baseline-bfs-first/phase-pfs3.txt: OK
buffer-normal-baseline-pfs3-first/bench.fs-uae: OK
buffer-normal-baseline-pfs3-first/bfs.tsv: OK
buffer-normal-baseline-pfs3-first/buffer-normal-baseline-pfs3-first-images.log: OK
buffer-normal-baseline-pfs3-first/buffer-normal-baseline-pfs3-first-run.log: OK
buffer-normal-baseline-pfs3-first/complete.txt: OK
buffer-normal-baseline-pfs3-first/format-pfs3.txt: OK
buffer-normal-baseline-pfs3-first/format-pfs3.txt.b64: OK
buffer-normal-baseline-pfs3-first/fs-uae.log: OK
buffer-normal-baseline-pfs3-first/info-after-format.txt: OK
buffer-normal-baseline-pfs3-first/info.txt: OK
buffer-normal-baseline-pfs3-first/pfs3.tsv: OK
buffer-normal-baseline-pfs3-first/phase-bfs.txt: OK
buffer-normal-baseline-pfs3-first/phase-pfs3.txt: OK
buffer-normal-candidate-bfs-first/bench.fs-uae: OK
buffer-normal-candidate-bfs-first/bfs.tsv: OK
buffer-normal-candidate-bfs-first/buffer-normal-candidate-bfs-first-images.log: OK
buffer-normal-candidate-bfs-first/buffer-normal-candidate-bfs-first-run.log: OK
buffer-normal-candidate-bfs-first/complete.txt: OK
buffer-normal-candidate-bfs-first/format-pfs3.txt: OK
buffer-normal-candidate-bfs-first/format-pfs3.txt.b64: OK
buffer-normal-candidate-bfs-first/fs-uae.log: OK
buffer-normal-candidate-bfs-first/info-after-format.txt: OK
buffer-normal-candidate-bfs-first/info.txt: OK
buffer-normal-candidate-bfs-first/pfs3.tsv: OK
buffer-normal-candidate-bfs-first/phase-bfs.txt: OK
buffer-normal-candidate-bfs-first/phase-pfs3.txt: OK
buffer-normal-candidate-pfs3-first/bench.fs-uae: OK
buffer-normal-candidate-pfs3-first/bfs.tsv: OK
buffer-normal-candidate-pfs3-first/buffer-normal-candidate-pfs3-first-images.log: OK
buffer-normal-candidate-pfs3-first/buffer-normal-candidate-pfs3-first-run.log: OK
buffer-normal-candidate-pfs3-first/complete.txt: OK
buffer-normal-candidate-pfs3-first/format-pfs3.txt: OK
buffer-normal-candidate-pfs3-first/format-pfs3.txt.b64: OK
buffer-normal-candidate-pfs3-first/fs-uae.log: OK
buffer-normal-candidate-pfs3-first/info-after-format.txt: OK
buffer-normal-candidate-pfs3-first/info.txt: OK
buffer-normal-candidate-pfs3-first/pfs3.tsv: OK
buffer-normal-candidate-pfs3-first/phase-bfs.txt: OK
buffer-normal-candidate-pfs3-first/phase-pfs3.txt: OK
buffer-normal-repeat-baseline-bfs-first/bench.fs-uae: OK
buffer-normal-repeat-baseline-bfs-first/bfs.tsv: OK
buffer-normal-repeat-baseline-bfs-first/buffer-normal-repeat-baseline-bfs-first-images.log: OK
buffer-normal-repeat-baseline-bfs-first/buffer-normal-repeat-baseline-bfs-first-run.log: OK
buffer-normal-repeat-baseline-bfs-first/complete.txt: OK
buffer-normal-repeat-baseline-bfs-first/format-pfs3.txt: OK
buffer-normal-repeat-baseline-bfs-first/format-pfs3.txt.b64: OK
buffer-normal-repeat-baseline-bfs-first/fs-uae.log: OK
buffer-normal-repeat-baseline-bfs-first/info-after-format.txt: OK
buffer-normal-repeat-baseline-bfs-first/info.txt: OK
buffer-normal-repeat-baseline-bfs-first/pfs3.tsv: OK
buffer-normal-repeat-baseline-bfs-first/phase-bfs.txt: OK
buffer-normal-repeat-baseline-bfs-first/phase-pfs3.txt: OK
buffer-normal-repeat-baseline-pfs3-first/bench.fs-uae: OK
buffer-normal-repeat-baseline-pfs3-first/bfs.tsv: OK
buffer-normal-repeat-baseline-pfs3-first/buffer-normal-repeat-baseline-pfs3-first-images.log: OK
buffer-normal-repeat-baseline-pfs3-first/buffer-normal-repeat-baseline-pfs3-first-run.log: OK
buffer-normal-repeat-baseline-pfs3-first/complete.txt: OK
buffer-normal-repeat-baseline-pfs3-first/format-pfs3.txt: OK
buffer-normal-repeat-baseline-pfs3-first/format-pfs3.txt.b64: OK
buffer-normal-repeat-baseline-pfs3-first/fs-uae.log: OK
buffer-normal-repeat-baseline-pfs3-first/info-after-format.txt: OK
buffer-normal-repeat-baseline-pfs3-first/info.txt: OK
buffer-normal-repeat-baseline-pfs3-first/pfs3.tsv: OK
buffer-normal-repeat-baseline-pfs3-first/phase-bfs.txt: OK
buffer-normal-repeat-baseline-pfs3-first/phase-pfs3.txt: OK
buffer-normal-repeat-candidate-bfs-first/bench.fs-uae: OK
buffer-normal-repeat-candidate-bfs-first/bfs.tsv: OK
buffer-normal-repeat-candidate-bfs-first/buffer-normal-repeat-candidate-bfs-first-images.log: OK
buffer-normal-repeat-candidate-bfs-first/buffer-normal-repeat-candidate-bfs-first-run.log: OK
buffer-normal-repeat-candidate-bfs-first/complete.txt: OK
buffer-normal-repeat-candidate-bfs-first/format-pfs3.txt: OK
buffer-normal-repeat-candidate-bfs-first/format-pfs3.txt.b64: OK
buffer-normal-repeat-candidate-bfs-first/fs-uae.log: OK
buffer-normal-repeat-candidate-bfs-first/info-after-format.txt: OK
buffer-normal-repeat-candidate-bfs-first/info.txt: OK
buffer-normal-repeat-candidate-bfs-first/pfs3.tsv: OK
buffer-normal-repeat-candidate-bfs-first/phase-bfs.txt: OK
buffer-normal-repeat-candidate-bfs-first/phase-pfs3.txt: OK
buffer-normal-repeat-candidate-pfs3-first/bench.fs-uae: OK
buffer-normal-repeat-candidate-pfs3-first/bfs.tsv: OK
buffer-normal-repeat-candidate-pfs3-first/buffer-normal-repeat-candidate-pfs3-first-images.log: OK
buffer-normal-repeat-candidate-pfs3-first/buffer-normal-repeat-candidate-pfs3-first-run.log: OK
buffer-normal-repeat-candidate-pfs3-first/complete.txt: OK
buffer-normal-repeat-candidate-pfs3-first/format-pfs3.txt: OK
buffer-normal-repeat-candidate-pfs3-first/format-pfs3.txt.b64: OK
buffer-normal-repeat-candidate-pfs3-first/fs-uae.log: OK
buffer-normal-repeat-candidate-pfs3-first/info-after-format.txt: OK
buffer-normal-repeat-candidate-pfs3-first/info.txt: OK
buffer-normal-repeat-candidate-pfs3-first/pfs3.tsv: OK
buffer-normal-repeat-candidate-pfs3-first/phase-bfs.txt: OK
buffer-normal-repeat-candidate-pfs3-first/phase-pfs3.txt: OK
buffer-reuse-amiga-v2.log: OK
buffer-reuse-final-host.log: OK
buffer-reuse-final-quality.log: OK
buffer-reuse-final-sanitize-v2.log: OK
buffer-reuse-linux-fuse-v2.log: OK
buffer-reuse-linux-fuse-v3.log: OK
buffer-reuse-linux-fuse.log: OK
buffer-reuse-rebuilt-amiga.log: OK
input-identities.log: OK
measurement-summary.md: OK
