./README.md: OK
./build-identities.sha256: OK
./cachy-busy.log: OK
./durable-sparse/bench.fs-uae: OK
./durable-sparse/bfs-rdb-info.txt: OK
./durable-sparse/bfs-rdb.json: OK
./durable-sparse/build.log: OK
./durable-sparse/fs-uae.log: OK
./durable-sparse/installed-assets.sha256: OK
./durable-sparse/run.log: OK
./durable-sparse/runtime-inputs.sha256: OK
./durable-sparse/system/Results/bfs.split.tsv: OK
./durable-sparse/system/Results/complete.txt: OK
./durable-sparse/system/Results/format-pfs3.txt: OK
./durable-sparse/system/Results/info-after-format.txt: OK
./durable-sparse/system/Results/info.txt: OK
./durable-sparse/system/Results/pfs3.split.tsv: OK
./durable-sparse/system/Results/phase-bfs.txt: OK
./durable-sparse/system/Results/phase-pfs3.txt: OK
./durable-sparse/system/S/Startup-Sequence: OK
./encode-format-logs.py: OK
./failed-stack-guest/bench.fs-uae: OK
./failed-stack-guest/bfs-rdb-info.txt: OK
./failed-stack-guest/bfs-rdb.json: OK
./failed-stack-guest/build.log: OK
./failed-stack-guest/fs-uae.log: OK
./failed-stack-guest/installed-assets.sha256: OK
./failed-stack-guest/run.log: OK
./failed-stack-guest/runtime-inputs.sha256: OK
./failed-stack-guest/system/Results/bfs.split.tsv: OK
./failed-stack-guest/system/Results/complete.txt: OK
./failed-stack-guest/system/Results/format-pfs3.txt: OK
./failed-stack-guest/system/Results/info-after-format.txt: OK
./failed-stack-guest/system/Results/info.txt: OK
./failed-stack-guest/system/Results/pfs3.split.tsv: OK
./failed-stack-guest/system/Results/phase-bfs.txt: OK
./failed-stack-guest/system/Results/phase-pfs3.txt: OK
./failed-stack-guest/system/S/Startup-Sequence: OK
./normal-m5/bench.fs-uae: OK
./normal-m5/bfs-rdb-info.txt: OK
./normal-m5/bfs-rdb.json: OK
./normal-m5/build.log: OK
./normal-m5/fs-uae.log: OK
./normal-m5/installed-assets.sha256: OK
./normal-m5/run.log: OK
./normal-m5/runtime-inputs.sha256: OK
./normal-m5/system/Results/bfs.split.tsv: OK
./normal-m5/system/Results/complete.txt: OK
./normal-m5/system/Results/format-pfs3.txt: OK
./normal-m5/system/Results/info-after-format.txt: OK
./normal-m5/system/Results/info.txt: OK
./normal-m5/system/Results/pfs3.split.tsv: OK
./normal-m5/system/Results/phase-bfs.txt: OK
./normal-m5/system/Results/phase-pfs3.txt: OK
./normal-m5/system/S/Startup-Sequence: OK
./old-confirmation-integrity.log: OK
./old-sparse-integrity.log: OK
./probe-allcrc-tests.log: OK
./probe-default-tests.log: OK
./protocol/fs-compare-bench.c: OK
./protocol/fs-compare-split.h: OK
./protocol/perf_probe.h: OK
./protocol/verify-split-bench.py: OK
./record-local.sh: OK
./run-profile.sh: OK
./source-identities.sha256: OK
./summarize-local.py: OK
./summary.json: OK
./verifier-tests.log: OK
