./.gitattributes: OK
./archive.log: OK
./build-bench-image.sh: OK
./crc-native-order-preflight.sh: OK
./formatter-encoding-normalization.log: OK
./global-asset-audit.log: OK
./green-build.log: OK
./green.log: OK
./host.log: OK
./identities.log: OK
./linux-fuse.log: OK
./m68k-build.log: OK
./m68k-rebuild.log: OK
./measurements.log: OK
./metadata-single-extent-archive-images.sh: OK
./persist.sh: OK
./preflight.log: OK
./preparation.log: OK
./prepare-metadata-batch-measurements.sh: OK
./prepare-single-block-absence-measurements.sh: OK
./probe-summary-run1.log: OK
./probe-summary-run1.mjs: OK
./quality.log: OK
./raw-copy-verification.log: OK
./red-build.log: OK
./red.log: OK
./red2-build.log: OK
./red2.log: OK
./retained-probe-controls/handler-cpu-scopes-extended-bfs-first/system/Results/bfs.deep-compare.tsv: OK
./retained-probe-controls/handler-cpu-scopes-extended-bfs-first/system/Results/pfs3.deep-compare.tsv: OK
./retained-probe-controls/handler-cpu-scopes-extended-pfs3-first/system/Results/bfs.deep-compare.tsv: OK
./retained-probe-controls/handler-cpu-scopes-extended-pfs3-first/system/Results/pfs3.deep-compare.tsv: OK
./run-bench.sh: OK
./run-single-block-absence-measurements.sh: OK
./sanitizer.log: OK
./scoped-asset-audit.log: OK
./single-block-absence-baseline.c: OK
./single-block-absence-candidate.patch: OK
./single-block-absence-linux.sh: OK
./single-block-absence-normal-baseline-bfs-first/bench.fs-uae: OK
./single-block-absence-normal-baseline-bfs-first/fs-uae.log: OK
./single-block-absence-normal-baseline-bfs-first/images.log: OK
./single-block-absence-normal-baseline-bfs-first/run.log: OK
./single-block-absence-normal-baseline-bfs-first/system/Results/bfs.tsv: OK
./single-block-absence-normal-baseline-bfs-first/system/Results/complete.txt: OK
./single-block-absence-normal-baseline-bfs-first/system/Results/format-pfs3.txt: OK
./single-block-absence-normal-baseline-bfs-first/system/Results/info-after-format.txt: OK
./single-block-absence-normal-baseline-bfs-first/system/Results/info.txt: OK
./single-block-absence-normal-baseline-bfs-first/system/Results/pfs3.tsv: OK
./single-block-absence-normal-baseline-bfs-first/system/Results/phase-bfs.txt: OK
./single-block-absence-normal-baseline-bfs-first/system/Results/phase-pfs3.txt: OK
./single-block-absence-normal-baseline-pfs3-first/bench.fs-uae: OK
./single-block-absence-normal-baseline-pfs3-first/fs-uae.log: OK
./single-block-absence-normal-baseline-pfs3-first/images.log: OK
./single-block-absence-normal-baseline-pfs3-first/run.log: OK
./single-block-absence-normal-baseline-pfs3-first/system/Results/bfs.tsv: OK
./single-block-absence-normal-baseline-pfs3-first/system/Results/complete.txt: OK
./single-block-absence-normal-baseline-pfs3-first/system/Results/format-pfs3.txt: OK
./single-block-absence-normal-baseline-pfs3-first/system/Results/info-after-format.txt: OK
./single-block-absence-normal-baseline-pfs3-first/system/Results/info.txt: OK
./single-block-absence-normal-baseline-pfs3-first/system/Results/pfs3.tsv: OK
./single-block-absence-normal-baseline-pfs3-first/system/Results/phase-bfs.txt: OK
./single-block-absence-normal-baseline-pfs3-first/system/Results/phase-pfs3.txt: OK
./single-block-absence-normal-candidate-bfs-first/bench.fs-uae: OK
./single-block-absence-normal-candidate-bfs-first/fs-uae.log: OK
./single-block-absence-normal-candidate-bfs-first/images.log: OK
./single-block-absence-normal-candidate-bfs-first/run.log: OK
./single-block-absence-normal-candidate-bfs-first/system/Results/bfs.tsv: OK
./single-block-absence-normal-candidate-bfs-first/system/Results/complete.txt: OK
./single-block-absence-normal-candidate-bfs-first/system/Results/format-pfs3.txt: OK
./single-block-absence-normal-candidate-bfs-first/system/Results/info-after-format.txt: OK
./single-block-absence-normal-candidate-bfs-first/system/Results/info.txt: OK
./single-block-absence-normal-candidate-bfs-first/system/Results/pfs3.tsv: OK
./single-block-absence-normal-candidate-bfs-first/system/Results/phase-bfs.txt: OK
./single-block-absence-normal-candidate-bfs-first/system/Results/phase-pfs3.txt: OK
./single-block-absence-normal-candidate-pfs3-first/bench.fs-uae: OK
./single-block-absence-normal-candidate-pfs3-first/fs-uae.log: OK
./single-block-absence-normal-candidate-pfs3-first/images.log: OK
./single-block-absence-normal-candidate-pfs3-first/run.log: OK
./single-block-absence-normal-candidate-pfs3-first/system/Results/bfs.tsv: OK
./single-block-absence-normal-candidate-pfs3-first/system/Results/complete.txt: OK
./single-block-absence-normal-candidate-pfs3-first/system/Results/format-pfs3.txt: OK
./single-block-absence-normal-candidate-pfs3-first/system/Results/info-after-format.txt: OK
./single-block-absence-normal-candidate-pfs3-first/system/Results/info.txt: OK
./single-block-absence-normal-candidate-pfs3-first/system/Results/pfs3.tsv: OK
./single-block-absence-normal-candidate-pfs3-first/system/Results/phase-bfs.txt: OK
./single-block-absence-normal-candidate-pfs3-first/system/Results/phase-pfs3.txt: OK
./single-block-absence-normal-repeat-baseline-bfs-first/bench.fs-uae: OK
./single-block-absence-normal-repeat-baseline-bfs-first/fs-uae.log: OK
./single-block-absence-normal-repeat-baseline-bfs-first/images.log: OK
./single-block-absence-normal-repeat-baseline-bfs-first/run.log: OK
./single-block-absence-normal-repeat-baseline-bfs-first/system/Results/bfs.tsv: OK
./single-block-absence-normal-repeat-baseline-bfs-first/system/Results/complete.txt: OK
./single-block-absence-normal-repeat-baseline-bfs-first/system/Results/format-pfs3.txt: OK
./single-block-absence-normal-repeat-baseline-bfs-first/system/Results/info-after-format.txt: OK
./single-block-absence-normal-repeat-baseline-bfs-first/system/Results/info.txt: OK
./single-block-absence-normal-repeat-baseline-bfs-first/system/Results/pfs3.tsv: OK
./single-block-absence-normal-repeat-baseline-bfs-first/system/Results/phase-bfs.txt: OK
./single-block-absence-normal-repeat-baseline-bfs-first/system/Results/phase-pfs3.txt: OK
./single-block-absence-normal-repeat-baseline-pfs3-first/bench.fs-uae: OK
./single-block-absence-normal-repeat-baseline-pfs3-first/fs-uae.log: OK
./single-block-absence-normal-repeat-baseline-pfs3-first/images.log: OK
./single-block-absence-normal-repeat-baseline-pfs3-first/run.log: OK
./single-block-absence-normal-repeat-baseline-pfs3-first/system/Results/bfs.tsv: OK
./single-block-absence-normal-repeat-baseline-pfs3-first/system/Results/complete.txt: OK
./single-block-absence-normal-repeat-baseline-pfs3-first/system/Results/format-pfs3.txt: OK
./single-block-absence-normal-repeat-baseline-pfs3-first/system/Results/info-after-format.txt: OK
./single-block-absence-normal-repeat-baseline-pfs3-first/system/Results/info.txt: OK
./single-block-absence-normal-repeat-baseline-pfs3-first/system/Results/pfs3.tsv: OK
./single-block-absence-normal-repeat-baseline-pfs3-first/system/Results/phase-bfs.txt: OK
./single-block-absence-normal-repeat-baseline-pfs3-first/system/Results/phase-pfs3.txt: OK
./single-block-absence-normal-repeat-candidate-bfs-first/bench.fs-uae: OK
./single-block-absence-normal-repeat-candidate-bfs-first/fs-uae.log: OK
./single-block-absence-normal-repeat-candidate-bfs-first/images.log: OK
./single-block-absence-normal-repeat-candidate-bfs-first/run.log: OK
./single-block-absence-normal-repeat-candidate-bfs-first/system/Results/bfs.tsv: OK
./single-block-absence-normal-repeat-candidate-bfs-first/system/Results/complete.txt: OK
./single-block-absence-normal-repeat-candidate-bfs-first/system/Results/format-pfs3.txt: OK
./single-block-absence-normal-repeat-candidate-bfs-first/system/Results/info-after-format.txt: OK
./single-block-absence-normal-repeat-candidate-bfs-first/system/Results/info.txt: OK
./single-block-absence-normal-repeat-candidate-bfs-first/system/Results/pfs3.tsv: OK
./single-block-absence-normal-repeat-candidate-bfs-first/system/Results/phase-bfs.txt: OK
./single-block-absence-normal-repeat-candidate-bfs-first/system/Results/phase-pfs3.txt: OK
./single-block-absence-normal-repeat-candidate-pfs3-first/bench.fs-uae: OK
./single-block-absence-normal-repeat-candidate-pfs3-first/fs-uae.log: OK
./single-block-absence-normal-repeat-candidate-pfs3-first/images.log: OK
./single-block-absence-normal-repeat-candidate-pfs3-first/run.log: OK
./single-block-absence-normal-repeat-candidate-pfs3-first/system/Results/bfs.tsv: OK
./single-block-absence-normal-repeat-candidate-pfs3-first/system/Results/complete.txt: OK
./single-block-absence-normal-repeat-candidate-pfs3-first/system/Results/format-pfs3.txt: OK
./single-block-absence-normal-repeat-candidate-pfs3-first/system/Results/info-after-format.txt: OK
./single-block-absence-normal-repeat-candidate-pfs3-first/system/Results/info.txt: OK
./single-block-absence-normal-repeat-candidate-pfs3-first/system/Results/pfs3.tsv: OK
./single-block-absence-normal-repeat-candidate-pfs3-first/system/Results/phase-bfs.txt: OK
./single-block-absence-normal-repeat-candidate-pfs3-first/system/Results/phase-pfs3.txt: OK
./single-block-absence-normal-summary.json: OK
./single-block-absence-normal-summary.mjs: OK
./single-block-absence-normalize-formatter.mjs: OK
./single-block-absence-probe-bfs-first/bench.fs-uae: OK
./single-block-absence-probe-bfs-first/fs-uae.log: OK
./single-block-absence-probe-bfs-first/images.log: OK
./single-block-absence-probe-bfs-first/run.log: OK
./single-block-absence-probe-bfs-first/system/Results/bfs.deep-compare.tsv: OK
./single-block-absence-probe-bfs-first/system/Results/complete.txt: OK
./single-block-absence-probe-bfs-first/system/Results/format-pfs3.txt: OK
./single-block-absence-probe-bfs-first/system/Results/info-after-format.txt: OK
./single-block-absence-probe-bfs-first/system/Results/info.txt: OK
./single-block-absence-probe-bfs-first/system/Results/pfs3.deep-compare.tsv: OK
./single-block-absence-probe-bfs-first/system/Results/phase-bfs.txt: OK
./single-block-absence-probe-bfs-first/system/Results/phase-pfs3.txt: OK
./single-block-absence-probe-pfs3-first/bench.fs-uae: OK
./single-block-absence-probe-pfs3-first/fs-uae.log: OK
./single-block-absence-probe-pfs3-first/images.log: OK
./single-block-absence-probe-pfs3-first/run.log: OK
./single-block-absence-probe-pfs3-first/system/Results/bfs.deep-compare.tsv: OK
./single-block-absence-probe-pfs3-first/system/Results/complete.txt: OK
./single-block-absence-probe-pfs3-first/system/Results/format-pfs3.txt: OK
./single-block-absence-probe-pfs3-first/system/Results/info-after-format.txt: OK
./single-block-absence-probe-pfs3-first/system/Results/info.txt: OK
./single-block-absence-probe-pfs3-first/system/Results/pfs3.deep-compare.tsv: OK
./single-block-absence-probe-pfs3-first/system/Results/phase-bfs.txt: OK
./single-block-absence-probe-pfs3-first/system/Results/phase-pfs3.txt: OK
./single-block-absence-probe-summary.json: OK
./single-block-absence-probe-summary.mjs: OK
./single-block-absence-qualification-notes.md: OK
./single-block-absence-tests-red1.c: OK
./single-block-absence-tests-red2.c: OK
./verify-bench-results.sh: OK
