cachy-deep-runner.log: OK
cachy-runner.log: OK
focused.log: OK
host-check.log: OK
noop-cachy-baseline-bfs-first/bench.fs-uae: OK
noop-cachy-baseline-bfs-first/bfs.tsv: OK
noop-cachy-baseline-bfs-first/complete.txt: OK
noop-cachy-baseline-bfs-first/fs-uae.log: OK
noop-cachy-baseline-bfs-first/info-after-format.txt: OK
noop-cachy-baseline-bfs-first/info.txt: OK
noop-cachy-baseline-bfs-first/pfs3.tsv: OK
noop-cachy-baseline-pfs3-first/bench.fs-uae: OK
noop-cachy-baseline-pfs3-first/bfs.tsv: OK
noop-cachy-baseline-pfs3-first/complete.txt: OK
noop-cachy-baseline-pfs3-first/fs-uae.log: OK
noop-cachy-baseline-pfs3-first/info-after-format.txt: OK
noop-cachy-baseline-pfs3-first/info.txt: OK
noop-cachy-baseline-pfs3-first/pfs3.tsv: OK
noop-cachy-candidate-bfs-first/bench.fs-uae: OK
noop-cachy-candidate-bfs-first/bfs.tsv: OK
noop-cachy-candidate-bfs-first/complete.txt: OK
noop-cachy-candidate-bfs-first/fs-uae.log: OK
noop-cachy-candidate-bfs-first/info-after-format.txt: OK
noop-cachy-candidate-bfs-first/info.txt: OK
noop-cachy-candidate-bfs-first/pfs3.tsv: OK
noop-cachy-candidate-pfs3-first/bench.fs-uae: OK
noop-cachy-candidate-pfs3-first/bfs.tsv: OK
noop-cachy-candidate-pfs3-first/complete.txt: OK
noop-cachy-candidate-pfs3-first/fs-uae.log: OK
noop-cachy-candidate-pfs3-first/info-after-format.txt: OK
noop-cachy-candidate-pfs3-first/info.txt: OK
noop-cachy-candidate-pfs3-first/pfs3.tsv: OK
qualified-deep/bench.fs-uae: OK
qualified-deep/bfs.deep-compare.tsv: OK
qualified-deep/complete.txt: OK
qualified-deep/fs-uae.log: OK
qualified-deep/info-after-format.txt: OK
qualified-deep/info.txt: OK
qualified-deep/pfs3.deep-compare.tsv: OK
sanitize.log: OK
