./.gitattributes: OK
./archive.log: OK
./assembler-run2.log: OK
./assembler.log: OK
./completed300/abi-probe-source.s: OK
./completed300/build.log: OK
./completed300/fs-uae.log: OK
./completed300/identities.log: OK
./completed300/memory-copy-baseline-renamed.s: OK
./completed300/memory-copy-candidate-source.s: OK
./completed300/memory-copy-compare.done: OK
./completed300/memory-copy-compare.txt: OK
./completed300/memory-copy-probe-source.c: OK
./completed300/memory-copy-retained-source.s: OK
./completed300/memory-copy.fs-uae: OK
./completed300/remote-run.log: OK
./completed300/summary.json: OK
./failed-build/abi-probe-source.s: OK
./failed-build/build.log: OK
./failed-build/memory-copy-baseline-renamed.s: OK
./failed-build/memory-copy-candidate-source.s: OK
./failed-build/memory-copy-probe-source.c: OK
./failed-build/memory-copy-retained-source.s: OK
./final-identities.log: OK
./memory-copy-48-archive.sh: OK
./memory-copy-48-baseline.s: OK
./memory-copy-48-candidate.patch: OK
./memory-copy-48-prepare.sh: OK
./memory-copy-48-remote-run.sh: OK
./memory-copy-48-summary-probes.mjs: OK
./memory-copy-48-summary.mjs: OK
./persist.sh: OK
./preparation-attempt1.log: OK
./preparation-attempt2.log: OK
./preparation-attempt3.log: OK
./restored-build.log: OK
./scoped-asset-audit.log: OK
./summary-probes.log: OK
./timeout60/abi-probe-source.s: OK
./timeout60/build.log: OK
./timeout60/fs-uae.log: OK
./timeout60/identities.log: OK
./timeout60/memory-copy-baseline-renamed.s: OK
./timeout60/memory-copy-candidate-source.s: OK
./timeout60/memory-copy-probe-source.c: OK
./timeout60/memory-copy-retained-source.s: OK
./timeout60/memory-copy.fs-uae: OK
./timeout60/remote-run.log: OK
