c3-final-base-1-bfs-first/bfs.tsv: OK
c3-final-base-1-bfs-first/complete.txt: OK
c3-final-base-1-bfs-first/info-after-format.txt: OK
c3-final-base-1-bfs-first/info.txt: OK
c3-final-base-1-bfs-first/pfs3.tsv: OK
c3-final-base-2-pfs3-first/bfs.tsv: OK
c3-final-base-2-pfs3-first/complete.txt: OK
c3-final-base-2-pfs3-first/info-after-format.txt: OK
c3-final-base-2-pfs3-first/info.txt: OK
c3-final-base-2-pfs3-first/pfs3.tsv: OK
c3-final-base-3-bfs-first/bfs.tsv: OK
c3-final-base-3-bfs-first/complete.txt: OK
c3-final-base-3-bfs-first/info-after-format.txt: OK
c3-final-base-3-bfs-first/info.txt: OK
c3-final-base-3-bfs-first/pfs3.tsv: OK
c3-final-base-4-pfs3-first/bfs.tsv: OK
c3-final-base-4-pfs3-first/complete.txt: OK
c3-final-base-4-pfs3-first/info-after-format.txt: OK
c3-final-base-4-pfs3-first/info.txt: OK
c3-final-base-4-pfs3-first/pfs3.tsv: OK
c3-final-base-5-bfs-first/bfs.tsv: OK
c3-final-base-5-bfs-first/complete.txt: OK
c3-final-base-5-bfs-first/info-after-format.txt: OK
c3-final-base-5-bfs-first/info.txt: OK
c3-final-base-5-bfs-first/pfs3.tsv: OK
c3-final-base-6-pfs3-first/bfs.tsv: OK
c3-final-base-6-pfs3-first/complete.txt: OK
c3-final-base-6-pfs3-first/info-after-format.txt: OK
c3-final-base-6-pfs3-first/info.txt: OK
c3-final-base-6-pfs3-first/pfs3.tsv: OK
c3-final-base-7-bfs-first/bfs.tsv: OK
c3-final-base-7-bfs-first/complete.txt: OK
c3-final-base-7-bfs-first/info-after-format.txt: OK
c3-final-base-7-bfs-first/info.txt: OK
c3-final-base-7-bfs-first/pfs3.tsv: OK
c3-final-base-8-pfs3-first/bfs.tsv: OK
c3-final-base-8-pfs3-first/complete.txt: OK
c3-final-base-8-pfs3-first/info-after-format.txt: OK
c3-final-base-8-pfs3-first/info.txt: OK
c3-final-base-8-pfs3-first/pfs3.tsv: OK
c3-final-final-1-bfs-first/bfs.tsv: OK
c3-final-final-1-bfs-first/complete.txt: OK
c3-final-final-1-bfs-first/info-after-format.txt: OK
c3-final-final-1-bfs-first/info.txt: OK
c3-final-final-1-bfs-first/pfs3.tsv: OK
c3-final-final-2-pfs3-first/bfs.tsv: OK
c3-final-final-2-pfs3-first/complete.txt: OK
c3-final-final-2-pfs3-first/info-after-format.txt: OK
c3-final-final-2-pfs3-first/info.txt: OK
c3-final-final-2-pfs3-first/pfs3.tsv: OK
c3-final-final-3-bfs-first/bfs.tsv: OK
c3-final-final-3-bfs-first/complete.txt: OK
c3-final-final-3-bfs-first/info-after-format.txt: OK
c3-final-final-3-bfs-first/info.txt: OK
c3-final-final-3-bfs-first/pfs3.tsv: OK
c3-final-final-4-pfs3-first/bfs.tsv: OK
c3-final-final-4-pfs3-first/complete.txt: OK
c3-final-final-4-pfs3-first/info-after-format.txt: OK
c3-final-final-4-pfs3-first/info.txt: OK
c3-final-final-4-pfs3-first/pfs3.tsv: OK
c3-final-final-5-bfs-first/bfs.tsv: OK
c3-final-final-5-bfs-first/complete.txt: OK
c3-final-final-5-bfs-first/info-after-format.txt: OK
c3-final-final-5-bfs-first/info.txt: OK
c3-final-final-5-bfs-first/pfs3.tsv: OK
c3-final-final-6-pfs3-first/bfs.tsv: OK
c3-final-final-6-pfs3-first/complete.txt: OK
c3-final-final-6-pfs3-first/info-after-format.txt: OK
c3-final-final-6-pfs3-first/info.txt: OK
c3-final-final-6-pfs3-first/pfs3.tsv: OK
c3-final-final-7-bfs-first/bfs.tsv: OK
c3-final-final-7-bfs-first/complete.txt: OK
c3-final-final-7-bfs-first/info-after-format.txt: OK
c3-final-final-7-bfs-first/info.txt: OK
c3-final-final-7-bfs-first/pfs3.tsv: OK
c3-final-final-8-pfs3-first/bfs.tsv: OK
c3-final-final-8-pfs3-first/complete.txt: OK
c3-final-final-8-pfs3-first/info-after-format.txt: OK
c3-final-final-8-pfs3-first/info.txt: OK
c3-final-final-8-pfs3-first/pfs3.tsv: OK
c3-final-leafcopy-1-bfs-first/bfs.tsv: OK
c3-final-leafcopy-1-bfs-first/complete.txt: OK
c3-final-leafcopy-1-bfs-first/info-after-format.txt: OK
c3-final-leafcopy-1-bfs-first/info.txt: OK
c3-final-leafcopy-1-bfs-first/pfs3.tsv: OK
c3-final-leafcopy-2-pfs3-first/bfs.tsv: OK
c3-final-leafcopy-2-pfs3-first/complete.txt: OK
c3-final-leafcopy-2-pfs3-first/info-after-format.txt: OK
c3-final-leafcopy-2-pfs3-first/info.txt: OK
c3-final-leafcopy-2-pfs3-first/pfs3.tsv: OK
c3-final-leafcopy-3-bfs-first/bfs.tsv: OK
c3-final-leafcopy-3-bfs-first/complete.txt: OK
c3-final-leafcopy-3-bfs-first/info-after-format.txt: OK
c3-final-leafcopy-3-bfs-first/info.txt: OK
c3-final-leafcopy-3-bfs-first/pfs3.tsv: OK
c3-final-leafcopy-4-pfs3-first/bfs.tsv: OK
c3-final-leafcopy-4-pfs3-first/complete.txt: OK
c3-final-leafcopy-4-pfs3-first/info-after-format.txt: OK
c3-final-leafcopy-4-pfs3-first/info.txt: OK
c3-final-leafcopy-4-pfs3-first/pfs3.tsv: OK
c3-final-leafcopy-5-bfs-first/bfs.tsv: OK
c3-final-leafcopy-5-bfs-first/complete.txt: OK
c3-final-leafcopy-5-bfs-first/info-after-format.txt: OK
c3-final-leafcopy-5-bfs-first/info.txt: OK
c3-final-leafcopy-5-bfs-first/pfs3.tsv: OK
c3-final-leafcopy-6-pfs3-first/bfs.tsv: OK
c3-final-leafcopy-6-pfs3-first/complete.txt: OK
c3-final-leafcopy-6-pfs3-first/info-after-format.txt: OK
c3-final-leafcopy-6-pfs3-first/info.txt: OK
c3-final-leafcopy-6-pfs3-first/pfs3.tsv: OK
c3-final-leafcopy-7-bfs-first/bfs.tsv: OK
c3-final-leafcopy-7-bfs-first/complete.txt: OK
c3-final-leafcopy-7-bfs-first/info-after-format.txt: OK
c3-final-leafcopy-7-bfs-first/info.txt: OK
c3-final-leafcopy-7-bfs-first/pfs3.tsv: OK
c3-final-leafcopy-8-pfs3-first/bfs.tsv: OK
c3-final-leafcopy-8-pfs3-first/complete.txt: OK
c3-final-leafcopy-8-pfs3-first/info-after-format.txt: OK
c3-final-leafcopy-8-pfs3-first/info.txt: OK
c3-final-leafcopy-8-pfs3-first/pfs3.tsv: OK
d3-final-base-1-bfs-first/bfs.durable.tsv: OK
d3-final-base-1-bfs-first/complete.txt: OK
d3-final-base-1-bfs-first/info-after-format.txt: OK
d3-final-base-1-bfs-first/info.txt: OK
d3-final-base-1-bfs-first/pfs3.durable.tsv: OK
d3-final-base-2-pfs3-first/bfs.durable.tsv: OK
d3-final-base-2-pfs3-first/complete.txt: OK
d3-final-base-2-pfs3-first/info-after-format.txt: OK
d3-final-base-2-pfs3-first/info.txt: OK
d3-final-base-2-pfs3-first/pfs3.durable.tsv: OK
d3-final-base-3-bfs-first/bfs.durable.tsv: OK
d3-final-base-3-bfs-first/complete.txt: OK
d3-final-base-3-bfs-first/info-after-format.txt: OK
d3-final-base-3-bfs-first/info.txt: OK
d3-final-base-3-bfs-first/pfs3.durable.tsv: OK
d3-final-base-4-pfs3-first/bfs.durable.tsv: OK
d3-final-base-4-pfs3-first/complete.txt: OK
d3-final-base-4-pfs3-first/info-after-format.txt: OK
d3-final-base-4-pfs3-first/info.txt: OK
d3-final-base-4-pfs3-first/pfs3.durable.tsv: OK
d3-final-base-5-bfs-first/bfs.durable.tsv: OK
d3-final-base-5-bfs-first/complete.txt: OK
d3-final-base-5-bfs-first/info-after-format.txt: OK
d3-final-base-5-bfs-first/info.txt: OK
d3-final-base-5-bfs-first/pfs3.durable.tsv: OK
d3-final-base-6-pfs3-first/bfs.durable.tsv: OK
d3-final-base-6-pfs3-first/complete.txt: OK
d3-final-base-6-pfs3-first/info-after-format.txt: OK
d3-final-base-6-pfs3-first/info.txt: OK
d3-final-base-6-pfs3-first/pfs3.durable.tsv: OK
d3-final-base-7-bfs-first/bfs.durable.tsv: OK
d3-final-base-7-bfs-first/complete.txt: OK
d3-final-base-7-bfs-first/info-after-format.txt: OK
d3-final-base-7-bfs-first/info.txt: OK
d3-final-base-7-bfs-first/pfs3.durable.tsv: OK
d3-final-base-8-pfs3-first/bfs.durable.tsv: OK
d3-final-base-8-pfs3-first/complete.txt: OK
d3-final-base-8-pfs3-first/info-after-format.txt: OK
d3-final-base-8-pfs3-first/info.txt: OK
d3-final-base-8-pfs3-first/pfs3.durable.tsv: OK
d3-final-final-1-bfs-first/bfs.durable.tsv: OK
d3-final-final-1-bfs-first/complete.txt: OK
d3-final-final-1-bfs-first/info-after-format.txt: OK
d3-final-final-1-bfs-first/info.txt: OK
d3-final-final-1-bfs-first/pfs3.durable.tsv: OK
d3-final-final-2-pfs3-first/bfs.durable.tsv: OK
d3-final-final-2-pfs3-first/complete.txt: OK
d3-final-final-2-pfs3-first/info-after-format.txt: OK
d3-final-final-2-pfs3-first/info.txt: OK
d3-final-final-2-pfs3-first/pfs3.durable.tsv: OK
d3-final-final-3-bfs-first/bfs.durable.tsv: OK
d3-final-final-3-bfs-first/complete.txt: OK
d3-final-final-3-bfs-first/info-after-format.txt: OK
d3-final-final-3-bfs-first/info.txt: OK
d3-final-final-3-bfs-first/pfs3.durable.tsv: OK
d3-final-final-4-pfs3-first/bfs.durable.tsv: OK
d3-final-final-4-pfs3-first/complete.txt: OK
d3-final-final-4-pfs3-first/info-after-format.txt: OK
d3-final-final-4-pfs3-first/info.txt: OK
d3-final-final-4-pfs3-first/pfs3.durable.tsv: OK
d3-final-final-5-bfs-first/bfs.durable.tsv: OK
d3-final-final-5-bfs-first/complete.txt: OK
d3-final-final-5-bfs-first/info-after-format.txt: OK
d3-final-final-5-bfs-first/info.txt: OK
d3-final-final-5-bfs-first/pfs3.durable.tsv: OK
d3-final-final-6-pfs3-first/bfs.durable.tsv: OK
d3-final-final-6-pfs3-first/complete.txt: OK
d3-final-final-6-pfs3-first/info-after-format.txt: OK
d3-final-final-6-pfs3-first/info.txt: OK
d3-final-final-6-pfs3-first/pfs3.durable.tsv: OK
d3-final-final-7-bfs-first/bfs.durable.tsv: OK
d3-final-final-7-bfs-first/complete.txt: OK
d3-final-final-7-bfs-first/info-after-format.txt: OK
d3-final-final-7-bfs-first/info.txt: OK
d3-final-final-7-bfs-first/pfs3.durable.tsv: OK
d3-final-final-8-pfs3-first/bfs.durable.tsv: OK
d3-final-final-8-pfs3-first/complete.txt: OK
d3-final-final-8-pfs3-first/info-after-format.txt: OK
d3-final-final-8-pfs3-first/info.txt: OK
d3-final-final-8-pfs3-first/pfs3.durable.tsv: OK
