after-buffer-probe-bfs-first/after-buffer-probe-bfs-first-images.log: OK
after-buffer-probe-bfs-first/after-buffer-probe-bfs-first-run.log: OK
after-buffer-probe-bfs-first/bench.fs-uae: OK
after-buffer-probe-bfs-first/bfs.deep-compare.tsv: OK
after-buffer-probe-bfs-first/complete.txt: OK
after-buffer-probe-bfs-first/format-pfs3.txt: OK
after-buffer-probe-bfs-first/format-pfs3.txt.b64: OK
after-buffer-probe-bfs-first/fs-uae.log: OK
after-buffer-probe-bfs-first/info-after-format.txt: OK
after-buffer-probe-bfs-first/info.txt: OK
after-buffer-probe-bfs-first/pfs3.deep-compare.tsv: OK
after-buffer-probe-bfs-first/phase-bfs.txt: OK
after-buffer-probe-bfs-first/phase-pfs3.txt: OK
after-buffer-probe-pfs3-first/after-buffer-probe-pfs3-first-images.log: OK
after-buffer-probe-pfs3-first/after-buffer-probe-pfs3-first-run.log: OK
after-buffer-probe-pfs3-first/bench.fs-uae: OK
after-buffer-probe-pfs3-first/bfs.deep-compare.tsv: OK
after-buffer-probe-pfs3-first/complete.txt: OK
after-buffer-probe-pfs3-first/format-pfs3.txt: OK
after-buffer-probe-pfs3-first/format-pfs3.txt.b64: OK
after-buffer-probe-pfs3-first/fs-uae.log: OK
after-buffer-probe-pfs3-first/info-after-format.txt: OK
after-buffer-probe-pfs3-first/info.txt: OK
after-buffer-probe-pfs3-first/pfs3.deep-compare.tsv: OK
after-buffer-probe-pfs3-first/phase-bfs.txt: OK
after-buffer-probe-pfs3-first/phase-pfs3.txt: OK
after-buffer-profile-input-identities.log: OK
after-buffer-profile.log: OK
after-buffer-profile.sh: OK
