idle-baseline-bfs-first/bench.fs-uae: OK
idle-baseline-bfs-first/bfs.tsv: OK
idle-baseline-bfs-first/complete.txt: OK
idle-baseline-bfs-first/fs-uae.log: OK
idle-baseline-bfs-first/info-after-format.txt: OK
idle-baseline-bfs-first/info.txt: OK
idle-baseline-bfs-first/pfs3.tsv: OK
idle-baseline-pfs3-first/bench.fs-uae: OK
idle-baseline-pfs3-first/bfs.tsv: OK
idle-baseline-pfs3-first/complete.txt: OK
idle-baseline-pfs3-first/fs-uae.log: OK
idle-baseline-pfs3-first/info-after-format.txt: OK
idle-baseline-pfs3-first/info.txt: OK
idle-baseline-pfs3-first/pfs3.tsv: OK
idle-candidate-bfs-first/bench.fs-uae: OK
idle-candidate-bfs-first/bfs.tsv: OK
idle-candidate-bfs-first/complete.txt: OK
idle-candidate-bfs-first/fs-uae.log: OK
idle-candidate-bfs-first/info-after-format.txt: OK
idle-candidate-bfs-first/info.txt: OK
idle-candidate-bfs-first/pfs3.tsv: OK
idle-candidate-pfs3-first/bench.fs-uae: OK
idle-candidate-pfs3-first/bfs.tsv: OK
idle-candidate-pfs3-first/complete.txt: OK
idle-candidate-pfs3-first/fs-uae.log: OK
idle-candidate-pfs3-first/info-after-format.txt: OK
idle-candidate-pfs3-first/info.txt: OK
idle-candidate-pfs3-first/pfs3.tsv: OK
memory-functions/fs-uae.log: OK
memory-functions/memory-functions.done: OK
memory-functions/memory-functions.fs-uae: OK
memory-functions/memory-functions.txt: OK
qualified-deep/bench.fs-uae: OK
qualified-deep/bfs.deep-compare.tsv: OK
qualified-deep/complete.txt: OK
qualified-deep/fs-uae.log: OK
qualified-deep/info-after-format.txt: OK
qualified-deep/info.txt: OK
qualified-deep/pfs3.deep-compare.tsv: OK
rejected-unreadable/bench.fs-uae: OK
rejected-unreadable/bfs.deep-compare.tsv: OK
rejected-unreadable/complete.txt: OK
rejected-unreadable/fs-uae.log: OK
rejected-unreadable/info-after-format.txt: OK
rejected-unreadable/info.txt: OK
rejected-unreadable/pfs3.deep-compare.tsv: OK
reserve-root-fold-check-final.log: OK
reserve-root-fold-handler.log: OK
reserve-root-fold-sanitize-final.log: OK
