abi-diagnostic.s.b64: OK
abi-original.s.b64: OK
abi-size.c.b64: OK
archive.log: OK
archive.sh: OK
baseline-identities.log: OK
build-bench-image.sh: OK
build.log: OK
build.sh: OK
check-no-binaries.sh: OK
consumer-final-replay.log: OK
consumer-replay.log: OK
consumer-role-replay.log: OK
consumer/consume-initial-20.py: OK
consumer/consume-pre-coalesce-role.py: OK
consumer/consume-pre-write-bound.py: OK
consumer/consume.py: OK
consumer/fixture-run-coalesce-role.stdout.log: OK
consumer/fixture-run-initial-20.log: OK
consumer/fixture-run-original-template.stdout.log: OK
consumer/fixture-run-pre-coalesce-role.log: OK
consumer/fixture-run-pre-write-bound.log: OK
consumer/fixture-run-root-replay.log: OK
consumer/fixture-run-write-bound.stdout.log: OK
consumer/fixture-run.log: OK
consumer/test-consumer-pre-coalesce-role.py: OK
consumer/test-consumer-pre-write-bound.py: OK
consumer/test_consumer.py: OK
counter-equivalence.json: OK
counter-equivalence.log: OK
counter-equivalence.mjs: OK
decoded-identities.sha256: OK
diagnostic-source/emulator-test/run-bench.sh: OK
diagnostic-source/emulator-test/verify-path-bench.sh: OK
diagnostic-source/src/amiga/perf_paths.h.b64: OK
diagnostic-source/src/amiga/perf_probe.h.b64: OK
diagnostic-source/src/core/alloc.c.b64: OK
diagnostic-source/src/core/btree.c.b64: OK
diagnostic-source/tools/fs-compare-bench.c.b64: OK
evidence-shellcheck.log: OK
fetch-bfs-first.log: OK
fetch-pfs3-first.log: OK
fetch.sh: OK
final-identities.log: OK
final-quality.log: OK
fixture-root-replay.log: OK
fixtures/build-debug.log.b64: OK
fixtures/build-debug2.log.b64: OK
fixtures/build-monotonic.log.b64: OK
fixtures/build-normal-check.log.b64: OK
fixtures/build-normal-final.log.b64: OK
fixtures/build-normal-replay.log.b64: OK
fixtures/build-normal.log.b64: OK
fixtures/build-sanitize-replay.log.b64: OK
fixtures/build-search-debug.log.b64: OK
fixtures/fake/devices/timer.h.b64: OK
fixtures/fake/exec/types.h.b64: OK
fixtures/fixtures-before-debug.c.b64: OK
fixtures/fixtures-debug-passing.c.b64: OK
fixtures/fixtures.c.b64: OK
fixtures/probe_stubs.c.b64: OK
fixtures/replay-before-cdpath-fix.sh.b64: OK
fixtures/replay.sh: OK
fixtures/run-debug.log: OK
fixtures/run-debug2.log: OK
fixtures/run-monotonic.log: OK
fixtures/run-normal-before-debug.log: OK
fixtures/run-normal-check.log: OK
fixtures/run-normal-final.log: OK
fixtures/run-normal-replay.log: OK
fixtures/run-normal.log: OK
fixtures/run-sanitize-leak-option-failure.log: OK
fixtures/run-sanitize-replay.log: OK
fixtures/run-search-debug.log: OK
fixtures/shellcheck-after-cdpath-fix.log.b64: OK
fixtures/shellcheck-before-cdpath-fix.log: OK
fixtures/toolchain.txt: OK
global-assets-review.json: OK
global-assets-review.mjs: OK
global-assets.log: OK
host.log.b64: OK
independent-raw-review.md: OK
independent-review.md: OK
linux.log: OK
linux.sh: OK
measurements.log.b64: OK
offline-replay-pre-manifest.log: OK
offline-replay.log: OK
persist-shellcheck-first.log: OK
persist.sh: OK
persistence-final.log: OK
persistence.log.b64: OK
preflight-final.log: OK
preflight.log: OK
preflight.sh: OK
preparation.log: OK
prepare.sh: OK
private-first.patch.b64: OK
private.patch.b64: OK
probe-bfs-first-consumed.json: OK
probe-bfs-first-images.log: OK
probe-bfs-first-run.log: OK
probe-pfs3-first-consumed.json: OK
probe-pfs3-first-images.log: OK
qualified-source/src/amiga/perf_probe.h.b64: OK
qualified-source/src/core/alloc.c.b64: OK
qualified-source/src/core/btree.c.b64: OK
qualified-source/tools/fs-compare-bench.c.b64: OK
quality.log: OK
replay.mjs: OK
retained-probe-controls/single-block-absence-probe-bfs-first/system/Results/bfs.deep-compare.tsv: OK
retained-probe-controls/single-block-absence-probe-bfs-first/system/Results/complete.txt: OK
retained-probe-controls/single-block-absence-probe-bfs-first/system/Results/info-after-format.txt: OK
retained-probe-controls/single-block-absence-probe-bfs-first/system/Results/pfs3.deep-compare.tsv: OK
retained-probe-controls/single-block-absence-probe-pfs3-first/system/Results/bfs.deep-compare.tsv: OK
retained-probe-controls/single-block-absence-probe-pfs3-first/system/Results/complete.txt: OK
retained-probe-controls/single-block-absence-probe-pfs3-first/system/Results/info-after-format.txt: OK
retained-probe-controls/single-block-absence-probe-pfs3-first/system/Results/pfs3.deep-compare.tsv: OK
run-second-remote.sh: OK
run.sh: OK
sanitizer.log.b64: OK
scoped-assets.log: OK
second-control.log: OK
split-coalesce-attribution-probe-bfs-first/bench.fs-uae: OK
split-coalesce-attribution-probe-bfs-first/fs-uae.log.b64: OK
split-coalesce-attribution-probe-bfs-first/system/Results/bfs.deep-compare.tsv: OK
split-coalesce-attribution-probe-bfs-first/system/Results/complete.txt: OK
split-coalesce-attribution-probe-bfs-first/system/Results/format-pfs3.txt.b64: OK
split-coalesce-attribution-probe-bfs-first/system/Results/info-after-format.txt: OK
split-coalesce-attribution-probe-bfs-first/system/Results/info.txt: OK
split-coalesce-attribution-probe-bfs-first/system/Results/pfs3.deep-compare.tsv: OK
split-coalesce-attribution-probe-bfs-first/system/Results/phase-bfs.txt: OK
split-coalesce-attribution-probe-bfs-first/system/Results/phase-pfs3.txt: OK
split-coalesce-attribution-probe-pfs3-first/bench.fs-uae: OK
split-coalesce-attribution-probe-pfs3-first/fs-uae.log.b64: OK
split-coalesce-attribution-probe-pfs3-first/runner-output.log: OK
split-coalesce-attribution-probe-pfs3-first/system/Results/bfs.deep-compare.tsv: OK
split-coalesce-attribution-probe-pfs3-first/system/Results/complete.txt: OK
split-coalesce-attribution-probe-pfs3-first/system/Results/format-pfs3.txt.b64: OK
split-coalesce-attribution-probe-pfs3-first/system/Results/info-after-format.txt: OK
split-coalesce-attribution-probe-pfs3-first/system/Results/info.txt: OK
split-coalesce-attribution-probe-pfs3-first/system/Results/pfs3.deep-compare.tsv: OK
split-coalesce-attribution-probe-pfs3-first/system/Results/phase-bfs.txt: OK
split-coalesce-attribution-probe-pfs3-first/system/Results/phase-pfs3.txt: OK
staged-hooks.log.b64: OK
summary.json: OK
summary.mjs: OK
transport.md: OK
verify-bench-results.sh: OK
