./baseline-bfs-first/bench.fs-uae: OK
./baseline-bfs-first/bfs.tsv: OK
./baseline-bfs-first/complete.txt: OK
./baseline-bfs-first/fs-uae.log: OK
./baseline-bfs-first/info-after-format.txt: OK
./baseline-bfs-first/info.txt: OK
./baseline-bfs-first/pfs3.tsv: OK
./baseline-pfs3-first/bench.fs-uae: OK
./baseline-pfs3-first/bfs.tsv: OK
./baseline-pfs3-first/complete.txt: OK
./baseline-pfs3-first/fs-uae.log: OK
./baseline-pfs3-first/info-after-format.txt: OK
./baseline-pfs3-first/info.txt: OK
./baseline-pfs3-first/pfs3.tsv: OK
./candidate-bfs-first/bench.fs-uae: OK
./candidate-bfs-first/bfs.tsv: OK
./candidate-bfs-first/complete.txt: OK
./candidate-bfs-first/fs-uae.log: OK
./candidate-bfs-first/info-after-format.txt: OK
./candidate-bfs-first/info.txt: OK
./candidate-bfs-first/pfs3.tsv: OK
./candidate-pfs3-first/bench.fs-uae: OK
./candidate-pfs3-first/bfs.tsv: OK
./candidate-pfs3-first/complete.txt: OK
./candidate-pfs3-first/fs-uae.log: OK
./candidate-pfs3-first/info-after-format.txt: OK
./candidate-pfs3-first/info.txt: OK
./candidate-pfs3-first/pfs3.tsv: OK
./candidate.patch: OK
./exploratory-contiguous/bench.fs-uae: OK
./exploratory-contiguous/bfs.deep-compare.tsv: OK
./exploratory-contiguous/complete.txt: OK
./exploratory-contiguous/fs-uae.log: OK
./exploratory-contiguous/info.txt: OK
./exploratory-contiguous/pfs3.deep-compare.tsv: OK
./exploratory-hoist/bench.fs-uae: OK
./exploratory-hoist/bfs.deep-compare.tsv: OK
./exploratory-hoist/complete.txt: OK
./exploratory-hoist/fs-uae.log: OK
./exploratory-hoist/info.txt: OK
./exploratory-hoist/pfs3.deep-compare.tsv: OK
./exploratory-set/bench.fs-uae: OK
./exploratory-set/bfs.deep-compare.tsv: OK
./exploratory-set/complete.txt: OK
./exploratory-set/fs-uae.log: OK
./exploratory-set/info.txt: OK
./exploratory-set/pfs3.deep-compare.tsv: OK
./exploratory-trial2/bench.fs-uae: OK
./exploratory-trial2/bfs.deep-compare.tsv: OK
./exploratory-trial2/complete.txt: OK
./exploratory-trial2/fs-uae.log: OK
./exploratory-trial2/info.txt: OK
./exploratory-trial2/pfs3.deep-compare.tsv: OK
./geometry-after.s: OK
./geometry-before.s: OK
./input-identities.log: OK
./measurement-summary.md: OK
./ms-amiga-set-final.log: OK
./ms-cachy-contiguous-deep.log: OK
./ms-cachy-hoist-deep.log: OK
./ms-cachy-set-deep.log: OK
./ms-cachy-trial2-deep.log: OK
./ms-host-qualified-final.log: OK
./ms-normal-images.log: OK
./ms-normal-runs.log: OK
./ms-quality-qualified-final.log: OK
./ms-restored-amiga.log: OK
./ms-sanitize-qualified-final.log: OK
./repeat-baseline-bfs-first/bench.fs-uae: OK
./repeat-baseline-bfs-first/bfs.tsv: OK
./repeat-baseline-bfs-first/complete.txt: OK
./repeat-baseline-bfs-first/fs-uae.log: OK
./repeat-baseline-bfs-first/info-after-format.txt: OK
./repeat-baseline-bfs-first/info.txt: OK
./repeat-baseline-bfs-first/pfs3.tsv: OK
./repeat-baseline-pfs3-first/bench.fs-uae: OK
./repeat-baseline-pfs3-first/bfs.tsv: OK
./repeat-baseline-pfs3-first/complete.txt: OK
./repeat-baseline-pfs3-first/fs-uae.log: OK
./repeat-baseline-pfs3-first/info-after-format.txt: OK
./repeat-baseline-pfs3-first/info.txt: OK
./repeat-baseline-pfs3-first/pfs3.tsv: OK
./repeat-candidate-bfs-first/bench.fs-uae: OK
./repeat-candidate-bfs-first/bfs.tsv: OK
./repeat-candidate-bfs-first/complete.txt: OK
./repeat-candidate-bfs-first/fs-uae.log: OK
./repeat-candidate-bfs-first/info-after-format.txt: OK
./repeat-candidate-bfs-first/info.txt: OK
./repeat-candidate-bfs-first/pfs3.tsv: OK
./repeat-candidate-pfs3-first/bench.fs-uae: OK
./repeat-candidate-pfs3-first/bfs.tsv: OK
./repeat-candidate-pfs3-first/complete.txt: OK
./repeat-candidate-pfs3-first/fs-uae.log: OK
./repeat-candidate-pfs3-first/info-after-format.txt: OK
./repeat-candidate-pfs3-first/info.txt: OK
./repeat-candidate-pfs3-first/pfs3.tsv: OK
./restoration-identities.log: OK
./review-notes.md: OK
