./cachy-control-bfs-first/bench.fs-uae: OK
./cachy-control-bfs-first/bfs.tsv: OK
./cachy-control-bfs-first/complete.txt: OK
./cachy-control-bfs-first/fs-uae.log: OK
./cachy-control-bfs-first/info.txt: OK
./cachy-control-bfs-first/pfs3.tsv: OK
./cachy-control-pfs3-first/bench.fs-uae: OK
./cachy-control-pfs3-first/bfs.tsv: OK
./cachy-control-pfs3-first/complete.txt: OK
./cachy-control-pfs3-first/fs-uae.log: OK
./cachy-control-pfs3-first/info.txt: OK
./cachy-control-pfs3-first/pfs3.tsv: OK
./cachy-slicing-bfs-first/bench.fs-uae: OK
./cachy-slicing-bfs-first/bfs.tsv: OK
./cachy-slicing-bfs-first/complete.txt: OK
./cachy-slicing-bfs-first/fs-uae.log: OK
./cachy-slicing-bfs-first/info.txt: OK
./cachy-slicing-bfs-first/pfs3.tsv: OK
./cachy-slicing-pfs3-first/bench.fs-uae: OK
./cachy-slicing-pfs3-first/bfs.tsv: OK
./cachy-slicing-pfs3-first/complete.txt: OK
./cachy-slicing-pfs3-first/fs-uae.log: OK
./cachy-slicing-pfs3-first/info.txt: OK
./cachy-slicing-pfs3-first/pfs3.tsv: OK
./crc-only-bfs-first/bench.fs-uae: OK
./crc-only-bfs-first/bfs.tsv: OK
./crc-only-bfs-first/complete.txt: OK
./crc-only-bfs-first/fs-uae.log: OK
./crc-only-bfs-first/info.txt: OK
./crc-only-bfs-first/pfs3.tsv: OK
./crc-only-pfs3-first/bench.fs-uae: OK
./crc-only-pfs3-first/bfs.tsv: OK
./crc-only-pfs3-first/complete.txt: OK
./crc-only-pfs3-first/fs-uae.log: OK
./crc-only-pfs3-first/info.txt: OK
./crc-only-pfs3-first/pfs3.tsv: OK
./crc-only-deep/bench.fs-uae: OK
./crc-only-deep/bfs.deep-compare.tsv: OK
./crc-only-deep/complete.txt: OK
./crc-only-deep/fs-uae.log: OK
./crc-only-deep/info.txt: OK
./crc-only-deep/pfs3.deep-compare.tsv: OK
./final-deep/bench.fs-uae: OK
./final-deep/bfs.deep-compare.tsv: OK
./final-deep/complete.txt: OK
./final-deep/fs-uae.log: OK
./final-deep/info.txt: OK
./final-deep/pfs3.deep-compare.tsv: OK
./final-normal-bfs-first/bench.fs-uae: OK
./final-normal-bfs-first/bfs.tsv: OK
./final-normal-bfs-first/complete.txt: OK
./final-normal-bfs-first/fs-uae.log: OK
./final-normal-bfs-first/info.txt: OK
./final-normal-bfs-first/pfs3.tsv: OK
./final-normal-pfs3-first/bench.fs-uae: OK
./final-normal-pfs3-first/bfs.tsv: OK
./final-normal-pfs3-first/complete.txt: OK
./final-normal-pfs3-first/fs-uae.log: OK
./final-normal-pfs3-first/info.txt: OK
./final-normal-pfs3-first/pfs3.tsv: OK
./retained-bfs-first/bench.fs-uae: OK
./retained-bfs-first/bfs.tsv: OK
./retained-bfs-first/complete.txt: OK
./retained-bfs-first/fs-uae.log: OK
./retained-bfs-first/info.txt: OK
./retained-bfs-first/pfs3.tsv: OK
./retained-deep/bench.fs-uae: OK
./retained-deep/bfs.deep-compare.tsv: OK
./retained-deep/complete.txt: OK
./retained-deep/fs-uae.log: OK
./retained-deep/info.txt: OK
./retained-deep/pfs3.deep-compare.tsv: OK
./retained-pfs3-first/bench.fs-uae: OK
./retained-pfs3-first/bfs.tsv: OK
./retained-pfs3-first/complete.txt: OK
./retained-pfs3-first/fs-uae.log: OK
./retained-pfs3-first/info.txt: OK
./retained-pfs3-first/pfs3.tsv: OK
./cachy-quiet-original-bfs-first/bench.fs-uae: OK
./cachy-quiet-original-bfs-first/bfs.tsv: OK
./cachy-quiet-original-bfs-first/complete.txt: OK
./cachy-quiet-original-bfs-first/fs-uae.log: OK
./cachy-quiet-original-bfs-first/info.txt: OK
./cachy-quiet-original-bfs-first/pfs3.tsv: OK
./cachy-quiet-original-pfs3-first/bench.fs-uae: OK
./cachy-quiet-original-pfs3-first/bfs.tsv: OK
./cachy-quiet-original-pfs3-first/complete.txt: OK
./cachy-quiet-original-pfs3-first/fs-uae.log: OK
./cachy-quiet-original-pfs3-first/info.txt: OK
./cachy-quiet-original-pfs3-first/pfs3.tsv: OK
./cachy-quiet-slicing-bfs-first/bench.fs-uae: OK
./cachy-quiet-slicing-bfs-first/bfs.tsv: OK
./cachy-quiet-slicing-bfs-first/complete.txt: OK
./cachy-quiet-slicing-bfs-first/fs-uae.log: OK
./cachy-quiet-slicing-bfs-first/info.txt: OK
./cachy-quiet-slicing-bfs-first/pfs3.tsv: OK
./cachy-quiet-slicing-pfs3-first/bench.fs-uae: OK
./cachy-quiet-slicing-pfs3-first/bfs.tsv: OK
./cachy-quiet-slicing-pfs3-first/complete.txt: OK
./cachy-quiet-slicing-pfs3-first/fs-uae.log: OK
./cachy-quiet-slicing-pfs3-first/info.txt: OK
./cachy-quiet-slicing-pfs3-first/pfs3.tsv: OK
