./baseline-1/bench.fs-uae: OK
./baseline-1/bfs.tsv: OK
./baseline-1/complete.txt: OK
./baseline-1/fs-uae.log: OK
./baseline-1/info-after-format.txt: OK
./baseline-1/info.txt: OK
./baseline-1/pfs3.tsv: OK
./baseline-2/bench.fs-uae: OK
./baseline-2/bfs.tsv: OK
./baseline-2/complete.txt: OK
./baseline-2/fs-uae.log: OK
./baseline-2/info-after-format.txt: OK
./baseline-2/info.txt: OK
./baseline-2/pfs3.tsv: OK
./candidate-1/bench.fs-uae: OK
./candidate-1/bfs.tsv: OK
./candidate-1/complete.txt: OK
./candidate-1/fs-uae.log: OK
./candidate-1/info-after-format.txt: OK
./candidate-1/info.txt: OK
./candidate-1/pfs3.tsv: OK
./candidate-2/bench.fs-uae: OK
./candidate-2/bfs.tsv: OK
./candidate-2/complete.txt: OK
./candidate-2/fs-uae.log: OK
./candidate-2/info-after-format.txt: OK
./candidate-2/info.txt: OK
./candidate-2/pfs3.tsv: OK
./candidate-deep/bench.fs-uae: OK
./candidate-deep/bfs.deep-compare.tsv: OK
./candidate-deep/complete.txt: OK
./candidate-deep/fs-uae.log: OK
./candidate-deep/info-after-format.txt: OK
./candidate-deep/info.txt: OK
./candidate-deep/pfs3.deep-compare.tsv: OK
./final-1/bench.fs-uae: OK
./final-1/bfs.tsv: OK
./final-1/complete.txt: OK
./final-1/fs-uae.log: OK
./final-1/info-after-format.txt: OK
./final-1/info.txt: OK
./final-1/pfs3.tsv: OK
./final-2/bench.fs-uae: OK
./final-2/bfs.tsv: OK
./final-2/complete.txt: OK
./final-2/fs-uae.log: OK
./final-2/info-after-format.txt: OK
./final-2/info.txt: OK
./final-2/pfs3.tsv: OK
