cachy-runner.log: OK
contended-prototype-deep/bench.fs-uae: OK
contended-prototype-deep/bfs.deep-compare.tsv: OK
contended-prototype-deep/complete.txt: OK
contended-prototype-deep/fs-uae.log: OK
contended-prototype-deep/info-after-format.txt: OK
contended-prototype-deep/info.txt: OK
contended-prototype-deep/pfs3.deep-compare.tsv: OK
crc-cachy-baseline-bfs-first/bench.fs-uae: OK
crc-cachy-baseline-bfs-first/bfs.tsv: OK
crc-cachy-baseline-bfs-first/complete.txt: OK
crc-cachy-baseline-bfs-first/fs-uae.log: OK
crc-cachy-baseline-bfs-first/info-after-format.txt: OK
crc-cachy-baseline-bfs-first/info.txt: OK
crc-cachy-baseline-bfs-first/pfs3.tsv: OK
crc-cachy-baseline-pfs3-first/bench.fs-uae: OK
crc-cachy-baseline-pfs3-first/bfs.tsv: OK
crc-cachy-baseline-pfs3-first/complete.txt: OK
crc-cachy-baseline-pfs3-first/fs-uae.log: OK
crc-cachy-baseline-pfs3-first/info-after-format.txt: OK
crc-cachy-baseline-pfs3-first/info.txt: OK
crc-cachy-baseline-pfs3-first/pfs3.tsv: OK
crc-cachy-candidate-bfs-first/bench.fs-uae: OK
crc-cachy-candidate-bfs-first/bfs.tsv: OK
crc-cachy-candidate-bfs-first/complete.txt: OK
crc-cachy-candidate-bfs-first/fs-uae.log: OK
crc-cachy-candidate-bfs-first/info-after-format.txt: OK
crc-cachy-candidate-bfs-first/info.txt: OK
crc-cachy-candidate-bfs-first/pfs3.tsv: OK
crc-cachy-candidate-pfs3-first/bench.fs-uae: OK
crc-cachy-candidate-pfs3-first/bfs.tsv: OK
crc-cachy-candidate-pfs3-first/complete.txt: OK
crc-cachy-candidate-pfs3-first/fs-uae.log: OK
crc-cachy-candidate-pfs3-first/info-after-format.txt: OK
crc-cachy-candidate-pfs3-first/info.txt: OK
crc-cachy-candidate-pfs3-first/pfs3.tsv: OK
host-check.log: OK
rejected-parallel-runner-timeout.log: OK
sanitize.log: OK
