./.gitattributes: OK
./archive.log: OK
./assembly.log: OK
./assembly.sh: OK
./baseline.c: OK
./baseline.s: OK
./btree-bulk-slots-normal-baseline-bfs-first/bench.fs-uae: OK
./btree-bulk-slots-normal-baseline-bfs-first/fs-uae.log: OK
./btree-bulk-slots-normal-baseline-bfs-first/images.log: OK
./btree-bulk-slots-normal-baseline-bfs-first/run.log: OK
./btree-bulk-slots-normal-baseline-bfs-first/system/Results/bfs.tsv: OK
./btree-bulk-slots-normal-baseline-bfs-first/system/Results/complete.txt: OK
./btree-bulk-slots-normal-baseline-bfs-first/system/Results/format-pfs3.txt: OK
./btree-bulk-slots-normal-baseline-bfs-first/system/Results/info-after-format.txt: OK
./btree-bulk-slots-normal-baseline-bfs-first/system/Results/info.txt: OK
./btree-bulk-slots-normal-baseline-bfs-first/system/Results/pfs3.tsv: OK
./btree-bulk-slots-normal-baseline-bfs-first/system/Results/phase-bfs.txt: OK
./btree-bulk-slots-normal-baseline-bfs-first/system/Results/phase-pfs3.txt: OK
./btree-bulk-slots-normal-baseline-pfs3-first/bench.fs-uae: OK
./btree-bulk-slots-normal-baseline-pfs3-first/fs-uae.log: OK
./btree-bulk-slots-normal-baseline-pfs3-first/images.log: OK
./btree-bulk-slots-normal-baseline-pfs3-first/run.log: OK
./btree-bulk-slots-normal-baseline-pfs3-first/system/Results/bfs.tsv: OK
./btree-bulk-slots-normal-baseline-pfs3-first/system/Results/complete.txt: OK
./btree-bulk-slots-normal-baseline-pfs3-first/system/Results/format-pfs3.txt: OK
./btree-bulk-slots-normal-baseline-pfs3-first/system/Results/info-after-format.txt: OK
./btree-bulk-slots-normal-baseline-pfs3-first/system/Results/info.txt: OK
./btree-bulk-slots-normal-baseline-pfs3-first/system/Results/pfs3.tsv: OK
./btree-bulk-slots-normal-baseline-pfs3-first/system/Results/phase-bfs.txt: OK
./btree-bulk-slots-normal-baseline-pfs3-first/system/Results/phase-pfs3.txt: OK
./btree-bulk-slots-normal-candidate-bfs-first/bench.fs-uae: OK
./btree-bulk-slots-normal-candidate-bfs-first/fs-uae.log: OK
./btree-bulk-slots-normal-candidate-bfs-first/images.log: OK
./btree-bulk-slots-normal-candidate-bfs-first/run.log: OK
./btree-bulk-slots-normal-candidate-bfs-first/system/Results/bfs.tsv: OK
./btree-bulk-slots-normal-candidate-bfs-first/system/Results/complete.txt: OK
./btree-bulk-slots-normal-candidate-bfs-first/system/Results/format-pfs3.txt: OK
./btree-bulk-slots-normal-candidate-bfs-first/system/Results/info-after-format.txt: OK
./btree-bulk-slots-normal-candidate-bfs-first/system/Results/info.txt: OK
./btree-bulk-slots-normal-candidate-bfs-first/system/Results/pfs3.tsv: OK
./btree-bulk-slots-normal-candidate-bfs-first/system/Results/phase-bfs.txt: OK
./btree-bulk-slots-normal-candidate-bfs-first/system/Results/phase-pfs3.txt: OK
./btree-bulk-slots-normal-candidate-pfs3-first/bench.fs-uae: OK
./btree-bulk-slots-normal-candidate-pfs3-first/fs-uae.log: OK
./btree-bulk-slots-normal-candidate-pfs3-first/images.log: OK
./btree-bulk-slots-normal-candidate-pfs3-first/run.log: OK
./btree-bulk-slots-normal-candidate-pfs3-first/system/Results/bfs.tsv: OK
./btree-bulk-slots-normal-candidate-pfs3-first/system/Results/complete.txt: OK
./btree-bulk-slots-normal-candidate-pfs3-first/system/Results/format-pfs3.txt: OK
./btree-bulk-slots-normal-candidate-pfs3-first/system/Results/info-after-format.txt: OK
./btree-bulk-slots-normal-candidate-pfs3-first/system/Results/info.txt: OK
./btree-bulk-slots-normal-candidate-pfs3-first/system/Results/pfs3.tsv: OK
./btree-bulk-slots-normal-candidate-pfs3-first/system/Results/phase-bfs.txt: OK
./btree-bulk-slots-normal-candidate-pfs3-first/system/Results/phase-pfs3.txt: OK
./btree-bulk-slots-normal-repeat-baseline-bfs-first/bench.fs-uae: OK
./btree-bulk-slots-normal-repeat-baseline-bfs-first/fs-uae.log: OK
./btree-bulk-slots-normal-repeat-baseline-bfs-first/images.log: OK
./btree-bulk-slots-normal-repeat-baseline-bfs-first/run.log: OK
./btree-bulk-slots-normal-repeat-baseline-bfs-first/system/Results/bfs.tsv: OK
./btree-bulk-slots-normal-repeat-baseline-bfs-first/system/Results/complete.txt: OK
./btree-bulk-slots-normal-repeat-baseline-bfs-first/system/Results/format-pfs3.txt: OK
./btree-bulk-slots-normal-repeat-baseline-bfs-first/system/Results/info-after-format.txt: OK
./btree-bulk-slots-normal-repeat-baseline-bfs-first/system/Results/info.txt: OK
./btree-bulk-slots-normal-repeat-baseline-bfs-first/system/Results/pfs3.tsv: OK
./btree-bulk-slots-normal-repeat-baseline-bfs-first/system/Results/phase-bfs.txt: OK
./btree-bulk-slots-normal-repeat-baseline-bfs-first/system/Results/phase-pfs3.txt: OK
./btree-bulk-slots-normal-repeat-baseline-pfs3-first/bench.fs-uae: OK
./btree-bulk-slots-normal-repeat-baseline-pfs3-first/fs-uae.log: OK
./btree-bulk-slots-normal-repeat-baseline-pfs3-first/images.log: OK
./btree-bulk-slots-normal-repeat-baseline-pfs3-first/run.log: OK
./btree-bulk-slots-normal-repeat-baseline-pfs3-first/system/Results/bfs.tsv: OK
./btree-bulk-slots-normal-repeat-baseline-pfs3-first/system/Results/complete.txt: OK
./btree-bulk-slots-normal-repeat-baseline-pfs3-first/system/Results/format-pfs3.txt: OK
./btree-bulk-slots-normal-repeat-baseline-pfs3-first/system/Results/info-after-format.txt: OK
./btree-bulk-slots-normal-repeat-baseline-pfs3-first/system/Results/info.txt: OK
./btree-bulk-slots-normal-repeat-baseline-pfs3-first/system/Results/pfs3.tsv: OK
./btree-bulk-slots-normal-repeat-baseline-pfs3-first/system/Results/phase-bfs.txt: OK
./btree-bulk-slots-normal-repeat-baseline-pfs3-first/system/Results/phase-pfs3.txt: OK
./btree-bulk-slots-normal-repeat-candidate-bfs-first/bench.fs-uae: OK
./btree-bulk-slots-normal-repeat-candidate-bfs-first/fs-uae.log: OK
./btree-bulk-slots-normal-repeat-candidate-bfs-first/images.log: OK
./btree-bulk-slots-normal-repeat-candidate-bfs-first/run.log: OK
./btree-bulk-slots-normal-repeat-candidate-bfs-first/system/Results/bfs.tsv: OK
./btree-bulk-slots-normal-repeat-candidate-bfs-first/system/Results/complete.txt: OK
./btree-bulk-slots-normal-repeat-candidate-bfs-first/system/Results/format-pfs3.txt: OK
./btree-bulk-slots-normal-repeat-candidate-bfs-first/system/Results/info-after-format.txt: OK
./btree-bulk-slots-normal-repeat-candidate-bfs-first/system/Results/info.txt: OK
./btree-bulk-slots-normal-repeat-candidate-bfs-first/system/Results/pfs3.tsv: OK
./btree-bulk-slots-normal-repeat-candidate-bfs-first/system/Results/phase-bfs.txt: OK
./btree-bulk-slots-normal-repeat-candidate-bfs-first/system/Results/phase-pfs3.txt: OK
./btree-bulk-slots-normal-repeat-candidate-pfs3-first/bench.fs-uae: OK
./btree-bulk-slots-normal-repeat-candidate-pfs3-first/fs-uae.log: OK
./btree-bulk-slots-normal-repeat-candidate-pfs3-first/images.log: OK
./btree-bulk-slots-normal-repeat-candidate-pfs3-first/run.log: OK
./btree-bulk-slots-normal-repeat-candidate-pfs3-first/system/Results/bfs.tsv: OK
./btree-bulk-slots-normal-repeat-candidate-pfs3-first/system/Results/complete.txt: OK
./btree-bulk-slots-normal-repeat-candidate-pfs3-first/system/Results/format-pfs3.txt: OK
./btree-bulk-slots-normal-repeat-candidate-pfs3-first/system/Results/info-after-format.txt: OK
./btree-bulk-slots-normal-repeat-candidate-pfs3-first/system/Results/info.txt: OK
./btree-bulk-slots-normal-repeat-candidate-pfs3-first/system/Results/pfs3.tsv: OK
./btree-bulk-slots-normal-repeat-candidate-pfs3-first/system/Results/phase-bfs.txt: OK
./btree-bulk-slots-normal-repeat-candidate-pfs3-first/system/Results/phase-pfs3.txt: OK
./btree-bulk-slots-probe-bfs-first/bench.fs-uae: OK
./btree-bulk-slots-probe-bfs-first/fs-uae.log: OK
./btree-bulk-slots-probe-bfs-first/images.log: OK
./btree-bulk-slots-probe-bfs-first/run.log: OK
./btree-bulk-slots-probe-bfs-first/system/Results/bfs.deep-compare.tsv: OK
./btree-bulk-slots-probe-bfs-first/system/Results/complete.txt: OK
./btree-bulk-slots-probe-bfs-first/system/Results/format-pfs3.txt: OK
./btree-bulk-slots-probe-bfs-first/system/Results/info-after-format.txt: OK
./btree-bulk-slots-probe-bfs-first/system/Results/info.txt: OK
./btree-bulk-slots-probe-bfs-first/system/Results/pfs3.deep-compare.tsv: OK
./btree-bulk-slots-probe-bfs-first/system/Results/phase-bfs.txt: OK
./btree-bulk-slots-probe-bfs-first/system/Results/phase-pfs3.txt: OK
./btree-bulk-slots-probe-pfs3-first/bench.fs-uae: OK
./btree-bulk-slots-probe-pfs3-first/fs-uae.log: OK
./btree-bulk-slots-probe-pfs3-first/images.log: OK
./btree-bulk-slots-probe-pfs3-first/run.log: OK
./btree-bulk-slots-probe-pfs3-first/system/Results/bfs.deep-compare.tsv: OK
./btree-bulk-slots-probe-pfs3-first/system/Results/complete.txt: OK
./btree-bulk-slots-probe-pfs3-first/system/Results/format-pfs3.txt: OK
./btree-bulk-slots-probe-pfs3-first/system/Results/info-after-format.txt: OK
./btree-bulk-slots-probe-pfs3-first/system/Results/info.txt: OK
./btree-bulk-slots-probe-pfs3-first/system/Results/pfs3.deep-compare.tsv: OK
./btree-bulk-slots-probe-pfs3-first/system/Results/phase-bfs.txt: OK
./btree-bulk-slots-probe-pfs3-first/system/Results/phase-pfs3.txt: OK
./build-bench-image.sh: OK
./candidate-string.h: OK
./candidate.patch: OK
./candidate.s: OK
./check-no-binaries.sh: OK
./focused-final-identities.log: OK
./focused-final-new-build.log: OK
./focused-final-new.log: OK
./focused-final-old-build.log: OK
./focused-final-old.log: OK
./focused-final-run.log: OK
./focused-final.sh: OK
./focused-identities.log: OK
./focused-old-build.log: OK
./focused-old.log: OK
./focused-run.log: OK
./focused.sh: OK
./formatter-encoding-normalization.log: OK
./global-asset-audit.log: OK
./host-final.log: OK
./host-prebuild.log: OK
./host.log: OK
./identities.log: OK
./libnix-bcopy.s: OK
./libnix-memmove.s: OK
./libnix.log: OK
./libnix.sh: OK
./link.map: OK
./linux-focused-final.log: OK
./linux-fuse.log: OK
./linux.sh: OK
./m68k-build-corrected.log: OK
./m68k-build.log: OK
./m68k-identities.log: OK
./m68k-rebuild.log: OK
./map-build.log: OK
./measurements.log: OK
./metadata-single-extent-archive-images.sh: OK
./normal-summary.json: OK
./normal-summary.mjs: OK
./normalize-formatter.mjs: OK
./persist.sh: OK
./preflight.log: OK
./preflight.sh: OK
./preparation.log: OK
./prepare-btree-bulk-slots-measurements.sh: OK
./probe-summary.json: OK
./probe-summary.mjs: OK
./qualification-notes.md: OK
./quality.log: OK
./raw-copy-check.sh: OK
./raw-copy-verification.log: OK
./restoration.log: OK
./restored-host.log: OK
./restored-m68k.log: OK
./restored-sanitizer.log: OK
./retained-probe-controls/single-block-absence-probe-bfs-first/system/Results/bfs.deep-compare.tsv: OK
./retained-probe-controls/single-block-absence-probe-bfs-first/system/Results/pfs3.deep-compare.tsv: OK
./retained-probe-controls/single-block-absence-probe-pfs3-first/system/Results/bfs.deep-compare.tsv: OK
./retained-probe-controls/single-block-absence-probe-pfs3-first/system/Results/pfs3.deep-compare.tsv: OK
./run-bench.sh: OK
./run-btree-bulk-slots-measurements.sh: OK
./sanitizer-final.log: OK
./sanitizer-prebuild.log: OK
./sanitizer.log: OK
./scoped-asset-audit.log: OK
./source-identities.log: OK
./test_btree_bulk_slots.c: OK
./tests-first.c: OK
./verify-bench-results.sh: OK
