./archive-images.sh: OK
./archive.log: OK
./assembly.log: OK
./assembly.sh: OK
./baseline.c.b64: OK
./baseline.s: OK
./btree-scratch-lifetime-normal-baseline-bfs-first/bench.fs-uae: OK
./btree-scratch-lifetime-normal-baseline-bfs-first/fs-uae.log: OK
./btree-scratch-lifetime-normal-baseline-bfs-first/images.log: OK
./btree-scratch-lifetime-normal-baseline-bfs-first/run.log: OK
./btree-scratch-lifetime-normal-baseline-bfs-first/system/Results/bfs.tsv: OK
./btree-scratch-lifetime-normal-baseline-bfs-first/system/Results/complete.txt: OK
./btree-scratch-lifetime-normal-baseline-bfs-first/system/Results/format-pfs3.txt: OK
./btree-scratch-lifetime-normal-baseline-bfs-first/system/Results/info-after-format.txt: OK
./btree-scratch-lifetime-normal-baseline-bfs-first/system/Results/info.txt: OK
./btree-scratch-lifetime-normal-baseline-bfs-first/system/Results/pfs3.tsv: OK
./btree-scratch-lifetime-normal-baseline-bfs-first/system/Results/phase-bfs.txt: OK
./btree-scratch-lifetime-normal-baseline-bfs-first/system/Results/phase-pfs3.txt: OK
./btree-scratch-lifetime-normal-baseline-pfs3-first/bench.fs-uae: OK
./btree-scratch-lifetime-normal-baseline-pfs3-first/fs-uae.log: OK
./btree-scratch-lifetime-normal-baseline-pfs3-first/images.log: OK
./btree-scratch-lifetime-normal-baseline-pfs3-first/run.log: OK
./btree-scratch-lifetime-normal-baseline-pfs3-first/system/Results/bfs.tsv: OK
./btree-scratch-lifetime-normal-baseline-pfs3-first/system/Results/complete.txt: OK
./btree-scratch-lifetime-normal-baseline-pfs3-first/system/Results/format-pfs3.txt: OK
./btree-scratch-lifetime-normal-baseline-pfs3-first/system/Results/info-after-format.txt: OK
./btree-scratch-lifetime-normal-baseline-pfs3-first/system/Results/info.txt: OK
./btree-scratch-lifetime-normal-baseline-pfs3-first/system/Results/pfs3.tsv: OK
./btree-scratch-lifetime-normal-baseline-pfs3-first/system/Results/phase-bfs.txt: OK
./btree-scratch-lifetime-normal-baseline-pfs3-first/system/Results/phase-pfs3.txt: OK
./btree-scratch-lifetime-normal-candidate-bfs-first/bench.fs-uae: OK
./btree-scratch-lifetime-normal-candidate-bfs-first/fs-uae.log: OK
./btree-scratch-lifetime-normal-candidate-bfs-first/images.log: OK
./btree-scratch-lifetime-normal-candidate-bfs-first/run.log: OK
./btree-scratch-lifetime-normal-candidate-bfs-first/system/Results/bfs.tsv: OK
./btree-scratch-lifetime-normal-candidate-bfs-first/system/Results/complete.txt: OK
./btree-scratch-lifetime-normal-candidate-bfs-first/system/Results/format-pfs3.txt: OK
./btree-scratch-lifetime-normal-candidate-bfs-first/system/Results/info-after-format.txt: OK
./btree-scratch-lifetime-normal-candidate-bfs-first/system/Results/info.txt: OK
./btree-scratch-lifetime-normal-candidate-bfs-first/system/Results/pfs3.tsv: OK
./btree-scratch-lifetime-normal-candidate-bfs-first/system/Results/phase-bfs.txt: OK
./btree-scratch-lifetime-normal-candidate-bfs-first/system/Results/phase-pfs3.txt: OK
./btree-scratch-lifetime-normal-candidate-pfs3-first/bench.fs-uae: OK
./btree-scratch-lifetime-normal-candidate-pfs3-first/fs-uae.log: OK
./btree-scratch-lifetime-normal-candidate-pfs3-first/images.log: OK
./btree-scratch-lifetime-normal-candidate-pfs3-first/run.log: OK
./btree-scratch-lifetime-normal-candidate-pfs3-first/system/Results/bfs.tsv: OK
./btree-scratch-lifetime-normal-candidate-pfs3-first/system/Results/complete.txt: OK
./btree-scratch-lifetime-normal-candidate-pfs3-first/system/Results/format-pfs3.txt: OK
./btree-scratch-lifetime-normal-candidate-pfs3-first/system/Results/info-after-format.txt: OK
./btree-scratch-lifetime-normal-candidate-pfs3-first/system/Results/info.txt: OK
./btree-scratch-lifetime-normal-candidate-pfs3-first/system/Results/pfs3.tsv: OK
./btree-scratch-lifetime-normal-candidate-pfs3-first/system/Results/phase-bfs.txt: OK
./btree-scratch-lifetime-normal-candidate-pfs3-first/system/Results/phase-pfs3.txt: OK
./btree-scratch-lifetime-normal-repeat-baseline-bfs-first/bench.fs-uae: OK
./btree-scratch-lifetime-normal-repeat-baseline-bfs-first/fs-uae.log: OK
./btree-scratch-lifetime-normal-repeat-baseline-bfs-first/images.log: OK
./btree-scratch-lifetime-normal-repeat-baseline-bfs-first/run.log: OK
./btree-scratch-lifetime-normal-repeat-baseline-bfs-first/system/Results/bfs.tsv: OK
./btree-scratch-lifetime-normal-repeat-baseline-bfs-first/system/Results/complete.txt: OK
./btree-scratch-lifetime-normal-repeat-baseline-bfs-first/system/Results/format-pfs3.txt: OK
./btree-scratch-lifetime-normal-repeat-baseline-bfs-first/system/Results/info-after-format.txt: OK
./btree-scratch-lifetime-normal-repeat-baseline-bfs-first/system/Results/info.txt: OK
./btree-scratch-lifetime-normal-repeat-baseline-bfs-first/system/Results/pfs3.tsv: OK
./btree-scratch-lifetime-normal-repeat-baseline-bfs-first/system/Results/phase-bfs.txt: OK
./btree-scratch-lifetime-normal-repeat-baseline-bfs-first/system/Results/phase-pfs3.txt: OK
./btree-scratch-lifetime-normal-repeat-baseline-pfs3-first/bench.fs-uae: OK
./btree-scratch-lifetime-normal-repeat-baseline-pfs3-first/fs-uae.log: OK
./btree-scratch-lifetime-normal-repeat-baseline-pfs3-first/images.log: OK
./btree-scratch-lifetime-normal-repeat-baseline-pfs3-first/run.log: OK
./btree-scratch-lifetime-normal-repeat-baseline-pfs3-first/system/Results/bfs.tsv: OK
./btree-scratch-lifetime-normal-repeat-baseline-pfs3-first/system/Results/complete.txt: OK
./btree-scratch-lifetime-normal-repeat-baseline-pfs3-first/system/Results/format-pfs3.txt: OK
./btree-scratch-lifetime-normal-repeat-baseline-pfs3-first/system/Results/info-after-format.txt: OK
./btree-scratch-lifetime-normal-repeat-baseline-pfs3-first/system/Results/info.txt: OK
./btree-scratch-lifetime-normal-repeat-baseline-pfs3-first/system/Results/pfs3.tsv: OK
./btree-scratch-lifetime-normal-repeat-baseline-pfs3-first/system/Results/phase-bfs.txt: OK
./btree-scratch-lifetime-normal-repeat-baseline-pfs3-first/system/Results/phase-pfs3.txt: OK
./btree-scratch-lifetime-normal-repeat-candidate-bfs-first/bench.fs-uae: OK
./btree-scratch-lifetime-normal-repeat-candidate-bfs-first/fs-uae.log: OK
./btree-scratch-lifetime-normal-repeat-candidate-bfs-first/images.log: OK
./btree-scratch-lifetime-normal-repeat-candidate-bfs-first/run.log: OK
./btree-scratch-lifetime-normal-repeat-candidate-bfs-first/system/Results/bfs.tsv: OK
./btree-scratch-lifetime-normal-repeat-candidate-bfs-first/system/Results/complete.txt: OK
./btree-scratch-lifetime-normal-repeat-candidate-bfs-first/system/Results/format-pfs3.txt: OK
./btree-scratch-lifetime-normal-repeat-candidate-bfs-first/system/Results/info-after-format.txt: OK
./btree-scratch-lifetime-normal-repeat-candidate-bfs-first/system/Results/info.txt: OK
./btree-scratch-lifetime-normal-repeat-candidate-bfs-first/system/Results/pfs3.tsv: OK
./btree-scratch-lifetime-normal-repeat-candidate-bfs-first/system/Results/phase-bfs.txt: OK
./btree-scratch-lifetime-normal-repeat-candidate-bfs-first/system/Results/phase-pfs3.txt: OK
./btree-scratch-lifetime-normal-repeat-candidate-pfs3-first/bench.fs-uae: OK
./btree-scratch-lifetime-normal-repeat-candidate-pfs3-first/fs-uae.log: OK
./btree-scratch-lifetime-normal-repeat-candidate-pfs3-first/images.log: OK
./btree-scratch-lifetime-normal-repeat-candidate-pfs3-first/run.log: OK
./btree-scratch-lifetime-normal-repeat-candidate-pfs3-first/system/Results/bfs.tsv: OK
./btree-scratch-lifetime-normal-repeat-candidate-pfs3-first/system/Results/complete.txt: OK
./btree-scratch-lifetime-normal-repeat-candidate-pfs3-first/system/Results/format-pfs3.txt: OK
./btree-scratch-lifetime-normal-repeat-candidate-pfs3-first/system/Results/info-after-format.txt: OK
./btree-scratch-lifetime-normal-repeat-candidate-pfs3-first/system/Results/info.txt: OK
./btree-scratch-lifetime-normal-repeat-candidate-pfs3-first/system/Results/pfs3.tsv: OK
./btree-scratch-lifetime-normal-repeat-candidate-pfs3-first/system/Results/phase-bfs.txt: OK
./btree-scratch-lifetime-normal-repeat-candidate-pfs3-first/system/Results/phase-pfs3.txt: OK
./btree-scratch-lifetime-probe-bfs-first/bench.fs-uae: OK
./btree-scratch-lifetime-probe-bfs-first/fs-uae.log: OK
./btree-scratch-lifetime-probe-bfs-first/images.log: OK
./btree-scratch-lifetime-probe-bfs-first/run.log: OK
./btree-scratch-lifetime-probe-bfs-first/system/Results/bfs.deep-compare.tsv: OK
./btree-scratch-lifetime-probe-bfs-first/system/Results/complete.txt: OK
./btree-scratch-lifetime-probe-bfs-first/system/Results/format-pfs3.txt: OK
./btree-scratch-lifetime-probe-bfs-first/system/Results/info-after-format.txt: OK
./btree-scratch-lifetime-probe-bfs-first/system/Results/info.txt: OK
./btree-scratch-lifetime-probe-bfs-first/system/Results/pfs3.deep-compare.tsv: OK
./btree-scratch-lifetime-probe-bfs-first/system/Results/phase-bfs.txt: OK
./btree-scratch-lifetime-probe-bfs-first/system/Results/phase-pfs3.txt: OK
./btree-scratch-lifetime-probe-pfs3-first/bench.fs-uae: OK
./btree-scratch-lifetime-probe-pfs3-first/fs-uae.log: OK
./btree-scratch-lifetime-probe-pfs3-first/images.log: OK
./btree-scratch-lifetime-probe-pfs3-first/run.log: OK
./btree-scratch-lifetime-probe-pfs3-first/system/Results/bfs.deep-compare.tsv: OK
./btree-scratch-lifetime-probe-pfs3-first/system/Results/complete.txt: OK
./btree-scratch-lifetime-probe-pfs3-first/system/Results/format-pfs3.txt: OK
./btree-scratch-lifetime-probe-pfs3-first/system/Results/info-after-format.txt: OK
./btree-scratch-lifetime-probe-pfs3-first/system/Results/info.txt: OK
./btree-scratch-lifetime-probe-pfs3-first/system/Results/pfs3.deep-compare.tsv: OK
./btree-scratch-lifetime-probe-pfs3-first/system/Results/phase-bfs.txt: OK
./btree-scratch-lifetime-probe-pfs3-first/system/Results/phase-pfs3.txt: OK
./build-bench-image.sh: OK
./candidate.c.b64: OK
./candidate.patch.b64: OK
./candidate.s: OK
./check-no-binaries.sh: OK
./counter-equivalence.log: OK
./counter-equivalence.mjs: OK
./evidence-manifest.mjs: OK
./focused-baseline-build.log: OK
./focused-baseline-replay.log: OK
./focused-baseline.log: OK
./focused-baseline.sh: OK
./formatter-normalization.log: OK
./frozen-source-first.log: OK
./frozen-source.log: OK
./global-asset-audit.log: OK
./handler-build.log: OK
./handler-identities.log: OK
./handler-rebuild.log: OK
./host-existing.log: OK
./host.log: OK
./independent-normal.md: OK
./initializer-build.log: OK
./initializer-negative-build.log: OK
./initializer-negative.log: OK
./initializer-positive.log: OK
./initializer-probe.c: OK
./linux-fuse.log: OK
./linux-identities.log: OK
./linux.sh: OK
./msan-preflight.log: OK
./msan.log: OK
./msan.sh: OK
./negative-core.c.b64: OK
./normal-measurements.log: OK
./normal-preflight.log: OK
./normal-preparation.log: OK
./normal-summary.json: OK
./normal-summary.mjs: OK
./normalize-formatter.mjs: OK
./notes.md: OK
./pack-sources.mjs: OK
./persist.sh: OK
./preflight.sh: OK
./prepare-btree-scratch-lifetime-measurements.sh: OK
./probe-summary.json: OK
./probe-summary.mjs: OK
./quality-final.log: OK
./quality.log: OK
./raw-identity.sh: OK
./raw-record-identities.log: OK
./replay-final.log: OK
./replay.log: OK
./replay.sh: OK
./restoration.log: OK
./restored-build-first.log: OK
./restored-build.log: OK
./retained-probe-controls/single-block-absence-probe-bfs-first/system/Results/bfs.deep-compare.tsv: OK
./retained-probe-controls/single-block-absence-probe-bfs-first/system/Results/complete.txt: OK
./retained-probe-controls/single-block-absence-probe-bfs-first/system/Results/info-after-format.txt: OK
./retained-probe-controls/single-block-absence-probe-bfs-first/system/Results/pfs3.deep-compare.tsv: OK
./retained-probe-controls/single-block-absence-probe-pfs3-first/system/Results/bfs.deep-compare.tsv: OK
./retained-probe-controls/single-block-absence-probe-pfs3-first/system/Results/complete.txt: OK
./retained-probe-controls/single-block-absence-probe-pfs3-first/system/Results/info-after-format.txt: OK
./retained-probe-controls/single-block-absence-probe-pfs3-first/system/Results/pfs3.deep-compare.tsv: OK
./run-bench.sh: OK
./run-btree-scratch-lifetime-measurements.sh: OK
./sanitizer-existing.log: OK
./sanitizer.log: OK
./scoped-asset-audit.log: OK
./scoped-asset-first.log: OK
./source-identities.json: OK
./source-identities.mjs: OK
./source-packaging.log: OK
./test_btree_scratch_lifetime.c: OK
./verify-bench-results.sh: OK
./whitespace-first.log: OK
