./alloc-root-shift-amiga-build.log: OK
./alloc-root-shift-analyze.log: OK
./alloc-root-shift-check.log: OK
./alloc-root-shift-focused-sanitize.log: OK
./alloc-root-shift-focused.log: OK
./alloc-root-shift-handler-identities.log: OK
./alloc-root-shift-input-identities.log: OK
./alloc-root-shift-regressions.log: OK
./alloc-root-shift-repeat-verifiers.log: OK
./alloc-root-shift-sanitize.log: OK
./alloc-root-shift-verifiers.log: OK
./first-baseline-bfs-first/bench.fs-uae: OK
./first-baseline-bfs-first/bfs.tsv: OK
./first-baseline-bfs-first/complete.txt: OK
./first-baseline-bfs-first/fs-uae.log: OK
./first-baseline-bfs-first/info-after-format.txt: OK
./first-baseline-bfs-first/info.txt: OK
./first-baseline-bfs-first/pfs3.tsv: OK
./first-baseline-pfs3-first/bench.fs-uae: OK
./first-baseline-pfs3-first/bfs.tsv: OK
./first-baseline-pfs3-first/complete.txt: OK
./first-baseline-pfs3-first/fs-uae.log: OK
./first-baseline-pfs3-first/info-after-format.txt: OK
./first-baseline-pfs3-first/info.txt: OK
./first-baseline-pfs3-first/pfs3.tsv: OK
./first-candidate-bfs-first/bench.fs-uae: OK
./first-candidate-bfs-first/bfs.tsv: OK
./first-candidate-bfs-first/complete.txt: OK
./first-candidate-bfs-first/fs-uae.log: OK
./first-candidate-bfs-first/info-after-format.txt: OK
./first-candidate-bfs-first/info.txt: OK
./first-candidate-bfs-first/pfs3.tsv: OK
./first-candidate-pfs3-first/bench.fs-uae: OK
./first-candidate-pfs3-first/bfs.tsv: OK
./first-candidate-pfs3-first/complete.txt: OK
./first-candidate-pfs3-first/fs-uae.log: OK
./first-candidate-pfs3-first/info-after-format.txt: OK
./first-candidate-pfs3-first/info.txt: OK
./first-candidate-pfs3-first/pfs3.tsv: OK
./first-deep/bench.fs-uae: OK
./first-deep/bfs.deep-compare.tsv: OK
./first-deep/complete.txt: OK
./first-deep/fs-uae.log: OK
./first-deep/info-after-format.txt: OK
./first-deep/info.txt: OK
./first-deep/pfs3.deep-compare.tsv: OK
./first-repeat-baseline-bfs-first/bench.fs-uae: OK
./first-repeat-baseline-bfs-first/bfs.tsv: OK
./first-repeat-baseline-bfs-first/complete.txt: OK
./first-repeat-baseline-bfs-first/fs-uae.log: OK
./first-repeat-baseline-bfs-first/info-after-format.txt: OK
./first-repeat-baseline-bfs-first/info.txt: OK
./first-repeat-baseline-bfs-first/pfs3.tsv: OK
./first-repeat-baseline-pfs3-first/bench.fs-uae: OK
./first-repeat-baseline-pfs3-first/bfs.tsv: OK
./first-repeat-baseline-pfs3-first/complete.txt: OK
./first-repeat-baseline-pfs3-first/fs-uae.log: OK
./first-repeat-baseline-pfs3-first/info-after-format.txt: OK
./first-repeat-baseline-pfs3-first/info.txt: OK
./first-repeat-baseline-pfs3-first/pfs3.tsv: OK
./first-repeat-candidate-bfs-first/bench.fs-uae: OK
./first-repeat-candidate-bfs-first/bfs.tsv: OK
./first-repeat-candidate-bfs-first/complete.txt: OK
./first-repeat-candidate-bfs-first/fs-uae.log: OK
./first-repeat-candidate-bfs-first/info-after-format.txt: OK
./first-repeat-candidate-bfs-first/info.txt: OK
./first-repeat-candidate-bfs-first/pfs3.tsv: OK
./first-repeat-candidate-pfs3-first/bench.fs-uae: OK
./first-repeat-candidate-pfs3-first/bfs.tsv: OK
./first-repeat-candidate-pfs3-first/complete.txt: OK
./first-repeat-candidate-pfs3-first/fs-uae.log: OK
./first-repeat-candidate-pfs3-first/info-after-format.txt: OK
./first-repeat-candidate-pfs3-first/info.txt: OK
./first-repeat-candidate-pfs3-first/pfs3.tsv: OK
./measurement-summary.md: OK
./repeat-baseline-bfs-first/bench.fs-uae: OK
./repeat-baseline-bfs-first/bfs.tsv: OK
./repeat-baseline-bfs-first/complete.txt: OK
./repeat-baseline-bfs-first/fs-uae.log: OK
./repeat-baseline-bfs-first/info-after-format.txt: OK
./repeat-baseline-bfs-first/info.txt: OK
./repeat-baseline-bfs-first/pfs3.tsv: OK
./repeat-baseline-deep/bench.fs-uae: OK
./repeat-baseline-deep/bfs.deep-compare.tsv: OK
./repeat-baseline-deep/complete.txt: OK
./repeat-baseline-deep/fs-uae.log: OK
./repeat-baseline-deep/info-after-format.txt: OK
./repeat-baseline-deep/info.txt: OK
./repeat-baseline-deep/pfs3.deep-compare.tsv: OK
./repeat-baseline-pfs3-first/bench.fs-uae: OK
./repeat-baseline-pfs3-first/bfs.tsv: OK
./repeat-baseline-pfs3-first/complete.txt: OK
./repeat-baseline-pfs3-first/fs-uae.log: OK
./repeat-baseline-pfs3-first/info-after-format.txt: OK
./repeat-baseline-pfs3-first/info.txt: OK
./repeat-baseline-pfs3-first/pfs3.tsv: OK
./repeat-candidate-bfs-first/bench.fs-uae: OK
./repeat-candidate-bfs-first/bfs.tsv: OK
./repeat-candidate-bfs-first/complete.txt: OK
./repeat-candidate-bfs-first/fs-uae.log: OK
./repeat-candidate-bfs-first/info-after-format.txt: OK
./repeat-candidate-bfs-first/info.txt: OK
./repeat-candidate-bfs-first/pfs3.tsv: OK
./repeat-candidate-deep-pfs3-first/bench.fs-uae: OK
./repeat-candidate-deep-pfs3-first/bfs.deep-compare.tsv: OK
./repeat-candidate-deep-pfs3-first/complete.txt: OK
./repeat-candidate-deep-pfs3-first/fs-uae.log: OK
./repeat-candidate-deep-pfs3-first/info-after-format.txt: OK
./repeat-candidate-deep-pfs3-first/info.txt: OK
./repeat-candidate-deep-pfs3-first/pfs3.deep-compare.tsv: OK
./repeat-candidate-pfs3-first/bench.fs-uae: OK
./repeat-candidate-pfs3-first/bfs.tsv: OK
./repeat-candidate-pfs3-first/complete.txt: OK
./repeat-candidate-pfs3-first/fs-uae.log: OK
./repeat-candidate-pfs3-first/info-after-format.txt: OK
./repeat-candidate-pfs3-first/info.txt: OK
./repeat-candidate-pfs3-first/pfs3.tsv: OK
./repeat-repeat-baseline-bfs-first/bench.fs-uae: OK
./repeat-repeat-baseline-bfs-first/bfs.tsv: OK
./repeat-repeat-baseline-bfs-first/complete.txt: OK
./repeat-repeat-baseline-bfs-first/fs-uae.log: OK
./repeat-repeat-baseline-bfs-first/info-after-format.txt: OK
./repeat-repeat-baseline-bfs-first/info.txt: OK
./repeat-repeat-baseline-bfs-first/pfs3.tsv: OK
./repeat-repeat-baseline-pfs3-first/bench.fs-uae: OK
./repeat-repeat-baseline-pfs3-first/bfs.tsv: OK
./repeat-repeat-baseline-pfs3-first/complete.txt: OK
./repeat-repeat-baseline-pfs3-first/fs-uae.log: OK
./repeat-repeat-baseline-pfs3-first/info-after-format.txt: OK
./repeat-repeat-baseline-pfs3-first/info.txt: OK
./repeat-repeat-baseline-pfs3-first/pfs3.tsv: OK
./repeat-repeat-candidate-bfs-first/bench.fs-uae: OK
./repeat-repeat-candidate-bfs-first/bfs.tsv: OK
./repeat-repeat-candidate-bfs-first/complete.txt: OK
./repeat-repeat-candidate-bfs-first/fs-uae.log: OK
./repeat-repeat-candidate-bfs-first/info-after-format.txt: OK
./repeat-repeat-candidate-bfs-first/info.txt: OK
./repeat-repeat-candidate-bfs-first/pfs3.tsv: OK
./repeat-repeat-candidate-pfs3-first/bench.fs-uae: OK
./repeat-repeat-candidate-pfs3-first/bfs.tsv: OK
./repeat-repeat-candidate-pfs3-first/complete.txt: OK
./repeat-repeat-candidate-pfs3-first/fs-uae.log: OK
./repeat-repeat-candidate-pfs3-first/info-after-format.txt: OK
./repeat-repeat-candidate-pfs3-first/info.txt: OK
./repeat-repeat-candidate-pfs3-first/pfs3.tsv: OK
