docs/qualification/evidence/bfs-inode-stamp-2026-10-01/archive-after-buffer-images.sh: OK
docs/qualification/evidence/bfs-inode-stamp-2026-10-01/archive-cache-hint-images.sh: OK
docs/qualification/evidence/bfs-inode-stamp-2026-10-01/archive-inode-stamp-images.sh: OK
docs/qualification/evidence/bfs-inode-stamp-2026-10-01/inode-stamp-after-buffer-image-archive-v2.log: OK
docs/qualification/evidence/bfs-inode-stamp-2026-10-01/inode-stamp-after-buffer-image-archive.log: OK
docs/qualification/evidence/bfs-inode-stamp-2026-10-01/inode-stamp-amiga-rebuilt.log: OK
docs/qualification/evidence/bfs-inode-stamp-2026-10-01/inode-stamp-amiga.log: OK
docs/qualification/evidence/bfs-inode-stamp-2026-10-01/inode-stamp-cache-hint-image-archive.log: OK
docs/qualification/evidence/bfs-inode-stamp-2026-10-01/inode-stamp-candidate.patch: OK
docs/qualification/evidence/bfs-inode-stamp-2026-10-01/inode-stamp-capacity-diagnostic.log: OK
docs/qualification/evidence/bfs-inode-stamp-2026-10-01/inode-stamp-comparison.log: OK
docs/qualification/evidence/bfs-inode-stamp-2026-10-01/inode-stamp-completed-image-archive.log: OK
docs/qualification/evidence/bfs-inode-stamp-2026-10-01/inode-stamp-existing-focused-build.log: OK
docs/qualification/evidence/bfs-inode-stamp-2026-10-01/inode-stamp-existing-focused.log: OK
docs/qualification/evidence/bfs-inode-stamp-2026-10-01/inode-stamp-fault-focused-build.log: OK
docs/qualification/evidence/bfs-inode-stamp-2026-10-01/inode-stamp-fault-focused.log: OK
docs/qualification/evidence/bfs-inode-stamp-2026-10-01/inode-stamp-final-fault-focused.log: OK
docs/qualification/evidence/bfs-inode-stamp-2026-10-01/inode-stamp-final-focused-build.log: OK
docs/qualification/evidence/bfs-inode-stamp-2026-10-01/inode-stamp-final-functional-focused.log: OK
docs/qualification/evidence/bfs-inode-stamp-2026-10-01/inode-stamp-final-image-resume.log: OK
docs/qualification/evidence/bfs-inode-stamp-2026-10-01/inode-stamp-functional-focused-build.log: OK
docs/qualification/evidence/bfs-inode-stamp-2026-10-01/inode-stamp-functional-focused.log: OK
docs/qualification/evidence/bfs-inode-stamp-2026-10-01/inode-stamp-functional-v2-focused-build.log: OK
docs/qualification/evidence/bfs-inode-stamp-2026-10-01/inode-stamp-functional-v2-focused.log: OK
docs/qualification/evidence/bfs-inode-stamp-2026-10-01/inode-stamp-host-test.log: OK
docs/qualification/evidence/bfs-inode-stamp-2026-10-01/inode-stamp-image-preparation.log: OK
docs/qualification/evidence/bfs-inode-stamp-2026-10-01/inode-stamp-input-identities.log: OK
docs/qualification/evidence/bfs-inode-stamp-2026-10-01/inode-stamp-linux-fuse.log: OK
docs/qualification/evidence/bfs-inode-stamp-2026-10-01/inode-stamp-normal-baseline-bfs-first/bench.fs-uae: OK
docs/qualification/evidence/bfs-inode-stamp-2026-10-01/inode-stamp-normal-baseline-bfs-first/fs-uae.log: OK
docs/qualification/evidence/bfs-inode-stamp-2026-10-01/inode-stamp-normal-baseline-bfs-first/inode-stamp-normal-baseline-bfs-first-images.log: OK
docs/qualification/evidence/bfs-inode-stamp-2026-10-01/inode-stamp-normal-baseline-bfs-first/inode-stamp-normal-baseline-bfs-first-run.log: OK
docs/qualification/evidence/bfs-inode-stamp-2026-10-01/inode-stamp-normal-baseline-bfs-first/system/Results/bfs.tsv: OK
docs/qualification/evidence/bfs-inode-stamp-2026-10-01/inode-stamp-normal-baseline-bfs-first/system/Results/complete.txt: OK
docs/qualification/evidence/bfs-inode-stamp-2026-10-01/inode-stamp-normal-baseline-bfs-first/system/Results/format-pfs3.txt: OK
docs/qualification/evidence/bfs-inode-stamp-2026-10-01/inode-stamp-normal-baseline-bfs-first/system/Results/format-pfs3.txt.b64: OK
docs/qualification/evidence/bfs-inode-stamp-2026-10-01/inode-stamp-normal-baseline-bfs-first/system/Results/info-after-format.txt: OK
docs/qualification/evidence/bfs-inode-stamp-2026-10-01/inode-stamp-normal-baseline-bfs-first/system/Results/info.txt: OK
docs/qualification/evidence/bfs-inode-stamp-2026-10-01/inode-stamp-normal-baseline-bfs-first/system/Results/pfs3.tsv: OK
docs/qualification/evidence/bfs-inode-stamp-2026-10-01/inode-stamp-normal-baseline-bfs-first/system/Results/phase-bfs.txt: OK
docs/qualification/evidence/bfs-inode-stamp-2026-10-01/inode-stamp-normal-baseline-bfs-first/system/Results/phase-pfs3.txt: OK
docs/qualification/evidence/bfs-inode-stamp-2026-10-01/inode-stamp-normal-baseline-pfs3-first/bench.fs-uae: OK
docs/qualification/evidence/bfs-inode-stamp-2026-10-01/inode-stamp-normal-baseline-pfs3-first/fs-uae.log: OK
docs/qualification/evidence/bfs-inode-stamp-2026-10-01/inode-stamp-normal-baseline-pfs3-first/inode-stamp-normal-baseline-pfs3-first-images.log: OK
docs/qualification/evidence/bfs-inode-stamp-2026-10-01/inode-stamp-normal-baseline-pfs3-first/inode-stamp-normal-baseline-pfs3-first-run.log: OK
docs/qualification/evidence/bfs-inode-stamp-2026-10-01/inode-stamp-normal-baseline-pfs3-first/system/Results/bfs.tsv: OK
docs/qualification/evidence/bfs-inode-stamp-2026-10-01/inode-stamp-normal-baseline-pfs3-first/system/Results/complete.txt: OK
docs/qualification/evidence/bfs-inode-stamp-2026-10-01/inode-stamp-normal-baseline-pfs3-first/system/Results/format-pfs3.txt: OK
docs/qualification/evidence/bfs-inode-stamp-2026-10-01/inode-stamp-normal-baseline-pfs3-first/system/Results/format-pfs3.txt.b64: OK
docs/qualification/evidence/bfs-inode-stamp-2026-10-01/inode-stamp-normal-baseline-pfs3-first/system/Results/info-after-format.txt: OK
docs/qualification/evidence/bfs-inode-stamp-2026-10-01/inode-stamp-normal-baseline-pfs3-first/system/Results/info.txt: OK
docs/qualification/evidence/bfs-inode-stamp-2026-10-01/inode-stamp-normal-baseline-pfs3-first/system/Results/pfs3.tsv: OK
docs/qualification/evidence/bfs-inode-stamp-2026-10-01/inode-stamp-normal-baseline-pfs3-first/system/Results/phase-bfs.txt: OK
docs/qualification/evidence/bfs-inode-stamp-2026-10-01/inode-stamp-normal-baseline-pfs3-first/system/Results/phase-pfs3.txt: OK
docs/qualification/evidence/bfs-inode-stamp-2026-10-01/inode-stamp-normal-candidate-bfs-first/bench.fs-uae: OK
docs/qualification/evidence/bfs-inode-stamp-2026-10-01/inode-stamp-normal-candidate-bfs-first/fs-uae.log: OK
docs/qualification/evidence/bfs-inode-stamp-2026-10-01/inode-stamp-normal-candidate-bfs-first/inode-stamp-normal-candidate-bfs-first-images.log: OK
docs/qualification/evidence/bfs-inode-stamp-2026-10-01/inode-stamp-normal-candidate-bfs-first/inode-stamp-normal-candidate-bfs-first-run.log: OK
docs/qualification/evidence/bfs-inode-stamp-2026-10-01/inode-stamp-normal-candidate-bfs-first/system/Results/bfs.tsv: OK
docs/qualification/evidence/bfs-inode-stamp-2026-10-01/inode-stamp-normal-candidate-bfs-first/system/Results/complete.txt: OK
docs/qualification/evidence/bfs-inode-stamp-2026-10-01/inode-stamp-normal-candidate-bfs-first/system/Results/format-pfs3.txt: OK
docs/qualification/evidence/bfs-inode-stamp-2026-10-01/inode-stamp-normal-candidate-bfs-first/system/Results/format-pfs3.txt.b64: OK
docs/qualification/evidence/bfs-inode-stamp-2026-10-01/inode-stamp-normal-candidate-bfs-first/system/Results/info-after-format.txt: OK
docs/qualification/evidence/bfs-inode-stamp-2026-10-01/inode-stamp-normal-candidate-bfs-first/system/Results/info.txt: OK
docs/qualification/evidence/bfs-inode-stamp-2026-10-01/inode-stamp-normal-candidate-bfs-first/system/Results/pfs3.tsv: OK
docs/qualification/evidence/bfs-inode-stamp-2026-10-01/inode-stamp-normal-candidate-bfs-first/system/Results/phase-bfs.txt: OK
docs/qualification/evidence/bfs-inode-stamp-2026-10-01/inode-stamp-normal-candidate-bfs-first/system/Results/phase-pfs3.txt: OK
docs/qualification/evidence/bfs-inode-stamp-2026-10-01/inode-stamp-normal-candidate-pfs3-first/bench.fs-uae: OK
docs/qualification/evidence/bfs-inode-stamp-2026-10-01/inode-stamp-normal-candidate-pfs3-first/fs-uae.log: OK
docs/qualification/evidence/bfs-inode-stamp-2026-10-01/inode-stamp-normal-candidate-pfs3-first/inode-stamp-normal-candidate-pfs3-first-images.log: OK
docs/qualification/evidence/bfs-inode-stamp-2026-10-01/inode-stamp-normal-candidate-pfs3-first/inode-stamp-normal-candidate-pfs3-first-run.log: OK
docs/qualification/evidence/bfs-inode-stamp-2026-10-01/inode-stamp-normal-candidate-pfs3-first/system/Results/bfs.tsv: OK
docs/qualification/evidence/bfs-inode-stamp-2026-10-01/inode-stamp-normal-candidate-pfs3-first/system/Results/complete.txt: OK
docs/qualification/evidence/bfs-inode-stamp-2026-10-01/inode-stamp-normal-candidate-pfs3-first/system/Results/format-pfs3.txt: OK
docs/qualification/evidence/bfs-inode-stamp-2026-10-01/inode-stamp-normal-candidate-pfs3-first/system/Results/format-pfs3.txt.b64: OK
docs/qualification/evidence/bfs-inode-stamp-2026-10-01/inode-stamp-normal-candidate-pfs3-first/system/Results/info-after-format.txt: OK
docs/qualification/evidence/bfs-inode-stamp-2026-10-01/inode-stamp-normal-candidate-pfs3-first/system/Results/info.txt: OK
docs/qualification/evidence/bfs-inode-stamp-2026-10-01/inode-stamp-normal-candidate-pfs3-first/system/Results/pfs3.tsv: OK
docs/qualification/evidence/bfs-inode-stamp-2026-10-01/inode-stamp-normal-candidate-pfs3-first/system/Results/phase-bfs.txt: OK
docs/qualification/evidence/bfs-inode-stamp-2026-10-01/inode-stamp-normal-candidate-pfs3-first/system/Results/phase-pfs3.txt: OK
docs/qualification/evidence/bfs-inode-stamp-2026-10-01/inode-stamp-normal-repeat-baseline-bfs-first/bench.fs-uae: OK
docs/qualification/evidence/bfs-inode-stamp-2026-10-01/inode-stamp-normal-repeat-baseline-bfs-first/fs-uae.log: OK
docs/qualification/evidence/bfs-inode-stamp-2026-10-01/inode-stamp-normal-repeat-baseline-bfs-first/inode-stamp-normal-repeat-baseline-bfs-first-images.log: OK
docs/qualification/evidence/bfs-inode-stamp-2026-10-01/inode-stamp-normal-repeat-baseline-bfs-first/inode-stamp-normal-repeat-baseline-bfs-first-run.log: OK
docs/qualification/evidence/bfs-inode-stamp-2026-10-01/inode-stamp-normal-repeat-baseline-bfs-first/system/Results/bfs.tsv: OK
docs/qualification/evidence/bfs-inode-stamp-2026-10-01/inode-stamp-normal-repeat-baseline-bfs-first/system/Results/complete.txt: OK
docs/qualification/evidence/bfs-inode-stamp-2026-10-01/inode-stamp-normal-repeat-baseline-bfs-first/system/Results/format-pfs3.txt: OK
docs/qualification/evidence/bfs-inode-stamp-2026-10-01/inode-stamp-normal-repeat-baseline-bfs-first/system/Results/format-pfs3.txt.b64: OK
docs/qualification/evidence/bfs-inode-stamp-2026-10-01/inode-stamp-normal-repeat-baseline-bfs-first/system/Results/info-after-format.txt: OK
docs/qualification/evidence/bfs-inode-stamp-2026-10-01/inode-stamp-normal-repeat-baseline-bfs-first/system/Results/info.txt: OK
docs/qualification/evidence/bfs-inode-stamp-2026-10-01/inode-stamp-normal-repeat-baseline-bfs-first/system/Results/pfs3.tsv: OK
docs/qualification/evidence/bfs-inode-stamp-2026-10-01/inode-stamp-normal-repeat-baseline-bfs-first/system/Results/phase-bfs.txt: OK
docs/qualification/evidence/bfs-inode-stamp-2026-10-01/inode-stamp-normal-repeat-baseline-bfs-first/system/Results/phase-pfs3.txt: OK
docs/qualification/evidence/bfs-inode-stamp-2026-10-01/inode-stamp-normal-repeat-baseline-pfs3-first/bench.fs-uae: OK
docs/qualification/evidence/bfs-inode-stamp-2026-10-01/inode-stamp-normal-repeat-baseline-pfs3-first/fs-uae.log: OK
docs/qualification/evidence/bfs-inode-stamp-2026-10-01/inode-stamp-normal-repeat-baseline-pfs3-first/inode-stamp-normal-repeat-baseline-pfs3-first-images.log: OK
docs/qualification/evidence/bfs-inode-stamp-2026-10-01/inode-stamp-normal-repeat-baseline-pfs3-first/inode-stamp-normal-repeat-baseline-pfs3-first-run.log: OK
docs/qualification/evidence/bfs-inode-stamp-2026-10-01/inode-stamp-normal-repeat-baseline-pfs3-first/system/Results/bfs.tsv: OK
docs/qualification/evidence/bfs-inode-stamp-2026-10-01/inode-stamp-normal-repeat-baseline-pfs3-first/system/Results/complete.txt: OK
docs/qualification/evidence/bfs-inode-stamp-2026-10-01/inode-stamp-normal-repeat-baseline-pfs3-first/system/Results/format-pfs3.txt: OK
docs/qualification/evidence/bfs-inode-stamp-2026-10-01/inode-stamp-normal-repeat-baseline-pfs3-first/system/Results/format-pfs3.txt.b64: OK
docs/qualification/evidence/bfs-inode-stamp-2026-10-01/inode-stamp-normal-repeat-baseline-pfs3-first/system/Results/info-after-format.txt: OK
docs/qualification/evidence/bfs-inode-stamp-2026-10-01/inode-stamp-normal-repeat-baseline-pfs3-first/system/Results/info.txt: OK
docs/qualification/evidence/bfs-inode-stamp-2026-10-01/inode-stamp-normal-repeat-baseline-pfs3-first/system/Results/pfs3.tsv: OK
docs/qualification/evidence/bfs-inode-stamp-2026-10-01/inode-stamp-normal-repeat-baseline-pfs3-first/system/Results/phase-bfs.txt: OK
docs/qualification/evidence/bfs-inode-stamp-2026-10-01/inode-stamp-normal-repeat-baseline-pfs3-first/system/Results/phase-pfs3.txt: OK
docs/qualification/evidence/bfs-inode-stamp-2026-10-01/inode-stamp-normal-repeat-candidate-bfs-first/bench.fs-uae: OK
docs/qualification/evidence/bfs-inode-stamp-2026-10-01/inode-stamp-normal-repeat-candidate-bfs-first/fs-uae.log: OK
docs/qualification/evidence/bfs-inode-stamp-2026-10-01/inode-stamp-normal-repeat-candidate-bfs-first/inode-stamp-normal-repeat-candidate-bfs-first-images.log: OK
docs/qualification/evidence/bfs-inode-stamp-2026-10-01/inode-stamp-normal-repeat-candidate-bfs-first/inode-stamp-normal-repeat-candidate-bfs-first-run.log: OK
docs/qualification/evidence/bfs-inode-stamp-2026-10-01/inode-stamp-normal-repeat-candidate-bfs-first/system/Results/bfs.tsv: OK
docs/qualification/evidence/bfs-inode-stamp-2026-10-01/inode-stamp-normal-repeat-candidate-bfs-first/system/Results/complete.txt: OK
docs/qualification/evidence/bfs-inode-stamp-2026-10-01/inode-stamp-normal-repeat-candidate-bfs-first/system/Results/format-pfs3.txt: OK
docs/qualification/evidence/bfs-inode-stamp-2026-10-01/inode-stamp-normal-repeat-candidate-bfs-first/system/Results/format-pfs3.txt.b64: OK
docs/qualification/evidence/bfs-inode-stamp-2026-10-01/inode-stamp-normal-repeat-candidate-bfs-first/system/Results/info-after-format.txt: OK
docs/qualification/evidence/bfs-inode-stamp-2026-10-01/inode-stamp-normal-repeat-candidate-bfs-first/system/Results/info.txt: OK
docs/qualification/evidence/bfs-inode-stamp-2026-10-01/inode-stamp-normal-repeat-candidate-bfs-first/system/Results/pfs3.tsv: OK
docs/qualification/evidence/bfs-inode-stamp-2026-10-01/inode-stamp-normal-repeat-candidate-bfs-first/system/Results/phase-bfs.txt: OK
docs/qualification/evidence/bfs-inode-stamp-2026-10-01/inode-stamp-normal-repeat-candidate-bfs-first/system/Results/phase-pfs3.txt: OK
docs/qualification/evidence/bfs-inode-stamp-2026-10-01/inode-stamp-normal-repeat-candidate-pfs3-first/bench.fs-uae: OK
docs/qualification/evidence/bfs-inode-stamp-2026-10-01/inode-stamp-normal-repeat-candidate-pfs3-first/fs-uae.log: OK
docs/qualification/evidence/bfs-inode-stamp-2026-10-01/inode-stamp-normal-repeat-candidate-pfs3-first/inode-stamp-normal-repeat-candidate-pfs3-first-images.log: OK
docs/qualification/evidence/bfs-inode-stamp-2026-10-01/inode-stamp-normal-repeat-candidate-pfs3-first/inode-stamp-normal-repeat-candidate-pfs3-first-run.log: OK
docs/qualification/evidence/bfs-inode-stamp-2026-10-01/inode-stamp-normal-repeat-candidate-pfs3-first/system/Results/bfs.tsv: OK
docs/qualification/evidence/bfs-inode-stamp-2026-10-01/inode-stamp-normal-repeat-candidate-pfs3-first/system/Results/complete.txt: OK
docs/qualification/evidence/bfs-inode-stamp-2026-10-01/inode-stamp-normal-repeat-candidate-pfs3-first/system/Results/format-pfs3.txt: OK
docs/qualification/evidence/bfs-inode-stamp-2026-10-01/inode-stamp-normal-repeat-candidate-pfs3-first/system/Results/format-pfs3.txt.b64: OK
docs/qualification/evidence/bfs-inode-stamp-2026-10-01/inode-stamp-normal-repeat-candidate-pfs3-first/system/Results/info-after-format.txt: OK
docs/qualification/evidence/bfs-inode-stamp-2026-10-01/inode-stamp-normal-repeat-candidate-pfs3-first/system/Results/info.txt: OK
docs/qualification/evidence/bfs-inode-stamp-2026-10-01/inode-stamp-normal-repeat-candidate-pfs3-first/system/Results/pfs3.tsv: OK
docs/qualification/evidence/bfs-inode-stamp-2026-10-01/inode-stamp-normal-repeat-candidate-pfs3-first/system/Results/phase-bfs.txt: OK
docs/qualification/evidence/bfs-inode-stamp-2026-10-01/inode-stamp-normal-repeat-candidate-pfs3-first/system/Results/phase-pfs3.txt: OK
docs/qualification/evidence/bfs-inode-stamp-2026-10-01/inode-stamp-preflight.sh: OK
docs/qualification/evidence/bfs-inode-stamp-2026-10-01/inode-stamp-probe-bfs-first/bench.fs-uae: OK
docs/qualification/evidence/bfs-inode-stamp-2026-10-01/inode-stamp-probe-bfs-first/fs-uae.log: OK
docs/qualification/evidence/bfs-inode-stamp-2026-10-01/inode-stamp-probe-bfs-first/inode-stamp-probe-bfs-first-images.log: OK
docs/qualification/evidence/bfs-inode-stamp-2026-10-01/inode-stamp-probe-bfs-first/inode-stamp-probe-bfs-first-run.log: OK
docs/qualification/evidence/bfs-inode-stamp-2026-10-01/inode-stamp-probe-bfs-first/system/Results/bfs.deep-compare.tsv: OK
docs/qualification/evidence/bfs-inode-stamp-2026-10-01/inode-stamp-probe-bfs-first/system/Results/complete.txt: OK
docs/qualification/evidence/bfs-inode-stamp-2026-10-01/inode-stamp-probe-bfs-first/system/Results/format-pfs3.txt: OK
docs/qualification/evidence/bfs-inode-stamp-2026-10-01/inode-stamp-probe-bfs-first/system/Results/format-pfs3.txt.b64: OK
docs/qualification/evidence/bfs-inode-stamp-2026-10-01/inode-stamp-probe-bfs-first/system/Results/info-after-format.txt: OK
docs/qualification/evidence/bfs-inode-stamp-2026-10-01/inode-stamp-probe-bfs-first/system/Results/info.txt: OK
docs/qualification/evidence/bfs-inode-stamp-2026-10-01/inode-stamp-probe-bfs-first/system/Results/pfs3.deep-compare.tsv: OK
docs/qualification/evidence/bfs-inode-stamp-2026-10-01/inode-stamp-probe-bfs-first/system/Results/phase-bfs.txt: OK
docs/qualification/evidence/bfs-inode-stamp-2026-10-01/inode-stamp-probe-bfs-first/system/Results/phase-pfs3.txt: OK
docs/qualification/evidence/bfs-inode-stamp-2026-10-01/inode-stamp-probe-pfs3-first/bench.fs-uae: OK
docs/qualification/evidence/bfs-inode-stamp-2026-10-01/inode-stamp-probe-pfs3-first/fs-uae.log: OK
docs/qualification/evidence/bfs-inode-stamp-2026-10-01/inode-stamp-probe-pfs3-first/inode-stamp-probe-pfs3-first-images.log: OK
docs/qualification/evidence/bfs-inode-stamp-2026-10-01/inode-stamp-probe-pfs3-first/inode-stamp-probe-pfs3-first-run.log: OK
docs/qualification/evidence/bfs-inode-stamp-2026-10-01/inode-stamp-probe-pfs3-first/system/Results/bfs.deep-compare.tsv: OK
docs/qualification/evidence/bfs-inode-stamp-2026-10-01/inode-stamp-probe-pfs3-first/system/Results/complete.txt: OK
docs/qualification/evidence/bfs-inode-stamp-2026-10-01/inode-stamp-probe-pfs3-first/system/Results/format-pfs3.txt: OK
docs/qualification/evidence/bfs-inode-stamp-2026-10-01/inode-stamp-probe-pfs3-first/system/Results/format-pfs3.txt.b64: OK
docs/qualification/evidence/bfs-inode-stamp-2026-10-01/inode-stamp-probe-pfs3-first/system/Results/info-after-format.txt: OK
docs/qualification/evidence/bfs-inode-stamp-2026-10-01/inode-stamp-probe-pfs3-first/system/Results/info.txt: OK
docs/qualification/evidence/bfs-inode-stamp-2026-10-01/inode-stamp-probe-pfs3-first/system/Results/pfs3.deep-compare.tsv: OK
docs/qualification/evidence/bfs-inode-stamp-2026-10-01/inode-stamp-probe-pfs3-first/system/Results/phase-bfs.txt: OK
docs/qualification/evidence/bfs-inode-stamp-2026-10-01/inode-stamp-probe-pfs3-first/system/Results/phase-pfs3.txt: OK
docs/qualification/evidence/bfs-inode-stamp-2026-10-01/inode-stamp-quality.log: OK
docs/qualification/evidence/bfs-inode-stamp-2026-10-01/inode-stamp-remote-preflight.log: OK
docs/qualification/evidence/bfs-inode-stamp-2026-10-01/inode-stamp-sanitizer-test.log: OK
docs/qualification/evidence/bfs-inode-stamp-2026-10-01/measurement-summary.md: OK
docs/qualification/evidence/bfs-inode-stamp-2026-10-01/prepare-inode-stamp-measurements.sh: OK
docs/qualification/evidence/bfs-inode-stamp-2026-10-01/probe-summary.md: OK
docs/qualification/evidence/bfs-inode-stamp-2026-10-01/review-and-gates.md: OK
docs/qualification/evidence/bfs-inode-stamp-2026-10-01/run-inode-stamp-measurements.sh: OK
