./.gitattributes: OK
./archive.log: OK
./assembly.log: OK
./baseline-disassembly.s: OK
./baseline.s: OK
./build-bench-image.sh: OK
./candidate-disassembly.s: OK
./candidate.patch: OK
./candidate.s: OK
./check-no-binaries.sh: OK
./code-bytes.json: OK
./code-bytes.mjs: OK
./consumer-first-strict-red.log: OK
./consumer-fixtures-final.log: OK
./consumer-fixtures.log: OK
./consumer-strict-green.log: OK
./crc32_abi_probe.s: OK
./evidence-fixtures-first.log: OK
./evidence-fixtures-replay.log: OK
./evidence-manifest.mjs: OK
./formatter-normalization.log: OK
./frozen-source.log: OK
./global-asset-audit.log: OK
./handler-build.log: OK
./handler-identities.log: OK
./handler-rebuild.log: OK
./harness-baseline.c: OK
./harness.patch: OK
./host.log: OK
./kernel-archive.log: OK
./kernel-archive.sh: OK
./kernel-run.dnMTQJ/abi-probe-source.s: OK
./kernel-run.dnMTQJ/build.log: OK
./kernel-run.dnMTQJ/identities.log: OK
./kernel-run.dnMTQJ/memory-copy-baseline-renamed.s: OK
./kernel-run.dnMTQJ/memory-copy-candidate-source.s: OK
./kernel-run.dnMTQJ/memory-copy-probe-source.c: OK
./kernel-run.dnMTQJ/memory-copy-retained-source.s: OK
./kernel-run.dnMTQJ/memory-copy.fs-uae: OK
./kernel-run.l3US52/abi-probe-source.s: OK
./kernel-run.l3US52/build.log: OK
./kernel-run.l3US52/fs-uae.log: OK
./kernel-run.l3US52/identities.log: OK
./kernel-run.l3US52/memory-copy-baseline-renamed.s: OK
./kernel-run.l3US52/memory-copy-candidate-source.s: OK
./kernel-run.l3US52/memory-copy-probe-source.c: OK
./kernel-run.l3US52/memory-copy-retained-source.s: OK
./kernel-run.l3US52/memory-copy.fs-uae: OK
./kernel-run.l3US52/system/Results/memory-copy-compare.done: OK
./kernel-run.l3US52/system/Results/memory-copy-compare.txt: OK
./linux-fuse.log: OK
./linux-identities.log: OK
./linux.sh: OK
./memory-copy-short-normal-baseline-bfs-first/bench.fs-uae: OK
./memory-copy-short-normal-baseline-bfs-first/fs-uae.log: OK
./memory-copy-short-normal-baseline-bfs-first/images.log: OK
./memory-copy-short-normal-baseline-bfs-first/run.log: OK
./memory-copy-short-normal-baseline-bfs-first/system/Results/bfs.tsv: OK
./memory-copy-short-normal-baseline-bfs-first/system/Results/complete.txt: OK
./memory-copy-short-normal-baseline-bfs-first/system/Results/format-pfs3.txt: OK
./memory-copy-short-normal-baseline-bfs-first/system/Results/info-after-format.txt: OK
./memory-copy-short-normal-baseline-bfs-first/system/Results/info.txt: OK
./memory-copy-short-normal-baseline-bfs-first/system/Results/pfs3.tsv: OK
./memory-copy-short-normal-baseline-bfs-first/system/Results/phase-bfs.txt: OK
./memory-copy-short-normal-baseline-bfs-first/system/Results/phase-pfs3.txt: OK
./memory-copy-short-normal-baseline-pfs3-first/bench.fs-uae: OK
./memory-copy-short-normal-baseline-pfs3-first/fs-uae.log: OK
./memory-copy-short-normal-baseline-pfs3-first/images.log: OK
./memory-copy-short-normal-baseline-pfs3-first/run.log: OK
./memory-copy-short-normal-baseline-pfs3-first/system/Results/bfs.tsv: OK
./memory-copy-short-normal-baseline-pfs3-first/system/Results/complete.txt: OK
./memory-copy-short-normal-baseline-pfs3-first/system/Results/format-pfs3.txt: OK
./memory-copy-short-normal-baseline-pfs3-first/system/Results/info-after-format.txt: OK
./memory-copy-short-normal-baseline-pfs3-first/system/Results/info.txt: OK
./memory-copy-short-normal-baseline-pfs3-first/system/Results/pfs3.tsv: OK
./memory-copy-short-normal-baseline-pfs3-first/system/Results/phase-bfs.txt: OK
./memory-copy-short-normal-baseline-pfs3-first/system/Results/phase-pfs3.txt: OK
./memory-copy-short-normal-candidate-bfs-first/bench.fs-uae: OK
./memory-copy-short-normal-candidate-bfs-first/fs-uae.log: OK
./memory-copy-short-normal-candidate-bfs-first/images.log: OK
./memory-copy-short-normal-candidate-bfs-first/run.log: OK
./memory-copy-short-normal-candidate-bfs-first/system/Results/bfs.tsv: OK
./memory-copy-short-normal-candidate-bfs-first/system/Results/complete.txt: OK
./memory-copy-short-normal-candidate-bfs-first/system/Results/format-pfs3.txt: OK
./memory-copy-short-normal-candidate-bfs-first/system/Results/info-after-format.txt: OK
./memory-copy-short-normal-candidate-bfs-first/system/Results/info.txt: OK
./memory-copy-short-normal-candidate-bfs-first/system/Results/pfs3.tsv: OK
./memory-copy-short-normal-candidate-bfs-first/system/Results/phase-bfs.txt: OK
./memory-copy-short-normal-candidate-bfs-first/system/Results/phase-pfs3.txt: OK
./memory-copy-short-normal-candidate-pfs3-first/bench.fs-uae: OK
./memory-copy-short-normal-candidate-pfs3-first/fs-uae.log: OK
./memory-copy-short-normal-candidate-pfs3-first/images.log: OK
./memory-copy-short-normal-candidate-pfs3-first/run.log: OK
./memory-copy-short-normal-candidate-pfs3-first/system/Results/bfs.tsv: OK
./memory-copy-short-normal-candidate-pfs3-first/system/Results/complete.txt: OK
./memory-copy-short-normal-candidate-pfs3-first/system/Results/format-pfs3.txt: OK
./memory-copy-short-normal-candidate-pfs3-first/system/Results/info-after-format.txt: OK
./memory-copy-short-normal-candidate-pfs3-first/system/Results/info.txt: OK
./memory-copy-short-normal-candidate-pfs3-first/system/Results/pfs3.tsv: OK
./memory-copy-short-normal-candidate-pfs3-first/system/Results/phase-bfs.txt: OK
./memory-copy-short-normal-candidate-pfs3-first/system/Results/phase-pfs3.txt: OK
./memory-copy-short-normal-repeat-baseline-bfs-first/bench.fs-uae: OK
./memory-copy-short-normal-repeat-baseline-bfs-first/fs-uae.log: OK
./memory-copy-short-normal-repeat-baseline-bfs-first/images.log: OK
./memory-copy-short-normal-repeat-baseline-bfs-first/run.log: OK
./memory-copy-short-normal-repeat-baseline-bfs-first/system/Results/bfs.tsv: OK
./memory-copy-short-normal-repeat-baseline-bfs-first/system/Results/complete.txt: OK
./memory-copy-short-normal-repeat-baseline-bfs-first/system/Results/format-pfs3.txt: OK
./memory-copy-short-normal-repeat-baseline-bfs-first/system/Results/info-after-format.txt: OK
./memory-copy-short-normal-repeat-baseline-bfs-first/system/Results/info.txt: OK
./memory-copy-short-normal-repeat-baseline-bfs-first/system/Results/pfs3.tsv: OK
./memory-copy-short-normal-repeat-baseline-bfs-first/system/Results/phase-bfs.txt: OK
./memory-copy-short-normal-repeat-baseline-bfs-first/system/Results/phase-pfs3.txt: OK
./memory-copy-short-normal-repeat-baseline-pfs3-first/bench.fs-uae: OK
./memory-copy-short-normal-repeat-baseline-pfs3-first/fs-uae.log: OK
./memory-copy-short-normal-repeat-baseline-pfs3-first/images.log: OK
./memory-copy-short-normal-repeat-baseline-pfs3-first/run.log: OK
./memory-copy-short-normal-repeat-baseline-pfs3-first/system/Results/bfs.tsv: OK
./memory-copy-short-normal-repeat-baseline-pfs3-first/system/Results/complete.txt: OK
./memory-copy-short-normal-repeat-baseline-pfs3-first/system/Results/format-pfs3.txt: OK
./memory-copy-short-normal-repeat-baseline-pfs3-first/system/Results/info-after-format.txt: OK
./memory-copy-short-normal-repeat-baseline-pfs3-first/system/Results/info.txt: OK
./memory-copy-short-normal-repeat-baseline-pfs3-first/system/Results/pfs3.tsv: OK
./memory-copy-short-normal-repeat-baseline-pfs3-first/system/Results/phase-bfs.txt: OK
./memory-copy-short-normal-repeat-baseline-pfs3-first/system/Results/phase-pfs3.txt: OK
./memory-copy-short-normal-repeat-candidate-bfs-first/bench.fs-uae: OK
./memory-copy-short-normal-repeat-candidate-bfs-first/fs-uae.log: OK
./memory-copy-short-normal-repeat-candidate-bfs-first/images.log: OK
./memory-copy-short-normal-repeat-candidate-bfs-first/run.log: OK
./memory-copy-short-normal-repeat-candidate-bfs-first/system/Results/bfs.tsv: OK
./memory-copy-short-normal-repeat-candidate-bfs-first/system/Results/complete.txt: OK
./memory-copy-short-normal-repeat-candidate-bfs-first/system/Results/format-pfs3.txt: OK
./memory-copy-short-normal-repeat-candidate-bfs-first/system/Results/info-after-format.txt: OK
./memory-copy-short-normal-repeat-candidate-bfs-first/system/Results/info.txt: OK
./memory-copy-short-normal-repeat-candidate-bfs-first/system/Results/pfs3.tsv: OK
./memory-copy-short-normal-repeat-candidate-bfs-first/system/Results/phase-bfs.txt: OK
./memory-copy-short-normal-repeat-candidate-bfs-first/system/Results/phase-pfs3.txt: OK
./memory-copy-short-normal-repeat-candidate-pfs3-first/bench.fs-uae: OK
./memory-copy-short-normal-repeat-candidate-pfs3-first/fs-uae.log: OK
./memory-copy-short-normal-repeat-candidate-pfs3-first/images.log: OK
./memory-copy-short-normal-repeat-candidate-pfs3-first/run.log: OK
./memory-copy-short-normal-repeat-candidate-pfs3-first/system/Results/bfs.tsv: OK
./memory-copy-short-normal-repeat-candidate-pfs3-first/system/Results/complete.txt: OK
./memory-copy-short-normal-repeat-candidate-pfs3-first/system/Results/format-pfs3.txt: OK
./memory-copy-short-normal-repeat-candidate-pfs3-first/system/Results/info-after-format.txt: OK
./memory-copy-short-normal-repeat-candidate-pfs3-first/system/Results/info.txt: OK
./memory-copy-short-normal-repeat-candidate-pfs3-first/system/Results/pfs3.tsv: OK
./memory-copy-short-normal-repeat-candidate-pfs3-first/system/Results/phase-bfs.txt: OK
./memory-copy-short-normal-repeat-candidate-pfs3-first/system/Results/phase-pfs3.txt: OK
./memory-copy-short-probe-bfs-first/bench.fs-uae: OK
./memory-copy-short-probe-bfs-first/fs-uae.log: OK
./memory-copy-short-probe-bfs-first/images.log: OK
./memory-copy-short-probe-bfs-first/run.log: OK
./memory-copy-short-probe-bfs-first/system/Results/bfs.deep-compare.tsv: OK
./memory-copy-short-probe-bfs-first/system/Results/complete.txt: OK
./memory-copy-short-probe-bfs-first/system/Results/format-pfs3.txt: OK
./memory-copy-short-probe-bfs-first/system/Results/info-after-format.txt: OK
./memory-copy-short-probe-bfs-first/system/Results/info.txt: OK
./memory-copy-short-probe-bfs-first/system/Results/pfs3.deep-compare.tsv: OK
./memory-copy-short-probe-bfs-first/system/Results/phase-bfs.txt: OK
./memory-copy-short-probe-bfs-first/system/Results/phase-pfs3.txt: OK
./memory-copy-short-probe-pfs3-first/bench.fs-uae: OK
./memory-copy-short-probe-pfs3-first/fs-uae.log: OK
./memory-copy-short-probe-pfs3-first/images.log: OK
./memory-copy-short-probe-pfs3-first/run.log: OK
./memory-copy-short-probe-pfs3-first/system/Results/bfs.deep-compare.tsv: OK
./memory-copy-short-probe-pfs3-first/system/Results/complete.txt: OK
./memory-copy-short-probe-pfs3-first/system/Results/format-pfs3.txt: OK
./memory-copy-short-probe-pfs3-first/system/Results/info-after-format.txt: OK
./memory-copy-short-probe-pfs3-first/system/Results/info.txt: OK
./memory-copy-short-probe-pfs3-first/system/Results/pfs3.deep-compare.tsv: OK
./memory-copy-short-probe-pfs3-first/system/Results/phase-bfs.txt: OK
./memory-copy-short-probe-pfs3-first/system/Results/phase-pfs3.txt: OK
./memory_copy_compare_probe.c: OK
./metadata-single-extent-archive-images.sh: OK
./micro-means.json: OK
./micro-means.mjs: OK
./micro-raw-summary.json: OK
./normal-measurements.log: OK
./normal-preflight.log: OK
./normal-preparation.log: OK
./normal-summary.json: OK
./normal-summary.mjs: OK
./normalize-formatter.mjs: OK
./notes.md: OK
./persist.sh: OK
./preflight.sh: OK
./preparation-1.log: OK
./preparation-2.log: OK
./prepare-memory-copy-short-measurements.sh: OK
./prepare.sh: OK
./probe-summary.json: OK
./probe-summary.mjs: OK
./quality.log: OK
./raw-copy-check.log: OK
./raw-copy-check.mjs: OK
./remote-run.sh: OK
./replay-consumer-fixtures.sh: OK
./reproducibility.log: OK
./restoration.log: OK
./restored-build.log: OK
./retained-probe-controls/single-block-absence-probe-bfs-first/system/Results/bfs.deep-compare.tsv: OK
./retained-probe-controls/single-block-absence-probe-bfs-first/system/Results/pfs3.deep-compare.tsv: OK
./retained-probe-controls/single-block-absence-probe-pfs3-first/system/Results/bfs.deep-compare.tsv: OK
./retained-probe-controls/single-block-absence-probe-pfs3-first/system/Results/pfs3.deep-compare.tsv: OK
./run-1.log: OK
./run-bench.sh: OK
./run-memory-copy-short-measurements.sh: OK
./sanitizer.log: OK
./scoped-asset-audit.log: OK
./summary-first.mjs: OK
./summary-probes-first.mjs: OK
./summary-probes.mjs: OK
./summary-strict-green.mjs: OK
./summary-strict-red.mjs: OK
./summary.mjs: OK
./verify-bench-results.sh: OK
