compare-bfs-first/bench.fs-uae: OK
compare-bfs-first/bfs.tsv: OK
compare-bfs-first/complete.txt: OK
compare-bfs-first/fs-uae.log: OK
compare-bfs-first/info-after-format.txt: OK
compare-bfs-first/info.txt: OK
compare-bfs-first/pfs3.tsv: OK
compare-pfs3-first/bench.fs-uae: OK
compare-pfs3-first/bfs.tsv: OK
compare-pfs3-first/complete.txt: OK
compare-pfs3-first/fs-uae.log: OK
compare-pfs3-first/info-after-format.txt: OK
compare-pfs3-first/info.txt: OK
compare-pfs3-first/pfs3.tsv: OK
deep-bfs-first/bench.fs-uae: OK
deep-bfs-first/bfs.deep.tsv: OK
deep-bfs-first/complete.txt: OK
deep-bfs-first/fs-uae.log: OK
deep-bfs-first/info-after-format.txt: OK
deep-bfs-first/info.txt: OK
deep-bfs-first/pfs3.deep.tsv: OK
deep-compare-bfs-first/bench.fs-uae: OK
deep-compare-bfs-first/bfs.deep-compare.tsv: OK
deep-compare-bfs-first/complete.txt: OK
deep-compare-bfs-first/fs-uae.log: OK
deep-compare-bfs-first/info-after-format.txt: OK
deep-compare-bfs-first/info.txt: OK
deep-compare-bfs-first/pfs3.deep-compare.tsv: OK
deep-compare-pfs3-first/bench.fs-uae: OK
deep-compare-pfs3-first/bfs.deep-compare.tsv: OK
deep-compare-pfs3-first/complete.txt: OK
deep-compare-pfs3-first/fs-uae.log: OK
deep-compare-pfs3-first/info-after-format.txt: OK
deep-compare-pfs3-first/info.txt: OK
deep-compare-pfs3-first/pfs3.deep-compare.tsv: OK
deep-pfs3-first/bench.fs-uae: OK
deep-pfs3-first/bfs.deep.tsv: OK
deep-pfs3-first/complete.txt: OK
deep-pfs3-first/fs-uae.log: OK
deep-pfs3-first/info-after-format.txt: OK
deep-pfs3-first/info.txt: OK
deep-pfs3-first/pfs3.deep.tsv: OK
post-refactor-deep-compare/bench.fs-uae: OK
post-refactor-deep-compare/bfs.deep-compare.tsv: OK
post-refactor-deep-compare/complete.txt: OK
post-refactor-deep-compare/fs-uae.log: OK
post-refactor-deep-compare/info-after-format.txt: OK
post-refactor-deep-compare/info.txt: OK
post-refactor-deep-compare/pfs3.deep-compare.tsv: OK
post-refactor-deep-profile/bench.fs-uae: OK
post-refactor-deep-profile/bfs.deep.tsv: OK
post-refactor-deep-profile/complete.txt: OK
post-refactor-deep-profile/fs-uae.log: OK
post-refactor-deep-profile/info-after-format.txt: OK
post-refactor-deep-profile/info.txt: OK
post-refactor-deep-profile/pfs3.deep.tsv: OK
profile-bfs-first/bench.fs-uae: OK
profile-bfs-first/bfs.profile.tsv: OK
profile-bfs-first/complete.txt: OK
profile-bfs-first/fs-uae.log: OK
profile-bfs-first/info-after-format.txt: OK
profile-bfs-first/info.txt: OK
profile-bfs-first/pfs3.profile.tsv: OK
profile-pfs3-first/bench.fs-uae: OK
profile-pfs3-first/bfs.profile.tsv: OK
profile-pfs3-first/complete.txt: OK
profile-pfs3-first/fs-uae.log: OK
profile-pfs3-first/info-after-format.txt: OK
profile-pfs3-first/info.txt: OK
profile-pfs3-first/pfs3.profile.tsv: OK
