./baseline-bfs-first/bench.fs-uae: OK
./baseline-bfs-first/bfs.tsv: OK
./baseline-bfs-first/complete.txt: OK
./baseline-bfs-first/fs-uae.log: OK
./baseline-bfs-first/info-after-format.txt: OK
./baseline-bfs-first/info.txt: OK
./baseline-bfs-first/pfs3.tsv: OK
./baseline-deep/bench.fs-uae: OK
./baseline-deep/bfs.deep-compare.tsv: OK
./baseline-deep/complete.txt: OK
./baseline-deep/fs-uae.log: OK
./baseline-deep/info-after-format.txt: OK
./baseline-deep/info.txt: OK
./baseline-deep/pfs3.deep-compare.tsv: OK
./baseline-pfs3-first/bench.fs-uae: OK
./baseline-pfs3-first/bfs.tsv: OK
./baseline-pfs3-first/complete.txt: OK
./baseline-pfs3-first/fs-uae.log: OK
./baseline-pfs3-first/info-after-format.txt: OK
./baseline-pfs3-first/info.txt: OK
./baseline-pfs3-first/pfs3.tsv: OK
./candidate-bfs-first/bench.fs-uae: OK
./candidate-bfs-first/bfs.tsv: OK
./candidate-bfs-first/complete.txt: OK
./candidate-bfs-first/fs-uae.log: OK
./candidate-bfs-first/info-after-format.txt: OK
./candidate-bfs-first/info.txt: OK
./candidate-bfs-first/pfs3.tsv: OK
./candidate-deep/bench.fs-uae: OK
./candidate-deep/bfs.deep-compare.tsv: OK
./candidate-deep/complete.txt: OK
./candidate-deep/fs-uae.log: OK
./candidate-deep/info-after-format.txt: OK
./candidate-deep/info.txt: OK
./candidate-deep/pfs3.deep-compare.tsv: OK
./candidate-pfs3-first/bench.fs-uae: OK
./candidate-pfs3-first/bfs.tsv: OK
./candidate-pfs3-first/complete.txt: OK
./candidate-pfs3-first/fs-uae.log: OK
./candidate-pfs3-first/info-after-format.txt: OK
./candidate-pfs3-first/info.txt: OK
./candidate-pfs3-first/pfs3.tsv: OK
./crc-nibble-amiga-build.log: OK
./crc-nibble-btree.log: OK
./crc-nibble-check.log: OK
./crc-nibble-counterprobes.log: OK
./crc-nibble-final-identities.log: OK
./crc-nibble-focused.log: OK
./crc-nibble-input-identities.log: OK
./crc-nibble-sanitize.log: OK
./crc-nibble-verifiers.log: OK
./measurement-summary.md: OK
./repeat-baseline-bfs-first/bench.fs-uae: OK
./repeat-baseline-bfs-first/bfs.tsv: OK
./repeat-baseline-bfs-first/complete.txt: OK
./repeat-baseline-bfs-first/fs-uae.log: OK
./repeat-baseline-bfs-first/info-after-format.txt: OK
./repeat-baseline-bfs-first/info.txt: OK
./repeat-baseline-bfs-first/pfs3.tsv: OK
./repeat-baseline-pfs3-first/bench.fs-uae: OK
./repeat-baseline-pfs3-first/bfs.tsv: OK
./repeat-baseline-pfs3-first/complete.txt: OK
./repeat-baseline-pfs3-first/fs-uae.log: OK
./repeat-baseline-pfs3-first/info-after-format.txt: OK
./repeat-baseline-pfs3-first/info.txt: OK
./repeat-baseline-pfs3-first/pfs3.tsv: OK
./repeat-candidate-bfs-first/bench.fs-uae: OK
./repeat-candidate-bfs-first/bfs.tsv: OK
./repeat-candidate-bfs-first/complete.txt: OK
./repeat-candidate-bfs-first/fs-uae.log: OK
./repeat-candidate-bfs-first/info-after-format.txt: OK
./repeat-candidate-bfs-first/info.txt: OK
./repeat-candidate-bfs-first/pfs3.tsv: OK
./repeat-candidate-pfs3-first/bench.fs-uae: OK
./repeat-candidate-pfs3-first/bfs.tsv: OK
./repeat-candidate-pfs3-first/complete.txt: OK
./repeat-candidate-pfs3-first/fs-uae.log: OK
./repeat-candidate-pfs3-first/info-after-format.txt: OK
./repeat-candidate-pfs3-first/info.txt: OK
./repeat-candidate-pfs3-first/pfs3.tsv: OK
./review-negative.log: OK
./review-positive.log: OK
