./README.md: OK
./coffin-after.log: OK
./coffin-before.log: OK
./encode-format-logs.py: OK
./format-logs-check.log: OK
./launch-profile.sh: OK
./legacy-verifier-tests.log: OK
./local-source-check.log: OK
./preflight-docker-top.log: OK
./prior-confirmation-integrity.log: OK
./prior-local-final-integrity.log: OK
./prior-local-integrity.log: OK
./prior-sparse-integrity.log: OK
./probe-allcrc-tests.log: OK
./probe-default-tests.log: OK
./probe-oracle-local-vs-exported.patch: OK
./protocol/emulator-test/bench-config.sh: OK
./protocol/emulator-test/build-bench-image.sh: OK
./protocol/emulator-test/run-bench.sh: OK
./protocol/emulator-test/verify-bench-results.sh: OK
./protocol/src/amiga/perf_probe.c: OK
./protocol/src/amiga/perf_probe.h: OK
./protocol/tests/quality/test_bench_verifier.py: OK
./protocol/tests/quality/test_split_bench_verifier.py: OK
./protocol/tests/test_perf_probe.exported.c: OK
./protocol/tests/test_perf_probe.local.c: OK
./protocol/tools/fs-compare-bench.c: OK
./protocol/tools/fs-compare-split.h: OK
./protocol/tools/verify-split-bench.py: OK
./report.md: OK
./results/input-check.log: OK
./results/input-check.post.log: OK
./results/input-identities.sha256: OK
./results/quiet-after.log: OK
./results/quiet-before.log: OK
./results/quiet-guards.log: OK
./results/schedule.tsv: OK
./results/split-aa-durable-m5a-1-pfs3-first/bench.fs-uae: OK
./results/split-aa-durable-m5a-1-pfs3-first/bfs-rdb-info.txt: OK
./results/split-aa-durable-m5a-1-pfs3-first/bfs-rdb.json: OK
./results/split-aa-durable-m5a-1-pfs3-first/build.log: OK
./results/split-aa-durable-m5a-1-pfs3-first/fs-uae.log: OK
./results/split-aa-durable-m5a-1-pfs3-first/installed-assets.sha256: OK
./results/split-aa-durable-m5a-1-pfs3-first/run.log: OK
./results/split-aa-durable-m5a-1-pfs3-first/runtime-inputs.post.sha256: OK
./results/split-aa-durable-m5a-1-pfs3-first/runtime-inputs.sha256: OK
./results/split-aa-durable-m5a-1-pfs3-first/system/Results/bfs.split.tsv: OK
./results/split-aa-durable-m5a-1-pfs3-first/system/Results/complete.txt: OK
./results/split-aa-durable-m5a-1-pfs3-first/system/Results/format-pfs3.txt: OK
./results/split-aa-durable-m5a-1-pfs3-first/system/Results/info-after-format.txt: OK
./results/split-aa-durable-m5a-1-pfs3-first/system/Results/info.txt: OK
./results/split-aa-durable-m5a-1-pfs3-first/system/Results/pfs3.split.tsv: OK
./results/split-aa-durable-m5a-1-pfs3-first/system/Results/phase-bfs.txt: OK
./results/split-aa-durable-m5a-1-pfs3-first/system/Results/phase-pfs3.txt: OK
./results/split-aa-durable-m5a-1-pfs3-first/system/S/Startup-Sequence: OK
./results/split-aa-durable-m5b-1-pfs3-first/bench.fs-uae: OK
./results/split-aa-durable-m5b-1-pfs3-first/bfs-rdb-info.txt: OK
./results/split-aa-durable-m5b-1-pfs3-first/bfs-rdb.json: OK
./results/split-aa-durable-m5b-1-pfs3-first/build.log: OK
./results/split-aa-durable-m5b-1-pfs3-first/fs-uae.log: OK
./results/split-aa-durable-m5b-1-pfs3-first/installed-assets.sha256: OK
./results/split-aa-durable-m5b-1-pfs3-first/run.log: OK
./results/split-aa-durable-m5b-1-pfs3-first/runtime-inputs.post.sha256: OK
./results/split-aa-durable-m5b-1-pfs3-first/runtime-inputs.sha256: OK
./results/split-aa-durable-m5b-1-pfs3-first/system/Results/bfs.split.tsv: OK
./results/split-aa-durable-m5b-1-pfs3-first/system/Results/complete.txt: OK
./results/split-aa-durable-m5b-1-pfs3-first/system/Results/format-pfs3.txt: OK
./results/split-aa-durable-m5b-1-pfs3-first/system/Results/info-after-format.txt: OK
./results/split-aa-durable-m5b-1-pfs3-first/system/Results/info.txt: OK
./results/split-aa-durable-m5b-1-pfs3-first/system/Results/pfs3.split.tsv: OK
./results/split-aa-durable-m5b-1-pfs3-first/system/Results/phase-bfs.txt: OK
./results/split-aa-durable-m5b-1-pfs3-first/system/Results/phase-pfs3.txt: OK
./results/split-aa-durable-m5b-1-pfs3-first/system/S/Startup-Sequence: OK
./results/split-aa-normal-m5a-1-bfs-first/bench.fs-uae: OK
./results/split-aa-normal-m5a-1-bfs-first/bfs-rdb-info.txt: OK
./results/split-aa-normal-m5a-1-bfs-first/bfs-rdb.json: OK
./results/split-aa-normal-m5a-1-bfs-first/build.log: OK
./results/split-aa-normal-m5a-1-bfs-first/fs-uae.log: OK
./results/split-aa-normal-m5a-1-bfs-first/installed-assets.sha256: OK
./results/split-aa-normal-m5a-1-bfs-first/run.log: OK
./results/split-aa-normal-m5a-1-bfs-first/runtime-inputs.post.sha256: OK
./results/split-aa-normal-m5a-1-bfs-first/runtime-inputs.sha256: OK
./results/split-aa-normal-m5a-1-bfs-first/system/Results/bfs.split.tsv: OK
./results/split-aa-normal-m5a-1-bfs-first/system/Results/complete.txt: OK
./results/split-aa-normal-m5a-1-bfs-first/system/Results/format-pfs3.txt: OK
./results/split-aa-normal-m5a-1-bfs-first/system/Results/info-after-format.txt: OK
./results/split-aa-normal-m5a-1-bfs-first/system/Results/info.txt: OK
./results/split-aa-normal-m5a-1-bfs-first/system/Results/pfs3.split.tsv: OK
./results/split-aa-normal-m5a-1-bfs-first/system/Results/phase-bfs.txt: OK
./results/split-aa-normal-m5a-1-bfs-first/system/Results/phase-pfs3.txt: OK
./results/split-aa-normal-m5a-1-bfs-first/system/S/Startup-Sequence: OK
./results/split-aa-normal-m5b-1-bfs-first/bench.fs-uae: OK
./results/split-aa-normal-m5b-1-bfs-first/bfs-rdb-info.txt: OK
./results/split-aa-normal-m5b-1-bfs-first/bfs-rdb.json: OK
./results/split-aa-normal-m5b-1-bfs-first/build.log: OK
./results/split-aa-normal-m5b-1-bfs-first/fs-uae.log: OK
./results/split-aa-normal-m5b-1-bfs-first/installed-assets.sha256: OK
./results/split-aa-normal-m5b-1-bfs-first/run.log: OK
./results/split-aa-normal-m5b-1-bfs-first/runtime-inputs.post.sha256: OK
./results/split-aa-normal-m5b-1-bfs-first/runtime-inputs.sha256: OK
./results/split-aa-normal-m5b-1-bfs-first/system/Results/bfs.split.tsv: OK
./results/split-aa-normal-m5b-1-bfs-first/system/Results/complete.txt: OK
./results/split-aa-normal-m5b-1-bfs-first/system/Results/format-pfs3.txt: OK
./results/split-aa-normal-m5b-1-bfs-first/system/Results/info-after-format.txt: OK
./results/split-aa-normal-m5b-1-bfs-first/system/Results/info.txt: OK
./results/split-aa-normal-m5b-1-bfs-first/system/Results/pfs3.split.tsv: OK
./results/split-aa-normal-m5b-1-bfs-first/system/Results/phase-bfs.txt: OK
./results/split-aa-normal-m5b-1-bfs-first/system/Results/phase-pfs3.txt: OK
./results/split-aa-normal-m5b-1-bfs-first/system/S/Startup-Sequence: OK
./results/split-durable-m5-1-bfs-first/bench.fs-uae: OK
./results/split-durable-m5-1-bfs-first/bfs-rdb-info.txt: OK
./results/split-durable-m5-1-bfs-first/bfs-rdb.json: OK
./results/split-durable-m5-1-bfs-first/build.log: OK
./results/split-durable-m5-1-bfs-first/fs-uae.log: OK
./results/split-durable-m5-1-bfs-first/installed-assets.sha256: OK
./results/split-durable-m5-1-bfs-first/run.log: OK
./results/split-durable-m5-1-bfs-first/runtime-inputs.post.sha256: OK
./results/split-durable-m5-1-bfs-first/runtime-inputs.sha256: OK
./results/split-durable-m5-1-bfs-first/system/Results/bfs.split.tsv: OK
./results/split-durable-m5-1-bfs-first/system/Results/complete.txt: OK
./results/split-durable-m5-1-bfs-first/system/Results/format-pfs3.txt: OK
./results/split-durable-m5-1-bfs-first/system/Results/info-after-format.txt: OK
./results/split-durable-m5-1-bfs-first/system/Results/info.txt: OK
./results/split-durable-m5-1-bfs-first/system/Results/pfs3.split.tsv: OK
./results/split-durable-m5-1-bfs-first/system/Results/phase-bfs.txt: OK
./results/split-durable-m5-1-bfs-first/system/Results/phase-pfs3.txt: OK
./results/split-durable-m5-1-bfs-first/system/S/Startup-Sequence: OK
./results/split-durable-m5-2-pfs3-first/bench.fs-uae: OK
./results/split-durable-m5-2-pfs3-first/bfs-rdb-info.txt: OK
./results/split-durable-m5-2-pfs3-first/bfs-rdb.json: OK
./results/split-durable-m5-2-pfs3-first/build.log: OK
./results/split-durable-m5-2-pfs3-first/fs-uae.log: OK
./results/split-durable-m5-2-pfs3-first/installed-assets.sha256: OK
./results/split-durable-m5-2-pfs3-first/run.log: OK
./results/split-durable-m5-2-pfs3-first/runtime-inputs.post.sha256: OK
./results/split-durable-m5-2-pfs3-first/runtime-inputs.sha256: OK
./results/split-durable-m5-2-pfs3-first/system/Results/bfs.split.tsv: OK
./results/split-durable-m5-2-pfs3-first/system/Results/complete.txt: OK
./results/split-durable-m5-2-pfs3-first/system/Results/format-pfs3.txt: OK
./results/split-durable-m5-2-pfs3-first/system/Results/info-after-format.txt: OK
./results/split-durable-m5-2-pfs3-first/system/Results/info.txt: OK
./results/split-durable-m5-2-pfs3-first/system/Results/pfs3.split.tsv: OK
./results/split-durable-m5-2-pfs3-first/system/Results/phase-bfs.txt: OK
./results/split-durable-m5-2-pfs3-first/system/Results/phase-pfs3.txt: OK
./results/split-durable-m5-2-pfs3-first/system/S/Startup-Sequence: OK
./results/split-durable-sparse-1-bfs-first/bench.fs-uae: OK
./results/split-durable-sparse-1-bfs-first/bfs-rdb-info.txt: OK
./results/split-durable-sparse-1-bfs-first/bfs-rdb.json: OK
./results/split-durable-sparse-1-bfs-first/build.log: OK
./results/split-durable-sparse-1-bfs-first/fs-uae.log: OK
./results/split-durable-sparse-1-bfs-first/installed-assets.sha256: OK
./results/split-durable-sparse-1-bfs-first/run.log: OK
./results/split-durable-sparse-1-bfs-first/runtime-inputs.post.sha256: OK
./results/split-durable-sparse-1-bfs-first/runtime-inputs.sha256: OK
./results/split-durable-sparse-1-bfs-first/system/Results/bfs.split.tsv: OK
./results/split-durable-sparse-1-bfs-first/system/Results/complete.txt: OK
./results/split-durable-sparse-1-bfs-first/system/Results/format-pfs3.txt: OK
./results/split-durable-sparse-1-bfs-first/system/Results/info-after-format.txt: OK
./results/split-durable-sparse-1-bfs-first/system/Results/info.txt: OK
./results/split-durable-sparse-1-bfs-first/system/Results/pfs3.split.tsv: OK
./results/split-durable-sparse-1-bfs-first/system/Results/phase-bfs.txt: OK
./results/split-durable-sparse-1-bfs-first/system/Results/phase-pfs3.txt: OK
./results/split-durable-sparse-1-bfs-first/system/S/Startup-Sequence: OK
./results/split-durable-sparse-2-pfs3-first/bench.fs-uae: OK
./results/split-durable-sparse-2-pfs3-first/bfs-rdb-info.txt: OK
./results/split-durable-sparse-2-pfs3-first/bfs-rdb.json: OK
./results/split-durable-sparse-2-pfs3-first/build.log: OK
./results/split-durable-sparse-2-pfs3-first/fs-uae.log: OK
./results/split-durable-sparse-2-pfs3-first/installed-assets.sha256: OK
./results/split-durable-sparse-2-pfs3-first/run.log: OK
./results/split-durable-sparse-2-pfs3-first/runtime-inputs.post.sha256: OK
./results/split-durable-sparse-2-pfs3-first/runtime-inputs.sha256: OK
./results/split-durable-sparse-2-pfs3-first/system/Results/bfs.split.tsv: OK
./results/split-durable-sparse-2-pfs3-first/system/Results/complete.txt: OK
./results/split-durable-sparse-2-pfs3-first/system/Results/format-pfs3.txt: OK
./results/split-durable-sparse-2-pfs3-first/system/Results/info-after-format.txt: OK
./results/split-durable-sparse-2-pfs3-first/system/Results/info.txt: OK
./results/split-durable-sparse-2-pfs3-first/system/Results/pfs3.split.tsv: OK
./results/split-durable-sparse-2-pfs3-first/system/Results/phase-bfs.txt: OK
./results/split-durable-sparse-2-pfs3-first/system/Results/phase-pfs3.txt: OK
./results/split-durable-sparse-2-pfs3-first/system/S/Startup-Sequence: OK
./results/split-normal-m5-1-bfs-first/bench.fs-uae: OK
./results/split-normal-m5-1-bfs-first/bfs-rdb-info.txt: OK
./results/split-normal-m5-1-bfs-first/bfs-rdb.json: OK
./results/split-normal-m5-1-bfs-first/build.log: OK
./results/split-normal-m5-1-bfs-first/fs-uae.log: OK
./results/split-normal-m5-1-bfs-first/installed-assets.sha256: OK
./results/split-normal-m5-1-bfs-first/run.log: OK
./results/split-normal-m5-1-bfs-first/runtime-inputs.post.sha256: OK
./results/split-normal-m5-1-bfs-first/runtime-inputs.sha256: OK
./results/split-normal-m5-1-bfs-first/system/Results/bfs.split.tsv: OK
./results/split-normal-m5-1-bfs-first/system/Results/complete.txt: OK
./results/split-normal-m5-1-bfs-first/system/Results/format-pfs3.txt: OK
./results/split-normal-m5-1-bfs-first/system/Results/info-after-format.txt: OK
./results/split-normal-m5-1-bfs-first/system/Results/info.txt: OK
./results/split-normal-m5-1-bfs-first/system/Results/pfs3.split.tsv: OK
./results/split-normal-m5-1-bfs-first/system/Results/phase-bfs.txt: OK
./results/split-normal-m5-1-bfs-first/system/Results/phase-pfs3.txt: OK
./results/split-normal-m5-1-bfs-first/system/S/Startup-Sequence: OK
./results/split-normal-m5-2-pfs3-first/bench.fs-uae: OK
./results/split-normal-m5-2-pfs3-first/bfs-rdb-info.txt: OK
./results/split-normal-m5-2-pfs3-first/bfs-rdb.json: OK
./results/split-normal-m5-2-pfs3-first/build.log: OK
./results/split-normal-m5-2-pfs3-first/fs-uae.log: OK
./results/split-normal-m5-2-pfs3-first/installed-assets.sha256: OK
./results/split-normal-m5-2-pfs3-first/run.log: OK
./results/split-normal-m5-2-pfs3-first/runtime-inputs.post.sha256: OK
./results/split-normal-m5-2-pfs3-first/runtime-inputs.sha256: OK
./results/split-normal-m5-2-pfs3-first/system/Results/bfs.split.tsv: OK
./results/split-normal-m5-2-pfs3-first/system/Results/complete.txt: OK
./results/split-normal-m5-2-pfs3-first/system/Results/format-pfs3.txt: OK
./results/split-normal-m5-2-pfs3-first/system/Results/info-after-format.txt: OK
./results/split-normal-m5-2-pfs3-first/system/Results/info.txt: OK
./results/split-normal-m5-2-pfs3-first/system/Results/pfs3.split.tsv: OK
./results/split-normal-m5-2-pfs3-first/system/Results/phase-bfs.txt: OK
./results/split-normal-m5-2-pfs3-first/system/Results/phase-pfs3.txt: OK
./results/split-normal-m5-2-pfs3-first/system/S/Startup-Sequence: OK
./results/split-normal-sparse-1-bfs-first/bench.fs-uae: OK
./results/split-normal-sparse-1-bfs-first/bfs-rdb-info.txt: OK
./results/split-normal-sparse-1-bfs-first/bfs-rdb.json: OK
./results/split-normal-sparse-1-bfs-first/build.log: OK
./results/split-normal-sparse-1-bfs-first/fs-uae.log: OK
./results/split-normal-sparse-1-bfs-first/installed-assets.sha256: OK
./results/split-normal-sparse-1-bfs-first/run.log: OK
./results/split-normal-sparse-1-bfs-first/runtime-inputs.post.sha256: OK
./results/split-normal-sparse-1-bfs-first/runtime-inputs.sha256: OK
./results/split-normal-sparse-1-bfs-first/system/Results/bfs.split.tsv: OK
./results/split-normal-sparse-1-bfs-first/system/Results/complete.txt: OK
./results/split-normal-sparse-1-bfs-first/system/Results/format-pfs3.txt: OK
./results/split-normal-sparse-1-bfs-first/system/Results/info-after-format.txt: OK
./results/split-normal-sparse-1-bfs-first/system/Results/info.txt: OK
./results/split-normal-sparse-1-bfs-first/system/Results/pfs3.split.tsv: OK
./results/split-normal-sparse-1-bfs-first/system/Results/phase-bfs.txt: OK
./results/split-normal-sparse-1-bfs-first/system/Results/phase-pfs3.txt: OK
./results/split-normal-sparse-1-bfs-first/system/S/Startup-Sequence: OK
./results/split-normal-sparse-2-pfs3-first/bench.fs-uae: OK
./results/split-normal-sparse-2-pfs3-first/bfs-rdb-info.txt: OK
./results/split-normal-sparse-2-pfs3-first/bfs-rdb.json: OK
./results/split-normal-sparse-2-pfs3-first/build.log: OK
./results/split-normal-sparse-2-pfs3-first/fs-uae.log: OK
./results/split-normal-sparse-2-pfs3-first/installed-assets.sha256: OK
./results/split-normal-sparse-2-pfs3-first/run.log: OK
./results/split-normal-sparse-2-pfs3-first/runtime-inputs.post.sha256: OK
./results/split-normal-sparse-2-pfs3-first/runtime-inputs.sha256: OK
./results/split-normal-sparse-2-pfs3-first/system/Results/bfs.split.tsv: OK
./results/split-normal-sparse-2-pfs3-first/system/Results/complete.txt: OK
./results/split-normal-sparse-2-pfs3-first/system/Results/format-pfs3.txt: OK
./results/split-normal-sparse-2-pfs3-first/system/Results/info-after-format.txt: OK
./results/split-normal-sparse-2-pfs3-first/system/Results/info.txt: OK
./results/split-normal-sparse-2-pfs3-first/system/Results/pfs3.split.tsv: OK
./results/split-normal-sparse-2-pfs3-first/system/Results/phase-bfs.txt: OK
./results/split-normal-sparse-2-pfs3-first/system/Results/phase-pfs3.txt: OK
./results/split-normal-sparse-2-pfs3-first/system/S/Startup-Sequence: OK
./run-profile.sh: OK
./runner-after.log: OK
./runner-before.log: OK
./runner-console.log: OK
./services-restored.log: OK
./shellcheck.log: OK
./source-check.post.log: OK
./source-identities.sha256: OK
./split-verifier-tests.log: OK
./summarize_profile.py: OK
./summary-tests.log: OK
./summary.json: OK
./test_profile.py: OK
