combined-compare-bfs-first/bench.fs-uae: OK
combined-compare-bfs-first/bfs.tsv: OK
combined-compare-bfs-first/complete.txt: OK
combined-compare-bfs-first/fs-uae.log: OK
combined-compare-bfs-first/info-after-format.txt: OK
combined-compare-bfs-first/info.txt: OK
combined-compare-bfs-first/pfs3.tsv: OK
combined-compare-pfs3-first/bench.fs-uae: OK
combined-compare-pfs3-first/bfs.tsv: OK
combined-compare-pfs3-first/complete.txt: OK
combined-compare-pfs3-first/fs-uae.log: OK
combined-compare-pfs3-first/info-after-format.txt: OK
combined-compare-pfs3-first/info.txt: OK
combined-compare-pfs3-first/pfs3.tsv: OK
combined-deep-bfs-first/bench.fs-uae: OK
combined-deep-bfs-first/bfs.deep-compare.tsv: OK
combined-deep-bfs-first/complete.txt: OK
combined-deep-bfs-first/fs-uae.log: OK
combined-deep-bfs-first/info-after-format.txt: OK
combined-deep-bfs-first/info.txt: OK
combined-deep-bfs-first/pfs3.deep-compare.tsv: OK
combined-deep-pfs3-first/bench.fs-uae: OK
combined-deep-pfs3-first/bfs.deep-compare.tsv: OK
combined-deep-pfs3-first/complete.txt: OK
combined-deep-pfs3-first/fs-uae.log: OK
combined-deep-pfs3-first/info-after-format.txt: OK
combined-deep-pfs3-first/info.txt: OK
combined-deep-pfs3-first/pfs3.deep-compare.tsv: OK
final-compare-bfs-first/bench.fs-uae: OK
final-compare-bfs-first/bfs.tsv: OK
final-compare-bfs-first/complete.txt: OK
final-compare-bfs-first/fs-uae.log: OK
final-compare-bfs-first/info-after-format.txt: OK
final-compare-bfs-first/info.txt: OK
final-compare-bfs-first/pfs3.tsv: OK
final-compare-pfs3-first/bench.fs-uae: OK
final-compare-pfs3-first/bfs.tsv: OK
final-compare-pfs3-first/complete.txt: OK
final-compare-pfs3-first/fs-uae.log: OK
final-compare-pfs3-first/info-after-format.txt: OK
final-compare-pfs3-first/info.txt: OK
final-compare-pfs3-first/pfs3.tsv: OK
final-deep-bfs-first/bench.fs-uae: OK
final-deep-bfs-first/bfs.deep-compare.tsv: OK
final-deep-bfs-first/complete.txt: OK
final-deep-bfs-first/fs-uae.log: OK
final-deep-bfs-first/info-after-format.txt: OK
final-deep-bfs-first/info.txt: OK
final-deep-bfs-first/pfs3.deep-compare.tsv: OK
final-deep-pfs3-first/bench.fs-uae: OK
final-deep-pfs3-first/bfs.deep-compare.tsv: OK
final-deep-pfs3-first/complete.txt: OK
final-deep-pfs3-first/fs-uae.log: OK
final-deep-pfs3-first/info-after-format.txt: OK
final-deep-pfs3-first/info.txt: OK
final-deep-pfs3-first/pfs3.deep-compare.tsv: OK
qualified-compare-bfs-first/bench.fs-uae: OK
qualified-compare-bfs-first/bfs.tsv: OK
qualified-compare-bfs-first/complete.txt: OK
qualified-compare-bfs-first/fs-uae.log: OK
qualified-compare-bfs-first/info-after-format.txt: OK
qualified-compare-bfs-first/info.txt: OK
qualified-compare-bfs-first/pfs3.tsv: OK
qualified-compare-pfs3-first/bench.fs-uae: OK
qualified-compare-pfs3-first/bfs.tsv: OK
qualified-compare-pfs3-first/complete.txt: OK
qualified-compare-pfs3-first/fs-uae.log: OK
qualified-compare-pfs3-first/info-after-format.txt: OK
qualified-compare-pfs3-first/info.txt: OK
qualified-compare-pfs3-first/pfs3.tsv: OK
qualified-deep-bfs-first/bench.fs-uae: OK
qualified-deep-bfs-first/bfs.deep-compare.tsv: OK
qualified-deep-bfs-first/complete.txt: OK
qualified-deep-bfs-first/fs-uae.log: OK
qualified-deep-bfs-first/info-after-format.txt: OK
qualified-deep-bfs-first/info.txt: OK
qualified-deep-bfs-first/pfs3.deep-compare.tsv: OK
qualified-deep-pfs3-first/bench.fs-uae: OK
qualified-deep-pfs3-first/bfs.deep-compare.tsv: OK
qualified-deep-pfs3-first/complete.txt: OK
qualified-deep-pfs3-first/fs-uae.log: OK
qualified-deep-pfs3-first/info-after-format.txt: OK
qualified-deep-pfs3-first/info.txt: OK
qualified-deep-pfs3-first/pfs3.deep-compare.tsv: OK
refill-only-compare-bfs-first/bench.fs-uae: OK
refill-only-compare-bfs-first/bfs.tsv: OK
refill-only-compare-bfs-first/complete.txt: OK
refill-only-compare-bfs-first/fs-uae.log: OK
refill-only-compare-bfs-first/info-after-format.txt: OK
refill-only-compare-bfs-first/info.txt: OK
refill-only-compare-bfs-first/pfs3.tsv: OK
refill-only-deep-bfs-first/bench.fs-uae: OK
refill-only-deep-bfs-first/bfs.deep-compare.tsv: OK
refill-only-deep-bfs-first/complete.txt: OK
refill-only-deep-bfs-first/fs-uae.log: OK
refill-only-deep-bfs-first/info-after-format.txt: OK
refill-only-deep-bfs-first/info.txt: OK
refill-only-deep-bfs-first/pfs3.deep-compare.tsv: OK
