bulk-deep/bfs.deep-compare.tsv: OK
bulk-deep/complete.txt: OK
bulk-deep/fs-uae.log: OK
bulk-deep/info.txt: OK
bulk-deep/pfs3.deep-compare.tsv: OK
bulk-normal-bfs-first/bfs.tsv: OK
bulk-normal-bfs-first/complete.txt: OK
bulk-normal-bfs-first/fs-uae.log: OK
bulk-normal-bfs-first/info.txt: OK
bulk-normal-bfs-first/pfs3.tsv: OK
bulk-normal-pfs3-first/bfs.tsv: OK
bulk-normal-pfs3-first/complete.txt: OK
bulk-normal-pfs3-first/fs-uae.log: OK
bulk-normal-pfs3-first/info.txt: OK
bulk-normal-pfs3-first/pfs3.tsv: OK
stage-only-deep/bfs.deep-compare.tsv: OK
stage-only-deep/complete.txt: OK
stage-only-deep/fs-uae.log: OK
stage-only-deep/info.txt: OK
stage-only-deep/pfs3.deep-compare.tsv: OK
