amiga-build.log: OK
check.log: OK
focused-sanitize.log: OK
focused.log: OK
guest-verifiers.log: OK
host-suite.log: OK
initial-baseline-bfs-first/bench.fs-uae: OK
initial-baseline-bfs-first/bfs.tsv: OK
initial-baseline-bfs-first/complete.txt: OK
initial-baseline-bfs-first/fs-uae.log: OK
initial-baseline-bfs-first/info-after-format.txt: OK
initial-baseline-bfs-first/info.txt: OK
initial-baseline-bfs-first/pfs3.tsv: OK
initial-baseline-pfs3-first/bench.fs-uae: OK
initial-baseline-pfs3-first/bfs.tsv: OK
initial-baseline-pfs3-first/complete.txt: OK
initial-baseline-pfs3-first/fs-uae.log: OK
initial-baseline-pfs3-first/info-after-format.txt: OK
initial-baseline-pfs3-first/info.txt: OK
initial-baseline-pfs3-first/pfs3.tsv: OK
initial-candidate-bfs-first/bench.fs-uae: OK
initial-candidate-bfs-first/bfs.tsv: OK
initial-candidate-bfs-first/complete.txt: OK
initial-candidate-bfs-first/fs-uae.log: OK
initial-candidate-bfs-first/info-after-format.txt: OK
initial-candidate-bfs-first/info.txt: OK
initial-candidate-bfs-first/pfs3.tsv: OK
initial-candidate-pfs3-first/bench.fs-uae: OK
initial-candidate-pfs3-first/bfs.tsv: OK
initial-candidate-pfs3-first/complete.txt: OK
initial-candidate-pfs3-first/fs-uae.log: OK
initial-candidate-pfs3-first/info-after-format.txt: OK
initial-candidate-pfs3-first/info.txt: OK
initial-candidate-pfs3-first/pfs3.tsv: OK
initial-deep/bench.fs-uae: OK
initial-deep/bfs.deep-compare.tsv: OK
initial-deep/complete.txt: OK
initial-deep/fs-uae.log: OK
initial-deep/info-after-format.txt: OK
initial-deep/info.txt: OK
initial-deep/pfs3.deep-compare.tsv: OK
sanitize-suite.log: OK
unbounded-baseline-bfs-first/bench.fs-uae: OK
unbounded-baseline-bfs-first/bfs.tsv: OK
unbounded-baseline-bfs-first/complete.txt: OK
unbounded-baseline-bfs-first/fs-uae.log: OK
unbounded-baseline-bfs-first/info-after-format.txt: OK
unbounded-baseline-bfs-first/info.txt: OK
unbounded-baseline-bfs-first/pfs3.tsv: OK
unbounded-baseline-pfs3-first/bench.fs-uae: OK
unbounded-baseline-pfs3-first/bfs.tsv: OK
unbounded-baseline-pfs3-first/complete.txt: OK
unbounded-baseline-pfs3-first/fs-uae.log: OK
unbounded-baseline-pfs3-first/info-after-format.txt: OK
unbounded-baseline-pfs3-first/info.txt: OK
unbounded-baseline-pfs3-first/pfs3.tsv: OK
unbounded-candidate-bfs-first/bench.fs-uae: OK
unbounded-candidate-bfs-first/bfs.tsv: OK
unbounded-candidate-bfs-first/complete.txt: OK
unbounded-candidate-bfs-first/fs-uae.log: OK
unbounded-candidate-bfs-first/info-after-format.txt: OK
unbounded-candidate-bfs-first/info.txt: OK
unbounded-candidate-bfs-first/pfs3.tsv: OK
unbounded-candidate-pfs3-first/bench.fs-uae: OK
unbounded-candidate-pfs3-first/bfs.tsv: OK
unbounded-candidate-pfs3-first/complete.txt: OK
unbounded-candidate-pfs3-first/fs-uae.log: OK
unbounded-candidate-pfs3-first/info-after-format.txt: OK
unbounded-candidate-pfs3-first/info.txt: OK
unbounded-candidate-pfs3-first/pfs3.tsv: OK
unbounded-deep/bench.fs-uae: OK
unbounded-deep/bfs.deep-compare.tsv: OK
unbounded-deep/complete.txt: OK
unbounded-deep/fs-uae.log: OK
unbounded-deep/info-after-format.txt: OK
unbounded-deep/info.txt: OK
unbounded-deep/pfs3.deep-compare.tsv: OK
unbounded-repeat-baseline-bfs-first/bench.fs-uae: OK
unbounded-repeat-baseline-bfs-first/bfs.tsv: OK
unbounded-repeat-baseline-bfs-first/complete.txt: OK
unbounded-repeat-baseline-bfs-first/fs-uae.log: OK
unbounded-repeat-baseline-bfs-first/info-after-format.txt: OK
unbounded-repeat-baseline-bfs-first/info.txt: OK
unbounded-repeat-baseline-bfs-first/pfs3.tsv: OK
unbounded-repeat-baseline-pfs3-first/bench.fs-uae: OK
unbounded-repeat-baseline-pfs3-first/bfs.tsv: OK
unbounded-repeat-baseline-pfs3-first/complete.txt: OK
unbounded-repeat-baseline-pfs3-first/fs-uae.log: OK
unbounded-repeat-baseline-pfs3-first/info-after-format.txt: OK
unbounded-repeat-baseline-pfs3-first/info.txt: OK
unbounded-repeat-baseline-pfs3-first/pfs3.tsv: OK
unbounded-repeat-candidate-bfs-first/bench.fs-uae: OK
unbounded-repeat-candidate-bfs-first/bfs.tsv: OK
unbounded-repeat-candidate-bfs-first/complete.txt: OK
unbounded-repeat-candidate-bfs-first/fs-uae.log: OK
unbounded-repeat-candidate-bfs-first/info-after-format.txt: OK
unbounded-repeat-candidate-bfs-first/info.txt: OK
unbounded-repeat-candidate-bfs-first/pfs3.tsv: OK
unbounded-repeat-candidate-pfs3-first/bench.fs-uae: OK
unbounded-repeat-candidate-pfs3-first/bfs.tsv: OK
unbounded-repeat-candidate-pfs3-first/complete.txt: OK
unbounded-repeat-candidate-pfs3-first/fs-uae.log: OK
unbounded-repeat-candidate-pfs3-first/info-after-format.txt: OK
unbounded-repeat-candidate-pfs3-first/info.txt: OK
unbounded-repeat-candidate-pfs3-first/pfs3.tsv: OK
warmup-baseline-bfs-first/bench.fs-uae: OK
warmup-baseline-bfs-first/bfs.tsv: OK
warmup-baseline-bfs-first/complete.txt: OK
warmup-baseline-bfs-first/fs-uae.log: OK
warmup-baseline-bfs-first/info-after-format.txt: OK
warmup-baseline-bfs-first/info.txt: OK
warmup-baseline-bfs-first/pfs3.tsv: OK
warmup-baseline-pfs3-first/bench.fs-uae: OK
warmup-baseline-pfs3-first/bfs.tsv: OK
warmup-baseline-pfs3-first/complete.txt: OK
warmup-baseline-pfs3-first/fs-uae.log: OK
warmup-baseline-pfs3-first/info-after-format.txt: OK
warmup-baseline-pfs3-first/info.txt: OK
warmup-baseline-pfs3-first/pfs3.tsv: OK
warmup-candidate-bfs-first/bench.fs-uae: OK
warmup-candidate-bfs-first/bfs.tsv: OK
warmup-candidate-bfs-first/complete.txt: OK
warmup-candidate-bfs-first/fs-uae.log: OK
warmup-candidate-bfs-first/info-after-format.txt: OK
warmup-candidate-bfs-first/info.txt: OK
warmup-candidate-bfs-first/pfs3.tsv: OK
warmup-candidate-pfs3-first/bench.fs-uae: OK
warmup-candidate-pfs3-first/bfs.tsv: OK
warmup-candidate-pfs3-first/complete.txt: OK
warmup-candidate-pfs3-first/fs-uae.log: OK
warmup-candidate-pfs3-first/info-after-format.txt: OK
warmup-candidate-pfs3-first/info.txt: OK
warmup-candidate-pfs3-first/pfs3.tsv: OK
warmup-deep/bench.fs-uae: OK
warmup-deep/bfs.deep-compare.tsv: OK
warmup-deep/complete.txt: OK
warmup-deep/fs-uae.log: OK
warmup-deep/info-after-format.txt: OK
warmup-deep/info.txt: OK
warmup-deep/pfs3.deep-compare.tsv: OK
warmup-repeat-baseline-bfs-first/bench.fs-uae: OK
warmup-repeat-baseline-bfs-first/bfs.tsv: OK
warmup-repeat-baseline-bfs-first/complete.txt: OK
warmup-repeat-baseline-bfs-first/fs-uae.log: OK
warmup-repeat-baseline-bfs-first/info-after-format.txt: OK
warmup-repeat-baseline-bfs-first/info.txt: OK
warmup-repeat-baseline-bfs-first/pfs3.tsv: OK
warmup-repeat-baseline-pfs3-first/bench.fs-uae: OK
warmup-repeat-baseline-pfs3-first/bfs.tsv: OK
warmup-repeat-baseline-pfs3-first/complete.txt: OK
warmup-repeat-baseline-pfs3-first/fs-uae.log: OK
warmup-repeat-baseline-pfs3-first/info-after-format.txt: OK
warmup-repeat-baseline-pfs3-first/info.txt: OK
warmup-repeat-baseline-pfs3-first/pfs3.tsv: OK
warmup-repeat-candidate-bfs-first/bench.fs-uae: OK
warmup-repeat-candidate-bfs-first/bfs.tsv: OK
warmup-repeat-candidate-bfs-first/complete.txt: OK
warmup-repeat-candidate-bfs-first/fs-uae.log: OK
warmup-repeat-candidate-bfs-first/info-after-format.txt: OK
warmup-repeat-candidate-bfs-first/info.txt: OK
warmup-repeat-candidate-bfs-first/pfs3.tsv: OK
warmup-repeat-candidate-pfs3-first/bench.fs-uae: OK
warmup-repeat-candidate-pfs3-first/bfs.tsv: OK
warmup-repeat-candidate-pfs3-first/complete.txt: OK
warmup-repeat-candidate-pfs3-first/fs-uae.log: OK
warmup-repeat-candidate-pfs3-first/info-after-format.txt: OK
warmup-repeat-candidate-pfs3-first/info.txt: OK
warmup-repeat-candidate-pfs3-first/pfs3.tsv: OK
