.gitattributes: OK
measurement-summary.md: OK
metadata-batch-preflight.sh: OK
metadata-single-extent-archive-images.sh: OK
metadata-single-extent-baseline-preparation.log: OK
metadata-single-extent-build-final.log: OK
metadata-single-extent-build-final2.log: OK
metadata-single-extent-build-final3.log: OK
metadata-single-extent-build-final4.log: OK
metadata-single-extent-build-final5.log: OK
metadata-single-extent-build-final6.log: OK
metadata-single-extent-candidate.patch: OK
metadata-single-extent-comparison.json: OK
metadata-single-extent-completed-image-archive.log: OK
metadata-single-extent-evidence-copy.log: OK
metadata-single-extent-existing-build-final.log: OK
metadata-single-extent-existing-build.log: OK
metadata-single-extent-existing-run.log: OK
metadata-single-extent-fault-focused-build.log: OK
metadata-single-extent-fault-focused-run.log: OK
metadata-single-extent-fault-integration2-build.log: OK
metadata-single-extent-fault-integration2-run.log: OK
metadata-single-extent-final-source-identities.log: OK
metadata-single-extent-headroom-guard-negative-control.patch: OK
metadata-single-extent-host-prebuild.log: OK
metadata-single-extent-host-test.log: OK
metadata-single-extent-linux-fuse.log: OK
metadata-single-extent-m68k-build.log: OK
metadata-single-extent-m68k-identities.log: OK
metadata-single-extent-m68k-rebuild.log: OK
metadata-single-extent-measurements.log: OK
metadata-single-extent-negative-control-identities.log: OK
metadata-single-extent-negative-controls.log: OK
metadata-single-extent-negative-controls.sh: OK
metadata-single-extent-negative-headroom-build.log: OK
metadata-single-extent-negative-headroom-run.log: OK
metadata-single-extent-negative-published-build.log: OK
metadata-single-extent-negative-published-run.log: OK
metadata-single-extent-normal-baseline-bfs-first-images.log: OK
metadata-single-extent-normal-baseline-bfs-first-run.log: OK
metadata-single-extent-normal-baseline-bfs-first/bench.fs-uae: OK
metadata-single-extent-normal-baseline-bfs-first/fs-uae.log: OK
metadata-single-extent-normal-baseline-bfs-first/metadata-single-extent-normal-baseline-bfs-first-images.log: OK
metadata-single-extent-normal-baseline-bfs-first/metadata-single-extent-normal-baseline-bfs-first-run.log: OK
metadata-single-extent-normal-baseline-bfs-first/system/Results/bfs.tsv: OK
metadata-single-extent-normal-baseline-bfs-first/system/Results/complete.txt: OK
metadata-single-extent-normal-baseline-bfs-first/system/Results/format-pfs3.txt: OK
metadata-single-extent-normal-baseline-bfs-first/system/Results/format-pfs3.txt.b64: OK
metadata-single-extent-normal-baseline-bfs-first/system/Results/info-after-format.txt: OK
metadata-single-extent-normal-baseline-bfs-first/system/Results/info.txt: OK
metadata-single-extent-normal-baseline-bfs-first/system/Results/pfs3.tsv: OK
metadata-single-extent-normal-baseline-bfs-first/system/Results/phase-bfs.txt: OK
metadata-single-extent-normal-baseline-bfs-first/system/Results/phase-pfs3.txt: OK
metadata-single-extent-normal-baseline-pfs3-first-images.log: OK
metadata-single-extent-normal-baseline-pfs3-first-run.log: OK
metadata-single-extent-normal-baseline-pfs3-first/bench.fs-uae: OK
metadata-single-extent-normal-baseline-pfs3-first/fs-uae.log: OK
metadata-single-extent-normal-baseline-pfs3-first/metadata-single-extent-normal-baseline-pfs3-first-images.log: OK
metadata-single-extent-normal-baseline-pfs3-first/metadata-single-extent-normal-baseline-pfs3-first-run.log: OK
metadata-single-extent-normal-baseline-pfs3-first/system/Results/bfs.tsv: OK
metadata-single-extent-normal-baseline-pfs3-first/system/Results/complete.txt: OK
metadata-single-extent-normal-baseline-pfs3-first/system/Results/format-pfs3.txt: OK
metadata-single-extent-normal-baseline-pfs3-first/system/Results/format-pfs3.txt.b64: OK
metadata-single-extent-normal-baseline-pfs3-first/system/Results/info-after-format.txt: OK
metadata-single-extent-normal-baseline-pfs3-first/system/Results/info.txt: OK
metadata-single-extent-normal-baseline-pfs3-first/system/Results/pfs3.tsv: OK
metadata-single-extent-normal-baseline-pfs3-first/system/Results/phase-bfs.txt: OK
metadata-single-extent-normal-baseline-pfs3-first/system/Results/phase-pfs3.txt: OK
metadata-single-extent-normal-candidate-bfs-first-images.log: OK
metadata-single-extent-normal-candidate-bfs-first-run.log: OK
metadata-single-extent-normal-candidate-bfs-first/bench.fs-uae: OK
metadata-single-extent-normal-candidate-bfs-first/fs-uae.log: OK
metadata-single-extent-normal-candidate-bfs-first/metadata-single-extent-normal-candidate-bfs-first-images.log: OK
metadata-single-extent-normal-candidate-bfs-first/metadata-single-extent-normal-candidate-bfs-first-run.log: OK
metadata-single-extent-normal-candidate-bfs-first/system/Results/bfs.tsv: OK
metadata-single-extent-normal-candidate-bfs-first/system/Results/complete.txt: OK
metadata-single-extent-normal-candidate-bfs-first/system/Results/format-pfs3.txt: OK
metadata-single-extent-normal-candidate-bfs-first/system/Results/format-pfs3.txt.b64: OK
metadata-single-extent-normal-candidate-bfs-first/system/Results/info-after-format.txt: OK
metadata-single-extent-normal-candidate-bfs-first/system/Results/info.txt: OK
metadata-single-extent-normal-candidate-bfs-first/system/Results/pfs3.tsv: OK
metadata-single-extent-normal-candidate-bfs-first/system/Results/phase-bfs.txt: OK
metadata-single-extent-normal-candidate-bfs-first/system/Results/phase-pfs3.txt: OK
metadata-single-extent-normal-candidate-pfs3-first-images.log: OK
metadata-single-extent-normal-candidate-pfs3-first-run.log: OK
metadata-single-extent-normal-candidate-pfs3-first/bench.fs-uae: OK
metadata-single-extent-normal-candidate-pfs3-first/fs-uae.log: OK
metadata-single-extent-normal-candidate-pfs3-first/metadata-single-extent-normal-candidate-pfs3-first-images.log: OK
metadata-single-extent-normal-candidate-pfs3-first/metadata-single-extent-normal-candidate-pfs3-first-run.log: OK
metadata-single-extent-normal-candidate-pfs3-first/system/Results/bfs.tsv: OK
metadata-single-extent-normal-candidate-pfs3-first/system/Results/complete.txt: OK
metadata-single-extent-normal-candidate-pfs3-first/system/Results/format-pfs3.txt: OK
metadata-single-extent-normal-candidate-pfs3-first/system/Results/format-pfs3.txt.b64: OK
metadata-single-extent-normal-candidate-pfs3-first/system/Results/info-after-format.txt: OK
metadata-single-extent-normal-candidate-pfs3-first/system/Results/info.txt: OK
metadata-single-extent-normal-candidate-pfs3-first/system/Results/pfs3.tsv: OK
metadata-single-extent-normal-candidate-pfs3-first/system/Results/phase-bfs.txt: OK
metadata-single-extent-normal-candidate-pfs3-first/system/Results/phase-pfs3.txt: OK
metadata-single-extent-normal-repeat-baseline-bfs-first-images.log: OK
metadata-single-extent-normal-repeat-baseline-bfs-first-run.log: OK
metadata-single-extent-normal-repeat-baseline-bfs-first/bench.fs-uae: OK
metadata-single-extent-normal-repeat-baseline-bfs-first/fs-uae.log: OK
metadata-single-extent-normal-repeat-baseline-bfs-first/metadata-single-extent-normal-repeat-baseline-bfs-first-images.log: OK
metadata-single-extent-normal-repeat-baseline-bfs-first/metadata-single-extent-normal-repeat-baseline-bfs-first-run.log: OK
metadata-single-extent-normal-repeat-baseline-bfs-first/system/Results/bfs.tsv: OK
metadata-single-extent-normal-repeat-baseline-bfs-first/system/Results/complete.txt: OK
metadata-single-extent-normal-repeat-baseline-bfs-first/system/Results/format-pfs3.txt: OK
metadata-single-extent-normal-repeat-baseline-bfs-first/system/Results/format-pfs3.txt.b64: OK
metadata-single-extent-normal-repeat-baseline-bfs-first/system/Results/info-after-format.txt: OK
metadata-single-extent-normal-repeat-baseline-bfs-first/system/Results/info.txt: OK
metadata-single-extent-normal-repeat-baseline-bfs-first/system/Results/pfs3.tsv: OK
metadata-single-extent-normal-repeat-baseline-bfs-first/system/Results/phase-bfs.txt: OK
metadata-single-extent-normal-repeat-baseline-bfs-first/system/Results/phase-pfs3.txt: OK
metadata-single-extent-normal-repeat-baseline-pfs3-first-images.log: OK
metadata-single-extent-normal-repeat-baseline-pfs3-first-run.log: OK
metadata-single-extent-normal-repeat-baseline-pfs3-first/bench.fs-uae: OK
metadata-single-extent-normal-repeat-baseline-pfs3-first/fs-uae.log: OK
metadata-single-extent-normal-repeat-baseline-pfs3-first/metadata-single-extent-normal-repeat-baseline-pfs3-first-images.log: OK
metadata-single-extent-normal-repeat-baseline-pfs3-first/metadata-single-extent-normal-repeat-baseline-pfs3-first-run.log: OK
metadata-single-extent-normal-repeat-baseline-pfs3-first/system/Results/bfs.tsv: OK
metadata-single-extent-normal-repeat-baseline-pfs3-first/system/Results/complete.txt: OK
metadata-single-extent-normal-repeat-baseline-pfs3-first/system/Results/format-pfs3.txt: OK
metadata-single-extent-normal-repeat-baseline-pfs3-first/system/Results/format-pfs3.txt.b64: OK
metadata-single-extent-normal-repeat-baseline-pfs3-first/system/Results/info-after-format.txt: OK
metadata-single-extent-normal-repeat-baseline-pfs3-first/system/Results/info.txt: OK
metadata-single-extent-normal-repeat-baseline-pfs3-first/system/Results/pfs3.tsv: OK
metadata-single-extent-normal-repeat-baseline-pfs3-first/system/Results/phase-bfs.txt: OK
metadata-single-extent-normal-repeat-baseline-pfs3-first/system/Results/phase-pfs3.txt: OK
metadata-single-extent-normal-repeat-candidate-bfs-first-images.log: OK
metadata-single-extent-normal-repeat-candidate-bfs-first-run.log: OK
metadata-single-extent-normal-repeat-candidate-bfs-first/bench.fs-uae: OK
metadata-single-extent-normal-repeat-candidate-bfs-first/fs-uae.log: OK
metadata-single-extent-normal-repeat-candidate-bfs-first/metadata-single-extent-normal-repeat-candidate-bfs-first-images.log: OK
metadata-single-extent-normal-repeat-candidate-bfs-first/metadata-single-extent-normal-repeat-candidate-bfs-first-run.log: OK
metadata-single-extent-normal-repeat-candidate-bfs-first/system/Results/bfs.tsv: OK
metadata-single-extent-normal-repeat-candidate-bfs-first/system/Results/complete.txt: OK
metadata-single-extent-normal-repeat-candidate-bfs-first/system/Results/format-pfs3.txt: OK
metadata-single-extent-normal-repeat-candidate-bfs-first/system/Results/format-pfs3.txt.b64: OK
metadata-single-extent-normal-repeat-candidate-bfs-first/system/Results/info-after-format.txt: OK
metadata-single-extent-normal-repeat-candidate-bfs-first/system/Results/info.txt: OK
metadata-single-extent-normal-repeat-candidate-bfs-first/system/Results/pfs3.tsv: OK
metadata-single-extent-normal-repeat-candidate-bfs-first/system/Results/phase-bfs.txt: OK
metadata-single-extent-normal-repeat-candidate-bfs-first/system/Results/phase-pfs3.txt: OK
metadata-single-extent-normal-repeat-candidate-pfs3-first-images.log: OK
metadata-single-extent-normal-repeat-candidate-pfs3-first-run.log: OK
metadata-single-extent-normal-repeat-candidate-pfs3-first/bench.fs-uae: OK
metadata-single-extent-normal-repeat-candidate-pfs3-first/fs-uae.log: OK
metadata-single-extent-normal-repeat-candidate-pfs3-first/metadata-single-extent-normal-repeat-candidate-pfs3-first-images.log: OK
metadata-single-extent-normal-repeat-candidate-pfs3-first/metadata-single-extent-normal-repeat-candidate-pfs3-first-run.log: OK
metadata-single-extent-normal-repeat-candidate-pfs3-first/system/Results/bfs.tsv: OK
metadata-single-extent-normal-repeat-candidate-pfs3-first/system/Results/complete.txt: OK
metadata-single-extent-normal-repeat-candidate-pfs3-first/system/Results/format-pfs3.txt: OK
metadata-single-extent-normal-repeat-candidate-pfs3-first/system/Results/format-pfs3.txt.b64: OK
metadata-single-extent-normal-repeat-candidate-pfs3-first/system/Results/info-after-format.txt: OK
metadata-single-extent-normal-repeat-candidate-pfs3-first/system/Results/info.txt: OK
metadata-single-extent-normal-repeat-candidate-pfs3-first/system/Results/pfs3.tsv: OK
metadata-single-extent-normal-repeat-candidate-pfs3-first/system/Results/phase-bfs.txt: OK
metadata-single-extent-normal-repeat-candidate-pfs3-first/system/Results/phase-pfs3.txt: OK
metadata-single-extent-prebuild-existing.sh: OK
metadata-single-extent-probe-bfs-first-images.log: OK
metadata-single-extent-probe-bfs-first-run.log: OK
metadata-single-extent-probe-bfs-first/bench.fs-uae: OK
metadata-single-extent-probe-bfs-first/fs-uae.log: OK
metadata-single-extent-probe-bfs-first/metadata-single-extent-probe-bfs-first-images.log: OK
metadata-single-extent-probe-bfs-first/metadata-single-extent-probe-bfs-first-run.log: OK
metadata-single-extent-probe-bfs-first/system/Results/bfs.deep-compare.tsv: OK
metadata-single-extent-probe-bfs-first/system/Results/complete.txt: OK
metadata-single-extent-probe-bfs-first/system/Results/format-pfs3.txt: OK
metadata-single-extent-probe-bfs-first/system/Results/format-pfs3.txt.b64: OK
metadata-single-extent-probe-bfs-first/system/Results/info-after-format.txt: OK
metadata-single-extent-probe-bfs-first/system/Results/info.txt: OK
metadata-single-extent-probe-bfs-first/system/Results/pfs3.deep-compare.tsv: OK
metadata-single-extent-probe-bfs-first/system/Results/phase-bfs.txt: OK
metadata-single-extent-probe-bfs-first/system/Results/phase-pfs3.txt: OK
metadata-single-extent-probe-pfs3-first-images.log: OK
metadata-single-extent-probe-pfs3-first-run.log: OK
metadata-single-extent-probe-pfs3-first/bench.fs-uae: OK
metadata-single-extent-probe-pfs3-first/fs-uae.log: OK
metadata-single-extent-probe-pfs3-first/metadata-single-extent-probe-pfs3-first-images.log: OK
metadata-single-extent-probe-pfs3-first/metadata-single-extent-probe-pfs3-first-run.log: OK
metadata-single-extent-probe-pfs3-first/system/Results/bfs.deep-compare.tsv: OK
metadata-single-extent-probe-pfs3-first/system/Results/complete.txt: OK
metadata-single-extent-probe-pfs3-first/system/Results/format-pfs3.txt: OK
metadata-single-extent-probe-pfs3-first/system/Results/format-pfs3.txt.b64: OK
metadata-single-extent-probe-pfs3-first/system/Results/info-after-format.txt: OK
metadata-single-extent-probe-pfs3-first/system/Results/info.txt: OK
metadata-single-extent-probe-pfs3-first/system/Results/pfs3.deep-compare.tsv: OK
metadata-single-extent-probe-pfs3-first/system/Results/phase-bfs.txt: OK
metadata-single-extent-probe-pfs3-first/system/Results/phase-pfs3.txt: OK
metadata-single-extent-production-source-identities.log: OK
metadata-single-extent-published-guard-negative-control.patch: OK
metadata-single-extent-quality.log: OK
metadata-single-extent-remote-preflight.log: OK
metadata-single-extent-restored-source-identities.log: OK
metadata-single-extent-review-notes.log: OK
metadata-single-extent-run-final.log: OK
metadata-single-extent-run-final2.log: OK
metadata-single-extent-run-final3.log: OK
metadata-single-extent-run-final4.log: OK
metadata-single-extent-sanitizer-prebuild.log: OK
metadata-single-extent-sanitizer-test.log: OK
metadata-single-extent-sealed-preflight-fixture.patch: OK
metadata-single-extent-summary-parser-test.log: OK
metadata-single-extent-summary.log: OK
metadata-single-extent-v1-controls-build.log: OK
metadata-single-extent-v1-controls-run.log: OK
persist-metadata-batch-evidence.sh: OK
prepare-metadata-batch-measurements.sh: OK
run-metadata-batch-measurements.sh: OK
summarize-metadata-batch.js: OK
test_metadata_withdrawal_batch.c: OK
test_metadata_withdrawal_batch_faults.c: OK
