snapdog-runner
START 1 metabound-1-bfs-first-reference 2026-10-10T10:16:22Z
PASS 1 metabound-1-bfs-first-reference 2026-10-10T10:16:58Z
START 2 metabound-1-bfs-first-bound 2026-10-10T10:16:58Z
PASS 2 metabound-1-bfs-first-bound 2026-10-10T10:17:34Z
START 3 metabound-2-pfs3-first-bound 2026-10-10T10:17:34Z
PASS 3 metabound-2-pfs3-first-bound 2026-10-10T10:18:09Z
START 4 metabound-2-pfs3-first-reference 2026-10-10T10:18:09Z
PASS 4 metabound-2-pfs3-first-reference 2026-10-10T10:18:45Z
START 5 metabound-3-bfs-first-reference 2026-10-10T10:18:45Z
PASS 5 metabound-3-bfs-first-reference 2026-10-10T10:19:20Z
START 6 metabound-3-bfs-first-bound 2026-10-10T10:19:20Z
PASS 6 metabound-3-bfs-first-bound 2026-10-10T10:19:56Z
START 7 metabound-4-pfs3-first-bound 2026-10-10T10:19:56Z
PASS 7 metabound-4-pfs3-first-bound 2026-10-10T10:20:31Z
START 8 metabound-4-pfs3-first-reference 2026-10-10T10:20:31Z
PASS 8 metabound-4-pfs3-first-reference 2026-10-10T10:21:07Z
START 9 metabound-5-bfs-first-reference 2026-10-10T10:21:07Z
PASS 9 metabound-5-bfs-first-reference 2026-10-10T10:21:43Z
START 10 metabound-5-bfs-first-bound 2026-10-10T10:21:43Z
PASS 10 metabound-5-bfs-first-bound 2026-10-10T10:22:19Z
START 11 metabound-6-pfs3-first-bound 2026-10-10T10:22:19Z
PASS 11 metabound-6-pfs3-first-bound 2026-10-10T10:22:55Z
START 12 metabound-6-pfs3-first-reference 2026-10-10T10:22:55Z
PASS 12 metabound-6-pfs3-first-reference 2026-10-10T10:23:31Z
START 13 metabound-7-bfs-first-reference 2026-10-10T10:23:31Z
PASS 13 metabound-7-bfs-first-reference 2026-10-10T10:24:07Z
START 14 metabound-7-bfs-first-bound 2026-10-10T10:24:07Z
PASS 14 metabound-7-bfs-first-bound 2026-10-10T10:24:41Z
START 15 metabound-8-pfs3-first-bound 2026-10-10T10:24:42Z
PASS 15 metabound-8-pfs3-first-bound 2026-10-10T10:25:17Z
START 16 metabound-8-pfs3-first-reference 2026-10-10T10:25:17Z
PASS 16 metabound-8-pfs3-first-reference 2026-10-10T10:25:53Z
METABOUND_PILOT_COMPLETE 16 2026-10-10T10:25:54Z
snapdog-runner
RESTORE_COMPLETE status=0 2026-10-10T10:25:56Z
