=== BFS vs PFS3 Benchmark (FS-UAE 68040) ===
Evidence directory: /home/fabian/.cache/bfs-performance/metadata-2026-10-08.QvzB5w/build/benchmark/metadata-m1-c8-20261008-m1-1-bfs-first
Mode: compare
Timeout: 600s


=== Machine Info ===
# Machine Info
Kickstart 47.102, Workbench 47.2
System: 68040 68040/060-FPU   (INST: Cache Burst) (DATA: NoCache NoBurst)
Type  Available    In-Use   Maximum   Largest
chip    2028040     52728   2080768   2027968
fast    7693872    694736   8388608   7688800
total   9721912    747464  10469376   7688800


Mounted disks:
Unit      Size       Used       Free Full Errs   Status   Name
DF0       No disk present
DH0      4095M    4194304    4194303  50%   0  Read/Write System
DH1       255M         36      65372   0%   0  Read/Write BFSTest
DH2       Not a DOS disk

Volumes available:
BFSTest [Mounted]
System [Mounted]

=== BFS Results ===
FS_COMPARE_BENCH	3
DRIVE	DH1:
SMALL_CREATE_40_US	29695
LOOKUP_400_US	74239
SMALL_READ_40_US	27198
LIST_EXNEXT_400_US	63040
LIST_EXALL_400_US	14913
SEQ_WRITE_8M_US	62604
SEQ_READ_8M_US	297472
SMALL_DELETE_40_US	16810
APPEND_4K_1M_US	70272
APPEND_1K_256K_US	58048
APPEND_READ_1280K_US	43905
PASS	1

=== PFS3 Results ===
FS_COMPARE_BENCH	3
DRIVE	DH2:
SMALL_CREATE_40_US	16895
LOOKUP_400_US	67053
SMALL_READ_40_US	14913
LIST_EXNEXT_400_US	12138
LIST_EXALL_400_US	2497
SEQ_WRITE_8M_US	40383
SEQ_READ_8M_US	261610
SMALL_DELETE_40_US	8127
APPEND_4K_1M_US	32448
APPEND_1K_256K_US	23105
APPEND_READ_1280K_US	41215
PASS	1
PASS: requested mounted-volume workload outputs are complete and data-checked
