=== BFS vs PFS3 Benchmark (FS-UAE 68040) ===
Evidence directory: /home/fabian/.cache/bfs-performance/sparse-crc-2026-10-09.xN615F/candidate/build/benchmark/sparse-durable-20261009-sparse-3-bfs-first
Mode: durable-compare
Timeout: 600s


=== Machine Info ===
# Machine Info
Kickstart 47.102, Workbench 47.2
System: 68040 68040/060-FPU   (INST: Cache Burst) (DATA: NoCache NoBurst)
Type  Available    In-Use   Maximum   Largest
chip    2028040     52728   2080768   2027968
fast    7686824    701784   8388608   7681768
total   9714864    754512  10469376   7681768


Mounted disks:
Unit      Size       Used       Free Full Errs   Status   Name
DF0       No disk present
DH0      4095M    4194304    4194303  50%   0  Read/Write System
DH1       255M         36      65372   0%   0  Read/Write BFSTest
DH2       Not a DOS disk

Volumes available:
BFSTest [Mounted]
System [Mounted]

=== BFS Results ===
FS_DURABLE_COMPARE	4
DRIVE	DH1:
SMALL_CREATE_40_US	37760
LOOKUP_400_US	77568
SMALL_READ_40_US	20415
LIST_EXNEXT_400_US	31360
LIST_EXALL_400_US	13823
SEQ_WRITE_8M_US	55998
SEQ_READ_8M_US	261247
SMALL_DELETE_40_US	20865
APPEND_4K_1M_US	82048
APPEND_1K_256K_US	75008
APPEND_READ_1280K_US	51200
LIST_EXNEXT_40_ENTRIES_FIRST_PASS_US	6017
LIST_EXNEXT_40_ENTRIES_REPEAT10_TOTAL_US	32128
LIST_EXALL_40_ENTRIES_FIRST_PASS_US	3007
LIST_EXALL_40_ENTRIES_REPEAT10_TOTAL_US	9535
LIST_EXNEXT_400_ENTRIES_FIRST_PASS_US	49857
LIST_EXNEXT_400_ENTRIES_REPEAT10_TOTAL_US	597756
LIST_EXALL_400_ENTRIES_FIRST_PASS_US	29760
LIST_EXALL_400_ENTRIES_REPEAT10_TOTAL_US	367038
LIST_EXNEXT_1000_ENTRIES_FIRST_PASS_US	156031
LIST_EXNEXT_1000_ENTRIES_REPEAT10_TOTAL_US	1438200
LIST_EXALL_1000_ENTRIES_FIRST_PASS_US	79999
LIST_EXALL_1000_ENTRIES_REPEAT10_TOTAL_US	887997
PASS	1

=== PFS3 Results ===
FS_DURABLE_COMPARE	4
DRIVE	DH2:
SMALL_CREATE_40_US	16768
LOOKUP_400_US	66560
SMALL_READ_40_US	14400
LIST_EXNEXT_400_US	12031
LIST_EXALL_400_US	2495
SEQ_WRITE_8M_US	43968
SEQ_READ_8M_US	262207
SMALL_DELETE_40_US	8769
APPEND_4K_1M_US	34368
APPEND_1K_256K_US	31615
APPEND_READ_1280K_US	53632
LIST_EXNEXT_40_ENTRIES_FIRST_PASS_US	1600
LIST_EXNEXT_40_ENTRIES_REPEAT10_TOTAL_US	12417
LIST_EXALL_40_ENTRIES_FIRST_PASS_US	640
LIST_EXALL_40_ENTRIES_REPEAT10_TOTAL_US	2560
LIST_EXNEXT_400_ENTRIES_FIRST_PASS_US	13888
LIST_EXNEXT_400_ENTRIES_REPEAT10_TOTAL_US	114111
LIST_EXALL_400_ENTRIES_FIRST_PASS_US	4287
LIST_EXALL_400_ENTRIES_REPEAT10_TOTAL_US	23871
LIST_EXNEXT_1000_ENTRIES_FIRST_PASS_US	55488
LIST_EXNEXT_1000_ENTRIES_REPEAT10_TOTAL_US	335678
LIST_EXALL_1000_ENTRIES_FIRST_PASS_US	6656
LIST_EXALL_1000_ENTRIES_REPEAT10_TOTAL_US	50048
PASS	1
PASS: requested mounted-volume workload outputs are complete and data-checked
