=== BFS vs PFS3 Benchmark (FS-UAE 68040) ===
Evidence directory: /home/fabian/.cache/bfs-performance/scan-policy-2026-10-09.YjMjvA/candidate/build/benchmark/scan-pilot-normal-20261009-cold-2-pfs3-first
Mode: compare
Timeout: 600s


=== Machine Info ===
# Machine Info
Kickstart 47.102, Workbench 47.2
System: 68040 68040/060-FPU   (INST: Cache Burst) (DATA: NoCache NoBurst)
Type  Available    In-Use   Maximum   Largest
chip    2028040     52728   2080768   2027968
fast    7687080    701528   8388608   7682016
total   9715120    754256  10469376   7682016


Mounted disks:
Unit      Size       Used       Free Full Errs   Status   Name
DF0       No disk present
DH0      4095M    4194304    4194303  50%   0  Read/Write System
DH1       255M         36      65372   0%   0  Read/Write BFSTest
DH2       Not a DOS disk

Volumes available:
BFSTest [Mounted]
System [Mounted]

=== BFS Results ===
FS_COMPARE_BENCH	4
DRIVE	DH1:
SMALL_CREATE_40_US	29184
LOOKUP_400_US	75392
SMALL_READ_40_US	19840
LIST_EXNEXT_400_US	31039
LIST_EXALL_400_US	9088
SEQ_WRITE_8M_US	42623
SEQ_READ_8M_US	252863
SMALL_DELETE_40_US	17665
APPEND_4K_1M_US	90431
APPEND_1K_256K_US	61823
APPEND_READ_1280K_US	45312
LIST_EXNEXT_40_ENTRIES_FIRST_PASS_US	6848
LIST_EXNEXT_40_ENTRIES_REPEAT10_TOTAL_US	54848
LIST_EXALL_40_ENTRIES_FIRST_PASS_US	4416
LIST_EXALL_40_ENTRIES_REPEAT10_TOTAL_US	30528
LIST_EXNEXT_400_ENTRIES_FIRST_PASS_US	57856
LIST_EXNEXT_400_ENTRIES_REPEAT10_TOTAL_US	619964
LIST_EXALL_400_ENTRIES_FIRST_PASS_US	33985
LIST_EXALL_400_ENTRIES_REPEAT10_TOTAL_US	307071
LIST_EXNEXT_1000_ENTRIES_FIRST_PASS_US	154623
LIST_EXNEXT_1000_ENTRIES_REPEAT10_TOTAL_US	1835318
LIST_EXALL_1000_ENTRIES_FIRST_PASS_US	102975
LIST_EXALL_1000_ENTRIES_REPEAT10_TOTAL_US	936123
PASS	1

=== PFS3 Results ===
FS_COMPARE_BENCH	4
DRIVE	DH2:
SMALL_CREATE_40_US	18175
LOOKUP_400_US	65664
SMALL_READ_40_US	16191
LIST_EXNEXT_400_US	11968
LIST_EXALL_400_US	2496
SEQ_WRITE_8M_US	42753
SEQ_READ_8M_US	266815
SMALL_DELETE_40_US	8513
APPEND_4K_1M_US	33665
APPEND_1K_256K_US	26375
APPEND_READ_1280K_US	42112
LIST_EXNEXT_40_ENTRIES_FIRST_PASS_US	2944
LIST_EXNEXT_40_ENTRIES_REPEAT10_TOTAL_US	23425
LIST_EXALL_40_ENTRIES_FIRST_PASS_US	768
LIST_EXALL_40_ENTRIES_REPEAT10_TOTAL_US	2880
LIST_EXNEXT_400_ENTRIES_FIRST_PASS_US	14656
LIST_EXNEXT_400_ENTRIES_REPEAT10_TOTAL_US	125822
LIST_EXALL_400_ENTRIES_FIRST_PASS_US	3200
LIST_EXALL_400_ENTRIES_REPEAT10_TOTAL_US	20608
LIST_EXNEXT_1000_ENTRIES_FIRST_PASS_US	37120
LIST_EXNEXT_1000_ENTRIES_REPEAT10_TOTAL_US	330813
LIST_EXALL_1000_ENTRIES_FIRST_PASS_US	6849
LIST_EXALL_1000_ENTRIES_REPEAT10_TOTAL_US	49983
PASS	1
PASS: requested mounted-volume workload outputs are complete and data-checked
