=== BFS vs PFS3 Benchmark (FS-UAE 68040) ===
Evidence directory: /home/fabian/.cache/bfs-performance/sparse-crc-2026-10-09.xN615F/candidate/build/benchmark/sparse-confirmation-20261009/confirm-normal-m5-2-pfs3-first
Mode: compare
Timeout: 600s


=== Machine Info ===
# Machine Info
Kickstart 47.102, Workbench 47.2
System: 68040 68040/060-FPU   (INST: Cache Burst) (DATA: NoCache NoBurst)
Type  Available    In-Use   Maximum   Largest
chip    2028040     52728   2080768   2027968
fast    7687256    701352   8388608   7682200
total   9715296    754080  10469376   7682200


Mounted disks:
Unit      Size       Used       Free Full Errs   Status   Name
DF0       No disk present
DH0      4095M    4194304    4194303  50%   0  Read/Write System
DH1       255M         36      65372   0%   0  Read/Write BFSTest
DH2       Not a DOS disk

Volumes available:
BFSTest [Mounted]
System [Mounted]

=== BFS Results ===
FS_COMPARE_BENCH	4
DRIVE	DH1:
SMALL_CREATE_40_US	30080
LOOKUP_400_US	76480
SMALL_READ_40_US	20225
LIST_EXNEXT_400_US	33919
LIST_EXALL_400_US	18688
SEQ_WRITE_8M_US	59903
SEQ_READ_8M_US	266878
SMALL_DELETE_40_US	17792
APPEND_4K_1M_US	72768
APPEND_1K_256K_US	60673
APPEND_READ_1280K_US	43075
LIST_EXNEXT_40_ENTRIES_FIRST_PASS_US	6017
LIST_EXNEXT_40_ENTRIES_REPEAT10_TOTAL_US	32193
LIST_EXALL_40_ENTRIES_FIRST_PASS_US	3584
LIST_EXALL_40_ENTRIES_REPEAT10_TOTAL_US	9856
LIST_EXNEXT_400_ENTRIES_FIRST_PASS_US	56320
LIST_EXNEXT_400_ENTRIES_REPEAT10_TOTAL_US	566332
LIST_EXALL_400_ENTRIES_FIRST_PASS_US	35840
LIST_EXALL_400_ENTRIES_REPEAT10_TOTAL_US	394365
LIST_EXNEXT_1000_ENTRIES_FIRST_PASS_US	149695
LIST_EXNEXT_1000_ENTRIES_REPEAT10_TOTAL_US	1586039
LIST_EXALL_1000_ENTRIES_FIRST_PASS_US	85632
LIST_EXALL_1000_ENTRIES_REPEAT10_TOTAL_US	844412
PASS	1

=== PFS3 Results ===
FS_COMPARE_BENCH	4
DRIVE	DH2:
SMALL_CREATE_40_US	17727
LOOKUP_400_US	68095
SMALL_READ_40_US	15680
LIST_EXNEXT_400_US	12606
LIST_EXALL_400_US	2560
SEQ_WRITE_8M_US	42305
SEQ_READ_8M_US	259455
SMALL_DELETE_40_US	7872
APPEND_4K_1M_US	34560
APPEND_1K_256K_US	23549
APPEND_READ_1280K_US	41088
LIST_EXNEXT_40_ENTRIES_FIRST_PASS_US	1665
LIST_EXNEXT_40_ENTRIES_REPEAT10_TOTAL_US	12864
LIST_EXALL_40_ENTRIES_FIRST_PASS_US	638
LIST_EXALL_40_ENTRIES_REPEAT10_TOTAL_US	2497
LIST_EXNEXT_400_ENTRIES_FIRST_PASS_US	13248
LIST_EXNEXT_400_ENTRIES_REPEAT10_TOTAL_US	120767
LIST_EXALL_400_ENTRIES_FIRST_PASS_US	2880
LIST_EXALL_400_ENTRIES_REPEAT10_TOTAL_US	20480
LIST_EXNEXT_1000_ENTRIES_FIRST_PASS_US	36288
LIST_EXNEXT_1000_ENTRIES_REPEAT10_TOTAL_US	287358
LIST_EXALL_1000_ENTRIES_FIRST_PASS_US	7553
LIST_EXALL_1000_ENTRIES_REPEAT10_TOTAL_US	50432
PASS	1
PASS: requested mounted-volume workload outputs are complete and data-checked
