=== BFS vs PFS3 Benchmark (FS-UAE 68040) ===
Evidence directory: /home/fabian/.cache/bfs-performance/metadata-2026-10-08.QvzB5w/build/benchmark/metadata-m3-c8-20261008-m3-4-pfs3-first
Mode: compare
Timeout: 600s


=== Machine Info ===
# Machine Info
Kickstart 47.102, Workbench 47.2
System: 68040 68040/060-FPU   (INST: Cache Burst) (DATA: NoCache NoBurst)
Type  Available    In-Use   Maximum   Largest
chip    2028040     52728   2080768   2027968
fast    7689920    698688   8388608   7684880
total   9717960    751416  10469376   7684880


Mounted disks:
Unit      Size       Used       Free Full Errs   Status   Name
DF0       No disk present
DH0      4095M    4194304    4194303  50%   0  Read/Write System
DH1       255M         36      65372   0%   0  Read/Write BFSTest
DH2       Not a DOS disk

Volumes available:
BFSTest [Mounted]
System [Mounted]

=== BFS Results ===
FS_COMPARE_BENCH	4
DRIVE	DH1:
SMALL_CREATE_40_US	28033
LOOKUP_400_US	74304
SMALL_READ_40_US	19265
LIST_EXNEXT_400_US	29566
LIST_EXALL_400_US	8511
SEQ_WRITE_8M_US	40000
SEQ_READ_8M_US	258175
SMALL_DELETE_40_US	16960
APPEND_4K_1M_US	68352
APPEND_1K_256K_US	57024
APPEND_READ_1280K_US	41728
LIST_EXNEXT_40_ENTRIES_FIRST_PASS_US	6143
LIST_EXNEXT_40_ENTRIES_REPEAT10_TOTAL_US	31232
LIST_EXALL_40_ENTRIES_FIRST_PASS_US	3840
LIST_EXALL_40_ENTRIES_REPEAT10_TOTAL_US	9152
LIST_EXNEXT_400_ENTRIES_FIRST_PASS_US	60288
LIST_EXNEXT_400_ENTRIES_REPEAT10_TOTAL_US	607933
LIST_EXALL_400_ENTRIES_FIRST_PASS_US	38080
LIST_EXALL_400_ENTRIES_REPEAT10_TOTAL_US	370092
LIST_EXNEXT_1000_ENTRIES_FIRST_PASS_US	155711
LIST_EXNEXT_1000_ENTRIES_REPEAT10_TOTAL_US	1680311
LIST_EXALL_1000_ENTRIES_FIRST_PASS_US	98560
LIST_EXALL_1000_ENTRIES_REPEAT10_TOTAL_US	969594
PASS	1

=== PFS3 Results ===
FS_COMPARE_BENCH	4
DRIVE	DH2:
SMALL_CREATE_40_US	17280
LOOKUP_400_US	66625
SMALL_READ_40_US	14848
LIST_EXNEXT_400_US	11840
LIST_EXALL_400_US	2623
SEQ_WRITE_8M_US	53185
SEQ_READ_8M_US	293950
SMALL_DELETE_40_US	8191
APPEND_4K_1M_US	34686
APPEND_1K_256K_US	25600
APPEND_READ_1280K_US	42177
LIST_EXNEXT_40_ENTRIES_FIRST_PASS_US	1663
LIST_EXNEXT_40_ENTRIES_REPEAT10_TOTAL_US	11711
LIST_EXALL_40_ENTRIES_FIRST_PASS_US	575
LIST_EXALL_40_ENTRIES_REPEAT10_TOTAL_US	2495
LIST_EXNEXT_400_ENTRIES_FIRST_PASS_US	12673
LIST_EXNEXT_400_ENTRIES_REPEAT10_TOTAL_US	109504
LIST_EXALL_400_ENTRIES_FIRST_PASS_US	2878
LIST_EXALL_400_ENTRIES_REPEAT10_TOTAL_US	20544
LIST_EXNEXT_1000_ENTRIES_FIRST_PASS_US	31231
LIST_EXNEXT_1000_ENTRIES_REPEAT10_TOTAL_US	298559
LIST_EXALL_1000_ENTRIES_FIRST_PASS_US	6592
LIST_EXALL_1000_ENTRIES_REPEAT10_TOTAL_US	49408
PASS	1
PASS: requested mounted-volume workload outputs are complete and data-checked
