=== BFS vs PFS3 Benchmark (FS-UAE 68040) ===
Evidence directory: /home/fabian/.cache/bfs-performance/splitbatch-2026-10-10.USYRpP/results/splitbatch-7-bfs-first-split
Mode: compare
Timeout: 600s


=== Machine Info ===
# Machine Info
Kickstart 47.102, Workbench 47.2
System: 68040 68040/060-FPU   (INST: Cache Burst) (DATA: NoCache NoBurst)
Type  Available    In-Use   Maximum   Largest
chip    2028040     52728   2080768   2027968
fast    7531224    857384   8388608   7526160
total   9559264    910112  10469376   7526160


Mounted disks:
Unit      Size       Used       Free Full Errs   Status   Name
DF0       No disk present
DH0      4095M    4194304    4194303  50%   0  Read/Write System
DH1       255M         36      65372   0%   0  Read/Write BFSTest
DH2       Not a DOS disk

Volumes available:
BFSTest [Mounted]
System [Mounted]

=== BFS Results ===
FS_COMPARE_BENCH	4
DRIVE	DH1:
SMALL_CREATE_40_US	30848
LOOKUP_400_US	58671
SMALL_READ_40_US	18560
LIST_EXNEXT_400_US	20096
LIST_EXALL_400_US	7872
SEQ_WRITE_8M_US	28463
SEQ_READ_8M_US	277439
SMALL_DELETE_40_US	13823
APPEND_4K_1M_US	52865
APPEND_1K_256K_US	44608
APPEND_READ_1280K_US	44798
LIST_EXNEXT_40_ENTRIES_FIRST_PASS_US	3328
LIST_EXNEXT_40_ENTRIES_REPEAT10_TOTAL_US	21503
LIST_EXALL_40_ENTRIES_FIRST_PASS_US	1920
LIST_EXALL_40_ENTRIES_REPEAT10_TOTAL_US	8639
LIST_EXNEXT_400_ENTRIES_FIRST_PASS_US	28864
LIST_EXNEXT_400_ENTRIES_REPEAT10_TOTAL_US	209579
LIST_EXALL_400_ENTRIES_FIRST_PASS_US	14977
LIST_EXALL_400_ENTRIES_REPEAT10_TOTAL_US	76095
LIST_EXNEXT_1000_ENTRIES_FIRST_PASS_US	70335
LIST_EXNEXT_1000_ENTRIES_REPEAT10_TOTAL_US	543548
LIST_EXALL_1000_ENTRIES_FIRST_PASS_US	36160
LIST_EXALL_1000_ENTRIES_REPEAT10_TOTAL_US	189055
PASS	1

=== PFS3 Results ===
FS_COMPARE_BENCH	4
DRIVE	DH2:
SMALL_CREATE_40_US	16448
LOOKUP_400_US	65793
SMALL_READ_40_US	13764
LIST_EXNEXT_400_US	12032
LIST_EXALL_400_US	2880
SEQ_WRITE_8M_US	35777
SEQ_READ_8M_US	275838
SMALL_DELETE_40_US	9088
APPEND_4K_1M_US	43392
APPEND_1K_256K_US	23533
APPEND_READ_1280K_US	40896
LIST_EXNEXT_40_ENTRIES_FIRST_PASS_US	1600
LIST_EXNEXT_40_ENTRIES_REPEAT10_TOTAL_US	12097
LIST_EXALL_40_ENTRIES_FIRST_PASS_US	575
LIST_EXALL_40_ENTRIES_REPEAT10_TOTAL_US	2496
LIST_EXNEXT_400_ENTRIES_FIRST_PASS_US	12864
LIST_EXNEXT_400_ENTRIES_REPEAT10_TOTAL_US	111743
LIST_EXALL_400_ENTRIES_FIRST_PASS_US	2815
LIST_EXALL_400_ENTRIES_REPEAT10_TOTAL_US	20480
LIST_EXNEXT_1000_ENTRIES_FIRST_PASS_US	32064
LIST_EXNEXT_1000_ENTRIES_REPEAT10_TOTAL_US	314044
LIST_EXALL_1000_ENTRIES_FIRST_PASS_US	6425
LIST_EXALL_1000_ENTRIES_REPEAT10_TOTAL_US	51392
PASS	1
PASS: requested mounted-volume workload outputs are complete and data-checked
