=== BFS vs PFS3 Benchmark (FS-UAE 68040) ===
Evidence directory: /home/fabian/.cache/bfs-performance/relflags-2026-10-10.P6tt1r/results/relflags-8-pfs3-first-os-040
Mode: compare
Timeout: 600s


=== Machine Info ===
# Machine Info
Kickstart 47.102, Workbench 47.2
System: 68040 68040/060-FPU   (INST: Cache Burst) (DATA: NoCache NoBurst)
Type  Available    In-Use   Maximum   Largest
chip    2028040     52728   2080768   2027968
fast    7564008    824600   8388608   7558944
total   9592048    877328  10469376   7558944


Mounted disks:
Unit      Size       Used       Free Full Errs   Status   Name
DF0       No disk present
DH0      4095M    4194304    4194303  50%   0  Read/Write System
DH1       255M         36      65372   0%   0  Read/Write BFSTest
DH2       Not a DOS disk

Volumes available:
BFSTest [Mounted]
System [Mounted]

=== BFS Results ===
FS_COMPARE_BENCH	4
DRIVE	DH1:
SMALL_CREATE_40_US	35583
LOOKUP_400_US	62848
SMALL_READ_40_US	20672
LIST_EXNEXT_400_US	31423
LIST_EXALL_400_US	8000
SEQ_WRITE_8M_US	40256
SEQ_READ_8M_US	274047
SMALL_DELETE_40_US	16511
APPEND_4K_1M_US	78656
APPEND_1K_256K_US	65537
APPEND_READ_1280K_US	45375
LIST_EXNEXT_40_ENTRIES_FIRST_PASS_US	5185
LIST_EXNEXT_40_ENTRIES_REPEAT10_TOTAL_US	32960
LIST_EXALL_40_ENTRIES_FIRST_PASS_US	1920
LIST_EXALL_40_ENTRIES_REPEAT10_TOTAL_US	9025
LIST_EXNEXT_400_ENTRIES_FIRST_PASS_US	41665
LIST_EXNEXT_400_ENTRIES_REPEAT10_TOTAL_US	332606
LIST_EXALL_400_ENTRIES_FIRST_PASS_US	17280
LIST_EXALL_400_ENTRIES_REPEAT10_TOTAL_US	81023
LIST_EXNEXT_1000_ENTRIES_FIRST_PASS_US	107776
LIST_EXNEXT_1000_ENTRIES_REPEAT10_TOTAL_US	816635
LIST_EXALL_1000_ENTRIES_FIRST_PASS_US	45376
LIST_EXALL_1000_ENTRIES_REPEAT10_TOTAL_US	204671
PASS	1

=== PFS3 Results ===
FS_COMPARE_BENCH	4
DRIVE	DH2:
SMALL_CREATE_40_US	15296
LOOKUP_400_US	66303
SMALL_READ_40_US	13311
LIST_EXNEXT_400_US	11967
LIST_EXALL_400_US	2495
SEQ_WRITE_8M_US	36416
SEQ_READ_8M_US	257854
SMALL_DELETE_40_US	8128
APPEND_4K_1M_US	34368
APPEND_1K_256K_US	25408
APPEND_READ_1280K_US	41216
LIST_EXNEXT_40_ENTRIES_FIRST_PASS_US	1600
LIST_EXNEXT_40_ENTRIES_REPEAT10_TOTAL_US	13375
LIST_EXALL_40_ENTRIES_FIRST_PASS_US	512
LIST_EXALL_40_ENTRIES_REPEAT10_TOTAL_US	2559
LIST_EXNEXT_400_ENTRIES_FIRST_PASS_US	13440
LIST_EXNEXT_400_ENTRIES_REPEAT10_TOTAL_US	113536
LIST_EXALL_400_ENTRIES_FIRST_PASS_US	2689
LIST_EXALL_400_ENTRIES_REPEAT10_TOTAL_US	20417
LIST_EXNEXT_1000_ENTRIES_FIRST_PASS_US	30785
LIST_EXNEXT_1000_ENTRIES_REPEAT10_TOTAL_US	278270
LIST_EXALL_1000_ENTRIES_FIRST_PASS_US	6297
LIST_EXALL_1000_ENTRIES_REPEAT10_TOTAL_US	57278
PASS	1
PASS: requested mounted-volume workload outputs are complete and data-checked
