=== BFS vs PFS3 Benchmark (FS-UAE 68040) ===
Evidence directory: /home/fabian/.cache/bfs-performance/metadata-2026-10-08.QvzB5w/build/benchmark/metadata-m3-c8-20261008-m3-3-bfs-first
Mode: compare
Timeout: 600s


=== Machine Info ===
# Machine Info
Kickstart 47.102, Workbench 47.2
System: 68040 68040/060-FPU   (INST: Cache Burst) (DATA: NoCache NoBurst)
Type  Available    In-Use   Maximum   Largest
chip    2028040     52728   2080768   2027968
fast    7689920    698688   8388608   7684880
total   9717960    751416  10469376   7684880


Mounted disks:
Unit      Size       Used       Free Full Errs   Status   Name
DF0       No disk present
DH0      4095M    4194304    4194303  50%   0  Read/Write System
DH1       255M         36      65372   0%   0  Read/Write BFSTest
DH2       Not a DOS disk

Volumes available:
BFSTest [Mounted]
System [Mounted]

=== BFS Results ===
FS_COMPARE_BENCH	4
DRIVE	DH1:
SMALL_CREATE_40_US	29377
LOOKUP_400_US	91327
SMALL_READ_40_US	20800
LIST_EXNEXT_400_US	31040
LIST_EXALL_400_US	8768
SEQ_WRITE_8M_US	37568
SEQ_READ_8M_US	282943
SMALL_DELETE_40_US	17266
APPEND_4K_1M_US	70656
APPEND_1K_256K_US	58752
APPEND_READ_1280K_US	43457
LIST_EXNEXT_40_ENTRIES_FIRST_PASS_US	6272
LIST_EXNEXT_40_ENTRIES_REPEAT10_TOTAL_US	32385
LIST_EXALL_40_ENTRIES_FIRST_PASS_US	4096
LIST_EXALL_40_ENTRIES_REPEAT10_TOTAL_US	9087
LIST_EXNEXT_400_ENTRIES_FIRST_PASS_US	59007
LIST_EXNEXT_400_ENTRIES_REPEAT10_TOTAL_US	666236
LIST_EXALL_400_ENTRIES_FIRST_PASS_US	39103
LIST_EXALL_400_ENTRIES_REPEAT10_TOTAL_US	415165
LIST_EXNEXT_1000_ENTRIES_FIRST_PASS_US	162879
LIST_EXNEXT_1000_ENTRIES_REPEAT10_TOTAL_US	1760887
LIST_EXALL_1000_ENTRIES_FIRST_PASS_US	96896
LIST_EXALL_1000_ENTRIES_REPEAT10_TOTAL_US	1110970
PASS	1

=== PFS3 Results ===
FS_COMPARE_BENCH	4
DRIVE	DH2:
SMALL_CREATE_40_US	20352
LOOKUP_400_US	81343
SMALL_READ_40_US	24896
LIST_EXNEXT_400_US	20671
LIST_EXALL_400_US	2560
SEQ_WRITE_8M_US	40255
SEQ_READ_8M_US	294015
SMALL_DELETE_40_US	8832
APPEND_4K_1M_US	32640
APPEND_1K_256K_US	26497
APPEND_READ_1280K_US	40832
LIST_EXNEXT_40_ENTRIES_FIRST_PASS_US	1663
LIST_EXNEXT_40_ENTRIES_REPEAT10_TOTAL_US	12477
LIST_EXALL_40_ENTRIES_FIRST_PASS_US	666
LIST_EXALL_40_ENTRIES_REPEAT10_TOTAL_US	2477
LIST_EXNEXT_400_ENTRIES_FIRST_PASS_US	13056
LIST_EXNEXT_400_ENTRIES_REPEAT10_TOTAL_US	131648
LIST_EXALL_400_ENTRIES_FIRST_PASS_US	3136
LIST_EXALL_400_ENTRIES_REPEAT10_TOTAL_US	20992
LIST_EXNEXT_1000_ENTRIES_FIRST_PASS_US	30080
LIST_EXNEXT_1000_ENTRIES_REPEAT10_TOTAL_US	333374
LIST_EXALL_1000_ENTRIES_FIRST_PASS_US	9663
LIST_EXALL_1000_ENTRIES_REPEAT10_TOTAL_US	52094
PASS	1
PASS: requested mounted-volume workload outputs are complete and data-checked
