=== BFS vs PFS3 Benchmark (FS-UAE 68040) ===
Evidence directory: /home/fabian/.cache/bfs-performance/wbbound-2026-10-10.2MoC3f/results/wbbound-6-pfs3-first-bound
Mode: compare
Timeout: 600s


=== Machine Info ===
# Machine Info
Kickstart 47.102, Workbench 47.2
System: 68040 68040/060-FPU   (INST: Cache Burst) (DATA: NoCache NoBurst)
Type  Available    In-Use   Maximum   Largest
chip    2028040     52728   2080768   2027968
fast    7534128    854480   8388608   7529056
total   9562168    907208  10469376   7529056


Mounted disks:
Unit      Size       Used       Free Full Errs   Status   Name
DF0       No disk present
DH0      4095M    4194304    4194303  50%   0  Read/Write System
DH1       255M         36      65372   0%   0  Read/Write BFSTest
DH2       Not a DOS disk

Volumes available:
BFSTest [Mounted]
System [Mounted]

=== BFS Results ===
FS_COMPARE_BENCH	4
DRIVE	DH1:
SMALL_CREATE_40_US	27968
LOOKUP_400_US	59518
SMALL_READ_40_US	17023
LIST_EXNEXT_400_US	28031
LIST_EXALL_400_US	7615
SEQ_WRITE_8M_US	28352
SEQ_READ_8M_US	260605
SMALL_DELETE_40_US	14400
APPEND_4K_1M_US	60031
APPEND_1K_256K_US	41534
APPEND_READ_1280K_US	45055
LIST_EXNEXT_40_ENTRIES_FIRST_PASS_US	4737
LIST_EXNEXT_40_ENTRIES_REPEAT10_TOTAL_US	29248
LIST_EXALL_40_ENTRIES_FIRST_PASS_US	1922
LIST_EXALL_40_ENTRIES_REPEAT10_TOTAL_US	11711
LIST_EXNEXT_400_ENTRIES_FIRST_PASS_US	44545
LIST_EXNEXT_400_ENTRIES_REPEAT10_TOTAL_US	289278
LIST_EXALL_400_ENTRIES_FIRST_PASS_US	15937
LIST_EXALL_400_ENTRIES_REPEAT10_TOTAL_US	77376
LIST_EXNEXT_1000_ENTRIES_FIRST_PASS_US	103105
LIST_EXNEXT_1000_ENTRIES_REPEAT10_TOTAL_US	725436
LIST_EXALL_1000_ENTRIES_FIRST_PASS_US	39423
LIST_EXALL_1000_ENTRIES_REPEAT10_TOTAL_US	195262
PASS	1

=== PFS3 Results ===
FS_COMPARE_BENCH	4
DRIVE	DH2:
SMALL_CREATE_40_US	26048
LOOKUP_400_US	69183
SMALL_READ_40_US	14128
LIST_EXNEXT_400_US	12160
LIST_EXALL_400_US	2560
SEQ_WRITE_8M_US	39615
SEQ_READ_8M_US	261823
SMALL_DELETE_40_US	8320
APPEND_4K_1M_US	32511
APPEND_1K_256K_US	48511
APPEND_READ_1280K_US	59393
LIST_EXNEXT_40_ENTRIES_FIRST_PASS_US	2111
LIST_EXNEXT_40_ENTRIES_REPEAT10_TOTAL_US	11968
LIST_EXALL_40_ENTRIES_FIRST_PASS_US	576
LIST_EXALL_40_ENTRIES_REPEAT10_TOTAL_US	2432
LIST_EXNEXT_400_ENTRIES_FIRST_PASS_US	17216
LIST_EXNEXT_400_ENTRIES_REPEAT10_TOTAL_US	119871
LIST_EXALL_400_ENTRIES_FIRST_PASS_US	2752
LIST_EXALL_400_ENTRIES_REPEAT10_TOTAL_US	21375
LIST_EXNEXT_1000_ENTRIES_FIRST_PASS_US	32062
LIST_EXNEXT_1000_ENTRIES_REPEAT10_TOTAL_US	284478
LIST_EXALL_1000_ENTRIES_FIRST_PASS_US	7040
LIST_EXALL_1000_ENTRIES_REPEAT10_TOTAL_US	63809
PASS	1
PASS: requested mounted-volume workload outputs are complete and data-checked
