=== BFS vs PFS3 Benchmark (FS-UAE 68040) ===
Evidence directory: /home/fabian/.cache/bfs-performance/goal-root-2026-10-09.iikmxS/results/goal-root-aa-durable-basea-1-pfs3-first
Mode: durable-compare
Timeout: 600s


=== Machine Info ===
# Machine Info
Kickstart 47.102, Workbench 47.2
System: 68040 68040/060-FPU   (INST: Cache Burst) (DATA: NoCache NoBurst)
Type  Available    In-Use   Maximum   Largest
chip    2028040     52728   2080768   2027968
fast    7686824    701784   8388608   7681768
total   9714864    754512  10469376   7681768


Mounted disks:
Unit      Size       Used       Free Full Errs   Status   Name
DF0       No disk present
DH0      4095M    4194304    4194303  50%   0  Read/Write System
DH1       255M         36      65372   0%   0  Read/Write BFSTest
DH2       Not a DOS disk

Volumes available:
BFSTest [Mounted]
System [Mounted]

=== BFS Results ===
FS_DURABLE_COMPARE	4
DRIVE	DH1:
SMALL_CREATE_40_US	33664
LOOKUP_400_US	76224
SMALL_READ_40_US	21248
LIST_EXNEXT_400_US	31488
LIST_EXALL_400_US	9036
SEQ_WRITE_8M_US	41791
SEQ_READ_8M_US	281022
SMALL_DELETE_40_US	20160
APPEND_4K_1M_US	73214
APPEND_1K_256K_US	62208
APPEND_READ_1280K_US	43968
LIST_EXNEXT_40_ENTRIES_FIRST_PASS_US	5697
LIST_EXNEXT_40_ENTRIES_REPEAT10_TOTAL_US	31552
LIST_EXALL_40_ENTRIES_FIRST_PASS_US	3328
LIST_EXALL_40_ENTRIES_REPEAT10_TOTAL_US	9792
LIST_EXNEXT_400_ENTRIES_FIRST_PASS_US	51521
LIST_EXNEXT_400_ENTRIES_REPEAT10_TOTAL_US	528062
LIST_EXALL_400_ENTRIES_FIRST_PASS_US	30783
LIST_EXALL_400_ENTRIES_REPEAT10_TOTAL_US	315518
LIST_EXNEXT_1000_ENTRIES_FIRST_PASS_US	131071
LIST_EXNEXT_1000_ENTRIES_REPEAT10_TOTAL_US	1358584
LIST_EXALL_1000_ENTRIES_FIRST_PASS_US	76991
LIST_EXALL_1000_ENTRIES_REPEAT10_TOTAL_US	776892
PASS	1

=== PFS3 Results ===
FS_DURABLE_COMPARE	4
DRIVE	DH2:
SMALL_CREATE_40_US	17537
LOOKUP_400_US	66177
SMALL_READ_40_US	13953
LIST_EXNEXT_400_US	12097
LIST_EXALL_400_US	2943
SEQ_WRITE_8M_US	38335
SEQ_READ_8M_US	271102
SMALL_DELETE_40_US	8769
APPEND_4K_1M_US	32960
APPEND_1K_256K_US	23679
APPEND_READ_1280K_US	40383
LIST_EXNEXT_40_ENTRIES_FIRST_PASS_US	1600
LIST_EXNEXT_40_ENTRIES_REPEAT10_TOTAL_US	11904
LIST_EXALL_40_ENTRIES_FIRST_PASS_US	449
LIST_EXALL_40_ENTRIES_REPEAT10_TOTAL_US	2880
LIST_EXNEXT_400_ENTRIES_FIRST_PASS_US	12672
LIST_EXNEXT_400_ENTRIES_REPEAT10_TOTAL_US	113728
LIST_EXALL_400_ENTRIES_FIRST_PASS_US	2878
LIST_EXALL_400_ENTRIES_REPEAT10_TOTAL_US	20158
LIST_EXNEXT_1000_ENTRIES_FIRST_PASS_US	31488
LIST_EXNEXT_1000_ENTRIES_REPEAT10_TOTAL_US	293310
LIST_EXALL_1000_ENTRIES_FIRST_PASS_US	6721
LIST_EXALL_1000_ENTRIES_REPEAT10_TOTAL_US	50432
PASS	1
PASS: requested mounted-volume workload outputs are complete and data-checked
