=== BFS vs PFS3 Benchmark (FS-UAE 68040) ===
Evidence directory: /home/fabian/.cache/bfs-performance/splitbatch-2026-10-10.USYRpP/results/splitbatch-4-pfs3-first-ref
Mode: compare
Timeout: 600s


=== Machine Info ===
# Machine Info
Kickstart 47.102, Workbench 47.2
System: 68040 68040/060-FPU   (INST: Cache Burst) (DATA: NoCache NoBurst)
Type  Available    In-Use   Maximum   Largest
chip    2028040     52728   2080768   2027968
fast    7531240    857368   8388608   7526176
total   9559280    910096  10469376   7526176


Mounted disks:
Unit      Size       Used       Free Full Errs   Status   Name
DF0       No disk present
DH0      4095M    4194304    4194303  50%   0  Read/Write System
DH1       255M         36      65372   0%   0  Read/Write BFSTest
DH2       Not a DOS disk

Volumes available:
BFSTest [Mounted]
System [Mounted]

=== BFS Results ===
FS_COMPARE_BENCH	4
DRIVE	DH1:
SMALL_CREATE_40_US	27646
LOOKUP_400_US	60993
SMALL_READ_40_US	16448
LIST_EXNEXT_400_US	20417
LIST_EXALL_400_US	8192
SEQ_WRITE_8M_US	29120
SEQ_READ_8M_US	261887
SMALL_DELETE_40_US	14335
APPEND_4K_1M_US	67265
APPEND_1K_256K_US	47680
APPEND_READ_1280K_US	69056
LIST_EXNEXT_40_ENTRIES_FIRST_PASS_US	4864
LIST_EXNEXT_40_ENTRIES_REPEAT10_TOTAL_US	21055
LIST_EXALL_40_ENTRIES_FIRST_PASS_US	1665
LIST_EXALL_40_ENTRIES_REPEAT10_TOTAL_US	8383
LIST_EXNEXT_400_ENTRIES_FIRST_PASS_US	29696
LIST_EXNEXT_400_ENTRIES_REPEAT10_TOTAL_US	211775
LIST_EXALL_400_ENTRIES_FIRST_PASS_US	16320
LIST_EXALL_400_ENTRIES_REPEAT10_TOTAL_US	81280
LIST_EXNEXT_1000_ENTRIES_FIRST_PASS_US	73984
LIST_EXNEXT_1000_ENTRIES_REPEAT10_TOTAL_US	536766
LIST_EXALL_1000_ENTRIES_FIRST_PASS_US	40321
LIST_EXALL_1000_ENTRIES_REPEAT10_TOTAL_US	190272
PASS	1

=== PFS3 Results ===
FS_COMPARE_BENCH	4
DRIVE	DH2:
SMALL_CREATE_40_US	16575
LOOKUP_400_US	65791
SMALL_READ_40_US	14208
LIST_EXNEXT_400_US	11904
LIST_EXALL_400_US	2497
SEQ_WRITE_8M_US	50879
SEQ_READ_8M_US	255743
SMALL_DELETE_40_US	7680
APPEND_4K_1M_US	33856
APPEND_1K_256K_US	23679
APPEND_READ_1280K_US	40065
LIST_EXNEXT_40_ENTRIES_FIRST_PASS_US	1600
LIST_EXNEXT_40_ENTRIES_REPEAT10_TOTAL_US	11904
LIST_EXALL_40_ENTRIES_FIRST_PASS_US	512
LIST_EXALL_40_ENTRIES_REPEAT10_TOTAL_US	2496
LIST_EXNEXT_400_ENTRIES_FIRST_PASS_US	12225
LIST_EXNEXT_400_ENTRIES_REPEAT10_TOTAL_US	111487
LIST_EXALL_400_ENTRIES_FIRST_PASS_US	3712
LIST_EXALL_400_ENTRIES_REPEAT10_TOTAL_US	20222
LIST_EXNEXT_1000_ENTRIES_FIRST_PASS_US	30911
LIST_EXNEXT_1000_ENTRIES_REPEAT10_TOTAL_US	310335
LIST_EXALL_1000_ENTRIES_FIRST_PASS_US	6849
LIST_EXALL_1000_ENTRIES_REPEAT10_TOTAL_US	51583
PASS	1
PASS: requested mounted-volume workload outputs are complete and data-checked
