=== BFS vs PFS3 Benchmark (FS-UAE 68040) ===
Evidence directory: /home/fabian/.cache/bfs-performance/append-attr-2026-10-10.XtdDJw/results/append-prod-8-pfs3-first-cand
Mode: compare
Timeout: 600s


=== Machine Info ===
# Machine Info
Kickstart 47.102, Workbench 47.2
System: 68040 68040/060-FPU   (INST: Cache Burst) (DATA: NoCache NoBurst)
Type  Available    In-Use   Maximum   Largest
chip    2028040     52728   2080768   2027968
fast    7531240    857368   8388608   7526176
total   9559280    910096  10469376   7526176


Mounted disks:
Unit      Size       Used       Free Full Errs   Status   Name
DF0       No disk present
DH0      4095M    4194304    4194303  50%   0  Read/Write System
DH1       255M         36      65372   0%   0  Read/Write BFSTest
DH2       Not a DOS disk

Volumes available:
BFSTest [Mounted]
System [Mounted]

=== BFS Results ===
FS_COMPARE_BENCH	4
DRIVE	DH1:
SMALL_CREATE_40_US	33345
LOOKUP_400_US	59777
SMALL_READ_40_US	18752
LIST_EXNEXT_400_US	20544
LIST_EXALL_400_US	7745
SEQ_WRITE_8M_US	29504
SEQ_READ_8M_US	260351
SMALL_DELETE_40_US	13695
APPEND_4K_1M_US	62144
APPEND_1K_256K_US	44288
APPEND_READ_1280K_US	44160
LIST_EXNEXT_40_ENTRIES_FIRST_PASS_US	3902
LIST_EXNEXT_40_ENTRIES_REPEAT10_TOTAL_US	21695
LIST_EXALL_40_ENTRIES_FIRST_PASS_US	1792
LIST_EXALL_40_ENTRIES_REPEAT10_TOTAL_US	8256
LIST_EXNEXT_400_ENTRIES_FIRST_PASS_US	31231
LIST_EXNEXT_400_ENTRIES_REPEAT10_TOTAL_US	224895
LIST_EXALL_400_ENTRIES_FIRST_PASS_US	16665
LIST_EXALL_400_ENTRIES_REPEAT10_TOTAL_US	78015
LIST_EXNEXT_1000_ENTRIES_FIRST_PASS_US	75199
LIST_EXNEXT_1000_ENTRIES_REPEAT10_TOTAL_US	541053
LIST_EXALL_1000_ENTRIES_FIRST_PASS_US	39744
LIST_EXALL_1000_ENTRIES_REPEAT10_TOTAL_US	206334
PASS	1

=== PFS3 Results ===
FS_COMPARE_BENCH	4
DRIVE	DH2:
SMALL_CREATE_40_US	17408
LOOKUP_400_US	66880
SMALL_READ_40_US	14785
LIST_EXNEXT_400_US	12608
LIST_EXALL_400_US	2497
SEQ_WRITE_8M_US	42112
SEQ_READ_8M_US	264061
SMALL_DELETE_40_US	10112
APPEND_4K_1M_US	42752
APPEND_1K_256K_US	24191
APPEND_READ_1280K_US	43200
LIST_EXNEXT_40_ENTRIES_FIRST_PASS_US	1536
LIST_EXNEXT_40_ENTRIES_REPEAT10_TOTAL_US	12096
LIST_EXALL_40_ENTRIES_FIRST_PASS_US	512
LIST_EXALL_40_ENTRIES_REPEAT10_TOTAL_US	2816
LIST_EXNEXT_400_ENTRIES_FIRST_PASS_US	12928
LIST_EXNEXT_400_ENTRIES_REPEAT10_TOTAL_US	124414
LIST_EXALL_400_ENTRIES_FIRST_PASS_US	2815
LIST_EXALL_400_ENTRIES_REPEAT10_TOTAL_US	20289
LIST_EXNEXT_1000_ENTRIES_FIRST_PASS_US	32000
LIST_EXNEXT_1000_ENTRIES_REPEAT10_TOTAL_US	283390
LIST_EXALL_1000_ENTRIES_FIRST_PASS_US	6272
LIST_EXALL_1000_ENTRIES_REPEAT10_TOTAL_US	53887
PASS	1
PASS: requested mounted-volume workload outputs are complete and data-checked
