=== BFS vs PFS3 Benchmark (FS-UAE 68040) ===
Evidence directory: /home/fabian/.cache/bfs-performance/sparse-crc-2026-10-09.xN615F/candidate/build/benchmark/sparse-confirmation-20261009/confirm-normal-m5-5-bfs-first
Mode: compare
Timeout: 600s


=== Machine Info ===
# Machine Info
Kickstart 47.102, Workbench 47.2
System: 68040 68040/060-FPU   (INST: Cache Burst) (DATA: NoCache NoBurst)
Type  Available    In-Use   Maximum   Largest
chip    2028040     52728   2080768   2027968
fast    7687256    701352   8388608   7682200
total   9715296    754080  10469376   7682200


Mounted disks:
Unit      Size       Used       Free Full Errs   Status   Name
DF0       No disk present
DH0      4095M    4194304    4194303  50%   0  Read/Write System
DH1       255M         36      65372   0%   0  Read/Write BFSTest
DH2       Not a DOS disk

Volumes available:
BFSTest [Mounted]
System [Mounted]

=== BFS Results ===
FS_COMPARE_BENCH	4
DRIVE	DH1:
SMALL_CREATE_40_US	39234
LOOKUP_400_US	77440
SMALL_READ_40_US	23297
LIST_EXNEXT_400_US	38463
LIST_EXALL_400_US	15807
SEQ_WRITE_8M_US	42368
SEQ_READ_8M_US	290238
SMALL_DELETE_40_US	17792
APPEND_4K_1M_US	78014
APPEND_1K_256K_US	83008
APPEND_READ_1280K_US	44223
LIST_EXNEXT_40_ENTRIES_FIRST_PASS_US	6337
LIST_EXNEXT_40_ENTRIES_REPEAT10_TOTAL_US	32639
LIST_EXALL_40_ENTRIES_FIRST_PASS_US	3583
LIST_EXALL_40_ENTRIES_REPEAT10_TOTAL_US	9663
LIST_EXNEXT_400_ENTRIES_FIRST_PASS_US	56768
LIST_EXNEXT_400_ENTRIES_REPEAT10_TOTAL_US	666811
LIST_EXALL_400_ENTRIES_FIRST_PASS_US	42048
LIST_EXALL_400_ENTRIES_REPEAT10_TOTAL_US	358716
LIST_EXNEXT_1000_ENTRIES_FIRST_PASS_US	150016
LIST_EXNEXT_1000_ENTRIES_REPEAT10_TOTAL_US	1630839
LIST_EXALL_1000_ENTRIES_FIRST_PASS_US	88448
LIST_EXALL_1000_ENTRIES_REPEAT10_TOTAL_US	899963
PASS	1

=== PFS3 Results ===
FS_COMPARE_BENCH	4
DRIVE	DH2:
SMALL_CREATE_40_US	17088
LOOKUP_400_US	68031
SMALL_READ_40_US	14913
LIST_EXNEXT_400_US	12416
LIST_EXALL_400_US	2558
SEQ_WRITE_8M_US	41663
SEQ_READ_8M_US	263358
SMALL_DELETE_40_US	8320
APPEND_4K_1M_US	36223
APPEND_1K_256K_US	24960
APPEND_READ_1280K_US	41472
LIST_EXNEXT_40_ENTRIES_FIRST_PASS_US	1599
LIST_EXNEXT_40_ENTRIES_REPEAT10_TOTAL_US	13312
LIST_EXALL_40_ENTRIES_FIRST_PASS_US	1407
LIST_EXALL_40_ENTRIES_REPEAT10_TOTAL_US	4992
LIST_EXNEXT_400_ENTRIES_FIRST_PASS_US	30425
LIST_EXNEXT_400_ENTRIES_REPEAT10_TOTAL_US	133631
LIST_EXALL_400_ENTRIES_FIRST_PASS_US	2880
LIST_EXALL_400_ENTRIES_REPEAT10_TOTAL_US	20927
LIST_EXNEXT_1000_ENTRIES_FIRST_PASS_US	33665
LIST_EXNEXT_1000_ENTRIES_REPEAT10_TOTAL_US	320254
LIST_EXALL_1000_ENTRIES_FIRST_PASS_US	6591
LIST_EXALL_1000_ENTRIES_REPEAT10_TOTAL_US	51520
PASS	1
PASS: requested mounted-volume workload outputs are complete and data-checked
