=== BFS vs PFS3 Benchmark (FS-UAE 68040) ===
Evidence directory: /home/fabian/.cache/bfs-performance/listing-upgrade-2026-10-08.29qKRc/build/benchmark/cache-capacity-20261008-b30-1-bfs-first
Mode: compare
Timeout: 600s


=== Machine Info ===
# Machine Info
Kickstart 47.102, Workbench 47.2
System: 68040 68040/060-FPU   (INST: Cache Burst) (DATA: NoCache NoBurst)
Type  Available    In-Use   Maximum   Largest
chip    2028040     52728   2080768   2027968
fast    7689920    698688   8388608   7684880
total   9717960    751416  10469376   7684880


Mounted disks:
Unit      Size       Used       Free Full Errs   Status   Name
DF0       No disk present
DH0      4095M    4194304    4194303  50%   0  Read/Write System
DH1       255M         36      65372   0%   0  Read/Write BFSTest
DH2       Not a DOS disk

Volumes available:
BFSTest [Mounted]
System [Mounted]

=== BFS Results ===
FS_COMPARE_BENCH	4
DRIVE	DH1:
SMALL_CREATE_40_US	28992
LOOKUP_400_US	74880
SMALL_READ_40_US	19520
LIST_EXNEXT_400_US	30336
LIST_EXALL_400_US	8575
SEQ_WRITE_8M_US	52608
SEQ_READ_8M_US	298814
SMALL_DELETE_40_US	17216
APPEND_4K_1M_US	71422
APPEND_1K_256K_US	58688
APPEND_READ_1280K_US	44160
LIST_EXNEXT_40_ENTRIES_FIRST_PASS_US	6015
LIST_EXNEXT_40_ENTRIES_REPEAT10_TOTAL_US	31617
LIST_EXALL_40_ENTRIES_FIRST_PASS_US	3840
LIST_EXALL_40_ENTRIES_REPEAT10_TOTAL_US	9025
LIST_EXNEXT_400_ENTRIES_FIRST_PASS_US	61376
LIST_EXNEXT_400_ENTRIES_REPEAT10_TOTAL_US	620030
LIST_EXALL_400_ENTRIES_FIRST_PASS_US	40962
LIST_EXALL_400_ENTRIES_REPEAT10_TOTAL_US	401789
LIST_EXNEXT_1000_ENTRIES_FIRST_PASS_US	155136
LIST_EXNEXT_1000_ENTRIES_REPEAT10_TOTAL_US	1798133
LIST_EXALL_1000_ENTRIES_FIRST_PASS_US	102528
LIST_EXALL_1000_ENTRIES_REPEAT10_TOTAL_US	1038522
PASS	1

=== PFS3 Results ===
FS_COMPARE_BENCH	4
DRIVE	DH2:
SMALL_CREATE_40_US	16512
LOOKUP_400_US	66624
SMALL_READ_40_US	14400
LIST_EXNEXT_400_US	12543
LIST_EXALL_400_US	2495
SEQ_WRITE_8M_US	43455
SEQ_READ_8M_US	274431
SMALL_DELETE_40_US	8128
APPEND_4K_1M_US	40767
APPEND_1K_256K_US	30509
APPEND_READ_1280K_US	41663
LIST_EXNEXT_40_ENTRIES_FIRST_PASS_US	1537
LIST_EXNEXT_40_ENTRIES_REPEAT10_TOTAL_US	11969
LIST_EXALL_40_ENTRIES_FIRST_PASS_US	577
LIST_EXALL_40_ENTRIES_REPEAT10_TOTAL_US	2368
LIST_EXNEXT_400_ENTRIES_FIRST_PASS_US	12992
LIST_EXNEXT_400_ENTRIES_REPEAT10_TOTAL_US	115327
LIST_EXALL_400_ENTRIES_FIRST_PASS_US	2880
LIST_EXALL_400_ENTRIES_REPEAT10_TOTAL_US	20608
LIST_EXNEXT_1000_ENTRIES_FIRST_PASS_US	31040
LIST_EXNEXT_1000_ENTRIES_REPEAT10_TOTAL_US	292670
LIST_EXALL_1000_ENTRIES_FIRST_PASS_US	10238
LIST_EXALL_1000_ENTRIES_REPEAT10_TOTAL_US	91584
PASS	1
PASS: requested mounted-volume workload outputs are complete and data-checked
