=== BFS vs PFS3 Benchmark (FS-UAE 68040) ===
Evidence directory: /home/fabian/.cache/bfs-performance/prodcodegen-pilot-2026-10-10.rjXGlO/results/prodcodegen-8-pfs3-first-release040
Mode: compare
Timeout: 600s


=== Machine Info ===
# Machine Info
Kickstart 47.102, Workbench 47.2
System: 68040 68040/060-FPU   (INST: Cache Burst) (DATA: NoCache NoBurst)
Type  Available    In-Use   Maximum   Largest
chip    2028040     52728   2080768   2027968
fast    7563224    825384   8388608   7558128
total   9591264    878112  10469376   7558128


Mounted disks:
Unit      Size       Used       Free Full Errs   Status   Name
DF0       No disk present
DH0      4095M    4194304    4194303  50%   0  Read/Write System
DH1       255M         36      65372   0%   0  Read/Write BFSTest
DH2       Not a DOS disk

Volumes available:
BFSTest [Mounted]
System [Mounted]

=== BFS Results ===
FS_COMPARE_BENCH	4
DRIVE	DH1:
SMALL_CREATE_40_US	41217
LOOKUP_400_US	66432
SMALL_READ_40_US	21759
LIST_EXNEXT_400_US	31999
LIST_EXALL_400_US	8768
SEQ_WRITE_8M_US	39808
SEQ_READ_8M_US	280575
SMALL_DELETE_40_US	16831
APPEND_4K_1M_US	76993
APPEND_1K_256K_US	63680
APPEND_READ_1280K_US	47231
LIST_EXNEXT_40_ENTRIES_FIRST_PASS_US	5376
LIST_EXNEXT_40_ENTRIES_REPEAT10_TOTAL_US	36224
LIST_EXALL_40_ENTRIES_FIRST_PASS_US	2048
LIST_EXALL_40_ENTRIES_REPEAT10_TOTAL_US	10176
LIST_EXNEXT_400_ENTRIES_FIRST_PASS_US	43968
LIST_EXNEXT_400_ENTRIES_REPEAT10_TOTAL_US	347388
LIST_EXALL_400_ENTRIES_FIRST_PASS_US	18497
LIST_EXALL_400_ENTRIES_REPEAT10_TOTAL_US	91392
LIST_EXNEXT_1000_ENTRIES_FIRST_PASS_US	115841
LIST_EXNEXT_1000_ENTRIES_REPEAT10_TOTAL_US	856125
LIST_EXALL_1000_ENTRIES_FIRST_PASS_US	47359
LIST_EXALL_1000_ENTRIES_REPEAT10_TOTAL_US	240574
PASS	1

=== PFS3 Results ===
FS_COMPARE_BENCH	4
DRIVE	DH2:
SMALL_CREATE_40_US	18561
LOOKUP_400_US	70016
SMALL_READ_40_US	16895
LIST_EXNEXT_400_US	18431
LIST_EXALL_400_US	2860
SEQ_WRITE_8M_US	136062
SEQ_READ_8M_US	269183
SMALL_DELETE_40_US	7808
APPEND_4K_1M_US	33663
APPEND_1K_256K_US	27585
APPEND_READ_1280K_US	41983
LIST_EXNEXT_40_ENTRIES_FIRST_PASS_US	1600
LIST_EXNEXT_40_ENTRIES_REPEAT10_TOTAL_US	11903
LIST_EXALL_40_ENTRIES_FIRST_PASS_US	511
LIST_EXALL_40_ENTRIES_REPEAT10_TOTAL_US	2432
LIST_EXNEXT_400_ENTRIES_FIRST_PASS_US	12482
LIST_EXNEXT_400_ENTRIES_REPEAT10_TOTAL_US	124799
LIST_EXALL_400_ENTRIES_FIRST_PASS_US	2815
LIST_EXALL_400_ENTRIES_REPEAT10_TOTAL_US	20545
LIST_EXNEXT_1000_ENTRIES_FIRST_PASS_US	32256
LIST_EXNEXT_1000_ENTRIES_REPEAT10_TOTAL_US	281324
LIST_EXALL_1000_ENTRIES_FIRST_PASS_US	9280
LIST_EXALL_1000_ENTRIES_REPEAT10_TOTAL_US	77374
PASS	1
PASS: requested mounted-volume workload outputs are complete and data-checked
