=== BFS vs PFS3 Benchmark (FS-UAE 68040) ===
Evidence directory: /home/fabian/.cache/bfs-performance/exnext-2026-10-10.8MRoga/results/exnext-6-pfs3-first-candidate
Mode: compare
Timeout: 600s


=== Machine Info ===
# Machine Info
Kickstart 47.102, Workbench 47.2
System: 68040 68040/060-FPU   (INST: Cache Burst) (DATA: NoCache NoBurst)
Type  Available    In-Use   Maximum   Largest
chip    2028040     52728   2080768   2027968
fast    7531240    857368   8388608   7526176
total   9559280    910096  10469376   7526176


Mounted disks:
Unit      Size       Used       Free Full Errs   Status   Name
DF0       No disk present
DH0      4095M    4194304    4194303  50%   0  Read/Write System
DH1       255M         36      65372   0%   0  Read/Write BFSTest
DH2       Not a DOS disk

Volumes available:
BFSTest [Mounted]
System [Mounted]

=== BFS Results ===
FS_COMPARE_BENCH	4
DRIVE	DH1:
SMALL_CREATE_40_US	29376
LOOKUP_400_US	59456
SMALL_READ_40_US	18369
LIST_EXNEXT_400_US	20415
LIST_EXALL_400_US	7745
SEQ_WRITE_8M_US	40964
SEQ_READ_8M_US	264255
SMALL_DELETE_40_US	18752
APPEND_4K_1M_US	61439
APPEND_1K_256K_US	42303
APPEND_READ_1280K_US	43968
LIST_EXNEXT_40_ENTRIES_FIRST_PASS_US	3751
LIST_EXNEXT_40_ENTRIES_REPEAT10_TOTAL_US	21248
LIST_EXALL_40_ENTRIES_FIRST_PASS_US	1856
LIST_EXALL_40_ENTRIES_REPEAT10_TOTAL_US	8320
LIST_EXNEXT_400_ENTRIES_FIRST_PASS_US	29760
LIST_EXNEXT_400_ENTRIES_REPEAT10_TOTAL_US	213694
LIST_EXALL_400_ENTRIES_FIRST_PASS_US	16063
LIST_EXALL_400_ENTRIES_REPEAT10_TOTAL_US	87616
LIST_EXNEXT_1000_ENTRIES_FIRST_PASS_US	75968
LIST_EXNEXT_1000_ENTRIES_REPEAT10_TOTAL_US	526525
LIST_EXALL_1000_ENTRIES_FIRST_PASS_US	39872
LIST_EXALL_1000_ENTRIES_REPEAT10_TOTAL_US	191615
PASS	1

=== PFS3 Results ===
FS_COMPARE_BENCH	4
DRIVE	DH2:
SMALL_CREATE_40_US	16704
LOOKUP_400_US	66367
SMALL_READ_40_US	14017
LIST_EXNEXT_400_US	13440
LIST_EXALL_400_US	2687
SEQ_WRITE_8M_US	46017
SEQ_READ_8M_US	280575
SMALL_DELETE_40_US	7807
APPEND_4K_1M_US	32640
APPEND_1K_256K_US	23167
APPEND_READ_1280K_US	40320
LIST_EXNEXT_40_ENTRIES_FIRST_PASS_US	1537
LIST_EXNEXT_40_ENTRIES_REPEAT10_TOTAL_US	11968
LIST_EXALL_40_ENTRIES_FIRST_PASS_US	640
LIST_EXALL_40_ENTRIES_REPEAT10_TOTAL_US	3008
LIST_EXNEXT_400_ENTRIES_FIRST_PASS_US	12608
LIST_EXNEXT_400_ENTRIES_REPEAT10_TOTAL_US	113343
LIST_EXALL_400_ENTRIES_FIRST_PASS_US	2817
LIST_EXALL_400_ENTRIES_REPEAT10_TOTAL_US	20095
LIST_EXNEXT_1000_ENTRIES_FIRST_PASS_US	30591
LIST_EXNEXT_1000_ENTRIES_REPEAT10_TOTAL_US	289023
LIST_EXALL_1000_ENTRIES_FIRST_PASS_US	6209
LIST_EXALL_1000_ENTRIES_REPEAT10_TOTAL_US	49600
PASS	1
PASS: requested mounted-volume workload outputs are complete and data-checked
