=== BFS vs PFS3 Benchmark (FS-UAE 68040) ===
Evidence directory: /home/fabian/.cache/bfs-performance/metadata-2026-10-08.QvzB5w/build/benchmark/metadata-m3-c8-20261008-m3-2-pfs3-first
Mode: compare
Timeout: 600s


=== Machine Info ===
# Machine Info
Kickstart 47.102, Workbench 47.2
System: 68040 68040/060-FPU   (INST: Cache Burst) (DATA: NoCache NoBurst)
Type  Available    In-Use   Maximum   Largest
chip    2028040     52728   2080768   2027968
fast    7689920    698688   8388608   7684880
total   9717960    751416  10469376   7684880


Mounted disks:
Unit      Size       Used       Free Full Errs   Status   Name
DF0       No disk present
DH0      4095M    4194304    4194303  50%   0  Read/Write System
DH1       255M         36      65372   0%   0  Read/Write BFSTest
DH2       Not a DOS disk

Volumes available:
BFSTest [Mounted]
System [Mounted]

=== BFS Results ===
FS_COMPARE_BENCH	4
DRIVE	DH1:
SMALL_CREATE_40_US	27712
LOOKUP_400_US	76160
SMALL_READ_40_US	18560
LIST_EXNEXT_400_US	30464
LIST_EXALL_400_US	8705
SEQ_WRITE_8M_US	35263
SEQ_READ_8M_US	285886
SMALL_DELETE_40_US	17325
APPEND_4K_1M_US	77120
APPEND_1K_256K_US	62785
APPEND_READ_1280K_US	42300
LIST_EXNEXT_40_ENTRIES_FIRST_PASS_US	6400
LIST_EXNEXT_40_ENTRIES_REPEAT10_TOTAL_US	31233
LIST_EXALL_40_ENTRIES_FIRST_PASS_US	3903
LIST_EXALL_40_ENTRIES_REPEAT10_TOTAL_US	9280
LIST_EXNEXT_400_ENTRIES_FIRST_PASS_US	57280
LIST_EXNEXT_400_ENTRIES_REPEAT10_TOTAL_US	697532
LIST_EXALL_400_ENTRIES_FIRST_PASS_US	38014
LIST_EXALL_400_ENTRIES_REPEAT10_TOTAL_US	447550
LIST_EXNEXT_1000_ENTRIES_FIRST_PASS_US	167167
LIST_EXNEXT_1000_ENTRIES_REPEAT10_TOTAL_US	1715127
LIST_EXALL_1000_ENTRIES_FIRST_PASS_US	101055
LIST_EXALL_1000_ENTRIES_REPEAT10_TOTAL_US	980986
PASS	1

=== PFS3 Results ===
FS_COMPARE_BENCH	4
DRIVE	DH2:
SMALL_CREATE_40_US	15745
LOOKUP_400_US	66433
SMALL_READ_40_US	13248
LIST_EXNEXT_400_US	12160
LIST_EXALL_400_US	2432
SEQ_WRITE_8M_US	38783
SEQ_READ_8M_US	273342
SMALL_DELETE_40_US	9088
APPEND_4K_1M_US	32448
APPEND_1K_256K_US	23040
APPEND_READ_1280K_US	40191
LIST_EXNEXT_40_ENTRIES_FIRST_PASS_US	2559
LIST_EXNEXT_40_ENTRIES_REPEAT10_TOTAL_US	13441
LIST_EXALL_40_ENTRIES_FIRST_PASS_US	576
LIST_EXALL_40_ENTRIES_REPEAT10_TOTAL_US	2496
LIST_EXNEXT_400_ENTRIES_FIRST_PASS_US	12864
LIST_EXNEXT_400_ENTRIES_REPEAT10_TOTAL_US	114046
LIST_EXALL_400_ENTRIES_FIRST_PASS_US	2752
LIST_EXALL_400_ENTRIES_REPEAT10_TOTAL_US	20672
LIST_EXNEXT_1000_ENTRIES_FIRST_PASS_US	30717
LIST_EXNEXT_1000_ENTRIES_REPEAT10_TOTAL_US	285375
LIST_EXALL_1000_ENTRIES_FIRST_PASS_US	6591
LIST_EXALL_1000_ENTRIES_REPEAT10_TOTAL_US	51648
PASS	1
PASS: requested mounted-volume workload outputs are complete and data-checked
