=== BFS vs PFS3 Benchmark (FS-UAE 68040) ===
Evidence directory: /home/fabian/.cache/bfs-performance/sparse-crc-2026-10-09.xN615F/candidate/build/benchmark/sparse-durable-20261009-m5-5-bfs-first
Mode: durable-compare
Timeout: 600s


=== Machine Info ===
# Machine Info
Kickstart 47.102, Workbench 47.2
System: 68040 68040/060-FPU   (INST: Cache Burst) (DATA: NoCache NoBurst)
Type  Available    In-Use   Maximum   Largest
chip    2028040     52728   2080768   2027968
fast    7687256    701352   8388608   7682200
total   9715296    754080  10469376   7682200


Mounted disks:
Unit      Size       Used       Free Full Errs   Status   Name
DF0       No disk present
DH0      4095M    4194304    4194303  50%   0  Read/Write System
DH1       255M         36      65372   0%   0  Read/Write BFSTest
DH2       Not a DOS disk

Volumes available:
BFSTest [Mounted]
System [Mounted]

=== BFS Results ===
FS_DURABLE_COMPARE	4
DRIVE	DH1:
SMALL_CREATE_40_US	34175
LOOKUP_400_US	76031
SMALL_READ_40_US	20608
LIST_EXNEXT_400_US	32766
LIST_EXALL_400_US	15745
SEQ_WRITE_8M_US	66431
SEQ_READ_8M_US	279807
SMALL_DELETE_40_US	20288
APPEND_4K_1M_US	76736
APPEND_1K_256K_US	65088
APPEND_READ_1280K_US	42623
LIST_EXNEXT_40_ENTRIES_FIRST_PASS_US	6464
LIST_EXNEXT_40_ENTRIES_REPEAT10_TOTAL_US	33664
LIST_EXALL_40_ENTRIES_FIRST_PASS_US	6015
LIST_EXALL_40_ENTRIES_REPEAT10_TOTAL_US	23040
LIST_EXNEXT_400_ENTRIES_FIRST_PASS_US	87232
LIST_EXNEXT_400_ENTRIES_REPEAT10_TOTAL_US	583484
LIST_EXALL_400_ENTRIES_FIRST_PASS_US	33857
LIST_EXALL_400_ENTRIES_REPEAT10_TOTAL_US	358783
LIST_EXNEXT_1000_ENTRIES_FIRST_PASS_US	145407
LIST_EXNEXT_1000_ENTRIES_REPEAT10_TOTAL_US	1660984
LIST_EXALL_1000_ENTRIES_FIRST_PASS_US	95808
LIST_EXALL_1000_ENTRIES_REPEAT10_TOTAL_US	884667
PASS	1

=== PFS3 Results ===
FS_DURABLE_COMPARE	4
DRIVE	DH2:
SMALL_CREATE_40_US	17920
LOOKUP_400_US	68030
SMALL_READ_40_US	14912
LIST_EXNEXT_400_US	12286
LIST_EXALL_400_US	2497
SEQ_WRITE_8M_US	42413
SEQ_READ_8M_US	263040
SMALL_DELETE_40_US	9023
APPEND_4K_1M_US	33217
APPEND_1K_256K_US	24319
APPEND_READ_1280K_US	41514
LIST_EXNEXT_40_ENTRIES_FIRST_PASS_US	1600
LIST_EXNEXT_40_ENTRIES_REPEAT10_TOTAL_US	11968
LIST_EXALL_40_ENTRIES_FIRST_PASS_US	640
LIST_EXALL_40_ENTRIES_REPEAT10_TOTAL_US	2753
LIST_EXNEXT_400_ENTRIES_FIRST_PASS_US	12160
LIST_EXNEXT_400_ENTRIES_REPEAT10_TOTAL_US	113599
LIST_EXALL_400_ENTRIES_FIRST_PASS_US	2970
LIST_EXALL_400_ENTRIES_REPEAT10_TOTAL_US	20608
LIST_EXNEXT_1000_ENTRIES_FIRST_PASS_US	34238
LIST_EXNEXT_1000_ENTRIES_REPEAT10_TOTAL_US	286973
LIST_EXALL_1000_ENTRIES_FIRST_PASS_US	6592
LIST_EXALL_1000_ENTRIES_REPEAT10_TOTAL_US	51585
PASS	1
PASS: requested mounted-volume workload outputs are complete and data-checked
