=== BFS vs PFS3 Benchmark (FS-UAE 68040) ===
Evidence directory: /home/fabian/.cache/bfs-performance/sparse-crc-2026-10-09.xN615F/candidate/build/benchmark/sparse-pilot-normal-20261009-m5-1-bfs-first
Mode: compare
Timeout: 600s


=== Machine Info ===
# Machine Info
Kickstart 47.102, Workbench 47.2
System: 68040 68040/060-FPU   (INST: Cache Burst) (DATA: NoCache NoBurst)
Type  Available    In-Use   Maximum   Largest
chip    2028040     52728   2080768   2027968
fast    7687256    701352   8388608   7682200
total   9715296    754080  10469376   7682200


Mounted disks:
Unit      Size       Used       Free Full Errs   Status   Name
DF0       No disk present
DH0      4095M    4194304    4194303  50%   0  Read/Write System
DH1       255M         36      65372   0%   0  Read/Write BFSTest
DH2       Not a DOS disk

Volumes available:
BFSTest [Mounted]
System [Mounted]

=== BFS Results ===
FS_COMPARE_BENCH	4
DRIVE	DH1:
SMALL_CREATE_40_US	30785
LOOKUP_400_US	76928
SMALL_READ_40_US	20288
LIST_EXNEXT_400_US	30562
LIST_EXALL_400_US	8960
SEQ_WRITE_8M_US	40128
SEQ_READ_8M_US	263998
SMALL_DELETE_40_US	17408
APPEND_4K_1M_US	72512
APPEND_1K_256K_US	60096
APPEND_READ_1280K_US	42495
LIST_EXNEXT_40_ENTRIES_FIRST_PASS_US	6016
LIST_EXNEXT_40_ENTRIES_REPEAT10_TOTAL_US	31809
LIST_EXALL_40_ENTRIES_FIRST_PASS_US	3648
LIST_EXALL_40_ENTRIES_REPEAT10_TOTAL_US	9471
LIST_EXNEXT_400_ENTRIES_FIRST_PASS_US	56448
LIST_EXNEXT_400_ENTRIES_REPEAT10_TOTAL_US	612860
LIST_EXALL_400_ENTRIES_FIRST_PASS_US	35388
LIST_EXALL_400_ENTRIES_REPEAT10_TOTAL_US	351615
LIST_EXNEXT_1000_ENTRIES_FIRST_PASS_US	146495
LIST_EXNEXT_1000_ENTRIES_REPEAT10_TOTAL_US	1554423
LIST_EXALL_1000_ENTRIES_FIRST_PASS_US	87551
LIST_EXALL_1000_ENTRIES_REPEAT10_TOTAL_US	863675
PASS	1

=== PFS3 Results ===
FS_COMPARE_BENCH	4
DRIVE	DH2:
SMALL_CREATE_40_US	16640
LOOKUP_400_US	65663
SMALL_READ_40_US	14400
LIST_EXNEXT_400_US	11775
LIST_EXALL_400_US	2496
SEQ_WRITE_8M_US	40703
SEQ_READ_8M_US	271724
SMALL_DELETE_40_US	8065
APPEND_4K_1M_US	32832
APPEND_1K_256K_US	22911
APPEND_READ_1280K_US	40384
LIST_EXNEXT_40_ENTRIES_FIRST_PASS_US	1728
LIST_EXNEXT_40_ENTRIES_REPEAT10_TOTAL_US	12095
LIST_EXALL_40_ENTRIES_FIRST_PASS_US	575
LIST_EXALL_40_ENTRIES_REPEAT10_TOTAL_US	2560
LIST_EXNEXT_400_ENTRIES_FIRST_PASS_US	11968
LIST_EXNEXT_400_ENTRIES_REPEAT10_TOTAL_US	110591
LIST_EXALL_400_ENTRIES_FIRST_PASS_US	3135
LIST_EXALL_400_ENTRIES_REPEAT10_TOTAL_US	20287
LIST_EXNEXT_1000_ENTRIES_FIRST_PASS_US	30208
LIST_EXNEXT_1000_ENTRIES_REPEAT10_TOTAL_US	290175
LIST_EXALL_1000_ENTRIES_FIRST_PASS_US	6592
LIST_EXALL_1000_ENTRIES_REPEAT10_TOTAL_US	51136
PASS	1
PASS: requested mounted-volume workload outputs are complete and data-checked
