=== BFS vs PFS3 Benchmark (FS-UAE 68040) ===
Evidence directory: /home/fabian/.cache/bfs-performance/listing-upgrade-2026-10-08.29qKRc/build/benchmark/leaf-range-normal-20261008-m3-2-pfs3-first
Mode: compare
Timeout: 600s


=== Machine Info ===
# Machine Info
Kickstart 47.102, Workbench 47.2
System: 68040 68040/060-FPU   (INST: Cache Burst) (DATA: NoCache NoBurst)
Type  Available    In-Use   Maximum   Largest
chip    2028040     52728   2080768   2027968
fast    7689920    698688   8388608   7684880
total   9717960    751416  10469376   7684880


Mounted disks:
Unit      Size       Used       Free Full Errs   Status   Name
DF0       No disk present
DH0      4095M    4194304    4194303  50%   0  Read/Write System
DH1       255M         36      65372   0%   0  Read/Write BFSTest
DH2       Not a DOS disk

Volumes available:
BFSTest [Mounted]
System [Mounted]

=== BFS Results ===
FS_COMPARE_BENCH	4
DRIVE	DH1:
SMALL_CREATE_40_US	28096
LOOKUP_400_US	75968
SMALL_READ_40_US	19712
LIST_EXNEXT_400_US	30272
LIST_EXALL_400_US	9087
SEQ_WRITE_8M_US	38719
SEQ_READ_8M_US	276670
SMALL_DELETE_40_US	17599
APPEND_4K_1M_US	73473
APPEND_1K_256K_US	60926
APPEND_READ_1280K_US	42431
LIST_EXNEXT_40_ENTRIES_FIRST_PASS_US	6400
LIST_EXNEXT_40_ENTRIES_REPEAT10_TOTAL_US	31424
LIST_EXALL_40_ENTRIES_FIRST_PASS_US	4031
LIST_EXALL_40_ENTRIES_REPEAT10_TOTAL_US	9343
LIST_EXNEXT_400_ENTRIES_FIRST_PASS_US	63935
LIST_EXNEXT_400_ENTRIES_REPEAT10_TOTAL_US	633661
LIST_EXALL_400_ENTRIES_FIRST_PASS_US	43904
LIST_EXALL_400_ENTRIES_REPEAT10_TOTAL_US	414591
LIST_EXNEXT_1000_ENTRIES_FIRST_PASS_US	229376
LIST_EXNEXT_1000_ENTRIES_REPEAT10_TOTAL_US	1821686
LIST_EXALL_1000_ENTRIES_FIRST_PASS_US	102911
LIST_EXALL_1000_ENTRIES_REPEAT10_TOTAL_US	1069305
PASS	1

=== PFS3 Results ===
FS_COMPARE_BENCH	4
DRIVE	DH2:
SMALL_CREATE_40_US	16575
LOOKUP_400_US	67455
SMALL_READ_40_US	15169
LIST_EXNEXT_400_US	12288
LIST_EXALL_400_US	2495
SEQ_WRITE_8M_US	41343
SEQ_READ_8M_US	260222
SMALL_DELETE_40_US	7872
APPEND_4K_1M_US	34816
APPEND_1K_256K_US	39553
APPEND_READ_1280K_US	56640
LIST_EXNEXT_40_ENTRIES_FIRST_PASS_US	1729
LIST_EXNEXT_40_ENTRIES_REPEAT10_TOTAL_US	11840
LIST_EXALL_40_ENTRIES_FIRST_PASS_US	640
LIST_EXALL_40_ENTRIES_REPEAT10_TOTAL_US	2945
LIST_EXNEXT_400_ENTRIES_FIRST_PASS_US	12735
LIST_EXNEXT_400_ENTRIES_REPEAT10_TOTAL_US	113151
LIST_EXALL_400_ENTRIES_FIRST_PASS_US	2944
LIST_EXALL_400_ENTRIES_REPEAT10_TOTAL_US	20223
LIST_EXNEXT_1000_ENTRIES_FIRST_PASS_US	31743
LIST_EXNEXT_1000_ENTRIES_REPEAT10_TOTAL_US	292734
LIST_EXALL_1000_ENTRIES_FIRST_PASS_US	7680
LIST_EXALL_1000_ENTRIES_REPEAT10_TOTAL_US	50669
PASS	1
PASS: requested mounted-volume workload outputs are complete and data-checked
