=== BFS vs PFS3 Benchmark (FS-UAE 68040) ===
Evidence directory: /home/fabian/.cache/bfs-performance/writeback-2026-10-10.sKa6aK/results/writeback-7-bfs-first-reference
Mode: compare
Timeout: 600s


=== Machine Info ===
# Machine Info
Kickstart 47.102, Workbench 47.2
System: 68040 68040/060-FPU   (INST: Cache Burst) (DATA: NoCache NoBurst)
Type  Available    In-Use   Maximum   Largest
chip    2028040     52728   2080768   2027968
fast    7534464    854144   8388608   7529392
total   9562504    906872  10469376   7529392


Mounted disks:
Unit      Size       Used       Free Full Errs   Status   Name
DF0       No disk present
DH0      4095M    4194304    4194303  50%   0  Read/Write System
DH1       255M         36      65372   0%   0  Read/Write BFSTest
DH2       Not a DOS disk

Volumes available:
BFSTest [Mounted]
System [Mounted]

=== BFS Results ===
FS_COMPARE_BENCH	4
DRIVE	DH1:
SMALL_CREATE_40_US	30342
LOOKUP_400_US	61759
SMALL_READ_40_US	19904
LIST_EXNEXT_400_US	28928
LIST_EXALL_400_US	7872
SEQ_WRITE_8M_US	38189
SEQ_READ_8M_US	281853
SMALL_DELETE_40_US	14272
APPEND_4K_1M_US	69888
APPEND_1K_256K_US	59136
APPEND_READ_1280K_US	45952
LIST_EXNEXT_40_ENTRIES_FIRST_PASS_US	4480
LIST_EXNEXT_40_ENTRIES_REPEAT10_TOTAL_US	28608
LIST_EXALL_40_ENTRIES_FIRST_PASS_US	1792
LIST_EXALL_40_ENTRIES_REPEAT10_TOTAL_US	8320
LIST_EXNEXT_400_ENTRIES_FIRST_PASS_US	37568
LIST_EXNEXT_400_ENTRIES_REPEAT10_TOTAL_US	286911
LIST_EXALL_400_ENTRIES_FIRST_PASS_US	15105
LIST_EXALL_400_ENTRIES_REPEAT10_TOTAL_US	75775
LIST_EXNEXT_1000_ENTRIES_FIRST_PASS_US	94783
LIST_EXNEXT_1000_ENTRIES_REPEAT10_TOTAL_US	721596
LIST_EXALL_1000_ENTRIES_FIRST_PASS_US	39424
LIST_EXALL_1000_ENTRIES_REPEAT10_TOTAL_US	201343
PASS	1

=== PFS3 Results ===
FS_COMPARE_BENCH	4
DRIVE	DH2:
SMALL_CREATE_40_US	16768
LOOKUP_400_US	66943
SMALL_READ_40_US	14271
LIST_EXNEXT_400_US	12160
LIST_EXALL_400_US	2497
SEQ_WRITE_8M_US	39807
SEQ_READ_8M_US	271232
SMALL_DELETE_40_US	7871
APPEND_4K_1M_US	32832
APPEND_1K_256K_US	22975
APPEND_READ_1280K_US	41793
LIST_EXNEXT_40_ENTRIES_FIRST_PASS_US	1600
LIST_EXNEXT_40_ENTRIES_REPEAT10_TOTAL_US	11905
LIST_EXALL_40_ENTRIES_FIRST_PASS_US	640
LIST_EXALL_40_ENTRIES_REPEAT10_TOTAL_US	2687
LIST_EXNEXT_400_ENTRIES_FIRST_PASS_US	12928
LIST_EXNEXT_400_ENTRIES_REPEAT10_TOTAL_US	114560
LIST_EXALL_400_ENTRIES_FIRST_PASS_US	2689
LIST_EXALL_400_ENTRIES_REPEAT10_TOTAL_US	20480
LIST_EXNEXT_1000_ENTRIES_FIRST_PASS_US	32319
LIST_EXNEXT_1000_ENTRIES_REPEAT10_TOTAL_US	290155
LIST_EXALL_1000_ENTRIES_FIRST_PASS_US	9343
LIST_EXALL_1000_ENTRIES_REPEAT10_TOTAL_US	49599
PASS	1
PASS: requested mounted-volume workload outputs are complete and data-checked
