=== BFS vs PFS3 Benchmark (FS-UAE 68040) ===
Evidence directory: /home/fabian/.cache/bfs-performance/append-attr-2026-10-10.XtdDJw/results/append-prod-4-pfs3-first-cand
Mode: compare
Timeout: 600s


=== Machine Info ===
# Machine Info
Kickstart 47.102, Workbench 47.2
System: 68040 68040/060-FPU   (INST: Cache Burst) (DATA: NoCache NoBurst)
Type  Available    In-Use   Maximum   Largest
chip    2028040     52728   2080768   2027968
fast    7531240    857368   8388608   7526176
total   9559280    910096  10469376   7526176


Mounted disks:
Unit      Size       Used       Free Full Errs   Status   Name
DF0       No disk present
DH0      4095M    4194304    4194303  50%   0  Read/Write System
DH1       255M         36      65372   0%   0  Read/Write BFSTest
DH2       Not a DOS disk

Volumes available:
BFSTest [Mounted]
System [Mounted]

=== BFS Results ===
FS_COMPARE_BENCH	4
DRIVE	DH1:
SMALL_CREATE_40_US	29632
LOOKUP_400_US	58433
SMALL_READ_40_US	16448
LIST_EXNEXT_400_US	20480
LIST_EXALL_400_US	7809
SEQ_WRITE_8M_US	28162
SEQ_READ_8M_US	252223
SMALL_DELETE_40_US	18239
APPEND_4K_1M_US	55424
APPEND_1K_256K_US	42304
APPEND_READ_1280K_US	43710
LIST_EXNEXT_40_ENTRIES_FIRST_PASS_US	3966
LIST_EXNEXT_40_ENTRIES_REPEAT10_TOTAL_US	21249
LIST_EXALL_40_ENTRIES_FIRST_PASS_US	1856
LIST_EXALL_40_ENTRIES_REPEAT10_TOTAL_US	8383
LIST_EXNEXT_400_ENTRIES_FIRST_PASS_US	30591
LIST_EXNEXT_400_ENTRIES_REPEAT10_TOTAL_US	232191
LIST_EXALL_400_ENTRIES_FIRST_PASS_US	16831
LIST_EXALL_400_ENTRIES_REPEAT10_TOTAL_US	78784
LIST_EXNEXT_1000_ENTRIES_FIRST_PASS_US	79488
LIST_EXNEXT_1000_ENTRIES_REPEAT10_TOTAL_US	552893
LIST_EXALL_1000_ENTRIES_FIRST_PASS_US	38336
LIST_EXALL_1000_ENTRIES_REPEAT10_TOTAL_US	201644
PASS	1

=== PFS3 Results ===
FS_COMPARE_BENCH	4
DRIVE	DH2:
SMALL_CREATE_40_US	18753
LOOKUP_400_US	69055
SMALL_READ_40_US	18432
LIST_EXNEXT_400_US	12225
LIST_EXALL_400_US	2497
SEQ_WRITE_8M_US	46400
SEQ_READ_8M_US	268286
SMALL_DELETE_40_US	7744
APPEND_4K_1M_US	35968
APPEND_1K_256K_US	24704
APPEND_READ_1280K_US	41343
LIST_EXNEXT_40_ENTRIES_FIRST_PASS_US	2175
LIST_EXNEXT_40_ENTRIES_REPEAT10_TOTAL_US	12799
LIST_EXALL_40_ENTRIES_FIRST_PASS_US	539
LIST_EXALL_40_ENTRIES_REPEAT10_TOTAL_US	2431
LIST_EXNEXT_400_ENTRIES_FIRST_PASS_US	12799
LIST_EXNEXT_400_ENTRIES_REPEAT10_TOTAL_US	112063
LIST_EXALL_400_ENTRIES_FIRST_PASS_US	2753
LIST_EXALL_400_ENTRIES_REPEAT10_TOTAL_US	20032
LIST_EXNEXT_1000_ENTRIES_FIRST_PASS_US	32960
LIST_EXNEXT_1000_ENTRIES_REPEAT10_TOTAL_US	280575
LIST_EXALL_1000_ENTRIES_FIRST_PASS_US	9408
LIST_EXALL_1000_ENTRIES_REPEAT10_TOTAL_US	54911
PASS	1
PASS: requested mounted-volume workload outputs are complete and data-checked
