=== BFS vs PFS3 Benchmark (FS-UAE 68040) ===
Evidence directory: /home/fabian/.cache/bfs-performance/metadata-2026-10-08.QvzB5w/build/benchmark/metadata-v4-c8-20261008-m1b-2-pfs3-first
Mode: compare
Timeout: 600s


=== Machine Info ===
# Machine Info
Kickstart 47.102, Workbench 47.2
System: 68040 68040/060-FPU   (INST: Cache Burst) (DATA: NoCache NoBurst)
Type  Available    In-Use   Maximum   Largest
chip    2028040     52728   2080768   2027968
fast    7694024    694584   8388608   7688952
total   9722064    747312  10469376   7688952


Mounted disks:
Unit      Size       Used       Free Full Errs   Status   Name
DF0       No disk present
DH0      4095M    4194304    4194303  50%   0  Read/Write System
DH1       255M         36      65372   0%   0  Read/Write BFSTest
DH2       Not a DOS disk

Volumes available:
BFSTest [Mounted]
System [Mounted]

=== BFS Results ===
FS_COMPARE_BENCH	4
DRIVE	DH1:
SMALL_CREATE_40_US	27200
LOOKUP_400_US	75137
SMALL_READ_40_US	18943
LIST_EXNEXT_400_US	34686
LIST_EXALL_400_US	8640
SEQ_WRITE_8M_US	52736
SEQ_READ_8M_US	324925
SMALL_DELETE_40_US	17985
APPEND_4K_1M_US	98368
APPEND_1K_256K_US	97407
APPEND_READ_1280K_US	45888
LIST_EXNEXT_40_ENTRIES_FIRST_PASS_US	9921
LIST_EXNEXT_40_ENTRIES_REPEAT10_TOTAL_US	46654
LIST_EXALL_40_ENTRIES_FIRST_PASS_US	4351
LIST_EXALL_40_ENTRIES_REPEAT10_TOTAL_US	11648
LIST_EXNEXT_400_ENTRIES_FIRST_PASS_US	60032
LIST_EXNEXT_400_ENTRIES_REPEAT10_TOTAL_US	639613
LIST_EXALL_400_ENTRIES_FIRST_PASS_US	37825
LIST_EXALL_400_ENTRIES_REPEAT10_TOTAL_US	394238
LIST_EXNEXT_1000_ENTRIES_FIRST_PASS_US	164415
LIST_EXNEXT_1000_ENTRIES_REPEAT10_TOTAL_US	1615800
LIST_EXALL_1000_ENTRIES_FIRST_PASS_US	125504
LIST_EXALL_1000_ENTRIES_REPEAT10_TOTAL_US	1100666
PASS	1

=== PFS3 Results ===
FS_COMPARE_BENCH	4
DRIVE	DH2:
SMALL_CREATE_40_US	20031
LOOKUP_400_US	86143
SMALL_READ_40_US	14085
LIST_EXNEXT_400_US	12415
LIST_EXALL_400_US	4734
SEQ_WRITE_8M_US	55232
SEQ_READ_8M_US	278078
SMALL_DELETE_40_US	11775
APPEND_4K_1M_US	35584
APPEND_1K_256K_US	25984
APPEND_READ_1280K_US	40704
LIST_EXNEXT_40_ENTRIES_FIRST_PASS_US	1596
LIST_EXNEXT_40_ENTRIES_REPEAT10_TOTAL_US	12477
LIST_EXALL_40_ENTRIES_FIRST_PASS_US	511
LIST_EXALL_40_ENTRIES_REPEAT10_TOTAL_US	2623
LIST_EXNEXT_400_ENTRIES_FIRST_PASS_US	12415
LIST_EXNEXT_400_ENTRIES_REPEAT10_TOTAL_US	113473
LIST_EXALL_400_ENTRIES_FIRST_PASS_US	2816
LIST_EXALL_400_ENTRIES_REPEAT10_TOTAL_US	20672
LIST_EXNEXT_1000_ENTRIES_FIRST_PASS_US	32511
LIST_EXNEXT_1000_ENTRIES_REPEAT10_TOTAL_US	282752
LIST_EXALL_1000_ENTRIES_FIRST_PASS_US	6528
LIST_EXALL_1000_ENTRIES_REPEAT10_TOTAL_US	50944
PASS	1
PASS: requested mounted-volume workload outputs are complete and data-checked
