=== BFS vs PFS3 Benchmark (FS-UAE 68040) ===
Evidence directory: /home/fabian/.cache/bfs-performance/metadata-2026-10-08.QvzB5w/build/benchmark/metadata-m3-c8-20261008-base-2-pfs3-first
Mode: compare
Timeout: 600s


=== Machine Info ===
# Machine Info
Kickstart 47.102, Workbench 47.2
System: 68040 68040/060-FPU   (INST: Cache Burst) (DATA: NoCache NoBurst)
Type  Available    In-Use   Maximum   Largest
chip    2028040     52728   2080768   2027968
fast    7690976    697632   8388608   7685936
total   9719016    750360  10469376   7685936


Mounted disks:
Unit      Size       Used       Free Full Errs   Status   Name
DF0       No disk present
DH0      4095M    4194304    4194303  50%   0  Read/Write System
DH1       255M         36      65372   0%   0  Read/Write BFSTest
DH2       Not a DOS disk

Volumes available:
BFSTest [Mounted]
System [Mounted]

=== BFS Results ===
FS_COMPARE_BENCH	4
DRIVE	DH1:
SMALL_CREATE_40_US	29760
LOOKUP_400_US	75904
SMALL_READ_40_US	20992
LIST_EXNEXT_400_US	32000
LIST_EXALL_400_US	8577
SEQ_WRITE_8M_US	38847
SEQ_READ_8M_US	273214
SMALL_DELETE_40_US	18943
APPEND_4K_1M_US	82943
APPEND_1K_256K_US	60992
APPEND_READ_1280K_US	43580
LIST_EXNEXT_40_ENTRIES_FIRST_PASS_US	6271
LIST_EXNEXT_40_ENTRIES_REPEAT10_TOTAL_US	34111
LIST_EXALL_40_ENTRIES_FIRST_PASS_US	3583
LIST_EXALL_40_ENTRIES_REPEAT10_TOTAL_US	8897
LIST_EXNEXT_400_ENTRIES_FIRST_PASS_US	65280
LIST_EXNEXT_400_ENTRIES_REPEAT10_TOTAL_US	659388
LIST_EXALL_400_ENTRIES_FIRST_PASS_US	40257
LIST_EXALL_400_ENTRIES_REPEAT10_TOTAL_US	388861
LIST_EXNEXT_1000_ENTRIES_FIRST_PASS_US	172286
LIST_EXNEXT_1000_ENTRIES_REPEAT10_TOTAL_US	1626487
LIST_EXALL_1000_ENTRIES_FIRST_PASS_US	102591
LIST_EXALL_1000_ENTRIES_REPEAT10_TOTAL_US	987769
PASS	1

=== PFS3 Results ===
FS_COMPARE_BENCH	4
DRIVE	DH2:
SMALL_CREATE_40_US	16769
LOOKUP_400_US	66944
SMALL_READ_40_US	13440
LIST_EXNEXT_400_US	11840
LIST_EXALL_400_US	2880
SEQ_WRITE_8M_US	56639
SEQ_READ_8M_US	306558
SMALL_DELETE_40_US	15615
APPEND_4K_1M_US	40512
APPEND_1K_256K_US	23232
APPEND_READ_1280K_US	40000
LIST_EXNEXT_40_ENTRIES_FIRST_PASS_US	1536
LIST_EXNEXT_40_ENTRIES_REPEAT10_TOTAL_US	12032
LIST_EXALL_40_ENTRIES_FIRST_PASS_US	576
LIST_EXALL_40_ENTRIES_REPEAT10_TOTAL_US	2432
LIST_EXNEXT_400_ENTRIES_FIRST_PASS_US	12543
LIST_EXNEXT_400_ENTRIES_REPEAT10_TOTAL_US	114239
LIST_EXALL_400_ENTRIES_FIRST_PASS_US	2879
LIST_EXALL_400_ENTRIES_REPEAT10_TOTAL_US	21120
LIST_EXNEXT_1000_ENTRIES_FIRST_PASS_US	32640
LIST_EXNEXT_1000_ENTRIES_REPEAT10_TOTAL_US	345085
LIST_EXALL_1000_ENTRIES_FIRST_PASS_US	6911
LIST_EXALL_1000_ENTRIES_REPEAT10_TOTAL_US	52927
PASS	1
PASS: requested mounted-volume workload outputs are complete and data-checked
