=== BFS vs PFS3 Benchmark (FS-UAE 68040) ===
Evidence directory: /home/fabian/.cache/bfs-performance/exact-fastpath-2026-10-09.hdq3J0/build/benchmark/exact-key-normal-20261009-range-1-bfs-first
Mode: compare
Timeout: 600s


=== Machine Info ===
# Machine Info
Kickstart 47.102, Workbench 47.2
System: 68040 68040/060-FPU   (INST: Cache Burst) (DATA: NoCache NoBurst)
Type  Available    In-Use   Maximum   Largest
chip    2028040     52728   2080768   2027968
fast    7687256    701352   8388608   7682200
total   9715296    754080  10469376   7682200


Mounted disks:
Unit      Size       Used       Free Full Errs   Status   Name
DF0       No disk present
DH0      4095M    4194304    4194303  50%   0  Read/Write System
DH1       255M         36      65372   0%   0  Read/Write BFSTest
DH2       Not a DOS disk

Volumes available:
BFSTest [Mounted]
System [Mounted]

=== BFS Results ===
FS_COMPARE_BENCH	4
DRIVE	DH1:
SMALL_CREATE_40_US	32320
LOOKUP_400_US	76224
SMALL_READ_40_US	21505
LIST_EXNEXT_400_US	30722
LIST_EXALL_400_US	9408
SEQ_WRITE_8M_US	40768
SEQ_READ_8M_US	272573
SMALL_DELETE_40_US	18048
APPEND_4K_1M_US	76989
APPEND_1K_256K_US	62335
APPEND_READ_1280K_US	48320
LIST_EXNEXT_40_ENTRIES_FIRST_PASS_US	7360
LIST_EXNEXT_40_ENTRIES_REPEAT10_TOTAL_US	31680
LIST_EXALL_40_ENTRIES_FIRST_PASS_US	3903
LIST_EXALL_40_ENTRIES_REPEAT10_TOTAL_US	11392
LIST_EXNEXT_400_ENTRIES_FIRST_PASS_US	59520
LIST_EXNEXT_400_ENTRIES_REPEAT10_TOTAL_US	594685
LIST_EXALL_400_ENTRIES_FIRST_PASS_US	35134
LIST_EXALL_400_ENTRIES_REPEAT10_TOTAL_US	358335
LIST_EXNEXT_1000_ENTRIES_FIRST_PASS_US	148479
LIST_EXNEXT_1000_ENTRIES_REPEAT10_TOTAL_US	1486904
LIST_EXALL_1000_ENTRIES_FIRST_PASS_US	93055
LIST_EXALL_1000_ENTRIES_REPEAT10_TOTAL_US	970426
PASS	1

=== PFS3 Results ===
FS_COMPARE_BENCH	4
DRIVE	DH2:
SMALL_CREATE_40_US	17409
LOOKUP_400_US	67199
SMALL_READ_40_US	15167
LIST_EXNEXT_400_US	11776
LIST_EXALL_400_US	2495
SEQ_WRITE_8M_US	42944
SEQ_READ_8M_US	263295
SMALL_DELETE_40_US	7999
APPEND_4K_1M_US	55487
APPEND_1K_256K_US	68094
APPEND_READ_1280K_US	85311
LIST_EXNEXT_40_ENTRIES_FIRST_PASS_US	3457
LIST_EXNEXT_40_ENTRIES_REPEAT10_TOTAL_US	24000
LIST_EXALL_40_ENTRIES_FIRST_PASS_US	960
LIST_EXALL_40_ENTRIES_REPEAT10_TOTAL_US	4735
LIST_EXNEXT_400_ENTRIES_FIRST_PASS_US	17282
LIST_EXNEXT_400_ENTRIES_REPEAT10_TOTAL_US	114239
LIST_EXALL_400_ENTRIES_FIRST_PASS_US	2815
LIST_EXALL_400_ENTRIES_REPEAT10_TOTAL_US	20480
LIST_EXNEXT_1000_ENTRIES_FIRST_PASS_US	32576
LIST_EXNEXT_1000_ENTRIES_REPEAT10_TOTAL_US	317054
LIST_EXALL_1000_ENTRIES_FIRST_PASS_US	7552
LIST_EXALL_1000_ENTRIES_REPEAT10_TOTAL_US	50368
PASS	1
PASS: requested mounted-volume workload outputs are complete and data-checked
