=== BFS vs PFS3 Benchmark (FS-UAE 68040) ===
Evidence directory: /home/fabian/.cache/bfs-performance/confirm-2026-10-10.TmkILS/results/confirm-2-pfs3-first-candidate
Mode: compare
Timeout: 600s


=== Machine Info ===
# Machine Info
Kickstart 47.102, Workbench 47.2
System: 68040 68040/060-FPU   (INST: Cache Burst) (DATA: NoCache NoBurst)
Type  Available    In-Use   Maximum   Largest
chip    2028040     52728   2080768   2027968
fast    7531240    857368   8388608   7526176
total   9559280    910096  10469376   7526176


Mounted disks:
Unit      Size       Used       Free Full Errs   Status   Name
DF0       No disk present
DH0      4095M    4194304    4194303  50%   0  Read/Write System
DH1       255M         36      65372   0%   0  Read/Write BFSTest
DH2       Not a DOS disk

Volumes available:
BFSTest [Mounted]
System [Mounted]

=== BFS Results ===
FS_COMPARE_BENCH	4
DRIVE	DH1:
SMALL_CREATE_40_US	32967
LOOKUP_400_US	66686
SMALL_READ_40_US	19263
LIST_EXNEXT_400_US	20225
LIST_EXALL_400_US	7873
SEQ_WRITE_8M_US	30655
SEQ_READ_8M_US	264253
SMALL_DELETE_40_US	13567
APPEND_4K_1M_US	57215
APPEND_1K_256K_US	54253
APPEND_READ_1280K_US	47806
LIST_EXNEXT_40_ENTRIES_FIRST_PASS_US	4160
LIST_EXNEXT_40_ENTRIES_REPEAT10_TOTAL_US	21568
LIST_EXALL_40_ENTRIES_FIRST_PASS_US	1920
LIST_EXALL_40_ENTRIES_REPEAT10_TOTAL_US	8512
LIST_EXNEXT_400_ENTRIES_FIRST_PASS_US	30783
LIST_EXNEXT_400_ENTRIES_REPEAT10_TOTAL_US	213695
LIST_EXALL_400_ENTRIES_FIRST_PASS_US	16257
LIST_EXALL_400_ENTRIES_REPEAT10_TOTAL_US	76608
LIST_EXNEXT_1000_ENTRIES_FIRST_PASS_US	76606
LIST_EXNEXT_1000_ENTRIES_REPEAT10_TOTAL_US	539965
LIST_EXALL_1000_ENTRIES_FIRST_PASS_US	42368
LIST_EXALL_1000_ENTRIES_REPEAT10_TOTAL_US	203327
PASS	1

=== PFS3 Results ===
FS_COMPARE_BENCH	4
DRIVE	DH2:
SMALL_CREATE_40_US	16447
LOOKUP_400_US	70335
SMALL_READ_40_US	20351
LIST_EXNEXT_400_US	12259
LIST_EXALL_400_US	2495
SEQ_WRITE_8M_US	39425
SEQ_READ_8M_US	255292
SMALL_DELETE_40_US	7872
APPEND_4K_1M_US	33472
APPEND_1K_256K_US	23424
APPEND_READ_1280K_US	40447
LIST_EXNEXT_40_ENTRIES_FIRST_PASS_US	1600
LIST_EXNEXT_40_ENTRIES_REPEAT10_TOTAL_US	11840
LIST_EXALL_40_ENTRIES_FIRST_PASS_US	511
LIST_EXALL_40_ENTRIES_REPEAT10_TOTAL_US	2497
LIST_EXNEXT_400_ENTRIES_FIRST_PASS_US	12480
LIST_EXNEXT_400_ENTRIES_REPEAT10_TOTAL_US	117311
LIST_EXALL_400_ENTRIES_FIRST_PASS_US	3198
LIST_EXALL_400_ENTRIES_REPEAT10_TOTAL_US	20480
LIST_EXNEXT_1000_ENTRIES_FIRST_PASS_US	31233
LIST_EXNEXT_1000_ENTRIES_REPEAT10_TOTAL_US	273260
LIST_EXALL_1000_ENTRIES_FIRST_PASS_US	6592
LIST_EXALL_1000_ENTRIES_REPEAT10_TOTAL_US	49408
PASS	1
PASS: requested mounted-volume workload outputs are complete and data-checked
