=== BFS vs PFS3 Benchmark (FS-UAE 68040) ===
Evidence directory: /home/fabian/.cache/bfs-performance/prodcodegen-pilot-2026-10-10.rjXGlO/results/prodcodegen-4-pfs3-first-release040
Mode: compare
Timeout: 600s


=== Machine Info ===
# Machine Info
Kickstart 47.102, Workbench 47.2
System: 68040 68040/060-FPU   (INST: Cache Burst) (DATA: NoCache NoBurst)
Type  Available    In-Use   Maximum   Largest
chip    2028040     52728   2080768   2027968
fast    7563224    825384   8388608   7558128
total   9591264    878112  10469376   7558128


Mounted disks:
Unit      Size       Used       Free Full Errs   Status   Name
DF0       No disk present
DH0      4095M    4194304    4194303  50%   0  Read/Write System
DH1       255M         36      65372   0%   0  Read/Write BFSTest
DH2       Not a DOS disk

Volumes available:
BFSTest [Mounted]
System [Mounted]

=== BFS Results ===
FS_COMPARE_BENCH	4
DRIVE	DH1:
SMALL_CREATE_40_US	33855
LOOKUP_400_US	67071
SMALL_READ_40_US	24511
LIST_EXNEXT_400_US	37504
LIST_EXALL_400_US	8895
SEQ_WRITE_8M_US	45165
SEQ_READ_8M_US	279678
SMALL_DELETE_40_US	16768
APPEND_4K_1M_US	80705
APPEND_1K_256K_US	68608
APPEND_READ_1280K_US	47360
LIST_EXNEXT_40_ENTRIES_FIRST_PASS_US	5312
LIST_EXNEXT_40_ENTRIES_REPEAT10_TOTAL_US	34368
LIST_EXALL_40_ENTRIES_FIRST_PASS_US	2112
LIST_EXALL_40_ENTRIES_REPEAT10_TOTAL_US	9728
LIST_EXNEXT_400_ENTRIES_FIRST_PASS_US	48256
LIST_EXNEXT_400_ENTRIES_REPEAT10_TOTAL_US	345533
LIST_EXALL_400_ENTRIES_FIRST_PASS_US	21313
LIST_EXALL_400_ENTRIES_REPEAT10_TOTAL_US	91903
LIST_EXNEXT_1000_ENTRIES_FIRST_PASS_US	114304
LIST_EXNEXT_1000_ENTRIES_REPEAT10_TOTAL_US	860092
LIST_EXALL_1000_ENTRIES_FIRST_PASS_US	47423
LIST_EXALL_1000_ENTRIES_REPEAT10_TOTAL_US	235647
PASS	1

=== PFS3 Results ===
FS_COMPARE_BENCH	4
DRIVE	DH2:
SMALL_CREATE_40_US	17471
LOOKUP_400_US	66880
SMALL_READ_40_US	14720
LIST_EXNEXT_400_US	12160
LIST_EXALL_400_US	2880
SEQ_WRITE_8M_US	37055
SEQ_READ_8M_US	271102
SMALL_DELETE_40_US	8191
APPEND_4K_1M_US	31852
APPEND_1K_256K_US	23360
APPEND_READ_1280K_US	41919
LIST_EXNEXT_40_ENTRIES_FIRST_PASS_US	1663
LIST_EXNEXT_40_ENTRIES_REPEAT10_TOTAL_US	12032
LIST_EXALL_40_ENTRIES_FIRST_PASS_US	768
LIST_EXALL_40_ENTRIES_REPEAT10_TOTAL_US	2495
LIST_EXNEXT_400_ENTRIES_FIRST_PASS_US	12671
LIST_EXNEXT_400_ENTRIES_REPEAT10_TOTAL_US	112128
LIST_EXALL_400_ENTRIES_FIRST_PASS_US	2752
LIST_EXALL_400_ENTRIES_REPEAT10_TOTAL_US	21056
LIST_EXNEXT_1000_ENTRIES_FIRST_PASS_US	40575
LIST_EXNEXT_1000_ENTRIES_REPEAT10_TOTAL_US	282111
LIST_EXALL_1000_ENTRIES_FIRST_PASS_US	7419
LIST_EXALL_1000_ENTRIES_REPEAT10_TOTAL_US	50048
PASS	1
PASS: requested mounted-volume workload outputs are complete and data-checked
