=== BFS vs PFS3 Benchmark (FS-UAE 68040) ===
Evidence directory: /home/fabian/.cache/bfs-performance/listing-upgrade-2026-10-08.29qKRc/build/benchmark/leaf-range-normal-20261008-m3-4-pfs3-first
Mode: compare
Timeout: 600s


=== Machine Info ===
# Machine Info
Kickstart 47.102, Workbench 47.2
System: 68040 68040/060-FPU   (INST: Cache Burst) (DATA: NoCache NoBurst)
Type  Available    In-Use   Maximum   Largest
chip    2028040     52728   2080768   2027968
fast    7689920    698688   8388608   7684880
total   9717960    751416  10469376   7684880


Mounted disks:
Unit      Size       Used       Free Full Errs   Status   Name
DF0       No disk present
DH0      4095M    4194304    4194303  50%   0  Read/Write System
DH1       255M         36      65372   0%   0  Read/Write BFSTest
DH2       Not a DOS disk

Volumes available:
BFSTest [Mounted]
System [Mounted]

=== BFS Results ===
FS_COMPARE_BENCH	4
DRIVE	DH1:
SMALL_CREATE_40_US	31552
LOOKUP_400_US	88127
SMALL_READ_40_US	22015
LIST_EXNEXT_400_US	32000
LIST_EXALL_400_US	10924
SEQ_WRITE_8M_US	66495
SEQ_READ_8M_US	259647
SMALL_DELETE_40_US	17280
APPEND_4K_1M_US	71488
APPEND_1K_256K_US	62016
APPEND_READ_1280K_US	40896
LIST_EXNEXT_40_ENTRIES_FIRST_PASS_US	6016
LIST_EXNEXT_40_ENTRIES_REPEAT10_TOTAL_US	31104
LIST_EXALL_40_ENTRIES_FIRST_PASS_US	3840
LIST_EXALL_40_ENTRIES_REPEAT10_TOTAL_US	9022
LIST_EXNEXT_400_ENTRIES_FIRST_PASS_US	60928
LIST_EXNEXT_400_ENTRIES_REPEAT10_TOTAL_US	601149
LIST_EXALL_400_ENTRIES_FIRST_PASS_US	39295
LIST_EXALL_400_ENTRIES_REPEAT10_TOTAL_US	390269
LIST_EXNEXT_1000_ENTRIES_FIRST_PASS_US	153024
LIST_EXNEXT_1000_ENTRIES_REPEAT10_TOTAL_US	1693879
LIST_EXALL_1000_ENTRIES_FIRST_PASS_US	103104
LIST_EXALL_1000_ENTRIES_REPEAT10_TOTAL_US	1036538
PASS	1

=== PFS3 Results ===
FS_COMPARE_BENCH	4
DRIVE	DH2:
SMALL_CREATE_40_US	18112
LOOKUP_400_US	66303
SMALL_READ_40_US	14911
LIST_EXNEXT_400_US	12096
LIST_EXALL_400_US	2495
SEQ_WRITE_8M_US	41600
SEQ_READ_8M_US	262271
SMALL_DELETE_40_US	7935
APPEND_4K_1M_US	35073
APPEND_1K_256K_US	24319
APPEND_READ_1280K_US	40191
LIST_EXNEXT_40_ENTRIES_FIRST_PASS_US	1920
LIST_EXNEXT_40_ENTRIES_REPEAT10_TOTAL_US	13440
LIST_EXALL_40_ENTRIES_FIRST_PASS_US	960
LIST_EXALL_40_ENTRIES_REPEAT10_TOTAL_US	2495
LIST_EXNEXT_400_ENTRIES_FIRST_PASS_US	12735
LIST_EXNEXT_400_ENTRIES_REPEAT10_TOTAL_US	160427
LIST_EXALL_400_ENTRIES_FIRST_PASS_US	5377
LIST_EXALL_400_ENTRIES_REPEAT10_TOTAL_US	23808
LIST_EXNEXT_1000_ENTRIES_FIRST_PASS_US	33664
LIST_EXNEXT_1000_ENTRIES_REPEAT10_TOTAL_US	281727
LIST_EXALL_1000_ENTRIES_FIRST_PASS_US	8192
LIST_EXALL_1000_ENTRIES_REPEAT10_TOTAL_US	51904
PASS	1
PASS: requested mounted-volume workload outputs are complete and data-checked
