=== BFS vs PFS3 Benchmark (FS-UAE 68040) ===
Evidence directory: /home/fabian/.cache/bfs-performance/exact-fastpath-2026-10-09.hdq3J0/build/benchmark/exact-key-normal-20261009-m3-1-bfs-first
Mode: compare
Timeout: 600s


=== Machine Info ===
# Machine Info
Kickstart 47.102, Workbench 47.2
System: 68040 68040/060-FPU   (INST: Cache Burst) (DATA: NoCache NoBurst)
Type  Available    In-Use   Maximum   Largest
chip    2028040     52728   2080768   2027968
fast    7689920    698688   8388608   7684880
total   9717960    751416  10469376   7684880


Mounted disks:
Unit      Size       Used       Free Full Errs   Status   Name
DF0       No disk present
DH0      4095M    4194304    4194303  50%   0  Read/Write System
DH1       255M         36      65372   0%   0  Read/Write BFSTest
DH2       Not a DOS disk

Volumes available:
BFSTest [Mounted]
System [Mounted]

=== BFS Results ===
FS_COMPARE_BENCH	4
DRIVE	DH1:
SMALL_CREATE_40_US	33024
LOOKUP_400_US	113536
SMALL_READ_40_US	39489
LIST_EXNEXT_400_US	38271
LIST_EXALL_400_US	8640
SEQ_WRITE_8M_US	39103
SEQ_READ_8M_US	281150
SMALL_DELETE_40_US	42175
APPEND_4K_1M_US	100010
APPEND_1K_256K_US	59648
APPEND_READ_1280K_US	43135
LIST_EXNEXT_40_ENTRIES_FIRST_PASS_US	7103
LIST_EXNEXT_40_ENTRIES_REPEAT10_TOTAL_US	31105
LIST_EXALL_40_ENTRIES_FIRST_PASS_US	4927
LIST_EXALL_40_ENTRIES_REPEAT10_TOTAL_US	9343
LIST_EXNEXT_400_ENTRIES_FIRST_PASS_US	61377
LIST_EXNEXT_400_ENTRIES_REPEAT10_TOTAL_US	632763
LIST_EXALL_400_ENTRIES_FIRST_PASS_US	41151
LIST_EXALL_400_ENTRIES_REPEAT10_TOTAL_US	435005
LIST_EXNEXT_1000_ENTRIES_FIRST_PASS_US	186815
LIST_EXNEXT_1000_ENTRIES_REPEAT10_TOTAL_US	1896437
LIST_EXALL_1000_ENTRIES_FIRST_PASS_US	150142
LIST_EXALL_1000_ENTRIES_REPEAT10_TOTAL_US	1080442
PASS	1

=== PFS3 Results ===
FS_COMPARE_BENCH	4
DRIVE	DH2:
SMALL_CREATE_40_US	16256
LOOKUP_400_US	67585
SMALL_READ_40_US	15232
LIST_EXNEXT_400_US	11840
LIST_EXALL_400_US	2369
SEQ_WRITE_8M_US	41216
SEQ_READ_8M_US	260864
SMALL_DELETE_40_US	8564
APPEND_4K_1M_US	35495
APPEND_1K_256K_US	27904
APPEND_READ_1280K_US	61824
LIST_EXNEXT_40_ENTRIES_FIRST_PASS_US	1726
LIST_EXNEXT_40_ENTRIES_REPEAT10_TOTAL_US	12096
LIST_EXALL_40_ENTRIES_FIRST_PASS_US	577
LIST_EXALL_40_ENTRIES_REPEAT10_TOTAL_US	2496
LIST_EXNEXT_400_ENTRIES_FIRST_PASS_US	12928
LIST_EXNEXT_400_ENTRIES_REPEAT10_TOTAL_US	171582
LIST_EXALL_400_ENTRIES_FIRST_PASS_US	2817
LIST_EXALL_400_ENTRIES_REPEAT10_TOTAL_US	20480
LIST_EXNEXT_1000_ENTRIES_FIRST_PASS_US	31551
LIST_EXNEXT_1000_ENTRIES_REPEAT10_TOTAL_US	429694
LIST_EXALL_1000_ENTRIES_FIRST_PASS_US	6592
LIST_EXALL_1000_ENTRIES_REPEAT10_TOTAL_US	51008
PASS	1
PASS: requested mounted-volume workload outputs are complete and data-checked
