=== BFS vs PFS3 Benchmark (FS-UAE 68040) ===
Evidence directory: /home/fabian/.cache/bfs-performance/sparse-crc-2026-10-09.xN615F/candidate/build/benchmark/sparse-confirmation-20261009/confirm-normal-sparse-1-bfs-first
Mode: compare
Timeout: 600s


=== Machine Info ===
# Machine Info
Kickstart 47.102, Workbench 47.2
System: 68040 68040/060-FPU   (INST: Cache Burst) (DATA: NoCache NoBurst)
Type  Available    In-Use   Maximum   Largest
chip    2028040     52728   2080768   2027968
fast    7686824    701784   8388608   7681768
total   9714864    754512  10469376   7681768


Mounted disks:
Unit      Size       Used       Free Full Errs   Status   Name
DF0       No disk present
DH0      4095M    4194304    4194303  50%   0  Read/Write System
DH1       255M         36      65372   0%   0  Read/Write BFSTest
DH2       Not a DOS disk

Volumes available:
BFSTest [Mounted]
System [Mounted]

=== BFS Results ===
FS_COMPARE_BENCH	4
DRIVE	DH1:
SMALL_CREATE_40_US	32575
LOOKUP_400_US	77249
SMALL_READ_40_US	20032
LIST_EXNEXT_400_US	31424
LIST_EXALL_400_US	9408
SEQ_WRITE_8M_US	39680
SEQ_READ_8M_US	356606
SMALL_DELETE_40_US	17919
APPEND_4K_1M_US	75456
APPEND_1K_256K_US	62207
APPEND_READ_1280K_US	42880
LIST_EXNEXT_40_ENTRIES_FIRST_PASS_US	5696
LIST_EXNEXT_40_ENTRIES_REPEAT10_TOTAL_US	32191
LIST_EXALL_40_ENTRIES_FIRST_PASS_US	3264
LIST_EXALL_40_ENTRIES_REPEAT10_TOTAL_US	9472
LIST_EXNEXT_400_ENTRIES_FIRST_PASS_US	65305
LIST_EXNEXT_400_ENTRIES_REPEAT10_TOTAL_US	666748
LIST_EXALL_400_ENTRIES_FIRST_PASS_US	32832
LIST_EXALL_400_ENTRIES_REPEAT10_TOTAL_US	310527
LIST_EXNEXT_1000_ENTRIES_FIRST_PASS_US	131135
LIST_EXNEXT_1000_ENTRIES_REPEAT10_TOTAL_US	1466551
LIST_EXALL_1000_ENTRIES_FIRST_PASS_US	73343
LIST_EXALL_1000_ENTRIES_REPEAT10_TOTAL_US	724091
PASS	1

=== PFS3 Results ===
FS_COMPARE_BENCH	4
DRIVE	DH2:
SMALL_CREATE_40_US	17920
LOOKUP_400_US	67328
SMALL_READ_40_US	15104
LIST_EXNEXT_400_US	12286
LIST_EXALL_400_US	2497
SEQ_WRITE_8M_US	41920
SEQ_READ_8M_US	271871
SMALL_DELETE_40_US	8384
APPEND_4K_1M_US	39295
APPEND_1K_256K_US	25664
APPEND_READ_1280K_US	41729
LIST_EXNEXT_40_ENTRIES_FIRST_PASS_US	1857
LIST_EXNEXT_40_ENTRIES_REPEAT10_TOTAL_US	13569
LIST_EXALL_40_ENTRIES_FIRST_PASS_US	639
LIST_EXALL_40_ENTRIES_REPEAT10_TOTAL_US	2560
LIST_EXNEXT_400_ENTRIES_FIRST_PASS_US	18239
LIST_EXNEXT_400_ENTRIES_REPEAT10_TOTAL_US	124734
LIST_EXALL_400_ENTRIES_FIRST_PASS_US	3073
LIST_EXALL_400_ENTRIES_REPEAT10_TOTAL_US	20608
LIST_EXNEXT_1000_ENTRIES_FIRST_PASS_US	33728
LIST_EXNEXT_1000_ENTRIES_REPEAT10_TOTAL_US	312125
LIST_EXALL_1000_ENTRIES_FIRST_PASS_US	6527
LIST_EXALL_1000_ENTRIES_REPEAT10_TOTAL_US	53119
PASS	1
PASS: requested mounted-volume workload outputs are complete and data-checked
