=== BFS vs PFS3 Benchmark (FS-UAE 68040) ===
Evidence directory: /home/fabian/.cache/bfs-performance/exact-fastpath-2026-10-09.hdq3J0/build/benchmark/exact-key-pilot-durable-20261009-fast-2-pfs3-first
Mode: durable-compare
Timeout: 600s


=== Machine Info ===
# Machine Info
Kickstart 47.102, Workbench 47.2
System: 68040 68040/060-FPU   (INST: Cache Burst) (DATA: NoCache NoBurst)
Type  Available    In-Use   Maximum   Largest
chip    2028040     52728   2080768   2027968
fast    7687320    701288   8388608   7682264
total   9715360    754016  10469376   7682264


Mounted disks:
Unit      Size       Used       Free Full Errs   Status   Name
DF0       No disk present
DH0      4095M    4194304    4194303  50%   0  Read/Write System
DH1       255M         36      65372   0%   0  Read/Write BFSTest
DH2       Not a DOS disk

Volumes available:
BFSTest [Mounted]
System [Mounted]

=== BFS Results ===
FS_DURABLE_COMPARE	4
DRIVE	DH1:
SMALL_CREATE_40_US	31488
LOOKUP_400_US	75711
SMALL_READ_40_US	19648
LIST_EXNEXT_400_US	30912
LIST_EXALL_400_US	8576
SEQ_WRITE_8M_US	40704
SEQ_READ_8M_US	273022
SMALL_DELETE_40_US	20545
APPEND_4K_1M_US	75050
APPEND_1K_256K_US	63679
APPEND_READ_1280K_US	43391
LIST_EXNEXT_40_ENTRIES_FIRST_PASS_US	6015
LIST_EXNEXT_40_ENTRIES_REPEAT10_TOTAL_US	31039
LIST_EXALL_40_ENTRIES_FIRST_PASS_US	3647
LIST_EXALL_40_ENTRIES_REPEAT10_TOTAL_US	9472
LIST_EXNEXT_400_ENTRIES_FIRST_PASS_US	57113
LIST_EXNEXT_400_ENTRIES_REPEAT10_TOTAL_US	558525
LIST_EXALL_400_ENTRIES_FIRST_PASS_US	35072
LIST_EXALL_400_ENTRIES_REPEAT10_TOTAL_US	347965
LIST_EXNEXT_1000_ENTRIES_FIRST_PASS_US	147262
LIST_EXNEXT_1000_ENTRIES_REPEAT10_TOTAL_US	1592503
LIST_EXALL_1000_ENTRIES_FIRST_PASS_US	91775
LIST_EXALL_1000_ENTRIES_REPEAT10_TOTAL_US	895483
PASS	1

=== PFS3 Results ===
FS_DURABLE_COMPARE	4
DRIVE	DH2:
SMALL_CREATE_40_US	18657
LOOKUP_400_US	65983
SMALL_READ_40_US	15103
LIST_EXNEXT_400_US	11874
LIST_EXALL_400_US	2496
SEQ_WRITE_8M_US	45823
SEQ_READ_8M_US	275902
SMALL_DELETE_40_US	8768
APPEND_4K_1M_US	34049
APPEND_1K_256K_US	23872
APPEND_READ_1280K_US	42368
LIST_EXNEXT_40_ENTRIES_FIRST_PASS_US	1985
LIST_EXNEXT_40_ENTRIES_REPEAT10_TOTAL_US	11905
LIST_EXALL_40_ENTRIES_FIRST_PASS_US	640
LIST_EXALL_40_ENTRIES_REPEAT10_TOTAL_US	2497
LIST_EXNEXT_400_ENTRIES_FIRST_PASS_US	13248
LIST_EXNEXT_400_ENTRIES_REPEAT10_TOTAL_US	113279
LIST_EXALL_400_ENTRIES_FIRST_PASS_US	3200
LIST_EXALL_400_ENTRIES_REPEAT10_TOTAL_US	20800
LIST_EXNEXT_1000_ENTRIES_FIRST_PASS_US	31039
LIST_EXNEXT_1000_ENTRIES_REPEAT10_TOTAL_US	296831
LIST_EXALL_1000_ENTRIES_FIRST_PASS_US	7552
LIST_EXALL_1000_ENTRIES_REPEAT10_TOTAL_US	49728
PASS	1
PASS: requested mounted-volume workload outputs are complete and data-checked
