=== BFS vs PFS3 Benchmark (FS-UAE 68040) ===
Evidence directory: /home/fabian/.cache/bfs-performance/exnext-2026-10-10.8MRoga/results/exnext-5-bfs-first-reference
Mode: compare
Timeout: 600s


=== Machine Info ===
# Machine Info
Kickstart 47.102, Workbench 47.2
System: 68040 68040/060-FPU   (INST: Cache Burst) (DATA: NoCache NoBurst)
Type  Available    In-Use   Maximum   Largest
chip    2028040     52728   2080768   2027968
fast    7532616    855992   8388608   7527544
total   9560656    908720  10469376   7527544


Mounted disks:
Unit      Size       Used       Free Full Errs   Status   Name
DF0       No disk present
DH0      4095M    4194304    4194303  50%   0  Read/Write System
DH1       255M         36      65372   0%   0  Read/Write BFSTest
DH2       Not a DOS disk

Volumes available:
BFSTest [Mounted]
System [Mounted]

=== BFS Results ===
FS_COMPARE_BENCH	4
DRIVE	DH1:
SMALL_CREATE_40_US	30655
LOOKUP_400_US	58176
SMALL_READ_40_US	17791
LIST_EXNEXT_400_US	27648
LIST_EXALL_400_US	7743
SEQ_WRITE_8M_US	28480
SEQ_READ_8M_US	273790
SMALL_DELETE_40_US	14016
APPEND_4K_1M_US	52737
APPEND_1K_256K_US	42880
APPEND_READ_1280K_US	44351
LIST_EXNEXT_40_ENTRIES_FIRST_PASS_US	4480
LIST_EXNEXT_40_ENTRIES_REPEAT10_TOTAL_US	28737
LIST_EXALL_40_ENTRIES_FIRST_PASS_US	1856
LIST_EXALL_40_ENTRIES_REPEAT10_TOTAL_US	8960
LIST_EXNEXT_400_ENTRIES_FIRST_PASS_US	38400
LIST_EXNEXT_400_ENTRIES_REPEAT10_TOTAL_US	291007
LIST_EXALL_400_ENTRIES_FIRST_PASS_US	16063
LIST_EXALL_400_ENTRIES_REPEAT10_TOTAL_US	89982
LIST_EXNEXT_1000_ENTRIES_FIRST_PASS_US	92825
LIST_EXNEXT_1000_ENTRIES_REPEAT10_TOTAL_US	742332
LIST_EXALL_1000_ENTRIES_FIRST_PASS_US	76736
LIST_EXALL_1000_ENTRIES_REPEAT10_TOTAL_US	309184
PASS	1

=== PFS3 Results ===
FS_COMPARE_BENCH	4
DRIVE	DH2:
SMALL_CREATE_40_US	16770
LOOKUP_400_US	65728
SMALL_READ_40_US	14016
LIST_EXNEXT_400_US	11905
LIST_EXALL_400_US	2497
SEQ_WRITE_8M_US	43264
SEQ_READ_8M_US	273726
SMALL_DELETE_40_US	7743
APPEND_4K_1M_US	35200
APPEND_1K_256K_US	23488
APPEND_READ_1280K_US	40448
LIST_EXNEXT_40_ENTRIES_FIRST_PASS_US	1726
LIST_EXNEXT_40_ENTRIES_REPEAT10_TOTAL_US	12223
LIST_EXALL_40_ENTRIES_FIRST_PASS_US	961
LIST_EXALL_40_ENTRIES_REPEAT10_TOTAL_US	4607
LIST_EXNEXT_400_ENTRIES_FIRST_PASS_US	19649
LIST_EXNEXT_400_ENTRIES_REPEAT10_TOTAL_US	114814
LIST_EXALL_400_ENTRIES_FIRST_PASS_US	2879
LIST_EXALL_400_ENTRIES_REPEAT10_TOTAL_US	20542
LIST_EXNEXT_1000_ENTRIES_FIRST_PASS_US	33242
LIST_EXNEXT_1000_ENTRIES_REPEAT10_TOTAL_US	341630
LIST_EXALL_1000_ENTRIES_FIRST_PASS_US	6400
LIST_EXALL_1000_ENTRIES_REPEAT10_TOTAL_US	50688
PASS	1
PASS: requested mounted-volume workload outputs are complete and data-checked
