=== BFS vs PFS3 Benchmark (FS-UAE 68040) ===
Evidence directory: /home/fabian/.cache/bfs-performance/append-attr2-2026-10-10.xibtLq/results/append2-prod-2-pfs3-first-mid
Mode: compare
Timeout: 600s


=== Machine Info ===
# Machine Info
Kickstart 47.102, Workbench 47.2
System: 68040 68040/060-FPU   (INST: Cache Burst) (DATA: NoCache NoBurst)
Type  Available    In-Use   Maximum   Largest
chip    2028040     52728   2080768   2027968
fast    7532072    856536   8388608   7526984
total   9560112    909264  10469376   7526984


Mounted disks:
Unit      Size       Used       Free Full Errs   Status   Name
DF0       No disk present
DH0      4095M    4194304    4194303  50%   0  Read/Write System
DH1       255M         36      65372   0%   0  Read/Write BFSTest
DH2       Not a DOS disk

Volumes available:
BFSTest [Mounted]
System [Mounted]

=== BFS Results ===
FS_COMPARE_BENCH	4
DRIVE	DH1:
SMALL_CREATE_40_US	28992
LOOKUP_400_US	59456
SMALL_READ_40_US	18433
LIST_EXNEXT_400_US	27584
LIST_EXALL_400_US	7744
SEQ_WRITE_8M_US	28736
SEQ_READ_8M_US	271038
SMALL_DELETE_40_US	13888
APPEND_4K_1M_US	52169
APPEND_1K_256K_US	44031
APPEND_READ_1280K_US	44160
LIST_EXNEXT_40_ENTRIES_FIRST_PASS_US	4417
LIST_EXNEXT_40_ENTRIES_REPEAT10_TOTAL_US	29248
LIST_EXALL_40_ENTRIES_FIRST_PASS_US	2175
LIST_EXALL_40_ENTRIES_REPEAT10_TOTAL_US	8703
LIST_EXNEXT_400_ENTRIES_FIRST_PASS_US	36606
LIST_EXNEXT_400_ENTRIES_REPEAT10_TOTAL_US	307967
LIST_EXALL_400_ENTRIES_FIRST_PASS_US	16257
LIST_EXALL_400_ENTRIES_REPEAT10_TOTAL_US	82368
LIST_EXNEXT_1000_ENTRIES_FIRST_PASS_US	116096
LIST_EXNEXT_1000_ENTRIES_REPEAT10_TOTAL_US	751036
LIST_EXALL_1000_ENTRIES_FIRST_PASS_US	40577
LIST_EXALL_1000_ENTRIES_REPEAT10_TOTAL_US	288814
PASS	1

=== PFS3 Results ===
FS_COMPARE_BENCH	4
DRIVE	DH2:
SMALL_CREATE_40_US	17023
LOOKUP_400_US	66304
SMALL_READ_40_US	14655
LIST_EXNEXT_400_US	11840
LIST_EXALL_400_US	2880
SEQ_WRITE_8M_US	38600
SEQ_READ_8M_US	273598
SMALL_DELETE_40_US	8320
APPEND_4K_1M_US	32320
APPEND_1K_256K_US	22975
APPEND_READ_1280K_US	40656
LIST_EXNEXT_40_ENTRIES_FIRST_PASS_US	3200
LIST_EXNEXT_40_ENTRIES_REPEAT10_TOTAL_US	12031
LIST_EXALL_40_ENTRIES_FIRST_PASS_US	575
LIST_EXALL_40_ENTRIES_REPEAT10_TOTAL_US	2880
LIST_EXNEXT_400_ENTRIES_FIRST_PASS_US	13312
LIST_EXNEXT_400_ENTRIES_REPEAT10_TOTAL_US	114047
LIST_EXALL_400_ENTRIES_FIRST_PASS_US	2880
LIST_EXALL_400_ENTRIES_REPEAT10_TOTAL_US	20608
LIST_EXNEXT_1000_ENTRIES_FIRST_PASS_US	32703
LIST_EXNEXT_1000_ENTRIES_REPEAT10_TOTAL_US	281344
LIST_EXALL_1000_ENTRIES_FIRST_PASS_US	13632
LIST_EXALL_1000_ENTRIES_REPEAT10_TOTAL_US	51456
PASS	1
PASS: requested mounted-volume workload outputs are complete and data-checked
