=== BFS vs PFS3 Benchmark (FS-UAE 68040) ===
Evidence directory: /home/fabian/.cache/bfs-performance/exact-fastpath-2026-10-09.hdq3J0/build/benchmark/exact-key-normal-20261009-m3-4-pfs3-first
Mode: compare
Timeout: 600s


=== Machine Info ===
# Machine Info
Kickstart 47.102, Workbench 47.2
System: 68040 68040/060-FPU   (INST: Cache Burst) (DATA: NoCache NoBurst)
Type  Available    In-Use   Maximum   Largest
chip    2028040     52728   2080768   2027968
fast    7689920    698688   8388608   7684880
total   9717960    751416  10469376   7684880


Mounted disks:
Unit      Size       Used       Free Full Errs   Status   Name
DF0       No disk present
DH0      4095M    4194304    4194303  50%   0  Read/Write System
DH1       255M         36      65372   0%   0  Read/Write BFSTest
DH2       Not a DOS disk

Volumes available:
BFSTest [Mounted]
System [Mounted]

=== BFS Results ===
FS_COMPARE_BENCH	4
DRIVE	DH1:
SMALL_CREATE_40_US	33205
LOOKUP_400_US	75776
SMALL_READ_40_US	20416
LIST_EXNEXT_400_US	30272
LIST_EXALL_400_US	8637
SEQ_WRITE_8M_US	37312
SEQ_READ_8M_US	275775
SMALL_DELETE_40_US	20415
APPEND_4K_1M_US	77312
APPEND_1K_256K_US	59008
APPEND_READ_1280K_US	44476
LIST_EXNEXT_40_ENTRIES_FIRST_PASS_US	6208
LIST_EXNEXT_40_ENTRIES_REPEAT10_TOTAL_US	31297
LIST_EXALL_40_ENTRIES_FIRST_PASS_US	4800
LIST_EXALL_40_ENTRIES_REPEAT10_TOTAL_US	9215
LIST_EXNEXT_400_ENTRIES_FIRST_PASS_US	63553
LIST_EXNEXT_400_ENTRIES_REPEAT10_TOTAL_US	670461
LIST_EXALL_400_ENTRIES_FIRST_PASS_US	43393
LIST_EXALL_400_ENTRIES_REPEAT10_TOTAL_US	420862
LIST_EXNEXT_1000_ENTRIES_FIRST_PASS_US	161279
LIST_EXNEXT_1000_ENTRIES_REPEAT10_TOTAL_US	1807286
LIST_EXALL_1000_ENTRIES_FIRST_PASS_US	105665
LIST_EXALL_1000_ENTRIES_REPEAT10_TOTAL_US	1080187
PASS	1

=== PFS3 Results ===
FS_COMPARE_BENCH	4
DRIVE	DH2:
SMALL_CREATE_40_US	36033
LOOKUP_400_US	68160
SMALL_READ_40_US	14000
LIST_EXNEXT_400_US	12159
LIST_EXALL_400_US	2496
SEQ_WRITE_8M_US	41024
SEQ_READ_8M_US	262270
SMALL_DELETE_40_US	8320
APPEND_4K_1M_US	33664
APPEND_1K_256K_US	23935
APPEND_READ_1280K_US	41728
LIST_EXNEXT_40_ENTRIES_FIRST_PASS_US	1600
LIST_EXNEXT_40_ENTRIES_REPEAT10_TOTAL_US	12480
LIST_EXALL_40_ENTRIES_FIRST_PASS_US	513
LIST_EXALL_40_ENTRIES_REPEAT10_TOTAL_US	2560
LIST_EXNEXT_400_ENTRIES_FIRST_PASS_US	13760
LIST_EXNEXT_400_ENTRIES_REPEAT10_TOTAL_US	135488
LIST_EXALL_400_ENTRIES_FIRST_PASS_US	2751
LIST_EXALL_400_ENTRIES_REPEAT10_TOTAL_US	20543
LIST_EXNEXT_1000_ENTRIES_FIRST_PASS_US	32831
LIST_EXNEXT_1000_ENTRIES_REPEAT10_TOTAL_US	286079
LIST_EXALL_1000_ENTRIES_FIRST_PASS_US	6335
LIST_EXALL_1000_ENTRIES_REPEAT10_TOTAL_US	50687
PASS	1
PASS: requested mounted-volume workload outputs are complete and data-checked
