_seal_block_reserved:
	movem.l a3/a2/d7/d6/d5/d4/d2,-(sp)
	move.l (32,sp),a2
	move.l (a2)+,a1
	move.l (36,sp),a0
	move.l (4,a1),d0
	move.l #4095,d1
	add.l d0,d1
	divu.l d0,d1
	moveq #1,d2
	cmp.l a0,d1
	jhi .L766
	cmp.l (8,a1),a0
	jcc .L766
	move.l a0,d5
	clr.l d4
	move.l d0,d7
	clr.l d6
	lea ___udivdi3,a3
	move.l d0,-(sp)
	move.l d6,-(sp)
	move.l (344,a2),-(sp)
	move.l (340,a2),-(sp)
	jsr (a3)
	lea (16,sp),sp
	sub.l d5,d1
	subx.l d4,d0
	jeq .L766
	move.l d7,-(sp)
	move.l d6,-(sp)
	move.l (104,a2),-(sp)
	move.l (100,a2),-(sp)
	jsr (a3)
	cmp.l d4,d0
	jne .L772
	cmp.l d5,d1
.L772:
	seq d2
	extb.l d2
	lea (16,sp),sp
	neg.l d2
.L766:
	move.l d2,d0
	movem.l (sp)+,d2/d4/d5/d6/d7/a2/a3
	move.l (-1392,a5),d7
	move.l d3,(-1420,a5)
	move.l (-1308,a5),d5
	move.l (-1304,a5),d2
	move.l (-1344,a5),a2
	move.l (-1300,a5),a3
	move.l (-1320,a5),a4
	move.l (1084,a2),(-1336,a5)
	clr.l (-1340,a5)
	move.l (-1388,a5),d0
	move.l (-1384,a5),d1
	move.l (-1340,a5),d3
	move.l (-1336,a5),d4
	sub.l d4,d1
	subx.l d3,d0
	jne .L793
	move.l (-1324,a5),a0
	move.l (4,a0),(-1356,a5)
	clr.l (-1360,a5)
	move.l (-1356,a5),-(sp)
	move.l (-1360,a5),-(sp)
	move.l (-1380,a5),a1
	move.l (100,a1),-(sp)
	move.l (96,a1),-(sp)
	jsr ___udivdi3
	lea (16,sp),sp
	move.l d1,(-1392,a5)
	move.l (-1372,a5),a6
	move.l (-1368,a5),(-1388,a5)
	move.l (-1368,a5),d1
	move.l a6,a1
	clr.l d6
	move.l (-1420,a5),d0
	subq.l #1,d0
	move.l (-1312,a5),d4
	move.l (-1420,a5),d3
	move.l a3,(-1344,a5)
.L798:
	move.l (a1)+,a0
	cmp.l (-1392,a5),a0
	jhi .L796
	move.l (-1392,a5),a3
	sub.l a0,a3
	move.l a3,a0
	move.l d1,a3
	cmp.l (a3),a0
	jcs .L793
.L796:
	addq.l #4,d1
	addq.l #1,d6
	dbra d0,.L798
	clr.w d0
	subq.l #1,d0
	jcc .L798
	move.l d4,(-1312,a5)
	move.l d3,(-1420,a5)
	move.l (-1344,a5),a3
	move.l (1108,a2),a0
	move.l (-1356,a5),-(sp)
	move.l (-1360,a5),-(sp)
	move.l (100,a0),-(sp)
	move.l (96,a0),-(sp)
	jsr ___udivdi3
	lea (16,sp),sp
	subq.l #1,d6
	move.l (-1388,a5),d0
.L801:
	move.l (a6)+,a0
	cmp.l d1,a0
	jhi .L800
	move.l d1,a1
	sub.l a0,a1
	move.l a1,a0
	move.l d0,a1
	cmp.l (a1),a0
	jcs .L793
.L800:
	addq.l #4,d0
	dbra d6,.L801
	clr.w d6
	subq.l #1,d6
	jcc .L801
	move.l d4,(-1312,a5)
	move.l d3,(-1420,a5)
	move.l d3,(-1392,a5)
	lea (-512,a5),a0
	move.l (1152,a2),(a0)+
	move.l (1208,a2),(a0)+
	move.l (1264,a2),(a0)+
	move.l (292,a2),(a0)+
	move.l (32,a2),(a0)+
	move.l (44,a2),(a0)+
	move.l (40,a2),(a0)+
	move.l (48,a2),(a0)+
	move.l (52,a2),(a0)
	lea (-512,a5),a6
	moveq #8,d6
	move.l (-1312,a5),d4
.L806:
	move.l (a6)+,d3
	jeq .L803
	tst.l (-1392,a5)
	jeq .L803
	move.l (-1372,a5),a1
	move.l (-1368,a5),d1
	move.l (-1392,a5),d0
	subq.l #1,d0
	move.l a3,(-1388,a5)
.L805:
	move.l (a1)+,a0
	cmp.l d3,a0
	jhi .L804
	move.l d3,a3
	sub.l a0,a3
	move.l a3,a0
	move.l d1,a3
	cmp.l (a3),a0
	jcs .L793
.L804:
	addq.l #4,d1
	dbra d0,.L805
	clr.w d0
	subq.l #1,d0
	jcc .L805
	move.l (-1388,a5),a3
.L803:
	dbra d6,.L806
	move.l d4,(-1312,a5)
	move.l (-1380,a5),a0
	move.l (232,a0),(-1388,a5)
	clr.l d6
	moveq #32,d3
.L809:
	move.l (-1380,a5),a0
	move.l (104,a0,d6.l*4),a6
	move.l a6,d0
	jeq .L807
	move.l a6,-(sp)
	move.l a2,-(sp)
	jsr _seal_block_reserved
	addq.l #8,sp
	tst.l d0
	jne .L793
.L807:
	cmp.l (-1388,a5),d6
	jcc .L808
	move.l a6,-(sp)
	move.l a2,-(sp)
	jsr _seal_block_is_current_root
	addq.l #8,sp
	tst.l d0
	jne .L793
	move.l a6,-(sp)
	move.l d4,-(sp)
	jsr _seal_block_is_sb_root
	addq.l #8,sp
	tst.l d0
	jne .L793
.L808:
	addq.l #1,d6
	subq.w #1,d3
	jne .L809
	move.l d7,(-1360,a5)
	move.l d7,a1
	clr.l d4
	move.l (-1380,a5),a6
.L818:
	move.l (a1)+,d3
	move.l d3,-(sp)
	move.l a2,-(sp)
	move.l a1,(-1424,a5)
	jsr _seal_block_reserved
	addq.l #8,sp
	move.l (-1424,a5),a1
	tst.l d0
	jne .L793
	tst.l d4
	jeq .L810
	cmp.l (-8,a1),d3
	jeq .L793
.L810:
	move.l d3,-(sp)
	move.l a2,-(sp)
	move.l a1,(-1424,a5)
	jsr _seal_block_is_current_root
	addq.l #8,sp
	move.l (-1424,a5),a1
	tst.l d0
	jne .L793
	tst.l (-1392,a5)
	jeq .L811
	move.l (-1372,a5),a0
	move.l (-1368,a5),d1
	move.l (-1392,a5),d0
	subq.l #1,d0
	move.l a1,(-1344,a5)
