	move.l (a1)+,(a0)+
	lea (-1232,a5),a1
	lea (-992,a5),a0
	moveq #2,d0
	move.l (-1312,a5),d1
.L784:
	move.l (a1)+,(a0)+
	move.l (a1)+,(a0)+
	move.l (a1)+,(a0)+
	move.l (a1)+,(a0)+
	move.l (a1)+,(a0)+
	move.l (a1)+,(a0)+
	move.l (a1)+,(a0)+
	move.l (a1)+,(a0)+
	move.l (a1)+,(a0)+
	move.l (a1)+,(a0)+
	move.l (a1)+,(a0)+
	move.l (a1)+,(a0)+
	move.l (a1)+,(a0)+
	move.l (a1)+,(a0)+
	move.l (a1)+,(a0)+
	move.l (a1)+,(a0)+
	dbra d0,.L784
	move.l d1,(-1312,a5)
	move.l (a1)+,(a0)+
	move.l (a1)+,(a0)+
	move.l (a1)+,(a0)+
	move.l (a1)+,(a0)+
	move.l (a1)+,(a0)+
	move.l (a1)+,(a0)+
	move.l (a1)+,(a0)+
	move.l (a1)+,(a0)+
	move.l (a1)+,(a0)+
	move.l (a1)+,(a0)+
	move.l (a1)+,(a0)+
	move.l (a1)+,(a0)+
	move.l (a2),(-1344,a5)
	move.l (-1344,a5),a0
	move.l (4,a0),d0
	move.l #4095,d1
	add.l d0,d1
	move.l d1,d3
	divu.l d0,d3
	move.l d3,(-1380,a5)
	move.l d0,(-1424,a5)
	clr.l (-1428,a5)
	lea ___udivdi3,a6
	move.l (-1424,a5),-(sp)
	move.l (-1428,a5),-(sp)
	move.l (-1436,a5),a0
	move.l (100,a0),-(sp)
	move.l (96,a0),-(sp)
	jsr (a6)
	lea (16,sp),sp
	move.l d0,(-1376,a5)
	move.l d1,(-1372,a5)
	move.l (1108,a2),a0
	move.l (-1424,a5),-(sp)
	move.l (-1428,a5),-(sp)
	move.l (100,a0),-(sp)
	move.l (96,a0),-(sp)
	jsr (a6)
	lea (16,sp),sp
	move.l d0,(-1368,a5)
	move.l d1,(-1364,a5)
	move.l (-1272,a5),(-1428,a5)
	jeq .L785
	move.l (-1276,a5),(-1400,a5)
	move.l (-1280,a5),(-1404,a5)
	move.l (-1404,a5),(-1316,a5)
	move.l (-1400,a5),d3
	subq.l #4,d3
	move.l (-1404,a5),a0
	clr.l (-1456,a5)
	clr.l (-1420,a5)
	clr.l (-1416,a5)
	move.l (-1428,a5),d1
	subq.l #1,d1
	move.l d7,(-1428,a5)
	moveq #0,d6
	moveq #0,d7
	clr.l d0
	move.l d3,d4
	move.l d5,(-1308,a5)
	move.l d2,(-1304,a5)
	move.l a2,(-1392,a5)
	move.l a3,(-1300,a5)
	move.l (-1324,a5),d2
	move.l (-1320,a5),d3
	move.l a0,a3
	move.l a4,(-1324,a5)
	sub.l d1,d5
	subx.l d0,d4
	jeq .L921
	move.l (-1368,a5),d4
	move.l (-1364,a5),d5
	sub.l d1,d5
	subx.l d0,d4
	jeq .L921
.L801:
	cmp.l (-1420,a5),d7
	jcc .L802
	move.l a2,-(sp)
	move.l d2,-(sp)
	jsr _seal_block_is_current_root
	addq.l #8,sp
	tst.l d0
	jne .L921
	move.l a2,-(sp)
	move.l (-1312,a5),-(sp)
	jsr _seal_block_is_sb_root
	addq.l #8,sp
	tst.l d0
	jne .L921
.L802:
	addq.l #1,d7
	subq.w #1,d6
	jne .L803
	move.l d3,d7
	move.l (-1344,a5),d0
	move.l d2,a2
	move.l a3,d2
	move.l a4,a3
	move.l a6,a4
	move.l d3,a6
	move.l d3,a1
	clr.l d4
	move.l d0,(-1360,a5)
.L812:
	move.l (a1)+,d3
	cmp.l (-1380,a5),d3
	jcs .L786
	cmp.l (-1392,a5),d3
	jcc .L786
	move.l d3,(-1348,a5)
	clr.l (-1352,a5)
	move.l (-1376,a5),d5
	move.l (-1372,a5),d6
	move.l (-1352,a5),d0
	move.l (-1348,a5),d1
	sub.l d1,d6
	subx.l d0,d5
	jeq .L786
	move.l (-1368,a5),d5
	move.l (-1364,a5),d6
	sub.l d1,d6
	subx.l d0,d5
	jeq .L786
	tst.l d4
	jeq .L833
	cmp.l (-8,a1),d3
	jeq .L786
.L833:
	move.l d3,-(sp)
	move.l a2,-(sp)
	move.l a1,(-1460,a5)
	jsr _seal_block_is_current_root
	addq.l #8,sp
	move.l (-1460,a5),a1
	tst.l d0
	jne .L786
	tst.l (-1428,a5)
	jeq .L805
	move.l (-1404,a5),a0
	move.l (-1400,a5),d1
	move.l (-1428,a5),d0
	subq.l #1,d0
	move.l a1,(-1344,a5)
	move.l (-1360,a5),d5
.L807:
	move.l (a0)+,(-1360,a5)
	cmp.l (-1360,a5),d3
	jcs .L806
	move.l d3,d6
	sub.l (-1360,a5),d6
	move.l d6,(-1360,a5)
	move.l d1,a1
	cmp.l (a1),d6
	jcs .L786
.L806:
	addq.l #4,d1
	dbra d0,.L807
	clr.w d0
	subq.l #1,d0
	jcc .L807
	move.l (-1344,a5),a1
	move.l d5,(-1360,a5)
.L805:
	tst.l (-1420,a5)
	jeq .L808
	move.l (-1436,a5),a0
	cmp.l (104,a0),d3
