971e6720e57775be06698af2dce58c65b0cdccd387007a152e7372e0b5359cb4  /tmp/bfs-perf-crc.UBHsLz/buffer-source/src/core/alloc.c
inactive
c4d4241a45b84c768ec9498e77144e650812e31576c952925f4ed1de65be0d5a  /tmp/bfs-perf-crc.UBHsLz/geometry-normal-baseline-bfs-first/system/L/bfshandler
1fccf207c96144f81c64a8a5dd2e350b7f32787402eedad6c102b34ad0a6ec80  /tmp/bfs-perf-crc.UBHsLz/geometry-normal-baseline-bfs-first/system/C/fs-compare-bench
71abbd520974f1d534cd30dc14ae79c9f18f60fb3a50194b57ef5b9a32ac2bee  /tmp/bfs-perf-crc.UBHsLz/geometry-normal-candidate-pfs3-first/system/L/bfshandler
1fccf207c96144f81c64a8a5dd2e350b7f32787402eedad6c102b34ad0a6ec80  /tmp/bfs-perf-crc.UBHsLz/geometry-normal-candidate-pfs3-first/system/C/fs-compare-bench
c4d4241a45b84c768ec9498e77144e650812e31576c952925f4ed1de65be0d5a  /tmp/bfs-perf-crc.UBHsLz/geometry-normal-baseline-pfs3-first/system/L/bfshandler
1fccf207c96144f81c64a8a5dd2e350b7f32787402eedad6c102b34ad0a6ec80  /tmp/bfs-perf-crc.UBHsLz/geometry-normal-baseline-pfs3-first/system/C/fs-compare-bench
71abbd520974f1d534cd30dc14ae79c9f18f60fb3a50194b57ef5b9a32ac2bee  /tmp/bfs-perf-crc.UBHsLz/geometry-normal-candidate-bfs-first/system/L/bfshandler
1fccf207c96144f81c64a8a5dd2e350b7f32787402eedad6c102b34ad0a6ec80  /tmp/bfs-perf-crc.UBHsLz/geometry-normal-candidate-bfs-first/system/C/fs-compare-bench
71abbd520974f1d534cd30dc14ae79c9f18f60fb3a50194b57ef5b9a32ac2bee  /tmp/bfs-perf-crc.UBHsLz/geometry-normal-repeat-candidate-bfs-first/system/L/bfshandler
1fccf207c96144f81c64a8a5dd2e350b7f32787402eedad6c102b34ad0a6ec80  /tmp/bfs-perf-crc.UBHsLz/geometry-normal-repeat-candidate-bfs-first/system/C/fs-compare-bench
c4d4241a45b84c768ec9498e77144e650812e31576c952925f4ed1de65be0d5a  /tmp/bfs-perf-crc.UBHsLz/geometry-normal-repeat-baseline-pfs3-first/system/L/bfshandler
1fccf207c96144f81c64a8a5dd2e350b7f32787402eedad6c102b34ad0a6ec80  /tmp/bfs-perf-crc.UBHsLz/geometry-normal-repeat-baseline-pfs3-first/system/C/fs-compare-bench
71abbd520974f1d534cd30dc14ae79c9f18f60fb3a50194b57ef5b9a32ac2bee  /tmp/bfs-perf-crc.UBHsLz/geometry-normal-repeat-candidate-pfs3-first/system/L/bfshandler
1fccf207c96144f81c64a8a5dd2e350b7f32787402eedad6c102b34ad0a6ec80  /tmp/bfs-perf-crc.UBHsLz/geometry-normal-repeat-candidate-pfs3-first/system/C/fs-compare-bench
c4d4241a45b84c768ec9498e77144e650812e31576c952925f4ed1de65be0d5a  /tmp/bfs-perf-crc.UBHsLz/geometry-normal-repeat-baseline-bfs-first/system/L/bfshandler
1fccf207c96144f81c64a8a5dd2e350b7f32787402eedad6c102b34ad0a6ec80  /tmp/bfs-perf-crc.UBHsLz/geometry-normal-repeat-baseline-bfs-first/system/C/fs-compare-bench
Filesystem      Size  Used Avail Use% Mounted on
tmpfs            12G  7.5G  4.3G  64% /tmp
