=== BFS vs PFS3 Benchmark (FS-UAE 68040) ===
Evidence directory: /home/fabian/.cache/bfs-performance/sparse-crc-2026-10-09.xN615F/candidate/build/benchmark/sparse-normal-20261009-sparse-5-bfs-first
Mode: compare
Timeout: 600s


=== Machine Info ===
# Machine Info
Kickstart 47.102, Workbench 47.2
System: 68040 68040/060-FPU   (INST: Cache Burst) (DATA: NoCache NoBurst)
Type  Available    In-Use   Maximum   Largest
chip    2028040     52728   2080768   2027968
fast    7686824    701784   8388608   7681768
total   9714864    754512  10469376   7681768


Mounted disks:
Unit      Size       Used       Free Full Errs   Status   Name
DF0       No disk present
DH0      4095M    4194304    4194303  50%   0  Read/Write System
DH1       255M         36      65372   0%   0  Read/Write BFSTest
DH2       Not a DOS disk

Volumes available:
BFSTest [Mounted]
System [Mounted]

=== BFS Results ===
FS_COMPARE_BENCH	4
DRIVE	DH1:
SMALL_CREATE_40_US	30847
LOOKUP_400_US	75391
SMALL_READ_40_US	19968
LIST_EXNEXT_400_US	30783
LIST_EXALL_400_US	8897
SEQ_WRITE_8M_US	38143
SEQ_READ_8M_US	264125
SMALL_DELETE_40_US	17472
APPEND_4K_1M_US	74111
APPEND_1K_256K_US	59776
APPEND_READ_1280K_US	42497
LIST_EXNEXT_40_ENTRIES_FIRST_PASS_US	5696
LIST_EXNEXT_40_ENTRIES_REPEAT10_TOTAL_US	32383
LIST_EXALL_40_ENTRIES_FIRST_PASS_US	3200
LIST_EXALL_40_ENTRIES_REPEAT10_TOTAL_US	9535
LIST_EXNEXT_400_ENTRIES_FIRST_PASS_US	53248
LIST_EXNEXT_400_ENTRIES_REPEAT10_TOTAL_US	559612
LIST_EXALL_400_ENTRIES_FIRST_PASS_US	37246
LIST_EXALL_400_ENTRIES_REPEAT10_TOTAL_US	353021
LIST_EXNEXT_1000_ENTRIES_FIRST_PASS_US	147840
LIST_EXNEXT_1000_ENTRIES_REPEAT10_TOTAL_US	1415160
LIST_EXALL_1000_ENTRIES_FIRST_PASS_US	73471
LIST_EXALL_1000_ENTRIES_REPEAT10_TOTAL_US	757564
PASS	1

=== PFS3 Results ===
FS_COMPARE_BENCH	4
DRIVE	DH2:
SMALL_CREATE_40_US	17600
LOOKUP_400_US	67584
SMALL_READ_40_US	13247
LIST_EXNEXT_400_US	12096
LIST_EXALL_400_US	2496
SEQ_WRITE_8M_US	38400
SEQ_READ_8M_US	249277
SMALL_DELETE_40_US	7871
APPEND_4K_1M_US	34879
APPEND_1K_256K_US	22592
APPEND_READ_1280K_US	40640
LIST_EXNEXT_40_ENTRIES_FIRST_PASS_US	1728
LIST_EXNEXT_40_ENTRIES_REPEAT10_TOTAL_US	11904
LIST_EXALL_40_ENTRIES_FIRST_PASS_US	640
LIST_EXALL_40_ENTRIES_REPEAT10_TOTAL_US	2494
LIST_EXNEXT_400_ENTRIES_FIRST_PASS_US	12671
LIST_EXNEXT_400_ENTRIES_REPEAT10_TOTAL_US	113408
LIST_EXALL_400_ENTRIES_FIRST_PASS_US	2945
LIST_EXALL_400_ENTRIES_REPEAT10_TOTAL_US	20160
LIST_EXNEXT_1000_ENTRIES_FIRST_PASS_US	33088
LIST_EXNEXT_1000_ENTRIES_REPEAT10_TOTAL_US	335550
LIST_EXALL_1000_ENTRIES_FIRST_PASS_US	7040
LIST_EXALL_1000_ENTRIES_REPEAT10_TOTAL_US	50176
PASS	1
PASS: requested mounted-volume workload outputs are complete and data-checked
