./README.md: OK
./coffin-after.log: OK
./coffin-before.log: OK
./encode-format-logs.py: OK
./launch-profile.sh: OK
./local-source-check.log: OK
./local/alias-build.log: OK
./local/all-crc-build.log: OK
./local/asan-build.log: OK
./local/asan-leaks-unsupported.log: OK
./local/asan-tests.log: OK
./local/base-commit.txt: OK
./local/bfs-read-flush-cachy-2026-10-09-preserved.log: OK
./local/bfs-read-flush-profile-2026-10-09-preserved.log: OK
./local/bfs-sparse-crc-append-confirmation-2026-10-09-preserved.log: OK
./local/bfs-sparse-key-crc-performance-2026-10-09-preserved.log: OK
./local/binary-identities.sha256: OK
./local/default-build.log: OK
./local/final-diff-check.log: OK
./local/format-log-encoding.log: OK
./local/guest-build.log: OK
./local/host-build.log: OK
./local/host-tests.log: OK
./local/independent-luna-audit.md: OK
./local/legacy-tests.log: OK
./local/post-run-build-guidance.patch: OK
./local/post-run-harness-shellcheck.log: OK
./local/protocol-copy-first-incomplete.log: OK
./local/protocol-source-check.log: OK
./local/report-table-check.log: OK
./local/runner-console.log: OK
./local/runner-shellcheck.log: OK
./local/shellcheck.log: OK
./local/sidecar-build.log: OK
./local/sidecar-first-build-failed.log: OK
./local/split-final-tests.log: OK
./local/split-legacy-tests.log: OK
./local/split-tests.log: OK
./local/summary-final-tests.log: OK
./local/summary-tests.log: OK
./protocol/Makefile: OK
./protocol/emulator-test/aros-ci-test.py: OK
./protocol/emulator-test/bench-config.sh: OK
./protocol/emulator-test/bench-series.sh: OK
./protocol/emulator-test/build-bench-image.sh: OK
./protocol/emulator-test/build-image.sh: OK
./protocol/emulator-test/ci-benchmark.sh: OK
./protocol/emulator-test/ci-local.sh: OK
./protocol/emulator-test/ci-test.sh: OK
./protocol/emulator-test/ci_runner.py: OK
./protocol/emulator-test/compatibility-test.py: OK
./protocol/emulator-test/reset-test.py: OK
./protocol/emulator-test/run-bench.sh: OK
./protocol/emulator-test/run-stress.sh: OK
./protocol/emulator-test/run.sh: OK
./protocol/emulator-test/test-memory-functions.sh: OK
./protocol/emulator-test/verify-bench-results.sh: OK
./protocol/emulator-test/verify-stress.c: OK
./protocol/include/bfs_alloc.h: OK
./protocol/include/bfs_bio.h: OK
./protocol/include/bfs_bootstrap_alloc.h: OK
./protocol/include/bfs_btree.h: OK
./protocol/include/bfs_btree_internal.h: OK
./protocol/include/bfs_cache.h: OK
./protocol/include/bfs_crc32.h: OK
./protocol/include/bfs_diagnostics.h: OK
./protocol/include/bfs_dir.h: OK
./protocol/include/bfs_dos_name.h: OK
./protocol/include/bfs_extent.h: OK
./protocol/include/bfs_file.h: OK
./protocol/include/bfs_fs.h: OK
./protocol/include/bfs_fsck.h: OK
./protocol/include/bfs_inode.h: OK
./protocol/include/bfs_internal.h: OK
./protocol/include/bfs_lock.h: OK
./protocol/include/bfs_ondisk.h: OK
./protocol/include/bfs_posix_bio.h: OK
./protocol/include/bfs_refcount.h: OK
./protocol/include/bfs_snapshot.h: OK
./protocol/include/bfs_superblock.h: OK
./protocol/include/bfs_txn.h: OK
./protocol/include/bfs_types.h: OK
./protocol/src/amiga/amiga_bio.c: OK
./protocol/src/amiga/amiga_bio.h: OK
./protocol/src/amiga/commit_protocol.h: OK
./protocol/src/amiga/crc32_68k.s: OK
./protocol/src/amiga/dos_packets.h: OK
./protocol/src/amiga/handler.c: OK
./protocol/src/amiga/heap_aros.c: OK
./protocol/src/amiga/memcpy_68k.s: OK
./protocol/src/amiga/memset_68k.s: OK
./protocol/src/amiga/perf_probe.c: OK
./protocol/src/amiga/perf_probe.h: OK
./protocol/src/amiga/snapshot_mount.h: OK
./protocol/src/amiga/snapshot_protocol.h: OK
./protocol/src/amiga/startup.s: OK
./protocol/src/amiga/startup_aros.c: OK
./protocol/src/amiga/startup_vbcc.s: OK
./protocol/src/amiga/stdbool.h: OK
./protocol/src/amiga/stddef.h: OK
./protocol/src/amiga/stdint.h: OK
./protocol/src/amiga/stdlib.h: OK
./protocol/src/amiga/string.h: OK
./protocol/src/amiga/write_probe.h: OK
./protocol/src/core/alloc.c: OK
./protocol/src/core/bootstrap_alloc.c: OK
./protocol/src/core/btree.c: OK
./protocol/src/core/cache.c: OK
./protocol/src/core/crc32.c: OK
./protocol/src/core/crc32_zero.c: OK
./protocol/src/core/dir.c: OK
./protocol/src/core/extent.c: OK
./protocol/src/core/file.c: OK
./protocol/src/core/fs.c: OK
./protocol/src/core/fsck.c: OK
./protocol/src/core/inode.c: OK
./protocol/src/core/namespace.c: OK
./protocol/src/core/refcount.c: OK
./protocol/src/core/snapshot.c: OK
./protocol/src/core/superblock.c: OK
./protocol/src/core/txn.c: OK
./protocol/src/fuse/bfs_fuse.c: OK
./protocol/src/host/posix_bio.c: OK
./protocol/tests/amiga/cli_fixture.c: OK
./protocol/tests/amiga/compatibility_probe.c: OK
./protocol/tests/amiga/crc32_abi_probe.s: OK
./protocol/tests/amiga/crc32_probe.c: OK
./protocol/tests/amiga/crc32_sparse_probe.c: OK
./protocol/tests/amiga/memory_copy_compare_probe.c: OK
./protocol/tests/amiga/memory_functions_probe.c: OK
./protocol/tests/amiga/reset_probe.c: OK
./protocol/tests/bench_btree.c: OK
./protocol/tests/block_device_emu.c: OK
./protocol/tests/block_device_emu.h: OK
./protocol/tests/conformance/fixture_writer.c: OK
./protocol/tests/conformance/replays/core-full-v1.jsonl: OK
./protocol/tests/conformance/replays/smoke-v1.jsonl: OK
./protocol/tests/conformance/scenarios.json: OK
./protocol/tests/conformance/test_conformance.py: OK
./protocol/tests/fuse/qualify_baseline_refusal.sh: OK
./protocol/tests/fuse/test_fuse_mount.py: OK
./protocol/tests/perf_probe_stubs/devices/timer.h: OK
./protocol/tests/perf_probe_stubs/exec/io.h: OK
./protocol/tests/perf_probe_stubs/exec/types.h: OK
./protocol/tests/perf_probe_stubs/proto/exec.h: OK
./protocol/tests/perf_probe_stubs/proto/timer.h: OK
./protocol/tests/posix_bio_faults.c: OK
./protocol/tests/posix_bio_faults.h: OK
./protocol/tests/qualification/fault-campaign-v1.json: OK
./protocol/tests/qualification/fault_campaign.py: OK
./protocol/tests/qualification/fuse_soak.py: OK
./protocol/tests/qualification/linux-m7-matrix.json: OK
./protocol/tests/qualification/linux_qualification.py: OK
./protocol/tests/qualification/test_fault_campaign.py: OK
./protocol/tests/qualification/test_linux_qualification.py: OK
./protocol/tests/qualification/verify_fault_campaign.py: OK
./protocol/tests/qualification/verify_fuse_soak.py: OK
./protocol/tests/quality/test-gates.sh: OK
./protocol/tests/quality/test_amiga_runner.py: OK
./protocol/tests/quality/test_bench_cache_capacity.py: OK
./protocol/tests/quality/test_bench_verifier.py: OK
./protocol/tests/quality/test_build_identity.py: OK
./protocol/tests/quality/test_capability_manifest.py: OK
./protocol/tests/quality/test_ci_results.py: OK
./protocol/tests/quality/test_github_preflight.py: OK
./protocol/tests/quality/test_release_identity.py: OK
./protocol/tests/quality/test_release_integrity.py: OK
./protocol/tests/quality/test_runtime_inventory.py: OK
./protocol/tests/quality/test_split_bench_verifier.py: OK
./protocol/tests/quality/test_write_split_bench_verifier.py: OK
./protocol/tests/test_alloc.c: OK
./protocol/tests/test_alloc_metadata_reuse.c: OK
./protocol/tests/test_alloc_root_shift.c: OK
./protocol/tests/test_bio.c: OK
./protocol/tests/test_block_runs.c: OK
./protocol/tests/test_btree.c: OK
./protocol/tests/test_btree_buffers.c: OK
./protocol/tests/test_btree_bulk_slots.c: OK
./protocol/tests/test_btree_noop.c: OK
./protocol/tests/test_btree_scratch_lifetime.c: OK
./protocol/tests/test_btree_sparse_crc.c: OK
./protocol/tests/test_btree_validation_cache.c: OK
./protocol/tests/test_cache.c: OK
./protocol/tests/test_cache_buffer_faults.c: OK
./protocol/tests/test_cache_resident_paths.c: OK
./protocol/tests/test_compatibility.c: OK
./protocol/tests/test_concurrency.c: OK
./protocol/tests/test_corruption.c: OK
./protocol/tests/test_crash_inject.c: OK
./protocol/tests/test_crc32.c: OK
./protocol/tests/test_crc32_sparse.c: OK
./protocol/tests/test_deferred_nodes.c: OK
./protocol/tests/test_dir.c: OK
./protocol/tests/test_dir_exclusive_cursor.c: OK
./protocol/tests/test_dirops.c: OK
./protocol/tests/test_dos_name.c: OK
./protocol/tests/test_durability_patterns.c: OK
./protocol/tests/test_edge_cases.c: OK
./protocol/tests/test_endian.c: OK
./protocol/tests/test_extent.c: OK
./protocol/tests/test_features.c: OK
./protocol/tests/test_file.c: OK
./protocol/tests/test_file_inode_reuse.c: OK
./protocol/tests/test_format_fixtures.c: OK
./protocol/tests/test_fs.c: OK
./protocol/tests/test_fsck.c: OK
./protocol/tests/test_handler_ops.c: OK
./protocol/tests/test_harness.h: OK
./protocol/tests/test_hunt.c: OK
./protocol/tests/test_hwfail.c: OK
./protocol/tests/test_inline_extent.c: OK
./protocol/tests/test_inode_lookup_hints.c: OK
./protocol/tests/test_inode_stamp.c: OK
./protocol/tests/test_inode_stamp_faults.c: OK
./protocol/tests/test_integration.c: OK
./protocol/tests/test_invariants.c: OK
./protocol/tests/test_large_reclaim.c: OK
./protocol/tests/test_model.c: OK
./protocol/tests/test_pending_frees.c: OK
./protocol/tests/test_perf_probe.c: OK
./protocol/tests/test_posix_bio.c: OK
./protocol/tests/test_posix_faults.c: OK
./protocol/tests/test_realworld.c: OK
./protocol/tests/test_robustness.c: OK
./protocol/tests/test_snap_full.c: OK
./protocol/tests/test_snapshot.c: OK
./protocol/tests/test_stress.c: OK
./protocol/tests/test_superblock.c: OK
./protocol/tests/test_txn_sealed_convergence.c: OK
./protocol/tests/test_txn_sealed_persistence.c: OK
./protocol/tests/test_txn_sealed_preflight.c: OK
./protocol/tools/bench-summary.py: OK
./protocol/tools/bfs-bench.c: OK
./protocol/tools/bfs-conformance-core.c: OK
./protocol/tools/bfs-conformance-posix.c: OK
./protocol/tools/bfs-conformance.py: OK
./protocol/tools/bfs-format-oracle.py: OK
./protocol/tools/bfs-persistence-model.py: OK
./protocol/tools/bfs-stresstest.c: OK
./protocol/tools/bfs-test-cases.def: OK
./protocol/tools/bfs-test.c: OK
./protocol/tools/bfs.c: OK
./protocol/tools/bfs_check.c: OK
./protocol/tools/bfs_command.h: OK
./protocol/tools/bfs_command_runner.py: OK
./protocol/tools/bfs_common.c: OK
./protocol/tools/bfs_format.c: OK
./protocol/tools/bfs_host.c: OK
./protocol/tools/bfs_host_common.c: OK
./protocol/tools/bfs_host_common.h: OK
./protocol/tools/bfs_snapshot.c: OK
./protocol/tools/check-actions-pinned.sh: OK
./protocol/tools/check-ci-results.sh: OK
./protocol/tools/check-commit-hygiene.sh: OK
./protocol/tools/check-conformance-linkage.sh: OK
./protocol/tools/check-no-binaries.sh: OK
./protocol/tools/core-workload-profile.sh: OK
./protocol/tools/core-workload.c: OK
./protocol/tools/fs-compare-bench.c: OK
./protocol/tools/fs-compare-split.h: OK
./protocol/tools/fs-profile-bench.c: OK
./protocol/tools/install-aros-rom.sh: OK
./protocol/tools/install-ci-tools.sh: OK
./protocol/tools/install-lha.sh: OK
./protocol/tools/release/build_identity.py: OK
./protocol/tools/release/create-archives.sh: OK
./protocol/tools/release/generate-sbom.py: OK
./protocol/tools/release/github_preflight.py: OK
./protocol/tools/release/qualify-archives.sh: OK
./protocol/tools/release/release_integrity.py: OK
./protocol/tools/release/requirements.in: OK
./protocol/tools/release/requirements.txt: OK
./protocol/tools/release/runtime_inventory.py: OK
./protocol/tools/release/sbom_document.py: OK
./protocol/tools/release/validate-sbom.py: OK
./protocol/tools/release/verify-archives.sh: OK
./protocol/tools/release/verify-candidate.sh: OK
./protocol/tools/release/verify-identity.sh: OK
./protocol/tools/verify-sha256.sh: OK
./protocol/tools/verify-split-bench.py: OK
./protocol/version.txt: OK
./report.md: OK
./results/input-check.log: OK
./results/input-check.post.log: OK
./results/input-identities.sha256: OK
./results/quiet-after.log: OK
./results/quiet-before.log: OK
./results/quiet-guards.log: OK
./results/schedule.tsv: OK
./results/source-check.before.log: OK
./results/source-check.post.log: OK
./results/write-split-write-compare-bfs-first/bench.fs-uae: OK
./results/write-split-write-compare-bfs-first/bfs-rdb-info.txt: OK
./results/write-split-write-compare-bfs-first/bfs-rdb.json: OK
./results/write-split-write-compare-bfs-first/build.log: OK
./results/write-split-write-compare-bfs-first/fs-uae.log: OK
./results/write-split-write-compare-bfs-first/installed-assets.sha256: OK
./results/write-split-write-compare-bfs-first/run.log: OK
./results/write-split-write-compare-bfs-first/runtime-inputs.post.sha256: OK
./results/write-split-write-compare-bfs-first/runtime-inputs.sha256: OK
./results/write-split-write-compare-bfs-first/system/Results/bfs.split.tsv: OK
./results/write-split-write-compare-bfs-first/system/Results/complete.txt: OK
./results/write-split-write-compare-bfs-first/system/Results/format-pfs3.txt: OK
./results/write-split-write-compare-bfs-first/system/Results/info-after-format.txt: OK
./results/write-split-write-compare-bfs-first/system/Results/info.txt: OK
./results/write-split-write-compare-bfs-first/system/Results/pfs3.split.tsv: OK
./results/write-split-write-compare-bfs-first/system/Results/phase-bfs.txt: OK
./results/write-split-write-compare-bfs-first/system/Results/phase-pfs3.txt: OK
./results/write-split-write-compare-bfs-first/system/S/Startup-Sequence: OK
./results/write-split-write-compare-pfs3-first/bench.fs-uae: OK
./results/write-split-write-compare-pfs3-first/bfs-rdb-info.txt: OK
./results/write-split-write-compare-pfs3-first/bfs-rdb.json: OK
./results/write-split-write-compare-pfs3-first/build.log: OK
./results/write-split-write-compare-pfs3-first/fs-uae.log: OK
./results/write-split-write-compare-pfs3-first/installed-assets.sha256: OK
./results/write-split-write-compare-pfs3-first/run.log: OK
./results/write-split-write-compare-pfs3-first/runtime-inputs.post.sha256: OK
./results/write-split-write-compare-pfs3-first/runtime-inputs.sha256: OK
./results/write-split-write-compare-pfs3-first/system/Results/bfs.split.tsv: OK
./results/write-split-write-compare-pfs3-first/system/Results/complete.txt: OK
./results/write-split-write-compare-pfs3-first/system/Results/format-pfs3.txt: OK
./results/write-split-write-compare-pfs3-first/system/Results/info-after-format.txt: OK
./results/write-split-write-compare-pfs3-first/system/Results/info.txt: OK
./results/write-split-write-compare-pfs3-first/system/Results/pfs3.split.tsv: OK
./results/write-split-write-compare-pfs3-first/system/Results/phase-bfs.txt: OK
./results/write-split-write-compare-pfs3-first/system/Results/phase-pfs3.txt: OK
./results/write-split-write-compare-pfs3-first/system/S/Startup-Sequence: OK
./results/write-split-write-durable-compare-bfs-first/bench.fs-uae: OK
./results/write-split-write-durable-compare-bfs-first/bfs-rdb-info.txt: OK
./results/write-split-write-durable-compare-bfs-first/bfs-rdb.json: OK
./results/write-split-write-durable-compare-bfs-first/build.log: OK
./results/write-split-write-durable-compare-bfs-first/fs-uae.log: OK
./results/write-split-write-durable-compare-bfs-first/installed-assets.sha256: OK
./results/write-split-write-durable-compare-bfs-first/run.log: OK
./results/write-split-write-durable-compare-bfs-first/runtime-inputs.post.sha256: OK
./results/write-split-write-durable-compare-bfs-first/runtime-inputs.sha256: OK
./results/write-split-write-durable-compare-bfs-first/system/Results/bfs.split.tsv: OK
./results/write-split-write-durable-compare-bfs-first/system/Results/complete.txt: OK
./results/write-split-write-durable-compare-bfs-first/system/Results/format-pfs3.txt: OK
./results/write-split-write-durable-compare-bfs-first/system/Results/info-after-format.txt: OK
./results/write-split-write-durable-compare-bfs-first/system/Results/info.txt: OK
./results/write-split-write-durable-compare-bfs-first/system/Results/pfs3.split.tsv: OK
./results/write-split-write-durable-compare-bfs-first/system/Results/phase-bfs.txt: OK
./results/write-split-write-durable-compare-bfs-first/system/Results/phase-pfs3.txt: OK
./results/write-split-write-durable-compare-bfs-first/system/S/Startup-Sequence: OK
./results/write-split-write-durable-compare-pfs3-first/bench.fs-uae: OK
./results/write-split-write-durable-compare-pfs3-first/bfs-rdb-info.txt: OK
./results/write-split-write-durable-compare-pfs3-first/bfs-rdb.json: OK
./results/write-split-write-durable-compare-pfs3-first/build.log: OK
./results/write-split-write-durable-compare-pfs3-first/fs-uae.log: OK
./results/write-split-write-durable-compare-pfs3-first/installed-assets.sha256: OK
./results/write-split-write-durable-compare-pfs3-first/run.log: OK
./results/write-split-write-durable-compare-pfs3-first/runtime-inputs.post.sha256: OK
./results/write-split-write-durable-compare-pfs3-first/runtime-inputs.sha256: OK
./results/write-split-write-durable-compare-pfs3-first/system/Results/bfs.split.tsv: OK
./results/write-split-write-durable-compare-pfs3-first/system/Results/complete.txt: OK
./results/write-split-write-durable-compare-pfs3-first/system/Results/format-pfs3.txt: OK
./results/write-split-write-durable-compare-pfs3-first/system/Results/info-after-format.txt: OK
./results/write-split-write-durable-compare-pfs3-first/system/Results/info.txt: OK
./results/write-split-write-durable-compare-pfs3-first/system/Results/pfs3.split.tsv: OK
./results/write-split-write-durable-compare-pfs3-first/system/Results/phase-bfs.txt: OK
./results/write-split-write-durable-compare-pfs3-first/system/Results/phase-pfs3.txt: OK
./results/write-split-write-durable-compare-pfs3-first/system/S/Startup-Sequence: OK
./run-profile.sh: OK
./runner-after.log: OK
./runner-before.log: OK
./runner-console.log: OK
./services-restored.log: OK
./source-identities.sha256: OK
./summarize_profile.py: OK
./summary.json: OK
./test_profile.py: OK
