=== BFS vs PFS3 Benchmark (FS-UAE 68040) ===
Evidence directory: /home/fabian/.cache/bfs-performance/listing-upgrade-2026-10-08.29qKRc/build/benchmark/leaf-range-durable-20261008-m3-4-pfs3-first
Mode: durable-compare
Timeout: 600s


=== Machine Info ===
# Machine Info
Kickstart 47.102, Workbench 47.2
System: 68040 68040/060-FPU   (INST: Cache Burst) (DATA: NoCache NoBurst)
Type  Available    In-Use   Maximum   Largest
chip    2028040     52728   2080768   2027968
fast    7689920    698688   8388608   7684880
total   9717960    751416  10469376   7684880


Mounted disks:
Unit      Size       Used       Free Full Errs   Status   Name
DF0       No disk present
DH0      4095M    4194304    4194303  50%   0  Read/Write System
DH1       255M         36      65372   0%   0  Read/Write BFSTest
DH2       Not a DOS disk

Volumes available:
BFSTest [Mounted]
System [Mounted]

=== BFS Results ===
FS_DURABLE_COMPARE	4
DRIVE	DH1:
SMALL_CREATE_40_US	30911
LOOKUP_400_US	76094
SMALL_READ_40_US	20352
LIST_EXNEXT_400_US	30975
LIST_EXALL_400_US	11008
SEQ_WRITE_8M_US	55743
SEQ_READ_8M_US	274878
SMALL_DELETE_40_US	19776
APPEND_4K_1M_US	84991
APPEND_1K_256K_US	64895
APPEND_READ_1280K_US	43202
LIST_EXNEXT_40_ENTRIES_FIRST_PASS_US	6208
LIST_EXNEXT_40_ENTRIES_REPEAT10_TOTAL_US	32639
LIST_EXALL_40_ENTRIES_FIRST_PASS_US	3545
LIST_EXALL_40_ENTRIES_REPEAT10_TOTAL_US	9153
LIST_EXNEXT_400_ENTRIES_FIRST_PASS_US	60929
LIST_EXNEXT_400_ENTRIES_REPEAT10_TOTAL_US	687036
LIST_EXALL_400_ENTRIES_FIRST_PASS_US	38528
LIST_EXALL_400_ENTRIES_REPEAT10_TOTAL_US	430462
LIST_EXNEXT_1000_ENTRIES_FIRST_PASS_US	165823
LIST_EXNEXT_1000_ENTRIES_REPEAT10_TOTAL_US	1632375
LIST_EXALL_1000_ENTRIES_FIRST_PASS_US	99456
LIST_EXALL_1000_ENTRIES_REPEAT10_TOTAL_US	1021626
PASS	1

=== PFS3 Results ===
FS_DURABLE_COMPARE	4
DRIVE	DH2:
SMALL_CREATE_40_US	17279
LOOKUP_400_US	68225
SMALL_READ_40_US	14335
LIST_EXNEXT_400_US	12351
LIST_EXALL_400_US	2495
SEQ_WRITE_8M_US	43200
SEQ_READ_8M_US	275198
SMALL_DELETE_40_US	8703
APPEND_4K_1M_US	34432
APPEND_1K_256K_US	23743
APPEND_READ_1280K_US	41471
LIST_EXNEXT_40_ENTRIES_FIRST_PASS_US	1537
LIST_EXNEXT_40_ENTRIES_REPEAT10_TOTAL_US	12545
LIST_EXALL_40_ENTRIES_FIRST_PASS_US	640
LIST_EXALL_40_ENTRIES_REPEAT10_TOTAL_US	2560
LIST_EXNEXT_400_ENTRIES_FIRST_PASS_US	12480
LIST_EXNEXT_400_ENTRIES_REPEAT10_TOTAL_US	115967
LIST_EXALL_400_ENTRIES_FIRST_PASS_US	2880
LIST_EXALL_400_ENTRIES_REPEAT10_TOTAL_US	22271
LIST_EXNEXT_1000_ENTRIES_FIRST_PASS_US	33728
LIST_EXNEXT_1000_ENTRIES_REPEAT10_TOTAL_US	313790
LIST_EXALL_1000_ENTRIES_FIRST_PASS_US	6975
LIST_EXALL_1000_ENTRIES_REPEAT10_TOTAL_US	50814
PASS	1
PASS: requested mounted-volume workload outputs are complete and data-checked
