=== BFS vs PFS3 Benchmark (FS-UAE 68040) ===
Evidence directory: /home/fabian/.cache/bfs-performance/prodcodegen-pilot-2026-10-10.rjXGlO/results/prodcodegen-6-pfs3-first-base
Mode: compare
Timeout: 600s


=== Machine Info ===
# Machine Info
Kickstart 47.102, Workbench 47.2
System: 68040 68040/060-FPU   (INST: Cache Burst) (DATA: NoCache NoBurst)
Type  Available    In-Use   Maximum   Largest
chip    2028040     52728   2080768   2027968
fast    7533080    855528   8388608   7528008
total   9561120    908256  10469376   7528008


Mounted disks:
Unit      Size       Used       Free Full Errs   Status   Name
DF0       No disk present
DH0      4095M    4194304    4194303  50%   0  Read/Write System
DH1       255M         36      65372   0%   0  Read/Write BFSTest
DH2       Not a DOS disk

Volumes available:
BFSTest [Mounted]
System [Mounted]

=== BFS Results ===
FS_COMPARE_BENCH	4
DRIVE	DH1:
SMALL_CREATE_40_US	30592
LOOKUP_400_US	61632
SMALL_READ_40_US	17472
LIST_EXNEXT_400_US	28288
LIST_EXALL_400_US	7873
SEQ_WRITE_8M_US	37375
SEQ_READ_8M_US	270590
SMALL_DELETE_40_US	14527
APPEND_4K_1M_US	68416
APPEND_1K_256K_US	56446
APPEND_READ_1280K_US	44734
LIST_EXNEXT_40_ENTRIES_FIRST_PASS_US	4480
LIST_EXNEXT_40_ENTRIES_REPEAT10_TOTAL_US	29504
LIST_EXALL_40_ENTRIES_FIRST_PASS_US	1856
LIST_EXALL_40_ENTRIES_REPEAT10_TOTAL_US	8640
LIST_EXNEXT_400_ENTRIES_FIRST_PASS_US	38655
LIST_EXNEXT_400_ENTRIES_REPEAT10_TOTAL_US	291902
LIST_EXALL_400_ENTRIES_FIRST_PASS_US	16703
LIST_EXALL_400_ENTRIES_REPEAT10_TOTAL_US	92351
LIST_EXNEXT_1000_ENTRIES_FIRST_PASS_US	94208
LIST_EXNEXT_1000_ENTRIES_REPEAT10_TOTAL_US	737852
LIST_EXALL_1000_ENTRIES_FIRST_PASS_US	39871
LIST_EXALL_1000_ENTRIES_REPEAT10_TOTAL_US	211518
PASS	1

=== PFS3 Results ===
FS_COMPARE_BENCH	4
DRIVE	DH2:
SMALL_CREATE_40_US	17280
LOOKUP_400_US	69231
SMALL_READ_40_US	14143
LIST_EXNEXT_400_US	12223
LIST_EXALL_400_US	2495
SEQ_WRITE_8M_US	39425
SEQ_READ_8M_US	298814
SMALL_DELETE_40_US	11136
APPEND_4K_1M_US	34112
APPEND_1K_256K_US	23104
APPEND_READ_1280K_US	39616
LIST_EXNEXT_40_ENTRIES_FIRST_PASS_US	2177
LIST_EXNEXT_40_ENTRIES_REPEAT10_TOTAL_US	18048
LIST_EXALL_40_ENTRIES_FIRST_PASS_US	640
LIST_EXALL_40_ENTRIES_REPEAT10_TOTAL_US	2625
LIST_EXNEXT_400_ENTRIES_FIRST_PASS_US	12352
LIST_EXNEXT_400_ENTRIES_REPEAT10_TOTAL_US	112702
LIST_EXALL_400_ENTRIES_FIRST_PASS_US	2816
LIST_EXALL_400_ENTRIES_REPEAT10_TOTAL_US	20031
LIST_EXNEXT_1000_ENTRIES_FIRST_PASS_US	31680
LIST_EXNEXT_1000_ENTRIES_REPEAT10_TOTAL_US	281790
LIST_EXALL_1000_ENTRIES_FIRST_PASS_US	8768
LIST_EXALL_1000_ENTRIES_REPEAT10_TOTAL_US	59071
PASS	1
PASS: requested mounted-volume workload outputs are complete and data-checked
