=== BFS vs PFS3 Benchmark (FS-UAE 68040) ===
Evidence directory: /home/fabian/.cache/bfs-performance/prodcodegen-pilot-2026-10-10.rjXGlO/results/prodcodegen-6-pfs3-first-candidate
Mode: compare
Timeout: 600s


=== Machine Info ===
# Machine Info
Kickstart 47.102, Workbench 47.2
System: 68040 68040/060-FPU   (INST: Cache Burst) (DATA: NoCache NoBurst)
Type  Available    In-Use   Maximum   Largest
chip    2028040     52728   2080768   2027968
fast    7534464    854144   8388608   7529392
total   9562504    906872  10469376   7529392


Mounted disks:
Unit      Size       Used       Free Full Errs   Status   Name
DF0       No disk present
DH0      4095M    4194304    4194303  50%   0  Read/Write System
DH1       255M         36      65372   0%   0  Read/Write BFSTest
DH2       Not a DOS disk

Volumes available:
BFSTest [Mounted]
System [Mounted]

=== BFS Results ===
FS_COMPARE_BENCH	4
DRIVE	DH1:
SMALL_CREATE_40_US	29310
LOOKUP_400_US	59648
SMALL_READ_40_US	18880
LIST_EXNEXT_400_US	27646
LIST_EXALL_400_US	7617
SEQ_WRITE_8M_US	40511
SEQ_READ_8M_US	273084
SMALL_DELETE_40_US	13888
APPEND_4K_1M_US	68607
APPEND_1K_256K_US	58048
APPEND_READ_1280K_US	45503
LIST_EXNEXT_40_ENTRIES_FIRST_PASS_US	4352
LIST_EXNEXT_40_ENTRIES_REPEAT10_TOTAL_US	28929
LIST_EXALL_40_ENTRIES_FIRST_PASS_US	1728
LIST_EXALL_40_ENTRIES_REPEAT10_TOTAL_US	8320
LIST_EXNEXT_400_ENTRIES_FIRST_PASS_US	38080
LIST_EXNEXT_400_ENTRIES_REPEAT10_TOTAL_US	295165
LIST_EXALL_400_ENTRIES_FIRST_PASS_US	16512
LIST_EXALL_400_ENTRIES_REPEAT10_TOTAL_US	76160
LIST_EXNEXT_1000_ENTRIES_FIRST_PASS_US	92671
LIST_EXNEXT_1000_ENTRIES_REPEAT10_TOTAL_US	724412
LIST_EXALL_1000_ENTRIES_FIRST_PASS_US	46336
LIST_EXALL_1000_ENTRIES_REPEAT10_TOTAL_US	191550
PASS	1

=== PFS3 Results ===
FS_COMPARE_BENCH	4
DRIVE	DH2:
SMALL_CREATE_40_US	17409
LOOKUP_400_US	66366
SMALL_READ_40_US	14336
LIST_EXNEXT_400_US	11775
LIST_EXALL_400_US	2880
SEQ_WRITE_8M_US	52675
SEQ_READ_8M_US	261632
SMALL_DELETE_40_US	8065
APPEND_4K_1M_US	32576
APPEND_1K_256K_US	23360
APPEND_READ_1280K_US	40768
LIST_EXNEXT_40_ENTRIES_FIRST_PASS_US	1793
LIST_EXNEXT_40_ENTRIES_REPEAT10_TOTAL_US	12799
LIST_EXALL_40_ENTRIES_FIRST_PASS_US	575
LIST_EXALL_40_ENTRIES_REPEAT10_TOTAL_US	2497
LIST_EXNEXT_400_ENTRIES_FIRST_PASS_US	12800
LIST_EXNEXT_400_ENTRIES_REPEAT10_TOTAL_US	112639
LIST_EXALL_400_ENTRIES_FIRST_PASS_US	3712
LIST_EXALL_400_ENTRIES_REPEAT10_TOTAL_US	20480
LIST_EXNEXT_1000_ENTRIES_FIRST_PASS_US	31423
LIST_EXNEXT_1000_ENTRIES_REPEAT10_TOTAL_US	293503
LIST_EXALL_1000_ENTRIES_FIRST_PASS_US	6400
LIST_EXALL_1000_ENTRIES_REPEAT10_TOTAL_US	50624
PASS	1
PASS: requested mounted-volume workload outputs are complete and data-checked
