=== BFS vs PFS3 Benchmark (FS-UAE 68040) ===
Evidence directory: /home/fabian/.cache/bfs-performance/writeback-2026-10-10.sKa6aK/results/writeback-2-pfs3-first-candidate
Mode: compare
Timeout: 600s


=== Machine Info ===
# Machine Info
Kickstart 47.102, Workbench 47.2
System: 68040 68040/060-FPU   (INST: Cache Burst) (DATA: NoCache NoBurst)
Type  Available    In-Use   Maximum   Largest
chip    2028040     52728   2080768   2027968
fast    7532616    855992   8388608   7527544
total   9560656    908720  10469376   7527544


Mounted disks:
Unit      Size       Used       Free Full Errs   Status   Name
DF0       No disk present
DH0      4095M    4194304    4194303  50%   0  Read/Write System
DH1       255M         36      65372   0%   0  Read/Write BFSTest
DH2       Not a DOS disk

Volumes available:
BFSTest [Mounted]
System [Mounted]

=== BFS Results ===
FS_COMPARE_BENCH	4
DRIVE	DH1:
SMALL_CREATE_40_US	28480
LOOKUP_400_US	86782
SMALL_READ_40_US	24577
LIST_EXNEXT_400_US	28287
LIST_EXALL_400_US	7808
SEQ_WRITE_8M_US	30334
SEQ_READ_8M_US	304189
SMALL_DELETE_40_US	13633
APPEND_4K_1M_US	54847
APPEND_1K_256K_US	45632
APPEND_READ_1280K_US	45503
LIST_EXNEXT_40_ENTRIES_FIRST_PASS_US	4417
LIST_EXNEXT_40_ENTRIES_REPEAT10_TOTAL_US	29376
LIST_EXALL_40_ENTRIES_FIRST_PASS_US	1918
LIST_EXALL_40_ENTRIES_REPEAT10_TOTAL_US	8576
LIST_EXNEXT_400_ENTRIES_FIRST_PASS_US	39360
LIST_EXNEXT_400_ENTRIES_REPEAT10_TOTAL_US	296959
LIST_EXALL_400_ENTRIES_FIRST_PASS_US	23040
LIST_EXALL_400_ENTRIES_REPEAT10_TOTAL_US	78956
LIST_EXNEXT_1000_ENTRIES_FIRST_PASS_US	99647
LIST_EXNEXT_1000_ENTRIES_REPEAT10_TOTAL_US	748603
LIST_EXALL_1000_ENTRIES_FIRST_PASS_US	50240
LIST_EXALL_1000_ENTRIES_REPEAT10_TOTAL_US	207294
PASS	1

=== PFS3 Results ===
FS_COMPARE_BENCH	4
DRIVE	DH2:
SMALL_CREATE_40_US	17983
LOOKUP_400_US	66176
SMALL_READ_40_US	14720
LIST_EXNEXT_400_US	11967
LIST_EXALL_400_US	2496
SEQ_WRITE_8M_US	40255
SEQ_READ_8M_US	269055
SMALL_DELETE_40_US	8000
APPEND_4K_1M_US	34880
APPEND_1K_256K_US	38208
APPEND_READ_1280K_US	58560
LIST_EXNEXT_40_ENTRIES_FIRST_PASS_US	2944
LIST_EXNEXT_40_ENTRIES_REPEAT10_TOTAL_US	12737
LIST_EXALL_40_ENTRIES_FIRST_PASS_US	577
LIST_EXALL_40_ENTRIES_REPEAT10_TOTAL_US	2560
LIST_EXNEXT_400_ENTRIES_FIRST_PASS_US	12865
LIST_EXNEXT_400_ENTRIES_REPEAT10_TOTAL_US	111167
LIST_EXALL_400_ENTRIES_FIRST_PASS_US	2880
LIST_EXALL_400_ENTRIES_REPEAT10_TOTAL_US	20415
LIST_EXNEXT_1000_ENTRIES_FIRST_PASS_US	32703
LIST_EXNEXT_1000_ENTRIES_REPEAT10_TOTAL_US	299967
LIST_EXALL_1000_ENTRIES_FIRST_PASS_US	6526
LIST_EXALL_1000_ENTRIES_REPEAT10_TOTAL_US	51245
PASS	1
PASS: requested mounted-volume workload outputs are complete and data-checked
