=== BFS vs PFS3 Benchmark (FS-UAE 68040) ===
Evidence directory: /home/fabian/.cache/bfs-performance/splitbatch-2026-10-10.USYRpP/results/splitbatch-2-pfs3-first-ref
Mode: compare
Timeout: 600s


=== Machine Info ===
# Machine Info
Kickstart 47.102, Workbench 47.2
System: 68040 68040/060-FPU   (INST: Cache Burst) (DATA: NoCache NoBurst)
Type  Available    In-Use   Maximum   Largest
chip    2028040     52728   2080768   2027968
fast    7531240    857368   8388608   7526176
total   9559280    910096  10469376   7526176


Mounted disks:
Unit      Size       Used       Free Full Errs   Status   Name
DF0       No disk present
DH0      4095M    4194304    4194303  50%   0  Read/Write System
DH1       255M         36      65372   0%   0  Read/Write BFSTest
DH2       Not a DOS disk

Volumes available:
BFSTest [Mounted]
System [Mounted]

=== BFS Results ===
FS_COMPARE_BENCH	4
DRIVE	DH1:
SMALL_CREATE_40_US	37568
LOOKUP_400_US	59200
SMALL_READ_40_US	18368
LIST_EXNEXT_400_US	20608
LIST_EXALL_400_US	7682
SEQ_WRITE_8M_US	28606
SEQ_READ_8M_US	254527
SMALL_DELETE_40_US	14016
APPEND_4K_1M_US	73023
APPEND_1K_256K_US	47231
APPEND_READ_1280K_US	43391
LIST_EXNEXT_40_ENTRIES_FIRST_PASS_US	3775
LIST_EXNEXT_40_ENTRIES_REPEAT10_TOTAL_US	23552
LIST_EXALL_40_ENTRIES_FIRST_PASS_US	1792
LIST_EXALL_40_ENTRIES_REPEAT10_TOTAL_US	12735
LIST_EXNEXT_400_ENTRIES_FIRST_PASS_US	36889
LIST_EXNEXT_400_ENTRIES_REPEAT10_TOTAL_US	277952
LIST_EXALL_400_ENTRIES_FIRST_PASS_US	14977
LIST_EXALL_400_ENTRIES_REPEAT10_TOTAL_US	90145
LIST_EXNEXT_1000_ENTRIES_FIRST_PASS_US	75328
LIST_EXNEXT_1000_ENTRIES_REPEAT10_TOTAL_US	632828
LIST_EXALL_1000_ENTRIES_FIRST_PASS_US	68160
LIST_EXALL_1000_ENTRIES_REPEAT10_TOTAL_US	344638
PASS	1

=== PFS3 Results ===
FS_COMPARE_BENCH	4
DRIVE	DH2:
SMALL_CREATE_40_US	16832
LOOKUP_400_US	65601
SMALL_READ_40_US	14656
LIST_EXNEXT_400_US	11966
LIST_EXALL_400_US	3392
SEQ_WRITE_8M_US	58625
SEQ_READ_8M_US	289853
SMALL_DELETE_40_US	14593
APPEND_4K_1M_US	37183
APPEND_1K_256K_US	23808
APPEND_READ_1280K_US	41536
LIST_EXNEXT_40_ENTRIES_FIRST_PASS_US	1664
LIST_EXNEXT_40_ENTRIES_REPEAT10_TOTAL_US	12159
LIST_EXALL_40_ENTRIES_FIRST_PASS_US	577
LIST_EXALL_40_ENTRIES_REPEAT10_TOTAL_US	2560
LIST_EXNEXT_400_ENTRIES_FIRST_PASS_US	13953
LIST_EXNEXT_400_ENTRIES_REPEAT10_TOTAL_US	126016
LIST_EXALL_400_ENTRIES_FIRST_PASS_US	2815
LIST_EXALL_400_ENTRIES_REPEAT10_TOTAL_US	20416
LIST_EXNEXT_1000_ENTRIES_FIRST_PASS_US	33663
LIST_EXNEXT_1000_ENTRIES_REPEAT10_TOTAL_US	284798
LIST_EXALL_1000_ENTRIES_FIRST_PASS_US	7423
LIST_EXALL_1000_ENTRIES_REPEAT10_TOTAL_US	49600
PASS	1
PASS: requested mounted-volume workload outputs are complete and data-checked
