=== BFS vs PFS3 Benchmark (FS-UAE 68040) ===
Evidence directory: /home/fabian/.cache/bfs-performance/exact-fastpath-2026-10-09.hdq3J0/build/benchmark/exact-key-pilot-normal-20261009-range-1-bfs-first
Mode: compare
Timeout: 600s


=== Machine Info ===
# Machine Info
Kickstart 47.102, Workbench 47.2
System: 68040 68040/060-FPU   (INST: Cache Burst) (DATA: NoCache NoBurst)
Type  Available    In-Use   Maximum   Largest
chip    2028040     52728   2080768   2027968
fast    7687256    701352   8388608   7682200
total   9715296    754080  10469376   7682200


Mounted disks:
Unit      Size       Used       Free Full Errs   Status   Name
DF0       No disk present
DH0      4095M    4194304    4194303  50%   0  Read/Write System
DH1       255M         36      65372   0%   0  Read/Write BFSTest
DH2       Not a DOS disk

Volumes available:
BFSTest [Mounted]
System [Mounted]

=== BFS Results ===
FS_COMPARE_BENCH	4
DRIVE	DH1:
SMALL_CREATE_40_US	30335
LOOKUP_400_US	76033
SMALL_READ_40_US	19456
LIST_EXNEXT_400_US	31999
LIST_EXALL_400_US	9152
SEQ_WRITE_8M_US	59903
SEQ_READ_8M_US	301055
SMALL_DELETE_40_US	17663
APPEND_4K_1M_US	73344
APPEND_1K_256K_US	64064
APPEND_READ_1280K_US	42688
LIST_EXNEXT_40_ENTRIES_FIRST_PASS_US	6465
LIST_EXNEXT_40_ENTRIES_REPEAT10_TOTAL_US	32255
LIST_EXALL_40_ENTRIES_FIRST_PASS_US	5375
LIST_EXALL_40_ENTRIES_REPEAT10_TOTAL_US	10047
LIST_EXNEXT_400_ENTRIES_FIRST_PASS_US	56575
LIST_EXNEXT_400_ENTRIES_REPEAT10_TOTAL_US	578428
LIST_EXALL_400_ENTRIES_FIRST_PASS_US	36351
LIST_EXALL_400_ENTRIES_REPEAT10_TOTAL_US	395711
LIST_EXNEXT_1000_ENTRIES_FIRST_PASS_US	147456
LIST_EXNEXT_1000_ENTRIES_REPEAT10_TOTAL_US	1523577
LIST_EXALL_1000_ENTRIES_FIRST_PASS_US	88640
LIST_EXALL_1000_ENTRIES_REPEAT10_TOTAL_US	937511
PASS	1

=== PFS3 Results ===
FS_COMPARE_BENCH	4
DRIVE	DH2:
SMALL_CREATE_40_US	19648
LOOKUP_400_US	106111
SMALL_READ_40_US	22848
LIST_EXNEXT_400_US	12416
LIST_EXALL_400_US	2751
SEQ_WRITE_8M_US	43518
SEQ_READ_8M_US	407293
SMALL_DELETE_40_US	13505
APPEND_4K_1M_US	46847
APPEND_1K_256K_US	24127
APPEND_READ_1280K_US	42494
LIST_EXNEXT_40_ENTRIES_FIRST_PASS_US	2753
LIST_EXNEXT_40_ENTRIES_REPEAT10_TOTAL_US	23872
LIST_EXALL_40_ENTRIES_FIRST_PASS_US	769
LIST_EXALL_40_ENTRIES_REPEAT10_TOTAL_US	2688
LIST_EXNEXT_400_ENTRIES_FIRST_PASS_US	17023
LIST_EXNEXT_400_ENTRIES_REPEAT10_TOTAL_US	172671
LIST_EXALL_400_ENTRIES_FIRST_PASS_US	2944
LIST_EXALL_400_ENTRIES_REPEAT10_TOTAL_US	20480
LIST_EXNEXT_1000_ENTRIES_FIRST_PASS_US	32192
LIST_EXNEXT_1000_ENTRIES_REPEAT10_TOTAL_US	286590
LIST_EXALL_1000_ENTRIES_FIRST_PASS_US	6593
LIST_EXALL_1000_ENTRIES_REPEAT10_TOTAL_US	50368
PASS	1
PASS: requested mounted-volume workload outputs are complete and data-checked
