=== BFS vs PFS3 Benchmark (FS-UAE 68040) ===
Evidence directory: /home/fabian/.cache/bfs-performance/metadata-2026-10-08.QvzB5w/build/benchmark/metadata-v4-c8-20261008-base-8-pfs3-first
Mode: compare
Timeout: 600s


=== Machine Info ===
# Machine Info
Kickstart 47.102, Workbench 47.2
System: 68040 68040/060-FPU   (INST: Cache Burst) (DATA: NoCache NoBurst)
Type  Available    In-Use   Maximum   Largest
chip    2028040     52728   2080768   2027968
fast    7694936    693672   8388608   7689880
total   9722976    746400  10469376   7689880


Mounted disks:
Unit      Size       Used       Free Full Errs   Status   Name
DF0       No disk present
DH0      4095M    4194304    4194303  50%   0  Read/Write System
DH1       255M         36      65372   0%   0  Read/Write BFSTest
DH2       Not a DOS disk

Volumes available:
BFSTest [Mounted]
System [Mounted]

=== BFS Results ===
FS_COMPARE_BENCH	4
DRIVE	DH1:
SMALL_CREATE_40_US	30400
LOOKUP_400_US	73793
SMALL_READ_40_US	18623
LIST_EXNEXT_400_US	32126
LIST_EXALL_400_US	8576
SEQ_WRITE_8M_US	39039
SEQ_READ_8M_US	293567
SMALL_DELETE_40_US	23744
APPEND_4K_1M_US	83265
APPEND_1K_256K_US	62016
APPEND_READ_1280K_US	47236
LIST_EXNEXT_40_ENTRIES_FIRST_PASS_US	11008
LIST_EXNEXT_40_ENTRIES_REPEAT10_TOTAL_US	64319
LIST_EXALL_40_ENTRIES_FIRST_PASS_US	6848
LIST_EXALL_40_ENTRIES_REPEAT10_TOTAL_US	15103
LIST_EXNEXT_400_ENTRIES_FIRST_PASS_US	70847
LIST_EXNEXT_400_ENTRIES_REPEAT10_TOTAL_US	703353
LIST_EXALL_400_ENTRIES_FIRST_PASS_US	34816
LIST_EXALL_400_ENTRIES_REPEAT10_TOTAL_US	381246
LIST_EXNEXT_1000_ENTRIES_FIRST_PASS_US	153343
LIST_EXNEXT_1000_ENTRIES_REPEAT10_TOTAL_US	1650999
LIST_EXALL_1000_ENTRIES_FIRST_PASS_US	96384
LIST_EXALL_1000_ENTRIES_REPEAT10_TOTAL_US	1026682
PASS	1

=== PFS3 Results ===
FS_COMPARE_BENCH	4
DRIVE	DH2:
SMALL_CREATE_40_US	16385
LOOKUP_400_US	66496
SMALL_READ_40_US	16063
LIST_EXNEXT_400_US	12350
LIST_EXALL_400_US	2495
SEQ_WRITE_8M_US	40960
SEQ_READ_8M_US	262270
SMALL_DELETE_40_US	8000
APPEND_4K_1M_US	32640
APPEND_1K_256K_US	24512
APPEND_READ_1280K_US	41090
LIST_EXNEXT_40_ENTRIES_FIRST_PASS_US	1600
LIST_EXNEXT_40_ENTRIES_REPEAT10_TOTAL_US	14017
LIST_EXALL_40_ENTRIES_FIRST_PASS_US	640
LIST_EXALL_40_ENTRIES_REPEAT10_TOTAL_US	2560
LIST_EXNEXT_400_ENTRIES_FIRST_PASS_US	14718
LIST_EXNEXT_400_ENTRIES_REPEAT10_TOTAL_US	140928
LIST_EXALL_400_ENTRIES_FIRST_PASS_US	2752
LIST_EXALL_400_ENTRIES_REPEAT10_TOTAL_US	20607
LIST_EXNEXT_1000_ENTRIES_FIRST_PASS_US	30911
LIST_EXNEXT_1000_ENTRIES_REPEAT10_TOTAL_US	283904
LIST_EXALL_1000_ENTRIES_FIRST_PASS_US	6464
LIST_EXALL_1000_ENTRIES_REPEAT10_TOTAL_US	50239
PASS	1
PASS: requested mounted-volume workload outputs are complete and data-checked
