=== BFS vs PFS3 Benchmark (FS-UAE 68040) ===
Evidence directory: /home/fabian/.cache/bfs-performance/prodcodegen-pilot-2026-10-10.rjXGlO/results/prodcodegen-2-pfs3-first-release040
Mode: compare
Timeout: 600s


=== Machine Info ===
# Machine Info
Kickstart 47.102, Workbench 47.2
System: 68040 68040/060-FPU   (INST: Cache Burst) (DATA: NoCache NoBurst)
Type  Available    In-Use   Maximum   Largest
chip    2028040     52728   2080768   2027968
fast    7563224    825384   8388608   7558128
total   9591264    878112  10469376   7558128


Mounted disks:
Unit      Size       Used       Free Full Errs   Status   Name
DF0       No disk present
DH0      4095M    4194304    4194303  50%   0  Read/Write System
DH1       255M         36      65372   0%   0  Read/Write BFSTest
DH2       Not a DOS disk

Volumes available:
BFSTest [Mounted]
System [Mounted]

=== BFS Results ===
FS_COMPARE_BENCH	4
DRIVE	DH1:
SMALL_CREATE_40_US	32640
LOOKUP_400_US	67328
SMALL_READ_40_US	19777
LIST_EXNEXT_400_US	31808
LIST_EXALL_400_US	10240
SEQ_WRITE_8M_US	39937
SEQ_READ_8M_US	262975
SMALL_DELETE_40_US	16895
APPEND_4K_1M_US	80639
APPEND_1K_256K_US	61824
APPEND_READ_1280K_US	45056
LIST_EXNEXT_40_ENTRIES_FIRST_PASS_US	5440
LIST_EXNEXT_40_ENTRIES_REPEAT10_TOTAL_US	33471
LIST_EXALL_40_ENTRIES_FIRST_PASS_US	2112
LIST_EXALL_40_ENTRIES_REPEAT10_TOTAL_US	9600
LIST_EXNEXT_400_ENTRIES_FIRST_PASS_US	43966
LIST_EXNEXT_400_ENTRIES_REPEAT10_TOTAL_US	351999
LIST_EXALL_400_ENTRIES_FIRST_PASS_US	18624
LIST_EXALL_400_ENTRIES_REPEAT10_TOTAL_US	92159
LIST_EXNEXT_1000_ENTRIES_FIRST_PASS_US	106816
LIST_EXNEXT_1000_ENTRIES_REPEAT10_TOTAL_US	860667
LIST_EXALL_1000_ENTRIES_FIRST_PASS_US	45055
LIST_EXALL_1000_ENTRIES_REPEAT10_TOTAL_US	233214
PASS	1

=== PFS3 Results ===
FS_COMPARE_BENCH	4
DRIVE	DH2:
SMALL_CREATE_40_US	16513
LOOKUP_400_US	65793
SMALL_READ_40_US	14016
LIST_EXNEXT_400_US	11903
LIST_EXALL_400_US	2432
SEQ_WRITE_8M_US	46208
SEQ_READ_8M_US	271230
SMALL_DELETE_40_US	15168
APPEND_4K_1M_US	50433
APPEND_1K_256K_US	33152
APPEND_READ_1280K_US	45120
LIST_EXNEXT_40_ENTRIES_FIRST_PASS_US	1662
LIST_EXNEXT_40_ENTRIES_REPEAT10_TOTAL_US	12160
LIST_EXALL_40_ENTRIES_FIRST_PASS_US	640
LIST_EXALL_40_ENTRIES_REPEAT10_TOTAL_US	2496
LIST_EXNEXT_400_ENTRIES_FIRST_PASS_US	13055
LIST_EXNEXT_400_ENTRIES_REPEAT10_TOTAL_US	114496
LIST_EXALL_400_ENTRIES_FIRST_PASS_US	2880
LIST_EXALL_400_ENTRIES_REPEAT10_TOTAL_US	20799
LIST_EXNEXT_1000_ENTRIES_FIRST_PASS_US	31040
LIST_EXNEXT_1000_ENTRIES_REPEAT10_TOTAL_US	281855
LIST_EXALL_1000_ENTRIES_FIRST_PASS_US	6591
LIST_EXALL_1000_ENTRIES_REPEAT10_TOTAL_US	51008
PASS	1
PASS: requested mounted-volume workload outputs are complete and data-checked
