=== BFS vs PFS3 Benchmark (FS-UAE 68040) ===
Evidence directory: /home/fabian/.cache/bfs-performance/append-attr-2026-10-10.XtdDJw/results/append-prod-2-pfs3-first-cand
Mode: compare
Timeout: 600s


=== Machine Info ===
# Machine Info
Kickstart 47.102, Workbench 47.2
System: 68040 68040/060-FPU   (INST: Cache Burst) (DATA: NoCache NoBurst)
Type  Available    In-Use   Maximum   Largest
chip    2028040     52728   2080768   2027968
fast    7531240    857368   8388608   7526176
total   9559280    910096  10469376   7526176


Mounted disks:
Unit      Size       Used       Free Full Errs   Status   Name
DF0       No disk present
DH0      4095M    4194304    4194303  50%   0  Read/Write System
DH1       255M         36      65372   0%   0  Read/Write BFSTest
DH2       Not a DOS disk

Volumes available:
BFSTest [Mounted]
System [Mounted]

=== BFS Results ===
FS_COMPARE_BENCH	4
DRIVE	DH1:
SMALL_CREATE_40_US	31169
LOOKUP_400_US	58239
SMALL_READ_40_US	18815
LIST_EXNEXT_400_US	23871
LIST_EXALL_400_US	12354
SEQ_WRITE_8M_US	35903
SEQ_READ_8M_US	264830
SMALL_DELETE_40_US	13632
APPEND_4K_1M_US	53440
APPEND_1K_256K_US	44737
APPEND_READ_1280K_US	45375
LIST_EXNEXT_40_ENTRIES_FIRST_PASS_US	3840
LIST_EXNEXT_40_ENTRIES_REPEAT10_TOTAL_US	21568
LIST_EXALL_40_ENTRIES_FIRST_PASS_US	1792
LIST_EXALL_40_ENTRIES_REPEAT10_TOTAL_US	8448
LIST_EXNEXT_400_ENTRIES_FIRST_PASS_US	30783
LIST_EXNEXT_400_ENTRIES_REPEAT10_TOTAL_US	221311
LIST_EXALL_400_ENTRIES_FIRST_PASS_US	17280
LIST_EXALL_400_ENTRIES_REPEAT10_TOTAL_US	75840
LIST_EXNEXT_1000_ENTRIES_FIRST_PASS_US	77119
LIST_EXNEXT_1000_ENTRIES_REPEAT10_TOTAL_US	539262
LIST_EXALL_1000_ENTRIES_FIRST_PASS_US	39872
LIST_EXALL_1000_ENTRIES_REPEAT10_TOTAL_US	204607
PASS	1

=== PFS3 Results ===
FS_COMPARE_BENCH	4
DRIVE	DH2:
SMALL_CREATE_40_US	16960
LOOKUP_400_US	69504
SMALL_READ_40_US	18432
LIST_EXNEXT_400_US	14272
LIST_EXALL_400_US	2496
SEQ_WRITE_8M_US	39104
SEQ_READ_8M_US	258878
SMALL_DELETE_40_US	7937
APPEND_4K_1M_US	32576
APPEND_1K_256K_US	22464
APPEND_READ_1280K_US	40704
LIST_EXNEXT_40_ENTRIES_FIRST_PASS_US	1663
LIST_EXNEXT_40_ENTRIES_REPEAT10_TOTAL_US	12224
LIST_EXALL_40_ENTRIES_FIRST_PASS_US	638
LIST_EXALL_40_ENTRIES_REPEAT10_TOTAL_US	2432
LIST_EXNEXT_400_ENTRIES_FIRST_PASS_US	12865
LIST_EXNEXT_400_ENTRIES_REPEAT10_TOTAL_US	111615
LIST_EXALL_400_ENTRIES_FIRST_PASS_US	3073
LIST_EXALL_400_ENTRIES_REPEAT10_TOTAL_US	20478
LIST_EXNEXT_1000_ENTRIES_FIRST_PASS_US	41663
LIST_EXNEXT_1000_ENTRIES_REPEAT10_TOTAL_US	278527
LIST_EXALL_1000_ENTRIES_FIRST_PASS_US	6656
LIST_EXALL_1000_ENTRIES_REPEAT10_TOTAL_US	49406
PASS	1
PASS: requested mounted-volume workload outputs are complete and data-checked
