=== BFS vs PFS3 Benchmark (FS-UAE 68040) ===
Evidence directory: /home/fabian/.cache/bfs-performance/goal-root-2026-10-09.iikmxS/results/goal-root-durable-candidate-2-pfs3-first
Mode: durable-compare
Timeout: 600s


=== Machine Info ===
# Machine Info
Kickstart 47.102, Workbench 47.2
System: 68040 68040/060-FPU   (INST: Cache Burst) (DATA: NoCache NoBurst)
Type  Available    In-Use   Maximum   Largest
chip    2028040     52728   2080768   2027968
fast    7686432    702176   8388608   7681368
total   9714472    754904  10469376   7681368


Mounted disks:
Unit      Size       Used       Free Full Errs   Status   Name
DF0       No disk present
DH0      4095M    4194304    4194303  50%   0  Read/Write System
DH1       255M         36      65372   0%   0  Read/Write BFSTest
DH2       Not a DOS disk

Volumes available:
BFSTest [Mounted]
System [Mounted]

=== BFS Results ===
FS_DURABLE_COMPARE	4
DRIVE	DH1:
SMALL_CREATE_40_US	31040
LOOKUP_400_US	74366
SMALL_READ_40_US	19073
LIST_EXNEXT_400_US	30527
LIST_EXALL_400_US	9088
SEQ_WRITE_8M_US	41708
SEQ_READ_8M_US	263807
SMALL_DELETE_40_US	20735
APPEND_4K_1M_US	74239
APPEND_1K_256K_US	65088
APPEND_READ_1280K_US	42751
LIST_EXNEXT_40_ENTRIES_FIRST_PASS_US	5505
LIST_EXNEXT_40_ENTRIES_REPEAT10_TOTAL_US	31105
LIST_EXALL_40_ENTRIES_FIRST_PASS_US	3263
LIST_EXALL_40_ENTRIES_REPEAT10_TOTAL_US	9344
LIST_EXNEXT_400_ENTRIES_FIRST_PASS_US	54015
LIST_EXNEXT_400_ENTRIES_REPEAT10_TOTAL_US	525626
LIST_EXALL_400_ENTRIES_FIRST_PASS_US	36863
LIST_EXALL_400_ENTRIES_REPEAT10_TOTAL_US	314720
LIST_EXNEXT_1000_ENTRIES_FIRST_PASS_US	135103
LIST_EXNEXT_1000_ENTRIES_REPEAT10_TOTAL_US	1353081
LIST_EXALL_1000_ENTRIES_FIRST_PASS_US	81792
LIST_EXALL_1000_ENTRIES_REPEAT10_TOTAL_US	771260
PASS	1

=== PFS3 Results ===
FS_DURABLE_COMPARE	4
DRIVE	DH2:
SMALL_CREATE_40_US	17728
LOOKUP_400_US	65088
SMALL_READ_40_US	14400
LIST_EXNEXT_400_US	11775
LIST_EXALL_400_US	2496
SEQ_WRITE_8M_US	42048
SEQ_READ_8M_US	268670
SMALL_DELETE_40_US	8640
APPEND_4K_1M_US	36865
APPEND_1K_256K_US	26495
APPEND_READ_1280K_US	40191
LIST_EXNEXT_40_ENTRIES_FIRST_PASS_US	1792
LIST_EXNEXT_40_ENTRIES_REPEAT10_TOTAL_US	11777
LIST_EXALL_40_ENTRIES_FIRST_PASS_US	575
LIST_EXALL_40_ENTRIES_REPEAT10_TOTAL_US	2497
LIST_EXNEXT_400_ENTRIES_FIRST_PASS_US	14080
LIST_EXNEXT_400_ENTRIES_REPEAT10_TOTAL_US	138557
LIST_EXALL_400_ENTRIES_FIRST_PASS_US	2751
LIST_EXALL_400_ENTRIES_REPEAT10_TOTAL_US	20095
LIST_EXNEXT_1000_ENTRIES_FIRST_PASS_US	31168
LIST_EXNEXT_1000_ENTRIES_REPEAT10_TOTAL_US	273855
LIST_EXALL_1000_ENTRIES_FIRST_PASS_US	6271
LIST_EXALL_1000_ENTRIES_REPEAT10_TOTAL_US	58560
PASS	1
PASS: requested mounted-volume workload outputs are complete and data-checked
