=== BFS vs PFS3 Benchmark (FS-UAE 68040) ===
Evidence directory: /home/fabian/.cache/bfs-performance/goal-root-2026-10-09.iikmxS/results/goal-root-normal-base-1-bfs-first
Mode: compare
Timeout: 600s


=== Machine Info ===
# Machine Info
Kickstart 47.102, Workbench 47.2
System: 68040 68040/060-FPU   (INST: Cache Burst) (DATA: NoCache NoBurst)
Type  Available    In-Use   Maximum   Largest
chip    2028040     52728   2080768   2027968
fast    7686824    701784   8388608   7681768
total   9714864    754512  10469376   7681768


Mounted disks:
Unit      Size       Used       Free Full Errs   Status   Name
DF0       No disk present
DH0      4095M    4194304    4194303  50%   0  Read/Write System
DH1       255M         36      65372   0%   0  Read/Write BFSTest
DH2       Not a DOS disk

Volumes available:
BFSTest [Mounted]
System [Mounted]

=== BFS Results ===
FS_COMPARE_BENCH	4
DRIVE	DH1:
SMALL_CREATE_40_US	28927
LOOKUP_400_US	75968
SMALL_READ_40_US	19136
LIST_EXNEXT_400_US	31105
LIST_EXALL_400_US	9024
SEQ_WRITE_8M_US	36863
SEQ_READ_8M_US	268542
SMALL_DELETE_40_US	17472
APPEND_4K_1M_US	71743
APPEND_1K_256K_US	59135
APPEND_READ_1280K_US	41472
LIST_EXNEXT_40_ENTRIES_FIRST_PASS_US	5440
LIST_EXNEXT_40_ENTRIES_REPEAT10_TOTAL_US	31807
LIST_EXALL_40_ENTRIES_FIRST_PASS_US	3326
LIST_EXALL_40_ENTRIES_REPEAT10_TOTAL_US	9343
LIST_EXNEXT_400_ENTRIES_FIRST_PASS_US	50175
LIST_EXNEXT_400_ENTRIES_REPEAT10_TOTAL_US	507838
LIST_EXALL_400_ENTRIES_FIRST_PASS_US	30080
LIST_EXALL_400_ENTRIES_REPEAT10_TOTAL_US	284799
LIST_EXNEXT_1000_ENTRIES_FIRST_PASS_US	137855
LIST_EXNEXT_1000_ENTRIES_REPEAT10_TOTAL_US	1323766
LIST_EXALL_1000_ENTRIES_FIRST_PASS_US	72509
LIST_EXALL_1000_ENTRIES_REPEAT10_TOTAL_US	750780
PASS	1

=== PFS3 Results ===
FS_COMPARE_BENCH	4
DRIVE	DH2:
SMALL_CREATE_40_US	17408
LOOKUP_400_US	67071
SMALL_READ_40_US	14720
LIST_EXNEXT_400_US	11968
LIST_EXALL_400_US	2477
SEQ_WRITE_8M_US	40640
SEQ_READ_8M_US	264253
SMALL_DELETE_40_US	7808
APPEND_4K_1M_US	33537
APPEND_1K_256K_US	23552
APPEND_READ_1280K_US	41027
LIST_EXNEXT_40_ENTRIES_FIRST_PASS_US	1663
LIST_EXNEXT_40_ENTRIES_REPEAT10_TOTAL_US	17471
LIST_EXALL_40_ENTRIES_FIRST_PASS_US	896
LIST_EXALL_40_ENTRIES_REPEAT10_TOTAL_US	4929
LIST_EXNEXT_400_ENTRIES_FIRST_PASS_US	21697
LIST_EXNEXT_400_ENTRIES_REPEAT10_TOTAL_US	254270
LIST_EXALL_400_ENTRIES_FIRST_PASS_US	4542
LIST_EXALL_400_ENTRIES_REPEAT10_TOTAL_US	22847
LIST_EXNEXT_1000_ENTRIES_FIRST_PASS_US	30847
LIST_EXNEXT_1000_ENTRIES_REPEAT10_TOTAL_US	281086
LIST_EXALL_1000_ENTRIES_FIRST_PASS_US	7553
LIST_EXALL_1000_ENTRIES_REPEAT10_TOTAL_US	50368
PASS	1
PASS: requested mounted-volume workload outputs are complete and data-checked
