=== BFS vs PFS3 Benchmark (FS-UAE 68040) ===
Evidence directory: /home/fabian/.cache/bfs-performance/append-attr2-2026-10-10.xibtLq/results/append2-prod-6-pfs3-first-mid
Mode: compare
Timeout: 600s


=== Machine Info ===
# Machine Info
Kickstart 47.102, Workbench 47.2
System: 68040 68040/060-FPU   (INST: Cache Burst) (DATA: NoCache NoBurst)
Type  Available    In-Use   Maximum   Largest
chip    2028040     52728   2080768   2027968
fast    7532072    856536   8388608   7526984
total   9560112    909264  10469376   7526984


Mounted disks:
Unit      Size       Used       Free Full Errs   Status   Name
DF0       No disk present
DH0      4095M    4194304    4194303  50%   0  Read/Write System
DH1       255M         36      65372   0%   0  Read/Write BFSTest
DH2       Not a DOS disk

Volumes available:
BFSTest [Mounted]
System [Mounted]

=== BFS Results ===
FS_COMPARE_BENCH	4
DRIVE	DH1:
SMALL_CREATE_40_US	27840
LOOKUP_400_US	58752
SMALL_READ_40_US	17025
LIST_EXNEXT_400_US	27520
LIST_EXALL_400_US	7808
SEQ_WRITE_8M_US	28926
SEQ_READ_8M_US	267839
SMALL_DELETE_40_US	14080
APPEND_4K_1M_US	51455
APPEND_1K_256K_US	42815
APPEND_READ_1280K_US	44033
LIST_EXNEXT_40_ENTRIES_FIRST_PASS_US	4351
LIST_EXNEXT_40_ENTRIES_REPEAT10_TOTAL_US	28992
LIST_EXALL_40_ENTRIES_FIRST_PASS_US	1791
LIST_EXALL_40_ENTRIES_REPEAT10_TOTAL_US	8383
LIST_EXNEXT_400_ENTRIES_FIRST_PASS_US	37183
LIST_EXNEXT_400_ENTRIES_REPEAT10_TOTAL_US	285952
LIST_EXALL_400_ENTRIES_FIRST_PASS_US	15168
LIST_EXALL_400_ENTRIES_REPEAT10_TOTAL_US	77566
LIST_EXNEXT_1000_ENTRIES_FIRST_PASS_US	94745
LIST_EXNEXT_1000_ENTRIES_REPEAT10_TOTAL_US	746939
LIST_EXALL_1000_ENTRIES_FIRST_PASS_US	37632
LIST_EXALL_1000_ENTRIES_REPEAT10_TOTAL_US	204925
PASS	1

=== PFS3 Results ===
FS_COMPARE_BENCH	4
DRIVE	DH2:
SMALL_CREATE_40_US	17226
LOOKUP_400_US	66303
SMALL_READ_40_US	14465
LIST_EXNEXT_400_US	11713
LIST_EXALL_400_US	2495
SEQ_WRITE_8M_US	36545
SEQ_READ_8M_US	262910
SMALL_DELETE_40_US	7743
APPEND_4K_1M_US	36223
APPEND_1K_256K_US	22720
APPEND_READ_1280K_US	40257
LIST_EXNEXT_40_ENTRIES_FIRST_PASS_US	1665
LIST_EXNEXT_40_ENTRIES_REPEAT10_TOTAL_US	12097
LIST_EXALL_40_ENTRIES_FIRST_PASS_US	704
LIST_EXALL_40_ENTRIES_REPEAT10_TOTAL_US	2560
LIST_EXNEXT_400_ENTRIES_FIRST_PASS_US	13312
LIST_EXNEXT_400_ENTRIES_REPEAT10_TOTAL_US	112960
LIST_EXALL_400_ENTRIES_FIRST_PASS_US	2752
LIST_EXALL_400_ENTRIES_REPEAT10_TOTAL_US	21632
LIST_EXNEXT_1000_ENTRIES_FIRST_PASS_US	31103
LIST_EXNEXT_1000_ENTRIES_REPEAT10_TOTAL_US	291518
LIST_EXALL_1000_ENTRIES_FIRST_PASS_US	6208
LIST_EXALL_1000_ENTRIES_REPEAT10_TOTAL_US	50495
PASS	1
PASS: requested mounted-volume workload outputs are complete and data-checked
