=== BFS vs PFS3 Benchmark (FS-UAE 68040) ===
Evidence directory: /home/fabian/.cache/bfs-performance/sparse-crc-2026-10-09.xN615F/candidate/build/benchmark/sparse-confirmation-20261009/confirm-aa-normal-m5a-2-pfs3-first
Mode: compare
Timeout: 600s


=== Machine Info ===
# Machine Info
Kickstart 47.102, Workbench 47.2
System: 68040 68040/060-FPU   (INST: Cache Burst) (DATA: NoCache NoBurst)
Type  Available    In-Use   Maximum   Largest
chip    2028040     52728   2080768   2027968
fast    7687256    701352   8388608   7682200
total   9715296    754080  10469376   7682200


Mounted disks:
Unit      Size       Used       Free Full Errs   Status   Name
DF0       No disk present
DH0      4095M    4194304    4194303  50%   0  Read/Write System
DH1       255M         36      65372   0%   0  Read/Write BFSTest
DH2       Not a DOS disk

Volumes available:
BFSTest [Mounted]
System [Mounted]

=== BFS Results ===
FS_COMPARE_BENCH	4
DRIVE	DH1:
SMALL_CREATE_40_US	30911
LOOKUP_400_US	76799
SMALL_READ_40_US	20864
LIST_EXNEXT_400_US	31680
LIST_EXALL_400_US	9600
SEQ_WRITE_8M_US	41600
SEQ_READ_8M_US	318399
SMALL_DELETE_40_US	17595
APPEND_4K_1M_US	76608
APPEND_1K_256K_US	65920
APPEND_READ_1280K_US	44159
LIST_EXNEXT_40_ENTRIES_FIRST_PASS_US	7040
LIST_EXNEXT_40_ENTRIES_REPEAT10_TOTAL_US	31745
LIST_EXALL_40_ENTRIES_FIRST_PASS_US	4929
LIST_EXALL_40_ENTRIES_REPEAT10_TOTAL_US	9855
LIST_EXNEXT_400_ENTRIES_FIRST_PASS_US	60096
LIST_EXNEXT_400_ENTRIES_REPEAT10_TOTAL_US	580542
LIST_EXALL_400_ENTRIES_FIRST_PASS_US	36351
LIST_EXALL_400_ENTRIES_REPEAT10_TOTAL_US	390974
LIST_EXNEXT_1000_ENTRIES_FIRST_PASS_US	148416
LIST_EXNEXT_1000_ENTRIES_REPEAT10_TOTAL_US	1535157
LIST_EXALL_1000_ENTRIES_FIRST_PASS_US	88831
LIST_EXALL_1000_ENTRIES_REPEAT10_TOTAL_US	958652
PASS	1

=== PFS3 Results ===
FS_COMPARE_BENCH	4
DRIVE	DH2:
SMALL_CREATE_40_US	18495
LOOKUP_400_US	71679
SMALL_READ_40_US	15489
LIST_EXNEXT_400_US	15743
LIST_EXALL_400_US	2497
SEQ_WRITE_8M_US	43839
SEQ_READ_8M_US	263806
SMALL_DELETE_40_US	7935
APPEND_4K_1M_US	37952
APPEND_1K_256K_US	24575
APPEND_READ_1280K_US	47745
LIST_EXNEXT_40_ENTRIES_FIRST_PASS_US	1727
LIST_EXNEXT_40_ENTRIES_REPEAT10_TOTAL_US	12223
LIST_EXALL_40_ENTRIES_FIRST_PASS_US	639
LIST_EXALL_40_ENTRIES_REPEAT10_TOTAL_US	3200
LIST_EXNEXT_400_ENTRIES_FIRST_PASS_US	13697
LIST_EXNEXT_400_ENTRIES_REPEAT10_TOTAL_US	117311
LIST_EXALL_400_ENTRIES_FIRST_PASS_US	3200
LIST_EXALL_400_ENTRIES_REPEAT10_TOTAL_US	22272
LIST_EXNEXT_1000_ENTRIES_FIRST_PASS_US	43776
LIST_EXNEXT_1000_ENTRIES_REPEAT10_TOTAL_US	321342
LIST_EXALL_1000_ENTRIES_FIRST_PASS_US	6465
LIST_EXALL_1000_ENTRIES_REPEAT10_TOTAL_US	51648
PASS	1
PASS: requested mounted-volume workload outputs are complete and data-checked
