=== BFS vs PFS3 Benchmark (FS-UAE 68040) ===
Evidence directory: /home/fabian/.cache/bfs-performance/splitbatch-2026-10-10.USYRpP/results/splitbatch-3-bfs-first-ref
Mode: compare
Timeout: 600s


=== Machine Info ===
# Machine Info
Kickstart 47.102, Workbench 47.2
System: 68040 68040/060-FPU   (INST: Cache Burst) (DATA: NoCache NoBurst)
Type  Available    In-Use   Maximum   Largest
chip    2028040     52728   2080768   2027968
fast    7531240    857368   8388608   7526176
total   9559280    910096  10469376   7526176


Mounted disks:
Unit      Size       Used       Free Full Errs   Status   Name
DF0       No disk present
DH0      4095M    4194304    4194303  50%   0  Read/Write System
DH1       255M         36      65372   0%   0  Read/Write BFSTest
DH2       Not a DOS disk

Volumes available:
BFSTest [Mounted]
System [Mounted]

=== BFS Results ===
FS_COMPARE_BENCH	4
DRIVE	DH1:
SMALL_CREATE_40_US	37697
LOOKUP_400_US	59456
SMALL_READ_40_US	17920
LIST_EXNEXT_400_US	20416
LIST_EXALL_400_US	7743
SEQ_WRITE_8M_US	29183
SEQ_READ_8M_US	260140
SMALL_DELETE_40_US	13690
APPEND_4K_1M_US	53548
APPEND_1K_256K_US	51455
APPEND_READ_1280K_US	44671
LIST_EXNEXT_40_ENTRIES_FIRST_PASS_US	3713
LIST_EXNEXT_40_ENTRIES_REPEAT10_TOTAL_US	21760
LIST_EXALL_40_ENTRIES_FIRST_PASS_US	1857
LIST_EXALL_40_ENTRIES_REPEAT10_TOTAL_US	8832
LIST_EXNEXT_400_ENTRIES_FIRST_PASS_US	29823
LIST_EXNEXT_400_ENTRIES_REPEAT10_TOTAL_US	225790
LIST_EXALL_400_ENTRIES_FIRST_PASS_US	16127
LIST_EXALL_400_ENTRIES_REPEAT10_TOTAL_US	78783
LIST_EXNEXT_1000_ENTRIES_FIRST_PASS_US	75903
LIST_EXNEXT_1000_ENTRIES_REPEAT10_TOTAL_US	544637
LIST_EXALL_1000_ENTRIES_FIRST_PASS_US	38848
LIST_EXALL_1000_ENTRIES_REPEAT10_TOTAL_US	199742
PASS	1

=== PFS3 Results ===
FS_COMPARE_BENCH	4
DRIVE	DH2:
SMALL_CREATE_40_US	17216
LOOKUP_400_US	67776
SMALL_READ_40_US	14591
LIST_EXNEXT_400_US	12480
LIST_EXALL_400_US	2560
SEQ_WRITE_8M_US	38593
SEQ_READ_8M_US	271678
SMALL_DELETE_40_US	9472
APPEND_4K_1M_US	36352
APPEND_1K_256K_US	24769
APPEND_READ_1280K_US	41343
LIST_EXNEXT_40_ENTRIES_FIRST_PASS_US	1729
LIST_EXNEXT_40_ENTRIES_REPEAT10_TOTAL_US	13312
LIST_EXALL_40_ENTRIES_FIRST_PASS_US	576
LIST_EXALL_40_ENTRIES_REPEAT10_TOTAL_US	2688
LIST_EXNEXT_400_ENTRIES_FIRST_PASS_US	12863
LIST_EXNEXT_400_ENTRIES_REPEAT10_TOTAL_US	118591
LIST_EXALL_400_ENTRIES_FIRST_PASS_US	2687
LIST_EXALL_400_ENTRIES_REPEAT10_TOTAL_US	22273
LIST_EXNEXT_1000_ENTRIES_FIRST_PASS_US	31615
LIST_EXNEXT_1000_ENTRIES_REPEAT10_TOTAL_US	322044
LIST_EXALL_1000_ENTRIES_FIRST_PASS_US	6272
LIST_EXALL_1000_ENTRIES_REPEAT10_TOTAL_US	50495
PASS	1
PASS: requested mounted-volume workload outputs are complete and data-checked
