=== BFS vs PFS3 Benchmark (FS-UAE 68040) ===
Evidence directory: /home/fabian/.cache/bfs-performance/metabound-2026-10-10.kPl0jg/results/metabound-7-bfs-first-bound
Mode: compare
Timeout: 600s


=== Machine Info ===
# Machine Info
Kickstart 47.102, Workbench 47.2
System: 68040 68040/060-FPU   (INST: Cache Burst) (DATA: NoCache NoBurst)
Type  Available    In-Use   Maximum   Largest
chip    2028040     52728   2080768   2027968
fast    7534792    853816   8388608   7529704
total   9562832    906544  10469376   7529704


Mounted disks:
Unit      Size       Used       Free Full Errs   Status   Name
DF0       No disk present
DH0      4095M    4194304    4194303  50%   0  Read/Write System
DH1       255M         36      65372   0%   0  Read/Write BFSTest
DH2       Not a DOS disk

Volumes available:
BFSTest [Mounted]
System [Mounted]

=== BFS Results ===
FS_COMPARE_BENCH	4
DRIVE	DH1:
SMALL_CREATE_40_US	29311
LOOKUP_400_US	60095
SMALL_READ_40_US	18177
LIST_EXNEXT_400_US	22720
LIST_EXALL_400_US	5184
SEQ_WRITE_8M_US	37313
SEQ_READ_8M_US	266302
SMALL_DELETE_40_US	14144
APPEND_4K_1M_US	69695
APPEND_1K_256K_US	61386
APPEND_READ_1280K_US	45246
LIST_EXNEXT_40_ENTRIES_FIRST_PASS_US	3393
LIST_EXNEXT_40_ENTRIES_REPEAT10_TOTAL_US	24000
LIST_EXALL_40_ENTRIES_FIRST_PASS_US	1089
LIST_EXALL_40_ENTRIES_REPEAT10_TOTAL_US	5247
LIST_EXNEXT_400_ENTRIES_FIRST_PASS_US	26880
LIST_EXNEXT_400_ENTRIES_REPEAT10_TOTAL_US	219838
LIST_EXALL_400_ENTRIES_FIRST_PASS_US	9792
LIST_EXALL_400_ENTRIES_REPEAT10_TOTAL_US	48511
LIST_EXNEXT_1000_ENTRIES_FIRST_PASS_US	64960
LIST_EXNEXT_1000_ENTRIES_REPEAT10_TOTAL_US	547901
LIST_EXALL_1000_ENTRIES_FIRST_PASS_US	33855
LIST_EXALL_1000_ENTRIES_REPEAT10_TOTAL_US	120703
PASS	1

=== PFS3 Results ===
FS_COMPARE_BENCH	4
DRIVE	DH2:
SMALL_CREATE_40_US	17920
LOOKUP_400_US	66815
SMALL_READ_40_US	14657
LIST_EXNEXT_400_US	12224
LIST_EXALL_400_US	2478
SEQ_WRITE_8M_US	42350
SEQ_READ_8M_US	269055
SMALL_DELETE_40_US	8384
APPEND_4K_1M_US	34366
APPEND_1K_256K_US	23935
APPEND_READ_1280K_US	41217
LIST_EXNEXT_40_ENTRIES_FIRST_PASS_US	1537
LIST_EXNEXT_40_ENTRIES_REPEAT10_TOTAL_US	12735
LIST_EXALL_40_ENTRIES_FIRST_PASS_US	513
LIST_EXALL_40_ENTRIES_REPEAT10_TOTAL_US	2880
LIST_EXNEXT_400_ENTRIES_FIRST_PASS_US	12992
LIST_EXNEXT_400_ENTRIES_REPEAT10_TOTAL_US	116928
LIST_EXALL_400_ENTRIES_FIRST_PASS_US	3648
LIST_EXALL_400_ENTRIES_REPEAT10_TOTAL_US	26112
LIST_EXNEXT_1000_ENTRIES_FIRST_PASS_US	46272
LIST_EXNEXT_1000_ENTRIES_REPEAT10_TOTAL_US	298860
LIST_EXALL_1000_ENTRIES_FIRST_PASS_US	6528
LIST_EXALL_1000_ENTRIES_REPEAT10_TOTAL_US	51712
PASS	1
PASS: requested mounted-volume workload outputs are complete and data-checked
