=== BFS vs PFS3 Benchmark (FS-UAE 68040) ===
Evidence directory: /home/fabian/.cache/bfs-performance/append-attr2-2026-10-10.xibtLq/results/append2-prod-3-bfs-first-mid
Mode: compare
Timeout: 600s


=== Machine Info ===
# Machine Info
Kickstart 47.102, Workbench 47.2
System: 68040 68040/060-FPU   (INST: Cache Burst) (DATA: NoCache NoBurst)
Type  Available    In-Use   Maximum   Largest
chip    2028040     52728   2080768   2027968
fast    7532072    856536   8388608   7526984
total   9560112    909264  10469376   7526984


Mounted disks:
Unit      Size       Used       Free Full Errs   Status   Name
DF0       No disk present
DH0      4095M    4194304    4194303  50%   0  Read/Write System
DH1       255M         36      65372   0%   0  Read/Write BFSTest
DH2       Not a DOS disk

Volumes available:
BFSTest [Mounted]
System [Mounted]

=== BFS Results ===
FS_COMPARE_BENCH	4
DRIVE	DH1:
SMALL_CREATE_40_US	29824
LOOKUP_400_US	59967
SMALL_READ_40_US	17471
LIST_EXNEXT_400_US	28162
LIST_EXALL_400_US	7745
SEQ_WRITE_8M_US	29567
SEQ_READ_8M_US	265599
SMALL_DELETE_40_US	20224
APPEND_4K_1M_US	54463
APPEND_1K_256K_US	44142
APPEND_READ_1280K_US	44416
LIST_EXNEXT_40_ENTRIES_FIRST_PASS_US	4417
LIST_EXNEXT_40_ENTRIES_REPEAT10_TOTAL_US	29248
LIST_EXALL_40_ENTRIES_FIRST_PASS_US	1791
LIST_EXALL_40_ENTRIES_REPEAT10_TOTAL_US	8384
LIST_EXNEXT_400_ENTRIES_FIRST_PASS_US	44736
LIST_EXNEXT_400_ENTRIES_REPEAT10_TOTAL_US	289214
LIST_EXALL_400_ENTRIES_FIRST_PASS_US	16384
LIST_EXALL_400_ENTRIES_REPEAT10_TOTAL_US	78017
LIST_EXNEXT_1000_ENTRIES_FIRST_PASS_US	95808
LIST_EXNEXT_1000_ENTRIES_REPEAT10_TOTAL_US	733949
LIST_EXALL_1000_ENTRIES_FIRST_PASS_US	39999
LIST_EXALL_1000_ENTRIES_REPEAT10_TOTAL_US	220287
PASS	1

=== PFS3 Results ===
FS_COMPARE_BENCH	4
DRIVE	DH2:
SMALL_CREATE_40_US	21055
LOOKUP_400_US	67391
SMALL_READ_40_US	14016
LIST_EXNEXT_400_US	12159
LIST_EXALL_400_US	2432
SEQ_WRITE_8M_US	39936
SEQ_READ_8M_US	259455
SMALL_DELETE_40_US	7936
APPEND_4K_1M_US	33473
APPEND_1K_256K_US	26497
APPEND_READ_1280K_US	49919
LIST_EXNEXT_40_ENTRIES_FIRST_PASS_US	1792
LIST_EXNEXT_40_ENTRIES_REPEAT10_TOTAL_US	12353
LIST_EXALL_40_ENTRIES_FIRST_PASS_US	575
LIST_EXALL_40_ENTRIES_REPEAT10_TOTAL_US	2497
LIST_EXNEXT_400_ENTRIES_FIRST_PASS_US	12865
LIST_EXNEXT_400_ENTRIES_REPEAT10_TOTAL_US	124671
LIST_EXALL_400_ENTRIES_FIRST_PASS_US	2752
LIST_EXALL_400_ENTRIES_REPEAT10_TOTAL_US	20543
LIST_EXNEXT_1000_ENTRIES_FIRST_PASS_US	31808
LIST_EXNEXT_1000_ENTRIES_REPEAT10_TOTAL_US	282815
LIST_EXALL_1000_ENTRIES_FIRST_PASS_US	6528
LIST_EXALL_1000_ENTRIES_REPEAT10_TOTAL_US	50496
PASS	1
PASS: requested mounted-volume workload outputs are complete and data-checked
