=== BFS vs PFS3 Benchmark (FS-UAE 68040) ===
Evidence directory: /home/fabian/.cache/bfs-performance/confirm-2026-10-10.TmkILS/results/confirm-6-pfs3-first-reference
Mode: compare
Timeout: 600s


=== Machine Info ===
# Machine Info
Kickstart 47.102, Workbench 47.2
System: 68040 68040/060-FPU   (INST: Cache Burst) (DATA: NoCache NoBurst)
Type  Available    In-Use   Maximum   Largest
chip    2028040     52728   2080768   2027968
fast    7532616    855992   8388608   7527544
total   9560656    908720  10469376   7527544


Mounted disks:
Unit      Size       Used       Free Full Errs   Status   Name
DF0       No disk present
DH0      4095M    4194304    4194303  50%   0  Read/Write System
DH1       255M         36      65372   0%   0  Read/Write BFSTest
DH2       Not a DOS disk

Volumes available:
BFSTest [Mounted]
System [Mounted]

=== BFS Results ===
FS_COMPARE_BENCH	4
DRIVE	DH1:
SMALL_CREATE_40_US	32766
LOOKUP_400_US	70337
SMALL_READ_40_US	32896
LIST_EXNEXT_400_US	46675
LIST_EXALL_400_US	27583
SEQ_WRITE_8M_US	41985
SEQ_READ_8M_US	285055
SMALL_DELETE_40_US	13889
APPEND_4K_1M_US	52352
APPEND_1K_256K_US	42433
APPEND_READ_1280K_US	61248
LIST_EXNEXT_40_ENTRIES_FIRST_PASS_US	4993
LIST_EXNEXT_40_ENTRIES_REPEAT10_TOTAL_US	29122
LIST_EXALL_40_ENTRIES_FIRST_PASS_US	1728
LIST_EXALL_40_ENTRIES_REPEAT10_TOTAL_US	8705
LIST_EXNEXT_400_ENTRIES_FIRST_PASS_US	36352
LIST_EXNEXT_400_ENTRIES_REPEAT10_TOTAL_US	298367
LIST_EXALL_400_ENTRIES_FIRST_PASS_US	16127
LIST_EXALL_400_ENTRIES_REPEAT10_TOTAL_US	78719
LIST_EXNEXT_1000_ENTRIES_FIRST_PASS_US	92349
LIST_EXNEXT_1000_ENTRIES_REPEAT10_TOTAL_US	823419
LIST_EXALL_1000_ENTRIES_FIRST_PASS_US	39871
LIST_EXALL_1000_ENTRIES_REPEAT10_TOTAL_US	203327
PASS	1

=== PFS3 Results ===
FS_COMPARE_BENCH	4
DRIVE	DH2:
SMALL_CREATE_40_US	34880
LOOKUP_400_US	75841
SMALL_READ_40_US	28225
LIST_EXNEXT_400_US	21632
LIST_EXALL_400_US	4865
SEQ_WRITE_8M_US	69565
SEQ_READ_8M_US	304382
SMALL_DELETE_40_US	8320
APPEND_4K_1M_US	34304
APPEND_1K_256K_US	23872
APPEND_READ_1280K_US	40575
LIST_EXNEXT_40_ENTRIES_FIRST_PASS_US	1663
LIST_EXNEXT_40_ENTRIES_REPEAT10_TOTAL_US	11968
LIST_EXALL_40_ENTRIES_FIRST_PASS_US	575
LIST_EXALL_40_ENTRIES_REPEAT10_TOTAL_US	2560
LIST_EXNEXT_400_ENTRIES_FIRST_PASS_US	12610
LIST_EXNEXT_400_ENTRIES_REPEAT10_TOTAL_US	112897
LIST_EXALL_400_ENTRIES_FIRST_PASS_US	2840
LIST_EXALL_400_ENTRIES_REPEAT10_TOTAL_US	20800
LIST_EXNEXT_1000_ENTRIES_FIRST_PASS_US	43583
LIST_EXNEXT_1000_ENTRIES_REPEAT10_TOTAL_US	447933
LIST_EXALL_1000_ENTRIES_FIRST_PASS_US	6615
LIST_EXALL_1000_ENTRIES_REPEAT10_TOTAL_US	51905
PASS	1
PASS: requested mounted-volume workload outputs are complete and data-checked
