=== BFS vs PFS3 Benchmark (FS-UAE 68040) ===
Evidence directory: /home/fabian/.cache/bfs-performance/exact-fastpath-2026-10-09.hdq3J0/build/benchmark/exact-key-normal-20261009-m3-3-bfs-first
Mode: compare
Timeout: 600s


=== Machine Info ===
# Machine Info
Kickstart 47.102, Workbench 47.2
System: 68040 68040/060-FPU   (INST: Cache Burst) (DATA: NoCache NoBurst)
Type  Available    In-Use   Maximum   Largest
chip    2028040     52728   2080768   2027968
fast    7689920    698688   8388608   7684880
total   9717960    751416  10469376   7684880


Mounted disks:
Unit      Size       Used       Free Full Errs   Status   Name
DF0       No disk present
DH0      4095M    4194304    4194303  50%   0  Read/Write System
DH1       255M         36      65372   0%   0  Read/Write BFSTest
DH2       Not a DOS disk

Volumes available:
BFSTest [Mounted]
System [Mounted]

=== BFS Results ===
FS_COMPARE_BENCH	4
DRIVE	DH1:
SMALL_CREATE_40_US	29183
LOOKUP_400_US	73920
SMALL_READ_40_US	19775
LIST_EXNEXT_400_US	30400
LIST_EXALL_400_US	8640
SEQ_WRITE_8M_US	39359
SEQ_READ_8M_US	379069
SMALL_DELETE_40_US	17536
APPEND_4K_1M_US	75775
APPEND_1K_256K_US	60865
APPEND_READ_1280K_US	43391
LIST_EXNEXT_40_ENTRIES_FIRST_PASS_US	7105
LIST_EXNEXT_40_ENTRIES_REPEAT10_TOTAL_US	31615
LIST_EXALL_40_ENTRIES_FIRST_PASS_US	4160
LIST_EXALL_40_ENTRIES_REPEAT10_TOTAL_US	9089
LIST_EXNEXT_400_ENTRIES_FIRST_PASS_US	62336
LIST_EXNEXT_400_ENTRIES_REPEAT10_TOTAL_US	639356
LIST_EXALL_400_ENTRIES_FIRST_PASS_US	44223
LIST_EXALL_400_ENTRIES_REPEAT10_TOTAL_US	418812
LIST_EXNEXT_1000_ENTRIES_FIRST_PASS_US	158784
LIST_EXNEXT_1000_ENTRIES_REPEAT10_TOTAL_US	1636791
LIST_EXALL_1000_ENTRIES_FIRST_PASS_US	104576
LIST_EXALL_1000_ENTRIES_REPEAT10_TOTAL_US	1030587
PASS	1

=== PFS3 Results ===
FS_COMPARE_BENCH	4
DRIVE	DH2:
SMALL_CREATE_40_US	16065
LOOKUP_400_US	65856
SMALL_READ_40_US	14592
LIST_EXNEXT_400_US	12352
LIST_EXALL_400_US	2497
SEQ_WRITE_8M_US	41535
SEQ_READ_8M_US	260607
SMALL_DELETE_40_US	7809
APPEND_4K_1M_US	34303
APPEND_1K_256K_US	24192
APPEND_READ_1280K_US	42816
LIST_EXNEXT_40_ENTRIES_FIRST_PASS_US	1600
LIST_EXNEXT_40_ENTRIES_REPEAT10_TOTAL_US	13358
LIST_EXALL_40_ENTRIES_FIRST_PASS_US	640
LIST_EXALL_40_ENTRIES_REPEAT10_TOTAL_US	2623
LIST_EXNEXT_400_ENTRIES_FIRST_PASS_US	16959
LIST_EXNEXT_400_ENTRIES_REPEAT10_TOTAL_US	157374
LIST_EXALL_400_ENTRIES_FIRST_PASS_US	6079
LIST_EXALL_400_ENTRIES_REPEAT10_TOTAL_US	30783
LIST_EXNEXT_1000_ENTRIES_FIRST_PASS_US	32063
LIST_EXNEXT_1000_ENTRIES_REPEAT10_TOTAL_US	340156
LIST_EXALL_1000_ENTRIES_FIRST_PASS_US	9278
LIST_EXALL_1000_ENTRIES_REPEAT10_TOTAL_US	53246
PASS	1
PASS: requested mounted-volume workload outputs are complete and data-checked
