=== BFS vs PFS3 Benchmark (FS-UAE 68040) ===
Evidence directory: /home/fabian/.cache/bfs-performance/sparse-crc-2026-10-09.xN615F/candidate/build/benchmark/sparse-normal-20261009-m5-4-pfs3-first
Mode: compare
Timeout: 600s


=== Machine Info ===
# Machine Info
Kickstart 47.102, Workbench 47.2
System: 68040 68040/060-FPU   (INST: Cache Burst) (DATA: NoCache NoBurst)
Type  Available    In-Use   Maximum   Largest
chip    2028040     52728   2080768   2027968
fast    7687256    701352   8388608   7682200
total   9715296    754080  10469376   7682200


Mounted disks:
Unit      Size       Used       Free Full Errs   Status   Name
DF0       No disk present
DH0      4095M    4194304    4194303  50%   0  Read/Write System
DH1       255M         36      65372   0%   0  Read/Write BFSTest
DH2       Not a DOS disk

Volumes available:
BFSTest [Mounted]
System [Mounted]

=== BFS Results ===
FS_COMPARE_BENCH	4
DRIVE	DH1:
SMALL_CREATE_40_US	37440
LOOKUP_400_US	121023
SMALL_READ_40_US	21120
LIST_EXNEXT_400_US	31680
LIST_EXALL_400_US	9152
SEQ_WRITE_8M_US	37247
SEQ_READ_8M_US	254655
SMALL_DELETE_40_US	17535
APPEND_4K_1M_US	77503
APPEND_1K_256K_US	59648
APPEND_READ_1280K_US	42688
LIST_EXNEXT_40_ENTRIES_FIRST_PASS_US	6337
LIST_EXNEXT_40_ENTRIES_REPEAT10_TOTAL_US	31999
LIST_EXALL_40_ENTRIES_FIRST_PASS_US	4160
LIST_EXALL_40_ENTRIES_REPEAT10_TOTAL_US	9645
LIST_EXNEXT_400_ENTRIES_FIRST_PASS_US	56320
LIST_EXNEXT_400_ENTRIES_REPEAT10_TOTAL_US	619453
LIST_EXALL_400_ENTRIES_FIRST_PASS_US	36288
LIST_EXALL_400_ENTRIES_REPEAT10_TOTAL_US	390207
LIST_EXNEXT_1000_ENTRIES_FIRST_PASS_US	194879
LIST_EXNEXT_1000_ENTRIES_REPEAT10_TOTAL_US	1666551
LIST_EXALL_1000_ENTRIES_FIRST_PASS_US	87743
LIST_EXALL_1000_ENTRIES_REPEAT10_TOTAL_US	952826
PASS	1

=== PFS3 Results ===
FS_COMPARE_BENCH	4
DRIVE	DH2:
SMALL_CREATE_40_US	15357
LOOKUP_400_US	67072
SMALL_READ_40_US	12673
LIST_EXNEXT_400_US	11968
LIST_EXALL_400_US	2432
SEQ_WRITE_8M_US	38655
SEQ_READ_8M_US	268478
SMALL_DELETE_40_US	13120
APPEND_4K_1M_US	72703
APPEND_1K_256K_US	39104
APPEND_READ_1280K_US	40640
LIST_EXNEXT_40_ENTRIES_FIRST_PASS_US	1537
LIST_EXNEXT_40_ENTRIES_REPEAT10_TOTAL_US	12032
LIST_EXALL_40_ENTRIES_FIRST_PASS_US	575
LIST_EXALL_40_ENTRIES_REPEAT10_TOTAL_US	2497
LIST_EXNEXT_400_ENTRIES_FIRST_PASS_US	12672
LIST_EXNEXT_400_ENTRIES_REPEAT10_TOTAL_US	112062
LIST_EXALL_400_ENTRIES_FIRST_PASS_US	2877
LIST_EXALL_400_ENTRIES_REPEAT10_TOTAL_US	20352
LIST_EXNEXT_1000_ENTRIES_FIRST_PASS_US	30591
LIST_EXNEXT_1000_ENTRIES_REPEAT10_TOTAL_US	280639
LIST_EXALL_1000_ENTRIES_FIRST_PASS_US	6335
LIST_EXALL_1000_ENTRIES_REPEAT10_TOTAL_US	52096
PASS	1
PASS: requested mounted-volume workload outputs are complete and data-checked
