=== BFS vs PFS3 Benchmark (FS-UAE 68040) ===
Evidence directory: /home/fabian/.cache/bfs-performance/write-guard-2026-10-09.qG6xKe/results/write-guard-normal-candidate-2-pfs3-first
Mode: compare
Timeout: 600s


=== Machine Info ===
# Machine Info
Kickstart 47.102, Workbench 47.2
System: 68040 68040/060-FPU   (INST: Cache Burst) (DATA: NoCache NoBurst)
Type  Available    In-Use   Maximum   Largest
chip    2028040     52728   2080768   2027968
fast    7686712    701896   8388608   7681656
total   9714752    754624  10469376   7681656


Mounted disks:
Unit      Size       Used       Free Full Errs   Status   Name
DF0       No disk present
DH0      4095M    4194304    4194303  50%   0  Read/Write System
DH1       255M         36      65372   0%   0  Read/Write BFSTest
DH2       Not a DOS disk

Volumes available:
BFSTest [Mounted]
System [Mounted]

=== BFS Results ===
FS_COMPARE_BENCH	4
DRIVE	DH1:
SMALL_CREATE_40_US	29183
LOOKUP_400_US	75008
SMALL_READ_40_US	20288
LIST_EXNEXT_400_US	30913
LIST_EXALL_400_US	9023
SEQ_WRITE_8M_US	34431
SEQ_READ_8M_US	273150
SMALL_DELETE_40_US	17600
APPEND_4K_1M_US	68672
APPEND_1K_256K_US	56832
APPEND_READ_1280K_US	42560
LIST_EXNEXT_40_ENTRIES_FIRST_PASS_US	5953
LIST_EXNEXT_40_ENTRIES_REPEAT10_TOTAL_US	31552
LIST_EXALL_40_ENTRIES_FIRST_PASS_US	3071
LIST_EXALL_40_ENTRIES_REPEAT10_TOTAL_US	9794
LIST_EXNEXT_400_ENTRIES_FIRST_PASS_US	50176
LIST_EXNEXT_400_ENTRIES_REPEAT10_TOTAL_US	521533
LIST_EXALL_400_ENTRIES_FIRST_PASS_US	30464
LIST_EXALL_400_ENTRIES_REPEAT10_TOTAL_US	312254
LIST_EXNEXT_1000_ENTRIES_FIRST_PASS_US	132479
LIST_EXNEXT_1000_ENTRIES_REPEAT10_TOTAL_US	1331576
LIST_EXALL_1000_ENTRIES_FIRST_PASS_US	76160
LIST_EXALL_1000_ENTRIES_REPEAT10_TOTAL_US	759675
PASS	1

=== PFS3 Results ===
FS_COMPARE_BENCH	4
DRIVE	DH2:
SMALL_CREATE_40_US	17664
LOOKUP_400_US	66432
SMALL_READ_40_US	14016
LIST_EXNEXT_400_US	12032
LIST_EXALL_400_US	2497
SEQ_WRITE_8M_US	39231
SEQ_READ_8M_US	268862
SMALL_DELETE_40_US	7808
APPEND_4K_1M_US	32448
APPEND_1K_256K_US	23104
APPEND_READ_1280K_US	40576
LIST_EXNEXT_40_ENTRIES_FIRST_PASS_US	1600
LIST_EXNEXT_40_ENTRIES_REPEAT10_TOTAL_US	11776
LIST_EXALL_40_ENTRIES_FIRST_PASS_US	575
LIST_EXALL_40_ENTRIES_REPEAT10_TOTAL_US	2497
LIST_EXNEXT_400_ENTRIES_FIRST_PASS_US	12351
LIST_EXNEXT_400_ENTRIES_REPEAT10_TOTAL_US	109376
LIST_EXALL_400_ENTRIES_FIRST_PASS_US	2841
LIST_EXALL_400_ENTRIES_REPEAT10_TOTAL_US	20095
LIST_EXNEXT_1000_ENTRIES_FIRST_PASS_US	30208
LIST_EXNEXT_1000_ENTRIES_REPEAT10_TOTAL_US	286207
LIST_EXALL_1000_ENTRIES_FIRST_PASS_US	7297
LIST_EXALL_1000_ENTRIES_REPEAT10_TOTAL_US	49472
PASS	1
PASS: requested mounted-volume workload outputs are complete and data-checked
