=== BFS vs PFS3 Benchmark (FS-UAE 68040) ===
Evidence directory: /home/fabian/.cache/bfs-performance/exact-fastpath-2026-10-09.hdq3J0/build/benchmark/exact-key-pilot-normal-20261009-fast-2-pfs3-first
Mode: compare
Timeout: 600s


=== Machine Info ===
# Machine Info
Kickstart 47.102, Workbench 47.2
System: 68040 68040/060-FPU   (INST: Cache Burst) (DATA: NoCache NoBurst)
Type  Available    In-Use   Maximum   Largest
chip    2028040     52728   2080768   2027968
fast    7687320    701288   8388608   7682264
total   9715360    754016  10469376   7682264


Mounted disks:
Unit      Size       Used       Free Full Errs   Status   Name
DF0       No disk present
DH0      4095M    4194304    4194303  50%   0  Read/Write System
DH1       255M         36      65372   0%   0  Read/Write BFSTest
DH2       Not a DOS disk

Volumes available:
BFSTest [Mounted]
System [Mounted]

=== BFS Results ===
FS_COMPARE_BENCH	4
DRIVE	DH1:
SMALL_CREATE_40_US	30068
LOOKUP_400_US	77056
SMALL_READ_40_US	31872
LIST_EXNEXT_400_US	35776
LIST_EXALL_400_US	9343
SEQ_WRITE_8M_US	38206
SEQ_READ_8M_US	264510
SMALL_DELETE_40_US	17600
APPEND_4K_1M_US	73023
APPEND_1K_256K_US	60028
APPEND_READ_1280K_US	43006
LIST_EXNEXT_40_ENTRIES_FIRST_PASS_US	7040
LIST_EXNEXT_40_ENTRIES_REPEAT10_TOTAL_US	34560
LIST_EXALL_40_ENTRIES_FIRST_PASS_US	4032
LIST_EXALL_40_ENTRIES_REPEAT10_TOTAL_US	9856
LIST_EXNEXT_400_ENTRIES_FIRST_PASS_US	56000
LIST_EXNEXT_400_ENTRIES_REPEAT10_TOTAL_US	752444
LIST_EXALL_400_ENTRIES_FIRST_PASS_US	72000
LIST_EXALL_400_ENTRIES_REPEAT10_TOTAL_US	361855
LIST_EXNEXT_1000_ENTRIES_FIRST_PASS_US	144280
LIST_EXNEXT_1000_ENTRIES_REPEAT10_TOTAL_US	1635638
LIST_EXALL_1000_ENTRIES_FIRST_PASS_US	89600
LIST_EXALL_1000_ENTRIES_REPEAT10_TOTAL_US	1096185
PASS	1

=== PFS3 Results ===
FS_COMPARE_BENCH	4
DRIVE	DH2:
SMALL_CREATE_40_US	31348
LOOKUP_400_US	68544
SMALL_READ_40_US	14208
LIST_EXNEXT_400_US	12672
LIST_EXALL_400_US	2559
SEQ_WRITE_8M_US	39808
SEQ_READ_8M_US	261951
SMALL_DELETE_40_US	8256
APPEND_4K_1M_US	46141
APPEND_1K_256K_US	44991
APPEND_READ_1280K_US	63296
LIST_EXNEXT_40_ENTRIES_FIRST_PASS_US	2752
LIST_EXNEXT_40_ENTRIES_REPEAT10_TOTAL_US	16384
LIST_EXALL_40_ENTRIES_FIRST_PASS_US	1407
LIST_EXALL_40_ENTRIES_REPEAT10_TOTAL_US	7425
LIST_EXNEXT_400_ENTRIES_FIRST_PASS_US	41663
LIST_EXNEXT_400_ENTRIES_REPEAT10_TOTAL_US	143103
LIST_EXALL_400_ENTRIES_FIRST_PASS_US	3008
LIST_EXALL_400_ENTRIES_REPEAT10_TOTAL_US	20927
LIST_EXNEXT_1000_ENTRIES_FIRST_PASS_US	32383
LIST_EXNEXT_1000_ENTRIES_REPEAT10_TOTAL_US	386815
LIST_EXALL_1000_ENTRIES_FIRST_PASS_US	19583
LIST_EXALL_1000_ENTRIES_REPEAT10_TOTAL_US	66669
PASS	1
PASS: requested mounted-volume workload outputs are complete and data-checked
