=== BFS vs PFS3 Benchmark (FS-UAE 68040) ===
Evidence directory: /home/fabian/.cache/bfs-performance/exact-fastpath-2026-10-09.hdq3J0/build/benchmark/exact-key-durable-20261009-range-1-bfs-first
Mode: durable-compare
Timeout: 600s


=== Machine Info ===
# Machine Info
Kickstart 47.102, Workbench 47.2
System: 68040 68040/060-FPU   (INST: Cache Burst) (DATA: NoCache NoBurst)
Type  Available    In-Use   Maximum   Largest
chip    2028040     52728   2080768   2027968
fast    7687256    701352   8388608   7682200
total   9715296    754080  10469376   7682200


Mounted disks:
Unit      Size       Used       Free Full Errs   Status   Name
DF0       No disk present
DH0      4095M    4194304    4194303  50%   0  Read/Write System
DH1       255M         36      65372   0%   0  Read/Write BFSTest
DH2       Not a DOS disk

Volumes available:
BFSTest [Mounted]
System [Mounted]

=== BFS Results ===
FS_DURABLE_COMPARE	4
DRIVE	DH1:
SMALL_CREATE_40_US	34880
LOOKUP_400_US	75201
SMALL_READ_40_US	20415
LIST_EXNEXT_400_US	32830
LIST_EXALL_400_US	9325
SEQ_WRITE_8M_US	51327
SEQ_READ_8M_US	291179
SMALL_DELETE_40_US	36351
APPEND_4K_1M_US	183232
APPEND_1K_256K_US	65153
APPEND_READ_1280K_US	44928
LIST_EXNEXT_40_ENTRIES_FIRST_PASS_US	6336
LIST_EXNEXT_40_ENTRIES_REPEAT10_TOTAL_US	32128
LIST_EXALL_40_ENTRIES_FIRST_PASS_US	3968
LIST_EXALL_40_ENTRIES_REPEAT10_TOTAL_US	9856
LIST_EXNEXT_400_ENTRIES_FIRST_PASS_US	56320
LIST_EXNEXT_400_ENTRIES_REPEAT10_TOTAL_US	621309
LIST_EXALL_400_ENTRIES_FIRST_PASS_US	36864
LIST_EXALL_400_ENTRIES_REPEAT10_TOTAL_US	419517
LIST_EXNEXT_1000_ENTRIES_FIRST_PASS_US	149761
LIST_EXNEXT_1000_ENTRIES_REPEAT10_TOTAL_US	1556729
LIST_EXALL_1000_ENTRIES_FIRST_PASS_US	109759
LIST_EXALL_1000_ENTRIES_REPEAT10_TOTAL_US	930683
PASS	1

=== PFS3 Results ===
FS_DURABLE_COMPARE	4
DRIVE	DH2:
SMALL_CREATE_40_US	17793
LOOKUP_400_US	67456
SMALL_READ_40_US	15040
LIST_EXNEXT_400_US	12288
LIST_EXALL_400_US	2497
SEQ_WRITE_8M_US	42240
SEQ_READ_8M_US	266112
SMALL_DELETE_40_US	9151
APPEND_4K_1M_US	35777
APPEND_1K_256K_US	25792
APPEND_READ_1280K_US	70527
LIST_EXNEXT_40_ENTRIES_FIRST_PASS_US	1792
LIST_EXNEXT_40_ENTRIES_REPEAT10_TOTAL_US	12416
LIST_EXALL_40_ENTRIES_FIRST_PASS_US	577
LIST_EXALL_40_ENTRIES_REPEAT10_TOTAL_US	2432
LIST_EXNEXT_400_ENTRIES_FIRST_PASS_US	13308
LIST_EXNEXT_400_ENTRIES_REPEAT10_TOTAL_US	157757
LIST_EXALL_400_ENTRIES_FIRST_PASS_US	8448
LIST_EXALL_400_ENTRIES_REPEAT10_TOTAL_US	42046
LIST_EXNEXT_1000_ENTRIES_FIRST_PASS_US	41409
LIST_EXNEXT_1000_ENTRIES_REPEAT10_TOTAL_US	429822
LIST_EXALL_1000_ENTRIES_FIRST_PASS_US	6400
LIST_EXALL_1000_ENTRIES_REPEAT10_TOTAL_US	50751
PASS	1
PASS: requested mounted-volume workload outputs are complete and data-checked
