=== BFS vs PFS3 Benchmark (FS-UAE 68040) ===
Evidence directory: /home/fabian/.cache/bfs-performance/append-attr2-2026-10-10.xibtLq/results/append2-prod-4-pfs3-first-ref
Mode: compare
Timeout: 600s


=== Machine Info ===
# Machine Info
Kickstart 47.102, Workbench 47.2
System: 68040 68040/060-FPU   (INST: Cache Burst) (DATA: NoCache NoBurst)
Type  Available    In-Use   Maximum   Largest
chip    2028040     52728   2080768   2027968
fast    7532616    855992   8388608   7527544
total   9560656    908720  10469376   7527544


Mounted disks:
Unit      Size       Used       Free Full Errs   Status   Name
DF0       No disk present
DH0      4095M    4194304    4194303  50%   0  Read/Write System
DH1       255M         36      65372   0%   0  Read/Write BFSTest
DH2       Not a DOS disk

Volumes available:
BFSTest [Mounted]
System [Mounted]

=== BFS Results ===
FS_COMPARE_BENCH	4
DRIVE	DH1:
SMALL_CREATE_40_US	30143
LOOKUP_400_US	60416
SMALL_READ_40_US	17919
LIST_EXNEXT_400_US	27329
LIST_EXALL_400_US	7741
SEQ_WRITE_8M_US	29695
SEQ_READ_8M_US	266220
SMALL_DELETE_40_US	13566
APPEND_4K_1M_US	52800
APPEND_1K_256K_US	43585
APPEND_READ_1280K_US	44928
LIST_EXNEXT_40_ENTRIES_FIRST_PASS_US	4415
LIST_EXNEXT_40_ENTRIES_REPEAT10_TOTAL_US	29248
LIST_EXALL_40_ENTRIES_FIRST_PASS_US	1856
LIST_EXALL_40_ENTRIES_REPEAT10_TOTAL_US	8833
LIST_EXNEXT_400_ENTRIES_FIRST_PASS_US	38271
LIST_EXNEXT_400_ENTRIES_REPEAT10_TOTAL_US	295230
LIST_EXALL_400_ENTRIES_FIRST_PASS_US	16577
LIST_EXALL_400_ENTRIES_REPEAT10_TOTAL_US	78654
LIST_EXNEXT_1000_ENTRIES_FIRST_PASS_US	94016
LIST_EXNEXT_1000_ENTRIES_REPEAT10_TOTAL_US	720956
LIST_EXALL_1000_ENTRIES_FIRST_PASS_US	40064
LIST_EXALL_1000_ENTRIES_REPEAT10_TOTAL_US	238079
PASS	1

=== PFS3 Results ===
FS_COMPARE_BENCH	4
DRIVE	DH2:
SMALL_CREATE_40_US	16448
LOOKUP_400_US	66175
SMALL_READ_40_US	13762
LIST_EXNEXT_400_US	11968
LIST_EXALL_400_US	2432
SEQ_WRITE_8M_US	64128
SEQ_READ_8M_US	268799
SMALL_DELETE_40_US	7935
APPEND_4K_1M_US	32319
APPEND_1K_256K_US	22975
APPEND_READ_1280K_US	39616
LIST_EXNEXT_40_ENTRIES_FIRST_PASS_US	1600
LIST_EXNEXT_40_ENTRIES_REPEAT10_TOTAL_US	12160
LIST_EXALL_40_ENTRIES_FIRST_PASS_US	575
LIST_EXALL_40_ENTRIES_REPEAT10_TOTAL_US	2496
LIST_EXNEXT_400_ENTRIES_FIRST_PASS_US	12543
LIST_EXNEXT_400_ENTRIES_REPEAT10_TOTAL_US	132416
LIST_EXALL_400_ENTRIES_FIRST_PASS_US	2752
LIST_EXALL_400_ENTRIES_REPEAT10_TOTAL_US	20223
LIST_EXNEXT_1000_ENTRIES_FIRST_PASS_US	32064
LIST_EXNEXT_1000_ENTRIES_REPEAT10_TOTAL_US	314175
LIST_EXALL_1000_ENTRIES_FIRST_PASS_US	11840
LIST_EXALL_1000_ENTRIES_REPEAT10_TOTAL_US	65089
PASS	1
PASS: requested mounted-volume workload outputs are complete and data-checked
