=== BFS vs PFS3 Benchmark (FS-UAE 68040) ===
Evidence directory: /home/fabian/.cache/bfs-performance/listing-upgrade-2026-10-08.29qKRc/build/benchmark/leaf-range-normal-20261008-m3-6-pfs3-first
Mode: compare
Timeout: 600s


=== Machine Info ===
# Machine Info
Kickstart 47.102, Workbench 47.2
System: 68040 68040/060-FPU   (INST: Cache Burst) (DATA: NoCache NoBurst)
Type  Available    In-Use   Maximum   Largest
chip    2028040     52728   2080768   2027968
fast    7689920    698688   8388608   7684880
total   9717960    751416  10469376   7684880


Mounted disks:
Unit      Size       Used       Free Full Errs   Status   Name
DF0       No disk present
DH0      4095M    4194304    4194303  50%   0  Read/Write System
DH1       255M         36      65372   0%   0  Read/Write BFSTest
DH2       Not a DOS disk

Volumes available:
BFSTest [Mounted]
System [Mounted]

=== BFS Results ===
FS_COMPARE_BENCH	4
DRIVE	DH1:
SMALL_CREATE_40_US	29311
LOOKUP_400_US	76479
SMALL_READ_40_US	19713
LIST_EXNEXT_400_US	29888
LIST_EXALL_400_US	8640
SEQ_WRITE_8M_US	43436
SEQ_READ_8M_US	267007
SMALL_DELETE_40_US	17088
APPEND_4K_1M_US	68735
APPEND_1K_256K_US	75391
APPEND_READ_1280K_US	48448
LIST_EXNEXT_40_ENTRIES_FIRST_PASS_US	6271
LIST_EXNEXT_40_ENTRIES_REPEAT10_TOTAL_US	31488
LIST_EXALL_40_ENTRIES_FIRST_PASS_US	4095
LIST_EXALL_40_ENTRIES_REPEAT10_TOTAL_US	9280
LIST_EXNEXT_400_ENTRIES_FIRST_PASS_US	64960
LIST_EXNEXT_400_ENTRIES_REPEAT10_TOTAL_US	839401
LIST_EXALL_400_ENTRIES_FIRST_PASS_US	39231
LIST_EXALL_400_ENTRIES_REPEAT10_TOTAL_US	398911
LIST_EXNEXT_1000_ENTRIES_FIRST_PASS_US	157502
LIST_EXNEXT_1000_ENTRIES_REPEAT10_TOTAL_US	1717430
LIST_EXALL_1000_ENTRIES_FIRST_PASS_US	123583
LIST_EXALL_1000_ENTRIES_REPEAT10_TOTAL_US	993403
PASS	1

=== PFS3 Results ===
FS_COMPARE_BENCH	4
DRIVE	DH2:
SMALL_CREATE_40_US	18048
LOOKUP_400_US	66431
SMALL_READ_40_US	15167
LIST_EXNEXT_400_US	12160
LIST_EXALL_400_US	2542
SEQ_WRITE_8M_US	41408
SEQ_READ_8M_US	268030
SMALL_DELETE_40_US	8000
APPEND_4K_1M_US	44160
APPEND_1K_256K_US	62080
APPEND_READ_1280K_US	42944
LIST_EXNEXT_40_ENTRIES_FIRST_PASS_US	1663
LIST_EXNEXT_40_ENTRIES_REPEAT10_TOTAL_US	13697
LIST_EXALL_40_ENTRIES_FIRST_PASS_US	960
LIST_EXALL_40_ENTRIES_REPEAT10_TOTAL_US	4608
LIST_EXNEXT_400_ENTRIES_FIRST_PASS_US	14785
LIST_EXNEXT_400_ENTRIES_REPEAT10_TOTAL_US	120384
LIST_EXALL_400_ENTRIES_FIRST_PASS_US	2880
LIST_EXALL_400_ENTRIES_REPEAT10_TOTAL_US	20800
LIST_EXNEXT_1000_ENTRIES_FIRST_PASS_US	32128
LIST_EXNEXT_1000_ENTRIES_REPEAT10_TOTAL_US	328190
LIST_EXALL_1000_ENTRIES_FIRST_PASS_US	6337
LIST_EXALL_1000_ENTRIES_REPEAT10_TOTAL_US	55872
PASS	1
PASS: requested mounted-volume workload outputs are complete and data-checked
