=== BFS vs PFS3 Benchmark (FS-UAE 68040) ===
Evidence directory: /home/fabian/.cache/bfs-performance/sparse-crc-2026-10-09.xN615F/candidate/build/benchmark/sparse-confirmation-20261009/confirm-durable-sparse-2-pfs3-first
Mode: durable-compare
Timeout: 600s


=== Machine Info ===
# Machine Info
Kickstart 47.102, Workbench 47.2
System: 68040 68040/060-FPU   (INST: Cache Burst) (DATA: NoCache NoBurst)
Type  Available    In-Use   Maximum   Largest
chip    2028040     52728   2080768   2027968
fast    7686824    701784   8388608   7681768
total   9714864    754512  10469376   7681768


Mounted disks:
Unit      Size       Used       Free Full Errs   Status   Name
DF0       No disk present
DH0      4095M    4194304    4194303  50%   0  Read/Write System
DH1       255M         36      65372   0%   0  Read/Write BFSTest
DH2       Not a DOS disk

Volumes available:
BFSTest [Mounted]
System [Mounted]

=== BFS Results ===
FS_DURABLE_COMPARE	4
DRIVE	DH1:
SMALL_CREATE_40_US	41088
LOOKUP_400_US	79936
SMALL_READ_40_US	28865
LIST_EXNEXT_400_US	38306
LIST_EXALL_400_US	8960
SEQ_WRITE_8M_US	43264
SEQ_READ_8M_US	270080
SMALL_DELETE_40_US	20415
APPEND_4K_1M_US	78976
APPEND_1K_256K_US	91457
APPEND_READ_1280K_US	77631
LIST_EXNEXT_40_ENTRIES_FIRST_PASS_US	5633
LIST_EXNEXT_40_ENTRIES_REPEAT10_TOTAL_US	32255
LIST_EXALL_40_ENTRIES_FIRST_PASS_US	3137
LIST_EXALL_40_ENTRIES_REPEAT10_TOTAL_US	9474
LIST_EXNEXT_400_ENTRIES_FIRST_PASS_US	53439
LIST_EXNEXT_400_ENTRIES_REPEAT10_TOTAL_US	543613
LIST_EXALL_400_ENTRIES_FIRST_PASS_US	32128
LIST_EXALL_400_ENTRIES_REPEAT10_TOTAL_US	310399
LIST_EXNEXT_1000_ENTRIES_FIRST_PASS_US	138687
LIST_EXNEXT_1000_ENTRIES_REPEAT10_TOTAL_US	1580215
LIST_EXALL_1000_ENTRIES_FIRST_PASS_US	112127
LIST_EXALL_1000_ENTRIES_REPEAT10_TOTAL_US	924668
PASS	1

=== PFS3 Results ===
FS_DURABLE_COMPARE	4
DRIVE	DH2:
SMALL_CREATE_40_US	17664
LOOKUP_400_US	67776
SMALL_READ_40_US	15232
LIST_EXNEXT_400_US	12417
LIST_EXALL_400_US	2560
SEQ_WRITE_8M_US	40255
SEQ_READ_8M_US	262206
SMALL_DELETE_40_US	9089
APPEND_4K_1M_US	33983
APPEND_1K_256K_US	24447
APPEND_READ_1280K_US	54336
LIST_EXNEXT_40_ENTRIES_FIRST_PASS_US	1728
LIST_EXNEXT_40_ENTRIES_REPEAT10_TOTAL_US	12607
LIST_EXALL_40_ENTRIES_FIRST_PASS_US	577
LIST_EXALL_40_ENTRIES_REPEAT10_TOTAL_US	2495
LIST_EXNEXT_400_ENTRIES_FIRST_PASS_US	13184
LIST_EXNEXT_400_ENTRIES_REPEAT10_TOTAL_US	115116
LIST_EXALL_400_ENTRIES_FIRST_PASS_US	3585
LIST_EXALL_400_ENTRIES_REPEAT10_TOTAL_US	20927
LIST_EXNEXT_1000_ENTRIES_FIRST_PASS_US	32639
LIST_EXNEXT_1000_ENTRIES_REPEAT10_TOTAL_US	288959
LIST_EXALL_1000_ENTRIES_FIRST_PASS_US	6463
LIST_EXALL_1000_ENTRIES_REPEAT10_TOTAL_US	51200
PASS	1
PASS: requested mounted-volume workload outputs are complete and data-checked
