=== BFS vs PFS3 Benchmark (FS-UAE 68040) ===
Evidence directory: /home/fabian/.cache/bfs-performance/prodcodegen-pilot-2026-10-10.rjXGlO/results/prodcodegen-1-bfs-first-release040
Mode: compare
Timeout: 600s


=== Machine Info ===
# Machine Info
Kickstart 47.102, Workbench 47.2
System: 68040 68040/060-FPU   (INST: Cache Burst) (DATA: NoCache NoBurst)
Type  Available    In-Use   Maximum   Largest
chip    2028040     52728   2080768   2027968
fast    7563224    825384   8388608   7558128
total   9591264    878112  10469376   7558128


Mounted disks:
Unit      Size       Used       Free Full Errs   Status   Name
DF0       No disk present
DH0      4095M    4194304    4194303  50%   0  Read/Write System
DH1       255M         36      65372   0%   0  Read/Write BFSTest
DH2       Not a DOS disk

Volumes available:
BFSTest [Mounted]
System [Mounted]

=== BFS Results ===
FS_COMPARE_BENCH	4
DRIVE	DH1:
SMALL_CREATE_40_US	33663
LOOKUP_400_US	66688
SMALL_READ_40_US	21377
LIST_EXNEXT_400_US	32674
LIST_EXALL_400_US	8833
SEQ_WRITE_8M_US	40128
SEQ_READ_8M_US	292734
SMALL_DELETE_40_US	16832
APPEND_4K_1M_US	77120
APPEND_1K_256K_US	67583
APPEND_READ_1280K_US	45313
LIST_EXNEXT_40_ENTRIES_FIRST_PASS_US	5248
LIST_EXNEXT_40_ENTRIES_REPEAT10_TOTAL_US	34817
LIST_EXALL_40_ENTRIES_FIRST_PASS_US	2048
LIST_EXALL_40_ENTRIES_REPEAT10_TOTAL_US	9727
LIST_EXNEXT_400_ENTRIES_FIRST_PASS_US	45760
LIST_EXNEXT_400_ENTRIES_REPEAT10_TOTAL_US	402942
LIST_EXALL_400_ENTRIES_FIRST_PASS_US	18304
LIST_EXALL_400_ENTRIES_REPEAT10_TOTAL_US	90880
LIST_EXNEXT_1000_ENTRIES_FIRST_PASS_US	109694
LIST_EXNEXT_1000_ENTRIES_REPEAT10_TOTAL_US	861242
LIST_EXALL_1000_ENTRIES_FIRST_PASS_US	46528
LIST_EXALL_1000_ENTRIES_REPEAT10_TOTAL_US	237244
PASS	1

=== PFS3 Results ===
FS_COMPARE_BENCH	4
DRIVE	DH2:
SMALL_CREATE_40_US	16768
LOOKUP_400_US	65535
SMALL_READ_40_US	13825
LIST_EXNEXT_400_US	11905
LIST_EXALL_400_US	2495
SEQ_WRITE_8M_US	38272
SEQ_READ_8M_US	259582
SMALL_DELETE_40_US	11840
APPEND_4K_1M_US	33856
APPEND_1K_256K_US	23808
APPEND_READ_1280K_US	40896
LIST_EXNEXT_40_ENTRIES_FIRST_PASS_US	1600
LIST_EXNEXT_40_ENTRIES_REPEAT10_TOTAL_US	11840
LIST_EXALL_40_ENTRIES_FIRST_PASS_US	512
LIST_EXALL_40_ENTRIES_REPEAT10_TOTAL_US	2495
LIST_EXNEXT_400_ENTRIES_FIRST_PASS_US	13119
LIST_EXNEXT_400_ENTRIES_REPEAT10_TOTAL_US	119615
LIST_EXALL_400_ENTRIES_FIRST_PASS_US	2753
LIST_EXALL_400_ENTRIES_REPEAT10_TOTAL_US	20416
LIST_EXNEXT_1000_ENTRIES_FIRST_PASS_US	31808
LIST_EXNEXT_1000_ENTRIES_REPEAT10_TOTAL_US	282110
LIST_EXALL_1000_ENTRIES_FIRST_PASS_US	6400
LIST_EXALL_1000_ENTRIES_REPEAT10_TOTAL_US	52351
PASS	1
PASS: requested mounted-volume workload outputs are complete and data-checked
