=== BFS vs PFS3 Benchmark (FS-UAE 68040) ===
Evidence directory: /home/fabian/.cache/bfs-performance/exnext-2026-10-10.8MRoga/results/exnext-2-pfs3-first-reference
Mode: compare
Timeout: 600s


=== Machine Info ===
# Machine Info
Kickstart 47.102, Workbench 47.2
System: 68040 68040/060-FPU   (INST: Cache Burst) (DATA: NoCache NoBurst)
Type  Available    In-Use   Maximum   Largest
chip    2028040     52728   2080768   2027968
fast    7532616    855992   8388608   7527544
total   9560656    908720  10469376   7527544


Mounted disks:
Unit      Size       Used       Free Full Errs   Status   Name
DF0       No disk present
DH0      4095M    4194304    4194303  50%   0  Read/Write System
DH1       255M         36      65372   0%   0  Read/Write BFSTest
DH2       Not a DOS disk

Volumes available:
BFSTest [Mounted]
System [Mounted]

=== BFS Results ===
FS_COMPARE_BENCH	4
DRIVE	DH1:
SMALL_CREATE_40_US	28545
LOOKUP_400_US	59585
SMALL_READ_40_US	17648
LIST_EXNEXT_400_US	28224
LIST_EXALL_400_US	7744
SEQ_WRITE_8M_US	28609
SEQ_READ_8M_US	271485
SMALL_DELETE_40_US	13951
APPEND_4K_1M_US	52673
APPEND_1K_256K_US	49856
APPEND_READ_1280K_US	47488
LIST_EXNEXT_40_ENTRIES_FIRST_PASS_US	4608
LIST_EXNEXT_40_ENTRIES_REPEAT10_TOTAL_US	29503
LIST_EXALL_40_ENTRIES_FIRST_PASS_US	1792
LIST_EXALL_40_ENTRIES_REPEAT10_TOTAL_US	8703
LIST_EXNEXT_400_ENTRIES_FIRST_PASS_US	36735
LIST_EXNEXT_400_ENTRIES_REPEAT10_TOTAL_US	300351
LIST_EXALL_400_ENTRIES_FIRST_PASS_US	16704
LIST_EXALL_400_ENTRIES_REPEAT10_TOTAL_US	80193
LIST_EXNEXT_1000_ENTRIES_FIRST_PASS_US	94014
LIST_EXNEXT_1000_ENTRIES_REPEAT10_TOTAL_US	750331
LIST_EXALL_1000_ENTRIES_FIRST_PASS_US	38272
LIST_EXALL_1000_ENTRIES_REPEAT10_TOTAL_US	208191
PASS	1

=== PFS3 Results ===
FS_COMPARE_BENCH	4
DRIVE	DH2:
SMALL_CREATE_40_US	16448
LOOKUP_400_US	66816
SMALL_READ_40_US	23551
LIST_EXNEXT_400_US	23616
LIST_EXALL_400_US	5502
SEQ_WRITE_8M_US	60353
SEQ_READ_8M_US	324158
SMALL_DELETE_40_US	7872
APPEND_4K_1M_US	34303
APPEND_1K_256K_US	33095
APPEND_READ_1280K_US	50624
LIST_EXNEXT_40_ENTRIES_FIRST_PASS_US	1663
LIST_EXNEXT_40_ENTRIES_REPEAT10_TOTAL_US	12095
LIST_EXALL_40_ENTRIES_FIRST_PASS_US	385
LIST_EXALL_40_ENTRIES_REPEAT10_TOTAL_US	2817
LIST_EXNEXT_400_ENTRIES_FIRST_PASS_US	12543
LIST_EXNEXT_400_ENTRIES_REPEAT10_TOTAL_US	113408
LIST_EXALL_400_ENTRIES_FIRST_PASS_US	2753
LIST_EXALL_400_ENTRIES_REPEAT10_TOTAL_US	20479
LIST_EXNEXT_1000_ENTRIES_FIRST_PASS_US	32063
LIST_EXNEXT_1000_ENTRIES_REPEAT10_TOTAL_US	307583
LIST_EXALL_1000_ENTRIES_FIRST_PASS_US	6400
LIST_EXALL_1000_ENTRIES_REPEAT10_TOTAL_US	50880
PASS	1
PASS: requested mounted-volume workload outputs are complete and data-checked
