=== BFS vs PFS3 Benchmark (FS-UAE 68040) ===
Evidence directory: /home/fabian/.cache/bfs-performance/append-attr-2026-10-10.XtdDJw/results/append-prod-6-pfs3-first-cand
Mode: compare
Timeout: 600s


=== Machine Info ===
# Machine Info
Kickstart 47.102, Workbench 47.2
System: 68040 68040/060-FPU   (INST: Cache Burst) (DATA: NoCache NoBurst)
Type  Available    In-Use   Maximum   Largest
chip    2028040     52728   2080768   2027968
fast    7531240    857368   8388608   7526176
total   9559280    910096  10469376   7526176


Mounted disks:
Unit      Size       Used       Free Full Errs   Status   Name
DF0       No disk present
DH0      4095M    4194304    4194303  50%   0  Read/Write System
DH1       255M         36      65372   0%   0  Read/Write BFSTest
DH2       Not a DOS disk

Volumes available:
BFSTest [Mounted]
System [Mounted]

=== BFS Results ===
FS_COMPARE_BENCH	4
DRIVE	DH1:
SMALL_CREATE_40_US	51647
LOOKUP_400_US	60288
SMALL_READ_40_US	18240
LIST_EXNEXT_400_US	37823
LIST_EXALL_400_US	14080
SEQ_WRITE_8M_US	122751
SEQ_READ_8M_US	266750
SMALL_DELETE_40_US	13696
APPEND_4K_1M_US	52160
APPEND_1K_256K_US	42303
APPEND_READ_1280K_US	46785
LIST_EXNEXT_40_ENTRIES_FIRST_PASS_US	4225
LIST_EXNEXT_40_ENTRIES_REPEAT10_TOTAL_US	21695
LIST_EXALL_40_ENTRIES_FIRST_PASS_US	1793
LIST_EXALL_40_ENTRIES_REPEAT10_TOTAL_US	8448
LIST_EXNEXT_400_ENTRIES_FIRST_PASS_US	29568
LIST_EXNEXT_400_ENTRIES_REPEAT10_TOTAL_US	217664
LIST_EXALL_400_ENTRIES_FIRST_PASS_US	16128
LIST_EXALL_400_ENTRIES_REPEAT10_TOTAL_US	77760
LIST_EXNEXT_1000_ENTRIES_FIRST_PASS_US	75456
LIST_EXNEXT_1000_ENTRIES_REPEAT10_TOTAL_US	543932
LIST_EXALL_1000_ENTRIES_FIRST_PASS_US	39680
LIST_EXALL_1000_ENTRIES_REPEAT10_TOTAL_US	200832
PASS	1

=== PFS3 Results ===
FS_COMPARE_BENCH	4
DRIVE	DH2:
SMALL_CREATE_40_US	17600
LOOKUP_400_US	77505
SMALL_READ_40_US	13828
LIST_EXNEXT_400_US	12033
LIST_EXALL_400_US	2497
SEQ_WRITE_8M_US	40381
SEQ_READ_8M_US	259327
SMALL_DELETE_40_US	7809
APPEND_4K_1M_US	32878
APPEND_1K_256K_US	23743
APPEND_READ_1280K_US	43904
LIST_EXNEXT_40_ENTRIES_FIRST_PASS_US	2816
LIST_EXNEXT_40_ENTRIES_REPEAT10_TOTAL_US	13375
LIST_EXALL_40_ENTRIES_FIRST_PASS_US	575
LIST_EXALL_40_ENTRIES_REPEAT10_TOTAL_US	2497
LIST_EXNEXT_400_ENTRIES_FIRST_PASS_US	33471
LIST_EXNEXT_400_ENTRIES_REPEAT10_TOTAL_US	157440
LIST_EXALL_400_ENTRIES_FIRST_PASS_US	3200
LIST_EXALL_400_ENTRIES_REPEAT10_TOTAL_US	40063
LIST_EXNEXT_1000_ENTRIES_FIRST_PASS_US	53825
LIST_EXNEXT_1000_ENTRIES_REPEAT10_TOTAL_US	345151
LIST_EXALL_1000_ENTRIES_FIRST_PASS_US	8960
LIST_EXALL_1000_ENTRIES_REPEAT10_TOTAL_US	92413
PASS	1
PASS: requested mounted-volume workload outputs are complete and data-checked
