=== BFS vs PFS3 Benchmark (FS-UAE 68040) ===
Evidence directory: /home/fabian/.cache/bfs-performance/append-attr-2026-10-10.XtdDJw/results/append-prod-2-pfs3-first-mid
Mode: compare
Timeout: 600s


=== Machine Info ===
# Machine Info
Kickstart 47.102, Workbench 47.2
System: 68040 68040/060-FPU   (INST: Cache Burst) (DATA: NoCache NoBurst)
Type  Available    In-Use   Maximum   Largest
chip    2028040     52728   2080768   2027968
fast    7532072    856536   8388608   7526984
total   9560112    909264  10469376   7526984


Mounted disks:
Unit      Size       Used       Free Full Errs   Status   Name
DF0       No disk present
DH0      4095M    4194304    4194303  50%   0  Read/Write System
DH1       255M         36      65372   0%   0  Read/Write BFSTest
DH2       Not a DOS disk

Volumes available:
BFSTest [Mounted]
System [Mounted]

=== BFS Results ===
FS_COMPARE_BENCH	4
DRIVE	DH1:
SMALL_CREATE_40_US	33023
LOOKUP_400_US	59328
SMALL_READ_40_US	22592
LIST_EXNEXT_400_US	46015
LIST_EXALL_400_US	8575
SEQ_WRITE_8M_US	39230
SEQ_READ_8M_US	262015
SMALL_DELETE_40_US	13759
APPEND_4K_1M_US	52608
APPEND_1K_256K_US	43328
APPEND_READ_1280K_US	45311
LIST_EXNEXT_40_ENTRIES_FIRST_PASS_US	4480
LIST_EXNEXT_40_ENTRIES_REPEAT10_TOTAL_US	28608
LIST_EXALL_40_ENTRIES_FIRST_PASS_US	1920
LIST_EXALL_40_ENTRIES_REPEAT10_TOTAL_US	8640
LIST_EXNEXT_400_ENTRIES_FIRST_PASS_US	39999
LIST_EXNEXT_400_ENTRIES_REPEAT10_TOTAL_US	286783
LIST_EXALL_400_ENTRIES_FIRST_PASS_US	21759
LIST_EXALL_400_ENTRIES_REPEAT10_TOTAL_US	81344
LIST_EXNEXT_1000_ENTRIES_FIRST_PASS_US	91136
LIST_EXNEXT_1000_ENTRIES_REPEAT10_TOTAL_US	715708
LIST_EXALL_1000_ENTRIES_FIRST_PASS_US	39423
LIST_EXALL_1000_ENTRIES_REPEAT10_TOTAL_US	195776
PASS	1

=== PFS3 Results ===
FS_COMPARE_BENCH	4
DRIVE	DH2:
SMALL_CREATE_40_US	17087
LOOKUP_400_US	66367
SMALL_READ_40_US	14720
LIST_EXNEXT_400_US	12160
LIST_EXALL_400_US	2496
SEQ_WRITE_8M_US	40257
SEQ_READ_8M_US	259070
SMALL_DELETE_40_US	7808
APPEND_4K_1M_US	31937
APPEND_1K_256K_US	23040
APPEND_READ_1280K_US	40961
LIST_EXNEXT_40_ENTRIES_FIRST_PASS_US	2086
LIST_EXNEXT_40_ENTRIES_REPEAT10_TOTAL_US	12160
LIST_EXALL_40_ENTRIES_FIRST_PASS_US	640
LIST_EXALL_40_ENTRIES_REPEAT10_TOTAL_US	2496
LIST_EXNEXT_400_ENTRIES_FIRST_PASS_US	12417
LIST_EXNEXT_400_ENTRIES_REPEAT10_TOTAL_US	111361
LIST_EXALL_400_ENTRIES_FIRST_PASS_US	2689
LIST_EXALL_400_ENTRIES_REPEAT10_TOTAL_US	21120
LIST_EXNEXT_1000_ENTRIES_FIRST_PASS_US	32768
LIST_EXNEXT_1000_ENTRIES_REPEAT10_TOTAL_US	280319
LIST_EXALL_1000_ENTRIES_FIRST_PASS_US	6720
LIST_EXALL_1000_ENTRIES_REPEAT10_TOTAL_US	50111
PASS	1
PASS: requested mounted-volume workload outputs are complete and data-checked
