=== BFS vs PFS3 Benchmark (FS-UAE 68040) ===
Evidence directory: /home/fabian/.cache/bfs-performance/goal-root-2026-10-09.iikmxS/results/goal-root-normal-candidate-2-pfs3-first
Mode: compare
Timeout: 600s


=== Machine Info ===
# Machine Info
Kickstart 47.102, Workbench 47.2
System: 68040 68040/060-FPU   (INST: Cache Burst) (DATA: NoCache NoBurst)
Type  Available    In-Use   Maximum   Largest
chip    2028040     52728   2080768   2027968
fast    7686432    702176   8388608   7681368
total   9714472    754904  10469376   7681368


Mounted disks:
Unit      Size       Used       Free Full Errs   Status   Name
DF0       No disk present
DH0      4095M    4194304    4194303  50%   0  Read/Write System
DH1       255M         36      65372   0%   0  Read/Write BFSTest
DH2       Not a DOS disk

Volumes available:
BFSTest [Mounted]
System [Mounted]

=== BFS Results ===
FS_COMPARE_BENCH	4
DRIVE	DH1:
SMALL_CREATE_40_US	29056
LOOKUP_400_US	75328
SMALL_READ_40_US	19648
LIST_EXNEXT_400_US	30847
LIST_EXALL_400_US	9024
SEQ_WRITE_8M_US	36480
SEQ_READ_8M_US	272446
SMALL_DELETE_40_US	17791
APPEND_4K_1M_US	84416
APPEND_1K_256K_US	68589
APPEND_READ_1280K_US	45566
LIST_EXNEXT_40_ENTRIES_FIRST_PASS_US	5568
LIST_EXNEXT_40_ENTRIES_REPEAT10_TOTAL_US	31552
LIST_EXALL_40_ENTRIES_FIRST_PASS_US	3200
LIST_EXALL_40_ENTRIES_REPEAT10_TOTAL_US	9344
LIST_EXNEXT_400_ENTRIES_FIRST_PASS_US	50879
LIST_EXNEXT_400_ENTRIES_REPEAT10_TOTAL_US	509885
LIST_EXALL_400_ENTRIES_FIRST_PASS_US	30529
LIST_EXALL_400_ENTRIES_REPEAT10_TOTAL_US	290813
LIST_EXNEXT_1000_ENTRIES_FIRST_PASS_US	130879
LIST_EXNEXT_1000_ENTRIES_REPEAT10_TOTAL_US	1439737
LIST_EXALL_1000_ENTRIES_FIRST_PASS_US	78336
LIST_EXALL_1000_ENTRIES_REPEAT10_TOTAL_US	757501
PASS	1

=== PFS3 Results ===
FS_COMPARE_BENCH	4
DRIVE	DH2:
SMALL_CREATE_40_US	16256
LOOKUP_400_US	66751
SMALL_READ_40_US	13952
LIST_EXNEXT_400_US	11904
LIST_EXALL_400_US	2944
SEQ_WRITE_8M_US	40639
SEQ_READ_8M_US	273087
SMALL_DELETE_40_US	8129
APPEND_4K_1M_US	32063
APPEND_1K_256K_US	22527
APPEND_READ_1280K_US	41152
LIST_EXNEXT_40_ENTRIES_FIRST_PASS_US	1665
LIST_EXNEXT_40_ENTRIES_REPEAT10_TOTAL_US	12225
LIST_EXALL_40_ENTRIES_FIRST_PASS_US	513
LIST_EXALL_40_ENTRIES_REPEAT10_TOTAL_US	2495
LIST_EXNEXT_400_ENTRIES_FIRST_PASS_US	12799
LIST_EXNEXT_400_ENTRIES_REPEAT10_TOTAL_US	112576
LIST_EXALL_400_ENTRIES_FIRST_PASS_US	2815
LIST_EXALL_400_ENTRIES_REPEAT10_TOTAL_US	20541
LIST_EXNEXT_1000_ENTRIES_FIRST_PASS_US	31296
LIST_EXNEXT_1000_ENTRIES_REPEAT10_TOTAL_US	291007
LIST_EXALL_1000_ENTRIES_FIRST_PASS_US	6335
LIST_EXALL_1000_ENTRIES_REPEAT10_TOTAL_US	50303
PASS	1
PASS: requested mounted-volume workload outputs are complete and data-checked
