=== BFS vs PFS3 Benchmark (FS-UAE 68040) ===
Evidence directory: /home/fabian/.cache/bfs-performance/splitbatch-2026-10-10.USYRpP/results/splitbatch-5-bfs-first-cand
Mode: compare
Timeout: 600s


=== Machine Info ===
# Machine Info
Kickstart 47.102, Workbench 47.2
System: 68040 68040/060-FPU   (INST: Cache Burst) (DATA: NoCache NoBurst)
Type  Available    In-Use   Maximum   Largest
chip    2028040     52728   2080768   2027968
fast    7530480    858128   8388608   7525408
total   9558520    910856  10469376   7525408


Mounted disks:
Unit      Size       Used       Free Full Errs   Status   Name
DF0       No disk present
DH0      4095M    4194304    4194303  50%   0  Read/Write System
DH1       255M         36      65372   0%   0  Read/Write BFSTest
DH2       Not a DOS disk

Volumes available:
BFSTest [Mounted]
System [Mounted]

=== BFS Results ===
FS_COMPARE_BENCH	4
DRIVE	DH1:
SMALL_CREATE_40_US	27777
LOOKUP_400_US	69503
SMALL_READ_40_US	18751
LIST_EXNEXT_400_US	19008
LIST_EXALL_400_US	7743
SEQ_WRITE_8M_US	36095
SEQ_READ_8M_US	268030
SMALL_DELETE_40_US	14080
APPEND_4K_1M_US	52673
APPEND_1K_256K_US	42751
APPEND_READ_1280K_US	44480
LIST_EXNEXT_40_ENTRIES_FIRST_PASS_US	2878
LIST_EXNEXT_40_ENTRIES_REPEAT10_TOTAL_US	27648
LIST_EXALL_40_ENTRIES_FIRST_PASS_US	4160
LIST_EXALL_40_ENTRIES_REPEAT10_TOTAL_US	9663
LIST_EXNEXT_400_ENTRIES_FIRST_PASS_US	26112
LIST_EXNEXT_400_ENTRIES_REPEAT10_TOTAL_US	314813
LIST_EXALL_400_ENTRIES_FIRST_PASS_US	16064
LIST_EXALL_400_ENTRIES_REPEAT10_TOTAL_US	81453
LIST_EXNEXT_1000_ENTRIES_FIRST_PASS_US	59392
LIST_EXNEXT_1000_ENTRIES_REPEAT10_TOTAL_US	447998
LIST_EXALL_1000_ENTRIES_FIRST_PASS_US	36928
LIST_EXALL_1000_ENTRIES_REPEAT10_TOTAL_US	203325
PASS	1

=== PFS3 Results ===
FS_COMPARE_BENCH	4
DRIVE	DH2:
SMALL_CREATE_40_US	16511
LOOKUP_400_US	66047
SMALL_READ_40_US	13760
LIST_EXNEXT_400_US	12032
LIST_EXALL_400_US	2945
SEQ_WRITE_8M_US	39743
SEQ_READ_8M_US	267007
SMALL_DELETE_40_US	10111
APPEND_4K_1M_US	33728
APPEND_1K_256K_US	23680
APPEND_READ_1280K_US	41600
LIST_EXNEXT_40_ENTRIES_FIRST_PASS_US	1536
LIST_EXNEXT_40_ENTRIES_REPEAT10_TOTAL_US	24449
LIST_EXALL_40_ENTRIES_FIRST_PASS_US	960
LIST_EXALL_40_ENTRIES_REPEAT10_TOTAL_US	4671
LIST_EXNEXT_400_ENTRIES_FIRST_PASS_US	20417
LIST_EXNEXT_400_ENTRIES_REPEAT10_TOTAL_US	173694
LIST_EXALL_400_ENTRIES_FIRST_PASS_US	4160
LIST_EXALL_400_ENTRIES_REPEAT10_TOTAL_US	20460
LIST_EXNEXT_1000_ENTRIES_FIRST_PASS_US	30656
LIST_EXNEXT_1000_ENTRIES_REPEAT10_TOTAL_US	286974
LIST_EXALL_1000_ENTRIES_FIRST_PASS_US	6335
LIST_EXALL_1000_ENTRIES_REPEAT10_TOTAL_US	50432
PASS	1
PASS: requested mounted-volume workload outputs are complete and data-checked
