=== BFS vs PFS3 Benchmark (FS-UAE 68040) ===
Evidence directory: /home/fabian/.cache/bfs-performance/prodcodegen-pilot-2026-10-10.rjXGlO/results/prodcodegen-5-bfs-first-release040
Mode: compare
Timeout: 600s


=== Machine Info ===
# Machine Info
Kickstart 47.102, Workbench 47.2
System: 68040 68040/060-FPU   (INST: Cache Burst) (DATA: NoCache NoBurst)
Type  Available    In-Use   Maximum   Largest
chip    2028040     52728   2080768   2027968
fast    7563224    825384   8388608   7558128
total   9591264    878112  10469376   7558128


Mounted disks:
Unit      Size       Used       Free Full Errs   Status   Name
DF0       No disk present
DH0      4095M    4194304    4194303  50%   0  Read/Write System
DH1       255M         36      65372   0%   0  Read/Write BFSTest
DH2       Not a DOS disk

Volumes available:
BFSTest [Mounted]
System [Mounted]

=== BFS Results ===
FS_COMPARE_BENCH	4
DRIVE	DH1:
SMALL_CREATE_40_US	37183
LOOKUP_400_US	86143
SMALL_READ_40_US	24897
LIST_EXNEXT_400_US	46655
LIST_EXALL_400_US	9151
SEQ_WRITE_8M_US	41983
SEQ_READ_8M_US	276415
SMALL_DELETE_40_US	17088
APPEND_4K_1M_US	77503
APPEND_1K_256K_US	98687
APPEND_READ_1280K_US	46593
LIST_EXNEXT_40_ENTRIES_FIRST_PASS_US	6721
LIST_EXNEXT_40_ENTRIES_REPEAT10_TOTAL_US	34048
LIST_EXALL_40_ENTRIES_FIRST_PASS_US	2176
LIST_EXALL_40_ENTRIES_REPEAT10_TOTAL_US	9855
LIST_EXNEXT_400_ENTRIES_FIRST_PASS_US	45376
LIST_EXNEXT_400_ENTRIES_REPEAT10_TOTAL_US	425726
LIST_EXALL_400_ENTRIES_FIRST_PASS_US	18432
LIST_EXALL_400_ENTRIES_REPEAT10_TOTAL_US	101757
LIST_EXNEXT_1000_ENTRIES_FIRST_PASS_US	117119
LIST_EXNEXT_1000_ENTRIES_REPEAT10_TOTAL_US	947643
LIST_EXALL_1000_ENTRIES_FIRST_PASS_US	46848
LIST_EXALL_1000_ENTRIES_REPEAT10_TOTAL_US	224767
PASS	1

=== PFS3 Results ===
FS_COMPARE_BENCH	4
DRIVE	DH2:
SMALL_CREATE_40_US	17152
LOOKUP_400_US	65598
SMALL_READ_40_US	14463
LIST_EXNEXT_400_US	11968
LIST_EXALL_400_US	2433
SEQ_WRITE_8M_US	53566
SEQ_READ_8M_US	294527
SMALL_DELETE_40_US	7680
APPEND_4K_1M_US	33856
APPEND_1K_256K_US	23424
APPEND_READ_1280K_US	40940
LIST_EXNEXT_40_ENTRIES_FIRST_PASS_US	1601
LIST_EXNEXT_40_ENTRIES_REPEAT10_TOTAL_US	11968
LIST_EXALL_40_ENTRIES_FIRST_PASS_US	577
LIST_EXALL_40_ENTRIES_REPEAT10_TOTAL_US	2495
LIST_EXNEXT_400_ENTRIES_FIRST_PASS_US	12608
LIST_EXNEXT_400_ENTRIES_REPEAT10_TOTAL_US	111166
LIST_EXALL_400_ENTRIES_FIRST_PASS_US	3071
LIST_EXALL_400_ENTRIES_REPEAT10_TOTAL_US	20160
LIST_EXNEXT_1000_ENTRIES_FIRST_PASS_US	29952
LIST_EXNEXT_1000_ENTRIES_REPEAT10_TOTAL_US	289853
LIST_EXALL_1000_ENTRIES_FIRST_PASS_US	6527
LIST_EXALL_1000_ENTRIES_REPEAT10_TOTAL_US	49537
PASS	1
PASS: requested mounted-volume workload outputs are complete and data-checked
