8bed35de45ebfe81fbac52cec55b99992ce0fa5f3e1ea9c9a89ae68e94b1a2ba  single-block-absence-probe-bfs-first/system/L/bfshandler
5126e8640256e19bc2f5661d8b735f7961c4882edf3d8046b26bd2badfc86277  single-block-absence-probe-bfs-first/system/C/fs-compare-bench
bc72facfdddf32e312ed3ea136849da195f2a2300f179e69599b853fe8974df7  single-block-absence-probe-bfs-first/system/L/pfs3aio
d86961594ddcec3a7f814b6e74d9553570fc3933661f47c7e0441cb6d4e02923  single-block-absence-probe-bfs-first/bench-bfs.hdf
e9e8cd82edfb4488d887f303d19912f0ddfa1760eb9230ab10f493d431c1948b  single-block-absence-probe-bfs-first/bench-pfs3.hdf
8bed35de45ebfe81fbac52cec55b99992ce0fa5f3e1ea9c9a89ae68e94b1a2ba  single-block-absence-probe-pfs3-first/system/L/bfshandler
5126e8640256e19bc2f5661d8b735f7961c4882edf3d8046b26bd2badfc86277  single-block-absence-probe-pfs3-first/system/C/fs-compare-bench
bc72facfdddf32e312ed3ea136849da195f2a2300f179e69599b853fe8974df7  single-block-absence-probe-pfs3-first/system/L/pfs3aio
d86961594ddcec3a7f814b6e74d9553570fc3933661f47c7e0441cb6d4e02923  single-block-absence-probe-pfs3-first/bench-bfs.hdf
e9e8cd82edfb4488d887f303d19912f0ddfa1760eb9230ab10f493d431c1948b  single-block-absence-probe-pfs3-first/bench-pfs3.hdf
572c469e5914c8d7ee71a8e09fe53a5cdbf4b9775931506a49881ad3866a71e3  single-block-absence-normal-baseline-bfs-first/system/L/bfshandler
1fccf207c96144f81c64a8a5dd2e350b7f32787402eedad6c102b34ad0a6ec80  single-block-absence-normal-baseline-bfs-first/system/C/fs-compare-bench
bc72facfdddf32e312ed3ea136849da195f2a2300f179e69599b853fe8974df7  single-block-absence-normal-baseline-bfs-first/system/L/pfs3aio
cfd7f279ac6bd31b539f9084c640ed9186c24a2882057e7f9e8ee27bbaedadd2  single-block-absence-normal-baseline-bfs-first/bench-bfs.hdf
e9e8cd82edfb4488d887f303d19912f0ddfa1760eb9230ab10f493d431c1948b  single-block-absence-normal-baseline-bfs-first/bench-pfs3.hdf
7ec433160c6aa37c3ebbb5345097ef549638bde634dd8a3aa34e1b898a4a7d19  single-block-absence-normal-candidate-pfs3-first/system/L/bfshandler
1fccf207c96144f81c64a8a5dd2e350b7f32787402eedad6c102b34ad0a6ec80  single-block-absence-normal-candidate-pfs3-first/system/C/fs-compare-bench
bc72facfdddf32e312ed3ea136849da195f2a2300f179e69599b853fe8974df7  single-block-absence-normal-candidate-pfs3-first/system/L/pfs3aio
f336b443bd4b28355828bf5fe2dfad186ee04c3ade1d7765fcdd64873be0b411  single-block-absence-normal-candidate-pfs3-first/bench-bfs.hdf
e9e8cd82edfb4488d887f303d19912f0ddfa1760eb9230ab10f493d431c1948b  single-block-absence-normal-candidate-pfs3-first/bench-pfs3.hdf
572c469e5914c8d7ee71a8e09fe53a5cdbf4b9775931506a49881ad3866a71e3  single-block-absence-normal-baseline-pfs3-first/system/L/bfshandler
1fccf207c96144f81c64a8a5dd2e350b7f32787402eedad6c102b34ad0a6ec80  single-block-absence-normal-baseline-pfs3-first/system/C/fs-compare-bench
bc72facfdddf32e312ed3ea136849da195f2a2300f179e69599b853fe8974df7  single-block-absence-normal-baseline-pfs3-first/system/L/pfs3aio
cfd7f279ac6bd31b539f9084c640ed9186c24a2882057e7f9e8ee27bbaedadd2  single-block-absence-normal-baseline-pfs3-first/bench-bfs.hdf
e9e8cd82edfb4488d887f303d19912f0ddfa1760eb9230ab10f493d431c1948b  single-block-absence-normal-baseline-pfs3-first/bench-pfs3.hdf
7ec433160c6aa37c3ebbb5345097ef549638bde634dd8a3aa34e1b898a4a7d19  single-block-absence-normal-candidate-bfs-first/system/L/bfshandler
1fccf207c96144f81c64a8a5dd2e350b7f32787402eedad6c102b34ad0a6ec80  single-block-absence-normal-candidate-bfs-first/system/C/fs-compare-bench
bc72facfdddf32e312ed3ea136849da195f2a2300f179e69599b853fe8974df7  single-block-absence-normal-candidate-bfs-first/system/L/pfs3aio
f336b443bd4b28355828bf5fe2dfad186ee04c3ade1d7765fcdd64873be0b411  single-block-absence-normal-candidate-bfs-first/bench-bfs.hdf
e9e8cd82edfb4488d887f303d19912f0ddfa1760eb9230ab10f493d431c1948b  single-block-absence-normal-candidate-bfs-first/bench-pfs3.hdf
7ec433160c6aa37c3ebbb5345097ef549638bde634dd8a3aa34e1b898a4a7d19  single-block-absence-normal-repeat-candidate-bfs-first/system/L/bfshandler
1fccf207c96144f81c64a8a5dd2e350b7f32787402eedad6c102b34ad0a6ec80  single-block-absence-normal-repeat-candidate-bfs-first/system/C/fs-compare-bench
bc72facfdddf32e312ed3ea136849da195f2a2300f179e69599b853fe8974df7  single-block-absence-normal-repeat-candidate-bfs-first/system/L/pfs3aio
f336b443bd4b28355828bf5fe2dfad186ee04c3ade1d7765fcdd64873be0b411  single-block-absence-normal-repeat-candidate-bfs-first/bench-bfs.hdf
e9e8cd82edfb4488d887f303d19912f0ddfa1760eb9230ab10f493d431c1948b  single-block-absence-normal-repeat-candidate-bfs-first/bench-pfs3.hdf
572c469e5914c8d7ee71a8e09fe53a5cdbf4b9775931506a49881ad3866a71e3  single-block-absence-normal-repeat-baseline-pfs3-first/system/L/bfshandler
1fccf207c96144f81c64a8a5dd2e350b7f32787402eedad6c102b34ad0a6ec80  single-block-absence-normal-repeat-baseline-pfs3-first/system/C/fs-compare-bench
bc72facfdddf32e312ed3ea136849da195f2a2300f179e69599b853fe8974df7  single-block-absence-normal-repeat-baseline-pfs3-first/system/L/pfs3aio
cfd7f279ac6bd31b539f9084c640ed9186c24a2882057e7f9e8ee27bbaedadd2  single-block-absence-normal-repeat-baseline-pfs3-first/bench-bfs.hdf
e9e8cd82edfb4488d887f303d19912f0ddfa1760eb9230ab10f493d431c1948b  single-block-absence-normal-repeat-baseline-pfs3-first/bench-pfs3.hdf
7ec433160c6aa37c3ebbb5345097ef549638bde634dd8a3aa34e1b898a4a7d19  single-block-absence-normal-repeat-candidate-pfs3-first/system/L/bfshandler
1fccf207c96144f81c64a8a5dd2e350b7f32787402eedad6c102b34ad0a6ec80  single-block-absence-normal-repeat-candidate-pfs3-first/system/C/fs-compare-bench
bc72facfdddf32e312ed3ea136849da195f2a2300f179e69599b853fe8974df7  single-block-absence-normal-repeat-candidate-pfs3-first/system/L/pfs3aio
f336b443bd4b28355828bf5fe2dfad186ee04c3ade1d7765fcdd64873be0b411  single-block-absence-normal-repeat-candidate-pfs3-first/bench-bfs.hdf
e9e8cd82edfb4488d887f303d19912f0ddfa1760eb9230ab10f493d431c1948b  single-block-absence-normal-repeat-candidate-pfs3-first/bench-pfs3.hdf
572c469e5914c8d7ee71a8e09fe53a5cdbf4b9775931506a49881ad3866a71e3  single-block-absence-normal-repeat-baseline-bfs-first/system/L/bfshandler
1fccf207c96144f81c64a8a5dd2e350b7f32787402eedad6c102b34ad0a6ec80  single-block-absence-normal-repeat-baseline-bfs-first/system/C/fs-compare-bench
bc72facfdddf32e312ed3ea136849da195f2a2300f179e69599b853fe8974df7  single-block-absence-normal-repeat-baseline-bfs-first/system/L/pfs3aio
cfd7f279ac6bd31b539f9084c640ed9186c24a2882057e7f9e8ee27bbaedadd2  single-block-absence-normal-repeat-baseline-bfs-first/bench-bfs.hdf
e9e8cd82edfb4488d887f303d19912f0ddfa1760eb9230ab10f493d431c1948b  single-block-absence-normal-repeat-baseline-bfs-first/bench-pfs3.hdf
68f9d3a36c2866d054f41c29b600618642a4807dfb6bca7354d4879a36c9aa7c  /home/fabian/Amiga/kick.a1200.47.102.rom
3.2.35
Linux cachy 7.1.3-2-cachyos #1 SMP PREEMPT_DYNAMIC Wed, 08 Jul 2026 18:34:01 +0000 x86_64 GNU/Linux
Filesystem      Size  Used Avail Use% Mounted on
tmpfs            12G  8.6G  3.3G  73% /tmp
/dev/vda2       996G  314G  682G  32% /home
All ten fresh image inputs and idle preflight verified
