=== BFS vs PFS3 Benchmark (FS-UAE 68040) ===
Evidence directory: /home/fabian/.cache/bfs-performance/metadata-2026-10-08.QvzB5w/build/benchmark/metadata-v4-pilot-20261008-m2-1-bfs-first
Mode: compare
Timeout: 600s


=== Machine Info ===
# Machine Info
Kickstart 47.102, Workbench 47.2
System: 68040 68040/060-FPU   (INST: Cache Burst) (DATA: NoCache NoBurst)
Type  Available    In-Use   Maximum   Largest
chip    2028040     52728   2080768   2027968
fast    7690976    697632   8388608   7685936
total   9719016    750360  10469376   7685936


Mounted disks:
Unit      Size       Used       Free Full Errs   Status   Name
DF0       No disk present
DH0      4095M    4194304    4194303  50%   0  Read/Write System
DH1       255M         36      65372   0%   0  Read/Write BFSTest
DH2       Not a DOS disk

Volumes available:
BFSTest [Mounted]
System [Mounted]

=== BFS Results ===
FS_COMPARE_BENCH	4
DRIVE	DH1:
SMALL_CREATE_40_US	31680
LOOKUP_400_US	88448
SMALL_READ_40_US	18752
LIST_EXNEXT_400_US	31936
LIST_EXALL_400_US	8447
SEQ_WRITE_8M_US	39745
SEQ_READ_8M_US	335742
SMALL_DELETE_40_US	18432
APPEND_4K_1M_US	82369
APPEND_1K_256K_US	58943
APPEND_READ_1280K_US	46081
LIST_EXNEXT_40_ENTRIES_FIRST_PASS_US	6529
LIST_EXNEXT_40_ENTRIES_REPEAT10_TOTAL_US	33024
LIST_EXALL_40_ENTRIES_FIRST_PASS_US	4032
LIST_EXALL_40_ENTRIES_REPEAT10_TOTAL_US	8960
LIST_EXNEXT_400_ENTRIES_FIRST_PASS_US	88511
LIST_EXNEXT_400_ENTRIES_REPEAT10_TOTAL_US	687867
LIST_EXALL_400_ENTRIES_FIRST_PASS_US	70656
LIST_EXALL_400_ENTRIES_REPEAT10_TOTAL_US	452860
LIST_EXNEXT_1000_ENTRIES_FIRST_PASS_US	165054
LIST_EXNEXT_1000_ENTRIES_REPEAT10_TOTAL_US	1674551
LIST_EXALL_1000_ENTRIES_FIRST_PASS_US	103680
LIST_EXALL_1000_ENTRIES_REPEAT10_TOTAL_US	1106874
PASS	1

=== PFS3 Results ===
FS_COMPARE_BENCH	4
DRIVE	DH2:
SMALL_CREATE_40_US	16897
LOOKUP_400_US	71551
SMALL_READ_40_US	14017
LIST_EXNEXT_400_US	12031
LIST_EXALL_400_US	2496
SEQ_WRITE_8M_US	41472
SEQ_READ_8M_US	283582
SMALL_DELETE_40_US	8000
APPEND_4K_1M_US	32896
APPEND_1K_256K_US	23359
APPEND_READ_1280K_US	41408
LIST_EXNEXT_40_ENTRIES_FIRST_PASS_US	1664
LIST_EXNEXT_40_ENTRIES_REPEAT10_TOTAL_US	12415
LIST_EXALL_40_ENTRIES_FIRST_PASS_US	575
LIST_EXALL_40_ENTRIES_REPEAT10_TOTAL_US	2495
LIST_EXNEXT_400_ENTRIES_FIRST_PASS_US	13248
LIST_EXNEXT_400_ENTRIES_REPEAT10_TOTAL_US	115263
LIST_EXALL_400_ENTRIES_FIRST_PASS_US	2816
LIST_EXALL_400_ENTRIES_REPEAT10_TOTAL_US	20928
LIST_EXNEXT_1000_ENTRIES_FIRST_PASS_US	32255
LIST_EXNEXT_1000_ENTRIES_REPEAT10_TOTAL_US	312573
LIST_EXALL_1000_ENTRIES_FIRST_PASS_US	6272
LIST_EXALL_1000_ENTRIES_REPEAT10_TOTAL_US	50880
PASS	1
PASS: requested mounted-volume workload outputs are complete and data-checked
