=== BFS vs PFS3 Benchmark (FS-UAE 68040) ===
Evidence directory: /home/fabian/.cache/bfs-performance/sparse-crc-2026-10-09.xN615F/candidate/build/benchmark/sparse-confirmation-20261009/confirm-normal-sparse-3-bfs-first
Mode: compare
Timeout: 600s


=== Machine Info ===
# Machine Info
Kickstart 47.102, Workbench 47.2
System: 68040 68040/060-FPU   (INST: Cache Burst) (DATA: NoCache NoBurst)
Type  Available    In-Use   Maximum   Largest
chip    2028040     52728   2080768   2027968
fast    7686824    701784   8388608   7681768
total   9714864    754512  10469376   7681768


Mounted disks:
Unit      Size       Used       Free Full Errs   Status   Name
DF0       No disk present
DH0      4095M    4194304    4194303  50%   0  Read/Write System
DH1       255M         36      65372   0%   0  Read/Write BFSTest
DH2       Not a DOS disk

Volumes available:
BFSTest [Mounted]
System [Mounted]

=== BFS Results ===
FS_COMPARE_BENCH	4
DRIVE	DH1:
SMALL_CREATE_40_US	32768
LOOKUP_400_US	77056
SMALL_READ_40_US	18943
LIST_EXNEXT_400_US	30977
LIST_EXALL_400_US	11137
SEQ_WRITE_8M_US	58688
SEQ_READ_8M_US	325053
SMALL_DELETE_40_US	17791
APPEND_4K_1M_US	75968
APPEND_1K_256K_US	62846
APPEND_READ_1280K_US	45183
LIST_EXNEXT_40_ENTRIES_FIRST_PASS_US	5633
LIST_EXNEXT_40_ENTRIES_REPEAT10_TOTAL_US	42176
LIST_EXALL_40_ENTRIES_FIRST_PASS_US	5504
LIST_EXALL_40_ENTRIES_REPEAT10_TOTAL_US	22527
LIST_EXNEXT_400_ENTRIES_FIRST_PASS_US	97150
LIST_EXNEXT_400_ENTRIES_REPEAT10_TOTAL_US	617533
LIST_EXALL_400_ENTRIES_FIRST_PASS_US	31614
LIST_EXALL_400_ENTRIES_REPEAT10_TOTAL_US	341438
LIST_EXNEXT_1000_ENTRIES_FIRST_PASS_US	136510
LIST_EXNEXT_1000_ENTRIES_REPEAT10_TOTAL_US	1555192
LIST_EXALL_1000_ENTRIES_FIRST_PASS_US	73854
LIST_EXALL_1000_ENTRIES_REPEAT10_TOTAL_US	792509
PASS	1

=== PFS3 Results ===
FS_COMPARE_BENCH	4
DRIVE	DH2:
SMALL_CREATE_40_US	17151
LOOKUP_400_US	67072
SMALL_READ_40_US	14657
LIST_EXNEXT_400_US	12480
LIST_EXALL_400_US	2497
SEQ_WRITE_8M_US	40831
SEQ_READ_8M_US	272127
SMALL_DELETE_40_US	8065
APPEND_4K_1M_US	54524
APPEND_1K_256K_US	51118
APPEND_READ_1280K_US	52416
LIST_EXNEXT_40_ENTRIES_FIRST_PASS_US	1728
LIST_EXNEXT_40_ENTRIES_REPEAT10_TOTAL_US	13247
LIST_EXALL_40_ENTRIES_FIRST_PASS_US	767
LIST_EXALL_40_ENTRIES_REPEAT10_TOTAL_US	3563
LIST_EXNEXT_400_ENTRIES_FIRST_PASS_US	17600
LIST_EXNEXT_400_ENTRIES_REPEAT10_TOTAL_US	116096
LIST_EXALL_400_ENTRIES_FIRST_PASS_US	2880
LIST_EXALL_400_ENTRIES_REPEAT10_TOTAL_US	20735
LIST_EXNEXT_1000_ENTRIES_FIRST_PASS_US	33471
LIST_EXNEXT_1000_ENTRIES_REPEAT10_TOTAL_US	286782
LIST_EXALL_1000_ENTRIES_FIRST_PASS_US	8088
LIST_EXALL_1000_ENTRIES_REPEAT10_TOTAL_US	50624
PASS	1
PASS: requested mounted-volume workload outputs are complete and data-checked
