=== BFS vs PFS3 Benchmark (FS-UAE 68040) ===
Evidence directory: /home/fabian/.cache/bfs-performance/wbbound-2026-10-10.2MoC3f/results/wbbound-1-bfs-first-reference
Mode: compare
Timeout: 600s


=== Machine Info ===
# Machine Info
Kickstart 47.102, Workbench 47.2
System: 68040 68040/060-FPU   (INST: Cache Burst) (DATA: NoCache NoBurst)
Type  Available    In-Use   Maximum   Largest
chip    2028040     52728   2080768   2027968
fast    7534464    854144   8388608   7529392
total   9562504    906872  10469376   7529392


Mounted disks:
Unit      Size       Used       Free Full Errs   Status   Name
DF0       No disk present
DH0      4095M    4194304    4194303  50%   0  Read/Write System
DH1       255M         36      65372   0%   0  Read/Write BFSTest
DH2       Not a DOS disk

Volumes available:
BFSTest [Mounted]
System [Mounted]

=== BFS Results ===
FS_COMPARE_BENCH	4
DRIVE	DH1:
SMALL_CREATE_40_US	28992
LOOKUP_400_US	59137
SMALL_READ_40_US	18497
LIST_EXNEXT_400_US	29952
LIST_EXALL_400_US	11135
SEQ_WRITE_8M_US	42925
SEQ_READ_8M_US	265791
SMALL_DELETE_40_US	14017
APPEND_4K_1M_US	69568
APPEND_1K_256K_US	59583
APPEND_READ_1280K_US	52863
LIST_EXNEXT_40_ENTRIES_FIRST_PASS_US	4672
LIST_EXNEXT_40_ENTRIES_REPEAT10_TOTAL_US	28480
LIST_EXALL_40_ENTRIES_FIRST_PASS_US	1856
LIST_EXALL_40_ENTRIES_REPEAT10_TOTAL_US	8256
LIST_EXNEXT_400_ENTRIES_FIRST_PASS_US	38593
LIST_EXNEXT_400_ENTRIES_REPEAT10_TOTAL_US	296895
LIST_EXALL_400_ENTRIES_FIRST_PASS_US	16960
LIST_EXALL_400_ENTRIES_REPEAT10_TOTAL_US	76543
LIST_EXNEXT_1000_ENTRIES_FIRST_PASS_US	94463
LIST_EXNEXT_1000_ENTRIES_REPEAT10_TOTAL_US	732858
LIST_EXALL_1000_ENTRIES_FIRST_PASS_US	39808
LIST_EXALL_1000_ENTRIES_REPEAT10_TOTAL_US	198527
PASS	1

=== PFS3 Results ===
FS_COMPARE_BENCH	4
DRIVE	DH2:
SMALL_CREATE_40_US	15680
LOOKUP_400_US	66112
SMALL_READ_40_US	13185
LIST_EXNEXT_400_US	11905
LIST_EXALL_400_US	2496
SEQ_WRITE_8M_US	38911
SEQ_READ_8M_US	276223
SMALL_DELETE_40_US	8063
APPEND_4K_1M_US	34623
APPEND_1K_256K_US	23232
APPEND_READ_1280K_US	39679
LIST_EXNEXT_40_ENTRIES_FIRST_PASS_US	1665
LIST_EXNEXT_40_ENTRIES_REPEAT10_TOTAL_US	12225
LIST_EXALL_40_ENTRIES_FIRST_PASS_US	577
LIST_EXALL_40_ENTRIES_REPEAT10_TOTAL_US	2560
LIST_EXNEXT_400_ENTRIES_FIRST_PASS_US	12287
LIST_EXNEXT_400_ENTRIES_REPEAT10_TOTAL_US	114239
LIST_EXALL_400_ENTRIES_FIRST_PASS_US	2688
LIST_EXALL_400_ENTRIES_REPEAT10_TOTAL_US	20418
LIST_EXNEXT_1000_ENTRIES_FIRST_PASS_US	31104
LIST_EXNEXT_1000_ENTRIES_REPEAT10_TOTAL_US	291711
LIST_EXALL_1000_ENTRIES_FIRST_PASS_US	6400
LIST_EXALL_1000_ENTRIES_REPEAT10_TOTAL_US	50816
PASS	1
PASS: requested mounted-volume workload outputs are complete and data-checked
