=== BFS vs PFS3 Benchmark (FS-UAE 68040) ===
Evidence directory: /home/fabian/.cache/bfs-performance/relflags-2026-10-10.P6tt1r/results/relflags-3-bfs-first-os-040
Mode: compare
Timeout: 600s


=== Machine Info ===
# Machine Info
Kickstart 47.102, Workbench 47.2
System: 68040 68040/060-FPU   (INST: Cache Burst) (DATA: NoCache NoBurst)
Type  Available    In-Use   Maximum   Largest
chip    2028040     52728   2080768   2027968
fast    7564008    824600   8388608   7558944
total   9592048    877328  10469376   7558944


Mounted disks:
Unit      Size       Used       Free Full Errs   Status   Name
DF0       No disk present
DH0      4095M    4194304    4194303  50%   0  Read/Write System
DH1       255M         36      65372   0%   0  Read/Write BFSTest
DH2       Not a DOS disk

Volumes available:
BFSTest [Mounted]
System [Mounted]

=== BFS Results ===
FS_COMPARE_BENCH	4
DRIVE	DH1:
SMALL_CREATE_40_US	33088
LOOKUP_400_US	63488
SMALL_READ_40_US	19456
LIST_EXNEXT_400_US	31169
LIST_EXALL_400_US	8063
SEQ_WRITE_8M_US	41280
SEQ_READ_8M_US	291778
SMALL_DELETE_40_US	17920
APPEND_4K_1M_US	91205
APPEND_1K_256K_US	110399
APPEND_READ_1280K_US	87103
LIST_EXNEXT_40_ENTRIES_FIRST_PASS_US	4928
LIST_EXNEXT_40_ENTRIES_REPEAT10_TOTAL_US	33408
LIST_EXALL_40_ENTRIES_FIRST_PASS_US	4762
LIST_EXALL_40_ENTRIES_REPEAT10_TOTAL_US	12480
LIST_EXNEXT_400_ENTRIES_FIRST_PASS_US	46144
LIST_EXNEXT_400_ENTRIES_REPEAT10_TOTAL_US	324286
LIST_EXALL_400_ENTRIES_FIRST_PASS_US	17280
LIST_EXALL_400_ENTRIES_REPEAT10_TOTAL_US	82368
LIST_EXNEXT_1000_ENTRIES_FIRST_PASS_US	112961
LIST_EXNEXT_1000_ENTRIES_REPEAT10_TOTAL_US	1014074
LIST_EXALL_1000_ENTRIES_FIRST_PASS_US	42046
LIST_EXALL_1000_ENTRIES_REPEAT10_TOTAL_US	205888
PASS	1

=== PFS3 Results ===
FS_COMPARE_BENCH	4
DRIVE	DH2:
SMALL_CREATE_40_US	14720
LOOKUP_400_US	65344
SMALL_READ_40_US	12670
LIST_EXNEXT_400_US	15808
LIST_EXALL_400_US	4481
SEQ_WRITE_8M_US	123455
SEQ_READ_8M_US	261375
SMALL_DELETE_40_US	8128
APPEND_4K_1M_US	34880
APPEND_1K_256K_US	24512
APPEND_READ_1280K_US	39872
LIST_EXNEXT_40_ENTRIES_FIRST_PASS_US	1600
LIST_EXNEXT_40_ENTRIES_REPEAT10_TOTAL_US	12270
LIST_EXALL_40_ENTRIES_FIRST_PASS_US	577
LIST_EXALL_40_ENTRIES_REPEAT10_TOTAL_US	2496
LIST_EXNEXT_400_ENTRIES_FIRST_PASS_US	12928
LIST_EXNEXT_400_ENTRIES_REPEAT10_TOTAL_US	113087
LIST_EXALL_400_ENTRIES_FIRST_PASS_US	3072
LIST_EXALL_400_ENTRIES_REPEAT10_TOTAL_US	20479
LIST_EXNEXT_1000_ENTRIES_FIRST_PASS_US	32897
LIST_EXNEXT_1000_ENTRIES_REPEAT10_TOTAL_US	280252
LIST_EXALL_1000_ENTRIES_FIRST_PASS_US	8256
LIST_EXALL_1000_ENTRIES_REPEAT10_TOTAL_US	49664
PASS	1
PASS: requested mounted-volume workload outputs are complete and data-checked
