=== BFS vs PFS3 Benchmark (FS-UAE 68040) ===
Evidence directory: /home/fabian/.cache/bfs-performance/confirm-2026-10-10.TmkILS/results/confirm-1-bfs-first-candidate
Mode: compare
Timeout: 600s


=== Machine Info ===
# Machine Info
Kickstart 47.102, Workbench 47.2
System: 68040 68040/060-FPU   (INST: Cache Burst) (DATA: NoCache NoBurst)
Type  Available    In-Use   Maximum   Largest
chip    2028040     52728   2080768   2027968
fast    7531240    857368   8388608   7526176
total   9559280    910096  10469376   7526176


Mounted disks:
Unit      Size       Used       Free Full Errs   Status   Name
DF0       No disk present
DH0      4095M    4194304    4194303  50%   0  Read/Write System
DH1       255M         36      65372   0%   0  Read/Write BFSTest
DH2       Not a DOS disk

Volumes available:
BFSTest [Mounted]
System [Mounted]

=== BFS Results ===
FS_COMPARE_BENCH	4
DRIVE	DH1:
SMALL_CREATE_40_US	29184
LOOKUP_400_US	58431
SMALL_READ_40_US	17793
LIST_EXNEXT_400_US	20223
LIST_EXALL_400_US	7680
SEQ_WRITE_8M_US	37311
SEQ_READ_8M_US	261695
SMALL_DELETE_40_US	13505
APPEND_4K_1M_US	52480
APPEND_1K_256K_US	43264
APPEND_READ_1280K_US	43264
LIST_EXNEXT_40_ENTRIES_FIRST_PASS_US	3776
LIST_EXNEXT_40_ENTRIES_REPEAT10_TOTAL_US	21439
LIST_EXALL_40_ENTRIES_FIRST_PASS_US	1792
LIST_EXALL_40_ENTRIES_REPEAT10_TOTAL_US	8640
LIST_EXNEXT_400_ENTRIES_FIRST_PASS_US	28928
LIST_EXNEXT_400_ENTRIES_REPEAT10_TOTAL_US	212862
LIST_EXALL_400_ENTRIES_FIRST_PASS_US	14977
LIST_EXALL_400_ENTRIES_REPEAT10_TOTAL_US	83071
LIST_EXNEXT_1000_ENTRIES_FIRST_PASS_US	74111
LIST_EXNEXT_1000_ENTRIES_REPEAT10_TOTAL_US	531644
LIST_EXALL_1000_ENTRIES_FIRST_PASS_US	38718
LIST_EXALL_1000_ENTRIES_REPEAT10_TOTAL_US	189183
PASS	1

=== PFS3 Results ===
FS_COMPARE_BENCH	4
DRIVE	DH2:
SMALL_CREATE_40_US	16577
LOOKUP_400_US	65728
SMALL_READ_40_US	14463
LIST_EXNEXT_400_US	12159
LIST_EXALL_400_US	2752
SEQ_WRITE_8M_US	42305
SEQ_READ_8M_US	257213
SMALL_DELETE_40_US	7872
APPEND_4K_1M_US	32063
APPEND_1K_256K_US	23103
APPEND_READ_1280K_US	40942
LIST_EXNEXT_40_ENTRIES_FIRST_PASS_US	1536
LIST_EXNEXT_40_ENTRIES_REPEAT10_TOTAL_US	12160
LIST_EXALL_40_ENTRIES_FIRST_PASS_US	640
LIST_EXALL_40_ENTRIES_REPEAT10_TOTAL_US	2560
LIST_EXNEXT_400_ENTRIES_FIRST_PASS_US	12671
LIST_EXNEXT_400_ENTRIES_REPEAT10_TOTAL_US	113153
LIST_EXALL_400_ENTRIES_FIRST_PASS_US	3198
LIST_EXALL_400_ENTRIES_REPEAT10_TOTAL_US	20480
LIST_EXNEXT_1000_ENTRIES_FIRST_PASS_US	31871
LIST_EXNEXT_1000_ENTRIES_REPEAT10_TOTAL_US	295935
LIST_EXALL_1000_ENTRIES_FIRST_PASS_US	7232
LIST_EXALL_1000_ENTRIES_REPEAT10_TOTAL_US	50752
PASS	1
PASS: requested mounted-volume workload outputs are complete and data-checked
