=== BFS vs PFS3 Benchmark (FS-UAE 68040) ===
Evidence directory: /home/fabian/.cache/bfs-performance/metabound-2026-10-10.kPl0jg/results/metabound-8-pfs3-first-bound
Mode: compare
Timeout: 600s


=== Machine Info ===
# Machine Info
Kickstart 47.102, Workbench 47.2
System: 68040 68040/060-FPU   (INST: Cache Burst) (DATA: NoCache NoBurst)
Type  Available    In-Use   Maximum   Largest
chip    2028040     52728   2080768   2027968
fast    7534792    853816   8388608   7529704
total   9562832    906544  10469376   7529704


Mounted disks:
Unit      Size       Used       Free Full Errs   Status   Name
DF0       No disk present
DH0      4095M    4194304    4194303  50%   0  Read/Write System
DH1       255M         36      65372   0%   0  Read/Write BFSTest
DH2       Not a DOS disk

Volumes available:
BFSTest [Mounted]
System [Mounted]

=== BFS Results ===
FS_COMPARE_BENCH	4
DRIVE	DH1:
SMALL_CREATE_40_US	29888
LOOKUP_400_US	58815
SMALL_READ_40_US	19522
LIST_EXNEXT_400_US	22976
LIST_EXALL_400_US	4544
SEQ_WRITE_8M_US	36928
SEQ_READ_8M_US	274110
SMALL_DELETE_40_US	13824
APPEND_4K_1M_US	91008
APPEND_1K_256K_US	101054
APPEND_READ_1280K_US	53824
LIST_EXNEXT_40_ENTRIES_FIRST_PASS_US	5312
LIST_EXNEXT_40_ENTRIES_REPEAT10_TOTAL_US	36479
LIST_EXALL_40_ENTRIES_FIRST_PASS_US	1280
LIST_EXALL_40_ENTRIES_REPEAT10_TOTAL_US	5376
LIST_EXNEXT_400_ENTRIES_FIRST_PASS_US	30335
LIST_EXNEXT_400_ENTRIES_REPEAT10_TOTAL_US	225087
LIST_EXALL_400_ENTRIES_FIRST_PASS_US	10176
LIST_EXALL_400_ENTRIES_REPEAT10_TOTAL_US	48191
LIST_EXNEXT_1000_ENTRIES_FIRST_PASS_US	72128
LIST_EXNEXT_1000_ENTRIES_REPEAT10_TOTAL_US	616508
LIST_EXALL_1000_ENTRIES_FIRST_PASS_US	23806
LIST_EXALL_1000_ENTRIES_REPEAT10_TOTAL_US	131776
PASS	1

=== PFS3 Results ===
FS_COMPARE_BENCH	4
DRIVE	DH2:
SMALL_CREATE_40_US	17024
LOOKUP_400_US	66879
SMALL_READ_40_US	13184
LIST_EXNEXT_400_US	11777
LIST_EXALL_400_US	2495
SEQ_WRITE_8M_US	37120
SEQ_READ_8M_US	271358
SMALL_DELETE_40_US	7743
APPEND_4K_1M_US	32064
APPEND_1K_256K_US	23040
APPEND_READ_1280K_US	40833
LIST_EXNEXT_40_ENTRIES_FIRST_PASS_US	1535
LIST_EXNEXT_40_ENTRIES_REPEAT10_TOTAL_US	12160
LIST_EXALL_40_ENTRIES_FIRST_PASS_US	640
LIST_EXALL_40_ENTRIES_REPEAT10_TOTAL_US	2496
LIST_EXNEXT_400_ENTRIES_FIRST_PASS_US	12416
LIST_EXNEXT_400_ENTRIES_REPEAT10_TOTAL_US	112191
LIST_EXALL_400_ENTRIES_FIRST_PASS_US	2879
LIST_EXALL_400_ENTRIES_REPEAT10_TOTAL_US	20605
LIST_EXNEXT_1000_ENTRIES_FIRST_PASS_US	31553
LIST_EXNEXT_1000_ENTRIES_REPEAT10_TOTAL_US	290173
LIST_EXALL_1000_ENTRIES_FIRST_PASS_US	6720
LIST_EXALL_1000_ENTRIES_REPEAT10_TOTAL_US	50175
PASS	1
PASS: requested mounted-volume workload outputs are complete and data-checked
