=== BFS vs PFS3 Benchmark (FS-UAE 68040) ===
Evidence directory: /home/fabian/.cache/bfs-performance/prodcodegen-pilot-2026-10-10.rjXGlO/results/prodcodegen-7-bfs-first-release040
Mode: compare
Timeout: 600s


=== Machine Info ===
# Machine Info
Kickstart 47.102, Workbench 47.2
System: 68040 68040/060-FPU   (INST: Cache Burst) (DATA: NoCache NoBurst)
Type  Available    In-Use   Maximum   Largest
chip    2028040     52728   2080768   2027968
fast    7563224    825384   8388608   7558128
total   9591264    878112  10469376   7558128


Mounted disks:
Unit      Size       Used       Free Full Errs   Status   Name
DF0       No disk present
DH0      4095M    4194304    4194303  50%   0  Read/Write System
DH1       255M         36      65372   0%   0  Read/Write BFSTest
DH2       Not a DOS disk

Volumes available:
BFSTest [Mounted]
System [Mounted]

=== BFS Results ===
FS_COMPARE_BENCH	4
DRIVE	DH1:
SMALL_CREATE_40_US	41216
LOOKUP_400_US	67456
SMALL_READ_40_US	22656
LIST_EXNEXT_400_US	31998
LIST_EXALL_400_US	8767
SEQ_WRITE_8M_US	41728
SEQ_READ_8M_US	271104
SMALL_DELETE_40_US	17600
APPEND_4K_1M_US	84159
APPEND_1K_256K_US	68414
APPEND_READ_1280K_US	45375
LIST_EXNEXT_40_ENTRIES_FIRST_PASS_US	5185
LIST_EXNEXT_40_ENTRIES_REPEAT10_TOTAL_US	33791
LIST_EXALL_40_ENTRIES_FIRST_PASS_US	2177
LIST_EXALL_40_ENTRIES_REPEAT10_TOTAL_US	9535
LIST_EXNEXT_400_ENTRIES_FIRST_PASS_US	44415
LIST_EXNEXT_400_ENTRIES_REPEAT10_TOTAL_US	343870
LIST_EXALL_400_ENTRIES_FIRST_PASS_US	19200
LIST_EXALL_400_ENTRIES_REPEAT10_TOTAL_US	89473
LIST_EXNEXT_1000_ENTRIES_FIRST_PASS_US	111553
LIST_EXNEXT_1000_ENTRIES_REPEAT10_TOTAL_US	858490
LIST_EXALL_1000_ENTRIES_FIRST_PASS_US	47232
LIST_EXALL_1000_ENTRIES_REPEAT10_TOTAL_US	241662
PASS	1

=== PFS3 Results ===
FS_COMPARE_BENCH	4
DRIVE	DH2:
SMALL_CREATE_40_US	16385
LOOKUP_400_US	66048
SMALL_READ_40_US	13695
LIST_EXNEXT_400_US	12031
LIST_EXALL_400_US	2477
SEQ_WRITE_8M_US	36671
SEQ_READ_8M_US	268095
SMALL_DELETE_40_US	7872
APPEND_4K_1M_US	32513
APPEND_1K_256K_US	23552
APPEND_READ_1280K_US	40577
LIST_EXNEXT_40_ENTRIES_FIRST_PASS_US	1536
LIST_EXNEXT_40_ENTRIES_REPEAT10_TOTAL_US	12736
LIST_EXALL_40_ENTRIES_FIRST_PASS_US	577
LIST_EXALL_40_ENTRIES_REPEAT10_TOTAL_US	2497
LIST_EXNEXT_400_ENTRIES_FIRST_PASS_US	13697
LIST_EXNEXT_400_ENTRIES_REPEAT10_TOTAL_US	113151
LIST_EXALL_400_ENTRIES_FIRST_PASS_US	2817
LIST_EXALL_400_ENTRIES_REPEAT10_TOTAL_US	20160
LIST_EXNEXT_1000_ENTRIES_FIRST_PASS_US	32318
LIST_EXNEXT_1000_ENTRIES_REPEAT10_TOTAL_US	297405
LIST_EXALL_1000_ENTRIES_FIRST_PASS_US	7231
LIST_EXALL_1000_ENTRIES_REPEAT10_TOTAL_US	54080
PASS	1
PASS: requested mounted-volume workload outputs are complete and data-checked
