=== BFS vs PFS3 Benchmark (FS-UAE 68040) ===
Evidence directory: /home/fabian/.cache/bfs-performance/write-guard-2026-10-09.qG6xKe/results/write-guard-aa-normal-basea-1-bfs-first
Mode: compare
Timeout: 600s


=== Machine Info ===
# Machine Info
Kickstart 47.102, Workbench 47.2
System: 68040 68040/060-FPU   (INST: Cache Burst) (DATA: NoCache NoBurst)
Type  Available    In-Use   Maximum   Largest
chip    2028040     52728   2080768   2027968
fast    7686824    701784   8388608   7681768
total   9714864    754512  10469376   7681768


Mounted disks:
Unit      Size       Used       Free Full Errs   Status   Name
DF0       No disk present
DH0      4095M    4194304    4194303  50%   0  Read/Write System
DH1       255M         36      65372   0%   0  Read/Write BFSTest
DH2       Not a DOS disk

Volumes available:
BFSTest [Mounted]
System [Mounted]

=== BFS Results ===
FS_COMPARE_BENCH	4
DRIVE	DH1:
SMALL_CREATE_40_US	29120
LOOKUP_400_US	78080
SMALL_READ_40_US	21631
LIST_EXNEXT_400_US	39488
LIST_EXALL_400_US	16128
SEQ_WRITE_8M_US	54143
SEQ_READ_8M_US	285355
SMALL_DELETE_40_US	17727
APPEND_4K_1M_US	77503
APPEND_1K_256K_US	60223
APPEND_READ_1280K_US	42559
LIST_EXNEXT_40_ENTRIES_FIRST_PASS_US	5825
LIST_EXNEXT_40_ENTRIES_REPEAT10_TOTAL_US	31488
LIST_EXALL_40_ENTRIES_FIRST_PASS_US	2945
LIST_EXALL_40_ENTRIES_REPEAT10_TOTAL_US	9407
LIST_EXNEXT_400_ENTRIES_FIRST_PASS_US	49856
LIST_EXNEXT_400_ENTRIES_REPEAT10_TOTAL_US	528125
LIST_EXALL_400_ENTRIES_FIRST_PASS_US	30590
LIST_EXALL_400_ENTRIES_REPEAT10_TOTAL_US	307774
LIST_EXNEXT_1000_ENTRIES_FIRST_PASS_US	124671
LIST_EXNEXT_1000_ENTRIES_REPEAT10_TOTAL_US	1547063
LIST_EXALL_1000_ENTRIES_FIRST_PASS_US	77464
LIST_EXALL_1000_ENTRIES_REPEAT10_TOTAL_US	1025147
PASS	1

=== PFS3 Results ===
FS_COMPARE_BENCH	4
DRIVE	DH2:
SMALL_CREATE_40_US	16513
LOOKUP_400_US	112959
SMALL_READ_40_US	58176
LIST_EXNEXT_400_US	19073
LIST_EXALL_400_US	2560
SEQ_WRITE_8M_US	40191
SEQ_READ_8M_US	305661
SMALL_DELETE_40_US	7936
APPEND_4K_1M_US	34816
APPEND_1K_256K_US	56895
APPEND_READ_1280K_US	78208
LIST_EXNEXT_40_ENTRIES_FIRST_PASS_US	1600
LIST_EXNEXT_40_ENTRIES_REPEAT10_TOTAL_US	11969
LIST_EXALL_40_ENTRIES_FIRST_PASS_US	577
LIST_EXALL_40_ENTRIES_REPEAT10_TOTAL_US	2560
LIST_EXNEXT_400_ENTRIES_FIRST_PASS_US	12672
LIST_EXNEXT_400_ENTRIES_REPEAT10_TOTAL_US	111871
LIST_EXALL_400_ENTRIES_FIRST_PASS_US	2689
LIST_EXALL_400_ENTRIES_REPEAT10_TOTAL_US	20097
LIST_EXNEXT_1000_ENTRIES_FIRST_PASS_US	31103
LIST_EXNEXT_1000_ENTRIES_REPEAT10_TOTAL_US	287742
LIST_EXALL_1000_ENTRIES_FIRST_PASS_US	6528
LIST_EXALL_1000_ENTRIES_REPEAT10_TOTAL_US	49536
PASS	1
PASS: requested mounted-volume workload outputs are complete and data-checked
