=== BFS vs PFS3 Benchmark (FS-UAE 68040) ===
Evidence directory: /home/fabian/.cache/bfs-performance/listing-upgrade-2026-10-08.29qKRc/build/benchmark/leaf-range-normal-20261008-range-4-pfs3-first
Mode: compare
Timeout: 600s


=== Machine Info ===
# Machine Info
Kickstart 47.102, Workbench 47.2
System: 68040 68040/060-FPU   (INST: Cache Burst) (DATA: NoCache NoBurst)
Type  Available    In-Use   Maximum   Largest
chip    2028040     52728   2080768   2027968
fast    7687256    701352   8388608   7682200
total   9715296    754080  10469376   7682200


Mounted disks:
Unit      Size       Used       Free Full Errs   Status   Name
DF0       No disk present
DH0      4095M    4194304    4194303  50%   0  Read/Write System
DH1       255M         36      65372   0%   0  Read/Write BFSTest
DH2       Not a DOS disk

Volumes available:
BFSTest [Mounted]
System [Mounted]

=== BFS Results ===
FS_COMPARE_BENCH	4
DRIVE	DH1:
SMALL_CREATE_40_US	30079
LOOKUP_400_US	74816
SMALL_READ_40_US	20097
LIST_EXNEXT_400_US	30463
LIST_EXALL_400_US	9024
SEQ_WRITE_8M_US	38208
SEQ_READ_8M_US	282877
SMALL_DELETE_40_US	18047
APPEND_4K_1M_US	72833
APPEND_1K_256K_US	63168
APPEND_READ_1280K_US	44673
LIST_EXNEXT_40_ENTRIES_FIRST_PASS_US	6400
LIST_EXNEXT_40_ENTRIES_REPEAT10_TOTAL_US	31167
LIST_EXALL_40_ENTRIES_FIRST_PASS_US	3904
LIST_EXALL_40_ENTRIES_REPEAT10_TOTAL_US	9279
LIST_EXNEXT_400_ENTRIES_FIRST_PASS_US	55872
LIST_EXNEXT_400_ENTRIES_REPEAT10_TOTAL_US	559676
LIST_EXALL_400_ENTRIES_FIRST_PASS_US	35968
LIST_EXALL_400_ENTRIES_REPEAT10_TOTAL_US	347645
LIST_EXNEXT_1000_ENTRIES_FIRST_PASS_US	134912
LIST_EXNEXT_1000_ENTRIES_REPEAT10_TOTAL_US	1454967
LIST_EXALL_1000_ENTRIES_FIRST_PASS_US	88511
LIST_EXALL_1000_ENTRIES_REPEAT10_TOTAL_US	874042
PASS	1

=== PFS3 Results ===
FS_COMPARE_BENCH	4
DRIVE	DH2:
SMALL_CREATE_40_US	30848
LOOKUP_400_US	98880
SMALL_READ_40_US	17024
LIST_EXNEXT_400_US	13568
LIST_EXALL_400_US	4032
SEQ_WRITE_8M_US	46079
SEQ_READ_8M_US	271615
SMALL_DELETE_40_US	8320
APPEND_4K_1M_US	48511
APPEND_1K_256K_US	30913
APPEND_READ_1280K_US	53183
LIST_EXNEXT_40_ENTRIES_FIRST_PASS_US	1664
LIST_EXNEXT_40_ENTRIES_REPEAT10_TOTAL_US	11905
LIST_EXALL_40_ENTRIES_FIRST_PASS_US	575
LIST_EXALL_40_ENTRIES_REPEAT10_TOTAL_US	2497
LIST_EXNEXT_400_ENTRIES_FIRST_PASS_US	13887
LIST_EXNEXT_400_ENTRIES_REPEAT10_TOTAL_US	111552
LIST_EXALL_400_ENTRIES_FIRST_PASS_US	3071
LIST_EXALL_400_ENTRIES_REPEAT10_TOTAL_US	20352
LIST_EXNEXT_1000_ENTRIES_FIRST_PASS_US	31423
LIST_EXNEXT_1000_ENTRIES_REPEAT10_TOTAL_US	283518
LIST_EXALL_1000_ENTRIES_FIRST_PASS_US	7040
LIST_EXALL_1000_ENTRIES_REPEAT10_TOTAL_US	51136
PASS	1
PASS: requested mounted-volume workload outputs are complete and data-checked
