=== BFS vs PFS3 Benchmark (FS-UAE 68040) ===
Evidence directory: /home/fabian/.cache/bfs-performance/append-attr2-2026-10-10.xibtLq/results/append2-prod-2-pfs3-first-cand
Mode: compare
Timeout: 600s


=== Machine Info ===
# Machine Info
Kickstart 47.102, Workbench 47.2
System: 68040 68040/060-FPU   (INST: Cache Burst) (DATA: NoCache NoBurst)
Type  Available    In-Use   Maximum   Largest
chip    2028040     52728   2080768   2027968
fast    7531240    857368   8388608   7526176
total   9559280    910096  10469376   7526176


Mounted disks:
Unit      Size       Used       Free Full Errs   Status   Name
DF0       No disk present
DH0      4095M    4194304    4194303  50%   0  Read/Write System
DH1       255M         36      65372   0%   0  Read/Write BFSTest
DH2       Not a DOS disk

Volumes available:
BFSTest [Mounted]
System [Mounted]

=== BFS Results ===
FS_COMPARE_BENCH	4
DRIVE	DH1:
SMALL_CREATE_40_US	30784
LOOKUP_400_US	59007
SMALL_READ_40_US	16320
LIST_EXNEXT_400_US	20093
LIST_EXALL_400_US	7807
SEQ_WRITE_8M_US	29120
SEQ_READ_8M_US	270911
SMALL_DELETE_40_US	13440
APPEND_4K_1M_US	52545
APPEND_1K_256K_US	42688
APPEND_READ_1280K_US	43904
LIST_EXNEXT_40_ENTRIES_FIRST_PASS_US	3776
LIST_EXNEXT_40_ENTRIES_REPEAT10_TOTAL_US	21311
LIST_EXALL_40_ENTRIES_FIRST_PASS_US	1665
LIST_EXALL_40_ENTRIES_REPEAT10_TOTAL_US	8385
LIST_EXNEXT_400_ENTRIES_FIRST_PASS_US	29055
LIST_EXNEXT_400_ENTRIES_REPEAT10_TOTAL_US	211200
LIST_EXALL_400_ENTRIES_FIRST_PASS_US	16128
LIST_EXALL_400_ENTRIES_REPEAT10_TOTAL_US	88512
LIST_EXNEXT_1000_ENTRIES_FIRST_PASS_US	73983
LIST_EXNEXT_1000_ENTRIES_REPEAT10_TOTAL_US	554685
LIST_EXALL_1000_ENTRIES_FIRST_PASS_US	38528
LIST_EXALL_1000_ENTRIES_REPEAT10_TOTAL_US	193983
PASS	1

=== PFS3 Results ===
FS_COMPARE_BENCH	4
DRIVE	DH2:
SMALL_CREATE_40_US	17077
LOOKUP_400_US	66368
SMALL_READ_40_US	15743
LIST_EXNEXT_400_US	12225
LIST_EXALL_400_US	2495
SEQ_WRITE_8M_US	51520
SEQ_READ_8M_US	260479
SMALL_DELETE_40_US	8192
APPEND_4K_1M_US	34368
APPEND_1K_256K_US	24063
APPEND_READ_1280K_US	40254
LIST_EXNEXT_40_ENTRIES_FIRST_PASS_US	1728
LIST_EXNEXT_40_ENTRIES_REPEAT10_TOTAL_US	11840
LIST_EXALL_40_ENTRIES_FIRST_PASS_US	704
LIST_EXALL_40_ENTRIES_REPEAT10_TOTAL_US	2560
LIST_EXNEXT_400_ENTRIES_FIRST_PASS_US	12863
LIST_EXNEXT_400_ENTRIES_REPEAT10_TOTAL_US	113471
LIST_EXALL_400_ENTRIES_FIRST_PASS_US	2815
LIST_EXALL_400_ENTRIES_REPEAT10_TOTAL_US	20416
LIST_EXNEXT_1000_ENTRIES_FIRST_PASS_US	33535
LIST_EXNEXT_1000_ENTRIES_REPEAT10_TOTAL_US	292670
LIST_EXALL_1000_ENTRIES_FIRST_PASS_US	6527
LIST_EXALL_1000_ENTRIES_REPEAT10_TOTAL_US	50368
PASS	1
PASS: requested mounted-volume workload outputs are complete and data-checked
