=== BFS vs PFS3 Benchmark (FS-UAE 68040) ===
Evidence directory: /home/fabian/.cache/bfs-performance/listing-upgrade-2026-10-08.29qKRc/build/benchmark/leaf-range-durable-20261008-m3-2-pfs3-first
Mode: durable-compare
Timeout: 600s


=== Machine Info ===
# Machine Info
Kickstart 47.102, Workbench 47.2
System: 68040 68040/060-FPU   (INST: Cache Burst) (DATA: NoCache NoBurst)
Type  Available    In-Use   Maximum   Largest
chip    2028040     52728   2080768   2027968
fast    7689920    698688   8388608   7684880
total   9717960    751416  10469376   7684880


Mounted disks:
Unit      Size       Used       Free Full Errs   Status   Name
DF0       No disk present
DH0      4095M    4194304    4194303  50%   0  Read/Write System
DH1       255M         36      65372   0%   0  Read/Write BFSTest
DH2       Not a DOS disk

Volumes available:
BFSTest [Mounted]
System [Mounted]

=== BFS Results ===
FS_DURABLE_COMPARE	4
DRIVE	DH1:
SMALL_CREATE_40_US	31745
LOOKUP_400_US	74623
SMALL_READ_40_US	19776
LIST_EXNEXT_400_US	30592
LIST_EXALL_400_US	8384
SEQ_WRITE_8M_US	41857
SEQ_READ_8M_US	260734
SMALL_DELETE_40_US	19649
APPEND_4K_1M_US	74942
APPEND_1K_256K_US	62207
APPEND_READ_1280K_US	43840
LIST_EXNEXT_40_ENTRIES_FIRST_PASS_US	6143
LIST_EXNEXT_40_ENTRIES_REPEAT10_TOTAL_US	31528
LIST_EXALL_40_ENTRIES_FIRST_PASS_US	4033
LIST_EXALL_40_ENTRIES_REPEAT10_TOTAL_US	9343
LIST_EXNEXT_400_ENTRIES_FIRST_PASS_US	61633
LIST_EXNEXT_400_ENTRIES_REPEAT10_TOTAL_US	722235
LIST_EXALL_400_ENTRIES_FIRST_PASS_US	40831
LIST_EXALL_400_ENTRIES_REPEAT10_TOTAL_US	534269
LIST_EXNEXT_1000_ENTRIES_FIRST_PASS_US	161152
LIST_EXNEXT_1000_ENTRIES_REPEAT10_TOTAL_US	1723767
LIST_EXALL_1000_ENTRIES_FIRST_PASS_US	103551
LIST_EXALL_1000_ENTRIES_REPEAT10_TOTAL_US	1040826
PASS	1

=== PFS3 Results ===
FS_DURABLE_COMPARE	4
DRIVE	DH2:
SMALL_CREATE_40_US	18048
LOOKUP_400_US	66434
SMALL_READ_40_US	14465
LIST_EXNEXT_400_US	11712
LIST_EXALL_400_US	2560
SEQ_WRITE_8M_US	41280
SEQ_READ_8M_US	269692
SMALL_DELETE_40_US	9408
APPEND_4K_1M_US	32768
APPEND_1K_256K_US	25024
APPEND_READ_1280K_US	44543
LIST_EXNEXT_40_ENTRIES_FIRST_PASS_US	1663
LIST_EXNEXT_40_ENTRIES_REPEAT10_TOTAL_US	12351
LIST_EXALL_40_ENTRIES_FIRST_PASS_US	958
LIST_EXALL_40_ENTRIES_REPEAT10_TOTAL_US	3713
LIST_EXNEXT_400_ENTRIES_FIRST_PASS_US	15617
LIST_EXNEXT_400_ENTRIES_REPEAT10_TOTAL_US	136383
LIST_EXALL_400_ENTRIES_FIRST_PASS_US	2817
LIST_EXALL_400_ENTRIES_REPEAT10_TOTAL_US	20416
LIST_EXNEXT_1000_ENTRIES_FIRST_PASS_US	31999
LIST_EXNEXT_1000_ENTRIES_REPEAT10_TOTAL_US	284287
LIST_EXALL_1000_ENTRIES_FIRST_PASS_US	6655
LIST_EXALL_1000_ENTRIES_REPEAT10_TOTAL_US	50496
PASS	1
PASS: requested mounted-volume workload outputs are complete and data-checked
