=== BFS vs PFS3 Benchmark (FS-UAE 68040) ===
Evidence directory: /home/fabian/.cache/bfs-performance/exnext-2026-10-10.8MRoga/results/exnext-7-bfs-first-reference
Mode: compare
Timeout: 600s


=== Machine Info ===
# Machine Info
Kickstart 47.102, Workbench 47.2
System: 68040 68040/060-FPU   (INST: Cache Burst) (DATA: NoCache NoBurst)
Type  Available    In-Use   Maximum   Largest
chip    2028040     52728   2080768   2027968
fast    7532616    855992   8388608   7527544
total   9560656    908720  10469376   7527544


Mounted disks:
Unit      Size       Used       Free Full Errs   Status   Name
DF0       No disk present
DH0      4095M    4194304    4194303  50%   0  Read/Write System
DH1       255M         36      65372   0%   0  Read/Write BFSTest
DH2       Not a DOS disk

Volumes available:
BFSTest [Mounted]
System [Mounted]

=== BFS Results ===
FS_COMPARE_BENCH	4
DRIVE	DH1:
SMALL_CREATE_40_US	30720
LOOKUP_400_US	58944
SMALL_READ_40_US	17793
LIST_EXNEXT_400_US	28032
LIST_EXALL_400_US	7744
SEQ_WRITE_8M_US	29247
SEQ_READ_8M_US	274750
SMALL_DELETE_40_US	13695
APPEND_4K_1M_US	55680
APPEND_1K_256K_US	42175
APPEND_READ_1280K_US	43840
LIST_EXNEXT_40_ENTRIES_FIRST_PASS_US	4480
LIST_EXNEXT_40_ENTRIES_REPEAT10_TOTAL_US	32128
LIST_EXALL_40_ENTRIES_FIRST_PASS_US	1753
LIST_EXALL_40_ENTRIES_REPEAT10_TOTAL_US	9343
LIST_EXNEXT_400_ENTRIES_FIRST_PASS_US	38336
LIST_EXNEXT_400_ENTRIES_REPEAT10_TOTAL_US	287230
LIST_EXALL_400_ENTRIES_FIRST_PASS_US	17088
LIST_EXALL_400_ENTRIES_REPEAT10_TOTAL_US	79616
LIST_EXNEXT_1000_ENTRIES_FIRST_PASS_US	99008
LIST_EXNEXT_1000_ENTRIES_REPEAT10_TOTAL_US	727613
LIST_EXALL_1000_ENTRIES_FIRST_PASS_US	41152
LIST_EXALL_1000_ENTRIES_REPEAT10_TOTAL_US	237565
PASS	1

=== PFS3 Results ===
FS_COMPARE_BENCH	4
DRIVE	DH2:
SMALL_CREATE_40_US	17343
LOOKUP_400_US	69311
SMALL_READ_40_US	17088
LIST_EXNEXT_400_US	15809
LIST_EXALL_400_US	4033
SEQ_WRITE_8M_US	43520
SEQ_READ_8M_US	278909
SMALL_DELETE_40_US	12160
APPEND_4K_1M_US	36608
APPEND_1K_256K_US	23360
APPEND_READ_1280K_US	41088
LIST_EXNEXT_40_ENTRIES_FIRST_PASS_US	2943
LIST_EXNEXT_40_ENTRIES_REPEAT10_TOTAL_US	13951
LIST_EXALL_40_ENTRIES_FIRST_PASS_US	575
LIST_EXALL_40_ENTRIES_REPEAT10_TOTAL_US	2669
LIST_EXNEXT_400_ENTRIES_FIRST_PASS_US	13631
LIST_EXNEXT_400_ENTRIES_REPEAT10_TOTAL_US	117631
LIST_EXALL_400_ENTRIES_FIRST_PASS_US	3010
LIST_EXALL_400_ENTRIES_REPEAT10_TOTAL_US	20992
LIST_EXNEXT_1000_ENTRIES_FIRST_PASS_US	31552
LIST_EXNEXT_1000_ENTRIES_REPEAT10_TOTAL_US	299646
LIST_EXALL_1000_ENTRIES_FIRST_PASS_US	6337
LIST_EXALL_1000_ENTRIES_REPEAT10_TOTAL_US	51775
PASS	1
PASS: requested mounted-volume workload outputs are complete and data-checked
