=== BFS vs PFS3 Benchmark (FS-UAE 68040) ===
Evidence directory: /home/fabian/.cache/bfs-performance/wbbound-2026-10-10.2MoC3f/results/wbbound-8-pfs3-first-reference
Mode: compare
Timeout: 600s


=== Machine Info ===
# Machine Info
Kickstart 47.102, Workbench 47.2
System: 68040 68040/060-FPU   (INST: Cache Burst) (DATA: NoCache NoBurst)
Type  Available    In-Use   Maximum   Largest
chip    2028040     52728   2080768   2027968
fast    7534464    854144   8388608   7529392
total   9562504    906872  10469376   7529392


Mounted disks:
Unit      Size       Used       Free Full Errs   Status   Name
DF0       No disk present
DH0      4095M    4194304    4194303  50%   0  Read/Write System
DH1       255M         36      65372   0%   0  Read/Write BFSTest
DH2       Not a DOS disk

Volumes available:
BFSTest [Mounted]
System [Mounted]

=== BFS Results ===
FS_COMPARE_BENCH	4
DRIVE	DH1:
SMALL_CREATE_40_US	28736
LOOKUP_400_US	59328
SMALL_READ_40_US	17284
LIST_EXNEXT_400_US	27840
LIST_EXALL_400_US	7615
SEQ_WRITE_8M_US	36991
SEQ_READ_8M_US	263359
SMALL_DELETE_40_US	20033
APPEND_4K_1M_US	70592
APPEND_1K_256K_US	58950
APPEND_READ_1280K_US	44033
LIST_EXNEXT_40_ENTRIES_FIRST_PASS_US	4543
LIST_EXNEXT_40_ENTRIES_REPEAT10_TOTAL_US	28671
LIST_EXALL_40_ENTRIES_FIRST_PASS_US	2240
LIST_EXALL_40_ENTRIES_REPEAT10_TOTAL_US	8320
LIST_EXNEXT_400_ENTRIES_FIRST_PASS_US	41024
LIST_EXNEXT_400_ENTRIES_REPEAT10_TOTAL_US	287103
LIST_EXALL_400_ENTRIES_FIRST_PASS_US	16320
LIST_EXALL_400_ENTRIES_REPEAT10_TOTAL_US	76800
LIST_EXNEXT_1000_ENTRIES_FIRST_PASS_US	94336
LIST_EXNEXT_1000_ENTRIES_REPEAT10_TOTAL_US	726505
LIST_EXALL_1000_ENTRIES_FIRST_PASS_US	41023
LIST_EXALL_1000_ENTRIES_REPEAT10_TOTAL_US	191231
PASS	1

=== PFS3 Results ===
FS_COMPARE_BENCH	4
DRIVE	DH2:
SMALL_CREATE_40_US	16960
LOOKUP_400_US	67199
SMALL_READ_40_US	14080
LIST_EXNEXT_400_US	12480
LIST_EXALL_400_US	2687
SEQ_WRITE_8M_US	40320
SEQ_READ_8M_US	271724
SMALL_DELETE_40_US	8064
APPEND_4K_1M_US	32257
APPEND_1K_256K_US	23021
APPEND_READ_1280K_US	41196
LIST_EXNEXT_40_ENTRIES_FIRST_PASS_US	1664
LIST_EXNEXT_40_ENTRIES_REPEAT10_TOTAL_US	14400
LIST_EXALL_40_ENTRIES_FIRST_PASS_US	1025
LIST_EXALL_40_ENTRIES_REPEAT10_TOTAL_US	3648
LIST_EXNEXT_400_ENTRIES_FIRST_PASS_US	20351
LIST_EXNEXT_400_ENTRIES_REPEAT10_TOTAL_US	113473
LIST_EXALL_400_ENTRIES_FIRST_PASS_US	3200
LIST_EXALL_400_ENTRIES_REPEAT10_TOTAL_US	20289
LIST_EXNEXT_1000_ENTRIES_FIRST_PASS_US	30720
LIST_EXNEXT_1000_ENTRIES_REPEAT10_TOTAL_US	281087
LIST_EXALL_1000_ENTRIES_FIRST_PASS_US	6784
LIST_EXALL_1000_ENTRIES_REPEAT10_TOTAL_US	63488
PASS	1
PASS: requested mounted-volume workload outputs are complete and data-checked
