=== BFS vs PFS3 Benchmark (FS-UAE 68040) ===
Evidence directory: /home/fabian/.cache/bfs-performance/metadata-2026-10-08.QvzB5w/build/benchmark/metadata-v4-c8-20261008-m2-1-bfs-first
Mode: compare
Timeout: 600s


=== Machine Info ===
# Machine Info
Kickstart 47.102, Workbench 47.2
System: 68040 68040/060-FPU   (INST: Cache Burst) (DATA: NoCache NoBurst)
Type  Available    In-Use   Maximum   Largest
chip    2028040     52728   2080768   2027968
fast    7690976    697632   8388608   7685936
total   9719016    750360  10469376   7685936


Mounted disks:
Unit      Size       Used       Free Full Errs   Status   Name
DF0       No disk present
DH0      4095M    4194304    4194303  50%   0  Read/Write System
DH1       255M         36      65372   0%   0  Read/Write BFSTest
DH2       Not a DOS disk

Volumes available:
BFSTest [Mounted]
System [Mounted]

=== BFS Results ===
FS_COMPARE_BENCH	4
DRIVE	DH1:
SMALL_CREATE_40_US	29311
LOOKUP_400_US	75135
SMALL_READ_40_US	19328
LIST_EXNEXT_400_US	31551
LIST_EXALL_400_US	8384
SEQ_WRITE_8M_US	36479
SEQ_READ_8M_US	264767
SMALL_DELETE_40_US	17535
APPEND_4K_1M_US	70656
APPEND_1K_256K_US	58239
APPEND_READ_1280K_US	44480
LIST_EXNEXT_40_ENTRIES_FIRST_PASS_US	6400
LIST_EXNEXT_40_ENTRIES_REPEAT10_TOTAL_US	33663
LIST_EXALL_40_ENTRIES_FIRST_PASS_US	3776
LIST_EXALL_40_ENTRIES_REPEAT10_TOTAL_US	8960
LIST_EXNEXT_400_ENTRIES_FIRST_PASS_US	61566
LIST_EXNEXT_400_ENTRIES_REPEAT10_TOTAL_US	639101
LIST_EXALL_400_ENTRIES_FIRST_PASS_US	47487
LIST_EXALL_400_ENTRIES_REPEAT10_TOTAL_US	409469
LIST_EXNEXT_1000_ENTRIES_FIRST_PASS_US	164350
LIST_EXNEXT_1000_ENTRIES_REPEAT10_TOTAL_US	1708344
LIST_EXALL_1000_ENTRIES_FIRST_PASS_US	99328
LIST_EXALL_1000_ENTRIES_REPEAT10_TOTAL_US	1051899
PASS	1

=== PFS3 Results ===
FS_COMPARE_BENCH	4
DRIVE	DH2:
SMALL_CREATE_40_US	18240
LOOKUP_400_US	68352
SMALL_READ_40_US	14337
LIST_EXNEXT_400_US	12990
LIST_EXALL_400_US	2560
SEQ_WRITE_8M_US	38975
SEQ_READ_8M_US	255807
SMALL_DELETE_40_US	8255
APPEND_4K_1M_US	32767
APPEND_1K_256K_US	23552
APPEND_READ_1280K_US	41599
LIST_EXNEXT_40_ENTRIES_FIRST_PASS_US	1600
LIST_EXNEXT_40_ENTRIES_REPEAT10_TOTAL_US	15937
LIST_EXALL_40_ENTRIES_FIRST_PASS_US	576
LIST_EXALL_40_ENTRIES_REPEAT10_TOTAL_US	2560
LIST_EXNEXT_400_ENTRIES_FIRST_PASS_US	24703
LIST_EXNEXT_400_ENTRIES_REPEAT10_TOTAL_US	200448
LIST_EXALL_400_ENTRIES_FIRST_PASS_US	3005
LIST_EXALL_400_ENTRIES_REPEAT10_TOTAL_US	21165
LIST_EXNEXT_1000_ENTRIES_FIRST_PASS_US	31808
LIST_EXNEXT_1000_ENTRIES_REPEAT10_TOTAL_US	305151
LIST_EXALL_1000_ENTRIES_FIRST_PASS_US	6592
LIST_EXALL_1000_ENTRIES_REPEAT10_TOTAL_US	51200
PASS	1
PASS: requested mounted-volume workload outputs are complete and data-checked
