=== BFS vs PFS3 Benchmark (FS-UAE 68040) ===
Evidence directory: /home/fabian/.cache/bfs-performance/prodcodegen-pilot-2026-10-10.rjXGlO/results/prodcodegen-3-bfs-first-base
Mode: compare
Timeout: 600s


=== Machine Info ===
# Machine Info
Kickstart 47.102, Workbench 47.2
System: 68040 68040/060-FPU   (INST: Cache Burst) (DATA: NoCache NoBurst)
Type  Available    In-Use   Maximum   Largest
chip    2028040     52728   2080768   2027968
fast    7533080    855528   8388608   7528008
total   9561120    908256  10469376   7528008


Mounted disks:
Unit      Size       Used       Free Full Errs   Status   Name
DF0       No disk present
DH0      4095M    4194304    4194303  50%   0  Read/Write System
DH1       255M         36      65372   0%   0  Read/Write BFSTest
DH2       Not a DOS disk

Volumes available:
BFSTest [Mounted]
System [Mounted]

=== BFS Results ===
FS_COMPARE_BENCH	4
DRIVE	DH1:
SMALL_CREATE_40_US	30656
LOOKUP_400_US	61823
SMALL_READ_40_US	19392
LIST_EXNEXT_400_US	28288
LIST_EXALL_400_US	7809
SEQ_WRITE_8M_US	37055
SEQ_READ_8M_US	272638
SMALL_DELETE_40_US	14847
APPEND_4K_1M_US	69632
APPEND_1K_256K_US	57983
APPEND_READ_1280K_US	45312
LIST_EXNEXT_40_ENTRIES_FIRST_PASS_US	5889
LIST_EXNEXT_40_ENTRIES_REPEAT10_TOTAL_US	29888
LIST_EXALL_40_ENTRIES_FIRST_PASS_US	2047
LIST_EXALL_40_ENTRIES_REPEAT10_TOTAL_US	8704
LIST_EXNEXT_400_ENTRIES_FIRST_PASS_US	37823
LIST_EXNEXT_400_ENTRIES_REPEAT10_TOTAL_US	297472
LIST_EXALL_400_ENTRIES_FIRST_PASS_US	16959
LIST_EXALL_400_ENTRIES_REPEAT10_TOTAL_US	80639
LIST_EXNEXT_1000_ENTRIES_FIRST_PASS_US	93633
LIST_EXNEXT_1000_ENTRIES_REPEAT10_TOTAL_US	734650
LIST_EXALL_1000_ENTRIES_FIRST_PASS_US	43713
LIST_EXALL_1000_ENTRIES_REPEAT10_TOTAL_US	200191
PASS	1

=== PFS3 Results ===
FS_COMPARE_BENCH	4
DRIVE	DH2:
SMALL_CREATE_40_US	16383
LOOKUP_400_US	65214
SMALL_READ_40_US	13760
LIST_EXNEXT_400_US	11712
LIST_EXALL_400_US	2433
SEQ_WRITE_8M_US	39103
SEQ_READ_8M_US	266431
SMALL_DELETE_40_US	7872
APPEND_4K_1M_US	33984
APPEND_1K_256K_US	23936
APPEND_READ_1280K_US	39935
LIST_EXNEXT_40_ENTRIES_FIRST_PASS_US	1600
LIST_EXNEXT_40_ENTRIES_REPEAT10_TOTAL_US	12223
LIST_EXALL_40_ENTRIES_FIRST_PASS_US	512
LIST_EXALL_40_ENTRIES_REPEAT10_TOTAL_US	2431
LIST_EXNEXT_400_ENTRIES_FIRST_PASS_US	12545
LIST_EXNEXT_400_ENTRIES_REPEAT10_TOTAL_US	112126
LIST_EXALL_400_ENTRIES_FIRST_PASS_US	2623
LIST_EXALL_400_ENTRIES_REPEAT10_TOTAL_US	20671
LIST_EXNEXT_1000_ENTRIES_FIRST_PASS_US	32192
LIST_EXNEXT_1000_ENTRIES_REPEAT10_TOTAL_US	288447
LIST_EXALL_1000_ENTRIES_FIRST_PASS_US	7425
LIST_EXALL_1000_ENTRIES_REPEAT10_TOTAL_US	49728
PASS	1
PASS: requested mounted-volume workload outputs are complete and data-checked
