=== BFS vs PFS3 Benchmark (FS-UAE 68040) ===
Evidence directory: /home/fabian/.cache/bfs-performance/sparse-crc-2026-10-09.xN615F/candidate/build/benchmark/sparse-durable-20261009-m5-8-pfs3-first
Mode: durable-compare
Timeout: 600s


=== Machine Info ===
# Machine Info
Kickstart 47.102, Workbench 47.2
System: 68040 68040/060-FPU   (INST: Cache Burst) (DATA: NoCache NoBurst)
Type  Available    In-Use   Maximum   Largest
chip    2028040     52728   2080768   2027968
fast    7687256    701352   8388608   7682200
total   9715296    754080  10469376   7682200


Mounted disks:
Unit      Size       Used       Free Full Errs   Status   Name
DF0       No disk present
DH0      4095M    4194304    4194303  50%   0  Read/Write System
DH1       255M         36      65372   0%   0  Read/Write BFSTest
DH2       Not a DOS disk

Volumes available:
BFSTest [Mounted]
System [Mounted]

=== BFS Results ===
FS_DURABLE_COMPARE	4
DRIVE	DH1:
SMALL_CREATE_40_US	35328
LOOKUP_400_US	77247
SMALL_READ_40_US	25280
LIST_EXNEXT_400_US	62016
LIST_EXALL_400_US	22720
SEQ_WRITE_8M_US	80128
SEQ_READ_8M_US	295165
SMALL_DELETE_40_US	22080
APPEND_4K_1M_US	78400
APPEND_1K_256K_US	91968
APPEND_READ_1280K_US	48000
LIST_EXNEXT_40_ENTRIES_FIRST_PASS_US	6143
LIST_EXNEXT_40_ENTRIES_REPEAT10_TOTAL_US	32128
LIST_EXALL_40_ENTRIES_FIRST_PASS_US	3840
LIST_EXALL_40_ENTRIES_REPEAT10_TOTAL_US	9536
LIST_EXNEXT_400_ENTRIES_FIRST_PASS_US	57600
LIST_EXNEXT_400_ENTRIES_REPEAT10_TOTAL_US	728573
LIST_EXALL_400_ENTRIES_FIRST_PASS_US	49473
LIST_EXALL_400_ENTRIES_REPEAT10_TOTAL_US	472062
LIST_EXNEXT_1000_ENTRIES_FIRST_PASS_US	191872
LIST_EXNEXT_1000_ENTRIES_REPEAT10_TOTAL_US	1742262
LIST_EXALL_1000_ENTRIES_FIRST_PASS_US	88513
LIST_EXALL_1000_ENTRIES_REPEAT10_TOTAL_US	968569
PASS	1

=== PFS3 Results ===
FS_DURABLE_COMPARE	4
DRIVE	DH2:
SMALL_CREATE_40_US	18934
LOOKUP_400_US	67903
SMALL_READ_40_US	16320
LIST_EXNEXT_400_US	16192
LIST_EXALL_400_US	2560
SEQ_WRITE_8M_US	44608
SEQ_READ_8M_US	289661
SMALL_DELETE_40_US	9056
APPEND_4K_1M_US	34688
APPEND_1K_256K_US	24705
APPEND_READ_1280K_US	40959
LIST_EXNEXT_40_ENTRIES_FIRST_PASS_US	1856
LIST_EXNEXT_40_ENTRIES_REPEAT10_TOTAL_US	12094
LIST_EXALL_40_ENTRIES_FIRST_PASS_US	577
LIST_EXALL_40_ENTRIES_REPEAT10_TOTAL_US	2495
LIST_EXNEXT_400_ENTRIES_FIRST_PASS_US	13440
LIST_EXNEXT_400_ENTRIES_REPEAT10_TOTAL_US	113856
LIST_EXALL_400_ENTRIES_FIRST_PASS_US	2943
LIST_EXALL_400_ENTRIES_REPEAT10_TOTAL_US	20672
LIST_EXNEXT_1000_ENTRIES_FIRST_PASS_US	33920
LIST_EXNEXT_1000_ENTRIES_REPEAT10_TOTAL_US	325630
LIST_EXALL_1000_ENTRIES_FIRST_PASS_US	6463
LIST_EXALL_1000_ENTRIES_REPEAT10_TOTAL_US	51456
PASS	1
PASS: requested mounted-volume workload outputs are complete and data-checked
