=== BFS vs PFS3 Benchmark (FS-UAE 68040) ===
Evidence directory: /home/fabian/.cache/bfs-performance/sparse-crc-2026-10-09.xN615F/candidate/build/benchmark/sparse-confirmation-20261009/confirm-normal-m5-6-pfs3-first
Mode: compare
Timeout: 600s


=== Machine Info ===
# Machine Info
Kickstart 47.102, Workbench 47.2
System: 68040 68040/060-FPU   (INST: Cache Burst) (DATA: NoCache NoBurst)
Type  Available    In-Use   Maximum   Largest
chip    2028040     52728   2080768   2027968
fast    7687256    701352   8388608   7682200
total   9715296    754080  10469376   7682200


Mounted disks:
Unit      Size       Used       Free Full Errs   Status   Name
DF0       No disk present
DH0      4095M    4194304    4194303  50%   0  Read/Write System
DH1       255M         36      65372   0%   0  Read/Write BFSTest
DH2       Not a DOS disk

Volumes available:
BFSTest [Mounted]
System [Mounted]

=== BFS Results ===
FS_COMPARE_BENCH	4
DRIVE	DH1:
SMALL_CREATE_40_US	30528
LOOKUP_400_US	79104
SMALL_READ_40_US	20031
LIST_EXNEXT_400_US	31488
LIST_EXALL_400_US	9088
SEQ_WRITE_8M_US	55680
SEQ_READ_8M_US	297022
SMALL_DELETE_40_US	21375
APPEND_4K_1M_US	108031
APPEND_1K_256K_US	118911
APPEND_READ_1280K_US	52672
LIST_EXNEXT_40_ENTRIES_FIRST_PASS_US	8065
LIST_EXNEXT_40_ENTRIES_REPEAT10_TOTAL_US	40577
LIST_EXALL_40_ENTRIES_FIRST_PASS_US	3648
LIST_EXALL_40_ENTRIES_REPEAT10_TOTAL_US	9663
LIST_EXNEXT_400_ENTRIES_FIRST_PASS_US	54656
LIST_EXNEXT_400_ENTRIES_REPEAT10_TOTAL_US	612733
LIST_EXALL_400_ENTRIES_FIRST_PASS_US	33344
LIST_EXALL_400_ENTRIES_REPEAT10_TOTAL_US	412157
LIST_EXNEXT_1000_ENTRIES_FIRST_PASS_US	142016
LIST_EXNEXT_1000_ENTRIES_REPEAT10_TOTAL_US	1489592
LIST_EXALL_1000_ENTRIES_FIRST_PASS_US	91585
LIST_EXALL_1000_ENTRIES_REPEAT10_TOTAL_US	935354
PASS	1

=== PFS3 Results ===
FS_COMPARE_BENCH	4
DRIVE	DH2:
SMALL_CREATE_40_US	18880
LOOKUP_400_US	70911
SMALL_READ_40_US	15105
LIST_EXNEXT_400_US	12544
LIST_EXALL_400_US	2497
SEQ_WRITE_8M_US	41024
SEQ_READ_8M_US	264830
SMALL_DELETE_40_US	8320
APPEND_4K_1M_US	32640
APPEND_1K_256K_US	25728
APPEND_READ_1280K_US	57472
LIST_EXNEXT_40_ENTRIES_FIRST_PASS_US	1920
LIST_EXNEXT_40_ENTRIES_REPEAT10_TOTAL_US	12096
LIST_EXALL_40_ENTRIES_FIRST_PASS_US	704
LIST_EXALL_40_ENTRIES_REPEAT10_TOTAL_US	2431
LIST_EXNEXT_400_ENTRIES_FIRST_PASS_US	12993
LIST_EXNEXT_400_ENTRIES_REPEAT10_TOTAL_US	115326
LIST_EXALL_400_ENTRIES_FIRST_PASS_US	2880
LIST_EXALL_400_ENTRIES_REPEAT10_TOTAL_US	20928
LIST_EXNEXT_1000_ENTRIES_FIRST_PASS_US	31808
LIST_EXNEXT_1000_ENTRIES_REPEAT10_TOTAL_US	333438
LIST_EXALL_1000_ENTRIES_FIRST_PASS_US	15680
LIST_EXALL_1000_ENTRIES_REPEAT10_TOTAL_US	64704
PASS	1
PASS: requested mounted-volume workload outputs are complete and data-checked
