=== BFS vs PFS3 Benchmark (FS-UAE 68040) ===
Evidence directory: /home/fabian/.cache/bfs-performance/sparse-crc-2026-10-09.xN615F/candidate/build/benchmark/sparse-confirmation-20261009/confirm-normal-sparse-4-pfs3-first
Mode: compare
Timeout: 600s


=== Machine Info ===
# Machine Info
Kickstart 47.102, Workbench 47.2
System: 68040 68040/060-FPU   (INST: Cache Burst) (DATA: NoCache NoBurst)
Type  Available    In-Use   Maximum   Largest
chip    2028040     52728   2080768   2027968
fast    7686824    701784   8388608   7681768
total   9714864    754512  10469376   7681768


Mounted disks:
Unit      Size       Used       Free Full Errs   Status   Name
DF0       No disk present
DH0      4095M    4194304    4194303  50%   0  Read/Write System
DH1       255M         36      65372   0%   0  Read/Write BFSTest
DH2       Not a DOS disk

Volumes available:
BFSTest [Mounted]
System [Mounted]

=== BFS Results ===
FS_COMPARE_BENCH	4
DRIVE	DH1:
SMALL_CREATE_40_US	36352
LOOKUP_400_US	76736
SMALL_READ_40_US	21184
LIST_EXNEXT_400_US	31743
LIST_EXALL_400_US	9279
SEQ_WRITE_8M_US	40192
SEQ_READ_8M_US	270653
SMALL_DELETE_40_US	17792
APPEND_4K_1M_US	84031
APPEND_1K_256K_US	63743
APPEND_READ_1280K_US	46205
LIST_EXNEXT_40_ENTRIES_FIRST_PASS_US	6336
LIST_EXNEXT_40_ENTRIES_REPEAT10_TOTAL_US	34944
LIST_EXALL_40_ENTRIES_FIRST_PASS_US	7615
LIST_EXALL_40_ENTRIES_REPEAT10_TOTAL_US	16510
LIST_EXNEXT_400_ENTRIES_FIRST_PASS_US	73920
LIST_EXNEXT_400_ENTRIES_REPEAT10_TOTAL_US	628028
LIST_EXALL_400_ENTRIES_FIRST_PASS_US	44031
LIST_EXALL_400_ENTRIES_REPEAT10_TOTAL_US	338109
LIST_EXNEXT_1000_ENTRIES_FIRST_PASS_US	140479
LIST_EXNEXT_1000_ENTRIES_REPEAT10_TOTAL_US	1573686
LIST_EXALL_1000_ENTRIES_FIRST_PASS_US	74176
LIST_EXALL_1000_ENTRIES_REPEAT10_TOTAL_US	794364
PASS	1

=== PFS3 Results ===
FS_COMPARE_BENCH	4
DRIVE	DH2:
SMALL_CREATE_40_US	17472
LOOKUP_400_US	69313
SMALL_READ_40_US	26751
LIST_EXNEXT_400_US	34046
LIST_EXALL_400_US	7041
SEQ_WRITE_8M_US	76031
SEQ_READ_8M_US	335934
SMALL_DELETE_40_US	9600
APPEND_4K_1M_US	51263
APPEND_1K_256K_US	32064
APPEND_READ_1280K_US	47360
LIST_EXNEXT_40_ENTRIES_FIRST_PASS_US	2112
LIST_EXNEXT_40_ENTRIES_REPEAT10_TOTAL_US	13505
LIST_EXALL_40_ENTRIES_FIRST_PASS_US	705
LIST_EXALL_40_ENTRIES_REPEAT10_TOTAL_US	2560
LIST_EXNEXT_400_ENTRIES_FIRST_PASS_US	12864
LIST_EXNEXT_400_ENTRIES_REPEAT10_TOTAL_US	115199
LIST_EXALL_400_ENTRIES_FIRST_PASS_US	3007
LIST_EXALL_400_ENTRIES_REPEAT10_TOTAL_US	20545
LIST_EXNEXT_1000_ENTRIES_FIRST_PASS_US	33471
LIST_EXNEXT_1000_ENTRIES_REPEAT10_TOTAL_US	299007
LIST_EXALL_1000_ENTRIES_FIRST_PASS_US	6656
LIST_EXALL_1000_ENTRIES_REPEAT10_TOTAL_US	53695
PASS	1
PASS: requested mounted-volume workload outputs are complete and data-checked
