=== BFS vs PFS3 Benchmark (FS-UAE 68040) ===
Evidence directory: /home/fabian/.cache/bfs-performance/sparse-crc-2026-10-09.xN615F/candidate/build/benchmark/sparse-confirmation-20261009/confirm-aa-durable-m5b-1-bfs-first
Mode: durable-compare
Timeout: 600s


=== Machine Info ===
# Machine Info
Kickstart 47.102, Workbench 47.2
System: 68040 68040/060-FPU   (INST: Cache Burst) (DATA: NoCache NoBurst)
Type  Available    In-Use   Maximum   Largest
chip    2028040     52728   2080768   2027968
fast    7687256    701352   8388608   7682200
total   9715296    754080  10469376   7682200


Mounted disks:
Unit      Size       Used       Free Full Errs   Status   Name
DF0       No disk present
DH0      4095M    4194304    4194303  50%   0  Read/Write System
DH1       255M         36      65372   0%   0  Read/Write BFSTest
DH2       Not a DOS disk

Volumes available:
BFSTest [Mounted]
System [Mounted]

=== BFS Results ===
FS_DURABLE_COMPARE	4
DRIVE	DH1:
SMALL_CREATE_40_US	34752
LOOKUP_400_US	130687
SMALL_READ_40_US	20928
LIST_EXNEXT_400_US	32511
LIST_EXALL_400_US	9280
SEQ_WRITE_8M_US	42495
SEQ_READ_8M_US	321790
SMALL_DELETE_40_US	38754
APPEND_4K_1M_US	82047
APPEND_1K_256K_US	69440
APPEND_READ_1280K_US	65920
LIST_EXNEXT_40_ENTRIES_FIRST_PASS_US	6080
LIST_EXNEXT_40_ENTRIES_REPEAT10_TOTAL_US	32128
LIST_EXALL_40_ENTRIES_FIRST_PASS_US	3712
LIST_EXALL_40_ENTRIES_REPEAT10_TOTAL_US	9728
LIST_EXNEXT_400_ENTRIES_FIRST_PASS_US	56319
LIST_EXNEXT_400_ENTRIES_REPEAT10_TOTAL_US	597245
LIST_EXALL_400_ENTRIES_FIRST_PASS_US	34815
LIST_EXALL_400_ENTRIES_REPEAT10_TOTAL_US	370175
LIST_EXNEXT_1000_ENTRIES_FIRST_PASS_US	148287
LIST_EXNEXT_1000_ENTRIES_REPEAT10_TOTAL_US	1495992
LIST_EXALL_1000_ENTRIES_FIRST_PASS_US	84926
LIST_EXALL_1000_ENTRIES_REPEAT10_TOTAL_US	921529
PASS	1

=== PFS3 Results ===
FS_DURABLE_COMPARE	4
DRIVE	DH2:
SMALL_CREATE_40_US	16065
LOOKUP_400_US	67071
SMALL_READ_40_US	13232
LIST_EXNEXT_400_US	12159
LIST_EXALL_400_US	2495
SEQ_WRITE_8M_US	38400
SEQ_READ_8M_US	266878
SMALL_DELETE_40_US	11008
APPEND_4K_1M_US	38336
APPEND_1K_256K_US	24320
APPEND_READ_1280K_US	40128
LIST_EXNEXT_40_ENTRIES_FIRST_PASS_US	1600
LIST_EXNEXT_40_ENTRIES_REPEAT10_TOTAL_US	12097
LIST_EXALL_40_ENTRIES_FIRST_PASS_US	575
LIST_EXALL_40_ENTRIES_REPEAT10_TOTAL_US	2560
LIST_EXNEXT_400_ENTRIES_FIRST_PASS_US	12800
LIST_EXNEXT_400_ENTRIES_REPEAT10_TOTAL_US	113471
LIST_EXALL_400_ENTRIES_FIRST_PASS_US	2880
LIST_EXALL_400_ENTRIES_REPEAT10_TOTAL_US	20608
LIST_EXNEXT_1000_ENTRIES_FIRST_PASS_US	31488
LIST_EXNEXT_1000_ENTRIES_REPEAT10_TOTAL_US	283647
LIST_EXALL_1000_ENTRIES_FIRST_PASS_US	6720
LIST_EXALL_1000_ENTRIES_REPEAT10_TOTAL_US	51840
PASS	1
PASS: requested mounted-volume workload outputs are complete and data-checked
