=== BFS vs PFS3 Benchmark (FS-UAE 68040) ===
Evidence directory: /home/fabian/.cache/bfs-performance/write-guard-2026-10-09.qG6xKe/results/write-guard-aa-durable-basea-1-pfs3-first
Mode: durable-compare
Timeout: 600s


=== Machine Info ===
# Machine Info
Kickstart 47.102, Workbench 47.2
System: 68040 68040/060-FPU   (INST: Cache Burst) (DATA: NoCache NoBurst)
Type  Available    In-Use   Maximum   Largest
chip    2028040     52728   2080768   2027968
fast    7686824    701784   8388608   7681768
total   9714864    754512  10469376   7681768


Mounted disks:
Unit      Size       Used       Free Full Errs   Status   Name
DF0       No disk present
DH0      4095M    4194304    4194303  50%   0  Read/Write System
DH1       255M         36      65372   0%   0  Read/Write BFSTest
DH2       Not a DOS disk

Volumes available:
BFSTest [Mounted]
System [Mounted]

=== BFS Results ===
FS_DURABLE_COMPARE	4
DRIVE	DH1:
SMALL_CREATE_40_US	31284
LOOKUP_400_US	78463
SMALL_READ_40_US	18751
LIST_EXNEXT_400_US	31231
LIST_EXALL_400_US	9152
SEQ_WRITE_8M_US	41152
SEQ_READ_8M_US	268415
SMALL_DELETE_40_US	20415
APPEND_4K_1M_US	71104
APPEND_1K_256K_US	61823
APPEND_READ_1280K_US	42625
LIST_EXNEXT_40_ENTRIES_FIRST_PASS_US	5440
LIST_EXNEXT_40_ENTRIES_REPEAT10_TOTAL_US	31679
LIST_EXALL_40_ENTRIES_FIRST_PASS_US	3072
LIST_EXALL_40_ENTRIES_REPEAT10_TOTAL_US	9665
LIST_EXNEXT_400_ENTRIES_FIRST_PASS_US	49471
LIST_EXNEXT_400_ENTRIES_REPEAT10_TOTAL_US	522303
LIST_EXALL_400_ENTRIES_FIRST_PASS_US	28863
LIST_EXALL_400_ENTRIES_REPEAT10_TOTAL_US	333694
LIST_EXNEXT_1000_ENTRIES_FIRST_PASS_US	133119
LIST_EXNEXT_1000_ENTRIES_REPEAT10_TOTAL_US	1432375
LIST_EXALL_1000_ENTRIES_FIRST_PASS_US	79103
LIST_EXALL_1000_ENTRIES_REPEAT10_TOTAL_US	833275
PASS	1

=== PFS3 Results ===
FS_DURABLE_COMPARE	4
DRIVE	DH2:
SMALL_CREATE_40_US	23232
LOOKUP_400_US	76351
SMALL_READ_40_US	13120
LIST_EXNEXT_400_US	12415
LIST_EXALL_400_US	2497
SEQ_WRITE_8M_US	36352
SEQ_READ_8M_US	272959
SMALL_DELETE_40_US	9024
APPEND_4K_1M_US	32994
APPEND_1K_256K_US	23873
APPEND_READ_1280K_US	43136
LIST_EXNEXT_40_ENTRIES_FIRST_PASS_US	1665
LIST_EXNEXT_40_ENTRIES_REPEAT10_TOTAL_US	11968
LIST_EXALL_40_ENTRIES_FIRST_PASS_US	512
LIST_EXALL_40_ENTRIES_REPEAT10_TOTAL_US	2495
LIST_EXNEXT_400_ENTRIES_FIRST_PASS_US	12352
LIST_EXNEXT_400_ENTRIES_REPEAT10_TOTAL_US	114112
LIST_EXALL_400_ENTRIES_FIRST_PASS_US	2816
LIST_EXALL_400_ENTRIES_REPEAT10_TOTAL_US	20543
LIST_EXNEXT_1000_ENTRIES_FIRST_PASS_US	31522
LIST_EXNEXT_1000_ENTRIES_REPEAT10_TOTAL_US	310781
LIST_EXALL_1000_ENTRIES_FIRST_PASS_US	8000
LIST_EXALL_1000_ENTRIES_REPEAT10_TOTAL_US	52736
PASS	1
PASS: requested mounted-volume workload outputs are complete and data-checked
