=== BFS vs PFS3 Benchmark (FS-UAE 68040) ===
Evidence directory: /home/fabian/.cache/bfs-performance/append-attr-2026-10-10.XtdDJw/results/append-prod-3-bfs-first-ref
Mode: compare
Timeout: 600s


=== Machine Info ===
# Machine Info
Kickstart 47.102, Workbench 47.2
System: 68040 68040/060-FPU   (INST: Cache Burst) (DATA: NoCache NoBurst)
Type  Available    In-Use   Maximum   Largest
chip    2028040     52728   2080768   2027968
fast    7532616    855992   8388608   7527544
total   9560656    908720  10469376   7527544


Mounted disks:
Unit      Size       Used       Free Full Errs   Status   Name
DF0       No disk present
DH0      4095M    4194304    4194303  50%   0  Read/Write System
DH1       255M         36      65372   0%   0  Read/Write BFSTest
DH2       Not a DOS disk

Volumes available:
BFSTest [Mounted]
System [Mounted]

=== BFS Results ===
FS_COMPARE_BENCH	4
DRIVE	DH1:
SMALL_CREATE_40_US	29505
LOOKUP_400_US	58048
SMALL_READ_40_US	16448
LIST_EXNEXT_400_US	27071
LIST_EXALL_400_US	7807
SEQ_WRITE_8M_US	32449
SEQ_READ_8M_US	265918
SMALL_DELETE_40_US	13440
APPEND_4K_1M_US	51776
APPEND_1K_256K_US	42496
APPEND_READ_1280K_US	43903
LIST_EXNEXT_40_ENTRIES_FIRST_PASS_US	4519
LIST_EXNEXT_40_ENTRIES_REPEAT10_TOTAL_US	36800
LIST_EXALL_40_ENTRIES_FIRST_PASS_US	2815
LIST_EXALL_40_ENTRIES_REPEAT10_TOTAL_US	12736
LIST_EXNEXT_400_ENTRIES_FIRST_PASS_US	39743
LIST_EXNEXT_400_ENTRIES_REPEAT10_TOTAL_US	296831
LIST_EXALL_400_ENTRIES_FIRST_PASS_US	16897
LIST_EXALL_400_ENTRIES_REPEAT10_TOTAL_US	81471
LIST_EXNEXT_1000_ENTRIES_FIRST_PASS_US	106751
LIST_EXNEXT_1000_ENTRIES_REPEAT10_TOTAL_US	752892
LIST_EXALL_1000_ENTRIES_FIRST_PASS_US	42175
LIST_EXALL_1000_ENTRIES_REPEAT10_TOTAL_US	214399
PASS	1

=== PFS3 Results ===
FS_COMPARE_BENCH	4
DRIVE	DH2:
SMALL_CREATE_40_US	17343
LOOKUP_400_US	68095
SMALL_READ_40_US	15232
LIST_EXNEXT_400_US	12160
LIST_EXALL_400_US	2605
SEQ_WRITE_8M_US	41280
SEQ_READ_8M_US	266944
SMALL_DELETE_40_US	10303
APPEND_4K_1M_US	34686
APPEND_1K_256K_US	24383
APPEND_READ_1280K_US	41023
LIST_EXNEXT_40_ENTRIES_FIRST_PASS_US	2470
LIST_EXNEXT_40_ENTRIES_REPEAT10_TOTAL_US	16385
LIST_EXALL_40_ENTRIES_FIRST_PASS_US	704
LIST_EXALL_40_ENTRIES_REPEAT10_TOTAL_US	2560
LIST_EXNEXT_400_ENTRIES_FIRST_PASS_US	12862
LIST_EXNEXT_400_ENTRIES_REPEAT10_TOTAL_US	114815
LIST_EXALL_400_ENTRIES_FIRST_PASS_US	4160
LIST_EXALL_400_ENTRIES_REPEAT10_TOTAL_US	20929
LIST_EXNEXT_1000_ENTRIES_FIRST_PASS_US	32128
LIST_EXNEXT_1000_ENTRIES_REPEAT10_TOTAL_US	288317
LIST_EXALL_1000_ENTRIES_FIRST_PASS_US	10815
LIST_EXALL_1000_ENTRIES_REPEAT10_TOTAL_US	53375
PASS	1
PASS: requested mounted-volume workload outputs are complete and data-checked
