=== BFS vs PFS3 Benchmark (FS-UAE 68040) ===
Evidence directory: /home/fabian/.cache/bfs-performance/splitbatch-2026-10-10.USYRpP/results/splitbatch-3-bfs-first-cand
Mode: compare
Timeout: 600s


=== Machine Info ===
# Machine Info
Kickstart 47.102, Workbench 47.2
System: 68040 68040/060-FPU   (INST: Cache Burst) (DATA: NoCache NoBurst)
Type  Available    In-Use   Maximum   Largest
chip    2028040     52728   2080768   2027968
fast    7530480    858128   8388608   7525408
total   9558520    910856  10469376   7525408


Mounted disks:
Unit      Size       Used       Free Full Errs   Status   Name
DF0       No disk present
DH0      4095M    4194304    4194303  50%   0  Read/Write System
DH1       255M         36      65372   0%   0  Read/Write BFSTest
DH2       Not a DOS disk

Volumes available:
BFSTest [Mounted]
System [Mounted]

=== BFS Results ===
FS_COMPARE_BENCH	4
DRIVE	DH1:
SMALL_CREATE_40_US	30528
LOOKUP_400_US	58881
SMALL_READ_40_US	18943
LIST_EXNEXT_400_US	18623
LIST_EXALL_400_US	8064
SEQ_WRITE_8M_US	28927
SEQ_READ_8M_US	279678
SMALL_DELETE_40_US	14528
APPEND_4K_1M_US	54913
APPEND_1K_256K_US	44991
APPEND_READ_1280K_US	44928
LIST_EXNEXT_40_ENTRIES_FIRST_PASS_US	2817
LIST_EXNEXT_40_ENTRIES_REPEAT10_TOTAL_US	20096
LIST_EXALL_40_ENTRIES_FIRST_PASS_US	2048
LIST_EXALL_40_ENTRIES_REPEAT10_TOTAL_US	8960
LIST_EXNEXT_400_ENTRIES_FIRST_PASS_US	24960
LIST_EXNEXT_400_ENTRIES_REPEAT10_TOTAL_US	170750
LIST_EXALL_400_ENTRIES_FIRST_PASS_US	15169
LIST_EXALL_400_ENTRIES_REPEAT10_TOTAL_US	76096
LIST_EXNEXT_1000_ENTRIES_FIRST_PASS_US	70720
LIST_EXNEXT_1000_ENTRIES_REPEAT10_TOTAL_US	429181
LIST_EXALL_1000_ENTRIES_FIRST_PASS_US	36737
LIST_EXALL_1000_ENTRIES_REPEAT10_TOTAL_US	202944
PASS	1

=== PFS3 Results ===
FS_COMPARE_BENCH	4
DRIVE	DH2:
SMALL_CREATE_40_US	17920
LOOKUP_400_US	87360
SMALL_READ_40_US	14592
LIST_EXNEXT_400_US	12032
LIST_EXALL_400_US	2560
SEQ_WRITE_8M_US	37952
SEQ_READ_8M_US	266942
SMALL_DELETE_40_US	8000
APPEND_4K_1M_US	36160
APPEND_1K_256K_US	23105
APPEND_READ_1280K_US	40895
LIST_EXNEXT_40_ENTRIES_FIRST_PASS_US	1663
LIST_EXNEXT_40_ENTRIES_REPEAT10_TOTAL_US	12416
LIST_EXALL_40_ENTRIES_FIRST_PASS_US	704
LIST_EXALL_40_ENTRIES_REPEAT10_TOTAL_US	2560
LIST_EXNEXT_400_ENTRIES_FIRST_PASS_US	13504
LIST_EXNEXT_400_ENTRIES_REPEAT10_TOTAL_US	113534
LIST_EXALL_400_ENTRIES_FIRST_PASS_US	2815
LIST_EXALL_400_ENTRIES_REPEAT10_TOTAL_US	20416
LIST_EXNEXT_1000_ENTRIES_FIRST_PASS_US	32319
LIST_EXNEXT_1000_ENTRIES_REPEAT10_TOTAL_US	291135
LIST_EXALL_1000_ENTRIES_FIRST_PASS_US	6337
LIST_EXALL_1000_ENTRIES_REPEAT10_TOTAL_US	50627
PASS	1
PASS: requested mounted-volume workload outputs are complete and data-checked
