=== BFS vs PFS3 Benchmark (FS-UAE 68040) ===
Evidence directory: /home/fabian/.cache/bfs-performance/splitbatch-2026-10-10.USYRpP/results/splitbatch-5-bfs-first-ref
Mode: compare
Timeout: 600s


=== Machine Info ===
# Machine Info
Kickstart 47.102, Workbench 47.2
System: 68040 68040/060-FPU   (INST: Cache Burst) (DATA: NoCache NoBurst)
Type  Available    In-Use   Maximum   Largest
chip    2028040     52728   2080768   2027968
fast    7531240    857368   8388608   7526176
total   9559280    910096  10469376   7526176


Mounted disks:
Unit      Size       Used       Free Full Errs   Status   Name
DF0       No disk present
DH0      4095M    4194304    4194303  50%   0  Read/Write System
DH1       255M         36      65372   0%   0  Read/Write BFSTest
DH2       Not a DOS disk

Volumes available:
BFSTest [Mounted]
System [Mounted]

=== BFS Results ===
FS_COMPARE_BENCH	4
DRIVE	DH1:
SMALL_CREATE_40_US	29440
LOOKUP_400_US	59328
SMALL_READ_40_US	19200
LIST_EXNEXT_400_US	20288
LIST_EXALL_400_US	7808
SEQ_WRITE_8M_US	29887
SEQ_READ_8M_US	258750
SMALL_DELETE_40_US	14080
APPEND_4K_1M_US	54911
APPEND_1K_256K_US	44543
APPEND_READ_1280K_US	44094
LIST_EXNEXT_40_ENTRIES_FIRST_PASS_US	5055
LIST_EXNEXT_40_ENTRIES_REPEAT10_TOTAL_US	21760
LIST_EXALL_40_ENTRIES_FIRST_PASS_US	2177
LIST_EXALL_40_ENTRIES_REPEAT10_TOTAL_US	8449
LIST_EXNEXT_400_ENTRIES_FIRST_PASS_US	33024
LIST_EXNEXT_400_ENTRIES_REPEAT10_TOTAL_US	220862
LIST_EXALL_400_ENTRIES_FIRST_PASS_US	17855
LIST_EXALL_400_ENTRIES_REPEAT10_TOTAL_US	76223
LIST_EXNEXT_1000_ENTRIES_FIRST_PASS_US	74816
LIST_EXNEXT_1000_ENTRIES_REPEAT10_TOTAL_US	531837
LIST_EXALL_1000_ENTRIES_FIRST_PASS_US	41920
LIST_EXALL_1000_ENTRIES_REPEAT10_TOTAL_US	201469
PASS	1

=== PFS3 Results ===
FS_COMPARE_BENCH	4
DRIVE	DH2:
SMALL_CREATE_40_US	16000
LOOKUP_400_US	67456
SMALL_READ_40_US	14272
LIST_EXNEXT_400_US	11874
LIST_EXALL_400_US	2496
SEQ_WRITE_8M_US	40385
SEQ_READ_8M_US	268030
SMALL_DELETE_40_US	8000
APPEND_4K_1M_US	32128
APPEND_1K_256K_US	22273
APPEND_READ_1280K_US	40320
LIST_EXNEXT_40_ENTRIES_FIRST_PASS_US	1727
LIST_EXNEXT_40_ENTRIES_REPEAT10_TOTAL_US	11777
LIST_EXALL_40_ENTRIES_FIRST_PASS_US	576
LIST_EXALL_40_ENTRIES_REPEAT10_TOTAL_US	2495
LIST_EXNEXT_400_ENTRIES_FIRST_PASS_US	11904
LIST_EXNEXT_400_ENTRIES_REPEAT10_TOTAL_US	109887
LIST_EXALL_400_ENTRIES_FIRST_PASS_US	3137
LIST_EXALL_400_ENTRIES_REPEAT10_TOTAL_US	20287
LIST_EXNEXT_1000_ENTRIES_FIRST_PASS_US	29440
LIST_EXNEXT_1000_ENTRIES_REPEAT10_TOTAL_US	286333
LIST_EXALL_1000_ENTRIES_FIRST_PASS_US	7425
LIST_EXALL_1000_ENTRIES_REPEAT10_TOTAL_US	49280
PASS	1
PASS: requested mounted-volume workload outputs are complete and data-checked
