=== BFS vs PFS3 Benchmark (FS-UAE 68040) ===
Evidence directory: /home/fabian/.cache/bfs-performance/append-attr-2026-10-10.XtdDJw/results/append-prod-1-bfs-first-cand
Mode: compare
Timeout: 600s


=== Machine Info ===
# Machine Info
Kickstart 47.102, Workbench 47.2
System: 68040 68040/060-FPU   (INST: Cache Burst) (DATA: NoCache NoBurst)
Type  Available    In-Use   Maximum   Largest
chip    2028040     52728   2080768   2027968
fast    7531240    857368   8388608   7526176
total   9559280    910096  10469376   7526176


Mounted disks:
Unit      Size       Used       Free Full Errs   Status   Name
DF0       No disk present
DH0      4095M    4194304    4194303  50%   0  Read/Write System
DH1       255M         36      65372   0%   0  Read/Write BFSTest
DH2       Not a DOS disk

Volumes available:
BFSTest [Mounted]
System [Mounted]

=== BFS Results ===
FS_COMPARE_BENCH	4
DRIVE	DH1:
SMALL_CREATE_40_US	30527
LOOKUP_400_US	58175
SMALL_READ_40_US	22208
LIST_EXNEXT_400_US	25343
LIST_EXALL_400_US	7744
SEQ_WRITE_8M_US	28351
SEQ_READ_8M_US	256062
SMALL_DELETE_40_US	13632
APPEND_4K_1M_US	52293
APPEND_1K_256K_US	42816
APPEND_READ_1280K_US	43968
LIST_EXNEXT_40_ENTRIES_FIRST_PASS_US	3712
LIST_EXNEXT_40_ENTRIES_REPEAT10_TOTAL_US	21184
LIST_EXALL_40_ENTRIES_FIRST_PASS_US	1665
LIST_EXALL_40_ENTRIES_REPEAT10_TOTAL_US	8385
LIST_EXNEXT_400_ENTRIES_FIRST_PASS_US	28865
LIST_EXNEXT_400_ENTRIES_REPEAT10_TOTAL_US	213375
LIST_EXALL_400_ENTRIES_FIRST_PASS_US	22528
LIST_EXALL_400_ENTRIES_REPEAT10_TOTAL_US	79808
LIST_EXNEXT_1000_ENTRIES_FIRST_PASS_US	74368
LIST_EXNEXT_1000_ENTRIES_REPEAT10_TOTAL_US	537214
LIST_EXALL_1000_ENTRIES_FIRST_PASS_US	39616
LIST_EXALL_1000_ENTRIES_REPEAT10_TOTAL_US	190016
PASS	1

=== PFS3 Results ===
FS_COMPARE_BENCH	4
DRIVE	DH2:
SMALL_CREATE_40_US	17535
LOOKUP_400_US	76735
SMALL_READ_40_US	14208
LIST_EXNEXT_400_US	11648
LIST_EXALL_400_US	2432
SEQ_WRITE_8M_US	37440
SEQ_READ_8M_US	252990
SMALL_DELETE_40_US	7936
APPEND_4K_1M_US	31872
APPEND_1K_256K_US	22528
APPEND_READ_1280K_US	39936
LIST_EXNEXT_40_ENTRIES_FIRST_PASS_US	1663
LIST_EXNEXT_40_ENTRIES_REPEAT10_TOTAL_US	11905
LIST_EXALL_40_ENTRIES_FIRST_PASS_US	577
LIST_EXALL_40_ENTRIES_REPEAT10_TOTAL_US	2495
LIST_EXNEXT_400_ENTRIES_FIRST_PASS_US	12287
LIST_EXNEXT_400_ENTRIES_REPEAT10_TOTAL_US	120956
LIST_EXALL_400_ENTRIES_FIRST_PASS_US	3070
LIST_EXALL_400_ENTRIES_REPEAT10_TOTAL_US	20287
LIST_EXNEXT_1000_ENTRIES_FIRST_PASS_US	30591
LIST_EXNEXT_1000_ENTRIES_REPEAT10_TOTAL_US	271744
LIST_EXALL_1000_ENTRIES_FIRST_PASS_US	6591
LIST_EXALL_1000_ENTRIES_REPEAT10_TOTAL_US	49217
PASS	1
PASS: requested mounted-volume workload outputs are complete and data-checked
