=== BFS vs PFS3 Benchmark (FS-UAE 68040) ===
Evidence directory: /home/fabian/.cache/bfs-performance/sparse-crc-2026-10-09.xN615F/candidate/build/benchmark/sparse-normal-20261009-sparse-6-pfs3-first
Mode: compare
Timeout: 600s


=== Machine Info ===
# Machine Info
Kickstart 47.102, Workbench 47.2
System: 68040 68040/060-FPU   (INST: Cache Burst) (DATA: NoCache NoBurst)
Type  Available    In-Use   Maximum   Largest
chip    2028040     52728   2080768   2027968
fast    7686824    701784   8388608   7681768
total   9714864    754512  10469376   7681768


Mounted disks:
Unit      Size       Used       Free Full Errs   Status   Name
DF0       No disk present
DH0      4095M    4194304    4194303  50%   0  Read/Write System
DH1       255M         36      65372   0%   0  Read/Write BFSTest
DH2       Not a DOS disk

Volumes available:
BFSTest [Mounted]
System [Mounted]

=== BFS Results ===
FS_COMPARE_BENCH	4
DRIVE	DH1:
SMALL_CREATE_40_US	30784
LOOKUP_400_US	91520
SMALL_READ_40_US	44031
LIST_EXNEXT_400_US	42495
LIST_EXALL_400_US	15680
SEQ_WRITE_8M_US	41472
SEQ_READ_8M_US	259007
SMALL_DELETE_40_US	27136
APPEND_4K_1M_US	92223
APPEND_1K_256K_US	60863
APPEND_READ_1280K_US	43071
LIST_EXNEXT_40_ENTRIES_FIRST_PASS_US	5631
LIST_EXNEXT_40_ENTRIES_REPEAT10_TOTAL_US	31615
LIST_EXALL_40_ENTRIES_FIRST_PASS_US	3073
LIST_EXALL_40_ENTRIES_REPEAT10_TOTAL_US	9728
LIST_EXNEXT_400_ENTRIES_FIRST_PASS_US	52378
LIST_EXNEXT_400_ENTRIES_REPEAT10_TOTAL_US	564476
LIST_EXALL_400_ENTRIES_FIRST_PASS_US	31104
LIST_EXALL_400_ENTRIES_REPEAT10_TOTAL_US	311358
LIST_EXNEXT_1000_ENTRIES_FIRST_PASS_US	134912
LIST_EXNEXT_1000_ENTRIES_REPEAT10_TOTAL_US	1441204
LIST_EXALL_1000_ENTRIES_FIRST_PASS_US	78079
LIST_EXALL_1000_ENTRIES_REPEAT10_TOTAL_US	820732
PASS	1

=== PFS3 Results ===
FS_COMPARE_BENCH	4
DRIVE	DH2:
SMALL_CREATE_40_US	16895
LOOKUP_400_US	66496
SMALL_READ_40_US	14208
LIST_EXNEXT_400_US	12288
LIST_EXALL_400_US	2625
SEQ_WRITE_8M_US	39231
SEQ_READ_8M_US	262206
SMALL_DELETE_40_US	8000
APPEND_4K_1M_US	33086
APPEND_1K_256K_US	23360
APPEND_READ_1280K_US	41088
LIST_EXNEXT_40_ENTRIES_FIRST_PASS_US	1663
LIST_EXNEXT_40_ENTRIES_REPEAT10_TOTAL_US	23423
LIST_EXALL_40_ENTRIES_FIRST_PASS_US	1408
LIST_EXALL_40_ENTRIES_REPEAT10_TOTAL_US	5182
LIST_EXNEXT_400_ENTRIES_FIRST_PASS_US	23488
LIST_EXNEXT_400_ENTRIES_REPEAT10_TOTAL_US	123711
LIST_EXALL_400_ENTRIES_FIRST_PASS_US	3200
LIST_EXALL_400_ENTRIES_REPEAT10_TOTAL_US	20351
LIST_EXNEXT_1000_ENTRIES_FIRST_PASS_US	51008
LIST_EXNEXT_1000_ENTRIES_REPEAT10_TOTAL_US	355196
LIST_EXALL_1000_ENTRIES_FIRST_PASS_US	7296
LIST_EXALL_1000_ENTRIES_REPEAT10_TOTAL_US	49965
PASS	1
PASS: requested mounted-volume workload outputs are complete and data-checked
