=== BFS vs PFS3 Benchmark (FS-UAE 68040) ===
Evidence directory: /home/fabian/.cache/bfs-performance/sparse-crc-2026-10-09.xN615F/candidate/build/benchmark/sparse-durable-20261009-m5-6-pfs3-first
Mode: durable-compare
Timeout: 600s


=== Machine Info ===
# Machine Info
Kickstart 47.102, Workbench 47.2
System: 68040 68040/060-FPU   (INST: Cache Burst) (DATA: NoCache NoBurst)
Type  Available    In-Use   Maximum   Largest
chip    2028040     52728   2080768   2027968
fast    7687256    701352   8388608   7682200
total   9715296    754080  10469376   7682200


Mounted disks:
Unit      Size       Used       Free Full Errs   Status   Name
DF0       No disk present
DH0      4095M    4194304    4194303  50%   0  Read/Write System
DH1       255M         36      65372   0%   0  Read/Write BFSTest
DH2       Not a DOS disk

Volumes available:
BFSTest [Mounted]
System [Mounted]

=== BFS Results ===
FS_DURABLE_COMPARE	4
DRIVE	DH1:
SMALL_CREATE_40_US	33280
LOOKUP_400_US	78719
SMALL_READ_40_US	28158
LIST_EXNEXT_400_US	47615
LIST_EXALL_400_US	9600
SEQ_WRITE_8M_US	43840
SEQ_READ_8M_US	352575
SMALL_DELETE_40_US	20416
APPEND_4K_1M_US	76225
APPEND_1K_256K_US	63425
APPEND_READ_1280K_US	43968
LIST_EXNEXT_40_ENTRIES_FIRST_PASS_US	6016
LIST_EXNEXT_40_ENTRIES_REPEAT10_TOTAL_US	32256
LIST_EXALL_40_ENTRIES_FIRST_PASS_US	3520
LIST_EXALL_40_ENTRIES_REPEAT10_TOTAL_US	9600
LIST_EXNEXT_400_ENTRIES_FIRST_PASS_US	54208
LIST_EXNEXT_400_ENTRIES_REPEAT10_TOTAL_US	570622
LIST_EXALL_400_ENTRIES_FIRST_PASS_US	35610
LIST_EXALL_400_ENTRIES_REPEAT10_TOTAL_US	358398
LIST_EXNEXT_1000_ENTRIES_FIRST_PASS_US	150784
LIST_EXNEXT_1000_ENTRIES_REPEAT10_TOTAL_US	1477497
LIST_EXALL_1000_ENTRIES_FIRST_PASS_US	93696
LIST_EXALL_1000_ENTRIES_REPEAT10_TOTAL_US	959739
PASS	1

=== PFS3 Results ===
FS_DURABLE_COMPARE	4
DRIVE	DH2:
SMALL_CREATE_40_US	18498
LOOKUP_400_US	67711
SMALL_READ_40_US	13953
LIST_EXNEXT_400_US	12543
LIST_EXALL_400_US	2497
SEQ_WRITE_8M_US	41599
SEQ_READ_8M_US	263102
SMALL_DELETE_40_US	8831
APPEND_4K_1M_US	35263
APPEND_1K_256K_US	23872
APPEND_READ_1280K_US	41023
LIST_EXNEXT_40_ENTRIES_FIRST_PASS_US	1728
LIST_EXNEXT_40_ENTRIES_REPEAT10_TOTAL_US	12480
LIST_EXALL_40_ENTRIES_FIRST_PASS_US	640
LIST_EXALL_40_ENTRIES_REPEAT10_TOTAL_US	2496
LIST_EXNEXT_400_ENTRIES_FIRST_PASS_US	13311
LIST_EXNEXT_400_ENTRIES_REPEAT10_TOTAL_US	114878
LIST_EXALL_400_ENTRIES_FIRST_PASS_US	2815
LIST_EXALL_400_ENTRIES_REPEAT10_TOTAL_US	20735
LIST_EXNEXT_1000_ENTRIES_FIRST_PASS_US	32896
LIST_EXNEXT_1000_ENTRIES_REPEAT10_TOTAL_US	329599
LIST_EXALL_1000_ENTRIES_FIRST_PASS_US	8257
LIST_EXALL_1000_ENTRIES_REPEAT10_TOTAL_US	51117
PASS	1
PASS: requested mounted-volume workload outputs are complete and data-checked
