=== BFS vs PFS3 Benchmark (FS-UAE 68040) ===
Evidence directory: /home/fabian/.cache/bfs-performance/sparse-crc-2026-10-09.xN615F/candidate/build/benchmark/sparse-confirmation-20261009/confirm-durable-sparse-4-pfs3-first
Mode: durable-compare
Timeout: 600s


=== Machine Info ===
# Machine Info
Kickstart 47.102, Workbench 47.2
System: 68040 68040/060-FPU   (INST: Cache Burst) (DATA: NoCache NoBurst)
Type  Available    In-Use   Maximum   Largest
chip    2028040     52728   2080768   2027968
fast    7686824    701784   8388608   7681768
total   9714864    754512  10469376   7681768


Mounted disks:
Unit      Size       Used       Free Full Errs   Status   Name
DF0       No disk present
DH0      4095M    4194304    4194303  50%   0  Read/Write System
DH1       255M         36      65372   0%   0  Read/Write BFSTest
DH2       Not a DOS disk

Volumes available:
BFSTest [Mounted]
System [Mounted]

=== BFS Results ===
FS_DURABLE_COMPARE	4
DRIVE	DH1:
SMALL_CREATE_40_US	34368
LOOKUP_400_US	76735
SMALL_READ_40_US	19968
LIST_EXNEXT_400_US	31231
LIST_EXALL_400_US	9344
SEQ_WRITE_8M_US	50623
SEQ_READ_8M_US	294080
SMALL_DELETE_40_US	23744
APPEND_4K_1M_US	86014
APPEND_1K_256K_US	65215
APPEND_READ_1280K_US	43520
LIST_EXNEXT_40_ENTRIES_FIRST_PASS_US	5695
LIST_EXNEXT_40_ENTRIES_REPEAT10_TOTAL_US	31616
LIST_EXALL_40_ENTRIES_FIRST_PASS_US	3711
LIST_EXALL_40_ENTRIES_REPEAT10_TOTAL_US	9408
LIST_EXNEXT_400_ENTRIES_FIRST_PASS_US	52160
LIST_EXNEXT_400_ENTRIES_REPEAT10_TOTAL_US	543421
LIST_EXALL_400_ENTRIES_FIRST_PASS_US	31514
LIST_EXALL_400_ENTRIES_REPEAT10_TOTAL_US	367614
LIST_EXNEXT_1000_ENTRIES_FIRST_PASS_US	162367
LIST_EXNEXT_1000_ENTRIES_REPEAT10_TOTAL_US	1470905
LIST_EXALL_1000_ENTRIES_FIRST_PASS_US	81216
LIST_EXALL_1000_ENTRIES_REPEAT10_TOTAL_US	824698
PASS	1

=== PFS3 Results ===
FS_DURABLE_COMPARE	4
DRIVE	DH2:
SMALL_CREATE_40_US	17856
LOOKUP_400_US	69311
SMALL_READ_40_US	16832
LIST_EXNEXT_400_US	12609
LIST_EXALL_400_US	2495
SEQ_WRITE_8M_US	41471
SEQ_READ_8M_US	261247
SMALL_DELETE_40_US	9793
APPEND_4K_1M_US	36480
APPEND_1K_256K_US	25024
APPEND_READ_1280K_US	40703
LIST_EXNEXT_40_ENTRIES_FIRST_PASS_US	2240
LIST_EXNEXT_40_ENTRIES_REPEAT10_TOTAL_US	16512
LIST_EXALL_40_ENTRIES_FIRST_PASS_US	577
LIST_EXALL_40_ENTRIES_REPEAT10_TOTAL_US	2560
LIST_EXNEXT_400_ENTRIES_FIRST_PASS_US	13888
LIST_EXNEXT_400_ENTRIES_REPEAT10_TOTAL_US	116031
LIST_EXALL_400_ENTRIES_FIRST_PASS_US	3518
LIST_EXALL_400_ENTRIES_REPEAT10_TOTAL_US	20993
LIST_EXNEXT_1000_ENTRIES_FIRST_PASS_US	32448
LIST_EXNEXT_1000_ENTRIES_REPEAT10_TOTAL_US	302335
LIST_EXALL_1000_ENTRIES_FIRST_PASS_US	7615
LIST_EXALL_1000_ENTRIES_REPEAT10_TOTAL_US	60672
PASS	1
PASS: requested mounted-volume workload outputs are complete and data-checked
