=== BFS vs PFS3 Benchmark (FS-UAE 68040) ===
Evidence directory: /home/fabian/.cache/bfs-performance/append-attr2-2026-10-10.xibtLq/results/append2-prod-5-bfs-first-mid
Mode: compare
Timeout: 600s


=== Machine Info ===
# Machine Info
Kickstart 47.102, Workbench 47.2
System: 68040 68040/060-FPU   (INST: Cache Burst) (DATA: NoCache NoBurst)
Type  Available    In-Use   Maximum   Largest
chip    2028040     52728   2080768   2027968
fast    7532072    856536   8388608   7526984
total   9560112    909264  10469376   7526984


Mounted disks:
Unit      Size       Used       Free Full Errs   Status   Name
DF0       No disk present
DH0      4095M    4194304    4194303  50%   0  Read/Write System
DH1       255M         36      65372   0%   0  Read/Write BFSTest
DH2       Not a DOS disk

Volumes available:
BFSTest [Mounted]
System [Mounted]

=== BFS Results ===
FS_COMPARE_BENCH	4
DRIVE	DH1:
SMALL_CREATE_40_US	31233
LOOKUP_400_US	59392
SMALL_READ_40_US	18880
LIST_EXNEXT_400_US	28225
LIST_EXALL_400_US	7936
SEQ_WRITE_8M_US	29695
SEQ_READ_8M_US	257534
SMALL_DELETE_40_US	13631
APPEND_4K_1M_US	53055
APPEND_1K_256K_US	43520
APPEND_READ_1280K_US	44416
LIST_EXNEXT_40_ENTRIES_FIRST_PASS_US	4415
LIST_EXNEXT_40_ENTRIES_REPEAT10_TOTAL_US	28671
LIST_EXALL_40_ENTRIES_FIRST_PASS_US	1727
LIST_EXALL_40_ENTRIES_REPEAT10_TOTAL_US	8447
LIST_EXNEXT_400_ENTRIES_FIRST_PASS_US	36671
LIST_EXNEXT_400_ENTRIES_REPEAT10_TOTAL_US	283373
LIST_EXALL_400_ENTRIES_FIRST_PASS_US	16064
LIST_EXALL_400_ENTRIES_REPEAT10_TOTAL_US	80896
LIST_EXNEXT_1000_ENTRIES_FIRST_PASS_US	101951
LIST_EXNEXT_1000_ENTRIES_REPEAT10_TOTAL_US	719033
LIST_EXALL_1000_ENTRIES_FIRST_PASS_US	38464
LIST_EXALL_1000_ENTRIES_REPEAT10_TOTAL_US	203519
PASS	1

=== PFS3 Results ===
FS_COMPARE_BENCH	4
DRIVE	DH2:
SMALL_CREATE_40_US	16320
LOOKUP_400_US	66111
SMALL_READ_40_US	15232
LIST_EXNEXT_400_US	11968
LIST_EXALL_400_US	2497
SEQ_WRITE_8M_US	40000
SEQ_READ_8M_US	252864
SMALL_DELETE_40_US	9856
APPEND_4K_1M_US	41151
APPEND_1K_256K_US	23424
APPEND_READ_1280K_US	41280
LIST_EXNEXT_40_ENTRIES_FIRST_PASS_US	1601
LIST_EXNEXT_40_ENTRIES_REPEAT10_TOTAL_US	11903
LIST_EXALL_40_ENTRIES_FIRST_PASS_US	574
LIST_EXALL_40_ENTRIES_REPEAT10_TOTAL_US	2496
LIST_EXNEXT_400_ENTRIES_FIRST_PASS_US	12160
LIST_EXNEXT_400_ENTRIES_REPEAT10_TOTAL_US	123263
LIST_EXALL_400_ENTRIES_FIRST_PASS_US	2815
LIST_EXALL_400_ENTRIES_REPEAT10_TOTAL_US	20415
LIST_EXNEXT_1000_ENTRIES_FIRST_PASS_US	31168
LIST_EXNEXT_1000_ENTRIES_REPEAT10_TOTAL_US	277118
LIST_EXALL_1000_ENTRIES_FIRST_PASS_US	6335
LIST_EXALL_1000_ENTRIES_REPEAT10_TOTAL_US	49408
PASS	1
PASS: requested mounted-volume workload outputs are complete and data-checked
