=== BFS vs PFS3 Benchmark (FS-UAE 68040) ===
Evidence directory: /home/fabian/.cache/bfs-performance/goal-root-2026-10-09.iikmxS/results/goal-root-durable-base-2-pfs3-first
Mode: durable-compare
Timeout: 600s


=== Machine Info ===
# Machine Info
Kickstart 47.102, Workbench 47.2
System: 68040 68040/060-FPU   (INST: Cache Burst) (DATA: NoCache NoBurst)
Type  Available    In-Use   Maximum   Largest
chip    2028040     52728   2080768   2027968
fast    7686824    701784   8388608   7681768
total   9714864    754512  10469376   7681768


Mounted disks:
Unit      Size       Used       Free Full Errs   Status   Name
DF0       No disk present
DH0      4095M    4194304    4194303  50%   0  Read/Write System
DH1       255M         36      65372   0%   0  Read/Write BFSTest
DH2       Not a DOS disk

Volumes available:
BFSTest [Mounted]
System [Mounted]

=== BFS Results ===
FS_DURABLE_COMPARE	4
DRIVE	DH1:
SMALL_CREATE_40_US	32321
LOOKUP_400_US	74752
SMALL_READ_40_US	18816
LIST_EXNEXT_400_US	30655
LIST_EXALL_400_US	9088
SEQ_WRITE_8M_US	49920
SEQ_READ_8M_US	259199
SMALL_DELETE_40_US	19905
APPEND_4K_1M_US	73248
APPEND_1K_256K_US	60991
APPEND_READ_1280K_US	42049
LIST_EXNEXT_40_ENTRIES_FIRST_PASS_US	5377
LIST_EXNEXT_40_ENTRIES_REPEAT10_TOTAL_US	31168
LIST_EXALL_40_ENTRIES_FIRST_PASS_US	3072
LIST_EXALL_40_ENTRIES_REPEAT10_TOTAL_US	9409
LIST_EXNEXT_400_ENTRIES_FIRST_PASS_US	50239
LIST_EXNEXT_400_ENTRIES_REPEAT10_TOTAL_US	515966
LIST_EXALL_400_ENTRIES_FIRST_PASS_US	29183
LIST_EXALL_400_ENTRIES_REPEAT10_TOTAL_US	292287
LIST_EXNEXT_1000_ENTRIES_FIRST_PASS_US	123327
LIST_EXNEXT_1000_ENTRIES_REPEAT10_TOTAL_US	1364409
LIST_EXALL_1000_ENTRIES_FIRST_PASS_US	69696
LIST_EXALL_1000_ENTRIES_REPEAT10_TOTAL_US	809915
PASS	1

=== PFS3 Results ===
FS_DURABLE_COMPARE	4
DRIVE	DH2:
SMALL_CREATE_40_US	17410
LOOKUP_400_US	66686
SMALL_READ_40_US	13760
LIST_EXNEXT_400_US	12032
LIST_EXALL_400_US	2560
SEQ_WRITE_8M_US	72385
SEQ_READ_8M_US	256255
SMALL_DELETE_40_US	8749
APPEND_4K_1M_US	32640
APPEND_1K_256K_US	23423
APPEND_READ_1280K_US	42943
LIST_EXNEXT_40_ENTRIES_FIRST_PASS_US	1599
LIST_EXNEXT_40_ENTRIES_REPEAT10_TOTAL_US	12097
LIST_EXALL_40_ENTRIES_FIRST_PASS_US	640
LIST_EXALL_40_ENTRIES_REPEAT10_TOTAL_US	2495
LIST_EXNEXT_400_ENTRIES_FIRST_PASS_US	12543
LIST_EXNEXT_400_ENTRIES_REPEAT10_TOTAL_US	112768
LIST_EXALL_400_ENTRIES_FIRST_PASS_US	2752
LIST_EXALL_400_ENTRIES_REPEAT10_TOTAL_US	20160
LIST_EXNEXT_1000_ENTRIES_FIRST_PASS_US	30528
LIST_EXNEXT_1000_ENTRIES_REPEAT10_TOTAL_US	286398
LIST_EXALL_1000_ENTRIES_FIRST_PASS_US	6463
LIST_EXALL_1000_ENTRIES_REPEAT10_TOTAL_US	49855
PASS	1
PASS: requested mounted-volume workload outputs are complete and data-checked
