=== BFS vs PFS3 Benchmark (FS-UAE 68040) ===
Evidence directory: /home/fabian/.cache/bfs-performance/sparse-crc-2026-10-09.xN615F/candidate/build/benchmark/sparse-confirmation-20261009/confirm-aa-normal-m5b-2-pfs3-first
Mode: compare
Timeout: 600s


=== Machine Info ===
# Machine Info
Kickstart 47.102, Workbench 47.2
System: 68040 68040/060-FPU   (INST: Cache Burst) (DATA: NoCache NoBurst)
Type  Available    In-Use   Maximum   Largest
chip    2028040     52728   2080768   2027968
fast    7687256    701352   8388608   7682200
total   9715296    754080  10469376   7682200


Mounted disks:
Unit      Size       Used       Free Full Errs   Status   Name
DF0       No disk present
DH0      4095M    4194304    4194303  50%   0  Read/Write System
DH1       255M         36      65372   0%   0  Read/Write BFSTest
DH2       Not a DOS disk

Volumes available:
BFSTest [Mounted]
System [Mounted]

=== BFS Results ===
FS_COMPARE_BENCH	4
DRIVE	DH1:
SMALL_CREATE_40_US	53056
LOOKUP_400_US	100095
SMALL_READ_40_US	33151
LIST_EXNEXT_400_US	31935
LIST_EXALL_400_US	9408
SEQ_WRITE_8M_US	39680
SEQ_READ_8M_US	357885
SMALL_DELETE_40_US	17726
APPEND_4K_1M_US	137151
APPEND_1K_256K_US	77420
APPEND_READ_1280K_US	44608
LIST_EXNEXT_40_ENTRIES_FIRST_PASS_US	6206
LIST_EXNEXT_40_ENTRIES_REPEAT10_TOTAL_US	31680
LIST_EXALL_40_ENTRIES_FIRST_PASS_US	3647
LIST_EXALL_40_ENTRIES_REPEAT10_TOTAL_US	9728
LIST_EXNEXT_400_ENTRIES_FIRST_PASS_US	57153
LIST_EXNEXT_400_ENTRIES_REPEAT10_TOTAL_US	632125
LIST_EXALL_400_ENTRIES_FIRST_PASS_US	38143
LIST_EXALL_400_ENTRIES_REPEAT10_TOTAL_US	361213
LIST_EXNEXT_1000_ENTRIES_FIRST_PASS_US	150271
LIST_EXNEXT_1000_ENTRIES_REPEAT10_TOTAL_US	1674294
LIST_EXALL_1000_ENTRIES_FIRST_PASS_US	101759
LIST_EXALL_1000_ENTRIES_REPEAT10_TOTAL_US	959995
PASS	1

=== PFS3 Results ===
FS_COMPARE_BENCH	4
DRIVE	DH2:
SMALL_CREATE_40_US	16831
LOOKUP_400_US	68608
SMALL_READ_40_US	15680
LIST_EXNEXT_400_US	12224
LIST_EXALL_400_US	2496
SEQ_WRITE_8M_US	42751
SEQ_READ_8M_US	275454
SMALL_DELETE_40_US	7936
APPEND_4K_1M_US	33151
APPEND_1K_256K_US	23487
APPEND_READ_1280K_US	41791
LIST_EXNEXT_40_ENTRIES_FIRST_PASS_US	1599
LIST_EXNEXT_40_ENTRIES_REPEAT10_TOTAL_US	12160
LIST_EXALL_40_ENTRIES_FIRST_PASS_US	513
LIST_EXALL_40_ENTRIES_REPEAT10_TOTAL_US	2497
LIST_EXNEXT_400_ENTRIES_FIRST_PASS_US	12800
LIST_EXNEXT_400_ENTRIES_REPEAT10_TOTAL_US	115262
LIST_EXALL_400_ENTRIES_FIRST_PASS_US	3009
LIST_EXALL_400_ENTRIES_REPEAT10_TOTAL_US	20479
LIST_EXNEXT_1000_ENTRIES_FIRST_PASS_US	32700
LIST_EXNEXT_1000_ENTRIES_REPEAT10_TOTAL_US	301758
LIST_EXALL_1000_ENTRIES_FIRST_PASS_US	6336
LIST_EXALL_1000_ENTRIES_REPEAT10_TOTAL_US	51200
PASS	1
PASS: requested mounted-volume workload outputs are complete and data-checked
