=== BFS vs PFS3 Benchmark (FS-UAE 68040) ===
Evidence directory: /home/fabian/.cache/bfs-performance/write-guard-2026-10-09.qG6xKe/results/write-guard-durable-base-1-bfs-first
Mode: durable-compare
Timeout: 600s


=== Machine Info ===
# Machine Info
Kickstart 47.102, Workbench 47.2
System: 68040 68040/060-FPU   (INST: Cache Burst) (DATA: NoCache NoBurst)
Type  Available    In-Use   Maximum   Largest
chip    2028040     52728   2080768   2027968
fast    7686824    701784   8388608   7681768
total   9714864    754512  10469376   7681768


Mounted disks:
Unit      Size       Used       Free Full Errs   Status   Name
DF0       No disk present
DH0      4095M    4194304    4194303  50%   0  Read/Write System
DH1       255M         36      65372   0%   0  Read/Write BFSTest
DH2       Not a DOS disk

Volumes available:
BFSTest [Mounted]
System [Mounted]

=== BFS Results ===
FS_DURABLE_COMPARE	4
DRIVE	DH1:
SMALL_CREATE_40_US	32193
LOOKUP_400_US	74495
SMALL_READ_40_US	20160
LIST_EXNEXT_400_US	30593
LIST_EXALL_400_US	8830
SEQ_WRITE_8M_US	41023
SEQ_READ_8M_US	262847
SMALL_DELETE_40_US	25663
APPEND_4K_1M_US	75520
APPEND_1K_256K_US	61038
APPEND_READ_1280K_US	42687
LIST_EXNEXT_40_ENTRIES_FIRST_PASS_US	5632
LIST_EXNEXT_40_ENTRIES_REPEAT10_TOTAL_US	30975
LIST_EXALL_40_ENTRIES_FIRST_PASS_US	3135
LIST_EXALL_40_ENTRIES_REPEAT10_TOTAL_US	9152
LIST_EXNEXT_400_ENTRIES_FIRST_PASS_US	54016
LIST_EXNEXT_400_ENTRIES_REPEAT10_TOTAL_US	501566
LIST_EXALL_400_ENTRIES_FIRST_PASS_US	29630
LIST_EXALL_400_ENTRIES_REPEAT10_TOTAL_US	300222
LIST_EXNEXT_1000_ENTRIES_FIRST_PASS_US	130175
LIST_EXNEXT_1000_ENTRIES_REPEAT10_TOTAL_US	1323963
LIST_EXALL_1000_ENTRIES_FIRST_PASS_US	75775
LIST_EXALL_1000_ENTRIES_REPEAT10_TOTAL_US	746428
PASS	1

=== PFS3 Results ===
FS_DURABLE_COMPARE	4
DRIVE	DH2:
SMALL_CREATE_40_US	17663
LOOKUP_400_US	68992
SMALL_READ_40_US	14145
LIST_EXNEXT_400_US	11778
LIST_EXALL_400_US	2495
SEQ_WRITE_8M_US	40063
SEQ_READ_8M_US	268159
SMALL_DELETE_40_US	8768
APPEND_4K_1M_US	32428
APPEND_1K_256K_US	23042
APPEND_READ_1280K_US	40511
LIST_EXNEXT_40_ENTRIES_FIRST_PASS_US	2023
LIST_EXNEXT_40_ENTRIES_REPEAT10_TOTAL_US	12288
LIST_EXALL_40_ENTRIES_FIRST_PASS_US	576
LIST_EXALL_40_ENTRIES_REPEAT10_TOTAL_US	2623
LIST_EXNEXT_400_ENTRIES_FIRST_PASS_US	12417
LIST_EXNEXT_400_ENTRIES_REPEAT10_TOTAL_US	113792
LIST_EXALL_400_ENTRIES_FIRST_PASS_US	2815
LIST_EXALL_400_ENTRIES_REPEAT10_TOTAL_US	20160
LIST_EXNEXT_1000_ENTRIES_FIRST_PASS_US	31295
LIST_EXNEXT_1000_ENTRIES_REPEAT10_TOTAL_US	279550
LIST_EXALL_1000_ENTRIES_FIRST_PASS_US	11585
LIST_EXALL_1000_ENTRIES_REPEAT10_TOTAL_US	58176
PASS	1
PASS: requested mounted-volume workload outputs are complete and data-checked
