=== BFS vs PFS3 Benchmark (FS-UAE 68040) ===
Evidence directory: /home/fabian/.cache/bfs-performance/listing-upgrade-2026-10-08.29qKRc/build/benchmark/leaf-range-pilot-20261008-m3-2-pfs3-first
Mode: compare
Timeout: 600s


=== Machine Info ===
# Machine Info
Kickstart 47.102, Workbench 47.2
System: 68040 68040/060-FPU   (INST: Cache Burst) (DATA: NoCache NoBurst)
Type  Available    In-Use   Maximum   Largest
chip    2028040     52728   2080768   2027968
fast    7689920    698688   8388608   7684880
total   9717960    751416  10469376   7684880


Mounted disks:
Unit      Size       Used       Free Full Errs   Status   Name
DF0       No disk present
DH0      4095M    4194304    4194303  50%   0  Read/Write System
DH1       255M         36      65372   0%   0  Read/Write BFSTest
DH2       Not a DOS disk

Volumes available:
BFSTest [Mounted]
System [Mounted]

=== BFS Results ===
FS_COMPARE_BENCH	4
DRIVE	DH1:
SMALL_CREATE_40_US	41023
LOOKUP_400_US	76927
SMALL_READ_40_US	19520
LIST_EXNEXT_400_US	30655
LIST_EXALL_400_US	8768
SEQ_WRITE_8M_US	38400
SEQ_READ_8M_US	304638
SMALL_DELETE_40_US	17088
APPEND_4K_1M_US	69568
APPEND_1K_256K_US	59840
APPEND_READ_1280K_US	42880
LIST_EXNEXT_40_ENTRIES_FIRST_PASS_US	6783
LIST_EXNEXT_40_ENTRIES_REPEAT10_TOTAL_US	32062
LIST_EXALL_40_ENTRIES_FIRST_PASS_US	3905
LIST_EXALL_40_ENTRIES_REPEAT10_TOTAL_US	9151
LIST_EXNEXT_400_ENTRIES_FIRST_PASS_US	64768
LIST_EXNEXT_400_ENTRIES_REPEAT10_TOTAL_US	646761
LIST_EXALL_400_ENTRIES_FIRST_PASS_US	39679
LIST_EXALL_400_ENTRIES_REPEAT10_TOTAL_US	461054
LIST_EXNEXT_1000_ENTRIES_FIRST_PASS_US	160959
LIST_EXNEXT_1000_ENTRIES_REPEAT10_TOTAL_US	1708726
LIST_EXALL_1000_ENTRIES_FIRST_PASS_US	116031
LIST_EXALL_1000_ENTRIES_REPEAT10_TOTAL_US	1065979
PASS	1

=== PFS3 Results ===
FS_COMPARE_BENCH	4
DRIVE	DH2:
SMALL_CREATE_40_US	18815
LOOKUP_400_US	66816
SMALL_READ_40_US	14465
LIST_EXNEXT_400_US	12288
LIST_EXALL_400_US	2497
SEQ_WRITE_8M_US	41280
SEQ_READ_8M_US	295230
SMALL_DELETE_40_US	8000
APPEND_4K_1M_US	33280
APPEND_1K_256K_US	23360
APPEND_READ_1280K_US	40576
LIST_EXNEXT_40_ENTRIES_FIRST_PASS_US	1790
LIST_EXNEXT_40_ENTRIES_REPEAT10_TOTAL_US	12465
LIST_EXALL_40_ENTRIES_FIRST_PASS_US	577
LIST_EXALL_40_ENTRIES_REPEAT10_TOTAL_US	2497
LIST_EXNEXT_400_ENTRIES_FIRST_PASS_US	13185
LIST_EXNEXT_400_ENTRIES_REPEAT10_TOTAL_US	113152
LIST_EXALL_400_ENTRIES_FIRST_PASS_US	2880
LIST_EXALL_400_ENTRIES_REPEAT10_TOTAL_US	20415
LIST_EXNEXT_1000_ENTRIES_FIRST_PASS_US	32385
LIST_EXNEXT_1000_ENTRIES_REPEAT10_TOTAL_US	282365
LIST_EXALL_1000_ENTRIES_FIRST_PASS_US	6271
LIST_EXALL_1000_ENTRIES_REPEAT10_TOTAL_US	54016
PASS	1
PASS: requested mounted-volume workload outputs are complete and data-checked
