=== BFS vs PFS3 Benchmark (FS-UAE 68040) ===
Evidence directory: /home/fabian/.cache/bfs-performance/prodcodegen-pilot-2026-10-10.rjXGlO/results/prodcodegen-1-bfs-first-candidate
Mode: compare
Timeout: 600s


=== Machine Info ===
# Machine Info
Kickstart 47.102, Workbench 47.2
System: 68040 68040/060-FPU   (INST: Cache Burst) (DATA: NoCache NoBurst)
Type  Available    In-Use   Maximum   Largest
chip    2028040     52728   2080768   2027968
fast    7534464    854144   8388608   7529392
total   9562504    906872  10469376   7529392


Mounted disks:
Unit      Size       Used       Free Full Errs   Status   Name
DF0       No disk present
DH0      4095M    4194304    4194303  50%   0  Read/Write System
DH1       255M         36      65372   0%   0  Read/Write BFSTest
DH2       Not a DOS disk

Volumes available:
BFSTest [Mounted]
System [Mounted]

=== BFS Results ===
FS_COMPARE_BENCH	4
DRIVE	DH1:
SMALL_CREATE_40_US	29495
LOOKUP_400_US	58560
SMALL_READ_40_US	17280
LIST_EXNEXT_400_US	27648
LIST_EXALL_400_US	7744
SEQ_WRITE_8M_US	37760
SEQ_READ_8M_US	259007
SMALL_DELETE_40_US	14209
APPEND_4K_1M_US	71424
APPEND_1K_256K_US	59711
APPEND_READ_1280K_US	46143
LIST_EXNEXT_40_ENTRIES_FIRST_PASS_US	4352
LIST_EXNEXT_40_ENTRIES_REPEAT10_TOTAL_US	28864
LIST_EXALL_40_ENTRIES_FIRST_PASS_US	1728
LIST_EXALL_40_ENTRIES_REPEAT10_TOTAL_US	8318
LIST_EXNEXT_400_ENTRIES_FIRST_PASS_US	36863
LIST_EXNEXT_400_ENTRIES_REPEAT10_TOTAL_US	286846
LIST_EXALL_400_ENTRIES_FIRST_PASS_US	16000
LIST_EXALL_400_ENTRIES_REPEAT10_TOTAL_US	76351
LIST_EXNEXT_1000_ENTRIES_FIRST_PASS_US	94656
LIST_EXNEXT_1000_ENTRIES_REPEAT10_TOTAL_US	717051
LIST_EXALL_1000_ENTRIES_FIRST_PASS_US	39039
LIST_EXALL_1000_ENTRIES_REPEAT10_TOTAL_US	190911
PASS	1

=== PFS3 Results ===
FS_COMPARE_BENCH	4
DRIVE	DH2:
SMALL_CREATE_40_US	16320
LOOKUP_400_US	69311
SMALL_READ_40_US	14464
LIST_EXNEXT_400_US	12417
LIST_EXALL_400_US	2494
SEQ_WRITE_8M_US	40768
SEQ_READ_8M_US	251711
SMALL_DELETE_40_US	8128
APPEND_4K_1M_US	31360
APPEND_1K_256K_US	22911
APPEND_READ_1280K_US	40831
LIST_EXNEXT_40_ENTRIES_FIRST_PASS_US	1792
LIST_EXNEXT_40_ENTRIES_REPEAT10_TOTAL_US	12095
LIST_EXALL_40_ENTRIES_FIRST_PASS_US	576
LIST_EXALL_40_ENTRIES_REPEAT10_TOTAL_US	2497
LIST_EXNEXT_400_ENTRIES_FIRST_PASS_US	12736
LIST_EXNEXT_400_ENTRIES_REPEAT10_TOTAL_US	115711
LIST_EXALL_400_ENTRIES_FIRST_PASS_US	2945
LIST_EXALL_400_ENTRIES_REPEAT10_TOTAL_US	20288
LIST_EXNEXT_1000_ENTRIES_FIRST_PASS_US	43712
LIST_EXNEXT_1000_ENTRIES_REPEAT10_TOTAL_US	285247
LIST_EXALL_1000_ENTRIES_FIRST_PASS_US	6400
LIST_EXALL_1000_ENTRIES_REPEAT10_TOTAL_US	49985
PASS	1
PASS: requested mounted-volume workload outputs are complete and data-checked
