bdb3ae0e9dfb8482a0deb8564827bec5212ec804
 M docs/plans/bfs-split-coalesce-attribution-v1.md
?? docs/qualification/bfs-split-coalesce-attribution-2026-10-01.md
5095d6dd4e9e2984eb88a68779d1f5ea3fbb7e39c3c10a22f32de0479d2cb7da  src/core/btree.c
b628d72bcc5ba0a8280c801c7ef2c769db9cb0d24523d0ff1eb81055cc06c193  src/core/alloc.c
6cff5d94e49cb607be4156d8a1839685900dd5722379e3661b35671718524d7c  src/amiga/perf_probe.h
e86d63c8e728a378a2986d4c89220f7fe0af3a57581c76039c6b84ec8bba8d17  tools/fs-compare-bench.c
8c51b403bf1d064d97164189cd73219fb8cf77f51367e39a9ba43483e4c2580a  build/split-coalesce-attribution-source/src/core/btree.c
9460027844d8e0224860170171a0fe903fd24ae8706eb6f49a56b3013d1421ae  build/split-coalesce-attribution-source/src/core/alloc.c
67e8bf1e769171c4345737f291e21e5f448ea85862ed992c02ff1591385f26f2  build/split-coalesce-attribution-source/src/amiga/perf_probe.h
c9179beea634e146e37b3ee10f1d4c1f3882354f8f27b0910345d0e58aeca0f7  build/split-coalesce-attribution-source/src/amiga/perf_paths.h
9a5041041a1da521584821fdc6689e497950fde5213737544fa50f2dd51f5a93  build/split-coalesce-attribution-source/tools/fs-compare-bench.c
7ec433160c6aa37c3ebbb5345097ef549638bde634dd8a3aa34e1b898a4a7d19  build/amiga-split-coalesce-attribution-first/bfshandler
4c5ae37e9afbc859bbe5c2d33815df50c66a9503d6c22a69575922ffd483d566  build/amiga-split-coalesce-attribution-first/bfshandler-probe
44581f7f8ce259b34a7521337a45f7f0957662a20a256e623730e3efb512a024  build/amiga-split-coalesce-attribution-first/fs-compare-bench
7ec433160c6aa37c3ebbb5345097ef549638bde634dd8a3aa34e1b898a4a7d19  build/amiga-split-coalesce-attribution-second/bfshandler
4c5ae37e9afbc859bbe5c2d33815df50c66a9503d6c22a69575922ffd483d566  build/amiga-split-coalesce-attribution-second/bfshandler-probe
44581f7f8ce259b34a7521337a45f7f0957662a20a256e623730e3efb512a024  build/amiga-split-coalesce-attribution-second/fs-compare-bench
1fccf207c96144f81c64a8a5dd2e350b7f32787402eedad6c102b34ad0a6ec80  build/amiga/fs-compare-bench
0f87a0638791a4a2371083339ed014d4d6659dc85a2270bd993f9df1ddf13cc6  build/benchmark/noop-fixed-formatter
704eeec4eb970afaff5b6778accc0ecd02b8b82389321d0398163482bb00f483  build/split-coalesce-attribution-consumer/consume.py
9ce6efa4f057cda1d181cfbf028f85f6ef5ce5e9cf6b14b77bab5018d23feed6  build/split-coalesce-attribution-consumer/test_consumer.py
79df0c01b933528b8f2804d60dca6779c2feaaa89353aca76f5db1de6c3d032b  build/split-coalesce-attribution-consumer/fixture-run.log
7331d4be6fa14fd92cb3e85265f6064c2bd8907374ac4cb0ce7ae2a984dfce6f  build/split-coalesce-attribution-fixtures/fixtures.c
6c544b527de56be64eec249da392d4a662af37cbab71e4493a1588050760ceaf  build/split-coalesce-attribution-fixtures/probe_stubs.c
09b2de8a2e64c3f3059fc41fc5d917c86c281922de77831c268d9b4d774c0662  build/split-coalesce-attribution-fixtures/replay.sh
m68k-amigaos-gcc (GCC) 6.5.0b 260303094121^
Copyright (C) 2017 Free Software Foundation, Inc.
This is free software; see the source for copying conditions.  There is NO
warranty; not even for MERCHANTABILITY or FITNESS FOR A PARTICULAR PURPOSE.

Apple clang version 21.0.0 (clang-2100.1.1.101)
Target: arm64-apple-darwin25.5.0
Thread model: posix
InstalledDir: /Applications/Xcode.app/Contents/Developer/Toolchains/XcodeDefault.xctoolchain/usr/bin
