=== BFS vs PFS3 Benchmark (FS-UAE 68040) ===
Evidence directory: /home/fabian/.cache/bfs-performance/metadata-2026-10-08.QvzB5w/build/benchmark/metadata-m3-c8-20261008-m3-8-pfs3-first
Mode: compare
Timeout: 600s


=== Machine Info ===
# Machine Info
Kickstart 47.102, Workbench 47.2
System: 68040 68040/060-FPU   (INST: Cache Burst) (DATA: NoCache NoBurst)
Type  Available    In-Use   Maximum   Largest
chip    2028040     52728   2080768   2027968
fast    7689920    698688   8388608   7684880
total   9717960    751416  10469376   7684880


Mounted disks:
Unit      Size       Used       Free Full Errs   Status   Name
DF0       No disk present
DH0      4095M    4194304    4194303  50%   0  Read/Write System
DH1       255M         36      65372   0%   0  Read/Write BFSTest
DH2       Not a DOS disk

Volumes available:
BFSTest [Mounted]
System [Mounted]

=== BFS Results ===
FS_COMPARE_BENCH	4
DRIVE	DH1:
SMALL_CREATE_40_US	28479
LOOKUP_400_US	76416
SMALL_READ_40_US	19760
LIST_EXNEXT_400_US	30399
LIST_EXALL_400_US	8704
SEQ_WRITE_8M_US	37888
SEQ_READ_8M_US	278143
SMALL_DELETE_40_US	17345
APPEND_4K_1M_US	69503
APPEND_1K_256K_US	59136
APPEND_READ_1280K_US	42751
LIST_EXNEXT_40_ENTRIES_FIRST_PASS_US	6463
LIST_EXNEXT_40_ENTRIES_REPEAT10_TOTAL_US	31935
LIST_EXALL_40_ENTRIES_FIRST_PASS_US	4160
LIST_EXALL_40_ENTRIES_REPEAT10_TOTAL_US	9471
LIST_EXNEXT_400_ENTRIES_FIRST_PASS_US	61311
LIST_EXNEXT_400_ENTRIES_REPEAT10_TOTAL_US	736507
LIST_EXALL_400_ENTRIES_FIRST_PASS_US	39233
LIST_EXALL_400_ENTRIES_REPEAT10_TOTAL_US	402493
LIST_EXNEXT_1000_ENTRIES_FIRST_PASS_US	154559
LIST_EXNEXT_1000_ENTRIES_REPEAT10_TOTAL_US	1697271
LIST_EXALL_1000_ENTRIES_FIRST_PASS_US	102848
LIST_EXALL_1000_ENTRIES_REPEAT10_TOTAL_US	1034490
PASS	1

=== PFS3 Results ===
FS_COMPARE_BENCH	4
DRIVE	DH2:
SMALL_CREATE_40_US	16639
LOOKUP_400_US	67327
SMALL_READ_40_US	14208
LIST_EXNEXT_400_US	12415
LIST_EXALL_400_US	2689
SEQ_WRITE_8M_US	41983
SEQ_READ_8M_US	262398
SMALL_DELETE_40_US	8065
APPEND_4K_1M_US	33473
APPEND_1K_256K_US	23488
APPEND_READ_1280K_US	40256
LIST_EXNEXT_40_ENTRIES_FIRST_PASS_US	2624
LIST_EXNEXT_40_ENTRIES_REPEAT10_TOTAL_US	13055
LIST_EXALL_40_ENTRIES_FIRST_PASS_US	577
LIST_EXALL_40_ENTRIES_REPEAT10_TOTAL_US	2625
LIST_EXNEXT_400_ENTRIES_FIRST_PASS_US	13632
LIST_EXNEXT_400_ENTRIES_REPEAT10_TOTAL_US	114494
LIST_EXALL_400_ENTRIES_FIRST_PASS_US	3008
LIST_EXALL_400_ENTRIES_REPEAT10_TOTAL_US	20865
LIST_EXNEXT_1000_ENTRIES_FIRST_PASS_US	31745
LIST_EXNEXT_1000_ENTRIES_REPEAT10_TOTAL_US	288061
LIST_EXALL_1000_ENTRIES_FIRST_PASS_US	6975
LIST_EXALL_1000_ENTRIES_REPEAT10_TOTAL_US	51200
PASS	1
PASS: requested mounted-volume workload outputs are complete and data-checked
