=== BFS vs PFS3 Benchmark (FS-UAE 68040) ===
Evidence directory: /home/fabian/.cache/bfs-performance/relflags-2026-10-10.P6tt1r/results/relflags-5-bfs-first-o2-040
Mode: compare
Timeout: 600s


=== Machine Info ===
# Machine Info
Kickstart 47.102, Workbench 47.2
System: 68040 68040/060-FPU   (INST: Cache Burst) (DATA: NoCache NoBurst)
Type  Available    In-Use   Maximum   Largest
chip    2028040     52728   2080768   2027968
fast    7532216    856392   8388608   7527144
total   9560256    909120  10469376   7527144


Mounted disks:
Unit      Size       Used       Free Full Errs   Status   Name
DF0       No disk present
DH0      4095M    4194304    4194303  50%   0  Read/Write System
DH1       255M         36      65372   0%   0  Read/Write BFSTest
DH2       Not a DOS disk

Volumes available:
BFSTest [Mounted]
System [Mounted]

=== BFS Results ===
FS_COMPARE_BENCH	4
DRIVE	DH1:
SMALL_CREATE_40_US	27135
LOOKUP_400_US	59711
SMALL_READ_40_US	16257
LIST_EXNEXT_400_US	27904
LIST_EXALL_400_US	7168
SEQ_WRITE_8M_US	35133
SEQ_READ_8M_US	268991
SMALL_DELETE_40_US	14720
APPEND_4K_1M_US	67136
APPEND_1K_256K_US	56430
APPEND_READ_1280K_US	44608
LIST_EXNEXT_40_ENTRIES_FIRST_PASS_US	4417
LIST_EXNEXT_40_ENTRIES_REPEAT10_TOTAL_US	28608
LIST_EXALL_40_ENTRIES_FIRST_PASS_US	1727
LIST_EXALL_40_ENTRIES_REPEAT10_TOTAL_US	7809
LIST_EXNEXT_400_ENTRIES_FIRST_PASS_US	36736
LIST_EXNEXT_400_ENTRIES_REPEAT10_TOTAL_US	291198
LIST_EXALL_400_ENTRIES_FIRST_PASS_US	15103
LIST_EXALL_400_ENTRIES_REPEAT10_TOTAL_US	73406
LIST_EXNEXT_1000_ENTRIES_FIRST_PASS_US	91033
LIST_EXNEXT_1000_ENTRIES_REPEAT10_TOTAL_US	731196
LIST_EXALL_1000_ENTRIES_FIRST_PASS_US	38463
LIST_EXALL_1000_ENTRIES_REPEAT10_TOTAL_US	188927
PASS	1

=== PFS3 Results ===
FS_COMPARE_BENCH	4
DRIVE	DH2:
SMALL_CREATE_40_US	16448
LOOKUP_400_US	66688
SMALL_READ_40_US	14338
LIST_EXNEXT_400_US	12416
LIST_EXALL_400_US	2496
SEQ_WRITE_8M_US	40703
SEQ_READ_8M_US	267454
SMALL_DELETE_40_US	8768
APPEND_4K_1M_US	33728
APPEND_1K_256K_US	24639
APPEND_READ_1280K_US	41472
LIST_EXNEXT_40_ENTRIES_FIRST_PASS_US	1663
LIST_EXNEXT_40_ENTRIES_REPEAT10_TOTAL_US	12160
LIST_EXALL_40_ENTRIES_FIRST_PASS_US	537
LIST_EXALL_40_ENTRIES_REPEAT10_TOTAL_US	2560
LIST_EXNEXT_400_ENTRIES_FIRST_PASS_US	12608
LIST_EXNEXT_400_ENTRIES_REPEAT10_TOTAL_US	114239
LIST_EXALL_400_ENTRIES_FIRST_PASS_US	2943
LIST_EXALL_400_ENTRIES_REPEAT10_TOTAL_US	20352
LIST_EXNEXT_1000_ENTRIES_FIRST_PASS_US	32512
LIST_EXNEXT_1000_ENTRIES_REPEAT10_TOTAL_US	299647
LIST_EXALL_1000_ENTRIES_FIRST_PASS_US	6360
LIST_EXALL_1000_ENTRIES_REPEAT10_TOTAL_US	50368
PASS	1
PASS: requested mounted-volume workload outputs are complete and data-checked
