=== BFS vs PFS3 Benchmark (FS-UAE 68040) ===
Evidence directory: /home/fabian/.cache/bfs-performance/prodcodegen-pilot-2026-10-10.rjXGlO/results/prodcodegen-7-bfs-first-base
Mode: compare
Timeout: 600s


=== Machine Info ===
# Machine Info
Kickstart 47.102, Workbench 47.2
System: 68040 68040/060-FPU   (INST: Cache Burst) (DATA: NoCache NoBurst)
Type  Available    In-Use   Maximum   Largest
chip    2028040     52728   2080768   2027968
fast    7533080    855528   8388608   7528008
total   9561120    908256  10469376   7528008


Mounted disks:
Unit      Size       Used       Free Full Errs   Status   Name
DF0       No disk present
DH0      4095M    4194304    4194303  50%   0  Read/Write System
DH1       255M         36      65372   0%   0  Read/Write BFSTest
DH2       Not a DOS disk

Volumes available:
BFSTest [Mounted]
System [Mounted]

=== BFS Results ===
FS_COMPARE_BENCH	4
DRIVE	DH1:
SMALL_CREATE_40_US	30528
LOOKUP_400_US	62273
SMALL_READ_40_US	23832
LIST_EXNEXT_400_US	30911
LIST_EXALL_400_US	8000
SEQ_WRITE_8M_US	37695
SEQ_READ_8M_US	271679
SMALL_DELETE_40_US	14336
APPEND_4K_1M_US	78399
APPEND_1K_256K_US	70913
APPEND_READ_1280K_US	46912
LIST_EXNEXT_40_ENTRIES_FIRST_PASS_US	4609
LIST_EXNEXT_40_ENTRIES_REPEAT10_TOTAL_US	29825
LIST_EXALL_40_ENTRIES_FIRST_PASS_US	2112
LIST_EXALL_40_ENTRIES_REPEAT10_TOTAL_US	9279
LIST_EXNEXT_400_ENTRIES_FIRST_PASS_US	39297
LIST_EXNEXT_400_ENTRIES_REPEAT10_TOTAL_US	295232
LIST_EXALL_400_ENTRIES_FIRST_PASS_US	17535
LIST_EXALL_400_ENTRIES_REPEAT10_TOTAL_US	87743
LIST_EXNEXT_1000_ENTRIES_FIRST_PASS_US	98368
LIST_EXNEXT_1000_ENTRIES_REPEAT10_TOTAL_US	764156
LIST_EXALL_1000_ENTRIES_FIRST_PASS_US	41408
LIST_EXALL_1000_ENTRIES_REPEAT10_TOTAL_US	216767
PASS	1

=== PFS3 Results ===
FS_COMPARE_BENCH	4
DRIVE	DH2:
SMALL_CREATE_40_US	17985
LOOKUP_400_US	89728
SMALL_READ_40_US	15872
LIST_EXNEXT_400_US	12736
LIST_EXALL_400_US	2497
SEQ_WRITE_8M_US	41151
SEQ_READ_8M_US	298430
SMALL_DELETE_40_US	8255
APPEND_4K_1M_US	33069
APPEND_1K_256K_US	24448
APPEND_READ_1280K_US	41984
LIST_EXNEXT_40_ENTRIES_FIRST_PASS_US	1474
LIST_EXNEXT_40_ENTRIES_REPEAT10_TOTAL_US	12417
LIST_EXALL_40_ENTRIES_FIRST_PASS_US	577
LIST_EXALL_40_ENTRIES_REPEAT10_TOTAL_US	2495
LIST_EXNEXT_400_ENTRIES_FIRST_PASS_US	13055
LIST_EXNEXT_400_ENTRIES_REPEAT10_TOTAL_US	112640
LIST_EXALL_400_ENTRIES_FIRST_PASS_US	3584
LIST_EXALL_400_ENTRIES_REPEAT10_TOTAL_US	20223
LIST_EXNEXT_1000_ENTRIES_FIRST_PASS_US	32257
LIST_EXNEXT_1000_ENTRIES_REPEAT10_TOTAL_US	281022
LIST_EXALL_1000_ENTRIES_FIRST_PASS_US	7168
LIST_EXALL_1000_ENTRIES_REPEAT10_TOTAL_US	50623
PASS	1
PASS: requested mounted-volume workload outputs are complete and data-checked
