=== BFS vs PFS3 Benchmark (FS-UAE 68040) ===
Evidence directory: /home/fabian/.cache/bfs-performance/exnext-2026-10-10.8MRoga/results/exnext-4-pfs3-first-reference
Mode: compare
Timeout: 600s


=== Machine Info ===
# Machine Info
Kickstart 47.102, Workbench 47.2
System: 68040 68040/060-FPU   (INST: Cache Burst) (DATA: NoCache NoBurst)
Type  Available    In-Use   Maximum   Largest
chip    2028040     52728   2080768   2027968
fast    7532616    855992   8388608   7527544
total   9560656    908720  10469376   7527544


Mounted disks:
Unit      Size       Used       Free Full Errs   Status   Name
DF0       No disk present
DH0      4095M    4194304    4194303  50%   0  Read/Write System
DH1       255M         36      65372   0%   0  Read/Write BFSTest
DH2       Not a DOS disk

Volumes available:
BFSTest [Mounted]
System [Mounted]

=== BFS Results ===
FS_COMPARE_BENCH	4
DRIVE	DH1:
SMALL_CREATE_40_US	30784
LOOKUP_400_US	62463
SMALL_READ_40_US	18239
LIST_EXNEXT_400_US	27329
LIST_EXALL_400_US	7745
SEQ_WRITE_8M_US	29311
SEQ_READ_8M_US	266750
SMALL_DELETE_40_US	13569
APPEND_4K_1M_US	54014
APPEND_1K_256K_US	44351
APPEND_READ_1280K_US	44543
LIST_EXNEXT_40_ENTRIES_FIRST_PASS_US	4609
LIST_EXNEXT_40_ENTRIES_REPEAT10_TOTAL_US	28992
LIST_EXALL_40_ENTRIES_FIRST_PASS_US	1985
LIST_EXALL_40_ENTRIES_REPEAT10_TOTAL_US	8577
LIST_EXNEXT_400_ENTRIES_FIRST_PASS_US	38297
LIST_EXNEXT_400_ENTRIES_REPEAT10_TOTAL_US	287550
LIST_EXALL_400_ENTRIES_FIRST_PASS_US	16768
LIST_EXALL_400_ENTRIES_REPEAT10_TOTAL_US	77888
LIST_EXNEXT_1000_ENTRIES_FIRST_PASS_US	92480
LIST_EXNEXT_1000_ENTRIES_REPEAT10_TOTAL_US	720892
LIST_EXALL_1000_ENTRIES_FIRST_PASS_US	46719
LIST_EXALL_1000_ENTRIES_REPEAT10_TOTAL_US	199039
PASS	1

=== PFS3 Results ===
FS_COMPARE_BENCH	4
DRIVE	DH2:
SMALL_CREATE_40_US	17855
LOOKUP_400_US	69759
SMALL_READ_40_US	14849
LIST_EXNEXT_400_US	12223
LIST_EXALL_400_US	2497
SEQ_WRITE_8M_US	39873
SEQ_READ_8M_US	275199
SMALL_DELETE_40_US	7871
APPEND_4K_1M_US	33088
APPEND_1K_256K_US	23424
APPEND_READ_1280K_US	41856
LIST_EXNEXT_40_ENTRIES_FIRST_PASS_US	1855
LIST_EXNEXT_40_ENTRIES_REPEAT10_TOTAL_US	12480
LIST_EXALL_40_ENTRIES_FIRST_PASS_US	1087
LIST_EXALL_40_ENTRIES_REPEAT10_TOTAL_US	4353
LIST_EXNEXT_400_ENTRIES_FIRST_PASS_US	20097
LIST_EXNEXT_400_ENTRIES_REPEAT10_TOTAL_US	121151
LIST_EXALL_400_ENTRIES_FIRST_PASS_US	2880
LIST_EXALL_400_ENTRIES_REPEAT10_TOTAL_US	23615
LIST_EXNEXT_1000_ENTRIES_FIRST_PASS_US	32703
LIST_EXNEXT_1000_ENTRIES_REPEAT10_TOTAL_US	292798
LIST_EXALL_1000_ENTRIES_FIRST_PASS_US	6976
LIST_EXALL_1000_ENTRIES_REPEAT10_TOTAL_US	51648
PASS	1
PASS: requested mounted-volume workload outputs are complete and data-checked
