=== BFS vs PFS3 Benchmark (FS-UAE 68040) ===
Evidence directory: /home/fabian/.cache/bfs-performance/relflags-2026-10-10.P6tt1r/results/relflags-4-pfs3-first-o2-020
Mode: compare
Timeout: 600s


=== Machine Info ===
# Machine Info
Kickstart 47.102, Workbench 47.2
System: 68040 68040/060-FPU   (INST: Cache Burst) (DATA: NoCache NoBurst)
Type  Available    In-Use   Maximum   Largest
chip    2028040     52728   2080768   2027968
fast    7534464    854144   8388608   7529392
total   9562504    906872  10469376   7529392


Mounted disks:
Unit      Size       Used       Free Full Errs   Status   Name
DF0       No disk present
DH0      4095M    4194304    4194303  50%   0  Read/Write System
DH1       255M         36      65372   0%   0  Read/Write BFSTest
DH2       Not a DOS disk

Volumes available:
BFSTest [Mounted]
System [Mounted]

=== BFS Results ===
FS_COMPARE_BENCH	4
DRIVE	DH1:
SMALL_CREATE_40_US	29248
LOOKUP_400_US	60735
SMALL_READ_40_US	18625
LIST_EXNEXT_400_US	27711
LIST_EXALL_400_US	7744
SEQ_WRITE_8M_US	38656
SEQ_READ_8M_US	259646
SMALL_DELETE_40_US	13823
APPEND_4K_1M_US	70637
APPEND_1K_256K_US	62721
APPEND_READ_1280K_US	44225
LIST_EXNEXT_40_ENTRIES_FIRST_PASS_US	4415
LIST_EXNEXT_40_ENTRIES_REPEAT10_TOTAL_US	29310
LIST_EXALL_40_ENTRIES_FIRST_PASS_US	1728
LIST_EXALL_40_ENTRIES_REPEAT10_TOTAL_US	9408
LIST_EXNEXT_400_ENTRIES_FIRST_PASS_US	37888
LIST_EXNEXT_400_ENTRIES_REPEAT10_TOTAL_US	291070
LIST_EXALL_400_ENTRIES_FIRST_PASS_US	15872
LIST_EXALL_400_ENTRIES_REPEAT10_TOTAL_US	75519
LIST_EXNEXT_1000_ENTRIES_FIRST_PASS_US	92416
LIST_EXNEXT_1000_ENTRIES_REPEAT10_TOTAL_US	736490
LIST_EXALL_1000_ENTRIES_FIRST_PASS_US	38656
LIST_EXALL_1000_ENTRIES_REPEAT10_TOTAL_US	218879
PASS	1

=== PFS3 Results ===
FS_COMPARE_BENCH	4
DRIVE	DH2:
SMALL_CREATE_40_US	24960
LOOKUP_400_US	67391
SMALL_READ_40_US	15808
LIST_EXNEXT_400_US	11839
LIST_EXALL_400_US	2431
SEQ_WRITE_8M_US	42881
SEQ_READ_8M_US	256703
SMALL_DELETE_40_US	7872
APPEND_4K_1M_US	34240
APPEND_1K_256K_US	42175
APPEND_READ_1280K_US	41151
LIST_EXNEXT_40_ENTRIES_FIRST_PASS_US	1536
LIST_EXNEXT_40_ENTRIES_REPEAT10_TOTAL_US	11904
LIST_EXALL_40_ENTRIES_FIRST_PASS_US	640
LIST_EXALL_40_ENTRIES_REPEAT10_TOTAL_US	2497
LIST_EXNEXT_400_ENTRIES_FIRST_PASS_US	13249
LIST_EXNEXT_400_ENTRIES_REPEAT10_TOTAL_US	112939
LIST_EXALL_400_ENTRIES_FIRST_PASS_US	2690
LIST_EXALL_400_ENTRIES_REPEAT10_TOTAL_US	20543
LIST_EXNEXT_1000_ENTRIES_FIRST_PASS_US	31042
LIST_EXNEXT_1000_ENTRIES_REPEAT10_TOTAL_US	279934
LIST_EXALL_1000_ENTRIES_FIRST_PASS_US	6977
LIST_EXALL_1000_ENTRIES_REPEAT10_TOTAL_US	51136
PASS	1
PASS: requested mounted-volume workload outputs are complete and data-checked
