=== BFS vs PFS3 Benchmark (FS-UAE 68040) ===
Evidence directory: /home/fabian/.cache/bfs-performance/listing-upgrade-2026-10-08.29qKRc/build/benchmark/leaf-range-pilot-20261008-m3-1-bfs-first
Mode: compare
Timeout: 600s


=== Machine Info ===
# Machine Info
Kickstart 47.102, Workbench 47.2
System: 68040 68040/060-FPU   (INST: Cache Burst) (DATA: NoCache NoBurst)
Type  Available    In-Use   Maximum   Largest
chip    2028040     52728   2080768   2027968
fast    7689920    698688   8388608   7684880
total   9717960    751416  10469376   7684880


Mounted disks:
Unit      Size       Used       Free Full Errs   Status   Name
DF0       No disk present
DH0      4095M    4194304    4194303  50%   0  Read/Write System
DH1       255M         36      65372   0%   0  Read/Write BFSTest
DH2       Not a DOS disk

Volumes available:
BFSTest [Mounted]
System [Mounted]

=== BFS Results ===
FS_COMPARE_BENCH	4
DRIVE	DH1:
SMALL_CREATE_40_US	33408
LOOKUP_400_US	78016
SMALL_READ_40_US	21440
LIST_EXNEXT_400_US	37632
LIST_EXALL_400_US	14015
SEQ_WRITE_8M_US	41343
SEQ_READ_8M_US	277055
SMALL_DELETE_40_US	17260
APPEND_4K_1M_US	72256
APPEND_1K_256K_US	60737
APPEND_READ_1280K_US	50623
LIST_EXNEXT_40_ENTRIES_FIRST_PASS_US	6529
LIST_EXNEXT_40_ENTRIES_REPEAT10_TOTAL_US	31980
LIST_EXALL_40_ENTRIES_FIRST_PASS_US	3905
LIST_EXALL_40_ENTRIES_REPEAT10_TOTAL_US	9278
LIST_EXNEXT_400_ENTRIES_FIRST_PASS_US	66944
LIST_EXNEXT_400_ENTRIES_REPEAT10_TOTAL_US	683004
LIST_EXALL_400_ENTRIES_FIRST_PASS_US	44865
LIST_EXALL_400_ENTRIES_REPEAT10_TOTAL_US	422909
LIST_EXNEXT_1000_ENTRIES_FIRST_PASS_US	177279
LIST_EXNEXT_1000_ENTRIES_REPEAT10_TOTAL_US	1697719
LIST_EXALL_1000_ENTRIES_FIRST_PASS_US	117696
LIST_EXALL_1000_ENTRIES_REPEAT10_TOTAL_US	1049657
PASS	1

=== PFS3 Results ===
FS_COMPARE_BENCH	4
DRIVE	DH2:
SMALL_CREATE_40_US	17024
LOOKUP_400_US	66623
SMALL_READ_40_US	13696
LIST_EXNEXT_400_US	12223
LIST_EXALL_400_US	2495
SEQ_WRITE_8M_US	41025
SEQ_READ_8M_US	261693
SMALL_DELETE_40_US	9025
APPEND_4K_1M_US	62656
APPEND_1K_256K_US	35584
APPEND_READ_1280K_US	41919
LIST_EXNEXT_40_ENTRIES_FIRST_PASS_US	1729
LIST_EXNEXT_40_ENTRIES_REPEAT10_TOTAL_US	12223
LIST_EXALL_40_ENTRIES_FIRST_PASS_US	513
LIST_EXALL_40_ENTRIES_REPEAT10_TOTAL_US	2496
LIST_EXNEXT_400_ENTRIES_FIRST_PASS_US	12671
LIST_EXNEXT_400_ENTRIES_REPEAT10_TOTAL_US	111680
LIST_EXALL_400_ENTRIES_FIRST_PASS_US	3584
LIST_EXALL_400_ENTRIES_REPEAT10_TOTAL_US	20480
LIST_EXNEXT_1000_ENTRIES_FIRST_PASS_US	31488
LIST_EXNEXT_1000_ENTRIES_REPEAT10_TOTAL_US	278590
LIST_EXALL_1000_ENTRIES_FIRST_PASS_US	7232
LIST_EXALL_1000_ENTRIES_REPEAT10_TOTAL_US	50494
PASS	1
PASS: requested mounted-volume workload outputs are complete and data-checked
