=== BFS vs PFS3 Benchmark (FS-UAE 68040) ===
Evidence directory: /home/fabian/.cache/bfs-performance/confirm-2026-10-10.TmkILS/results/confirm-5-bfs-first-candidate
Mode: compare
Timeout: 600s


=== Machine Info ===
# Machine Info
Kickstart 47.102, Workbench 47.2
System: 68040 68040/060-FPU   (INST: Cache Burst) (DATA: NoCache NoBurst)
Type  Available    In-Use   Maximum   Largest
chip    2028040     52728   2080768   2027968
fast    7531240    857368   8388608   7526176
total   9559280    910096  10469376   7526176


Mounted disks:
Unit      Size       Used       Free Full Errs   Status   Name
DF0       No disk present
DH0      4095M    4194304    4194303  50%   0  Read/Write System
DH1       255M         36      65372   0%   0  Read/Write BFSTest
DH2       Not a DOS disk

Volumes available:
BFSTest [Mounted]
System [Mounted]

=== BFS Results ===
FS_COMPARE_BENCH	4
DRIVE	DH1:
SMALL_CREATE_40_US	29375
LOOKUP_400_US	58815
SMALL_READ_40_US	17600
LIST_EXNEXT_400_US	20736
LIST_EXALL_400_US	8191
SEQ_WRITE_8M_US	28671
SEQ_READ_8M_US	257150
SMALL_DELETE_40_US	13825
APPEND_4K_1M_US	64703
APPEND_1K_256K_US	42943
APPEND_READ_1280K_US	43711
LIST_EXNEXT_40_ENTRIES_FIRST_PASS_US	3840
LIST_EXNEXT_40_ENTRIES_REPEAT10_TOTAL_US	21375
LIST_EXALL_40_ENTRIES_FIRST_PASS_US	1792
LIST_EXALL_40_ENTRIES_REPEAT10_TOTAL_US	8832
LIST_EXNEXT_400_ENTRIES_FIRST_PASS_US	30271
LIST_EXNEXT_400_ENTRIES_REPEAT10_TOTAL_US	224256
LIST_EXALL_400_ENTRIES_FIRST_PASS_US	16319
LIST_EXALL_400_ENTRIES_REPEAT10_TOTAL_US	77759
LIST_EXNEXT_1000_ENTRIES_FIRST_PASS_US	75648
LIST_EXNEXT_1000_ENTRIES_REPEAT10_TOTAL_US	537277
LIST_EXALL_1000_ENTRIES_FIRST_PASS_US	38592
LIST_EXALL_1000_ENTRIES_REPEAT10_TOTAL_US	195264
PASS	1

=== PFS3 Results ===
FS_COMPARE_BENCH	4
DRIVE	DH2:
SMALL_CREATE_40_US	17599
LOOKUP_400_US	123327
SMALL_READ_40_US	22977
LIST_EXNEXT_400_US	16063
LIST_EXALL_400_US	2558
SEQ_WRITE_8M_US	41151
SEQ_READ_8M_US	381758
SMALL_DELETE_40_US	7808
APPEND_4K_1M_US	33409
APPEND_1K_256K_US	23360
APPEND_READ_1280K_US	40703
LIST_EXNEXT_40_ENTRIES_FIRST_PASS_US	1600
LIST_EXNEXT_40_ENTRIES_REPEAT10_TOTAL_US	12479
LIST_EXALL_40_ENTRIES_FIRST_PASS_US	576
LIST_EXALL_40_ENTRIES_REPEAT10_TOTAL_US	2432
LIST_EXNEXT_400_ENTRIES_FIRST_PASS_US	13184
LIST_EXNEXT_400_ENTRIES_REPEAT10_TOTAL_US	121408
LIST_EXALL_400_ENTRIES_FIRST_PASS_US	2945
LIST_EXALL_400_ENTRIES_REPEAT10_TOTAL_US	20415
LIST_EXNEXT_1000_ENTRIES_FIRST_PASS_US	31551
LIST_EXNEXT_1000_ENTRIES_REPEAT10_TOTAL_US	283326
LIST_EXALL_1000_ENTRIES_FIRST_PASS_US	6784
LIST_EXALL_1000_ENTRIES_REPEAT10_TOTAL_US	50239
PASS	1
PASS: requested mounted-volume workload outputs are complete and data-checked
