=== BFS vs PFS3 Benchmark (FS-UAE 68040) ===
Evidence directory: /home/fabian/.cache/bfs-performance/append-attr-2026-10-10.XtdDJw/results/append-prod-4-pfs3-first-ref
Mode: compare
Timeout: 600s


=== Machine Info ===
# Machine Info
Kickstart 47.102, Workbench 47.2
System: 68040 68040/060-FPU   (INST: Cache Burst) (DATA: NoCache NoBurst)
Type  Available    In-Use   Maximum   Largest
chip    2028040     52728   2080768   2027968
fast    7532616    855992   8388608   7527544
total   9560656    908720  10469376   7527544


Mounted disks:
Unit      Size       Used       Free Full Errs   Status   Name
DF0       No disk present
DH0      4095M    4194304    4194303  50%   0  Read/Write System
DH1       255M         36      65372   0%   0  Read/Write BFSTest
DH2       Not a DOS disk

Volumes available:
BFSTest [Mounted]
System [Mounted]

=== BFS Results ===
FS_COMPARE_BENCH	4
DRIVE	DH1:
SMALL_CREATE_40_US	30397
LOOKUP_400_US	58305
SMALL_READ_40_US	17855
LIST_EXNEXT_400_US	29503
LIST_EXALL_400_US	9088
SEQ_WRITE_8M_US	38783
SEQ_READ_8M_US	274750
SMALL_DELETE_40_US	13631
APPEND_4K_1M_US	52076
APPEND_1K_256K_US	42817
APPEND_READ_1280K_US	44352
LIST_EXNEXT_40_ENTRIES_FIRST_PASS_US	4391
LIST_EXNEXT_40_ENTRIES_REPEAT10_TOTAL_US	29120
LIST_EXALL_40_ENTRIES_FIRST_PASS_US	3584
LIST_EXALL_40_ENTRIES_REPEAT10_TOTAL_US	10880
LIST_EXNEXT_400_ENTRIES_FIRST_PASS_US	37568
LIST_EXNEXT_400_ENTRIES_REPEAT10_TOTAL_US	289853
LIST_EXALL_400_ENTRIES_FIRST_PASS_US	16959
LIST_EXALL_400_ENTRIES_REPEAT10_TOTAL_US	79680
LIST_EXNEXT_1000_ENTRIES_FIRST_PASS_US	158273
LIST_EXNEXT_1000_ENTRIES_REPEAT10_TOTAL_US	760442
LIST_EXALL_1000_ENTRIES_FIRST_PASS_US	46720
LIST_EXALL_1000_ENTRIES_REPEAT10_TOTAL_US	211072
PASS	1

=== PFS3 Results ===
FS_COMPARE_BENCH	4
DRIVE	DH2:
SMALL_CREATE_40_US	17025
LOOKUP_400_US	65280
SMALL_READ_40_US	14272
LIST_EXNEXT_400_US	12225
LIST_EXALL_400_US	2497
SEQ_WRITE_8M_US	40511
SEQ_READ_8M_US	277181
SMALL_DELETE_40_US	7937
APPEND_4K_1M_US	31679
APPEND_1K_256K_US	22463
APPEND_READ_1280K_US	39945
LIST_EXNEXT_40_ENTRIES_FIRST_PASS_US	2816
LIST_EXNEXT_40_ENTRIES_REPEAT10_TOTAL_US	19520
LIST_EXALL_40_ENTRIES_FIRST_PASS_US	576
LIST_EXALL_40_ENTRIES_REPEAT10_TOTAL_US	2560
LIST_EXNEXT_400_ENTRIES_FIRST_PASS_US	14271
LIST_EXNEXT_400_ENTRIES_REPEAT10_TOTAL_US	119723
LIST_EXALL_400_ENTRIES_FIRST_PASS_US	2880
LIST_EXALL_400_ENTRIES_REPEAT10_TOTAL_US	20480
LIST_EXNEXT_1000_ENTRIES_FIRST_PASS_US	33088
LIST_EXNEXT_1000_ENTRIES_REPEAT10_TOTAL_US	305598
LIST_EXALL_1000_ENTRIES_FIRST_PASS_US	6656
LIST_EXALL_1000_ENTRIES_REPEAT10_TOTAL_US	49468
PASS	1
PASS: requested mounted-volume workload outputs are complete and data-checked
