=== BFS vs PFS3 Benchmark (FS-UAE 68040) ===
Evidence directory: /home/fabian/.cache/bfs-performance/sparse-crc-2026-10-09.xN615F/candidate/build/benchmark/sparse-pilot-normal-20261009-sparse-2-pfs3-first
Mode: compare
Timeout: 600s


=== Machine Info ===
# Machine Info
Kickstart 47.102, Workbench 47.2
System: 68040 68040/060-FPU   (INST: Cache Burst) (DATA: NoCache NoBurst)
Type  Available    In-Use   Maximum   Largest
chip    2028040     52728   2080768   2027968
fast    7686824    701784   8388608   7681768
total   9714864    754512  10469376   7681768


Mounted disks:
Unit      Size       Used       Free Full Errs   Status   Name
DF0       No disk present
DH0      4095M    4194304    4194303  50%   0  Read/Write System
DH1       255M         36      65372   0%   0  Read/Write BFSTest
DH2       Not a DOS disk

Volumes available:
BFSTest [Mounted]
System [Mounted]

=== BFS Results ===
FS_COMPARE_BENCH	4
DRIVE	DH1:
SMALL_CREATE_40_US	30719
LOOKUP_400_US	89472
SMALL_READ_40_US	22848
LIST_EXNEXT_400_US	43840
LIST_EXALL_400_US	17088
SEQ_WRITE_8M_US	53312
SEQ_READ_8M_US	266815
SMALL_DELETE_40_US	17663
APPEND_4K_1M_US	75840
APPEND_1K_256K_US	63487
APPEND_READ_1280K_US	58688
LIST_EXNEXT_40_ENTRIES_FIRST_PASS_US	8065
LIST_EXNEXT_40_ENTRIES_REPEAT10_TOTAL_US	42751
LIST_EXALL_40_ENTRIES_FIRST_PASS_US	3521
LIST_EXALL_40_ENTRIES_REPEAT10_TOTAL_US	10303
LIST_EXNEXT_400_ENTRIES_FIRST_PASS_US	84928
LIST_EXNEXT_400_ENTRIES_REPEAT10_TOTAL_US	646460
LIST_EXALL_400_ENTRIES_FIRST_PASS_US	30400
LIST_EXALL_400_ENTRIES_REPEAT10_TOTAL_US	311614
LIST_EXNEXT_1000_ENTRIES_FIRST_PASS_US	140479
LIST_EXNEXT_1000_ENTRIES_REPEAT10_TOTAL_US	1412790
LIST_EXALL_1000_ENTRIES_FIRST_PASS_US	78463
LIST_EXALL_1000_ENTRIES_REPEAT10_TOTAL_US	873530
PASS	1

=== PFS3 Results ===
FS_COMPARE_BENCH	4
DRIVE	DH2:
SMALL_CREATE_40_US	22783
LOOKUP_400_US	76606
SMALL_READ_40_US	15874
LIST_EXNEXT_400_US	12543
LIST_EXALL_400_US	2497
SEQ_WRITE_8M_US	42047
SEQ_READ_8M_US	262015
SMALL_DELETE_40_US	7872
APPEND_4K_1M_US	33408
APPEND_1K_256K_US	23552
APPEND_READ_1280K_US	41665
LIST_EXNEXT_40_ENTRIES_FIRST_PASS_US	1537
LIST_EXNEXT_40_ENTRIES_REPEAT10_TOTAL_US	15873
LIST_EXALL_40_ENTRIES_FIRST_PASS_US	638
LIST_EXALL_40_ENTRIES_REPEAT10_TOTAL_US	2496
LIST_EXNEXT_400_ENTRIES_FIRST_PASS_US	13888
LIST_EXNEXT_400_ENTRIES_REPEAT10_TOTAL_US	132800
LIST_EXALL_400_ENTRIES_FIRST_PASS_US	3072
LIST_EXALL_400_ENTRIES_REPEAT10_TOTAL_US	20545
LIST_EXNEXT_1000_ENTRIES_FIRST_PASS_US	32893
LIST_EXNEXT_1000_ENTRIES_REPEAT10_TOTAL_US	289662
LIST_EXALL_1000_ENTRIES_FIRST_PASS_US	6849
LIST_EXALL_1000_ENTRIES_REPEAT10_TOTAL_US	50496
PASS	1
PASS: requested mounted-volume workload outputs are complete and data-checked
