2026-10-09T17:46:33Z
true running
PID                 PPID                COMMAND
4465                4440                /bin/bash /opt/runner/run.sh
4483                4465                /bin/bash /opt/runner/run-helper.sh
4488                4483                /opt/runner/bin/Runner.Listener run
LoadState=loaded
ActiveState=active
SubState=running
MainPID=4512
LoadState=loaded
ActiveState=inactive
SubState=dead
MainPID=0

LoadState=loaded
ActiveState=inactive
SubState=dead
MainPID=0
   4488 /opt/runner/bin/Runner.Listener run
   4512 /usr/local/bin/fs-uae-tap /home/fabian/Amiga/Coffin/coffin.fs-uae
LANG=en_US.UTF-8
LC_CTYPE="en_US.UTF-8"
LC_NUMERIC="en_US.UTF-8"
