include/bfs_alloc.h: OK
include/bfs_bio.h: OK
include/bfs_bootstrap_alloc.h: OK
include/bfs_btree.h: OK
include/bfs_btree_internal.h: OK
include/bfs_cache.h: OK
include/bfs_crc32.h: OK
include/bfs_diagnostics.h: OK
include/bfs_dir.h: OK
include/bfs_dos_name.h: OK
include/bfs_extent.h: OK
include/bfs_file.h: OK
include/bfs_fsck.h: OK
include/bfs_fs.h: OK
include/bfs_inode.h: OK
include/bfs_internal.h: OK
include/bfs_lock.h: OK
include/bfs_ondisk.h: OK
include/bfs_posix_bio.h: OK
include/bfs_refcount.h: OK
include/bfs_snapshot.h: OK
include/bfs_superblock.h: OK
include/bfs_txn.h: OK
include/bfs_types.h: OK
src/amiga/amiga_bio.c: OK
src/amiga/amiga_bio.h: OK
src/amiga/commit_protocol.h: OK
src/amiga/crc32_68k.s: OK
src/amiga/dos_packets.h: OK
src/amiga/handler.c: OK
src/amiga/heap_aros.c: OK
src/amiga/memcpy_68k.s: OK
src/amiga/memset_68k.s: OK
src/amiga/perf_probe.c: OK
src/amiga/perf_probe.h: OK
src/amiga/snapshot_mount.h: OK
src/amiga/snapshot_protocol.h: OK
src/amiga/startup_aros.c: OK
src/amiga/startup.s: OK
src/amiga/startup_vbcc.s: OK
src/amiga/stdbool.h: OK
src/amiga/stddef.h: OK
src/amiga/stdint.h: OK
src/amiga/stdlib.h: OK
src/amiga/string.h: OK
src/core/alloc.c: OK
src/core/bootstrap_alloc.c: OK
src/core/btree.c: OK
src/core/cache.c: OK
src/core/crc32.c: OK
src/core/crc32_zero.c: OK
src/core/dir.c: OK
src/core/extent.c: OK
src/core/file.c: OK
src/core/fs.c: OK
src/core/fsck.c: OK
src/core/inode.c: OK
src/core/namespace.c: OK
src/core/refcount.c: OK
src/core/snapshot.c: OK
src/core/superblock.c: OK
src/core/txn.c: OK
src/fuse/bfs_fuse.c: OK
src/host/posix_bio.c: OK
tests/amiga/cli_fixture.c: OK
tests/amiga/compatibility_probe.c: OK
tests/amiga/crc32_abi_probe.s: OK
tests/amiga/crc32_probe.c: OK
tests/amiga/crc32_sparse_probe.c: OK
tests/amiga/memory_copy_compare_probe.c: OK
tests/amiga/memory_functions_probe.c: OK
tests/amiga/reset_probe.c: OK
tests/bench_btree.c: OK
tests/block_device_emu.c: OK
tests/block_device_emu.h: OK
tests/conformance/fixture_writer.c: OK
tests/conformance/replays/core-full-v1.jsonl: OK
tests/conformance/replays/smoke-v1.jsonl: OK
tests/conformance/scenarios.json: OK
tests/conformance/test_conformance.py: OK
tests/fuse/qualify_baseline_refusal.sh: OK
tests/fuse/test_fuse_mount.py: OK
tests/perf_probe_stubs/devices/timer.h: OK
tests/perf_probe_stubs/exec/io.h: OK
tests/perf_probe_stubs/exec/types.h: OK
tests/perf_probe_stubs/proto/exec.h: OK
tests/perf_probe_stubs/proto/timer.h: OK
tests/posix_bio_faults.c: OK
tests/posix_bio_faults.h: OK
tests/qualification/fault_campaign.py: OK
tests/qualification/fault-campaign-v1.json: OK
tests/qualification/fuse_soak.py: OK
tests/qualification/linux-m7-matrix.json: OK
tests/qualification/linux_qualification.py: OK
tests/qualification/test_fault_campaign.py: OK
tests/qualification/test_linux_qualification.py: OK
tests/qualification/verify_fault_campaign.py: OK
tests/qualification/verify_fuse_soak.py: OK
tests/quality/test_amiga_runner.py: OK
tests/quality/test_bench_cache_capacity.py: OK
tests/quality/test_bench_verifier.py: OK
tests/quality/test_build_identity.py: OK
tests/quality/test_capability_manifest.py: OK
tests/quality/test_ci_results.py: OK
tests/quality/test-gates.sh: OK
tests/quality/test_github_preflight.py: OK
tests/quality/test_release_identity.py: OK
tests/quality/test_release_integrity.py: OK
tests/quality/test_runtime_inventory.py: OK
tests/test_alloc.c: OK
tests/test_alloc_metadata_reuse.c: OK
tests/test_alloc_root_shift.c: OK
tests/test_bio.c: OK
tests/test_block_runs.c: OK
tests/test_btree_buffers.c: OK
tests/test_btree_bulk_slots.c: OK
tests/test_btree.c: OK
tests/test_btree_noop.c: OK
tests/test_btree_scratch_lifetime.c: OK
tests/test_btree_sparse_crc.c: OK
tests/test_btree_validation_cache.c: OK
tests/test_cache_buffer_faults.c: OK
tests/test_cache.c: OK
tests/test_cache_resident_paths.c: OK
tests/test_compatibility.c: OK
tests/test_concurrency.c: OK
tests/test_corruption.c: OK
tests/test_crash_inject.c: OK
tests/test_crc32.c: OK
tests/test_crc32_sparse.c: OK
tests/test_deferred_nodes.c: OK
tests/test_dir.c: OK
tests/test_dir_exclusive_cursor.c: OK
tests/test_dirops.c: OK
tests/test_dos_name.c: OK
tests/test_durability_patterns.c: OK
tests/test_edge_cases.c: OK
tests/test_endian.c: OK
tests/test_extent.c: OK
tests/test_features.c: OK
tests/test_file.c: OK
tests/test_file_inode_reuse.c: OK
tests/test_format_fixtures.c: OK
tests/test_fs.c: OK
tests/test_fsck.c: OK
tests/test_handler_ops.c: OK
tests/test_harness.h: OK
tests/test_hunt.c: OK
tests/test_hwfail.c: OK
tests/test_inline_extent.c: OK
tests/test_inode_lookup_hints.c: OK
tests/test_inode_stamp.c: OK
tests/test_inode_stamp_faults.c: OK
tests/test_integration.c: OK
tests/test_invariants.c: OK
tests/test_large_reclaim.c: OK
tests/test_model.c: OK
tests/test_pending_frees.c: OK
tests/test_perf_probe.c: OK
tests/test_posix_bio.c: OK
tests/test_posix_faults.c: OK
tests/test_realworld.c: OK
tests/test_robustness.c: OK
tests/test_snap_full.c: OK
tests/test_snapshot.c: OK
tests/test_stress.c: OK
tests/test_superblock.c: OK
tests/test_txn_sealed_convergence.c: OK
tests/test_txn_sealed_persistence.c: OK
tests/test_txn_sealed_preflight.c: OK
tools/bench-summary.py: OK
tools/bfs-bench.c: OK
tools/bfs.c: OK
tools/bfs_check.c: OK
tools/bfs_command.h: OK
tools/bfs_command_runner.py: OK
tools/bfs_common.c: OK
tools/bfs-conformance-core.c: OK
tools/bfs-conformance-posix.c: OK
tools/bfs-conformance.py: OK
tools/bfs_format.c: OK
tools/bfs-format-oracle.py: OK
tools/bfs_host.c: OK
tools/bfs_host_common.c: OK
tools/bfs_host_common.h: OK
tools/bfs-persistence-model.py: OK
tools/bfs_snapshot.c: OK
tools/bfs-stresstest.c: OK
tools/bfs-test.c: OK
tools/bfs-test-cases.def: OK
tools/check-actions-pinned.sh: OK
tools/check-ci-results.sh: OK
tools/check-commit-hygiene.sh: OK
tools/check-conformance-linkage.sh: OK
tools/check-no-binaries.sh: OK
tools/core-workload.c: OK
tools/core-workload-profile.sh: OK
tools/fs-compare-bench.c: OK
tools/fs-compare-split.h: OK
tools/fs-profile-bench.c: OK
tools/install-aros-rom.sh: OK
tools/install-ci-tools.sh: OK
tools/install-lha.sh: OK
tools/release/build_identity.py: OK
tools/release/create-archives.sh: OK
tools/release/generate-sbom.py: OK
tools/release/github_preflight.py: OK
tools/release/qualify-archives.sh: OK
tools/release/release_integrity.py: OK
tools/release/requirements.in: OK
tools/release/requirements.txt: OK
tools/release/runtime_inventory.py: OK
tools/release/sbom_document.py: OK
tools/release/validate-sbom.py: OK
tools/release/verify-archives.sh: OK
tools/release/verify-candidate.sh: OK
tools/release/verify-identity.sh: OK
tools/verify-sha256.sh: OK
tools/verify-split-bench.py: OK
emulator-test/build-bench-image.sh: OK
emulator-test/run-bench.sh: OK
emulator-test/verify-bench-results.sh: OK
emulator-test/bench-config.sh: OK
