=== BFS vs PFS3 Benchmark (FS-UAE 68040) ===
Evidence directory: /home/fabian/.cache/bfs-performance/sparse-crc-2026-10-09.xN615F/candidate/build/benchmark/sparse-confirmation-20261009/confirm-durable-sparse-6-pfs3-first
Mode: durable-compare
Timeout: 600s


=== Machine Info ===
# Machine Info
Kickstart 47.102, Workbench 47.2
System: 68040 68040/060-FPU   (INST: Cache Burst) (DATA: NoCache NoBurst)
Type  Available    In-Use   Maximum   Largest
chip    2028040     52728   2080768   2027968
fast    7686824    701784   8388608   7681768
total   9714864    754512  10469376   7681768


Mounted disks:
Unit      Size       Used       Free Full Errs   Status   Name
DF0       No disk present
DH0      4095M    4194304    4194303  50%   0  Read/Write System
DH1       255M         36      65372   0%   0  Read/Write BFSTest
DH2       Not a DOS disk

Volumes available:
BFSTest [Mounted]
System [Mounted]

=== BFS Results ===
FS_DURABLE_COMPARE	4
DRIVE	DH1:
SMALL_CREATE_40_US	35968
LOOKUP_400_US	84736
SMALL_READ_40_US	19520
LIST_EXNEXT_400_US	31745
LIST_EXALL_400_US	8896
SEQ_WRITE_8M_US	42048
SEQ_READ_8M_US	262847
SMALL_DELETE_40_US	20545
APPEND_4K_1M_US	76544
APPEND_1K_256K_US	64256
APPEND_READ_1280K_US	45055
LIST_EXNEXT_40_ENTRIES_FIRST_PASS_US	5568
LIST_EXNEXT_40_ENTRIES_REPEAT10_TOTAL_US	32130
LIST_EXALL_40_ENTRIES_FIRST_PASS_US	3199
LIST_EXALL_40_ENTRIES_REPEAT10_TOTAL_US	9856
LIST_EXNEXT_400_ENTRIES_FIRST_PASS_US	52737
LIST_EXNEXT_400_ENTRIES_REPEAT10_TOTAL_US	560637
LIST_EXALL_400_ENTRIES_FIRST_PASS_US	31745
LIST_EXALL_400_ENTRIES_REPEAT10_TOTAL_US	320318
LIST_EXNEXT_1000_ENTRIES_FIRST_PASS_US	204222
LIST_EXNEXT_1000_ENTRIES_REPEAT10_TOTAL_US	1483770
LIST_EXALL_1000_ENTRIES_FIRST_PASS_US	84479
LIST_EXALL_1000_ENTRIES_REPEAT10_TOTAL_US	859515
PASS	1

=== PFS3 Results ===
FS_DURABLE_COMPARE	4
DRIVE	DH2:
SMALL_CREATE_40_US	19520
LOOKUP_400_US	83648
SMALL_READ_40_US	15103
LIST_EXNEXT_400_US	12223
LIST_EXALL_400_US	3007
SEQ_WRITE_8M_US	43648
SEQ_READ_8M_US	267262
SMALL_DELETE_40_US	12543
APPEND_4K_1M_US	49133
APPEND_1K_256K_US	36031
APPEND_READ_1280K_US	46208
LIST_EXNEXT_40_ENTRIES_FIRST_PASS_US	1664
LIST_EXNEXT_40_ENTRIES_REPEAT10_TOTAL_US	12224
LIST_EXALL_40_ENTRIES_FIRST_PASS_US	640
LIST_EXALL_40_ENTRIES_REPEAT10_TOTAL_US	2560
LIST_EXNEXT_400_ENTRIES_FIRST_PASS_US	12799
LIST_EXNEXT_400_ENTRIES_REPEAT10_TOTAL_US	185388
LIST_EXALL_400_ENTRIES_FIRST_PASS_US	2689
LIST_EXALL_400_ENTRIES_REPEAT10_TOTAL_US	21055
LIST_EXNEXT_1000_ENTRIES_FIRST_PASS_US	41472
LIST_EXNEXT_1000_ENTRIES_REPEAT10_TOTAL_US	309760
LIST_EXALL_1000_ENTRIES_FIRST_PASS_US	7553
LIST_EXALL_1000_ENTRIES_REPEAT10_TOTAL_US	52033
PASS	1
PASS: requested mounted-volume workload outputs are complete and data-checked
