=== BFS vs PFS3 Benchmark (FS-UAE 68040) ===
Evidence directory: /home/fabian/.cache/bfs-performance/scan-admission-2026-10-09.VxOoB5/candidate/build/benchmark/admission-pilot-normal-20261009-m5-2-pfs3-first
Mode: compare
Timeout: 600s


=== Machine Info ===
# Machine Info
Kickstart 47.102, Workbench 47.2
System: 68040 68040/060-FPU   (INST: Cache Burst) (DATA: NoCache NoBurst)
Type  Available    In-Use   Maximum   Largest
chip    2028040     52728   2080768   2027968
fast    7687256    701352   8388608   7682200
total   9715296    754080  10469376   7682200


Mounted disks:
Unit      Size       Used       Free Full Errs   Status   Name
DF0       No disk present
DH0      4095M    4194304    4194303  50%   0  Read/Write System
DH1       255M         36      65372   0%   0  Read/Write BFSTest
DH2       Not a DOS disk

Volumes available:
BFSTest [Mounted]
System [Mounted]

=== BFS Results ===
FS_COMPARE_BENCH	4
DRIVE	DH1:
SMALL_CREATE_40_US	29056
LOOKUP_400_US	76992
SMALL_READ_40_US	19008
LIST_EXNEXT_400_US	31295
LIST_EXALL_400_US	9025
SEQ_WRITE_8M_US	39039
SEQ_READ_8M_US	261567
SMALL_DELETE_40_US	17983
APPEND_4K_1M_US	74881
APPEND_1K_256K_US	70016
APPEND_READ_1280K_US	48512
LIST_EXNEXT_40_ENTRIES_FIRST_PASS_US	6528
LIST_EXNEXT_40_ENTRIES_REPEAT10_TOTAL_US	34047
LIST_EXALL_40_ENTRIES_FIRST_PASS_US	4288
LIST_EXALL_40_ENTRIES_REPEAT10_TOTAL_US	9792
LIST_EXNEXT_400_ENTRIES_FIRST_PASS_US	60608
LIST_EXNEXT_400_ENTRIES_REPEAT10_TOTAL_US	734329
LIST_EXALL_400_ENTRIES_FIRST_PASS_US	35777
LIST_EXALL_400_ENTRIES_REPEAT10_TOTAL_US	410749
LIST_EXNEXT_1000_ENTRIES_FIRST_PASS_US	145473
LIST_EXNEXT_1000_ENTRIES_REPEAT10_TOTAL_US	1555382
LIST_EXALL_1000_ENTRIES_FIRST_PASS_US	85760
LIST_EXALL_1000_ENTRIES_REPEAT10_TOTAL_US	890492
PASS	1

=== PFS3 Results ===
FS_COMPARE_BENCH	4
DRIVE	DH2:
SMALL_CREATE_40_US	17920
LOOKUP_400_US	67073
SMALL_READ_40_US	14529
LIST_EXNEXT_400_US	12225
LIST_EXALL_400_US	2497
SEQ_WRITE_8M_US	42303
SEQ_READ_8M_US	258687
SMALL_DELETE_40_US	8121
APPEND_4K_1M_US	33984
APPEND_1K_256K_US	23421
APPEND_READ_1280K_US	41280
LIST_EXNEXT_40_ENTRIES_FIRST_PASS_US	1728
LIST_EXNEXT_40_ENTRIES_REPEAT10_TOTAL_US	12289
LIST_EXALL_40_ENTRIES_FIRST_PASS_US	577
LIST_EXALL_40_ENTRIES_REPEAT10_TOTAL_US	2560
LIST_EXNEXT_400_ENTRIES_FIRST_PASS_US	13311
LIST_EXNEXT_400_ENTRIES_REPEAT10_TOTAL_US	112894
LIST_EXALL_400_ENTRIES_FIRST_PASS_US	3840
LIST_EXALL_400_ENTRIES_REPEAT10_TOTAL_US	20415
LIST_EXNEXT_1000_ENTRIES_FIRST_PASS_US	32128
LIST_EXNEXT_1000_ENTRIES_REPEAT10_TOTAL_US	283070
LIST_EXALL_1000_ENTRIES_FIRST_PASS_US	7103
LIST_EXALL_1000_ENTRIES_REPEAT10_TOTAL_US	50285
PASS	1
PASS: requested mounted-volume workload outputs are complete and data-checked
