=== BFS vs PFS3 Benchmark (FS-UAE 68040) ===
Evidence directory: /home/fabian/.cache/bfs-performance/listing-upgrade-2026-10-08.29qKRc/build/benchmark/leaf-range-normal-20261008-range-6-pfs3-first
Mode: compare
Timeout: 600s


=== Machine Info ===
# Machine Info
Kickstart 47.102, Workbench 47.2
System: 68040 68040/060-FPU   (INST: Cache Burst) (DATA: NoCache NoBurst)
Type  Available    In-Use   Maximum   Largest
chip    2028040     52728   2080768   2027968
fast    7687256    701352   8388608   7682200
total   9715296    754080  10469376   7682200


Mounted disks:
Unit      Size       Used       Free Full Errs   Status   Name
DF0       No disk present
DH0      4095M    4194304    4194303  50%   0  Read/Write System
DH1       255M         36      65372   0%   0  Read/Write BFSTest
DH2       Not a DOS disk

Volumes available:
BFSTest [Mounted]
System [Mounted]

=== BFS Results ===
FS_COMPARE_BENCH	4
DRIVE	DH1:
SMALL_CREATE_40_US	28225
LOOKUP_400_US	75393
SMALL_READ_40_US	18945
LIST_EXNEXT_400_US	31103
LIST_EXALL_400_US	9215
SEQ_WRITE_8M_US	36735
SEQ_READ_8M_US	256959
SMALL_DELETE_40_US	17663
APPEND_4K_1M_US	77120
APPEND_1K_256K_US	92926
APPEND_READ_1280K_US	71087
LIST_EXNEXT_40_ENTRIES_FIRST_PASS_US	7553
LIST_EXNEXT_40_ENTRIES_REPEAT10_TOTAL_US	39423
LIST_EXALL_40_ENTRIES_FIRST_PASS_US	3777
LIST_EXALL_40_ENTRIES_REPEAT10_TOTAL_US	9664
LIST_EXNEXT_400_ENTRIES_FIRST_PASS_US	63039
LIST_EXNEXT_400_ENTRIES_REPEAT10_TOTAL_US	649660
LIST_EXALL_400_ENTRIES_FIRST_PASS_US	36160
LIST_EXALL_400_ENTRIES_REPEAT10_TOTAL_US	367870
LIST_EXNEXT_1000_ENTRIES_FIRST_PASS_US	149568
LIST_EXNEXT_1000_ENTRIES_REPEAT10_TOTAL_US	1605365
LIST_EXALL_1000_ENTRIES_FIRST_PASS_US	91456
LIST_EXALL_1000_ENTRIES_REPEAT10_TOTAL_US	968315
PASS	1

=== PFS3 Results ===
FS_COMPARE_BENCH	4
DRIVE	DH2:
SMALL_CREATE_40_US	21695
LOOKUP_400_US	141376
SMALL_READ_40_US	22593
LIST_EXNEXT_400_US	16576
LIST_EXALL_400_US	2560
SEQ_WRITE_8M_US	42303
SEQ_READ_8M_US	264447
SMALL_DELETE_40_US	8191
APPEND_4K_1M_US	34432
APPEND_1K_256K_US	23101
APPEND_READ_1280K_US	41280
LIST_EXNEXT_40_ENTRIES_FIRST_PASS_US	1729
LIST_EXNEXT_40_ENTRIES_REPEAT10_TOTAL_US	18688
LIST_EXALL_40_ENTRIES_FIRST_PASS_US	1472
LIST_EXALL_40_ENTRIES_REPEAT10_TOTAL_US	6911
LIST_EXNEXT_400_ENTRIES_FIRST_PASS_US	23615
LIST_EXNEXT_400_ENTRIES_REPEAT10_TOTAL_US	129981
LIST_EXALL_400_ENTRIES_FIRST_PASS_US	2841
LIST_EXALL_400_ENTRIES_REPEAT10_TOTAL_US	20672
LIST_EXNEXT_1000_ENTRIES_FIRST_PASS_US	32577
LIST_EXNEXT_1000_ENTRIES_REPEAT10_TOTAL_US	289599
LIST_EXALL_1000_ENTRIES_FIRST_PASS_US	6529
LIST_EXALL_1000_ENTRIES_REPEAT10_TOTAL_US	50239
PASS	1
PASS: requested mounted-volume workload outputs are complete and data-checked
