=== BFS vs PFS3 Benchmark (FS-UAE 68040) ===
Evidence directory: /home/fabian/.cache/bfs-performance/sparse-crc-2026-10-09.xN615F/candidate/build/benchmark/sparse-normal-20261009-m5-6-pfs3-first
Mode: compare
Timeout: 600s


=== Machine Info ===
# Machine Info
Kickstart 47.102, Workbench 47.2
System: 68040 68040/060-FPU   (INST: Cache Burst) (DATA: NoCache NoBurst)
Type  Available    In-Use   Maximum   Largest
chip    2028040     52728   2080768   2027968
fast    7687256    701352   8388608   7682200
total   9715296    754080  10469376   7682200


Mounted disks:
Unit      Size       Used       Free Full Errs   Status   Name
DF0       No disk present
DH0      4095M    4194304    4194303  50%   0  Read/Write System
DH1       255M         36      65372   0%   0  Read/Write BFSTest
DH2       Not a DOS disk

Volumes available:
BFSTest [Mounted]
System [Mounted]

=== BFS Results ===
FS_COMPARE_BENCH	4
DRIVE	DH1:
SMALL_CREATE_40_US	31030
LOOKUP_400_US	76736
SMALL_READ_40_US	20353
LIST_EXNEXT_400_US	31488
LIST_EXALL_400_US	9086
SEQ_WRITE_8M_US	58431
SEQ_READ_8M_US	299903
SMALL_DELETE_40_US	20991
APPEND_4K_1M_US	86527
APPEND_1K_256K_US	61567
APPEND_READ_1280K_US	42623
LIST_EXNEXT_40_ENTRIES_FIRST_PASS_US	6528
LIST_EXNEXT_40_ENTRIES_REPEAT10_TOTAL_US	31615
LIST_EXALL_40_ENTRIES_FIRST_PASS_US	3840
LIST_EXALL_40_ENTRIES_REPEAT10_TOTAL_US	9473
LIST_EXNEXT_400_ENTRIES_FIRST_PASS_US	57023
LIST_EXNEXT_400_ENTRIES_REPEAT10_TOTAL_US	742716
LIST_EXALL_400_ENTRIES_FIRST_PASS_US	36800
LIST_EXALL_400_ENTRIES_REPEAT10_TOTAL_US	455613
LIST_EXNEXT_1000_ENTRIES_FIRST_PASS_US	180096
LIST_EXNEXT_1000_ENTRIES_REPEAT10_TOTAL_US	1736310
LIST_EXALL_1000_ENTRIES_FIRST_PASS_US	91200
LIST_EXALL_1000_ENTRIES_REPEAT10_TOTAL_US	931433
PASS	1

=== PFS3 Results ===
FS_COMPARE_BENCH	4
DRIVE	DH2:
SMALL_CREATE_40_US	18047
LOOKUP_400_US	70783
SMALL_READ_40_US	13823
LIST_EXNEXT_400_US	12352
LIST_EXALL_400_US	2560
SEQ_WRITE_8M_US	41023
SEQ_READ_8M_US	274687
SMALL_DELETE_40_US	8192
APPEND_4K_1M_US	35392
APPEND_1K_256K_US	23296
APPEND_READ_1280K_US	41471
LIST_EXNEXT_40_ENTRIES_FIRST_PASS_US	2496
LIST_EXNEXT_40_ENTRIES_REPEAT10_TOTAL_US	14080
LIST_EXALL_40_ENTRIES_FIRST_PASS_US	512
LIST_EXALL_40_ENTRIES_REPEAT10_TOTAL_US	2560
LIST_EXNEXT_400_ENTRIES_FIRST_PASS_US	21183
LIST_EXNEXT_400_ENTRIES_REPEAT10_TOTAL_US	166462
LIST_EXALL_400_ENTRIES_FIRST_PASS_US	3073
LIST_EXALL_400_ENTRIES_REPEAT10_TOTAL_US	20736
LIST_EXNEXT_1000_ENTRIES_FIRST_PASS_US	33216
LIST_EXNEXT_1000_ENTRIES_REPEAT10_TOTAL_US	314750
LIST_EXALL_1000_ENTRIES_FIRST_PASS_US	6849
LIST_EXALL_1000_ENTRIES_REPEAT10_TOTAL_US	51391
PASS	1
PASS: requested mounted-volume workload outputs are complete and data-checked
