snapdog-runner
START 1 wbbound-1-bfs-first-reference 2026-10-10T11:24:47Z
PASS 1 wbbound-1-bfs-first-reference 2026-10-10T11:25:23Z
START 2 wbbound-1-bfs-first-bound 2026-10-10T11:25:23Z
PASS 2 wbbound-1-bfs-first-bound 2026-10-10T11:25:59Z
START 3 wbbound-2-pfs3-first-bound 2026-10-10T11:25:59Z
PASS 3 wbbound-2-pfs3-first-bound 2026-10-10T11:26:35Z
START 4 wbbound-2-pfs3-first-reference 2026-10-10T11:26:35Z
PASS 4 wbbound-2-pfs3-first-reference 2026-10-10T11:27:11Z
START 5 wbbound-3-bfs-first-reference 2026-10-10T11:27:11Z
PASS 5 wbbound-3-bfs-first-reference 2026-10-10T11:27:47Z
START 6 wbbound-3-bfs-first-bound 2026-10-10T11:27:47Z
PASS 6 wbbound-3-bfs-first-bound 2026-10-10T11:28:23Z
START 7 wbbound-4-pfs3-first-bound 2026-10-10T11:28:23Z
PASS 7 wbbound-4-pfs3-first-bound 2026-10-10T11:28:59Z
START 8 wbbound-4-pfs3-first-reference 2026-10-10T11:28:59Z
PASS 8 wbbound-4-pfs3-first-reference 2026-10-10T11:29:34Z
START 9 wbbound-5-bfs-first-reference 2026-10-10T11:29:35Z
PASS 9 wbbound-5-bfs-first-reference 2026-10-10T11:30:10Z
START 10 wbbound-5-bfs-first-bound 2026-10-10T11:30:10Z
PASS 10 wbbound-5-bfs-first-bound 2026-10-10T11:30:46Z
START 11 wbbound-6-pfs3-first-bound 2026-10-10T11:30:46Z
PASS 11 wbbound-6-pfs3-first-bound 2026-10-10T11:31:22Z
START 12 wbbound-6-pfs3-first-reference 2026-10-10T11:31:22Z
PASS 12 wbbound-6-pfs3-first-reference 2026-10-10T11:31:58Z
START 13 wbbound-7-bfs-first-reference 2026-10-10T11:31:58Z
PASS 13 wbbound-7-bfs-first-reference 2026-10-10T11:32:34Z
START 14 wbbound-7-bfs-first-bound 2026-10-10T11:32:34Z
PASS 14 wbbound-7-bfs-first-bound 2026-10-10T11:33:10Z
START 15 wbbound-8-pfs3-first-bound 2026-10-10T11:33:10Z
PASS 15 wbbound-8-pfs3-first-bound 2026-10-10T11:33:46Z
START 16 wbbound-8-pfs3-first-reference 2026-10-10T11:33:46Z
PASS 16 wbbound-8-pfs3-first-reference 2026-10-10T11:34:22Z
WBBOUND_PILOT_COMPLETE 16 2026-10-10T11:34:22Z
snapdog-runner
RESTORE_COMPLETE status=0 2026-10-10T11:34:25Z
