=== BFS vs PFS3 Benchmark (FS-UAE 68040) ===
Evidence directory: /home/fabian/.cache/bfs-performance/append-attr-2026-10-10.XtdDJw/results/append-prod-7-bfs-first-cand
Mode: compare
Timeout: 600s


=== Machine Info ===
# Machine Info
Kickstart 47.102, Workbench 47.2
System: 68040 68040/060-FPU   (INST: Cache Burst) (DATA: NoCache NoBurst)
Type  Available    In-Use   Maximum   Largest
chip    2028040     52728   2080768   2027968
fast    7531240    857368   8388608   7526176
total   9559280    910096  10469376   7526176


Mounted disks:
Unit      Size       Used       Free Full Errs   Status   Name
DF0       No disk present
DH0      4095M    4194304    4194303  50%   0  Read/Write System
DH1       255M         36      65372   0%   0  Read/Write BFSTest
DH2       Not a DOS disk

Volumes available:
BFSTest [Mounted]
System [Mounted]

=== BFS Results ===
FS_COMPARE_BENCH	4
DRIVE	DH1:
SMALL_CREATE_40_US	33151
LOOKUP_400_US	59328
SMALL_READ_40_US	18751
LIST_EXNEXT_400_US	20095
LIST_EXALL_400_US	7743
SEQ_WRITE_8M_US	30848
SEQ_READ_8M_US	276735
SMALL_DELETE_40_US	13888
APPEND_4K_1M_US	53823
APPEND_1K_256K_US	43583
APPEND_READ_1280K_US	44096
LIST_EXNEXT_40_ENTRIES_FIRST_PASS_US	4032
LIST_EXNEXT_40_ENTRIES_REPEAT10_TOTAL_US	23104
LIST_EXALL_40_ENTRIES_FIRST_PASS_US	1793
LIST_EXALL_40_ENTRIES_REPEAT10_TOTAL_US	8768
LIST_EXNEXT_400_ENTRIES_FIRST_PASS_US	35648
LIST_EXNEXT_400_ENTRIES_REPEAT10_TOTAL_US	220542
LIST_EXALL_400_ENTRIES_FIRST_PASS_US	16513
LIST_EXALL_400_ENTRIES_REPEAT10_TOTAL_US	88320
LIST_EXNEXT_1000_ENTRIES_FIRST_PASS_US	86400
LIST_EXNEXT_1000_ENTRIES_REPEAT10_TOTAL_US	547197
LIST_EXALL_1000_ENTRIES_FIRST_PASS_US	39360
LIST_EXALL_1000_ENTRIES_REPEAT10_TOTAL_US	199487
PASS	1

=== PFS3 Results ===
FS_COMPARE_BENCH	4
DRIVE	DH2:
SMALL_CREATE_40_US	16191
LOOKUP_400_US	77439
SMALL_READ_40_US	14001
LIST_EXNEXT_400_US	12259
LIST_EXALL_400_US	2560
SEQ_WRITE_8M_US	39808
SEQ_READ_8M_US	254270
SMALL_DELETE_40_US	7808
APPEND_4K_1M_US	32895
APPEND_1K_256K_US	23168
APPEND_READ_1280K_US	40257
LIST_EXNEXT_40_ENTRIES_FIRST_PASS_US	1664
LIST_EXNEXT_40_ENTRIES_REPEAT10_TOTAL_US	12223
LIST_EXALL_40_ENTRIES_FIRST_PASS_US	578
LIST_EXALL_40_ENTRIES_REPEAT10_TOTAL_US	2497
LIST_EXNEXT_400_ENTRIES_FIRST_PASS_US	12759
LIST_EXNEXT_400_ENTRIES_REPEAT10_TOTAL_US	112382
LIST_EXALL_400_ENTRIES_FIRST_PASS_US	3329
LIST_EXALL_400_ENTRIES_REPEAT10_TOTAL_US	30593
LIST_EXNEXT_1000_ENTRIES_FIRST_PASS_US	31037
LIST_EXNEXT_1000_ENTRIES_REPEAT10_TOTAL_US	280573
LIST_EXALL_1000_ENTRIES_FIRST_PASS_US	6530
LIST_EXALL_1000_ENTRIES_REPEAT10_TOTAL_US	50113
PASS	1
PASS: requested mounted-volume workload outputs are complete and data-checked
