=== BFS vs PFS3 Benchmark (FS-UAE 68040) ===
Evidence directory: /home/fabian/.cache/bfs-performance/append-attr-2026-10-10.XtdDJw/results/append-prod-8-pfs3-first-mid
Mode: compare
Timeout: 600s


=== Machine Info ===
# Machine Info
Kickstart 47.102, Workbench 47.2
System: 68040 68040/060-FPU   (INST: Cache Burst) (DATA: NoCache NoBurst)
Type  Available    In-Use   Maximum   Largest
chip    2028040     52728   2080768   2027968
fast    7532072    856536   8388608   7526984
total   9560112    909264  10469376   7526984


Mounted disks:
Unit      Size       Used       Free Full Errs   Status   Name
DF0       No disk present
DH0      4095M    4194304    4194303  50%   0  Read/Write System
DH1       255M         36      65372   0%   0  Read/Write BFSTest
DH2       Not a DOS disk

Volumes available:
BFSTest [Mounted]
System [Mounted]

=== BFS Results ===
FS_COMPARE_BENCH	4
DRIVE	DH1:
SMALL_CREATE_40_US	30987
LOOKUP_400_US	59648
SMALL_READ_40_US	18560
LIST_EXNEXT_400_US	27777
LIST_EXALL_400_US	7871
SEQ_WRITE_8M_US	30206
SEQ_READ_8M_US	277822
SMALL_DELETE_40_US	14847
APPEND_4K_1M_US	53888
APPEND_1K_256K_US	44031
APPEND_READ_1280K_US	46144
LIST_EXNEXT_40_ENTRIES_FIRST_PASS_US	4480
LIST_EXNEXT_40_ENTRIES_REPEAT10_TOTAL_US	29183
LIST_EXALL_40_ENTRIES_FIRST_PASS_US	1791
LIST_EXALL_40_ENTRIES_REPEAT10_TOTAL_US	11137
LIST_EXNEXT_400_ENTRIES_FIRST_PASS_US	44736
LIST_EXNEXT_400_ENTRIES_REPEAT10_TOTAL_US	286590
LIST_EXALL_400_ENTRIES_FIRST_PASS_US	17023
LIST_EXALL_400_ENTRIES_REPEAT10_TOTAL_US	77248
LIST_EXNEXT_1000_ENTRIES_FIRST_PASS_US	102848
LIST_EXNEXT_1000_ENTRIES_REPEAT10_TOTAL_US	729661
LIST_EXALL_1000_ENTRIES_FIRST_PASS_US	40448
LIST_EXALL_1000_ENTRIES_REPEAT10_TOTAL_US	195582
PASS	1

=== PFS3 Results ===
FS_COMPARE_BENCH	4
DRIVE	DH2:
SMALL_CREATE_40_US	19711
LOOKUP_400_US	66623
SMALL_READ_40_US	14848
LIST_EXNEXT_400_US	11649
LIST_EXALL_400_US	2560
SEQ_WRITE_8M_US	40704
SEQ_READ_8M_US	277119
SMALL_DELETE_40_US	7873
APPEND_4K_1M_US	34687
APPEND_1K_256K_US	23808
APPEND_READ_1280K_US	40768
LIST_EXNEXT_40_ENTRIES_FIRST_PASS_US	1535
LIST_EXNEXT_40_ENTRIES_REPEAT10_TOTAL_US	12095
LIST_EXALL_40_ENTRIES_FIRST_PASS_US	637
LIST_EXALL_40_ENTRIES_REPEAT10_TOTAL_US	2495
LIST_EXNEXT_400_ENTRIES_FIRST_PASS_US	13184
LIST_EXNEXT_400_ENTRIES_REPEAT10_TOTAL_US	110848
LIST_EXALL_400_ENTRIES_FIRST_PASS_US	3967
LIST_EXALL_400_ENTRIES_REPEAT10_TOTAL_US	20480
LIST_EXNEXT_1000_ENTRIES_FIRST_PASS_US	31680
LIST_EXNEXT_1000_ENTRIES_REPEAT10_TOTAL_US	280575
LIST_EXALL_1000_ENTRIES_FIRST_PASS_US	9728
LIST_EXALL_1000_ENTRIES_REPEAT10_TOTAL_US	53120
PASS	1
PASS: requested mounted-volume workload outputs are complete and data-checked
