=== BFS vs PFS3 Benchmark (FS-UAE 68040) ===
Evidence directory: /home/fabian/.cache/bfs-performance/prodcodegen-pilot-2026-10-10.rjXGlO/results/prodcodegen-1-bfs-first-base
Mode: compare
Timeout: 600s


=== Machine Info ===
# Machine Info
Kickstart 47.102, Workbench 47.2
System: 68040 68040/060-FPU   (INST: Cache Burst) (DATA: NoCache NoBurst)
Type  Available    In-Use   Maximum   Largest
chip    2028040     52728   2080768   2027968
fast    7533080    855528   8388608   7528008
total   9561120    908256  10469376   7528008


Mounted disks:
Unit      Size       Used       Free Full Errs   Status   Name
DF0       No disk present
DH0      4095M    4194304    4194303  50%   0  Read/Write System
DH1       255M         36      65372   0%   0  Read/Write BFSTest
DH2       Not a DOS disk

Volumes available:
BFSTest [Mounted]
System [Mounted]

=== BFS Results ===
FS_COMPARE_BENCH	4
DRIVE	DH1:
SMALL_CREATE_40_US	29185
LOOKUP_400_US	61184
SMALL_READ_40_US	20608
LIST_EXNEXT_400_US	28735
LIST_EXALL_400_US	8000
SEQ_WRITE_8M_US	48896
SEQ_READ_8M_US	257150
SMALL_DELETE_40_US	14977
APPEND_4K_1M_US	80703
APPEND_1K_256K_US	60608
APPEND_READ_1280K_US	45246
LIST_EXNEXT_40_ENTRIES_FIRST_PASS_US	4520
LIST_EXNEXT_40_ENTRIES_REPEAT10_TOTAL_US	29183
LIST_EXALL_40_ENTRIES_FIRST_PASS_US	2560
LIST_EXALL_40_ENTRIES_REPEAT10_TOTAL_US	8960
LIST_EXNEXT_400_ENTRIES_FIRST_PASS_US	37888
LIST_EXNEXT_400_ENTRIES_REPEAT10_TOTAL_US	288190
LIST_EXALL_400_ENTRIES_FIRST_PASS_US	16729
LIST_EXALL_400_ENTRIES_REPEAT10_TOTAL_US	90751
LIST_EXNEXT_1000_ENTRIES_FIRST_PASS_US	93568
LIST_EXNEXT_1000_ENTRIES_REPEAT10_TOTAL_US	847931
LIST_EXALL_1000_ENTRIES_FIRST_PASS_US	62848
LIST_EXALL_1000_ENTRIES_REPEAT10_TOTAL_US	197694
PASS	1

=== PFS3 Results ===
FS_COMPARE_BENCH	4
DRIVE	DH2:
SMALL_CREATE_40_US	16640
LOOKUP_400_US	65408
SMALL_READ_40_US	13824
LIST_EXNEXT_400_US	12000
LIST_EXALL_400_US	2558
SEQ_WRITE_8M_US	38783
SEQ_READ_8M_US	280875
SMALL_DELETE_40_US	7873
APPEND_4K_1M_US	32895
APPEND_1K_256K_US	23295
APPEND_READ_1280K_US	43583
LIST_EXNEXT_40_ENTRIES_FIRST_PASS_US	1600
LIST_EXNEXT_40_ENTRIES_REPEAT10_TOTAL_US	12287
LIST_EXALL_40_ENTRIES_FIRST_PASS_US	640
LIST_EXALL_40_ENTRIES_REPEAT10_TOTAL_US	2431
LIST_EXNEXT_400_ENTRIES_FIRST_PASS_US	12928
LIST_EXNEXT_400_ENTRIES_REPEAT10_TOTAL_US	115134
LIST_EXALL_400_ENTRIES_FIRST_PASS_US	3455
LIST_EXALL_400_ENTRIES_REPEAT10_TOTAL_US	20673
LIST_EXNEXT_1000_ENTRIES_FIRST_PASS_US	32064
LIST_EXNEXT_1000_ENTRIES_REPEAT10_TOTAL_US	297854
LIST_EXALL_1000_ENTRIES_FIRST_PASS_US	6465
LIST_EXALL_1000_ENTRIES_REPEAT10_TOTAL_US	49728
PASS	1
PASS: requested mounted-volume workload outputs are complete and data-checked
