=== BFS vs PFS3 Benchmark (FS-UAE 68040) ===
Evidence directory: /home/fabian/.cache/bfs-performance/status-2026-10-10.NvWrOR/results/status-8-pfs3-first-current
Mode: compare
Timeout: 600s


=== Machine Info ===
# Machine Info
Kickstart 47.102, Workbench 47.2
System: 68040 68040/060-FPU   (INST: Cache Burst) (DATA: NoCache NoBurst)
Type  Available    In-Use   Maximum   Largest
chip    2028040     52728   2080768   2027968
fast    7531240    857368   8388608   7526176
total   9559280    910096  10469376   7526176


Mounted disks:
Unit      Size       Used       Free Full Errs   Status   Name
DF0       No disk present
DH0      4095M    4194304    4194303  50%   0  Read/Write System
DH1       255M         36      65372   0%   0  Read/Write BFSTest
DH2       Not a DOS disk

Volumes available:
BFSTest [Mounted]
System [Mounted]

=== BFS Results ===
FS_COMPARE_BENCH	4
DRIVE	DH1:
SMALL_CREATE_40_US	30143
LOOKUP_400_US	59520
SMALL_READ_40_US	18048
LIST_EXNEXT_400_US	20672
LIST_EXALL_400_US	7745
SEQ_WRITE_8M_US	30273
SEQ_READ_8M_US	273087
SMALL_DELETE_40_US	13953
APPEND_4K_1M_US	53631
APPEND_1K_256K_US	43910
APPEND_READ_1280K_US	44351
LIST_EXNEXT_40_ENTRIES_FIRST_PASS_US	4157
LIST_EXNEXT_40_ENTRIES_REPEAT10_TOTAL_US	23424
LIST_EXALL_40_ENTRIES_FIRST_PASS_US	2048
LIST_EXALL_40_ENTRIES_REPEAT10_TOTAL_US	9152
LIST_EXNEXT_400_ENTRIES_FIRST_PASS_US	32320
LIST_EXNEXT_400_ENTRIES_REPEAT10_TOTAL_US	241854
LIST_EXALL_400_ENTRIES_FIRST_PASS_US	17215
LIST_EXALL_400_ENTRIES_REPEAT10_TOTAL_US	83456
LIST_EXNEXT_1000_ENTRIES_FIRST_PASS_US	81730
LIST_EXNEXT_1000_ENTRIES_REPEAT10_TOTAL_US	585853
LIST_EXALL_1000_ENTRIES_FIRST_PASS_US	42368
LIST_EXALL_1000_ENTRIES_REPEAT10_TOTAL_US	222782
PASS	1

=== PFS3 Results ===
FS_COMPARE_BENCH	4
DRIVE	DH2:
SMALL_CREATE_40_US	17088
LOOKUP_400_US	66623
SMALL_READ_40_US	14271
LIST_EXNEXT_400_US	11903
LIST_EXALL_400_US	2880
SEQ_WRITE_8M_US	39745
SEQ_READ_8M_US	270975
SMALL_DELETE_40_US	8768
APPEND_4K_1M_US	33280
APPEND_1K_256K_US	24448
APPEND_READ_1280K_US	42176
LIST_EXNEXT_40_ENTRIES_FIRST_PASS_US	1537
LIST_EXNEXT_40_ENTRIES_REPEAT10_TOTAL_US	12351
LIST_EXALL_40_ENTRIES_FIRST_PASS_US	512
LIST_EXALL_40_ENTRIES_REPEAT10_TOTAL_US	2497
LIST_EXNEXT_400_ENTRIES_FIRST_PASS_US	12863
LIST_EXNEXT_400_ENTRIES_REPEAT10_TOTAL_US	113151
LIST_EXALL_400_ENTRIES_FIRST_PASS_US	2815
LIST_EXALL_400_ENTRIES_REPEAT10_TOTAL_US	20353
LIST_EXNEXT_1000_ENTRIES_FIRST_PASS_US	31745
LIST_EXNEXT_1000_ENTRIES_REPEAT10_TOTAL_US	292735
LIST_EXALL_1000_ENTRIES_FIRST_PASS_US	6592
LIST_EXALL_1000_ENTRIES_REPEAT10_TOTAL_US	50751
PASS	1
PASS: requested mounted-volume workload outputs are complete and data-checked
