=== BFS vs PFS3 Benchmark (FS-UAE 68040) ===
Evidence directory: /home/fabian/.cache/bfs-performance/metabound-2026-10-10.kPl0jg/results/metabound-6-pfs3-first-bound
Mode: compare
Timeout: 600s


=== Machine Info ===
# Machine Info
Kickstart 47.102, Workbench 47.2
System: 68040 68040/060-FPU   (INST: Cache Burst) (DATA: NoCache NoBurst)
Type  Available    In-Use   Maximum   Largest
chip    2028040     52728   2080768   2027968
fast    7534792    853816   8388608   7529704
total   9562832    906544  10469376   7529704


Mounted disks:
Unit      Size       Used       Free Full Errs   Status   Name
DF0       No disk present
DH0      4095M    4194304    4194303  50%   0  Read/Write System
DH1       255M         36      65372   0%   0  Read/Write BFSTest
DH2       Not a DOS disk

Volumes available:
BFSTest [Mounted]
System [Mounted]

=== BFS Results ===
FS_COMPARE_BENCH	4
DRIVE	DH1:
SMALL_CREATE_40_US	31168
LOOKUP_400_US	125759
SMALL_READ_40_US	19135
LIST_EXNEXT_400_US	22784
LIST_EXALL_400_US	4608
SEQ_WRITE_8M_US	39167
SEQ_READ_8M_US	270078
SMALL_DELETE_40_US	13760
APPEND_4K_1M_US	78847
APPEND_1K_256K_US	62783
APPEND_READ_1280K_US	45824
LIST_EXNEXT_40_ENTRIES_FIRST_PASS_US	3392
LIST_EXNEXT_40_ENTRIES_REPEAT10_TOTAL_US	24064
LIST_EXALL_40_ENTRIES_FIRST_PASS_US	1151
LIST_EXALL_40_ENTRIES_REPEAT10_TOTAL_US	5309
LIST_EXNEXT_400_ENTRIES_FIRST_PASS_US	27199
LIST_EXNEXT_400_ENTRIES_REPEAT10_TOTAL_US	216319
LIST_EXALL_400_ENTRIES_FIRST_PASS_US	9729
LIST_EXALL_400_ENTRIES_REPEAT10_TOTAL_US	48128
LIST_EXNEXT_1000_ENTRIES_FIRST_PASS_US	75905
LIST_EXNEXT_1000_ENTRIES_REPEAT10_TOTAL_US	551420
LIST_EXALL_1000_ENTRIES_FIRST_PASS_US	21825
LIST_EXALL_1000_ENTRIES_REPEAT10_TOTAL_US	116413
PASS	1

=== PFS3 Results ===
FS_COMPARE_BENCH	4
DRIVE	DH2:
SMALL_CREATE_40_US	16768
LOOKUP_400_US	82560
SMALL_READ_40_US	14400
LIST_EXNEXT_400_US	13823
LIST_EXALL_400_US	2495
SEQ_WRITE_8M_US	41215
SEQ_READ_8M_US	263167
SMALL_DELETE_40_US	8063
APPEND_4K_1M_US	32191
APPEND_1K_256K_US	22528
APPEND_READ_1280K_US	40705
LIST_EXNEXT_40_ENTRIES_FIRST_PASS_US	1537
LIST_EXNEXT_40_ENTRIES_REPEAT10_TOTAL_US	14015
LIST_EXALL_40_ENTRIES_FIRST_PASS_US	640
LIST_EXALL_40_ENTRIES_REPEAT10_TOTAL_US	2432
LIST_EXNEXT_400_ENTRIES_FIRST_PASS_US	12928
LIST_EXNEXT_400_ENTRIES_REPEAT10_TOTAL_US	135488
LIST_EXALL_400_ENTRIES_FIRST_PASS_US	4825
LIST_EXALL_400_ENTRIES_REPEAT10_TOTAL_US	20608
LIST_EXNEXT_1000_ENTRIES_FIRST_PASS_US	31680
LIST_EXNEXT_1000_ENTRIES_REPEAT10_TOTAL_US	275967
LIST_EXALL_1000_ENTRIES_FIRST_PASS_US	7552
LIST_EXALL_1000_ENTRIES_REPEAT10_TOTAL_US	56383
PASS	1
PASS: requested mounted-volume workload outputs are complete and data-checked
