=== BFS vs PFS3 Benchmark (FS-UAE 68040) ===
Evidence directory: /home/fabian/.cache/bfs-performance/relflags-2026-10-10.P6tt1r/results/relflags-7-bfs-first-o2-040
Mode: compare
Timeout: 600s


=== Machine Info ===
# Machine Info
Kickstart 47.102, Workbench 47.2
System: 68040 68040/060-FPU   (INST: Cache Burst) (DATA: NoCache NoBurst)
Type  Available    In-Use   Maximum   Largest
chip    2028040     52728   2080768   2027968
fast    7532216    856392   8388608   7527144
total   9560256    909120  10469376   7527144


Mounted disks:
Unit      Size       Used       Free Full Errs   Status   Name
DF0       No disk present
DH0      4095M    4194304    4194303  50%   0  Read/Write System
DH1       255M         36      65372   0%   0  Read/Write BFSTest
DH2       Not a DOS disk

Volumes available:
BFSTest [Mounted]
System [Mounted]

=== BFS Results ===
FS_COMPARE_BENCH	4
DRIVE	DH1:
SMALL_CREATE_40_US	27263
LOOKUP_400_US	59006
SMALL_READ_40_US	17345
LIST_EXNEXT_400_US	27519
LIST_EXALL_400_US	7617
SEQ_WRITE_8M_US	35840
SEQ_READ_8M_US	293182
SMALL_DELETE_40_US	15744
APPEND_4K_1M_US	70591
APPEND_1K_256K_US	58240
APPEND_READ_1280K_US	44863
LIST_EXNEXT_40_ENTRIES_FIRST_PASS_US	4416
LIST_EXNEXT_40_ENTRIES_REPEAT10_TOTAL_US	28928
LIST_EXALL_40_ENTRIES_FIRST_PASS_US	1920
LIST_EXALL_40_ENTRIES_REPEAT10_TOTAL_US	7937
LIST_EXNEXT_400_ENTRIES_FIRST_PASS_US	36860
LIST_EXNEXT_400_ENTRIES_REPEAT10_TOTAL_US	288254
LIST_EXALL_400_ENTRIES_FIRST_PASS_US	15680
LIST_EXALL_400_ENTRIES_REPEAT10_TOTAL_US	73728
LIST_EXNEXT_1000_ENTRIES_FIRST_PASS_US	90368
LIST_EXNEXT_1000_ENTRIES_REPEAT10_TOTAL_US	707899
LIST_EXALL_1000_ENTRIES_FIRST_PASS_US	38783
LIST_EXALL_1000_ENTRIES_REPEAT10_TOTAL_US	195582
PASS	1

=== PFS3 Results ===
FS_COMPARE_BENCH	4
DRIVE	DH2:
SMALL_CREATE_40_US	16701
LOOKUP_400_US	66560
SMALL_READ_40_US	14272
LIST_EXNEXT_400_US	12129
LIST_EXALL_400_US	2560
SEQ_WRITE_8M_US	40128
SEQ_READ_8M_US	262848
SMALL_DELETE_40_US	7808
APPEND_4K_1M_US	34816
APPEND_1K_256K_US	23873
APPEND_READ_1280K_US	41344
LIST_EXNEXT_40_ENTRIES_FIRST_PASS_US	1600
LIST_EXNEXT_40_ENTRIES_REPEAT10_TOTAL_US	12352
LIST_EXALL_40_ENTRIES_FIRST_PASS_US	640
LIST_EXALL_40_ENTRIES_REPEAT10_TOTAL_US	2495
LIST_EXNEXT_400_ENTRIES_FIRST_PASS_US	13120
LIST_EXNEXT_400_ENTRIES_REPEAT10_TOTAL_US	113599
LIST_EXALL_400_ENTRIES_FIRST_PASS_US	2943
LIST_EXALL_400_ENTRIES_REPEAT10_TOTAL_US	20609
LIST_EXNEXT_1000_ENTRIES_FIRST_PASS_US	30938
LIST_EXNEXT_1000_ENTRIES_REPEAT10_TOTAL_US	293885
LIST_EXALL_1000_ENTRIES_FIRST_PASS_US	6400
LIST_EXALL_1000_ENTRIES_REPEAT10_TOTAL_US	50668
PASS	1
PASS: requested mounted-volume workload outputs are complete and data-checked
