=== BFS vs PFS3 Benchmark (FS-UAE 68040) ===
Evidence directory: /home/fabian/.cache/bfs-performance/relflags-2026-10-10.P6tt1r/results/relflags-8-pfs3-first-o2-040
Mode: compare
Timeout: 600s


=== Machine Info ===
# Machine Info
Kickstart 47.102, Workbench 47.2
System: 68040 68040/060-FPU   (INST: Cache Burst) (DATA: NoCache NoBurst)
Type  Available    In-Use   Maximum   Largest
chip    2028040     52728   2080768   2027968
fast    7532216    856392   8388608   7527144
total   9560256    909120  10469376   7527144


Mounted disks:
Unit      Size       Used       Free Full Errs   Status   Name
DF0       No disk present
DH0      4095M    4194304    4194303  50%   0  Read/Write System
DH1       255M         36      65372   0%   0  Read/Write BFSTest
DH2       Not a DOS disk

Volumes available:
BFSTest [Mounted]
System [Mounted]

=== BFS Results ===
FS_COMPARE_BENCH	4
DRIVE	DH1:
SMALL_CREATE_40_US	28224
LOOKUP_400_US	58304
SMALL_READ_40_US	16512
LIST_EXNEXT_400_US	27966
LIST_EXALL_400_US	7358
SEQ_WRITE_8M_US	36480
SEQ_READ_8M_US	255870
SMALL_DELETE_40_US	14337
APPEND_4K_1M_US	74815
APPEND_1K_256K_US	56639
APPEND_READ_1280K_US	44928
LIST_EXNEXT_40_ENTRIES_FIRST_PASS_US	4352
LIST_EXNEXT_40_ENTRIES_REPEAT10_TOTAL_US	28160
LIST_EXALL_40_ENTRIES_FIRST_PASS_US	1729
LIST_EXALL_40_ENTRIES_REPEAT10_TOTAL_US	7872
LIST_EXNEXT_400_ENTRIES_FIRST_PASS_US	42816
LIST_EXNEXT_400_ENTRIES_REPEAT10_TOTAL_US	280510
LIST_EXALL_400_ENTRIES_FIRST_PASS_US	15744
LIST_EXALL_400_ENTRIES_REPEAT10_TOTAL_US	73727
LIST_EXNEXT_1000_ENTRIES_FIRST_PASS_US	91008
LIST_EXNEXT_1000_ENTRIES_REPEAT10_TOTAL_US	731771
LIST_EXALL_1000_ENTRIES_FIRST_PASS_US	38913
LIST_EXALL_1000_ENTRIES_REPEAT10_TOTAL_US	182528
PASS	1

=== PFS3 Results ===
FS_COMPARE_BENCH	4
DRIVE	DH2:
SMALL_CREATE_40_US	16960
LOOKUP_400_US	71231
SMALL_READ_40_US	15489
LIST_EXNEXT_400_US	12223
LIST_EXALL_400_US	2560
SEQ_WRITE_8M_US	49855
SEQ_READ_8M_US	269118
SMALL_DELETE_40_US	7808
APPEND_4K_1M_US	33153
APPEND_1K_256K_US	22783
APPEND_READ_1280K_US	40320
LIST_EXNEXT_40_ENTRIES_FIRST_PASS_US	1600
LIST_EXNEXT_40_ENTRIES_REPEAT10_TOTAL_US	11905
LIST_EXALL_40_ENTRIES_FIRST_PASS_US	767
LIST_EXALL_40_ENTRIES_REPEAT10_TOTAL_US	2623
LIST_EXNEXT_400_ENTRIES_FIRST_PASS_US	17215
LIST_EXNEXT_400_ENTRIES_REPEAT10_TOTAL_US	117823
LIST_EXALL_400_ENTRIES_FIRST_PASS_US	2687
LIST_EXALL_400_ENTRIES_REPEAT10_TOTAL_US	20160
LIST_EXNEXT_1000_ENTRIES_FIRST_PASS_US	32228
LIST_EXNEXT_1000_ENTRIES_REPEAT10_TOTAL_US	280063
LIST_EXALL_1000_ENTRIES_FIRST_PASS_US	6271
LIST_EXALL_1000_ENTRIES_REPEAT10_TOTAL_US	59968
PASS	1
PASS: requested mounted-volume workload outputs are complete and data-checked
