=== BFS vs PFS3 Benchmark (FS-UAE 68040) ===
Evidence directory: /home/fabian/.cache/bfs-performance/metadata-2026-10-08.QvzB5w/build/benchmark/metadata-v4-c8-20261008-m1b-4-pfs3-first
Mode: compare
Timeout: 600s


=== Machine Info ===
# Machine Info
Kickstart 47.102, Workbench 47.2
System: 68040 68040/060-FPU   (INST: Cache Burst) (DATA: NoCache NoBurst)
Type  Available    In-Use   Maximum   Largest
chip    2028040     52728   2080768   2027968
fast    7694024    694584   8388608   7688952
total   9722064    747312  10469376   7688952


Mounted disks:
Unit      Size       Used       Free Full Errs   Status   Name
DF0       No disk present
DH0      4095M    4194304    4194303  50%   0  Read/Write System
DH1       255M         36      65372   0%   0  Read/Write BFSTest
DH2       Not a DOS disk

Volumes available:
BFSTest [Mounted]
System [Mounted]

=== BFS Results ===
FS_COMPARE_BENCH	4
DRIVE	DH1:
SMALL_CREATE_40_US	26305
LOOKUP_400_US	74304
SMALL_READ_40_US	16960
LIST_EXNEXT_400_US	31745
LIST_EXALL_400_US	9024
SEQ_WRITE_8M_US	33472
SEQ_READ_8M_US	267262
SMALL_DELETE_40_US	16703
APPEND_4K_1M_US	64704
APPEND_1K_256K_US	54656
APPEND_READ_1280K_US	41089
LIST_EXNEXT_40_ENTRIES_FIRST_PASS_US	6144
LIST_EXNEXT_40_ENTRIES_REPEAT10_TOTAL_US	34048
LIST_EXALL_40_ENTRIES_FIRST_PASS_US	3455
LIST_EXALL_40_ENTRIES_REPEAT10_TOTAL_US	11777
LIST_EXNEXT_400_ENTRIES_FIRST_PASS_US	58945
LIST_EXNEXT_400_ENTRIES_REPEAT10_TOTAL_US	614525
LIST_EXALL_400_ENTRIES_FIRST_PASS_US	36031
LIST_EXALL_400_ENTRIES_REPEAT10_TOTAL_US	388863
LIST_EXNEXT_1000_ENTRIES_FIRST_PASS_US	158462
LIST_EXNEXT_1000_ENTRIES_REPEAT10_TOTAL_US	1749430
LIST_EXALL_1000_ENTRIES_FIRST_PASS_US	93376
LIST_EXALL_1000_ENTRIES_REPEAT10_TOTAL_US	929274
PASS	1

=== PFS3 Results ===
FS_COMPARE_BENCH	4
DRIVE	DH2:
SMALL_CREATE_40_US	23168
LOOKUP_400_US	68544
SMALL_READ_40_US	13695
LIST_EXNEXT_400_US	11711
LIST_EXALL_400_US	2496
SEQ_WRITE_8M_US	52095
SEQ_READ_8M_US	265215
SMALL_DELETE_40_US	8448
APPEND_4K_1M_US	40703
APPEND_1K_256K_US	46720
APPEND_READ_1280K_US	47553
LIST_EXNEXT_40_ENTRIES_FIRST_PASS_US	1600
LIST_EXNEXT_40_ENTRIES_REPEAT10_TOTAL_US	11712
LIST_EXALL_40_ENTRIES_FIRST_PASS_US	575
LIST_EXALL_40_ENTRIES_REPEAT10_TOTAL_US	2495
LIST_EXNEXT_400_ENTRIES_FIRST_PASS_US	12863
LIST_EXNEXT_400_ENTRIES_REPEAT10_TOTAL_US	109182
LIST_EXALL_400_ENTRIES_FIRST_PASS_US	3135
LIST_EXALL_400_ENTRIES_REPEAT10_TOTAL_US	20096
LIST_EXNEXT_1000_ENTRIES_FIRST_PASS_US	29337
LIST_EXNEXT_1000_ENTRIES_REPEAT10_TOTAL_US	275327
LIST_EXALL_1000_ENTRIES_FIRST_PASS_US	6462
LIST_EXALL_1000_ENTRIES_REPEAT10_TOTAL_US	84480
PASS	1
PASS: requested mounted-volume workload outputs are complete and data-checked
