=== BFS vs PFS3 Benchmark (FS-UAE 68040) ===
Evidence directory: /home/fabian/.cache/bfs-performance/append-attr-2026-10-10.XtdDJw/results/append-prod-6-pfs3-first-mid
Mode: compare
Timeout: 600s


=== Machine Info ===
# Machine Info
Kickstart 47.102, Workbench 47.2
System: 68040 68040/060-FPU   (INST: Cache Burst) (DATA: NoCache NoBurst)
Type  Available    In-Use   Maximum   Largest
chip    2028040     52728   2080768   2027968
fast    7532072    856536   8388608   7526984
total   9560112    909264  10469376   7526984


Mounted disks:
Unit      Size       Used       Free Full Errs   Status   Name
DF0       No disk present
DH0      4095M    4194304    4194303  50%   0  Read/Write System
DH1       255M         36      65372   0%   0  Read/Write BFSTest
DH2       Not a DOS disk

Volumes available:
BFSTest [Mounted]
System [Mounted]

=== BFS Results ===
FS_COMPARE_BENCH	4
DRIVE	DH1:
SMALL_CREATE_40_US	28863
LOOKUP_400_US	61888
SMALL_READ_40_US	18816
LIST_EXNEXT_400_US	28608
LIST_EXALL_400_US	8000
SEQ_WRITE_8M_US	27913
SEQ_READ_8M_US	281534
SMALL_DELETE_40_US	14143
APPEND_4K_1M_US	54079
APPEND_1K_256K_US	43903
APPEND_READ_1280K_US	45119
LIST_EXNEXT_40_ENTRIES_FIRST_PASS_US	4478
LIST_EXNEXT_40_ENTRIES_REPEAT10_TOTAL_US	28095
LIST_EXALL_40_ENTRIES_FIRST_PASS_US	1984
LIST_EXALL_40_ENTRIES_REPEAT10_TOTAL_US	8384
LIST_EXNEXT_400_ENTRIES_FIRST_PASS_US	37249
LIST_EXNEXT_400_ENTRIES_REPEAT10_TOTAL_US	293180
LIST_EXALL_400_ENTRIES_FIRST_PASS_US	15553
LIST_EXALL_400_ENTRIES_REPEAT10_TOTAL_US	75584
LIST_EXNEXT_1000_ENTRIES_FIRST_PASS_US	88640
LIST_EXNEXT_1000_ENTRIES_REPEAT10_TOTAL_US	717289
LIST_EXALL_1000_ENTRIES_FIRST_PASS_US	52031
LIST_EXALL_1000_ENTRIES_REPEAT10_TOTAL_US	193344
PASS	1

=== PFS3 Results ===
FS_COMPARE_BENCH	4
DRIVE	DH2:
SMALL_CREATE_40_US	15553
LOOKUP_400_US	67200
SMALL_READ_40_US	14145
LIST_EXNEXT_400_US	11905
LIST_EXALL_400_US	2816
SEQ_WRITE_8M_US	47167
SEQ_READ_8M_US	263358
SMALL_DELETE_40_US	8128
APPEND_4K_1M_US	32384
APPEND_1K_256K_US	22911
APPEND_READ_1280K_US	40833
LIST_EXNEXT_40_ENTRIES_FIRST_PASS_US	1600
LIST_EXNEXT_40_ENTRIES_REPEAT10_TOTAL_US	11904
LIST_EXALL_40_ENTRIES_FIRST_PASS_US	512
LIST_EXALL_40_ENTRIES_REPEAT10_TOTAL_US	2496
LIST_EXNEXT_400_ENTRIES_FIRST_PASS_US	12160
LIST_EXNEXT_400_ENTRIES_REPEAT10_TOTAL_US	126015
LIST_EXALL_400_ENTRIES_FIRST_PASS_US	2817
LIST_EXALL_400_ENTRIES_REPEAT10_TOTAL_US	20800
LIST_EXNEXT_1000_ENTRIES_FIRST_PASS_US	32640
LIST_EXNEXT_1000_ENTRIES_REPEAT10_TOTAL_US	301951
LIST_EXALL_1000_ENTRIES_FIRST_PASS_US	6528
LIST_EXALL_1000_ENTRIES_REPEAT10_TOTAL_US	51775
PASS	1
PASS: requested mounted-volume workload outputs are complete and data-checked
