=== BFS vs PFS3 Benchmark (FS-UAE 68040) ===
Evidence directory: /home/fabian/.cache/bfs-performance/listing-upgrade-2026-10-08.29qKRc/build/benchmark/leaf-range-durable-20261008-range-8-pfs3-first
Mode: durable-compare
Timeout: 600s


=== Machine Info ===
# Machine Info
Kickstart 47.102, Workbench 47.2
System: 68040 68040/060-FPU   (INST: Cache Burst) (DATA: NoCache NoBurst)
Type  Available    In-Use   Maximum   Largest
chip    2028040     52728   2080768   2027968
fast    7687256    701352   8388608   7682200
total   9715296    754080  10469376   7682200


Mounted disks:
Unit      Size       Used       Free Full Errs   Status   Name
DF0       No disk present
DH0      4095M    4194304    4194303  50%   0  Read/Write System
DH1       255M         36      65372   0%   0  Read/Write BFSTest
DH2       Not a DOS disk

Volumes available:
BFSTest [Mounted]
System [Mounted]

=== BFS Results ===
FS_DURABLE_COMPARE	4
DRIVE	DH1:
SMALL_CREATE_40_US	34112
LOOKUP_400_US	141568
SMALL_READ_40_US	39745
LIST_EXNEXT_400_US	35585
LIST_EXALL_400_US	8896
SEQ_WRITE_8M_US	42879
SEQ_READ_8M_US	278078
SMALL_DELETE_40_US	26624
APPEND_4K_1M_US	121919
APPEND_1K_256K_US	90561
APPEND_READ_1280K_US	43391
LIST_EXNEXT_40_ENTRIES_FIRST_PASS_US	6464
LIST_EXNEXT_40_ENTRIES_REPEAT10_TOTAL_US	31360
LIST_EXALL_40_ENTRIES_FIRST_PASS_US	3777
LIST_EXALL_40_ENTRIES_REPEAT10_TOTAL_US	9855
LIST_EXNEXT_400_ENTRIES_FIRST_PASS_US	54591
LIST_EXNEXT_400_ENTRIES_REPEAT10_TOTAL_US	585213
LIST_EXALL_400_ENTRIES_FIRST_PASS_US	35392
LIST_EXALL_400_ENTRIES_REPEAT10_TOTAL_US	367997
LIST_EXNEXT_1000_ENTRIES_FIRST_PASS_US	145919
LIST_EXNEXT_1000_ENTRIES_REPEAT10_TOTAL_US	1629112
LIST_EXALL_1000_ENTRIES_FIRST_PASS_US	129177
LIST_EXALL_1000_ENTRIES_REPEAT10_TOTAL_US	1076600
PASS	1

=== PFS3 Results ===
FS_DURABLE_COMPARE	4
DRIVE	DH2:
SMALL_CREATE_40_US	22719
LOOKUP_400_US	112000
SMALL_READ_40_US	15488
LIST_EXNEXT_400_US	11830
LIST_EXALL_400_US	2432
SEQ_WRITE_8M_US	43200
SEQ_READ_8M_US	286463
SMALL_DELETE_40_US	8832
APPEND_4K_1M_US	34688
APPEND_1K_256K_US	25088
APPEND_READ_1280K_US	41345
LIST_EXNEXT_40_ENTRIES_FIRST_PASS_US	1728
LIST_EXNEXT_40_ENTRIES_REPEAT10_TOTAL_US	12032
LIST_EXALL_40_ENTRIES_FIRST_PASS_US	577
LIST_EXALL_40_ENTRIES_REPEAT10_TOTAL_US	2497
LIST_EXNEXT_400_ENTRIES_FIRST_PASS_US	24063
LIST_EXNEXT_400_ENTRIES_REPEAT10_TOTAL_US	134913
LIST_EXALL_400_ENTRIES_FIRST_PASS_US	5056
LIST_EXALL_400_ENTRIES_REPEAT10_TOTAL_US	23040
LIST_EXNEXT_1000_ENTRIES_FIRST_PASS_US	31553
LIST_EXNEXT_1000_ENTRIES_REPEAT10_TOTAL_US	302719
LIST_EXALL_1000_ENTRIES_FIRST_PASS_US	6720
LIST_EXALL_1000_ENTRIES_REPEAT10_TOTAL_US	51391
PASS	1
PASS: requested mounted-volume workload outputs are complete and data-checked
