=== BFS vs PFS3 Benchmark (FS-UAE 68040) ===
Evidence directory: /home/fabian/.cache/bfs-performance/exact-fastpath-2026-10-09.hdq3J0/build/benchmark/exact-key-normal-20261009-fast-4-pfs3-first
Mode: compare
Timeout: 600s


=== Machine Info ===
# Machine Info
Kickstart 47.102, Workbench 47.2
System: 68040 68040/060-FPU   (INST: Cache Burst) (DATA: NoCache NoBurst)
Type  Available    In-Use   Maximum   Largest
chip    2028040     52728   2080768   2027968
fast    7687320    701288   8388608   7682264
total   9715360    754016  10469376   7682264


Mounted disks:
Unit      Size       Used       Free Full Errs   Status   Name
DF0       No disk present
DH0      4095M    4194304    4194303  50%   0  Read/Write System
DH1       255M         36      65372   0%   0  Read/Write BFSTest
DH2       Not a DOS disk

Volumes available:
BFSTest [Mounted]
System [Mounted]

=== BFS Results ===
FS_COMPARE_BENCH	4
DRIVE	DH1:
SMALL_CREATE_40_US	30848
LOOKUP_400_US	76288
SMALL_READ_40_US	20737
LIST_EXNEXT_400_US	30601
LIST_EXALL_400_US	8831
SEQ_WRITE_8M_US	43648
SEQ_READ_8M_US	341246
SMALL_DELETE_40_US	19903
APPEND_4K_1M_US	89919
APPEND_1K_256K_US	63423
APPEND_READ_1280K_US	43008
LIST_EXNEXT_40_ENTRIES_FIRST_PASS_US	7744
LIST_EXNEXT_40_ENTRIES_REPEAT10_TOTAL_US	34751
LIST_EXALL_40_ENTRIES_FIRST_PASS_US	5697
LIST_EXALL_40_ENTRIES_REPEAT10_TOTAL_US	9729
LIST_EXNEXT_400_ENTRIES_FIRST_PASS_US	67647
LIST_EXNEXT_400_ENTRIES_REPEAT10_TOTAL_US	598525
LIST_EXALL_400_ENTRIES_FIRST_PASS_US	38273
LIST_EXALL_400_ENTRIES_REPEAT10_TOTAL_US	402558
LIST_EXNEXT_1000_ENTRIES_FIRST_PASS_US	164862
LIST_EXNEXT_1000_ENTRIES_REPEAT10_TOTAL_US	1642231
LIST_EXALL_1000_ENTRIES_FIRST_PASS_US	95615
LIST_EXALL_1000_ENTRIES_REPEAT10_TOTAL_US	935995
PASS	1

=== PFS3 Results ===
FS_COMPARE_BENCH	4
DRIVE	DH2:
SMALL_CREATE_40_US	17984
LOOKUP_400_US	67391
SMALL_READ_40_US	14975
LIST_EXNEXT_400_US	12288
LIST_EXALL_400_US	2432
SEQ_WRITE_8M_US	42559
SEQ_READ_8M_US	280574
SMALL_DELETE_40_US	23231
APPEND_4K_1M_US	74494
APPEND_1K_256K_US	28545
APPEND_READ_1280K_US	41216
LIST_EXNEXT_40_ENTRIES_FIRST_PASS_US	1663
LIST_EXNEXT_40_ENTRIES_REPEAT10_TOTAL_US	12097
LIST_EXALL_40_ENTRIES_FIRST_PASS_US	640
LIST_EXALL_40_ENTRIES_REPEAT10_TOTAL_US	2623
LIST_EXNEXT_400_ENTRIES_FIRST_PASS_US	13568
LIST_EXNEXT_400_ENTRIES_REPEAT10_TOTAL_US	115325
LIST_EXALL_400_ENTRIES_FIRST_PASS_US	2880
LIST_EXALL_400_ENTRIES_REPEAT10_TOTAL_US	20865
LIST_EXNEXT_1000_ENTRIES_FIRST_PASS_US	31872
LIST_EXNEXT_1000_ENTRIES_REPEAT10_TOTAL_US	307070
LIST_EXALL_1000_ENTRIES_FIRST_PASS_US	6528
LIST_EXALL_1000_ENTRIES_REPEAT10_TOTAL_US	50752
PASS	1
PASS: requested mounted-volume workload outputs are complete and data-checked
