=== BFS vs PFS3 Benchmark (FS-UAE 68040) ===
Evidence directory: /home/fabian/.cache/bfs-performance/listing-upgrade-2026-10-08.29qKRc/build/benchmark/leaf-range-normal-20261008-m3-7-bfs-first
Mode: compare
Timeout: 600s


=== Machine Info ===
# Machine Info
Kickstart 47.102, Workbench 47.2
System: 68040 68040/060-FPU   (INST: Cache Burst) (DATA: NoCache NoBurst)
Type  Available    In-Use   Maximum   Largest
chip    2028040     52728   2080768   2027968
fast    7689920    698688   8388608   7684880
total   9717960    751416  10469376   7684880


Mounted disks:
Unit      Size       Used       Free Full Errs   Status   Name
DF0       No disk present
DH0      4095M    4194304    4194303  50%   0  Read/Write System
DH1       255M         36      65372   0%   0  Read/Write BFSTest
DH2       Not a DOS disk

Volumes available:
BFSTest [Mounted]
System [Mounted]

=== BFS Results ===
FS_COMPARE_BENCH	4
DRIVE	DH1:
SMALL_CREATE_40_US	33920
LOOKUP_400_US	91904
SMALL_READ_40_US	21695
LIST_EXNEXT_400_US	32065
LIST_EXALL_400_US	8575
SEQ_WRITE_8M_US	38529
SEQ_READ_8M_US	268221
SMALL_DELETE_40_US	17472
APPEND_4K_1M_US	72383
APPEND_1K_256K_US	60352
APPEND_READ_1280K_US	43903
LIST_EXNEXT_40_ENTRIES_FIRST_PASS_US	6080
LIST_EXNEXT_40_ENTRIES_REPEAT10_TOTAL_US	31037
LIST_EXALL_40_ENTRIES_FIRST_PASS_US	4031
LIST_EXALL_40_ENTRIES_REPEAT10_TOTAL_US	9024
LIST_EXNEXT_400_ENTRIES_FIRST_PASS_US	62464
LIST_EXNEXT_400_ENTRIES_REPEAT10_TOTAL_US	626172
LIST_EXALL_400_ENTRIES_FIRST_PASS_US	39871
LIST_EXALL_400_ENTRIES_REPEAT10_TOTAL_US	427068
LIST_EXNEXT_1000_ENTRIES_FIRST_PASS_US	162367
LIST_EXNEXT_1000_ENTRIES_REPEAT10_TOTAL_US	1728438
LIST_EXALL_1000_ENTRIES_FIRST_PASS_US	106303
LIST_EXALL_1000_ENTRIES_REPEAT10_TOTAL_US	1086586
PASS	1

=== PFS3 Results ===
FS_COMPARE_BENCH	4
DRIVE	DH2:
SMALL_CREATE_40_US	17280
LOOKUP_400_US	68351
SMALL_READ_40_US	14337
LIST_EXNEXT_400_US	12095
LIST_EXALL_400_US	2560
SEQ_WRITE_8M_US	41151
SEQ_READ_8M_US	259712
SMALL_DELETE_40_US	7809
APPEND_4K_1M_US	34559
APPEND_1K_256K_US	23808
APPEND_READ_1280K_US	41151
LIST_EXNEXT_40_ENTRIES_FIRST_PASS_US	1727
LIST_EXNEXT_40_ENTRIES_REPEAT10_TOTAL_US	12543
LIST_EXALL_40_ENTRIES_FIRST_PASS_US	575
LIST_EXALL_40_ENTRIES_REPEAT10_TOTAL_US	2497
LIST_EXNEXT_400_ENTRIES_FIRST_PASS_US	15295
LIST_EXNEXT_400_ENTRIES_REPEAT10_TOTAL_US	131839
LIST_EXALL_400_ENTRIES_FIRST_PASS_US	2817
LIST_EXALL_400_ENTRIES_REPEAT10_TOTAL_US	22145
LIST_EXNEXT_1000_ENTRIES_FIRST_PASS_US	31808
LIST_EXNEXT_1000_ENTRIES_REPEAT10_TOTAL_US	314367
LIST_EXALL_1000_ENTRIES_FIRST_PASS_US	6527
LIST_EXALL_1000_ENTRIES_REPEAT10_TOTAL_US	50558
PASS	1
PASS: requested mounted-volume workload outputs are complete and data-checked
