=== BFS vs PFS3 Benchmark (FS-UAE 68040) ===
Evidence directory: /home/fabian/.cache/bfs-performance/listing-upgrade-2026-10-08.29qKRc/build/benchmark/cache-capacity-20261008-b128-2-pfs3-first
Mode: compare
Timeout: 600s


=== Machine Info ===
# Machine Info
Kickstart 47.102, Workbench 47.2
System: 68040 68040/060-FPU   (INST: Cache Burst) (DATA: NoCache NoBurst)
Type  Available    In-Use   Maximum   Largest
chip    2028040     52728   2080768   2027968
fast    7282048   1106560   8388608   7276968
total   9310088   1159288  10469376   7276968


Mounted disks:
Unit      Size       Used       Free Full Errs   Status   Name
DF0       No disk present
DH0      4095M    4194304    4194303  50%   0  Read/Write System
DH1       255M         36      65372   0%   0  Read/Write BFSTest
DH2       Not a DOS disk

Volumes available:
BFSTest [Mounted]
System [Mounted]

=== BFS Results ===
FS_COMPARE_BENCH	4
DRIVE	DH1:
SMALL_CREATE_40_US	28543
LOOKUP_400_US	74734
SMALL_READ_40_US	19649
LIST_EXNEXT_400_US	30400
LIST_EXALL_400_US	8446
SEQ_WRITE_8M_US	39360
SEQ_READ_8M_US	260542
SMALL_DELETE_40_US	17215
APPEND_4K_1M_US	71113
APPEND_1K_256K_US	60096
APPEND_READ_1280K_US	41856
LIST_EXNEXT_40_ENTRIES_FIRST_PASS_US	6335
LIST_EXNEXT_40_ENTRIES_REPEAT10_TOTAL_US	31231
LIST_EXALL_40_ENTRIES_FIRST_PASS_US	3711
LIST_EXALL_40_ENTRIES_REPEAT10_TOTAL_US	9087
LIST_EXNEXT_400_ENTRIES_FIRST_PASS_US	58559
LIST_EXNEXT_400_ENTRIES_REPEAT10_TOTAL_US	365758
LIST_EXALL_400_ENTRIES_FIRST_PASS_US	46847
LIST_EXALL_400_ENTRIES_REPEAT10_TOTAL_US	178796
LIST_EXNEXT_1000_ENTRIES_FIRST_PASS_US	163774
LIST_EXNEXT_1000_ENTRIES_REPEAT10_TOTAL_US	1588599
LIST_EXALL_1000_ENTRIES_FIRST_PASS_US	94655
LIST_EXALL_1000_ENTRIES_REPEAT10_TOTAL_US	932537
PASS	1

=== PFS3 Results ===
FS_COMPARE_BENCH	4
DRIVE	DH2:
SMALL_CREATE_40_US	17665
LOOKUP_400_US	66240
SMALL_READ_40_US	13697
LIST_EXNEXT_400_US	11966
LIST_EXALL_400_US	2880
SEQ_WRITE_8M_US	41343
SEQ_READ_8M_US	267773
SMALL_DELETE_40_US	7872
APPEND_4K_1M_US	32575
APPEND_1K_256K_US	23743
APPEND_READ_1280K_US	40511
LIST_EXNEXT_40_ENTRIES_FIRST_PASS_US	3456
LIST_EXNEXT_40_ENTRIES_REPEAT10_TOTAL_US	12799
LIST_EXALL_40_ENTRIES_FIRST_PASS_US	575
LIST_EXALL_40_ENTRIES_REPEAT10_TOTAL_US	3264
LIST_EXNEXT_400_ENTRIES_FIRST_PASS_US	12545
LIST_EXNEXT_400_ENTRIES_REPEAT10_TOTAL_US	113408
LIST_EXALL_400_ENTRIES_FIRST_PASS_US	3136
LIST_EXALL_400_ENTRIES_REPEAT10_TOTAL_US	20670
LIST_EXNEXT_1000_ENTRIES_FIRST_PASS_US	32768
LIST_EXNEXT_1000_ENTRIES_REPEAT10_TOTAL_US	282815
LIST_EXALL_1000_ENTRIES_FIRST_PASS_US	7360
LIST_EXALL_1000_ENTRIES_REPEAT10_TOTAL_US	50880
PASS	1
PASS: requested mounted-volume workload outputs are complete and data-checked
