=== BFS vs PFS3 Benchmark (FS-UAE 68040) ===
Evidence directory: /home/fabian/.cache/bfs-performance/relflags-2026-10-10.P6tt1r/results/relflags-2-pfs3-first-os-040
Mode: compare
Timeout: 600s


=== Machine Info ===
# Machine Info
Kickstart 47.102, Workbench 47.2
System: 68040 68040/060-FPU   (INST: Cache Burst) (DATA: NoCache NoBurst)
Type  Available    In-Use   Maximum   Largest
chip    2028040     52728   2080768   2027968
fast    7564008    824600   8388608   7558944
total   9592048    877328  10469376   7558944


Mounted disks:
Unit      Size       Used       Free Full Errs   Status   Name
DF0       No disk present
DH0      4095M    4194304    4194303  50%   0  Read/Write System
DH1       255M         36      65372   0%   0  Read/Write BFSTest
DH2       Not a DOS disk

Volumes available:
BFSTest [Mounted]
System [Mounted]

=== BFS Results ===
FS_COMPARE_BENCH	4
DRIVE	DH1:
SMALL_CREATE_40_US	31808
LOOKUP_400_US	62528
SMALL_READ_40_US	19968
LIST_EXNEXT_400_US	32577
LIST_EXALL_400_US	8575
SEQ_WRITE_8M_US	41408
SEQ_READ_8M_US	272319
SMALL_DELETE_40_US	15806
APPEND_4K_1M_US	72063
APPEND_1K_256K_US	76096
APPEND_READ_1280K_US	45504
LIST_EXNEXT_40_ENTRIES_FIRST_PASS_US	4992
LIST_EXNEXT_40_ENTRIES_REPEAT10_TOTAL_US	32448
LIST_EXALL_40_ENTRIES_FIRST_PASS_US	2175
LIST_EXALL_40_ENTRIES_REPEAT10_TOTAL_US	8895
LIST_EXNEXT_400_ENTRIES_FIRST_PASS_US	41471
LIST_EXNEXT_400_ENTRIES_REPEAT10_TOTAL_US	334207
LIST_EXALL_400_ENTRIES_FIRST_PASS_US	17307
LIST_EXALL_400_ENTRIES_REPEAT10_TOTAL_US	81983
LIST_EXNEXT_1000_ENTRIES_FIRST_PASS_US	107968
LIST_EXNEXT_1000_ENTRIES_REPEAT10_TOTAL_US	818748
LIST_EXALL_1000_ENTRIES_FIRST_PASS_US	42688
LIST_EXALL_1000_ENTRIES_REPEAT10_TOTAL_US	215487
PASS	1

=== PFS3 Results ===
FS_COMPARE_BENCH	4
DRIVE	DH2:
SMALL_CREATE_40_US	17217
LOOKUP_400_US	66240
SMALL_READ_40_US	14913
LIST_EXNEXT_400_US	12160
LIST_EXALL_400_US	2496
SEQ_WRITE_8M_US	40189
SEQ_READ_8M_US	272380
SMALL_DELETE_40_US	8000
APPEND_4K_1M_US	40446
APPEND_1K_256K_US	23231
APPEND_READ_1280K_US	41023
LIST_EXNEXT_40_ENTRIES_FIRST_PASS_US	1600
LIST_EXNEXT_40_ENTRIES_REPEAT10_TOTAL_US	11903
LIST_EXALL_40_ENTRIES_FIRST_PASS_US	576
LIST_EXALL_40_ENTRIES_REPEAT10_TOTAL_US	2495
LIST_EXNEXT_400_ENTRIES_FIRST_PASS_US	12480
LIST_EXNEXT_400_ENTRIES_REPEAT10_TOTAL_US	113856
LIST_EXALL_400_ENTRIES_FIRST_PASS_US	2815
LIST_EXALL_400_ENTRIES_REPEAT10_TOTAL_US	20416
LIST_EXNEXT_1000_ENTRIES_FIRST_PASS_US	34943
LIST_EXNEXT_1000_ENTRIES_REPEAT10_TOTAL_US	314878
LIST_EXALL_1000_ENTRIES_FIRST_PASS_US	6402
LIST_EXALL_1000_ENTRIES_REPEAT10_TOTAL_US	50303
PASS	1
PASS: requested mounted-volume workload outputs are complete and data-checked
