=== BFS vs PFS3 Benchmark (FS-UAE 68040) ===
Evidence directory: /home/fabian/.cache/bfs-performance/splitbatch-2026-10-10.USYRpP/results/splitbatch-1-bfs-first-split
Mode: compare
Timeout: 600s


=== Machine Info ===
# Machine Info
Kickstart 47.102, Workbench 47.2
System: 68040 68040/060-FPU   (INST: Cache Burst) (DATA: NoCache NoBurst)
Type  Available    In-Use   Maximum   Largest
chip    2028040     52728   2080768   2027968
fast    7531224    857384   8388608   7526160
total   9559264    910112  10469376   7526160


Mounted disks:
Unit      Size       Used       Free Full Errs   Status   Name
DF0       No disk present
DH0      4095M    4194304    4194303  50%   0  Read/Write System
DH1       255M         36      65372   0%   0  Read/Write BFSTest
DH2       Not a DOS disk

Volumes available:
BFSTest [Mounted]
System [Mounted]

=== BFS Results ===
FS_COMPARE_BENCH	4
DRIVE	DH1:
SMALL_CREATE_40_US	32446
LOOKUP_400_US	59648
SMALL_READ_40_US	17920
LIST_EXNEXT_400_US	20608
LIST_EXALL_400_US	7744
SEQ_WRITE_8M_US	30592
SEQ_READ_8M_US	271103
SMALL_DELETE_40_US	13753
APPEND_4K_1M_US	63488
APPEND_1K_256K_US	44863
APPEND_READ_1280K_US	44991
LIST_EXNEXT_40_ENTRIES_FIRST_PASS_US	3329
LIST_EXNEXT_40_ENTRIES_REPEAT10_TOTAL_US	21485
LIST_EXALL_40_ENTRIES_FIRST_PASS_US	1984
LIST_EXALL_40_ENTRIES_REPEAT10_TOTAL_US	8703
LIST_EXNEXT_400_ENTRIES_FIRST_PASS_US	29440
LIST_EXNEXT_400_ENTRIES_REPEAT10_TOTAL_US	220735
LIST_EXALL_400_ENTRIES_FIRST_PASS_US	14655
LIST_EXALL_400_ENTRIES_REPEAT10_TOTAL_US	75391
LIST_EXNEXT_1000_ENTRIES_FIRST_PASS_US	71360
LIST_EXNEXT_1000_ENTRIES_REPEAT10_TOTAL_US	533821
LIST_EXALL_1000_ENTRIES_FIRST_PASS_US	38079
LIST_EXALL_1000_ENTRIES_REPEAT10_TOTAL_US	200189
PASS	1

=== PFS3 Results ===
FS_COMPARE_BENCH	4
DRIVE	DH2:
SMALL_CREATE_40_US	15489
LOOKUP_400_US	66495
SMALL_READ_40_US	13823
LIST_EXNEXT_400_US	11968
LIST_EXALL_400_US	2432
SEQ_WRITE_8M_US	41216
SEQ_READ_8M_US	261118
SMALL_DELETE_40_US	7680
APPEND_4K_1M_US	41920
APPEND_1K_256K_US	24385
APPEND_READ_1280K_US	39616
LIST_EXNEXT_40_ENTRIES_FIRST_PASS_US	1664
LIST_EXNEXT_40_ENTRIES_REPEAT10_TOTAL_US	12416
LIST_EXALL_40_ENTRIES_FIRST_PASS_US	577
LIST_EXALL_40_ENTRIES_REPEAT10_TOTAL_US	2496
LIST_EXNEXT_400_ENTRIES_FIRST_PASS_US	17664
LIST_EXNEXT_400_ENTRIES_REPEAT10_TOTAL_US	120320
LIST_EXALL_400_ENTRIES_FIRST_PASS_US	3072
LIST_EXALL_400_ENTRIES_REPEAT10_TOTAL_US	20417
LIST_EXNEXT_1000_ENTRIES_FIRST_PASS_US	31680
LIST_EXNEXT_1000_ENTRIES_REPEAT10_TOTAL_US	281726
LIST_EXALL_1000_ENTRIES_FIRST_PASS_US	6465
LIST_EXALL_1000_ENTRIES_REPEAT10_TOTAL_US	63741
PASS	1
PASS: requested mounted-volume workload outputs are complete and data-checked
