=== BFS vs PFS3 Benchmark (FS-UAE 68040) ===
Evidence directory: /home/fabian/.cache/bfs-performance/metabound-2026-10-10.kPl0jg/results/metabound-3-bfs-first-reference
Mode: compare
Timeout: 600s


=== Machine Info ===
# Machine Info
Kickstart 47.102, Workbench 47.2
System: 68040 68040/060-FPU   (INST: Cache Burst) (DATA: NoCache NoBurst)
Type  Available    In-Use   Maximum   Largest
chip    2028040     52728   2080768   2027968
fast    7534464    854144   8388608   7529392
total   9562504    906872  10469376   7529392


Mounted disks:
Unit      Size       Used       Free Full Errs   Status   Name
DF0       No disk present
DH0      4095M    4194304    4194303  50%   0  Read/Write System
DH1       255M         36      65372   0%   0  Read/Write BFSTest
DH2       Not a DOS disk

Volumes available:
BFSTest [Mounted]
System [Mounted]

=== BFS Results ===
FS_COMPARE_BENCH	4
DRIVE	DH1:
SMALL_CREATE_40_US	29439
LOOKUP_400_US	61057
SMALL_READ_40_US	17728
LIST_EXNEXT_400_US	28543
LIST_EXALL_400_US	7680
SEQ_WRITE_8M_US	37375
SEQ_READ_8M_US	275906
SMALL_DELETE_40_US	14144
APPEND_4K_1M_US	68671
APPEND_1K_256K_US	60288
APPEND_READ_1280K_US	45118
LIST_EXNEXT_40_ENTRIES_FIRST_PASS_US	4415
LIST_EXNEXT_40_ENTRIES_REPEAT10_TOTAL_US	28929
LIST_EXALL_40_ENTRIES_FIRST_PASS_US	1726
LIST_EXALL_40_ENTRIES_REPEAT10_TOTAL_US	8447
LIST_EXNEXT_400_ENTRIES_FIRST_PASS_US	39104
LIST_EXNEXT_400_ENTRIES_REPEAT10_TOTAL_US	286079
LIST_EXALL_400_ENTRIES_FIRST_PASS_US	16831
LIST_EXALL_400_ENTRIES_REPEAT10_TOTAL_US	79168
LIST_EXNEXT_1000_ENTRIES_FIRST_PASS_US	102527
LIST_EXNEXT_1000_ENTRIES_REPEAT10_TOTAL_US	728251
LIST_EXALL_1000_ENTRIES_FIRST_PASS_US	40769
LIST_EXALL_1000_ENTRIES_REPEAT10_TOTAL_US	210751
PASS	1

=== PFS3 Results ===
FS_COMPARE_BENCH	4
DRIVE	DH2:
SMALL_CREATE_40_US	16128
LOOKUP_400_US	85247
SMALL_READ_40_US	28096
LIST_EXNEXT_400_US	18689
LIST_EXALL_400_US	2688
SEQ_WRITE_8M_US	40128
SEQ_READ_8M_US	285310
SMALL_DELETE_40_US	8385
APPEND_4K_1M_US	34303
APPEND_1K_256K_US	23423
APPEND_READ_1280K_US	41536
LIST_EXNEXT_40_ENTRIES_FIRST_PASS_US	1665
LIST_EXNEXT_40_ENTRIES_REPEAT10_TOTAL_US	12417
LIST_EXALL_40_ENTRIES_FIRST_PASS_US	640
LIST_EXALL_40_ENTRIES_REPEAT10_TOTAL_US	2433
LIST_EXNEXT_400_ENTRIES_FIRST_PASS_US	13951
LIST_EXNEXT_400_ENTRIES_REPEAT10_TOTAL_US	114303
LIST_EXALL_400_ENTRIES_FIRST_PASS_US	2881
LIST_EXALL_400_ENTRIES_REPEAT10_TOTAL_US	20545
LIST_EXNEXT_1000_ENTRIES_FIRST_PASS_US	31999
LIST_EXNEXT_1000_ENTRIES_REPEAT10_TOTAL_US	295485
LIST_EXALL_1000_ENTRIES_FIRST_PASS_US	7423
LIST_EXALL_1000_ENTRIES_REPEAT10_TOTAL_US	50495
PASS	1
PASS: requested mounted-volume workload outputs are complete and data-checked
