=== BFS vs PFS3 Benchmark (FS-UAE 68040) ===
Evidence directory: /home/fabian/.cache/bfs-performance/sparse-crc-2026-10-09.xN615F/candidate/build/benchmark/sparse-durable-20261009-sparse-5-bfs-first
Mode: durable-compare
Timeout: 600s


=== Machine Info ===
# Machine Info
Kickstart 47.102, Workbench 47.2
System: 68040 68040/060-FPU   (INST: Cache Burst) (DATA: NoCache NoBurst)
Type  Available    In-Use   Maximum   Largest
chip    2028040     52728   2080768   2027968
fast    7686824    701784   8388608   7681768
total   9714864    754512  10469376   7681768


Mounted disks:
Unit      Size       Used       Free Full Errs   Status   Name
DF0       No disk present
DH0      4095M    4194304    4194303  50%   0  Read/Write System
DH1       255M         36      65372   0%   0  Read/Write BFSTest
DH2       Not a DOS disk

Volumes available:
BFSTest [Mounted]
System [Mounted]

=== BFS Results ===
FS_DURABLE_COMPARE	4
DRIVE	DH1:
SMALL_CREATE_40_US	41600
LOOKUP_400_US	80640
SMALL_READ_40_US	22785
LIST_EXNEXT_400_US	31808
LIST_EXALL_400_US	8942
SEQ_WRITE_8M_US	44416
SEQ_READ_8M_US	264765
SMALL_DELETE_40_US	20097
APPEND_4K_1M_US	76479
APPEND_1K_256K_US	63040
APPEND_READ_1280K_US	42368
LIST_EXNEXT_40_ENTRIES_FIRST_PASS_US	6335
LIST_EXNEXT_40_ENTRIES_REPEAT10_TOTAL_US	57279
LIST_EXALL_40_ENTRIES_FIRST_PASS_US	5760
LIST_EXALL_40_ENTRIES_REPEAT10_TOTAL_US	21952
LIST_EXNEXT_400_ENTRIES_FIRST_PASS_US	69823
LIST_EXNEXT_400_ENTRIES_REPEAT10_TOTAL_US	519230
LIST_EXALL_400_ENTRIES_FIRST_PASS_US	30271
LIST_EXALL_400_ENTRIES_REPEAT10_TOTAL_US	301248
LIST_EXNEXT_1000_ENTRIES_FIRST_PASS_US	139264
LIST_EXNEXT_1000_ENTRIES_REPEAT10_TOTAL_US	1571574
LIST_EXALL_1000_ENTRIES_FIRST_PASS_US	80960
LIST_EXALL_1000_ENTRIES_REPEAT10_TOTAL_US	823931
PASS	1

=== PFS3 Results ===
FS_DURABLE_COMPARE	4
DRIVE	DH2:
SMALL_CREATE_40_US	18495
LOOKUP_400_US	67648
SMALL_READ_40_US	14592
LIST_EXNEXT_400_US	12288
LIST_EXALL_400_US	2495
SEQ_WRITE_8M_US	41984
SEQ_READ_8M_US	279999
SMALL_DELETE_40_US	25728
APPEND_4K_1M_US	43584
APPEND_1K_256K_US	24832
APPEND_READ_1280K_US	40959
LIST_EXNEXT_40_ENTRIES_FIRST_PASS_US	1600
LIST_EXNEXT_40_ENTRIES_REPEAT10_TOTAL_US	12353
LIST_EXALL_40_ENTRIES_FIRST_PASS_US	640
LIST_EXALL_40_ENTRIES_REPEAT10_TOTAL_US	2560
LIST_EXNEXT_400_ENTRIES_FIRST_PASS_US	13888
LIST_EXNEXT_400_ENTRIES_REPEAT10_TOTAL_US	117247
LIST_EXALL_400_ENTRIES_FIRST_PASS_US	2815
LIST_EXALL_400_ENTRIES_REPEAT10_TOTAL_US	20608
LIST_EXNEXT_1000_ENTRIES_FIRST_PASS_US	33280
LIST_EXNEXT_1000_ENTRIES_REPEAT10_TOTAL_US	372093
LIST_EXALL_1000_ENTRIES_FIRST_PASS_US	9023
LIST_EXALL_1000_ENTRIES_REPEAT10_TOTAL_US	50559
PASS	1
PASS: requested mounted-volume workload outputs are complete and data-checked
