=== BFS vs PFS3 Benchmark (FS-UAE 68040) ===
Evidence directory: /home/fabian/.cache/bfs-performance/metadata-2026-10-08.QvzB5w/build/benchmark/metadata-v4-c8-20261008-m1b-1-bfs-first
Mode: compare
Timeout: 600s


=== Machine Info ===
# Machine Info
Kickstart 47.102, Workbench 47.2
System: 68040 68040/060-FPU   (INST: Cache Burst) (DATA: NoCache NoBurst)
Type  Available    In-Use   Maximum   Largest
chip    2028040     52728   2080768   2027968
fast    7694024    694584   8388608   7688952
total   9722064    747312  10469376   7688952


Mounted disks:
Unit      Size       Used       Free Full Errs   Status   Name
DF0       No disk present
DH0      4095M    4194304    4194303  50%   0  Read/Write System
DH1       255M         36      65372   0%   0  Read/Write BFSTest
DH2       Not a DOS disk

Volumes available:
BFSTest [Mounted]
System [Mounted]

=== BFS Results ===
FS_COMPARE_BENCH	4
DRIVE	DH1:
SMALL_CREATE_40_US	26240
LOOKUP_400_US	78719
SMALL_READ_40_US	27968
LIST_EXNEXT_400_US	45888
LIST_EXALL_400_US	8640
SEQ_WRITE_8M_US	54399
SEQ_READ_8M_US	304364
SMALL_DELETE_40_US	32320
APPEND_4K_1M_US	88384
APPEND_1K_256K_US	60614
APPEND_READ_1280K_US	42559
LIST_EXNEXT_40_ENTRIES_FIRST_PASS_US	6720
LIST_EXNEXT_40_ENTRIES_REPEAT10_TOTAL_US	36160
LIST_EXALL_40_ENTRIES_FIRST_PASS_US	3647
LIST_EXALL_40_ENTRIES_REPEAT10_TOTAL_US	12033
LIST_EXNEXT_400_ENTRIES_FIRST_PASS_US	64896
LIST_EXNEXT_400_ENTRIES_REPEAT10_TOTAL_US	659260
LIST_EXALL_400_ENTRIES_FIRST_PASS_US	38143
LIST_EXALL_400_ENTRIES_REPEAT10_TOTAL_US	428029
LIST_EXNEXT_1000_ENTRIES_FIRST_PASS_US	162367
LIST_EXNEXT_1000_ENTRIES_REPEAT10_TOTAL_US	1762614
LIST_EXALL_1000_ENTRIES_FIRST_PASS_US	99008
LIST_EXALL_1000_ENTRIES_REPEAT10_TOTAL_US	988776
PASS	1

=== PFS3 Results ===
FS_COMPARE_BENCH	4
DRIVE	DH2:
SMALL_CREATE_40_US	16895
LOOKUP_400_US	66366
SMALL_READ_40_US	14719
LIST_EXNEXT_400_US	12545
LIST_EXALL_400_US	2432
SEQ_WRITE_8M_US	37998
SEQ_READ_8M_US	258495
SMALL_DELETE_40_US	8064
APPEND_4K_1M_US	32960
APPEND_1K_256K_US	23021
APPEND_READ_1280K_US	40768
LIST_EXNEXT_40_ENTRIES_FIRST_PASS_US	1600
LIST_EXNEXT_40_ENTRIES_REPEAT10_TOTAL_US	12014
LIST_EXALL_40_ENTRIES_FIRST_PASS_US	576
LIST_EXALL_40_ENTRIES_REPEAT10_TOTAL_US	2496
LIST_EXNEXT_400_ENTRIES_FIRST_PASS_US	12544
LIST_EXNEXT_400_ENTRIES_REPEAT10_TOTAL_US	111233
LIST_EXALL_400_ENTRIES_FIRST_PASS_US	2817
LIST_EXALL_400_ENTRIES_REPEAT10_TOTAL_US	20031
LIST_EXNEXT_1000_ENTRIES_FIRST_PASS_US	31745
LIST_EXNEXT_1000_ENTRIES_REPEAT10_TOTAL_US	278655
LIST_EXALL_1000_ENTRIES_FIRST_PASS_US	6657
LIST_EXALL_1000_ENTRIES_REPEAT10_TOTAL_US	50240
PASS	1
PASS: requested mounted-volume workload outputs are complete and data-checked
