=== BFS vs PFS3 Benchmark (FS-UAE 68040) ===
Evidence directory: /home/fabian/.cache/bfs-performance/scan-policy-2026-10-09.YjMjvA/candidate/build/benchmark/scan-pilot-normal-20261009-m5-1-bfs-first
Mode: compare
Timeout: 600s


=== Machine Info ===
# Machine Info
Kickstart 47.102, Workbench 47.2
System: 68040 68040/060-FPU   (INST: Cache Burst) (DATA: NoCache NoBurst)
Type  Available    In-Use   Maximum   Largest
chip    2028040     52728   2080768   2027968
fast    7687256    701352   8388608   7682200
total   9715296    754080  10469376   7682200


Mounted disks:
Unit      Size       Used       Free Full Errs   Status   Name
DF0       No disk present
DH0      4095M    4194304    4194303  50%   0  Read/Write System
DH1       255M         36      65372   0%   0  Read/Write BFSTest
DH2       Not a DOS disk

Volumes available:
BFSTest [Mounted]
System [Mounted]

=== BFS Results ===
FS_COMPARE_BENCH	4
DRIVE	DH1:
SMALL_CREATE_40_US	30144
LOOKUP_400_US	83391
SMALL_READ_40_US	20800
LIST_EXNEXT_400_US	30848
LIST_EXALL_400_US	11199
SEQ_WRITE_8M_US	52288
SEQ_READ_8M_US	279870
SMALL_DELETE_40_US	17344
APPEND_4K_1M_US	129473
APPEND_1K_256K_US	73088
APPEND_READ_1280K_US	44928
LIST_EXNEXT_40_ENTRIES_FIRST_PASS_US	6335
LIST_EXNEXT_40_ENTRIES_REPEAT10_TOTAL_US	32128
LIST_EXALL_40_ENTRIES_FIRST_PASS_US	4159
LIST_EXALL_40_ENTRIES_REPEAT10_TOTAL_US	10112
LIST_EXNEXT_400_ENTRIES_FIRST_PASS_US	56128
LIST_EXNEXT_400_ENTRIES_REPEAT10_TOTAL_US	644731
LIST_EXALL_400_ENTRIES_FIRST_PASS_US	35967
LIST_EXALL_400_ENTRIES_REPEAT10_TOTAL_US	407549
LIST_EXNEXT_1000_ENTRIES_FIRST_PASS_US	164990
LIST_EXNEXT_1000_ENTRIES_REPEAT10_TOTAL_US	1609273
LIST_EXALL_1000_ENTRIES_FIRST_PASS_US	98879
LIST_EXALL_1000_ENTRIES_REPEAT10_TOTAL_US	1037817
PASS	1

=== PFS3 Results ===
FS_COMPARE_BENCH	4
DRIVE	DH2:
SMALL_CREATE_40_US	19648
LOOKUP_400_US	84160
SMALL_READ_40_US	14975
LIST_EXNEXT_400_US	12480
LIST_EXALL_400_US	2625
SEQ_WRITE_8M_US	42432
SEQ_READ_8M_US	349375
SMALL_DELETE_40_US	9023
APPEND_4K_1M_US	45056
APPEND_1K_256K_US	30592
APPEND_READ_1280K_US	43265
LIST_EXNEXT_40_ENTRIES_FIRST_PASS_US	1665
LIST_EXNEXT_40_ENTRIES_REPEAT10_TOTAL_US	12415
LIST_EXALL_40_ENTRIES_FIRST_PASS_US	640
LIST_EXALL_40_ENTRIES_REPEAT10_TOTAL_US	2753
LIST_EXNEXT_400_ENTRIES_FIRST_PASS_US	12800
LIST_EXNEXT_400_ENTRIES_REPEAT10_TOTAL_US	113856
LIST_EXALL_400_ENTRIES_FIRST_PASS_US	3072
LIST_EXALL_400_ENTRIES_REPEAT10_TOTAL_US	20415
LIST_EXNEXT_1000_ENTRIES_FIRST_PASS_US	32959
LIST_EXNEXT_1000_ENTRIES_REPEAT10_TOTAL_US	311871
LIST_EXALL_1000_ENTRIES_FIRST_PASS_US	10817
LIST_EXALL_1000_ENTRIES_REPEAT10_TOTAL_US	62463
PASS	1
PASS: requested mounted-volume workload outputs are complete and data-checked
