=== BFS vs PFS3 Benchmark (FS-UAE 68040) ===
Evidence directory: /home/fabian/.cache/bfs-performance/prodcodegen-pilot-2026-10-10.rjXGlO/results/prodcodegen-5-bfs-first-base
Mode: compare
Timeout: 600s


=== Machine Info ===
# Machine Info
Kickstart 47.102, Workbench 47.2
System: 68040 68040/060-FPU   (INST: Cache Burst) (DATA: NoCache NoBurst)
Type  Available    In-Use   Maximum   Largest
chip    2028040     52728   2080768   2027968
fast    7533080    855528   8388608   7528008
total   9561120    908256  10469376   7528008


Mounted disks:
Unit      Size       Used       Free Full Errs   Status   Name
DF0       No disk present
DH0      4095M    4194304    4194303  50%   0  Read/Write System
DH1       255M         36      65372   0%   0  Read/Write BFSTest
DH2       Not a DOS disk

Volumes available:
BFSTest [Mounted]
System [Mounted]

=== BFS Results ===
FS_COMPARE_BENCH	4
DRIVE	DH1:
SMALL_CREATE_40_US	29568
LOOKUP_400_US	61504
SMALL_READ_40_US	18752
LIST_EXNEXT_400_US	28863
LIST_EXALL_400_US	8000
SEQ_WRITE_8M_US	36481
SEQ_READ_8M_US	272701
SMALL_DELETE_40_US	14335
APPEND_4K_1M_US	68673
APPEND_1K_256K_US	57600
APPEND_READ_1280K_US	44225
LIST_EXNEXT_40_ENTRIES_FIRST_PASS_US	4800
LIST_EXNEXT_40_ENTRIES_REPEAT10_TOTAL_US	30080
LIST_EXALL_40_ENTRIES_FIRST_PASS_US	1985
LIST_EXALL_40_ENTRIES_REPEAT10_TOTAL_US	8703
LIST_EXNEXT_400_ENTRIES_FIRST_PASS_US	39040
LIST_EXNEXT_400_ENTRIES_REPEAT10_TOTAL_US	294269
LIST_EXALL_400_ENTRIES_FIRST_PASS_US	28159
LIST_EXALL_400_ENTRIES_REPEAT10_TOTAL_US	80384
LIST_EXNEXT_1000_ENTRIES_FIRST_PASS_US	95807
LIST_EXNEXT_1000_ENTRIES_REPEAT10_TOTAL_US	740924
LIST_EXALL_1000_ENTRIES_FIRST_PASS_US	41088
LIST_EXALL_1000_ENTRIES_REPEAT10_TOTAL_US	214015
PASS	1

=== PFS3 Results ===
FS_COMPARE_BENCH	4
DRIVE	DH2:
SMALL_CREATE_40_US	16513
LOOKUP_400_US	66879
SMALL_READ_40_US	13248
LIST_EXNEXT_400_US	12160
LIST_EXALL_400_US	2496
SEQ_WRITE_8M_US	39103
SEQ_READ_8M_US	267772
SMALL_DELETE_40_US	8127
APPEND_4K_1M_US	32577
APPEND_1K_256K_US	24647
APPEND_READ_1280K_US	40383
LIST_EXNEXT_40_ENTRIES_FIRST_PASS_US	1920
LIST_EXNEXT_40_ENTRIES_REPEAT10_TOTAL_US	12031
LIST_EXALL_40_ENTRIES_FIRST_PASS_US	577
LIST_EXALL_40_ENTRIES_REPEAT10_TOTAL_US	2496
LIST_EXNEXT_400_ENTRIES_FIRST_PASS_US	12480
LIST_EXNEXT_400_ENTRIES_REPEAT10_TOTAL_US	113599
LIST_EXALL_400_ENTRIES_FIRST_PASS_US	2687
LIST_EXALL_400_ENTRIES_REPEAT10_TOTAL_US	20415
LIST_EXNEXT_1000_ENTRIES_FIRST_PASS_US	30144
LIST_EXNEXT_1000_ENTRIES_REPEAT10_TOTAL_US	293566
LIST_EXALL_1000_ENTRIES_FIRST_PASS_US	7360
LIST_EXALL_1000_ENTRIES_REPEAT10_TOTAL_US	51455
PASS	1
PASS: requested mounted-volume workload outputs are complete and data-checked
