=== BFS vs PFS3 Benchmark (FS-UAE 68040) ===
Evidence directory: /home/fabian/.cache/bfs-performance/status-2026-10-10.NvWrOR/results/status-1-bfs-first-release040
Mode: compare
Timeout: 600s


=== Machine Info ===
# Machine Info
Kickstart 47.102, Workbench 47.2
System: 68040 68040/060-FPU   (INST: Cache Burst) (DATA: NoCache NoBurst)
Type  Available    In-Use   Maximum   Largest
chip    2028040     52728   2080768   2027968
fast    7529008    859600   8388608   7523936
total   9557048    912328  10469376   7523936


Mounted disks:
Unit      Size       Used       Free Full Errs   Status   Name
DF0       No disk present
DH0      4095M    4194304    4194303  50%   0  Read/Write System
DH1       255M         36      65372   0%   0  Read/Write BFSTest
DH2       Not a DOS disk

Volumes available:
BFSTest [Mounted]
System [Mounted]

=== BFS Results ===
FS_COMPARE_BENCH	4
DRIVE	DH1:
SMALL_CREATE_40_US	30143
LOOKUP_400_US	58943
SMALL_READ_40_US	17663
LIST_EXNEXT_400_US	20223
LIST_EXALL_400_US	7358
SEQ_WRITE_8M_US	28223
SEQ_READ_8M_US	267711
SMALL_DELETE_40_US	14080
APPEND_4K_1M_US	51967
APPEND_1K_256K_US	42367
APPEND_READ_1280K_US	44096
LIST_EXNEXT_40_ENTRIES_FIRST_PASS_US	4096
LIST_EXNEXT_40_ENTRIES_REPEAT10_TOTAL_US	21440
LIST_EXALL_40_ENTRIES_FIRST_PASS_US	1663
LIST_EXALL_40_ENTRIES_REPEAT10_TOTAL_US	7999
LIST_EXNEXT_400_ENTRIES_FIRST_PASS_US	30464
LIST_EXNEXT_400_ENTRIES_REPEAT10_TOTAL_US	211903
LIST_EXALL_400_ENTRIES_FIRST_PASS_US	17217
LIST_EXALL_400_ENTRIES_REPEAT10_TOTAL_US	83776
LIST_EXNEXT_1000_ENTRIES_FIRST_PASS_US	75288
LIST_EXNEXT_1000_ENTRIES_REPEAT10_TOTAL_US	533354
LIST_EXALL_1000_ENTRIES_FIRST_PASS_US	38655
LIST_EXALL_1000_ENTRIES_REPEAT10_TOTAL_US	182590
PASS	1

=== PFS3 Results ===
FS_COMPARE_BENCH	4
DRIVE	DH2:
SMALL_CREATE_40_US	17473
LOOKUP_400_US	72128
SMALL_READ_40_US	18497
LIST_EXNEXT_400_US	13246
LIST_EXALL_400_US	2945
SEQ_WRITE_8M_US	42240
SEQ_READ_8M_US	264255
SMALL_DELETE_40_US	8000
APPEND_4K_1M_US	35456
APPEND_1K_256K_US	26240
APPEND_READ_1280K_US	42496
LIST_EXNEXT_40_ENTRIES_FIRST_PASS_US	1472
LIST_EXNEXT_40_ENTRIES_REPEAT10_TOTAL_US	11648
LIST_EXALL_40_ENTRIES_FIRST_PASS_US	640
LIST_EXALL_40_ENTRIES_REPEAT10_TOTAL_US	2368
LIST_EXNEXT_400_ENTRIES_FIRST_PASS_US	12480
LIST_EXNEXT_400_ENTRIES_REPEAT10_TOTAL_US	109952
LIST_EXALL_400_ENTRIES_FIRST_PASS_US	2943
LIST_EXALL_400_ENTRIES_REPEAT10_TOTAL_US	21056
LIST_EXNEXT_1000_ENTRIES_FIRST_PASS_US	42558
LIST_EXNEXT_1000_ENTRIES_REPEAT10_TOTAL_US	279228
LIST_EXALL_1000_ENTRIES_FIRST_PASS_US	6525
LIST_EXALL_1000_ENTRIES_REPEAT10_TOTAL_US	51264
PASS	1
PASS: requested mounted-volume workload outputs are complete and data-checked
