=== BFS vs PFS3 Benchmark (FS-UAE 68040) ===
Evidence directory: /home/fabian/.cache/bfs-performance/append-attr-2026-10-10.XtdDJw/results/append-prod-1-bfs-first-mid
Mode: compare
Timeout: 600s


=== Machine Info ===
# Machine Info
Kickstart 47.102, Workbench 47.2
System: 68040 68040/060-FPU   (INST: Cache Burst) (DATA: NoCache NoBurst)
Type  Available    In-Use   Maximum   Largest
chip    2028040     52728   2080768   2027968
fast    7532072    856536   8388608   7526984
total   9560112    909264  10469376   7526984


Mounted disks:
Unit      Size       Used       Free Full Errs   Status   Name
DF0       No disk present
DH0      4095M    4194304    4194303  50%   0  Read/Write System
DH1       255M         36      65372   0%   0  Read/Write BFSTest
DH2       Not a DOS disk

Volumes available:
BFSTest [Mounted]
System [Mounted]

=== BFS Results ===
FS_COMPARE_BENCH	4
DRIVE	DH1:
SMALL_CREATE_40_US	30336
LOOKUP_400_US	59519
SMALL_READ_40_US	24768
LIST_EXNEXT_400_US	28737
LIST_EXALL_400_US	7808
SEQ_WRITE_8M_US	29120
SEQ_READ_8M_US	263742
SMALL_DELETE_40_US	13888
APPEND_4K_1M_US	53631
APPEND_1K_256K_US	44800
APPEND_READ_1280K_US	48639
LIST_EXNEXT_40_ENTRIES_FIRST_PASS_US	7167
LIST_EXNEXT_40_ENTRIES_REPEAT10_TOTAL_US	44800
LIST_EXALL_40_ENTRIES_FIRST_PASS_US	3008
LIST_EXALL_40_ENTRIES_REPEAT10_TOTAL_US	11456
LIST_EXNEXT_400_ENTRIES_FIRST_PASS_US	56256
LIST_EXNEXT_400_ENTRIES_REPEAT10_TOTAL_US	363775
LIST_EXALL_400_ENTRIES_FIRST_PASS_US	17728
LIST_EXALL_400_ENTRIES_REPEAT10_TOTAL_US	79167
LIST_EXNEXT_1000_ENTRIES_FIRST_PASS_US	98111
LIST_EXNEXT_1000_ENTRIES_REPEAT10_TOTAL_US	761595
LIST_EXALL_1000_ENTRIES_FIRST_PASS_US	41663
LIST_EXALL_1000_ENTRIES_REPEAT10_TOTAL_US	249406
PASS	1

=== PFS3 Results ===
FS_COMPARE_BENCH	4
DRIVE	DH2:
SMALL_CREATE_40_US	41920
LOOKUP_400_US	157551
SMALL_READ_40_US	13953
LIST_EXNEXT_400_US	12800
LIST_EXALL_400_US	2560
SEQ_WRITE_8M_US	44095
SEQ_READ_8M_US	313405
SMALL_DELETE_40_US	7873
APPEND_4K_1M_US	37119
APPEND_1K_256K_US	27904
APPEND_READ_1280K_US	41985
LIST_EXNEXT_40_ENTRIES_FIRST_PASS_US	1665
LIST_EXNEXT_40_ENTRIES_REPEAT10_TOTAL_US	12030
LIST_EXALL_40_ENTRIES_FIRST_PASS_US	1408
LIST_EXALL_40_ENTRIES_REPEAT10_TOTAL_US	2496
LIST_EXNEXT_400_ENTRIES_FIRST_PASS_US	15168
LIST_EXNEXT_400_ENTRIES_REPEAT10_TOTAL_US	124481
LIST_EXALL_400_ENTRIES_FIRST_PASS_US	2688
LIST_EXALL_400_ENTRIES_REPEAT10_TOTAL_US	20588
LIST_EXNEXT_1000_ENTRIES_FIRST_PASS_US	32257
LIST_EXNEXT_1000_ENTRIES_REPEAT10_TOTAL_US	282175
LIST_EXALL_1000_ENTRIES_FIRST_PASS_US	6529
LIST_EXALL_1000_ENTRIES_REPEAT10_TOTAL_US	70975
PASS	1
PASS: requested mounted-volume workload outputs are complete and data-checked
