=== BFS vs PFS3 Benchmark (FS-UAE 68040) ===
Evidence directory: /home/fabian/.cache/bfs-performance/sparse-crc-2026-10-09.xN615F/candidate/build/benchmark/sparse-normal-20261009-sparse-8-pfs3-first
Mode: compare
Timeout: 600s


=== Machine Info ===
# Machine Info
Kickstart 47.102, Workbench 47.2
System: 68040 68040/060-FPU   (INST: Cache Burst) (DATA: NoCache NoBurst)
Type  Available    In-Use   Maximum   Largest
chip    2028040     52728   2080768   2027968
fast    7686824    701784   8388608   7681768
total   9714864    754512  10469376   7681768


Mounted disks:
Unit      Size       Used       Free Full Errs   Status   Name
DF0       No disk present
DH0      4095M    4194304    4194303  50%   0  Read/Write System
DH1       255M         36      65372   0%   0  Read/Write BFSTest
DH2       Not a DOS disk

Volumes available:
BFSTest [Mounted]
System [Mounted]

=== BFS Results ===
FS_COMPARE_BENCH	4
DRIVE	DH1:
SMALL_CREATE_40_US	29568
LOOKUP_400_US	76480
SMALL_READ_40_US	19648
LIST_EXNEXT_400_US	30528
LIST_EXALL_400_US	9152
SEQ_WRITE_8M_US	42879
SEQ_READ_8M_US	250110
SMALL_DELETE_40_US	17472
APPEND_4K_1M_US	119468
APPEND_1K_256K_US	92158
APPEND_READ_1280K_US	42496
LIST_EXNEXT_40_ENTRIES_FIRST_PASS_US	5760
LIST_EXNEXT_40_ENTRIES_REPEAT10_TOTAL_US	31551
LIST_EXALL_40_ENTRIES_FIRST_PASS_US	3584
LIST_EXALL_40_ENTRIES_REPEAT10_TOTAL_US	9983
LIST_EXNEXT_400_ENTRIES_FIRST_PASS_US	51072
LIST_EXNEXT_400_ENTRIES_REPEAT10_TOTAL_US	510909
LIST_EXALL_400_ENTRIES_FIRST_PASS_US	36480
LIST_EXALL_400_ENTRIES_REPEAT10_TOTAL_US	318013
LIST_EXNEXT_1000_ENTRIES_FIRST_PASS_US	135104
LIST_EXNEXT_1000_ENTRIES_REPEAT10_TOTAL_US	1446711
LIST_EXALL_1000_ENTRIES_FIRST_PASS_US	78015
LIST_EXALL_1000_ENTRIES_REPEAT10_TOTAL_US	823738
PASS	1

=== PFS3 Results ===
FS_COMPARE_BENCH	4
DRIVE	DH2:
SMALL_CREATE_40_US	17600
LOOKUP_400_US	65600
SMALL_READ_40_US	14465
LIST_EXNEXT_400_US	12224
LIST_EXALL_400_US	2559
SEQ_WRITE_8M_US	42623
SEQ_READ_8M_US	257470
SMALL_DELETE_40_US	7872
APPEND_4K_1M_US	32065
APPEND_1K_256K_US	22976
APPEND_READ_1280K_US	40703
LIST_EXNEXT_40_ENTRIES_FIRST_PASS_US	1600
LIST_EXNEXT_40_ENTRIES_REPEAT10_TOTAL_US	11967
LIST_EXALL_40_ENTRIES_FIRST_PASS_US	640
LIST_EXALL_40_ENTRIES_REPEAT10_TOTAL_US	2496
LIST_EXNEXT_400_ENTRIES_FIRST_PASS_US	12737
LIST_EXNEXT_400_ENTRIES_REPEAT10_TOTAL_US	113086
LIST_EXALL_400_ENTRIES_FIRST_PASS_US	2817
LIST_EXALL_400_ENTRIES_REPEAT10_TOTAL_US	20608
LIST_EXNEXT_1000_ENTRIES_FIRST_PASS_US	32191
LIST_EXNEXT_1000_ENTRIES_REPEAT10_TOTAL_US	279678
LIST_EXALL_1000_ENTRIES_FIRST_PASS_US	6527
LIST_EXALL_1000_ENTRIES_REPEAT10_TOTAL_US	50047
PASS	1
PASS: requested mounted-volume workload outputs are complete and data-checked
