=== BFS vs PFS3 Benchmark (FS-UAE 68040) ===
Evidence directory: /tmp/bfs-perf-crc.UBHsLz/path-normal-candidate-bfs-first
Mode: compare
Timeout: 300s


=== Machine Info ===
# Machine Info
Kickstart 47.102, Workbench 47.2
System: 68040 68040/060-FPU   (INST: Cache Burst) (DATA: NoCache NoBurst)
Type  Available    In-Use   Maximum   Largest
chip    2028040     52728   2080768   2027968
fast    7716656    671952   8388608   7711576
total   9744696    724680  10469376   7711576


Mounted disks:
Unit      Size       Used       Free Full Errs   Status   Name
DF0       No disk present
DH0      4095M    4194304    4194303  50%   0  Read/Write System
DH1       255M         36      65372   0%   0  Read/Write BFSTest
DH2       Not a DOS disk

Volumes available:
BFSTest [Mounted]
System [Mounted]

=== BFS Results ===
FS_COMPARE_BENCH	1
DRIVE	DH1:
SMALL_CREATE_40_US	238973
LOOKUP_400_US	109309
SMALL_READ_40_US	46207
SEQ_WRITE_8M_US	400765
SEQ_READ_8M_US	515517
SMALL_DELETE_40_US	171135
PASS	1

=== PFS3 Results ===
FS_COMPARE_BENCH	1
DRIVE	DH2:
SMALL_CREATE_40_US	17024
LOOKUP_400_US	69057
SMALL_READ_40_US	15168
SEQ_WRITE_8M_US	37760
SEQ_READ_8M_US	328318
SMALL_DELETE_40_US	15169
PASS	1
PASS: requested mounted-volume workload outputs are complete and data-checked
