=== BFS vs PFS3 Benchmark (FS-UAE 68040) ===
Evidence directory: /tmp/bfs-perf-crc.UBHsLz/btree-bulk-slots-normal-repeat-candidate-bfs-first
Mode: compare
Timeout: 300s


=== Machine Info ===
# Machine Info
Kickstart 47.102, Workbench 47.2
System: 68040 68040/060-FPU   (INST: Cache Burst) (DATA: NoCache NoBurst)
Type  Available    In-Use   Maximum   Largest
chip    2028040     52728   2080768   2027968
fast    7716424    672184   8388608   7711344
total   9744464    724912  10469376   7711344


Mounted disks:
Unit      Size       Used       Free Full Errs   Status   Name
DF0       No disk present
DH0      4095M    4194304    4194303  50%   0  Read/Write System
DH1       255M         36      65372   0%   0  Read/Write BFSTest
DH2       Not a DOS disk

Volumes available:
BFSTest [Mounted]
System [Mounted]

=== BFS Results ===
FS_COMPARE_BENCH	1
DRIVE	DH1:
SMALL_CREATE_40_US	191296
LOOKUP_400_US	111551
SMALL_READ_40_US	53057
SEQ_WRITE_8M_US	338942
SEQ_READ_8M_US	553277
SMALL_DELETE_40_US	184831
PASS	1

=== PFS3 Results ===
FS_COMPARE_BENCH	1
DRIVE	DH2:
SMALL_CREATE_40_US	17471
LOOKUP_400_US	78592
SMALL_READ_40_US	14463
SEQ_WRITE_8M_US	34560
SEQ_READ_8M_US	263153
SMALL_DELETE_40_US	7935
PASS	1
PASS: requested mounted-volume workload outputs are complete and data-checked
