=== BFS vs PFS3 Benchmark (FS-UAE 68040) ===
Evidence directory: /home/fabian/.cache/bfs-performance/goal-root-2026-10-09.iikmxS/results/goal-root-normal-base-2-pfs3-first
Mode: compare
Timeout: 600s


=== Machine Info ===
# Machine Info
Kickstart 47.102, Workbench 47.2
System: 68040 68040/060-FPU   (INST: Cache Burst) (DATA: NoCache NoBurst)
Type  Available    In-Use   Maximum   Largest
chip    2028040     52728   2080768   2027968
fast    7686824    701784   8388608   7681768
total   9714864    754512  10469376   7681768


Mounted disks:
Unit      Size       Used       Free Full Errs   Status   Name
DF0       No disk present
DH0      4095M    4194304    4194303  50%   0  Read/Write System
DH1       255M         36      65372   0%   0  Read/Write BFSTest
DH2       Not a DOS disk

Volumes available:
BFSTest [Mounted]
System [Mounted]

=== BFS Results ===
FS_COMPARE_BENCH	4
DRIVE	DH1:
SMALL_CREATE_40_US	30975
LOOKUP_400_US	74624
SMALL_READ_40_US	20288
LIST_EXNEXT_400_US	31168
LIST_EXALL_400_US	9023
SEQ_WRITE_8M_US	38080
SEQ_READ_8M_US	276093
SMALL_DELETE_40_US	17728
APPEND_4K_1M_US	74431
APPEND_1K_256K_US	62656
APPEND_READ_1280K_US	44093
LIST_EXNEXT_40_ENTRIES_FIRST_PASS_US	5825
LIST_EXNEXT_40_ENTRIES_REPEAT10_TOTAL_US	31617
LIST_EXALL_40_ENTRIES_FIRST_PASS_US	3905
LIST_EXALL_40_ENTRIES_REPEAT10_TOTAL_US	9473
LIST_EXNEXT_400_ENTRIES_FIRST_PASS_US	52416
LIST_EXNEXT_400_ENTRIES_REPEAT10_TOTAL_US	545597
LIST_EXALL_400_ENTRIES_FIRST_PASS_US	30720
LIST_EXALL_400_ENTRIES_REPEAT10_TOTAL_US	310335
LIST_EXNEXT_1000_ENTRIES_FIRST_PASS_US	139647
LIST_EXNEXT_1000_ENTRIES_REPEAT10_TOTAL_US	1407543
LIST_EXALL_1000_ENTRIES_FIRST_PASS_US	79553
LIST_EXALL_1000_ENTRIES_REPEAT10_TOTAL_US	791804
PASS	1

=== PFS3 Results ===
FS_COMPARE_BENCH	4
DRIVE	DH2:
SMALL_CREATE_40_US	16695
LOOKUP_400_US	66880
SMALL_READ_40_US	14400
LIST_EXNEXT_400_US	12096
LIST_EXALL_400_US	2944
SEQ_WRITE_8M_US	37823
SEQ_READ_8M_US	278015
SMALL_DELETE_40_US	7744
APPEND_4K_1M_US	37568
APPEND_1K_256K_US	22765
APPEND_READ_1280K_US	41792
LIST_EXNEXT_40_ENTRIES_FIRST_PASS_US	1728
LIST_EXNEXT_40_ENTRIES_REPEAT10_TOTAL_US	12095
LIST_EXALL_40_ENTRIES_FIRST_PASS_US	577
LIST_EXALL_40_ENTRIES_REPEAT10_TOTAL_US	2558
LIST_EXNEXT_400_ENTRIES_FIRST_PASS_US	12735
LIST_EXNEXT_400_ENTRIES_REPEAT10_TOTAL_US	113024
LIST_EXALL_400_ENTRIES_FIRST_PASS_US	2689
LIST_EXALL_400_ENTRIES_REPEAT10_TOTAL_US	20224
LIST_EXNEXT_1000_ENTRIES_FIRST_PASS_US	30656
LIST_EXNEXT_1000_ENTRIES_REPEAT10_TOTAL_US	352382
LIST_EXALL_1000_ENTRIES_FIRST_PASS_US	6527
LIST_EXALL_1000_ENTRIES_REPEAT10_TOTAL_US	50048
PASS	1
PASS: requested mounted-volume workload outputs are complete and data-checked
