=== BFS vs PFS3 Benchmark (FS-UAE 68040) ===
Evidence directory: /home/fabian/.cache/bfs-performance/write-guard-2026-10-09.qG6xKe/results/write-guard-aa-normal-baseb-1-bfs-first
Mode: compare
Timeout: 600s


=== Machine Info ===
# Machine Info
Kickstart 47.102, Workbench 47.2
System: 68040 68040/060-FPU   (INST: Cache Burst) (DATA: NoCache NoBurst)
Type  Available    In-Use   Maximum   Largest
chip    2028040     52728   2080768   2027968
fast    7686824    701784   8388608   7681768
total   9714864    754512  10469376   7681768


Mounted disks:
Unit      Size       Used       Free Full Errs   Status   Name
DF0       No disk present
DH0      4095M    4194304    4194303  50%   0  Read/Write System
DH1       255M         36      65372   0%   0  Read/Write BFSTest
DH2       Not a DOS disk

Volumes available:
BFSTest [Mounted]
System [Mounted]

=== BFS Results ===
FS_COMPARE_BENCH	4
DRIVE	DH1:
SMALL_CREATE_40_US	43391
LOOKUP_400_US	76865
SMALL_READ_40_US	20160
LIST_EXNEXT_400_US	30655
LIST_EXALL_400_US	9280
SEQ_WRITE_8M_US	38783
SEQ_READ_8M_US	338878
SMALL_DELETE_40_US	18113
APPEND_4K_1M_US	86719
APPEND_1K_256K_US	63297
APPEND_READ_1280K_US	41727
LIST_EXNEXT_40_ENTRIES_FIRST_PASS_US	8128
LIST_EXNEXT_40_ENTRIES_REPEAT10_TOTAL_US	31680
LIST_EXALL_40_ENTRIES_FIRST_PASS_US	3391
LIST_EXALL_40_ENTRIES_REPEAT10_TOTAL_US	9473
LIST_EXNEXT_400_ENTRIES_FIRST_PASS_US	53311
LIST_EXNEXT_400_ENTRIES_REPEAT10_TOTAL_US	573033
LIST_EXALL_400_ENTRIES_FIRST_PASS_US	31872
LIST_EXALL_400_ENTRIES_REPEAT10_TOTAL_US	337981
LIST_EXNEXT_1000_ENTRIES_FIRST_PASS_US	130880
LIST_EXNEXT_1000_ENTRIES_REPEAT10_TOTAL_US	1363961
LIST_EXALL_1000_ENTRIES_FIRST_PASS_US	75903
LIST_EXALL_1000_ENTRIES_REPEAT10_TOTAL_US	905275
PASS	1

=== PFS3 Results ===
FS_COMPARE_BENCH	4
DRIVE	DH2:
SMALL_CREATE_40_US	16513
LOOKUP_400_US	66496
SMALL_READ_40_US	22017
LIST_EXNEXT_400_US	15169
LIST_EXALL_400_US	2945
SEQ_WRITE_8M_US	56703
SEQ_READ_8M_US	263167
SMALL_DELETE_40_US	8065
APPEND_4K_1M_US	33217
APPEND_1K_256K_US	24000
APPEND_READ_1280K_US	41152
LIST_EXNEXT_40_ENTRIES_FIRST_PASS_US	1600
LIST_EXNEXT_40_ENTRIES_REPEAT10_TOTAL_US	12288
LIST_EXALL_40_ENTRIES_FIRST_PASS_US	705
LIST_EXALL_40_ENTRIES_REPEAT10_TOTAL_US	2495
LIST_EXNEXT_400_ENTRIES_FIRST_PASS_US	12927
LIST_EXNEXT_400_ENTRIES_REPEAT10_TOTAL_US	112128
LIST_EXALL_400_ENTRIES_FIRST_PASS_US	2881
LIST_EXALL_400_ENTRIES_REPEAT10_TOTAL_US	25791
LIST_EXNEXT_1000_ENTRIES_FIRST_PASS_US	39297
LIST_EXNEXT_1000_ENTRIES_REPEAT10_TOTAL_US	290238
LIST_EXALL_1000_ENTRIES_FIRST_PASS_US	6399
LIST_EXALL_1000_ENTRIES_REPEAT10_TOTAL_US	75968
PASS	1
PASS: requested mounted-volume workload outputs are complete and data-checked
