=== BFS vs PFS3 Benchmark (FS-UAE 68040) ===
Evidence directory: /home/fabian/.cache/bfs-performance/metabound-2026-10-10.kPl0jg/results/metabound-5-bfs-first-bound
Mode: compare
Timeout: 600s


=== Machine Info ===
# Machine Info
Kickstart 47.102, Workbench 47.2
System: 68040 68040/060-FPU   (INST: Cache Burst) (DATA: NoCache NoBurst)
Type  Available    In-Use   Maximum   Largest
chip    2028040     52728   2080768   2027968
fast    7534792    853816   8388608   7529704
total   9562832    906544  10469376   7529704


Mounted disks:
Unit      Size       Used       Free Full Errs   Status   Name
DF0       No disk present
DH0      4095M    4194304    4194303  50%   0  Read/Write System
DH1       255M         36      65372   0%   0  Read/Write BFSTest
DH2       Not a DOS disk

Volumes available:
BFSTest [Mounted]
System [Mounted]

=== BFS Results ===
FS_COMPARE_BENCH	4
DRIVE	DH1:
SMALL_CREATE_40_US	28864
LOOKUP_400_US	59328
SMALL_READ_40_US	18240
LIST_EXNEXT_400_US	22465
LIST_EXALL_400_US	4672
SEQ_WRITE_8M_US	36799
SEQ_READ_8M_US	262462
SMALL_DELETE_40_US	19392
APPEND_4K_1M_US	70847
APPEND_1K_256K_US	61376
APPEND_READ_1280K_US	43520
LIST_EXNEXT_40_ENTRIES_FIRST_PASS_US	3455
LIST_EXNEXT_40_ENTRIES_REPEAT10_TOTAL_US	23295
LIST_EXALL_40_ENTRIES_FIRST_PASS_US	1088
LIST_EXALL_40_ENTRIES_REPEAT10_TOTAL_US	5247
LIST_EXNEXT_400_ENTRIES_FIRST_PASS_US	28416
LIST_EXNEXT_400_ENTRIES_REPEAT10_TOTAL_US	231742
LIST_EXALL_400_ENTRIES_FIRST_PASS_US	9536
LIST_EXALL_400_ENTRIES_REPEAT10_TOTAL_US	59905
LIST_EXNEXT_1000_ENTRIES_FIRST_PASS_US	75326
LIST_EXNEXT_1000_ENTRIES_REPEAT10_TOTAL_US	638588
LIST_EXALL_1000_ENTRIES_FIRST_PASS_US	23617
LIST_EXALL_1000_ENTRIES_REPEAT10_TOTAL_US	122111
PASS	1

=== PFS3 Results ===
FS_COMPARE_BENCH	4
DRIVE	DH2:
SMALL_CREATE_40_US	17728
LOOKUP_400_US	95168
SMALL_READ_40_US	64639
LIST_EXNEXT_400_US	24897
LIST_EXALL_400_US	4672
SEQ_WRITE_8M_US	45311
SEQ_READ_8M_US	272319
SMALL_DELETE_40_US	7853
APPEND_4K_1M_US	33215
APPEND_1K_256K_US	25279
APPEND_READ_1280K_US	52607
LIST_EXNEXT_40_ENTRIES_FIRST_PASS_US	2239
LIST_EXNEXT_40_ENTRIES_REPEAT10_TOTAL_US	17791
LIST_EXALL_40_ENTRIES_FIRST_PASS_US	640
LIST_EXALL_40_ENTRIES_REPEAT10_TOTAL_US	2751
LIST_EXNEXT_400_ENTRIES_FIRST_PASS_US	12671
LIST_EXNEXT_400_ENTRIES_REPEAT10_TOTAL_US	113153
LIST_EXALL_400_ENTRIES_FIRST_PASS_US	2752
LIST_EXALL_400_ENTRIES_REPEAT10_TOTAL_US	20416
LIST_EXNEXT_1000_ENTRIES_FIRST_PASS_US	31552
LIST_EXNEXT_1000_ENTRIES_REPEAT10_TOTAL_US	282878
LIST_EXALL_1000_ENTRIES_FIRST_PASS_US	9280
LIST_EXALL_1000_ENTRIES_REPEAT10_TOTAL_US	56640
PASS	1
PASS: requested mounted-volume workload outputs are complete and data-checked
