=== BFS vs PFS3 Benchmark (FS-UAE 68040) ===
Evidence directory: /home/fabian/.cache/bfs-performance/exnext-2026-10-10.8MRoga/results/exnext-8-pfs3-first-candidate
Mode: compare
Timeout: 600s


=== Machine Info ===
# Machine Info
Kickstart 47.102, Workbench 47.2
System: 68040 68040/060-FPU   (INST: Cache Burst) (DATA: NoCache NoBurst)
Type  Available    In-Use   Maximum   Largest
chip    2028040     52728   2080768   2027968
fast    7531240    857368   8388608   7526176
total   9559280    910096  10469376   7526176


Mounted disks:
Unit      Size       Used       Free Full Errs   Status   Name
DF0       No disk present
DH0      4095M    4194304    4194303  50%   0  Read/Write System
DH1       255M         36      65372   0%   0  Read/Write BFSTest
DH2       Not a DOS disk

Volumes available:
BFSTest [Mounted]
System [Mounted]

=== BFS Results ===
FS_COMPARE_BENCH	4
DRIVE	DH1:
SMALL_CREATE_40_US	31935
LOOKUP_400_US	59840
SMALL_READ_40_US	19328
LIST_EXNEXT_400_US	20417
LIST_EXALL_400_US	8255
SEQ_WRITE_8M_US	29695
SEQ_READ_8M_US	272701
SMALL_DELETE_40_US	13952
APPEND_4K_1M_US	53248
APPEND_1K_256K_US	45440
APPEND_READ_1280K_US	44799
LIST_EXNEXT_40_ENTRIES_FIRST_PASS_US	3776
LIST_EXNEXT_40_ENTRIES_REPEAT10_TOTAL_US	21503
LIST_EXALL_40_ENTRIES_FIRST_PASS_US	1792
LIST_EXALL_40_ENTRIES_REPEAT10_TOTAL_US	8832
LIST_EXNEXT_400_ENTRIES_FIRST_PASS_US	31104
LIST_EXNEXT_400_ENTRIES_REPEAT10_TOTAL_US	214719
LIST_EXALL_400_ENTRIES_FIRST_PASS_US	16641
LIST_EXALL_400_ENTRIES_REPEAT10_TOTAL_US	77440
LIST_EXNEXT_1000_ENTRIES_FIRST_PASS_US	86591
LIST_EXNEXT_1000_ENTRIES_REPEAT10_TOTAL_US	544766
LIST_EXALL_1000_ENTRIES_FIRST_PASS_US	40320
LIST_EXALL_1000_ENTRIES_REPEAT10_TOTAL_US	196927
PASS	1

=== PFS3 Results ===
FS_COMPARE_BENCH	4
DRIVE	DH2:
SMALL_CREATE_40_US	15231
LOOKUP_400_US	66367
SMALL_READ_40_US	13823
LIST_EXNEXT_400_US	11968
LIST_EXALL_400_US	2817
SEQ_WRITE_8M_US	38656
SEQ_READ_8M_US	266493
SMALL_DELETE_40_US	7936
APPEND_4K_1M_US	32192
APPEND_1K_256K_US	22847
APPEND_READ_1280K_US	41215
LIST_EXNEXT_40_ENTRIES_FIRST_PASS_US	1575
LIST_EXNEXT_40_ENTRIES_REPEAT10_TOTAL_US	11776
LIST_EXALL_40_ENTRIES_FIRST_PASS_US	575
LIST_EXALL_40_ENTRIES_REPEAT10_TOTAL_US	2944
LIST_EXNEXT_400_ENTRIES_FIRST_PASS_US	12159
LIST_EXNEXT_400_ENTRIES_REPEAT10_TOTAL_US	112638
LIST_EXALL_400_ENTRIES_FIRST_PASS_US	2880
LIST_EXALL_400_ENTRIES_REPEAT10_TOTAL_US	20735
LIST_EXNEXT_1000_ENTRIES_FIRST_PASS_US	31873
LIST_EXNEXT_1000_ENTRIES_REPEAT10_TOTAL_US	353086
LIST_EXALL_1000_ENTRIES_FIRST_PASS_US	7487
LIST_EXALL_1000_ENTRIES_REPEAT10_TOTAL_US	50350
PASS	1
PASS: requested mounted-volume workload outputs are complete and data-checked
