=== BFS vs PFS3 Benchmark (FS-UAE 68040) ===
Evidence directory: /home/fabian/.cache/bfs-performance/splitbatch-2026-10-10.USYRpP/results/splitbatch-1-bfs-first-cand
Mode: compare
Timeout: 600s


=== Machine Info ===
# Machine Info
Kickstart 47.102, Workbench 47.2
System: 68040 68040/060-FPU   (INST: Cache Burst) (DATA: NoCache NoBurst)
Type  Available    In-Use   Maximum   Largest
chip    2028040     52728   2080768   2027968
fast    7530480    858128   8388608   7525408
total   9558520    910856  10469376   7525408


Mounted disks:
Unit      Size       Used       Free Full Errs   Status   Name
DF0       No disk present
DH0      4095M    4194304    4194303  50%   0  Read/Write System
DH1       255M         36      65372   0%   0  Read/Write BFSTest
DH2       Not a DOS disk

Volumes available:
BFSTest [Mounted]
System [Mounted]

=== BFS Results ===
FS_COMPARE_BENCH	4
DRIVE	DH1:
SMALL_CREATE_40_US	30582
LOOKUP_400_US	70720
SMALL_READ_40_US	17729
LIST_EXNEXT_400_US	19264
LIST_EXALL_400_US	7808
SEQ_WRITE_8M_US	29185
SEQ_READ_8M_US	259455
SMALL_DELETE_40_US	13503
APPEND_4K_1M_US	52671
APPEND_1K_256K_US	60161
APPEND_READ_1280K_US	47434
LIST_EXNEXT_40_ENTRIES_FIRST_PASS_US	2815
LIST_EXNEXT_40_ENTRIES_REPEAT10_TOTAL_US	19583
LIST_EXALL_40_ENTRIES_FIRST_PASS_US	1918
LIST_EXALL_40_ENTRIES_REPEAT10_TOTAL_US	8704
LIST_EXNEXT_400_ENTRIES_FIRST_PASS_US	25304
LIST_EXNEXT_400_ENTRIES_REPEAT10_TOTAL_US	182142
LIST_EXALL_400_ENTRIES_FIRST_PASS_US	17663
LIST_EXALL_400_ENTRIES_REPEAT10_TOTAL_US	75968
LIST_EXNEXT_1000_ENTRIES_FIRST_PASS_US	59456
LIST_EXNEXT_1000_ENTRIES_REPEAT10_TOTAL_US	438783
LIST_EXALL_1000_ENTRIES_FIRST_PASS_US	35393
LIST_EXALL_1000_ENTRIES_REPEAT10_TOTAL_US	190655
PASS	1

=== PFS3 Results ===
FS_COMPARE_BENCH	4
DRIVE	DH2:
SMALL_CREATE_40_US	15688
LOOKUP_400_US	66624
SMALL_READ_40_US	13056
LIST_EXNEXT_400_US	12159
LIST_EXALL_400_US	2495
SEQ_WRITE_8M_US	49773
SEQ_READ_8M_US	259327
SMALL_DELETE_40_US	7808
APPEND_4K_1M_US	32320
APPEND_1K_256K_US	22849
APPEND_READ_1280K_US	41088
LIST_EXNEXT_40_ENTRIES_FIRST_PASS_US	1600
LIST_EXNEXT_40_ENTRIES_REPEAT10_TOTAL_US	12480
LIST_EXALL_40_ENTRIES_FIRST_PASS_US	576
LIST_EXALL_40_ENTRIES_REPEAT10_TOTAL_US	2497
LIST_EXNEXT_400_ENTRIES_FIRST_PASS_US	12737
LIST_EXNEXT_400_ENTRIES_REPEAT10_TOTAL_US	113024
LIST_EXALL_400_ENTRIES_FIRST_PASS_US	3265
LIST_EXALL_400_ENTRIES_REPEAT10_TOTAL_US	20480
LIST_EXNEXT_1000_ENTRIES_FIRST_PASS_US	30272
LIST_EXNEXT_1000_ENTRIES_REPEAT10_TOTAL_US	298942
LIST_EXALL_1000_ENTRIES_FIRST_PASS_US	7808
LIST_EXALL_1000_ENTRIES_REPEAT10_TOTAL_US	50559
PASS	1
PASS: requested mounted-volume workload outputs are complete and data-checked
