=== BFS vs PFS3 Benchmark (FS-UAE 68040) ===
Evidence directory: /home/fabian/.cache/bfs-performance/status-2026-10-10.NvWrOR/results/status-1-bfs-first-base
Mode: compare
Timeout: 600s


=== Machine Info ===
# Machine Info
Kickstart 47.102, Workbench 47.2
System: 68040 68040/060-FPU   (INST: Cache Burst) (DATA: NoCache NoBurst)
Type  Available    In-Use   Maximum   Largest
chip    2028040     52728   2080768   2027968
fast    7533080    855528   8388608   7528008
total   9561120    908256  10469376   7528008


Mounted disks:
Unit      Size       Used       Free Full Errs   Status   Name
DF0       No disk present
DH0      4095M    4194304    4194303  50%   0  Read/Write System
DH1       255M         36      65372   0%   0  Read/Write BFSTest
DH2       Not a DOS disk

Volumes available:
BFSTest [Mounted]
System [Mounted]

=== BFS Results ===
FS_COMPARE_BENCH	4
DRIVE	DH1:
SMALL_CREATE_40_US	28479
LOOKUP_400_US	62144
SMALL_READ_40_US	17473
LIST_EXNEXT_400_US	30206
LIST_EXALL_400_US	8001
SEQ_WRITE_8M_US	47295
SEQ_READ_8M_US	353598
SMALL_DELETE_40_US	14702
APPEND_4K_1M_US	72128
APPEND_1K_256K_US	59713
APPEND_READ_1280K_US	45632
LIST_EXNEXT_40_ENTRIES_FIRST_PASS_US	5504
LIST_EXNEXT_40_ENTRIES_REPEAT10_TOTAL_US	29631
LIST_EXALL_40_ENTRIES_FIRST_PASS_US	2112
LIST_EXALL_40_ENTRIES_REPEAT10_TOTAL_US	9022
LIST_EXNEXT_400_ENTRIES_FIRST_PASS_US	40960
LIST_EXNEXT_400_ENTRIES_REPEAT10_TOTAL_US	307518
LIST_EXALL_400_ENTRIES_FIRST_PASS_US	17471
LIST_EXALL_400_ENTRIES_REPEAT10_TOTAL_US	80493
LIST_EXNEXT_1000_ENTRIES_FIRST_PASS_US	97024
LIST_EXNEXT_1000_ENTRIES_REPEAT10_TOTAL_US	749308
LIST_EXALL_1000_ENTRIES_FIRST_PASS_US	54593
LIST_EXALL_1000_ENTRIES_REPEAT10_TOTAL_US	222142
PASS	1

=== PFS3 Results ===
FS_COMPARE_BENCH	4
DRIVE	DH2:
SMALL_CREATE_40_US	15488
LOOKUP_400_US	65536
SMALL_READ_40_US	13312
LIST_EXNEXT_400_US	12352
LIST_EXALL_400_US	2496
SEQ_WRITE_8M_US	37312
SEQ_READ_8M_US	265022
SMALL_DELETE_40_US	8121
APPEND_4K_1M_US	32895
APPEND_1K_256K_US	22848
APPEND_READ_1280K_US	40777
LIST_EXNEXT_40_ENTRIES_FIRST_PASS_US	1727
LIST_EXNEXT_40_ENTRIES_REPEAT10_TOTAL_US	12353
LIST_EXALL_40_ENTRIES_FIRST_PASS_US	511
LIST_EXALL_40_ENTRIES_REPEAT10_TOTAL_US	2495
LIST_EXNEXT_400_ENTRIES_FIRST_PASS_US	12736
LIST_EXNEXT_400_ENTRIES_REPEAT10_TOTAL_US	113025
LIST_EXALL_400_ENTRIES_FIRST_PASS_US	3903
LIST_EXALL_400_ENTRIES_REPEAT10_TOTAL_US	20160
LIST_EXNEXT_1000_ENTRIES_FIRST_PASS_US	30872
LIST_EXNEXT_1000_ENTRIES_REPEAT10_TOTAL_US	292927
LIST_EXALL_1000_ENTRIES_FIRST_PASS_US	6399
LIST_EXALL_1000_ENTRIES_REPEAT10_TOTAL_US	49600
PASS	1
PASS: requested mounted-volume workload outputs are complete and data-checked
