=== BFS vs PFS3 Benchmark (FS-UAE 68040) ===
Evidence directory: /home/fabian/.cache/bfs-performance/relflags-2026-10-10.P6tt1r/results/relflags-8-pfs3-first-o2-020
Mode: compare
Timeout: 600s


=== Machine Info ===
# Machine Info
Kickstart 47.102, Workbench 47.2
System: 68040 68040/060-FPU   (INST: Cache Burst) (DATA: NoCache NoBurst)
Type  Available    In-Use   Maximum   Largest
chip    2028040     52728   2080768   2027968
fast    7534464    854144   8388608   7529392
total   9562504    906872  10469376   7529392


Mounted disks:
Unit      Size       Used       Free Full Errs   Status   Name
DF0       No disk present
DH0      4095M    4194304    4194303  50%   0  Read/Write System
DH1       255M         36      65372   0%   0  Read/Write BFSTest
DH2       Not a DOS disk

Volumes available:
BFSTest [Mounted]
System [Mounted]

=== BFS Results ===
FS_COMPARE_BENCH	4
DRIVE	DH1:
SMALL_CREATE_40_US	29440
LOOKUP_400_US	67135
SMALL_READ_40_US	20736
LIST_EXNEXT_400_US	28352
LIST_EXALL_400_US	8064
SEQ_WRITE_8M_US	37953
SEQ_READ_8M_US	263039
SMALL_DELETE_40_US	13696
APPEND_4K_1M_US	70207
APPEND_1K_256K_US	66303
APPEND_READ_1280K_US	44736
LIST_EXNEXT_40_ENTRIES_FIRST_PASS_US	4480
LIST_EXNEXT_40_ENTRIES_REPEAT10_TOTAL_US	28845
LIST_EXALL_40_ENTRIES_FIRST_PASS_US	1920
LIST_EXALL_40_ENTRIES_REPEAT10_TOTAL_US	8447
LIST_EXNEXT_400_ENTRIES_FIRST_PASS_US	38975
LIST_EXNEXT_400_ENTRIES_REPEAT10_TOTAL_US	295165
LIST_EXALL_400_ENTRIES_FIRST_PASS_US	16640
LIST_EXALL_400_ENTRIES_REPEAT10_TOTAL_US	77312
LIST_EXNEXT_1000_ENTRIES_FIRST_PASS_US	92863
LIST_EXNEXT_1000_ENTRIES_REPEAT10_TOTAL_US	720572
LIST_EXALL_1000_ENTRIES_FIRST_PASS_US	39743
LIST_EXALL_1000_ENTRIES_REPEAT10_TOTAL_US	190719
PASS	1

=== PFS3 Results ===
FS_COMPARE_BENCH	4
DRIVE	DH2:
SMALL_CREATE_40_US	16455
LOOKUP_400_US	66751
SMALL_READ_40_US	23871
LIST_EXNEXT_400_US	13248
LIST_EXALL_400_US	2496
SEQ_WRITE_8M_US	39552
SEQ_READ_8M_US	255360
SMALL_DELETE_40_US	7936
APPEND_4K_1M_US	31935
APPEND_1K_256K_US	22913
APPEND_READ_1280K_US	41227
LIST_EXNEXT_40_ENTRIES_FIRST_PASS_US	1663
LIST_EXNEXT_40_ENTRIES_REPEAT10_TOTAL_US	12159
LIST_EXALL_40_ENTRIES_FIRST_PASS_US	448
LIST_EXALL_40_ENTRIES_REPEAT10_TOTAL_US	2944
LIST_EXNEXT_400_ENTRIES_FIRST_PASS_US	12735
LIST_EXNEXT_400_ENTRIES_REPEAT10_TOTAL_US	118846
LIST_EXALL_400_ENTRIES_FIRST_PASS_US	4287
LIST_EXALL_400_ENTRIES_REPEAT10_TOTAL_US	27520
LIST_EXNEXT_1000_ENTRIES_FIRST_PASS_US	36737
LIST_EXNEXT_1000_ENTRIES_REPEAT10_TOTAL_US	283838
LIST_EXALL_1000_ENTRIES_FIRST_PASS_US	6464
LIST_EXALL_1000_ENTRIES_REPEAT10_TOTAL_US	50540
PASS	1
PASS: requested mounted-volume workload outputs are complete and data-checked
