=== BFS vs PFS3 Benchmark (FS-UAE 68040) ===
Evidence directory: /home/fabian/.cache/bfs-performance/listing-upgrade-2026-10-08.29qKRc/build/benchmark/leaf-range-normal-20261008-m3-8-pfs3-first
Mode: compare
Timeout: 600s


=== Machine Info ===
# Machine Info
Kickstart 47.102, Workbench 47.2
System: 68040 68040/060-FPU   (INST: Cache Burst) (DATA: NoCache NoBurst)
Type  Available    In-Use   Maximum   Largest
chip    2028040     52728   2080768   2027968
fast    7689920    698688   8388608   7684880
total   9717960    751416  10469376   7684880


Mounted disks:
Unit      Size       Used       Free Full Errs   Status   Name
DF0       No disk present
DH0      4095M    4194304    4194303  50%   0  Read/Write System
DH1       255M         36      65372   0%   0  Read/Write BFSTest
DH2       Not a DOS disk

Volumes available:
BFSTest [Mounted]
System [Mounted]

=== BFS Results ===
FS_COMPARE_BENCH	4
DRIVE	DH1:
SMALL_CREATE_40_US	59328
LOOKUP_400_US	83393
SMALL_READ_40_US	19647
LIST_EXNEXT_400_US	32703
LIST_EXALL_400_US	9024
SEQ_WRITE_8M_US	50943
SEQ_READ_8M_US	298667
SMALL_DELETE_40_US	34624
APPEND_4K_1M_US	71679
APPEND_1K_256K_US	60032
APPEND_READ_1280K_US	44095
LIST_EXNEXT_40_ENTRIES_FIRST_PASS_US	6272
LIST_EXNEXT_40_ENTRIES_REPEAT10_TOTAL_US	31552
LIST_EXALL_40_ENTRIES_FIRST_PASS_US	3967
LIST_EXALL_40_ENTRIES_REPEAT10_TOTAL_US	9216
LIST_EXNEXT_400_ENTRIES_FIRST_PASS_US	60222
LIST_EXNEXT_400_ENTRIES_REPEAT10_TOTAL_US	650685
LIST_EXALL_400_ENTRIES_FIRST_PASS_US	59520
LIST_EXALL_400_ENTRIES_REPEAT10_TOTAL_US	385533
LIST_EXNEXT_1000_ENTRIES_FIRST_PASS_US	158079
LIST_EXNEXT_1000_ENTRIES_REPEAT10_TOTAL_US	1833270
LIST_EXALL_1000_ENTRIES_FIRST_PASS_US	100415
LIST_EXALL_1000_ENTRIES_REPEAT10_TOTAL_US	1157753
PASS	1

=== PFS3 Results ===
FS_COMPARE_BENCH	4
DRIVE	DH2:
SMALL_CREATE_40_US	24255
LOOKUP_400_US	71168
SMALL_READ_40_US	22081
LIST_EXNEXT_400_US	14975
LIST_EXALL_400_US	2496
SEQ_WRITE_8M_US	37631
SEQ_READ_8M_US	261504
SMALL_DELETE_40_US	7937
APPEND_4K_1M_US	33985
APPEND_1K_256K_US	24449
APPEND_READ_1280K_US	41537
LIST_EXNEXT_40_ENTRIES_FIRST_PASS_US	1664
LIST_EXNEXT_40_ENTRIES_REPEAT10_TOTAL_US	12224
LIST_EXALL_40_ENTRIES_FIRST_PASS_US	512
LIST_EXALL_40_ENTRIES_REPEAT10_TOTAL_US	2497
LIST_EXNEXT_400_ENTRIES_FIRST_PASS_US	14017
LIST_EXNEXT_400_ENTRIES_REPEAT10_TOTAL_US	114622
LIST_EXALL_400_ENTRIES_FIRST_PASS_US	2753
LIST_EXALL_400_ENTRIES_REPEAT10_TOTAL_US	20671
LIST_EXNEXT_1000_ENTRIES_FIRST_PASS_US	36352
LIST_EXNEXT_1000_ENTRIES_REPEAT10_TOTAL_US	393918
LIST_EXALL_1000_ENTRIES_FIRST_PASS_US	9535
LIST_EXALL_1000_ENTRIES_REPEAT10_TOTAL_US	88640
PASS	1
PASS: requested mounted-volume workload outputs are complete and data-checked
