=== BFS vs PFS3 Benchmark (FS-UAE 68040) ===
Evidence directory: /home/fabian/.cache/bfs-performance/append-attr2-2026-10-10.xibtLq/results/append2-prod-6-pfs3-first-cand
Mode: compare
Timeout: 600s


=== Machine Info ===
# Machine Info
Kickstart 47.102, Workbench 47.2
System: 68040 68040/060-FPU   (INST: Cache Burst) (DATA: NoCache NoBurst)
Type  Available    In-Use   Maximum   Largest
chip    2028040     52728   2080768   2027968
fast    7531240    857368   8388608   7526176
total   9559280    910096  10469376   7526176


Mounted disks:
Unit      Size       Used       Free Full Errs   Status   Name
DF0       No disk present
DH0      4095M    4194304    4194303  50%   0  Read/Write System
DH1       255M         36      65372   0%   0  Read/Write BFSTest
DH2       Not a DOS disk

Volumes available:
BFSTest [Mounted]
System [Mounted]

=== BFS Results ===
FS_COMPARE_BENCH	4
DRIVE	DH1:
SMALL_CREATE_40_US	32063
LOOKUP_400_US	59008
SMALL_READ_40_US	19007
LIST_EXNEXT_400_US	20286
LIST_EXALL_400_US	9406
SEQ_WRITE_8M_US	38144
SEQ_READ_8M_US	271038
SMALL_DELETE_40_US	13760
APPEND_4K_1M_US	53054
APPEND_1K_256K_US	45248
APPEND_READ_1280K_US	43520
LIST_EXNEXT_40_ENTRIES_FIRST_PASS_US	3903
LIST_EXNEXT_40_ENTRIES_REPEAT10_TOTAL_US	23040
LIST_EXALL_40_ENTRIES_FIRST_PASS_US	1728
LIST_EXALL_40_ENTRIES_REPEAT10_TOTAL_US	9024
LIST_EXNEXT_400_ENTRIES_FIRST_PASS_US	36415
LIST_EXNEXT_400_ENTRIES_REPEAT10_TOTAL_US	226879
LIST_EXALL_400_ENTRIES_FIRST_PASS_US	16126
LIST_EXALL_400_ENTRIES_REPEAT10_TOTAL_US	75393
LIST_EXNEXT_1000_ENTRIES_FIRST_PASS_US	74496
LIST_EXNEXT_1000_ENTRIES_REPEAT10_TOTAL_US	538046
LIST_EXALL_1000_ENTRIES_FIRST_PASS_US	39808
LIST_EXALL_1000_ENTRIES_REPEAT10_TOTAL_US	201214
PASS	1

=== PFS3 Results ===
FS_COMPARE_BENCH	4
DRIVE	DH2:
SMALL_CREATE_40_US	18303
LOOKUP_400_US	67264
SMALL_READ_40_US	14207
LIST_EXNEXT_400_US	12607
LIST_EXALL_400_US	2496
SEQ_WRITE_8M_US	40448
SEQ_READ_8M_US	275965
SMALL_DELETE_40_US	7743
APPEND_4K_1M_US	32960
APPEND_1K_256K_US	23488
APPEND_READ_1280K_US	40640
LIST_EXNEXT_40_ENTRIES_FIRST_PASS_US	1600
LIST_EXNEXT_40_ENTRIES_REPEAT10_TOTAL_US	11969
LIST_EXALL_40_ENTRIES_FIRST_PASS_US	511
LIST_EXALL_40_ENTRIES_REPEAT10_TOTAL_US	2496
LIST_EXNEXT_400_ENTRIES_FIRST_PASS_US	12417
LIST_EXNEXT_400_ENTRIES_REPEAT10_TOTAL_US	111745
LIST_EXALL_400_ENTRIES_FIRST_PASS_US	2623
LIST_EXALL_400_ENTRIES_REPEAT10_TOTAL_US	20033
LIST_EXNEXT_1000_ENTRIES_FIRST_PASS_US	29823
LIST_EXNEXT_1000_ENTRIES_REPEAT10_TOTAL_US	313790
LIST_EXALL_1000_ENTRIES_FIRST_PASS_US	6273
LIST_EXALL_1000_ENTRIES_REPEAT10_TOTAL_US	52736
PASS	1
PASS: requested mounted-volume workload outputs are complete and data-checked
