=== BFS vs PFS3 Benchmark (FS-UAE 68040) ===
Evidence directory: /home/fabian/.cache/bfs-performance/exnext-2026-10-10.8MRoga/results/exnext-1-bfs-first-reference
Mode: compare
Timeout: 600s


=== Machine Info ===
# Machine Info
Kickstart 47.102, Workbench 47.2
System: 68040 68040/060-FPU   (INST: Cache Burst) (DATA: NoCache NoBurst)
Type  Available    In-Use   Maximum   Largest
chip    2028040     52728   2080768   2027968
fast    7532616    855992   8388608   7527544
total   9560656    908720  10469376   7527544


Mounted disks:
Unit      Size       Used       Free Full Errs   Status   Name
DF0       No disk present
DH0      4095M    4194304    4194303  50%   0  Read/Write System
DH1       255M         36      65372   0%   0  Read/Write BFSTest
DH2       Not a DOS disk

Volumes available:
BFSTest [Mounted]
System [Mounted]

=== BFS Results ===
FS_COMPARE_BENCH	4
DRIVE	DH1:
SMALL_CREATE_40_US	28033
LOOKUP_400_US	59456
SMALL_READ_40_US	17920
LIST_EXNEXT_400_US	27648
LIST_EXALL_400_US	7680
SEQ_WRITE_8M_US	28417
SEQ_READ_8M_US	262143
SMALL_DELETE_40_US	13632
APPEND_4K_1M_US	59712
APPEND_1K_256K_US	46848
APPEND_READ_1280K_US	44352
LIST_EXNEXT_40_ENTRIES_FIRST_PASS_US	4480
LIST_EXNEXT_40_ENTRIES_REPEAT10_TOTAL_US	29183
LIST_EXALL_40_ENTRIES_FIRST_PASS_US	1857
LIST_EXALL_40_ENTRIES_REPEAT10_TOTAL_US	8640
LIST_EXNEXT_400_ENTRIES_FIRST_PASS_US	38143
LIST_EXNEXT_400_ENTRIES_REPEAT10_TOTAL_US	296382
LIST_EXALL_400_ENTRIES_FIRST_PASS_US	16896
LIST_EXALL_400_ENTRIES_REPEAT10_TOTAL_US	78592
LIST_EXNEXT_1000_ENTRIES_FIRST_PASS_US	94016
LIST_EXNEXT_1000_ENTRIES_REPEAT10_TOTAL_US	790395
LIST_EXALL_1000_ENTRIES_FIRST_PASS_US	41600
LIST_EXALL_1000_ENTRIES_REPEAT10_TOTAL_US	196352
PASS	1

=== PFS3 Results ===
FS_COMPARE_BENCH	4
DRIVE	DH2:
SMALL_CREATE_40_US	18495
LOOKUP_400_US	77503
SMALL_READ_40_US	14208
LIST_EXNEXT_400_US	11840
LIST_EXALL_400_US	2880
SEQ_WRITE_8M_US	39808
SEQ_READ_8M_US	260541
SMALL_DELETE_40_US	8191
APPEND_4K_1M_US	33727
APPEND_1K_256K_US	23488
APPEND_READ_1280K_US	42240
LIST_EXNEXT_40_ENTRIES_FIRST_PASS_US	1600
LIST_EXNEXT_40_ENTRIES_REPEAT10_TOTAL_US	11968
LIST_EXALL_40_ENTRIES_FIRST_PASS_US	573
LIST_EXALL_40_ENTRIES_REPEAT10_TOTAL_US	2816
LIST_EXNEXT_400_ENTRIES_FIRST_PASS_US	12480
LIST_EXNEXT_400_ENTRIES_REPEAT10_TOTAL_US	113086
LIST_EXALL_400_ENTRIES_FIRST_PASS_US	2752
LIST_EXALL_400_ENTRIES_REPEAT10_TOTAL_US	20415
LIST_EXNEXT_1000_ENTRIES_FIRST_PASS_US	32320
LIST_EXNEXT_1000_ENTRIES_REPEAT10_TOTAL_US	311230
LIST_EXALL_1000_ENTRIES_FIRST_PASS_US	8256
LIST_EXALL_1000_ENTRIES_REPEAT10_TOTAL_US	50368
PASS	1
PASS: requested mounted-volume workload outputs are complete and data-checked
