=== BFS vs PFS3 Benchmark (FS-UAE 68040) ===
Evidence directory: /home/fabian/.cache/bfs-performance/sparse-crc-2026-10-09.xN615F/candidate/build/benchmark/sparse-confirmation-20261009/confirm-aa-normal-m5b-1-bfs-first
Mode: compare
Timeout: 600s


=== Machine Info ===
# Machine Info
Kickstart 47.102, Workbench 47.2
System: 68040 68040/060-FPU   (INST: Cache Burst) (DATA: NoCache NoBurst)
Type  Available    In-Use   Maximum   Largest
chip    2028040     52728   2080768   2027968
fast    7687256    701352   8388608   7682200
total   9715296    754080  10469376   7682200


Mounted disks:
Unit      Size       Used       Free Full Errs   Status   Name
DF0       No disk present
DH0      4095M    4194304    4194303  50%   0  Read/Write System
DH1       255M         36      65372   0%   0  Read/Write BFSTest
DH2       Not a DOS disk

Volumes available:
BFSTest [Mounted]
System [Mounted]

=== BFS Results ===
FS_COMPARE_BENCH	4
DRIVE	DH1:
SMALL_CREATE_40_US	28543
LOOKUP_400_US	93120
SMALL_READ_40_US	20927
LIST_EXNEXT_400_US	34111
LIST_EXALL_400_US	9920
SEQ_WRITE_8M_US	38911
SEQ_READ_8M_US	267325
SMALL_DELETE_40_US	17408
APPEND_4K_1M_US	79615
APPEND_1K_256K_US	65536
APPEND_READ_1280K_US	44480
LIST_EXNEXT_40_ENTRIES_FIRST_PASS_US	6080
LIST_EXNEXT_40_ENTRIES_REPEAT10_TOTAL_US	32128
LIST_EXALL_40_ENTRIES_FIRST_PASS_US	3776
LIST_EXALL_40_ENTRIES_REPEAT10_TOTAL_US	9984
LIST_EXNEXT_400_ENTRIES_FIRST_PASS_US	58623
LIST_EXNEXT_400_ENTRIES_REPEAT10_TOTAL_US	596283
LIST_EXALL_400_ENTRIES_FIRST_PASS_US	36289
LIST_EXALL_400_ENTRIES_REPEAT10_TOTAL_US	375615
LIST_EXNEXT_1000_ENTRIES_FIRST_PASS_US	244479
LIST_EXNEXT_1000_ENTRIES_REPEAT10_TOTAL_US	1656375
LIST_EXALL_1000_ENTRIES_FIRST_PASS_US	92864
LIST_EXALL_1000_ENTRIES_REPEAT10_TOTAL_US	923578
PASS	1

=== PFS3 Results ===
FS_COMPARE_BENCH	4
DRIVE	DH2:
SMALL_CREATE_40_US	16374
LOOKUP_400_US	67456
SMALL_READ_40_US	14017
LIST_EXNEXT_400_US	12415
LIST_EXALL_400_US	2497
SEQ_WRITE_8M_US	41280
SEQ_READ_8M_US	396011
SMALL_DELETE_40_US	8257
APPEND_4K_1M_US	44672
APPEND_1K_256K_US	24572
APPEND_READ_1280K_US	41343
LIST_EXNEXT_40_ENTRIES_FIRST_PASS_US	1729
LIST_EXNEXT_40_ENTRIES_REPEAT10_TOTAL_US	12031
LIST_EXALL_40_ENTRIES_FIRST_PASS_US	768
LIST_EXALL_40_ENTRIES_REPEAT10_TOTAL_US	2624
LIST_EXNEXT_400_ENTRIES_FIRST_PASS_US	13120
LIST_EXNEXT_400_ENTRIES_REPEAT10_TOTAL_US	113985
LIST_EXALL_400_ENTRIES_FIRST_PASS_US	2880
LIST_EXALL_400_ENTRIES_REPEAT10_TOTAL_US	22078
LIST_EXNEXT_1000_ENTRIES_FIRST_PASS_US	32000
LIST_EXNEXT_1000_ENTRIES_REPEAT10_TOTAL_US	311358
LIST_EXALL_1000_ENTRIES_FIRST_PASS_US	8257
LIST_EXALL_1000_ENTRIES_REPEAT10_TOTAL_US	50880
PASS	1
PASS: requested mounted-volume workload outputs are complete and data-checked
