=== BFS vs PFS3 Benchmark (FS-UAE 68040) ===
Evidence directory: /home/fabian/.cache/bfs-performance/confirm-2026-10-10.TmkILS/results/confirm-4-pfs3-first-reference
Mode: compare
Timeout: 600s


=== Machine Info ===
# Machine Info
Kickstart 47.102, Workbench 47.2
System: 68040 68040/060-FPU   (INST: Cache Burst) (DATA: NoCache NoBurst)
Type  Available    In-Use   Maximum   Largest
chip    2028040     52728   2080768   2027968
fast    7532616    855992   8388608   7527544
total   9560656    908720  10469376   7527544


Mounted disks:
Unit      Size       Used       Free Full Errs   Status   Name
DF0       No disk present
DH0      4095M    4194304    4194303  50%   0  Read/Write System
DH1       255M         36      65372   0%   0  Read/Write BFSTest
DH2       Not a DOS disk

Volumes available:
BFSTest [Mounted]
System [Mounted]

=== BFS Results ===
FS_COMPARE_BENCH	4
DRIVE	DH1:
SMALL_CREATE_40_US	30207
LOOKUP_400_US	60159
SMALL_READ_40_US	18945
LIST_EXNEXT_400_US	28032
LIST_EXALL_400_US	7871
SEQ_WRITE_8M_US	28609
SEQ_READ_8M_US	271488
SMALL_DELETE_40_US	14015
APPEND_4K_1M_US	52672
APPEND_1K_256K_US	44032
APPEND_READ_1280K_US	44864
LIST_EXNEXT_40_ENTRIES_FIRST_PASS_US	4543
LIST_EXNEXT_40_ENTRIES_REPEAT10_TOTAL_US	28865
LIST_EXALL_40_ENTRIES_FIRST_PASS_US	1855
LIST_EXALL_40_ENTRIES_REPEAT10_TOTAL_US	8576
LIST_EXNEXT_400_ENTRIES_FIRST_PASS_US	37377
LIST_EXNEXT_400_ENTRIES_REPEAT10_TOTAL_US	296510
LIST_EXALL_400_ENTRIES_FIRST_PASS_US	17408
LIST_EXALL_400_ENTRIES_REPEAT10_TOTAL_US	79103
LIST_EXNEXT_1000_ENTRIES_FIRST_PASS_US	93376
LIST_EXNEXT_1000_ENTRIES_REPEAT10_TOTAL_US	729980
LIST_EXALL_1000_ENTRIES_FIRST_PASS_US	51713
LIST_EXALL_1000_ENTRIES_REPEAT10_TOTAL_US	198847
PASS	1

=== PFS3 Results ===
FS_COMPARE_BENCH	4
DRIVE	DH2:
SMALL_CREATE_40_US	17535
LOOKUP_400_US	85248
SMALL_READ_40_US	23230
LIST_EXNEXT_400_US	13246
LIST_EXALL_400_US	3520
SEQ_WRITE_8M_US	96126
SEQ_READ_8M_US	313597
SMALL_DELETE_40_US	8128
APPEND_4K_1M_US	33023
APPEND_1K_256K_US	24832
APPEND_READ_1280K_US	59263
LIST_EXNEXT_40_ENTRIES_FIRST_PASS_US	1536
LIST_EXNEXT_40_ENTRIES_REPEAT10_TOTAL_US	17920
LIST_EXALL_40_ENTRIES_FIRST_PASS_US	640
LIST_EXALL_40_ENTRIES_REPEAT10_TOTAL_US	2815
LIST_EXNEXT_400_ENTRIES_FIRST_PASS_US	13631
LIST_EXNEXT_400_ENTRIES_REPEAT10_TOTAL_US	117566
LIST_EXALL_400_ENTRIES_FIRST_PASS_US	2880
LIST_EXALL_400_ENTRIES_REPEAT10_TOTAL_US	20993
LIST_EXNEXT_1000_ENTRIES_FIRST_PASS_US	32768
LIST_EXNEXT_1000_ENTRIES_REPEAT10_TOTAL_US	297471
LIST_EXALL_1000_ENTRIES_FIRST_PASS_US	7230
LIST_EXALL_1000_ENTRIES_REPEAT10_TOTAL_US	50752
PASS	1
PASS: requested mounted-volume workload outputs are complete and data-checked
