=== BFS vs PFS3 Benchmark (FS-UAE 68040) ===
Evidence directory: /home/fabian/.cache/bfs-performance/listing-upgrade-2026-10-08.29qKRc/build/benchmark/leaf-range-durable-20261008-m3-8-pfs3-first
Mode: durable-compare
Timeout: 600s


=== Machine Info ===
# Machine Info
Kickstart 47.102, Workbench 47.2
System: 68040 68040/060-FPU   (INST: Cache Burst) (DATA: NoCache NoBurst)
Type  Available    In-Use   Maximum   Largest
chip    2028040     52728   2080768   2027968
fast    7689920    698688   8388608   7684880
total   9717960    751416  10469376   7684880


Mounted disks:
Unit      Size       Used       Free Full Errs   Status   Name
DF0       No disk present
DH0      4095M    4194304    4194303  50%   0  Read/Write System
DH1       255M         36      65372   0%   0  Read/Write BFSTest
DH2       Not a DOS disk

Volumes available:
BFSTest [Mounted]
System [Mounted]

=== BFS Results ===
FS_DURABLE_COMPARE	4
DRIVE	DH1:
SMALL_CREATE_40_US	33792
LOOKUP_400_US	79999
SMALL_READ_40_US	35774
LIST_EXNEXT_400_US	39553
LIST_EXALL_400_US	8494
SEQ_WRITE_8M_US	41855
SEQ_READ_8M_US	352061
SMALL_DELETE_40_US	21888
APPEND_4K_1M_US	88513
APPEND_1K_256K_US	88319
APPEND_READ_1280K_US	74238
LIST_EXNEXT_40_ENTRIES_FIRST_PASS_US	6184
LIST_EXNEXT_40_ENTRIES_REPEAT10_TOTAL_US	31488
LIST_EXALL_40_ENTRIES_FIRST_PASS_US	4096
LIST_EXALL_40_ENTRIES_REPEAT10_TOTAL_US	9151
LIST_EXNEXT_400_ENTRIES_FIRST_PASS_US	62208
LIST_EXNEXT_400_ENTRIES_REPEAT10_TOTAL_US	717051
LIST_EXALL_400_ENTRIES_FIRST_PASS_US	40832
LIST_EXALL_400_ENTRIES_REPEAT10_TOTAL_US	430397
LIST_EXNEXT_1000_ENTRIES_FIRST_PASS_US	161279
LIST_EXNEXT_1000_ENTRIES_REPEAT10_TOTAL_US	1683256
LIST_EXALL_1000_ENTRIES_FIRST_PASS_US	105791
LIST_EXALL_1000_ENTRIES_REPEAT10_TOTAL_US	1031161
PASS	1

=== PFS3 Results ===
FS_DURABLE_COMPARE	4
DRIVE	DH2:
SMALL_CREATE_40_US	18048
LOOKUP_400_US	66305
SMALL_READ_40_US	17279
LIST_EXNEXT_400_US	17985
LIST_EXALL_400_US	4032
SEQ_WRITE_8M_US	81281
SEQ_READ_8M_US	372029
SMALL_DELETE_40_US	8640
APPEND_4K_1M_US	34815
APPEND_1K_256K_US	24256
APPEND_READ_1280K_US	43520
LIST_EXNEXT_40_ENTRIES_FIRST_PASS_US	3200
LIST_EXNEXT_40_ENTRIES_REPEAT10_TOTAL_US	11967
LIST_EXALL_40_ENTRIES_FIRST_PASS_US	575
LIST_EXALL_40_ENTRIES_REPEAT10_TOTAL_US	2368
LIST_EXNEXT_400_ENTRIES_FIRST_PASS_US	12737
LIST_EXNEXT_400_ENTRIES_REPEAT10_TOTAL_US	116672
LIST_EXALL_400_ENTRIES_FIRST_PASS_US	3072
LIST_EXALL_400_ENTRIES_REPEAT10_TOTAL_US	22976
LIST_EXNEXT_1000_ENTRIES_FIRST_PASS_US	47936
LIST_EXNEXT_1000_ENTRIES_REPEAT10_TOTAL_US	325055
LIST_EXALL_1000_ENTRIES_FIRST_PASS_US	6617
LIST_EXALL_1000_ENTRIES_REPEAT10_TOTAL_US	51777
PASS	1
PASS: requested mounted-volume workload outputs are complete and data-checked
