=== BFS vs PFS3 Benchmark (FS-UAE 68040) ===
Evidence directory: /home/fabian/.cache/bfs-performance/append-attr-2026-10-10.XtdDJw/results/append-prod-3-bfs-first-cand
Mode: compare
Timeout: 600s


=== Machine Info ===
# Machine Info
Kickstart 47.102, Workbench 47.2
System: 68040 68040/060-FPU   (INST: Cache Burst) (DATA: NoCache NoBurst)
Type  Available    In-Use   Maximum   Largest
chip    2028040     52728   2080768   2027968
fast    7531240    857368   8388608   7526176
total   9559280    910096  10469376   7526176


Mounted disks:
Unit      Size       Used       Free Full Errs   Status   Name
DF0       No disk present
DH0      4095M    4194304    4194303  50%   0  Read/Write System
DH1       255M         36      65372   0%   0  Read/Write BFSTest
DH2       Not a DOS disk

Volumes available:
BFSTest [Mounted]
System [Mounted]

=== BFS Results ===
FS_COMPARE_BENCH	4
DRIVE	DH1:
SMALL_CREATE_40_US	35200
LOOKUP_400_US	60864
SMALL_READ_40_US	18880
LIST_EXNEXT_400_US	20480
LIST_EXALL_400_US	7806
SEQ_WRITE_8M_US	29120
SEQ_READ_8M_US	259838
SMALL_DELETE_40_US	13952
APPEND_4K_1M_US	56575
APPEND_1K_256K_US	129791
APPEND_READ_1280K_US	46783
LIST_EXNEXT_40_ENTRIES_FIRST_PASS_US	4992
LIST_EXNEXT_40_ENTRIES_REPEAT10_TOTAL_US	29120
LIST_EXALL_40_ENTRIES_FIRST_PASS_US	2305
LIST_EXALL_40_ENTRIES_REPEAT10_TOTAL_US	8448
LIST_EXNEXT_400_ENTRIES_FIRST_PASS_US	30975
LIST_EXNEXT_400_ENTRIES_REPEAT10_TOTAL_US	213567
LIST_EXALL_400_ENTRIES_FIRST_PASS_US	15935
LIST_EXALL_400_ENTRIES_REPEAT10_TOTAL_US	76992
LIST_EXNEXT_1000_ENTRIES_FIRST_PASS_US	75904
LIST_EXNEXT_1000_ENTRIES_REPEAT10_TOTAL_US	540795
LIST_EXALL_1000_ENTRIES_FIRST_PASS_US	49241
LIST_EXALL_1000_ENTRIES_REPEAT10_TOTAL_US	210238
PASS	1

=== PFS3 Results ===
FS_COMPARE_BENCH	4
DRIVE	DH2:
SMALL_CREATE_40_US	21696
LOOKUP_400_US	84737
SMALL_READ_40_US	15040
LIST_EXNEXT_400_US	12160
LIST_EXALL_400_US	2545
SEQ_WRITE_8M_US	40383
SEQ_READ_8M_US	302590
SMALL_DELETE_40_US	8257
APPEND_4K_1M_US	40511
APPEND_1K_256K_US	23295
APPEND_READ_1280K_US	41600
LIST_EXNEXT_40_ENTRIES_FIRST_PASS_US	1535
LIST_EXNEXT_40_ENTRIES_REPEAT10_TOTAL_US	12417
LIST_EXALL_40_ENTRIES_FIRST_PASS_US	705
LIST_EXALL_40_ENTRIES_REPEAT10_TOTAL_US	2495
LIST_EXNEXT_400_ENTRIES_FIRST_PASS_US	12992
LIST_EXNEXT_400_ENTRIES_REPEAT10_TOTAL_US	114558
LIST_EXALL_400_ENTRIES_FIRST_PASS_US	4993
LIST_EXALL_400_ENTRIES_REPEAT10_TOTAL_US	29695
LIST_EXNEXT_1000_ENTRIES_FIRST_PASS_US	31552
LIST_EXNEXT_1000_ENTRIES_REPEAT10_TOTAL_US	351998
LIST_EXALL_1000_ENTRIES_FIRST_PASS_US	7935
LIST_EXALL_1000_ENTRIES_REPEAT10_TOTAL_US	57663
PASS	1
PASS: requested mounted-volume workload outputs are complete and data-checked
