=== BFS vs PFS3 Benchmark (FS-UAE 68040) ===
Evidence directory: /home/fabian/.cache/bfs-performance/exact-fastpath-2026-10-09.hdq3J0/build/benchmark/exact-key-pilot-durable-20261009-range-1-bfs-first
Mode: durable-compare
Timeout: 600s


=== Machine Info ===
# Machine Info
Kickstart 47.102, Workbench 47.2
System: 68040 68040/060-FPU   (INST: Cache Burst) (DATA: NoCache NoBurst)
Type  Available    In-Use   Maximum   Largest
chip    2028040     52728   2080768   2027968
fast    7687256    701352   8388608   7682200
total   9715296    754080  10469376   7682200


Mounted disks:
Unit      Size       Used       Free Full Errs   Status   Name
DF0       No disk present
DH0      4095M    4194304    4194303  50%   0  Read/Write System
DH1       255M         36      65372   0%   0  Read/Write BFSTest
DH2       Not a DOS disk

Volumes available:
BFSTest [Mounted]
System [Mounted]

=== BFS Results ===
FS_DURABLE_COMPARE	4
DRIVE	DH1:
SMALL_CREATE_40_US	34688
LOOKUP_400_US	106687
SMALL_READ_40_US	26112
LIST_EXNEXT_400_US	32383
LIST_EXALL_400_US	8831
SEQ_WRITE_8M_US	60865
SEQ_READ_8M_US	280445
SMALL_DELETE_40_US	20288
APPEND_4K_1M_US	104576
APPEND_1K_256K_US	67455
APPEND_READ_1280K_US	42497
LIST_EXNEXT_40_ENTRIES_FIRST_PASS_US	6848
LIST_EXNEXT_40_ENTRIES_REPEAT10_TOTAL_US	31743
LIST_EXALL_40_ENTRIES_FIRST_PASS_US	5313
LIST_EXALL_40_ENTRIES_REPEAT10_TOTAL_US	9471
LIST_EXNEXT_400_ENTRIES_FIRST_PASS_US	66751
LIST_EXNEXT_400_ENTRIES_REPEAT10_TOTAL_US	767675
LIST_EXALL_400_ENTRIES_FIRST_PASS_US	39488
LIST_EXALL_400_ENTRIES_REPEAT10_TOTAL_US	376766
LIST_EXNEXT_1000_ENTRIES_FIRST_PASS_US	154112
LIST_EXNEXT_1000_ENTRIES_REPEAT10_TOTAL_US	1600375
LIST_EXALL_1000_ENTRIES_FIRST_PASS_US	96384
LIST_EXALL_1000_ENTRIES_REPEAT10_TOTAL_US	911482
PASS	1

=== PFS3 Results ===
FS_DURABLE_COMPARE	4
DRIVE	DH2:
SMALL_CREATE_40_US	17216
LOOKUP_400_US	66880
SMALL_READ_40_US	15105
LIST_EXNEXT_400_US	12287
LIST_EXALL_400_US	2473
SEQ_WRITE_8M_US	41856
SEQ_READ_8M_US	263422
SMALL_DELETE_40_US	8895
APPEND_4K_1M_US	33152
APPEND_1K_256K_US	24192
APPEND_READ_1280K_US	41280
LIST_EXNEXT_40_ENTRIES_FIRST_PASS_US	1600
LIST_EXNEXT_40_ENTRIES_REPEAT10_TOTAL_US	11904
LIST_EXALL_40_ENTRIES_FIRST_PASS_US	511
LIST_EXALL_40_ENTRIES_REPEAT10_TOTAL_US	2495
LIST_EXNEXT_400_ENTRIES_FIRST_PASS_US	12928
LIST_EXNEXT_400_ENTRIES_REPEAT10_TOTAL_US	111871
LIST_EXALL_400_ENTRIES_FIRST_PASS_US	2880
LIST_EXALL_400_ENTRIES_REPEAT10_TOTAL_US	20353
LIST_EXNEXT_1000_ENTRIES_FIRST_PASS_US	33280
LIST_EXNEXT_1000_ENTRIES_REPEAT10_TOTAL_US	284095
LIST_EXALL_1000_ENTRIES_FIRST_PASS_US	6464
LIST_EXALL_1000_ENTRIES_REPEAT10_TOTAL_US	51072
PASS	1
PASS: requested mounted-volume workload outputs are complete and data-checked
