=== BFS vs PFS3 Benchmark (FS-UAE 68040) ===
Evidence directory: /home/fabian/.cache/bfs-performance/metadata-2026-10-08.QvzB5w/build/benchmark/metadata-v4-c8-20261008-m2-2-pfs3-first
Mode: compare
Timeout: 600s


=== Machine Info ===
# Machine Info
Kickstart 47.102, Workbench 47.2
System: 68040 68040/060-FPU   (INST: Cache Burst) (DATA: NoCache NoBurst)
Type  Available    In-Use   Maximum   Largest
chip    2028040     52728   2080768   2027968
fast    7690976    697632   8388608   7685936
total   9719016    750360  10469376   7685936


Mounted disks:
Unit      Size       Used       Free Full Errs   Status   Name
DF0       No disk present
DH0      4095M    4194304    4194303  50%   0  Read/Write System
DH1       255M         36      65372   0%   0  Read/Write BFSTest
DH2       Not a DOS disk

Volumes available:
BFSTest [Mounted]
System [Mounted]

=== BFS Results ===
FS_COMPARE_BENCH	4
DRIVE	DH1:
SMALL_CREATE_40_US	27072
LOOKUP_400_US	75776
SMALL_READ_40_US	18624
LIST_EXNEXT_400_US	31168
LIST_EXALL_400_US	8640
SEQ_WRITE_8M_US	40513
SEQ_READ_8M_US	297021
SMALL_DELETE_40_US	17453
APPEND_4K_1M_US	104641
APPEND_1K_256K_US	87999
APPEND_READ_1280K_US	42753
LIST_EXNEXT_40_ENTRIES_FIRST_PASS_US	6464
LIST_EXNEXT_40_ENTRIES_REPEAT10_TOTAL_US	32065
LIST_EXALL_40_ENTRIES_FIRST_PASS_US	3647
LIST_EXALL_40_ENTRIES_REPEAT10_TOTAL_US	8960
LIST_EXNEXT_400_ENTRIES_FIRST_PASS_US	61631
LIST_EXNEXT_400_ENTRIES_REPEAT10_TOTAL_US	627324
LIST_EXALL_400_ENTRIES_FIRST_PASS_US	40768
LIST_EXALL_400_ENTRIES_REPEAT10_TOTAL_US	388798
LIST_EXNEXT_1000_ENTRIES_FIRST_PASS_US	161343
LIST_EXNEXT_1000_ENTRIES_REPEAT10_TOTAL_US	1620024
LIST_EXALL_1000_ENTRIES_FIRST_PASS_US	101696
LIST_EXALL_1000_ENTRIES_REPEAT10_TOTAL_US	1046203
PASS	1

=== PFS3 Results ===
FS_COMPARE_BENCH	4
DRIVE	DH2:
SMALL_CREATE_40_US	19199
LOOKUP_400_US	70848
SMALL_READ_40_US	14400
LIST_EXNEXT_400_US	25600
LIST_EXALL_400_US	8000
SEQ_WRITE_8M_US	48812
SEQ_READ_8M_US	258301
SMALL_DELETE_40_US	8000
APPEND_4K_1M_US	35391
APPEND_1K_256K_US	24960
APPEND_READ_1280K_US	41663
LIST_EXNEXT_40_ENTRIES_FIRST_PASS_US	1662
LIST_EXNEXT_40_ENTRIES_REPEAT10_TOTAL_US	12160
LIST_EXALL_40_ENTRIES_FIRST_PASS_US	577
LIST_EXALL_40_ENTRIES_REPEAT10_TOTAL_US	2432
LIST_EXNEXT_400_ENTRIES_FIRST_PASS_US	12543
LIST_EXNEXT_400_ENTRIES_REPEAT10_TOTAL_US	111936
LIST_EXALL_400_ENTRIES_FIRST_PASS_US	2880
LIST_EXALL_400_ENTRIES_REPEAT10_TOTAL_US	24128
LIST_EXNEXT_1000_ENTRIES_FIRST_PASS_US	33663
LIST_EXNEXT_1000_ENTRIES_REPEAT10_TOTAL_US	281150
LIST_EXALL_1000_ENTRIES_FIRST_PASS_US	6591
LIST_EXALL_1000_ENTRIES_REPEAT10_TOTAL_US	50944
PASS	1
PASS: requested mounted-volume workload outputs are complete and data-checked
