=== BFS vs PFS3 Benchmark (FS-UAE 68040) ===
Evidence directory: /home/fabian/.cache/bfs-performance/metadata-2026-10-08.QvzB5w/build/benchmark/metadata-v4-c8-20261008-m1b-6-pfs3-first
Mode: compare
Timeout: 600s


=== Machine Info ===
# Machine Info
Kickstart 47.102, Workbench 47.2
System: 68040 68040/060-FPU   (INST: Cache Burst) (DATA: NoCache NoBurst)
Type  Available    In-Use   Maximum   Largest
chip    2028040     52728   2080768   2027968
fast    7694024    694584   8388608   7688952
total   9722064    747312  10469376   7688952


Mounted disks:
Unit      Size       Used       Free Full Errs   Status   Name
DF0       No disk present
DH0      4095M    4194304    4194303  50%   0  Read/Write System
DH1       255M         36      65372   0%   0  Read/Write BFSTest
DH2       Not a DOS disk

Volumes available:
BFSTest [Mounted]
System [Mounted]

=== BFS Results ===
FS_COMPARE_BENCH	4
DRIVE	DH1:
SMALL_CREATE_40_US	25728
LOOKUP_400_US	74240
SMALL_READ_40_US	17792
LIST_EXNEXT_400_US	32320
LIST_EXALL_400_US	9023
SEQ_WRITE_8M_US	34685
SEQ_READ_8M_US	264830
SMALL_DELETE_40_US	17087
APPEND_4K_1M_US	67328
APPEND_1K_256K_US	56383
APPEND_READ_1280K_US	42305
LIST_EXNEXT_40_ENTRIES_FIRST_PASS_US	8320
LIST_EXNEXT_40_ENTRIES_REPEAT10_TOTAL_US	43692
LIST_EXALL_40_ENTRIES_FIRST_PASS_US	6272
LIST_EXALL_40_ENTRIES_REPEAT10_TOTAL_US	18497
LIST_EXNEXT_400_ENTRIES_FIRST_PASS_US	59775
LIST_EXNEXT_400_ENTRIES_REPEAT10_TOTAL_US	629564
LIST_EXALL_400_ENTRIES_FIRST_PASS_US	36865
LIST_EXALL_400_ENTRIES_REPEAT10_TOTAL_US	366718
LIST_EXNEXT_1000_ENTRIES_FIRST_PASS_US	153854
LIST_EXNEXT_1000_ENTRIES_REPEAT10_TOTAL_US	1544566
LIST_EXALL_1000_ENTRIES_FIRST_PASS_US	92928
LIST_EXALL_1000_ENTRIES_REPEAT10_TOTAL_US	898170
PASS	1

=== PFS3 Results ===
FS_COMPARE_BENCH	4
DRIVE	DH2:
SMALL_CREATE_40_US	15872
LOOKUP_400_US	65728
SMALL_READ_40_US	15041
LIST_EXNEXT_400_US	11968
LIST_EXALL_400_US	2623
SEQ_WRITE_8M_US	40256
SEQ_READ_8M_US	256446
SMALL_DELETE_40_US	7937
APPEND_4K_1M_US	32446
APPEND_1K_256K_US	24191
APPEND_READ_1280K_US	40383
LIST_EXNEXT_40_ENTRIES_FIRST_PASS_US	1792
LIST_EXNEXT_40_ENTRIES_REPEAT10_TOTAL_US	12352
LIST_EXALL_40_ENTRIES_FIRST_PASS_US	576
LIST_EXALL_40_ENTRIES_REPEAT10_TOTAL_US	2497
LIST_EXNEXT_400_ENTRIES_FIRST_PASS_US	12863
LIST_EXNEXT_400_ENTRIES_REPEAT10_TOTAL_US	113004
LIST_EXALL_400_ENTRIES_FIRST_PASS_US	3200
LIST_EXALL_400_ENTRIES_REPEAT10_TOTAL_US	20607
LIST_EXNEXT_1000_ENTRIES_FIRST_PASS_US	31680
LIST_EXNEXT_1000_ENTRIES_REPEAT10_TOTAL_US	282302
LIST_EXALL_1000_ENTRIES_FIRST_PASS_US	6847
LIST_EXALL_1000_ENTRIES_REPEAT10_TOTAL_US	50880
PASS	1
PASS: requested mounted-volume workload outputs are complete and data-checked
