PASS: requested mounted-volume workload outputs are complete and data-checked
Verified inode-stamp-probe-bfs-first
PASS: requested mounted-volume workload outputs are complete and data-checked
Verified inode-stamp-probe-pfs3-first
PASS: requested mounted-volume workload outputs are complete and data-checked
Verified inode-stamp-normal-baseline-bfs-first
PASS: requested mounted-volume workload outputs are complete and data-checked
Verified inode-stamp-normal-candidate-pfs3-first
PASS: requested mounted-volume workload outputs are complete and data-checked
Verified inode-stamp-normal-baseline-pfs3-first
PASS: requested mounted-volume workload outputs are complete and data-checked
Verified inode-stamp-normal-candidate-bfs-first
PASS: requested mounted-volume workload outputs are complete and data-checked
Verified inode-stamp-normal-repeat-candidate-bfs-first
PASS: requested mounted-volume workload outputs are complete and data-checked
Verified inode-stamp-normal-repeat-baseline-pfs3-first
PASS: requested mounted-volume workload outputs are complete and data-checked
Verified inode-stamp-normal-repeat-candidate-pfs3-first
PASS: requested mounted-volume workload outputs are complete and data-checked
Verified inode-stamp-normal-repeat-baseline-bfs-first
