=== BFS vs PFS3 Benchmark (FS-UAE 68040) ===
Evidence directory: /home/fabian/.cache/bfs-performance/sparse-crc-2026-10-09.xN615F/candidate/build/benchmark/sparse-normal-20261009-sparse-3-bfs-first
Mode: compare
Timeout: 600s


=== Machine Info ===
# Machine Info
Kickstart 47.102, Workbench 47.2
System: 68040 68040/060-FPU   (INST: Cache Burst) (DATA: NoCache NoBurst)
Type  Available    In-Use   Maximum   Largest
chip    2028040     52728   2080768   2027968
fast    7686824    701784   8388608   7681768
total   9714864    754512  10469376   7681768


Mounted disks:
Unit      Size       Used       Free Full Errs   Status   Name
DF0       No disk present
DH0      4095M    4194304    4194303  50%   0  Read/Write System
DH1       255M         36      65372   0%   0  Read/Write BFSTest
DH2       Not a DOS disk

Volumes available:
BFSTest [Mounted]
System [Mounted]

=== BFS Results ===
FS_COMPARE_BENCH	4
DRIVE	DH1:
SMALL_CREATE_40_US	32383
LOOKUP_400_US	76608
SMALL_READ_40_US	22080
LIST_EXNEXT_400_US	45568
LIST_EXALL_400_US	9023
SEQ_WRITE_8M_US	40961
SEQ_READ_8M_US	262335
SMALL_DELETE_40_US	17728
APPEND_4K_1M_US	103615
APPEND_1K_256K_US	101825
APPEND_READ_1280K_US	44031
LIST_EXNEXT_40_ENTRIES_FIRST_PASS_US	6080
LIST_EXNEXT_40_ENTRIES_REPEAT10_TOTAL_US	33216
LIST_EXALL_40_ENTRIES_FIRST_PASS_US	3457
LIST_EXALL_40_ENTRIES_REPEAT10_TOTAL_US	10303
LIST_EXNEXT_400_ENTRIES_FIRST_PASS_US	54337
LIST_EXNEXT_400_ENTRIES_REPEAT10_TOTAL_US	551610
LIST_EXALL_400_ENTRIES_FIRST_PASS_US	30655
LIST_EXALL_400_ENTRIES_REPEAT10_TOTAL_US	351678
LIST_EXNEXT_1000_ENTRIES_FIRST_PASS_US	135869
LIST_EXNEXT_1000_ENTRIES_REPEAT10_TOTAL_US	1434232
LIST_EXALL_1000_ENTRIES_FIRST_PASS_US	74432
LIST_EXALL_1000_ENTRIES_REPEAT10_TOTAL_US	748092
PASS	1

=== PFS3 Results ===
FS_COMPARE_BENCH	4
DRIVE	DH2:
SMALL_CREATE_40_US	17343
LOOKUP_400_US	69057
SMALL_READ_40_US	13886
LIST_EXNEXT_400_US	12415
LIST_EXALL_400_US	2432
SEQ_WRITE_8M_US	43901
SEQ_READ_8M_US	259326
SMALL_DELETE_40_US	8257
APPEND_4K_1M_US	32448
APPEND_1K_256K_US	23488
APPEND_READ_1280K_US	41151
LIST_EXNEXT_40_ENTRIES_FIRST_PASS_US	1920
LIST_EXNEXT_40_ENTRIES_REPEAT10_TOTAL_US	12160
LIST_EXALL_40_ENTRIES_FIRST_PASS_US	512
LIST_EXALL_40_ENTRIES_REPEAT10_TOTAL_US	2496
LIST_EXNEXT_400_ENTRIES_FIRST_PASS_US	13440
LIST_EXNEXT_400_ENTRIES_REPEAT10_TOTAL_US	115328
LIST_EXALL_400_ENTRIES_FIRST_PASS_US	2880
LIST_EXALL_400_ENTRIES_REPEAT10_TOTAL_US	20608
LIST_EXNEXT_1000_ENTRIES_FIRST_PASS_US	32256
LIST_EXNEXT_1000_ENTRIES_REPEAT10_TOTAL_US	285823
LIST_EXALL_1000_ENTRIES_FIRST_PASS_US	6720
LIST_EXALL_1000_ENTRIES_REPEAT10_TOTAL_US	57728
PASS	1
PASS: requested mounted-volume workload outputs are complete and data-checked
