=== BFS vs PFS3 Benchmark (FS-UAE 68040) ===
Evidence directory: /home/fabian/.cache/bfs-performance/write-guard-2026-10-09.qG6xKe/results/write-guard-normal-base-2-pfs3-first
Mode: compare
Timeout: 600s


=== Machine Info ===
# Machine Info
Kickstart 47.102, Workbench 47.2
System: 68040 68040/060-FPU   (INST: Cache Burst) (DATA: NoCache NoBurst)
Type  Available    In-Use   Maximum   Largest
chip    2028040     52728   2080768   2027968
fast    7686824    701784   8388608   7681768
total   9714864    754512  10469376   7681768


Mounted disks:
Unit      Size       Used       Free Full Errs   Status   Name
DF0       No disk present
DH0      4095M    4194304    4194303  50%   0  Read/Write System
DH1       255M         36      65372   0%   0  Read/Write BFSTest
DH2       Not a DOS disk

Volumes available:
BFSTest [Mounted]
System [Mounted]

=== BFS Results ===
FS_COMPARE_BENCH	4
DRIVE	DH1:
SMALL_CREATE_40_US	29247
LOOKUP_400_US	76415
SMALL_READ_40_US	29504
LIST_EXNEXT_400_US	33919
LIST_EXALL_400_US	8897
SEQ_WRITE_8M_US	37377
SEQ_READ_8M_US	265534
SMALL_DELETE_40_US	17600
APPEND_4K_1M_US	82175
APPEND_1K_256K_US	144126
APPEND_READ_1280K_US	49535
LIST_EXNEXT_40_ENTRIES_FIRST_PASS_US	5569
LIST_EXNEXT_40_ENTRIES_REPEAT10_TOTAL_US	31807
LIST_EXALL_40_ENTRIES_FIRST_PASS_US	3264
LIST_EXALL_40_ENTRIES_REPEAT10_TOTAL_US	9664
LIST_EXNEXT_400_ENTRIES_FIRST_PASS_US	49983
LIST_EXNEXT_400_ENTRIES_REPEAT10_TOTAL_US	538492
LIST_EXALL_400_ENTRIES_FIRST_PASS_US	31295
LIST_EXALL_400_ENTRIES_REPEAT10_TOTAL_US	308413
LIST_EXNEXT_1000_ENTRIES_FIRST_PASS_US	133182
LIST_EXNEXT_1000_ENTRIES_REPEAT10_TOTAL_US	1442615
LIST_EXALL_1000_ENTRIES_FIRST_PASS_US	77248
LIST_EXALL_1000_ENTRIES_REPEAT10_TOTAL_US	788668
PASS	1

=== PFS3 Results ===
FS_COMPARE_BENCH	4
DRIVE	DH2:
SMALL_CREATE_40_US	17726
LOOKUP_400_US	76351
SMALL_READ_40_US	20417
LIST_EXNEXT_400_US	11840
LIST_EXALL_400_US	2433
SEQ_WRITE_8M_US	37550
SEQ_READ_8M_US	279805
SMALL_DELETE_40_US	9664
APPEND_4K_1M_US	33536
APPEND_1K_256K_US	22977
APPEND_READ_1280K_US	40769
LIST_EXNEXT_40_ENTRIES_FIRST_PASS_US	1600
LIST_EXNEXT_40_ENTRIES_REPEAT10_TOTAL_US	11905
LIST_EXALL_40_ENTRIES_FIRST_PASS_US	704
LIST_EXALL_40_ENTRIES_REPEAT10_TOTAL_US	2625
LIST_EXNEXT_400_ENTRIES_FIRST_PASS_US	12480
LIST_EXNEXT_400_ENTRIES_REPEAT10_TOTAL_US	112255
LIST_EXALL_400_ENTRIES_FIRST_PASS_US	2752
LIST_EXALL_400_ENTRIES_REPEAT10_TOTAL_US	20608
LIST_EXNEXT_1000_ENTRIES_FIRST_PASS_US	32893
LIST_EXNEXT_1000_ENTRIES_REPEAT10_TOTAL_US	324862
LIST_EXALL_1000_ENTRIES_FIRST_PASS_US	6527
LIST_EXALL_1000_ENTRIES_REPEAT10_TOTAL_US	50368
PASS	1
PASS: requested mounted-volume workload outputs are complete and data-checked
