=== BFS vs PFS3 Benchmark (FS-UAE 68040) ===
Evidence directory: /home/fabian/.cache/bfs-performance/metadata-2026-10-08.QvzB5w/build/benchmark/metadata-v4-c8-20261008-m2-4-pfs3-first
Mode: compare
Timeout: 600s


=== Machine Info ===
# Machine Info
Kickstart 47.102, Workbench 47.2
System: 68040 68040/060-FPU   (INST: Cache Burst) (DATA: NoCache NoBurst)
Type  Available    In-Use   Maximum   Largest
chip    2028040     52728   2080768   2027968
fast    7690976    697632   8388608   7685936
total   9719016    750360  10469376   7685936


Mounted disks:
Unit      Size       Used       Free Full Errs   Status   Name
DF0       No disk present
DH0      4095M    4194304    4194303  50%   0  Read/Write System
DH1       255M         36      65372   0%   0  Read/Write BFSTest
DH2       Not a DOS disk

Volumes available:
BFSTest [Mounted]
System [Mounted]

=== BFS Results ===
FS_COMPARE_BENCH	4
DRIVE	DH1:
SMALL_CREATE_40_US	28864
LOOKUP_400_US	75711
SMALL_READ_40_US	20800
LIST_EXNEXT_400_US	31743
LIST_EXALL_400_US	8447
SEQ_WRITE_8M_US	38976
SEQ_READ_8M_US	262847
SMALL_DELETE_40_US	17279
APPEND_4K_1M_US	107392
APPEND_1K_256K_US	87871
APPEND_READ_1280K_US	47616
LIST_EXNEXT_40_ENTRIES_FIRST_PASS_US	6848
LIST_EXNEXT_40_ENTRIES_REPEAT10_TOTAL_US	32960
LIST_EXALL_40_ENTRIES_FIRST_PASS_US	4416
LIST_EXALL_40_ENTRIES_REPEAT10_TOTAL_US	10689
LIST_EXNEXT_400_ENTRIES_FIRST_PASS_US	72256
LIST_EXNEXT_400_ENTRIES_REPEAT10_TOTAL_US	662331
LIST_EXALL_400_ENTRIES_FIRST_PASS_US	48256
LIST_EXALL_400_ENTRIES_REPEAT10_TOTAL_US	404287
LIST_EXNEXT_1000_ENTRIES_FIRST_PASS_US	166784
LIST_EXNEXT_1000_ENTRIES_REPEAT10_TOTAL_US	1711799
LIST_EXALL_1000_ENTRIES_FIRST_PASS_US	95934
LIST_EXALL_1000_ENTRIES_REPEAT10_TOTAL_US	1081978
PASS	1

=== PFS3 Results ===
FS_COMPARE_BENCH	4
DRIVE	DH2:
SMALL_CREATE_40_US	16960
LOOKUP_400_US	67968
SMALL_READ_40_US	13760
LIST_EXNEXT_400_US	11903
LIST_EXALL_400_US	2560
SEQ_WRITE_8M_US	41856
SEQ_READ_8M_US	264702
SMALL_DELETE_40_US	7809
APPEND_4K_1M_US	32640
APPEND_1K_256K_US	23105
APPEND_READ_1280K_US	41217
LIST_EXNEXT_40_ENTRIES_FIRST_PASS_US	2536
LIST_EXNEXT_40_ENTRIES_REPEAT10_TOTAL_US	11903
LIST_EXALL_40_ENTRIES_FIRST_PASS_US	705
LIST_EXALL_40_ENTRIES_REPEAT10_TOTAL_US	2432
LIST_EXNEXT_400_ENTRIES_FIRST_PASS_US	16601
LIST_EXNEXT_400_ENTRIES_REPEAT10_TOTAL_US	121471
LIST_EXALL_400_ENTRIES_FIRST_PASS_US	3840
LIST_EXALL_400_ENTRIES_REPEAT10_TOTAL_US	30783
LIST_EXNEXT_1000_ENTRIES_FIRST_PASS_US	33728
LIST_EXNEXT_1000_ENTRIES_REPEAT10_TOTAL_US	316670
LIST_EXALL_1000_ENTRIES_FIRST_PASS_US	6655
LIST_EXALL_1000_ENTRIES_REPEAT10_TOTAL_US	50557
PASS	1
PASS: requested mounted-volume workload outputs are complete and data-checked
