=== BFS vs PFS3 Benchmark (FS-UAE 68040) ===
Evidence directory: /home/fabian/.cache/bfs-performance/append-attr-2026-10-10.XtdDJw/results/append-prod-2-pfs3-first-ref
Mode: compare
Timeout: 600s


=== Machine Info ===
# Machine Info
Kickstart 47.102, Workbench 47.2
System: 68040 68040/060-FPU   (INST: Cache Burst) (DATA: NoCache NoBurst)
Type  Available    In-Use   Maximum   Largest
chip    2028040     52728   2080768   2027968
fast    7532616    855992   8388608   7527544
total   9560656    908720  10469376   7527544


Mounted disks:
Unit      Size       Used       Free Full Errs   Status   Name
DF0       No disk present
DH0      4095M    4194304    4194303  50%   0  Read/Write System
DH1       255M         36      65372   0%   0  Read/Write BFSTest
DH2       Not a DOS disk

Volumes available:
BFSTest [Mounted]
System [Mounted]

=== BFS Results ===
FS_COMPARE_BENCH	4
DRIVE	DH1:
SMALL_CREATE_40_US	55808
LOOKUP_400_US	137151
SMALL_READ_40_US	29633
LIST_EXNEXT_400_US	50943
LIST_EXALL_400_US	7934
SEQ_WRITE_8M_US	30272
SEQ_READ_8M_US	267842
SMALL_DELETE_40_US	18809
APPEND_4K_1M_US	54913
APPEND_1K_256K_US	44352
APPEND_READ_1280K_US	44031
LIST_EXNEXT_40_ENTRIES_FIRST_PASS_US	4542
LIST_EXNEXT_40_ENTRIES_REPEAT10_TOTAL_US	53759
LIST_EXALL_40_ENTRIES_FIRST_PASS_US	2880
LIST_EXALL_40_ENTRIES_REPEAT10_TOTAL_US	8877
LIST_EXNEXT_400_ENTRIES_FIRST_PASS_US	40128
LIST_EXNEXT_400_ENTRIES_REPEAT10_TOTAL_US	292799
LIST_EXALL_400_ENTRIES_FIRST_PASS_US	17856
LIST_EXALL_400_ENTRIES_REPEAT10_TOTAL_US	79295
LIST_EXNEXT_1000_ENTRIES_FIRST_PASS_US	104703
LIST_EXNEXT_1000_ENTRIES_REPEAT10_TOTAL_US	736061
LIST_EXALL_1000_ENTRIES_FIRST_PASS_US	41345
LIST_EXALL_1000_ENTRIES_REPEAT10_TOTAL_US	211007
PASS	1

=== PFS3 Results ===
FS_COMPARE_BENCH	4
DRIVE	DH2:
SMALL_CREATE_40_US	17408
LOOKUP_400_US	65856
SMALL_READ_40_US	15040
LIST_EXNEXT_400_US	11840
LIST_EXALL_400_US	2625
SEQ_WRITE_8M_US	40894
SEQ_READ_8M_US	263871
SMALL_DELETE_40_US	7873
APPEND_4K_1M_US	33920
APPEND_1K_256K_US	23295
APPEND_READ_1280K_US	40768
LIST_EXNEXT_40_ENTRIES_FIRST_PASS_US	1664
LIST_EXNEXT_40_ENTRIES_REPEAT10_TOTAL_US	12224
LIST_EXALL_40_ENTRIES_FIRST_PASS_US	513
LIST_EXALL_40_ENTRIES_REPEAT10_TOTAL_US	2495
LIST_EXNEXT_400_ENTRIES_FIRST_PASS_US	12800
LIST_EXNEXT_400_ENTRIES_REPEAT10_TOTAL_US	112703
LIST_EXALL_400_ENTRIES_FIRST_PASS_US	2816
LIST_EXALL_400_ENTRIES_REPEAT10_TOTAL_US	20800
LIST_EXNEXT_1000_ENTRIES_FIRST_PASS_US	37568
LIST_EXNEXT_1000_ENTRIES_REPEAT10_TOTAL_US	282942
LIST_EXALL_1000_ENTRIES_FIRST_PASS_US	6552
LIST_EXALL_1000_ENTRIES_REPEAT10_TOTAL_US	99519
PASS	1
PASS: requested mounted-volume workload outputs are complete and data-checked
