=== BFS vs PFS3 Benchmark (FS-UAE 68040) ===
Evidence directory: /home/fabian/.cache/bfs-performance/splitbatch-2026-10-10.USYRpP/results/splitbatch-2-pfs3-first-split
Mode: compare
Timeout: 600s


=== Machine Info ===
# Machine Info
Kickstart 47.102, Workbench 47.2
System: 68040 68040/060-FPU   (INST: Cache Burst) (DATA: NoCache NoBurst)
Type  Available    In-Use   Maximum   Largest
chip    2028040     52728   2080768   2027968
fast    7531224    857384   8388608   7526160
total   9559264    910112  10469376   7526160


Mounted disks:
Unit      Size       Used       Free Full Errs   Status   Name
DF0       No disk present
DH0      4095M    4194304    4194303  50%   0  Read/Write System
DH1       255M         36      65372   0%   0  Read/Write BFSTest
DH2       Not a DOS disk

Volumes available:
BFSTest [Mounted]
System [Mounted]

=== BFS Results ===
FS_COMPARE_BENCH	4
DRIVE	DH1:
SMALL_CREATE_40_US	29951
LOOKUP_400_US	59394
SMALL_READ_40_US	18176
LIST_EXNEXT_400_US	20415
LIST_EXALL_400_US	8063
SEQ_WRITE_8M_US	35775
SEQ_READ_8M_US	269059
SMALL_DELETE_40_US	13503
APPEND_4K_1M_US	53440
APPEND_1K_256K_US	44543
APPEND_READ_1280K_US	45631
LIST_EXNEXT_40_ENTRIES_FIRST_PASS_US	3327
LIST_EXNEXT_40_ENTRIES_REPEAT10_TOTAL_US	21695
LIST_EXALL_40_ENTRIES_FIRST_PASS_US	2112
LIST_EXALL_40_ENTRIES_REPEAT10_TOTAL_US	8768
LIST_EXNEXT_400_ENTRIES_FIRST_PASS_US	28992
LIST_EXNEXT_400_ENTRIES_REPEAT10_TOTAL_US	211326
LIST_EXALL_400_ENTRIES_FIRST_PASS_US	15295
LIST_EXALL_400_ENTRIES_REPEAT10_TOTAL_US	88576
LIST_EXNEXT_1000_ENTRIES_FIRST_PASS_US	72894
LIST_EXNEXT_1000_ENTRIES_REPEAT10_TOTAL_US	544766
LIST_EXALL_1000_ENTRIES_FIRST_PASS_US	36799
LIST_EXALL_1000_ENTRIES_REPEAT10_TOTAL_US	191231
PASS	1

=== PFS3 Results ===
FS_COMPARE_BENCH	4
DRIVE	DH2:
SMALL_CREATE_40_US	17280
LOOKUP_400_US	66368
SMALL_READ_40_US	14080
LIST_EXNEXT_400_US	12928
LIST_EXALL_400_US	3775
SEQ_WRITE_8M_US	49856
SEQ_READ_8M_US	258750
SMALL_DELETE_40_US	8000
APPEND_4K_1M_US	32703
APPEND_1K_256K_US	24703
APPEND_READ_1280K_US	40191
LIST_EXNEXT_40_ENTRIES_FIRST_PASS_US	1535
LIST_EXNEXT_40_ENTRIES_REPEAT10_TOTAL_US	12480
LIST_EXALL_40_ENTRIES_FIRST_PASS_US	640
LIST_EXALL_40_ENTRIES_REPEAT10_TOTAL_US	2495
LIST_EXNEXT_400_ENTRIES_FIRST_PASS_US	13248
LIST_EXNEXT_400_ENTRIES_REPEAT10_TOTAL_US	114048
LIST_EXALL_400_ENTRIES_FIRST_PASS_US	2752
LIST_EXALL_400_ENTRIES_REPEAT10_TOTAL_US	20350
LIST_EXNEXT_1000_ENTRIES_FIRST_PASS_US	33088
LIST_EXNEXT_1000_ENTRIES_REPEAT10_TOTAL_US	294973
LIST_EXALL_1000_ENTRIES_FIRST_PASS_US	7680
LIST_EXALL_1000_ENTRIES_REPEAT10_TOTAL_US	50943
PASS	1
PASS: requested mounted-volume workload outputs are complete and data-checked
