=== BFS vs PFS3 Benchmark (FS-UAE 68040) ===
Evidence directory: /home/fabian/.cache/bfs-performance/metabound-2026-10-10.kPl0jg/results/metabound-3-bfs-first-bound
Mode: compare
Timeout: 600s


=== Machine Info ===
# Machine Info
Kickstart 47.102, Workbench 47.2
System: 68040 68040/060-FPU   (INST: Cache Burst) (DATA: NoCache NoBurst)
Type  Available    In-Use   Maximum   Largest
chip    2028040     52728   2080768   2027968
fast    7534792    853816   8388608   7529704
total   9562832    906544  10469376   7529704


Mounted disks:
Unit      Size       Used       Free Full Errs   Status   Name
DF0       No disk present
DH0      4095M    4194304    4194303  50%   0  Read/Write System
DH1       255M         36      65372   0%   0  Read/Write BFSTest
DH2       Not a DOS disk

Volumes available:
BFSTest [Mounted]
System [Mounted]

=== BFS Results ===
FS_COMPARE_BENCH	4
DRIVE	DH1:
SMALL_CREATE_40_US	30591
LOOKUP_400_US	60223
SMALL_READ_40_US	18113
LIST_EXNEXT_400_US	39360
LIST_EXALL_400_US	9473
SEQ_WRITE_8M_US	47469
SEQ_READ_8M_US	272126
SMALL_DELETE_40_US	14017
APPEND_4K_1M_US	67519
APPEND_1K_256K_US	59071
APPEND_READ_1280K_US	44799
LIST_EXNEXT_40_ENTRIES_FIRST_PASS_US	3840
LIST_EXNEXT_40_ENTRIES_REPEAT10_TOTAL_US	24063
LIST_EXALL_40_ENTRIES_FIRST_PASS_US	1112
LIST_EXALL_40_ENTRIES_REPEAT10_TOTAL_US	5375
LIST_EXNEXT_400_ENTRIES_FIRST_PASS_US	28480
LIST_EXNEXT_400_ENTRIES_REPEAT10_TOTAL_US	241599
LIST_EXALL_400_ENTRIES_FIRST_PASS_US	9983
LIST_EXALL_400_ENTRIES_REPEAT10_TOTAL_US	69951
LIST_EXNEXT_1000_ENTRIES_FIRST_PASS_US	82368
LIST_EXNEXT_1000_ENTRIES_REPEAT10_TOTAL_US	588862
LIST_EXALL_1000_ENTRIES_FIRST_PASS_US	22398
LIST_EXALL_1000_ENTRIES_REPEAT10_TOTAL_US	115648
PASS	1

=== PFS3 Results ===
FS_COMPARE_BENCH	4
DRIVE	DH2:
SMALL_CREATE_40_US	17408
LOOKUP_400_US	80128
SMALL_READ_40_US	13823
LIST_EXNEXT_400_US	11840
LIST_EXALL_400_US	2432
SEQ_WRITE_8M_US	37953
SEQ_READ_8M_US	256062
SMALL_DELETE_40_US	7935
APPEND_4K_1M_US	34560
APPEND_1K_256K_US	23936
APPEND_READ_1280K_US	41280
LIST_EXNEXT_40_ENTRIES_FIRST_PASS_US	1600
LIST_EXNEXT_40_ENTRIES_REPEAT10_TOTAL_US	12223
LIST_EXALL_40_ENTRIES_FIRST_PASS_US	576
LIST_EXALL_40_ENTRIES_REPEAT10_TOTAL_US	2496
LIST_EXNEXT_400_ENTRIES_FIRST_PASS_US	12800
LIST_EXNEXT_400_ENTRIES_REPEAT10_TOTAL_US	113536
LIST_EXALL_400_ENTRIES_FIRST_PASS_US	2816
LIST_EXALL_400_ENTRIES_REPEAT10_TOTAL_US	23040
LIST_EXNEXT_1000_ENTRIES_FIRST_PASS_US	38977
LIST_EXNEXT_1000_ENTRIES_REPEAT10_TOTAL_US	298045
LIST_EXALL_1000_ENTRIES_FIRST_PASS_US	7745
LIST_EXALL_1000_ENTRIES_REPEAT10_TOTAL_US	50048
PASS	1
PASS: requested mounted-volume workload outputs are complete and data-checked
