=== BFS vs PFS3 Benchmark (FS-UAE 68040) ===
Evidence directory: /home/fabian/.cache/bfs-performance/sparse-crc-2026-10-09.xN615F/candidate/build/benchmark/sparse-confirmation-20261009/confirm-durable-sparse-7-bfs-first
Mode: durable-compare
Timeout: 600s


=== Machine Info ===
# Machine Info
Kickstart 47.102, Workbench 47.2
System: 68040 68040/060-FPU   (INST: Cache Burst) (DATA: NoCache NoBurst)
Type  Available    In-Use   Maximum   Largest
chip    2028040     52728   2080768   2027968
fast    7686824    701784   8388608   7681768
total   9714864    754512  10469376   7681768


Mounted disks:
Unit      Size       Used       Free Full Errs   Status   Name
DF0       No disk present
DH0      4095M    4194304    4194303  50%   0  Read/Write System
DH1       255M         36      65372   0%   0  Read/Write BFSTest
DH2       Not a DOS disk

Volumes available:
BFSTest [Mounted]
System [Mounted]

=== BFS Results ===
FS_DURABLE_COMPARE	4
DRIVE	DH1:
SMALL_CREATE_40_US	33983
LOOKUP_400_US	90688
SMALL_READ_40_US	21247
LIST_EXNEXT_400_US	35200
LIST_EXALL_400_US	9728
SEQ_WRITE_8M_US	47166
SEQ_READ_8M_US	287485
SMALL_DELETE_40_US	38463
APPEND_4K_1M_US	104128
APPEND_1K_256K_US	84095
APPEND_READ_1280K_US	55296
LIST_EXNEXT_40_ENTRIES_FIRST_PASS_US	6400
LIST_EXNEXT_40_ENTRIES_REPEAT10_TOTAL_US	31935
LIST_EXALL_40_ENTRIES_FIRST_PASS_US	3584
LIST_EXALL_40_ENTRIES_REPEAT10_TOTAL_US	9536
LIST_EXNEXT_400_ENTRIES_FIRST_PASS_US	51199
LIST_EXNEXT_400_ENTRIES_REPEAT10_TOTAL_US	519293
LIST_EXALL_400_ENTRIES_FIRST_PASS_US	30655
LIST_EXALL_400_ENTRIES_REPEAT10_TOTAL_US	319038
LIST_EXNEXT_1000_ENTRIES_FIRST_PASS_US	142656
LIST_EXNEXT_1000_ENTRIES_REPEAT10_TOTAL_US	1416632
LIST_EXALL_1000_ENTRIES_FIRST_PASS_US	78783
LIST_EXALL_1000_ENTRIES_REPEAT10_TOTAL_US	760956
PASS	1

=== PFS3 Results ===
FS_DURABLE_COMPARE	4
DRIVE	DH2:
SMALL_CREATE_40_US	18624
LOOKUP_400_US	67712
SMALL_READ_40_US	14528
LIST_EXNEXT_400_US	12480
LIST_EXALL_400_US	2558
SEQ_WRITE_8M_US	42751
SEQ_READ_8M_US	306112
SMALL_DELETE_40_US	8768
APPEND_4K_1M_US	38720
APPEND_1K_256K_US	25855
APPEND_READ_1280K_US	41279
LIST_EXNEXT_40_ENTRIES_FIRST_PASS_US	1600
LIST_EXNEXT_40_ENTRIES_REPEAT10_TOTAL_US	13118
LIST_EXALL_40_ENTRIES_FIRST_PASS_US	704
LIST_EXALL_40_ENTRIES_REPEAT10_TOTAL_US	2558
LIST_EXNEXT_400_ENTRIES_FIRST_PASS_US	14271
LIST_EXNEXT_400_ENTRIES_REPEAT10_TOTAL_US	117568
LIST_EXALL_400_ENTRIES_FIRST_PASS_US	2943
LIST_EXALL_400_ENTRIES_REPEAT10_TOTAL_US	21120
LIST_EXNEXT_1000_ENTRIES_FIRST_PASS_US	33919
LIST_EXNEXT_1000_ENTRIES_REPEAT10_TOTAL_US	290367
LIST_EXALL_1000_ENTRIES_FIRST_PASS_US	6591
LIST_EXALL_1000_ENTRIES_REPEAT10_TOTAL_US	51200
PASS	1
PASS: requested mounted-volume workload outputs are complete and data-checked
