=== BFS vs PFS3 Benchmark (FS-UAE 68040) ===
Evidence directory: /home/fabian/.cache/bfs-performance/status-2026-10-10.NvWrOR/results/status-6-pfs3-first-base
Mode: compare
Timeout: 600s


=== Machine Info ===
# Machine Info
Kickstart 47.102, Workbench 47.2
System: 68040 68040/060-FPU   (INST: Cache Burst) (DATA: NoCache NoBurst)
Type  Available    In-Use   Maximum   Largest
chip    2028040     52728   2080768   2027968
fast    7533080    855528   8388608   7528008
total   9561120    908256  10469376   7528008


Mounted disks:
Unit      Size       Used       Free Full Errs   Status   Name
DF0       No disk present
DH0      4095M    4194304    4194303  50%   0  Read/Write System
DH1       255M         36      65372   0%   0  Read/Write BFSTest
DH2       Not a DOS disk

Volumes available:
BFSTest [Mounted]
System [Mounted]

=== BFS Results ===
FS_COMPARE_BENCH	4
DRIVE	DH1:
SMALL_CREATE_40_US	30911
LOOKUP_400_US	61823
SMALL_READ_40_US	18048
LIST_EXNEXT_400_US	28095
LIST_EXALL_400_US	7808
SEQ_WRITE_8M_US	37695
SEQ_READ_8M_US	273598
SMALL_DELETE_40_US	14657
APPEND_4K_1M_US	67968
APPEND_1K_256K_US	57408
APPEND_READ_1280K_US	44489
LIST_EXNEXT_40_ENTRIES_FIRST_PASS_US	4646
LIST_EXNEXT_40_ENTRIES_REPEAT10_TOTAL_US	28991
LIST_EXALL_40_ENTRIES_FIRST_PASS_US	1858
LIST_EXALL_40_ENTRIES_REPEAT10_TOTAL_US	9025
LIST_EXNEXT_400_ENTRIES_FIRST_PASS_US	38208
LIST_EXNEXT_400_ENTRIES_REPEAT10_TOTAL_US	300670
LIST_EXALL_400_ENTRIES_FIRST_PASS_US	15808
LIST_EXALL_400_ENTRIES_REPEAT10_TOTAL_US	80063
LIST_EXNEXT_1000_ENTRIES_FIRST_PASS_US	91839
LIST_EXNEXT_1000_ENTRIES_REPEAT10_TOTAL_US	750140
LIST_EXALL_1000_ENTRIES_FIRST_PASS_US	40065
LIST_EXALL_1000_ENTRIES_REPEAT10_TOTAL_US	202368
PASS	1

=== PFS3 Results ===
FS_COMPARE_BENCH	4
DRIVE	DH2:
SMALL_CREATE_40_US	16640
LOOKUP_400_US	67326
SMALL_READ_40_US	13438
LIST_EXNEXT_400_US	11964
LIST_EXALL_400_US	4545
SEQ_WRITE_8M_US	49983
SEQ_READ_8M_US	255870
SMALL_DELETE_40_US	7809
APPEND_4K_1M_US	33024
APPEND_1K_256K_US	23040
APPEND_READ_1280K_US	41218
LIST_EXNEXT_40_ENTRIES_FIRST_PASS_US	1537
LIST_EXNEXT_40_ENTRIES_REPEAT10_TOTAL_US	11905
LIST_EXALL_40_ENTRIES_FIRST_PASS_US	512
LIST_EXALL_40_ENTRIES_REPEAT10_TOTAL_US	2495
LIST_EXNEXT_400_ENTRIES_FIRST_PASS_US	12608
LIST_EXNEXT_400_ENTRIES_REPEAT10_TOTAL_US	113216
LIST_EXALL_400_ENTRIES_FIRST_PASS_US	2688
LIST_EXALL_400_ENTRIES_REPEAT10_TOTAL_US	20607
LIST_EXNEXT_1000_ENTRIES_FIRST_PASS_US	30912
LIST_EXNEXT_1000_ENTRIES_REPEAT10_TOTAL_US	294078
LIST_EXALL_1000_ENTRIES_FIRST_PASS_US	6400
LIST_EXALL_1000_ENTRIES_REPEAT10_TOTAL_US	50795
PASS	1
PASS: requested mounted-volume workload outputs are complete and data-checked
