=== BFS vs PFS3 Benchmark (FS-UAE 68040) ===
Evidence directory: /home/fabian/.cache/bfs-performance/floor-resident-2026-10-09.mJFQvl/results/floor-durable-candidate-2-pfs3-first
Mode: durable-compare
Timeout: 600s


=== Machine Info ===
# Machine Info
Kickstart 47.102, Workbench 47.2
System: 68040 68040/060-FPU   (INST: Cache Burst) (DATA: NoCache NoBurst)
Type  Available    In-Use   Maximum   Largest
chip    2028040     52728   2080768   2027968
fast    7686656    701952   8388608   7681544
total   9714696    754680  10469376   7681544


Mounted disks:
Unit      Size       Used       Free Full Errs   Status   Name
DF0       No disk present
DH0      4095M    4194304    4194303  50%   0  Read/Write System
DH1       255M         36      65372   0%   0  Read/Write BFSTest
DH2       Not a DOS disk

Volumes available:
BFSTest [Mounted]
System [Mounted]

=== BFS Results ===
FS_DURABLE_COMPARE	4
DRIVE	DH1:
SMALL_CREATE_40_US	30848
LOOKUP_400_US	76224
SMALL_READ_40_US	19121
LIST_EXNEXT_400_US	31105
LIST_EXALL_400_US	9215
SEQ_WRITE_8M_US	40831
SEQ_READ_8M_US	263358
SMALL_DELETE_40_US	20351
APPEND_4K_1M_US	73441
APPEND_1K_256K_US	62975
APPEND_READ_1280K_US	43457
LIST_EXNEXT_40_ENTRIES_FIRST_PASS_US	7168
LIST_EXNEXT_40_ENTRIES_REPEAT10_TOTAL_US	31935
LIST_EXALL_40_ENTRIES_FIRST_PASS_US	3071
LIST_EXALL_40_ENTRIES_REPEAT10_TOTAL_US	9537
LIST_EXNEXT_400_ENTRIES_FIRST_PASS_US	49086
LIST_EXNEXT_400_ENTRIES_REPEAT10_TOTAL_US	529532
LIST_EXALL_400_ENTRIES_FIRST_PASS_US	31360
LIST_EXALL_400_ENTRIES_REPEAT10_TOTAL_US	304254
LIST_EXNEXT_1000_ENTRIES_FIRST_PASS_US	134336
LIST_EXNEXT_1000_ENTRIES_REPEAT10_TOTAL_US	1346936
LIST_EXALL_1000_ENTRIES_FIRST_PASS_US	85951
LIST_EXALL_1000_ENTRIES_REPEAT10_TOTAL_US	795450
PASS	1

=== PFS3 Results ===
FS_DURABLE_COMPARE	4
DRIVE	DH2:
SMALL_CREATE_40_US	17216
LOOKUP_400_US	67583
SMALL_READ_40_US	14337
LIST_EXNEXT_400_US	12450
LIST_EXALL_400_US	2496
SEQ_WRITE_8M_US	37984
SEQ_READ_8M_US	266879
SMALL_DELETE_40_US	8640
APPEND_4K_1M_US	33408
APPEND_1K_256K_US	23999
APPEND_READ_1280K_US	40960
LIST_EXNEXT_40_ENTRIES_FIRST_PASS_US	1600
LIST_EXNEXT_40_ENTRIES_REPEAT10_TOTAL_US	13119
LIST_EXALL_40_ENTRIES_FIRST_PASS_US	640
LIST_EXALL_40_ENTRIES_REPEAT10_TOTAL_US	2495
LIST_EXNEXT_400_ENTRIES_FIRST_PASS_US	13313
LIST_EXNEXT_400_ENTRIES_REPEAT10_TOTAL_US	115648
LIST_EXALL_400_ENTRIES_FIRST_PASS_US	2815
LIST_EXALL_400_ENTRIES_REPEAT10_TOTAL_US	20672
LIST_EXNEXT_1000_ENTRIES_FIRST_PASS_US	31743
LIST_EXNEXT_1000_ENTRIES_REPEAT10_TOTAL_US	297470
LIST_EXALL_1000_ENTRIES_FIRST_PASS_US	6528
LIST_EXALL_1000_ENTRIES_REPEAT10_TOTAL_US	50734
PASS	1
PASS: requested mounted-volume workload outputs are complete and data-checked
