=== BFS vs PFS3 Benchmark (FS-UAE 68040) ===
Evidence directory: /home/fabian/.cache/bfs-performance/sparse-crc-2026-10-09.xN615F/candidate/build/benchmark/sparse-confirmation-20261009/confirm-durable-sparse-3-bfs-first
Mode: durable-compare
Timeout: 600s


=== Machine Info ===
# Machine Info
Kickstart 47.102, Workbench 47.2
System: 68040 68040/060-FPU   (INST: Cache Burst) (DATA: NoCache NoBurst)
Type  Available    In-Use   Maximum   Largest
chip    2028040     52728   2080768   2027968
fast    7686824    701784   8388608   7681768
total   9714864    754512  10469376   7681768


Mounted disks:
Unit      Size       Used       Free Full Errs   Status   Name
DF0       No disk present
DH0      4095M    4194304    4194303  50%   0  Read/Write System
DH1       255M         36      65372   0%   0  Read/Write BFSTest
DH2       Not a DOS disk

Volumes available:
BFSTest [Mounted]
System [Mounted]

=== BFS Results ===
FS_DURABLE_COMPARE	4
DRIVE	DH1:
SMALL_CREATE_40_US	33217
LOOKUP_400_US	82751
SMALL_READ_40_US	36991
LIST_EXNEXT_400_US	39552
LIST_EXALL_400_US	9069
SEQ_WRITE_8M_US	41151
SEQ_READ_8M_US	275647
SMALL_DELETE_40_US	20480
APPEND_4K_1M_US	77503
APPEND_1K_256K_US	97663
APPEND_READ_1280K_US	53503
LIST_EXNEXT_40_ENTRIES_FIRST_PASS_US	6336
LIST_EXNEXT_40_ENTRIES_REPEAT10_TOTAL_US	31488
LIST_EXALL_40_ENTRIES_FIRST_PASS_US	3966
LIST_EXALL_40_ENTRIES_REPEAT10_TOTAL_US	9472
LIST_EXNEXT_400_ENTRIES_FIRST_PASS_US	51968
LIST_EXNEXT_400_ENTRIES_REPEAT10_TOTAL_US	589373
LIST_EXALL_400_ENTRIES_FIRST_PASS_US	58686
LIST_EXALL_400_ENTRIES_REPEAT10_TOTAL_US	323070
LIST_EXNEXT_1000_ENTRIES_FIRST_PASS_US	138751
LIST_EXNEXT_1000_ENTRIES_REPEAT10_TOTAL_US	1387448
LIST_EXALL_1000_ENTRIES_FIRST_PASS_US	77761
LIST_EXALL_1000_ENTRIES_REPEAT10_TOTAL_US	783612
PASS	1

=== PFS3 Results ===
FS_DURABLE_COMPARE	4
DRIVE	DH2:
SMALL_CREATE_40_US	17792
LOOKUP_400_US	67392
SMALL_READ_40_US	17345
LIST_EXNEXT_400_US	15551
LIST_EXALL_400_US	3327
SEQ_WRITE_8M_US	52543
SEQ_READ_8M_US	272319
SMALL_DELETE_40_US	9088
APPEND_4K_1M_US	33728
APPEND_1K_256K_US	25280
APPEND_READ_1280K_US	41728
LIST_EXNEXT_40_ENTRIES_FIRST_PASS_US	1536
LIST_EXNEXT_40_ENTRIES_REPEAT10_TOTAL_US	12160
LIST_EXALL_40_ENTRIES_FIRST_PASS_US	576
LIST_EXALL_40_ENTRIES_REPEAT10_TOTAL_US	2560
LIST_EXNEXT_400_ENTRIES_FIRST_PASS_US	12928
LIST_EXNEXT_400_ENTRIES_REPEAT10_TOTAL_US	115775
LIST_EXALL_400_ENTRIES_FIRST_PASS_US	2878
LIST_EXALL_400_ENTRIES_REPEAT10_TOTAL_US	20608
LIST_EXNEXT_1000_ENTRIES_FIRST_PASS_US	32384
LIST_EXNEXT_1000_ENTRIES_REPEAT10_TOTAL_US	287807
LIST_EXALL_1000_ENTRIES_FIRST_PASS_US	7423
LIST_EXALL_1000_ENTRIES_REPEAT10_TOTAL_US	50495
PASS	1
PASS: requested mounted-volume workload outputs are complete and data-checked
