=== BFS vs PFS3 Benchmark (FS-UAE 68040) ===
Evidence directory: /home/fabian/.cache/bfs-performance/splitbatch-2026-10-10.USYRpP/results/splitbatch-7-bfs-first-ref
Mode: compare
Timeout: 600s


=== Machine Info ===
# Machine Info
Kickstart 47.102, Workbench 47.2
System: 68040 68040/060-FPU   (INST: Cache Burst) (DATA: NoCache NoBurst)
Type  Available    In-Use   Maximum   Largest
chip    2028040     52728   2080768   2027968
fast    7531240    857368   8388608   7526176
total   9559280    910096  10469376   7526176


Mounted disks:
Unit      Size       Used       Free Full Errs   Status   Name
DF0       No disk present
DH0      4095M    4194304    4194303  50%   0  Read/Write System
DH1       255M         36      65372   0%   0  Read/Write BFSTest
DH2       Not a DOS disk

Volumes available:
BFSTest [Mounted]
System [Mounted]

=== BFS Results ===
FS_COMPARE_BENCH	4
DRIVE	DH1:
SMALL_CREATE_40_US	30847
LOOKUP_400_US	58288
SMALL_READ_40_US	17408
LIST_EXNEXT_400_US	20031
LIST_EXALL_400_US	7745
SEQ_WRITE_8M_US	29695
SEQ_READ_8M_US	280446
SMALL_DELETE_40_US	13440
APPEND_4K_1M_US	54062
APPEND_1K_256K_US	43839
APPEND_READ_1280K_US	44543
LIST_EXNEXT_40_ENTRIES_FIRST_PASS_US	3776
LIST_EXNEXT_40_ENTRIES_REPEAT10_TOTAL_US	21503
LIST_EXALL_40_ENTRIES_FIRST_PASS_US	1792
LIST_EXALL_40_ENTRIES_REPEAT10_TOTAL_US	8640
LIST_EXNEXT_400_ENTRIES_FIRST_PASS_US	30143
LIST_EXNEXT_400_ENTRIES_REPEAT10_TOTAL_US	211455
LIST_EXALL_400_ENTRIES_FIRST_PASS_US	15489
LIST_EXALL_400_ENTRIES_REPEAT10_TOTAL_US	88576
LIST_EXNEXT_1000_ENTRIES_FIRST_PASS_US	73983
LIST_EXNEXT_1000_ENTRIES_REPEAT10_TOTAL_US	534525
LIST_EXALL_1000_ENTRIES_FIRST_PASS_US	39808
LIST_EXALL_1000_ENTRIES_REPEAT10_TOTAL_US	218559
PASS	1

=== PFS3 Results ===
FS_COMPARE_BENCH	4
DRIVE	DH2:
SMALL_CREATE_40_US	16127
LOOKUP_400_US	67903
SMALL_READ_40_US	18752
LIST_EXNEXT_400_US	14783
LIST_EXALL_400_US	2496
SEQ_WRITE_8M_US	39873
SEQ_READ_8M_US	260287
SMALL_DELETE_40_US	7808
APPEND_4K_1M_US	32192
APPEND_1K_256K_US	22792
APPEND_READ_1280K_US	41024
LIST_EXNEXT_40_ENTRIES_FIRST_PASS_US	1471
LIST_EXNEXT_40_ENTRIES_REPEAT10_TOTAL_US	11969
LIST_EXALL_40_ENTRIES_FIRST_PASS_US	639
LIST_EXALL_40_ENTRIES_REPEAT10_TOTAL_US	2495
LIST_EXNEXT_400_ENTRIES_FIRST_PASS_US	12480
LIST_EXNEXT_400_ENTRIES_REPEAT10_TOTAL_US	111212
LIST_EXALL_400_ENTRIES_FIRST_PASS_US	3160
LIST_EXALL_400_ENTRIES_REPEAT10_TOTAL_US	20480
LIST_EXNEXT_1000_ENTRIES_FIRST_PASS_US	30720
LIST_EXNEXT_1000_ENTRIES_REPEAT10_TOTAL_US	281662
LIST_EXALL_1000_ENTRIES_FIRST_PASS_US	6912
LIST_EXALL_1000_ENTRIES_REPEAT10_TOTAL_US	49599
PASS	1
PASS: requested mounted-volume workload outputs are complete and data-checked
