=== BFS vs PFS3 Benchmark (FS-UAE 68040) ===
Evidence directory: /home/fabian/.cache/bfs-performance/wbbound-2026-10-10.2MoC3f/results/wbbound-4-pfs3-first-reference
Mode: compare
Timeout: 600s


=== Machine Info ===
# Machine Info
Kickstart 47.102, Workbench 47.2
System: 68040 68040/060-FPU   (INST: Cache Burst) (DATA: NoCache NoBurst)
Type  Available    In-Use   Maximum   Largest
chip    2028040     52728   2080768   2027968
fast    7534464    854144   8388608   7529392
total   9562504    906872  10469376   7529392


Mounted disks:
Unit      Size       Used       Free Full Errs   Status   Name
DF0       No disk present
DH0      4095M    4194304    4194303  50%   0  Read/Write System
DH1       255M         36      65372   0%   0  Read/Write BFSTest
DH2       Not a DOS disk

Volumes available:
BFSTest [Mounted]
System [Mounted]

=== BFS Results ===
FS_COMPARE_BENCH	4
DRIVE	DH1:
SMALL_CREATE_40_US	30773
LOOKUP_400_US	59903
SMALL_READ_40_US	18368
LIST_EXNEXT_400_US	27840
LIST_EXALL_400_US	8000
SEQ_WRITE_8M_US	46271
SEQ_READ_8M_US	267460
SMALL_DELETE_40_US	14848
APPEND_4K_1M_US	70399
APPEND_1K_256K_US	58431
APPEND_READ_1280K_US	45375
LIST_EXNEXT_40_ENTRIES_FIRST_PASS_US	4480
LIST_EXNEXT_40_ENTRIES_REPEAT10_TOTAL_US	29185
LIST_EXALL_40_ENTRIES_FIRST_PASS_US	1728
LIST_EXALL_40_ENTRIES_REPEAT10_TOTAL_US	8320
LIST_EXNEXT_400_ENTRIES_FIRST_PASS_US	37914
LIST_EXNEXT_400_ENTRIES_REPEAT10_TOTAL_US	343102
LIST_EXALL_400_ENTRIES_FIRST_PASS_US	18520
LIST_EXALL_400_ENTRIES_REPEAT10_TOTAL_US	76865
LIST_EXNEXT_1000_ENTRIES_FIRST_PASS_US	99136
LIST_EXNEXT_1000_ENTRIES_REPEAT10_TOTAL_US	780667
LIST_EXALL_1000_ENTRIES_FIRST_PASS_US	40384
LIST_EXALL_1000_ENTRIES_REPEAT10_TOTAL_US	193344
PASS	1

=== PFS3 Results ===
FS_COMPARE_BENCH	4
DRIVE	DH2:
SMALL_CREATE_40_US	16384
LOOKUP_400_US	65984
SMALL_READ_40_US	14336
LIST_EXNEXT_400_US	11903
LIST_EXALL_400_US	2496
SEQ_WRITE_8M_US	37120
SEQ_READ_8M_US	268732
SMALL_DELETE_40_US	7935
APPEND_4K_1M_US	32257
APPEND_1K_256K_US	22848
APPEND_READ_1280K_US	40191
LIST_EXNEXT_40_ENTRIES_FIRST_PASS_US	1665
LIST_EXNEXT_40_ENTRIES_REPEAT10_TOTAL_US	12288
LIST_EXALL_40_ENTRIES_FIRST_PASS_US	577
LIST_EXALL_40_ENTRIES_REPEAT10_TOTAL_US	2497
LIST_EXNEXT_400_ENTRIES_FIRST_PASS_US	12673
LIST_EXNEXT_400_ENTRIES_REPEAT10_TOTAL_US	114431
LIST_EXALL_400_ENTRIES_FIRST_PASS_US	3135
LIST_EXALL_400_ENTRIES_REPEAT10_TOTAL_US	20673
LIST_EXNEXT_1000_ENTRIES_FIRST_PASS_US	32575
LIST_EXNEXT_1000_ENTRIES_REPEAT10_TOTAL_US	314110
LIST_EXALL_1000_ENTRIES_FIRST_PASS_US	11263
LIST_EXALL_1000_ENTRIES_REPEAT10_TOTAL_US	63745
PASS	1
PASS: requested mounted-volume workload outputs are complete and data-checked
