=== BFS vs PFS3 Benchmark (FS-UAE 68040) ===
Evidence directory: /home/fabian/.cache/bfs-performance/status-2026-10-10.NvWrOR/results/status-7-bfs-first-current
Mode: compare
Timeout: 600s


=== Machine Info ===
# Machine Info
Kickstart 47.102, Workbench 47.2
System: 68040 68040/060-FPU   (INST: Cache Burst) (DATA: NoCache NoBurst)
Type  Available    In-Use   Maximum   Largest
chip    2028040     52728   2080768   2027968
fast    7531240    857368   8388608   7526176
total   9559280    910096  10469376   7526176


Mounted disks:
Unit      Size       Used       Free Full Errs   Status   Name
DF0       No disk present
DH0      4095M    4194304    4194303  50%   0  Read/Write System
DH1       255M         36      65372   0%   0  Read/Write BFSTest
DH2       Not a DOS disk

Volumes available:
BFSTest [Mounted]
System [Mounted]

=== BFS Results ===
FS_COMPARE_BENCH	4
DRIVE	DH1:
SMALL_CREATE_40_US	29952
LOOKUP_400_US	64048
SMALL_READ_40_US	18240
LIST_EXNEXT_400_US	20353
LIST_EXALL_400_US	7935
SEQ_WRITE_8M_US	29229
SEQ_READ_8M_US	287932
SMALL_DELETE_40_US	14463
APPEND_4K_1M_US	53057
APPEND_1K_256K_US	44353
APPEND_READ_1280K_US	44031
LIST_EXNEXT_40_ENTRIES_FIRST_PASS_US	3968
LIST_EXNEXT_40_ENTRIES_REPEAT10_TOTAL_US	21632
LIST_EXALL_40_ENTRIES_FIRST_PASS_US	1792
LIST_EXALL_40_ENTRIES_REPEAT10_TOTAL_US	8705
LIST_EXNEXT_400_ENTRIES_FIRST_PASS_US	32130
LIST_EXNEXT_400_ENTRIES_REPEAT10_TOTAL_US	213374
LIST_EXALL_400_ENTRIES_FIRST_PASS_US	16511
LIST_EXALL_400_ENTRIES_REPEAT10_TOTAL_US	76096
LIST_EXNEXT_1000_ENTRIES_FIRST_PASS_US	79807
LIST_EXNEXT_1000_ENTRIES_REPEAT10_TOTAL_US	548734
LIST_EXALL_1000_ENTRIES_FIRST_PASS_US	38910
LIST_EXALL_1000_ENTRIES_REPEAT10_TOTAL_US	194111
PASS	1

=== PFS3 Results ===
FS_COMPARE_BENCH	4
DRIVE	DH2:
SMALL_CREATE_40_US	17472
LOOKUP_400_US	67135
SMALL_READ_40_US	13184
LIST_EXNEXT_400_US	12097
LIST_EXALL_400_US	2750
SEQ_WRITE_8M_US	50560
SEQ_READ_8M_US	271743
SMALL_DELETE_40_US	8384
APPEND_4K_1M_US	33408
APPEND_1K_256K_US	24191
APPEND_READ_1280K_US	42751
LIST_EXNEXT_40_ENTRIES_FIRST_PASS_US	1793
LIST_EXNEXT_40_ENTRIES_REPEAT10_TOTAL_US	12288
LIST_EXALL_40_ENTRIES_FIRST_PASS_US	640
LIST_EXALL_40_ENTRIES_REPEAT10_TOTAL_US	2496
LIST_EXNEXT_400_ENTRIES_FIRST_PASS_US	13376
LIST_EXNEXT_400_ENTRIES_REPEAT10_TOTAL_US	112193
LIST_EXALL_400_ENTRIES_FIRST_PASS_US	2815
LIST_EXALL_400_ENTRIES_REPEAT10_TOTAL_US	20928
LIST_EXNEXT_1000_ENTRIES_FIRST_PASS_US	32191
LIST_EXNEXT_1000_ENTRIES_REPEAT10_TOTAL_US	290558
LIST_EXALL_1000_ENTRIES_FIRST_PASS_US	6529
LIST_EXALL_1000_ENTRIES_REPEAT10_TOTAL_US	53184
PASS	1
PASS: requested mounted-volume workload outputs are complete and data-checked
