=== BFS vs PFS3 Benchmark (FS-UAE 68040) ===
Evidence directory: /home/fabian/.cache/bfs-performance/metadata-2026-10-08.QvzB5w/build/benchmark/metadata-m1-c8-20261008-m1-5-bfs-first
Mode: compare
Timeout: 600s


=== Machine Info ===
# Machine Info
Kickstart 47.102, Workbench 47.2
System: 68040 68040/060-FPU   (INST: Cache Burst) (DATA: NoCache NoBurst)
Type  Available    In-Use   Maximum   Largest
chip    2028040     52728   2080768   2027968
fast    7693872    694736   8388608   7688800
total   9721912    747464  10469376   7688800


Mounted disks:
Unit      Size       Used       Free Full Errs   Status   Name
DF0       No disk present
DH0      4095M    4194304    4194303  50%   0  Read/Write System
DH1       255M         36      65372   0%   0  Read/Write BFSTest
DH2       Not a DOS disk

Volumes available:
BFSTest [Mounted]
System [Mounted]

=== BFS Results ===
FS_COMPARE_BENCH	3
DRIVE	DH1:
SMALL_CREATE_40_US	27328
LOOKUP_400_US	73920
SMALL_READ_40_US	21952
LIST_EXNEXT_400_US	31808
LIST_EXALL_400_US	8575
SEQ_WRITE_8M_US	37248
SEQ_READ_8M_US	265854
SMALL_DELETE_40_US	21312
APPEND_4K_1M_US	77054
APPEND_1K_256K_US	62528
APPEND_READ_1280K_US	43520
PASS	1

=== PFS3 Results ===
FS_COMPARE_BENCH	3
DRIVE	DH2:
SMALL_CREATE_40_US	17025
LOOKUP_400_US	66239
SMALL_READ_40_US	14977
LIST_EXNEXT_400_US	11775
LIST_EXALL_400_US	2496
SEQ_WRITE_8M_US	41216
SEQ_READ_8M_US	264510
SMALL_DELETE_40_US	7809
APPEND_4K_1M_US	32448
APPEND_1K_256K_US	23232
APPEND_READ_1280K_US	41152
PASS	1
PASS: requested mounted-volume workload outputs are complete and data-checked
