=== BFS vs PFS3 Benchmark (FS-UAE 68040) ===
Evidence directory: /home/fabian/.cache/bfs-performance/sparse-crc-2026-10-09.xN615F/candidate/build/benchmark/sparse-normal-20261009-m5-5-bfs-first
Mode: compare
Timeout: 600s


=== Machine Info ===
# Machine Info
Kickstart 47.102, Workbench 47.2
System: 68040 68040/060-FPU   (INST: Cache Burst) (DATA: NoCache NoBurst)
Type  Available    In-Use   Maximum   Largest
chip    2028040     52728   2080768   2027968
fast    7687256    701352   8388608   7682200
total   9715296    754080  10469376   7682200


Mounted disks:
Unit      Size       Used       Free Full Errs   Status   Name
DF0       No disk present
DH0      4095M    4194304    4194303  50%   0  Read/Write System
DH1       255M         36      65372   0%   0  Read/Write BFSTest
DH2       Not a DOS disk

Volumes available:
BFSTest [Mounted]
System [Mounted]

=== BFS Results ===
FS_COMPARE_BENCH	4
DRIVE	DH1:
SMALL_CREATE_40_US	69631
LOOKUP_400_US	124928
SMALL_READ_40_US	23360
LIST_EXNEXT_400_US	48704
LIST_EXALL_400_US	8960
SEQ_WRITE_8M_US	41985
SEQ_READ_8M_US	262398
SMALL_DELETE_40_US	17472
APPEND_4K_1M_US	74752
APPEND_1K_256K_US	62143
APPEND_READ_1280K_US	48833
LIST_EXNEXT_40_ENTRIES_FIRST_PASS_US	7105
LIST_EXNEXT_40_ENTRIES_REPEAT10_TOTAL_US	35520
LIST_EXALL_40_ENTRIES_FIRST_PASS_US	6400
LIST_EXALL_40_ENTRIES_REPEAT10_TOTAL_US	12480
LIST_EXNEXT_400_ENTRIES_FIRST_PASS_US	62465
LIST_EXNEXT_400_ENTRIES_REPEAT10_TOTAL_US	753916
LIST_EXALL_400_ENTRIES_FIRST_PASS_US	40319
LIST_EXALL_400_ENTRIES_REPEAT10_TOTAL_US	345598
LIST_EXNEXT_1000_ENTRIES_FIRST_PASS_US	140801
LIST_EXNEXT_1000_ENTRIES_REPEAT10_TOTAL_US	1435128
LIST_EXALL_1000_ENTRIES_FIRST_PASS_US	90688
LIST_EXALL_1000_ENTRIES_REPEAT10_TOTAL_US	1057274
PASS	1

=== PFS3 Results ===
FS_COMPARE_BENCH	4
DRIVE	DH2:
SMALL_CREATE_40_US	16577
LOOKUP_400_US	88639
SMALL_READ_40_US	14784
LIST_EXNEXT_400_US	11969
LIST_EXALL_400_US	2624
SEQ_WRITE_8M_US	40704
SEQ_READ_8M_US	286206
SMALL_DELETE_40_US	8000
APPEND_4K_1M_US	36067
APPEND_1K_256K_US	24193
APPEND_READ_1280K_US	57920
LIST_EXNEXT_40_ENTRIES_FIRST_PASS_US	1985
LIST_EXNEXT_40_ENTRIES_REPEAT10_TOTAL_US	12353
LIST_EXALL_40_ENTRIES_FIRST_PASS_US	575
LIST_EXALL_40_ENTRIES_REPEAT10_TOTAL_US	2560
LIST_EXNEXT_400_ENTRIES_FIRST_PASS_US	14463
LIST_EXNEXT_400_ENTRIES_REPEAT10_TOTAL_US	120703
LIST_EXALL_400_ENTRIES_FIRST_PASS_US	3520
LIST_EXALL_400_ENTRIES_REPEAT10_TOTAL_US	22078
LIST_EXNEXT_1000_ENTRIES_FIRST_PASS_US	39320
LIST_EXNEXT_1000_ENTRIES_REPEAT10_TOTAL_US	303294
LIST_EXALL_1000_ENTRIES_FIRST_PASS_US	6784
LIST_EXALL_1000_ENTRIES_REPEAT10_TOTAL_US	58304
PASS	1
PASS: requested mounted-volume workload outputs are complete and data-checked
