=== BFS vs PFS3 Benchmark (FS-UAE 68040) ===
Evidence directory: /home/fabian/.cache/bfs-performance/append-attr-2026-10-10.XtdDJw/results/append-prod-7-bfs-first-mid
Mode: compare
Timeout: 600s


=== Machine Info ===
# Machine Info
Kickstart 47.102, Workbench 47.2
System: 68040 68040/060-FPU   (INST: Cache Burst) (DATA: NoCache NoBurst)
Type  Available    In-Use   Maximum   Largest
chip    2028040     52728   2080768   2027968
fast    7532072    856536   8388608   7526984
total   9560112    909264  10469376   7526984


Mounted disks:
Unit      Size       Used       Free Full Errs   Status   Name
DF0       No disk present
DH0      4095M    4194304    4194303  50%   0  Read/Write System
DH1       255M         36      65372   0%   0  Read/Write BFSTest
DH2       Not a DOS disk

Volumes available:
BFSTest [Mounted]
System [Mounted]

=== BFS Results ===
FS_COMPARE_BENCH	4
DRIVE	DH1:
SMALL_CREATE_40_US	31104
LOOKUP_400_US	57920
SMALL_READ_40_US	17728
LIST_EXNEXT_400_US	27777
LIST_EXALL_400_US	7744
SEQ_WRITE_8M_US	53493
SEQ_READ_8M_US	272126
SMALL_DELETE_40_US	13760
APPEND_4K_1M_US	52416
APPEND_1K_256K_US	43072
APPEND_READ_1280K_US	44353
LIST_EXNEXT_40_ENTRIES_FIRST_PASS_US	7615
LIST_EXNEXT_40_ENTRIES_REPEAT10_TOTAL_US	32385
LIST_EXALL_40_ENTRIES_FIRST_PASS_US	1855
LIST_EXALL_40_ENTRIES_REPEAT10_TOTAL_US	8705
LIST_EXNEXT_400_ENTRIES_FIRST_PASS_US	37566
LIST_EXNEXT_400_ENTRIES_REPEAT10_TOTAL_US	297150
LIST_EXALL_400_ENTRIES_FIRST_PASS_US	15743
LIST_EXALL_400_ENTRIES_REPEAT10_TOTAL_US	77374
LIST_EXNEXT_1000_ENTRIES_FIRST_PASS_US	92543
LIST_EXNEXT_1000_ENTRIES_REPEAT10_TOTAL_US	728763
LIST_EXALL_1000_ENTRIES_FIRST_PASS_US	39040
LIST_EXALL_1000_ENTRIES_REPEAT10_TOTAL_US	189375
PASS	1

=== PFS3 Results ===
FS_COMPARE_BENCH	4
DRIVE	DH2:
SMALL_CREATE_40_US	16769
LOOKUP_400_US	65216
SMALL_READ_40_US	13759
LIST_EXNEXT_400_US	12223
LIST_EXALL_400_US	2431
SEQ_WRITE_8M_US	40191
SEQ_READ_8M_US	269566
SMALL_DELETE_40_US	7743
APPEND_4K_1M_US	32960
APPEND_1K_256K_US	24320
APPEND_READ_1280K_US	39486
LIST_EXNEXT_40_ENTRIES_FIRST_PASS_US	1537
LIST_EXNEXT_40_ENTRIES_REPEAT10_TOTAL_US	12205
LIST_EXALL_40_ENTRIES_FIRST_PASS_US	640
LIST_EXALL_40_ENTRIES_REPEAT10_TOTAL_US	2433
LIST_EXNEXT_400_ENTRIES_FIRST_PASS_US	12288
LIST_EXNEXT_400_ENTRIES_REPEAT10_TOTAL_US	112639
LIST_EXALL_400_ENTRIES_FIRST_PASS_US	3737
LIST_EXALL_400_ENTRIES_REPEAT10_TOTAL_US	20543
LIST_EXNEXT_1000_ENTRIES_FIRST_PASS_US	30657
LIST_EXNEXT_1000_ENTRIES_REPEAT10_TOTAL_US	279615
LIST_EXALL_1000_ENTRIES_FIRST_PASS_US	6336
LIST_EXALL_1000_ENTRIES_REPEAT10_TOTAL_US	50881
PASS	1
PASS: requested mounted-volume workload outputs are complete and data-checked
