=== BFS vs PFS3 Benchmark (FS-UAE 68040) ===
Evidence directory: /home/fabian/.cache/bfs-performance/exnext-2026-10-10.8MRoga/results/exnext-6-pfs3-first-reference
Mode: compare
Timeout: 600s


=== Machine Info ===
# Machine Info
Kickstart 47.102, Workbench 47.2
System: 68040 68040/060-FPU   (INST: Cache Burst) (DATA: NoCache NoBurst)
Type  Available    In-Use   Maximum   Largest
chip    2028040     52728   2080768   2027968
fast    7532616    855992   8388608   7527544
total   9560656    908720  10469376   7527544


Mounted disks:
Unit      Size       Used       Free Full Errs   Status   Name
DF0       No disk present
DH0      4095M    4194304    4194303  50%   0  Read/Write System
DH1       255M         36      65372   0%   0  Read/Write BFSTest
DH2       Not a DOS disk

Volumes available:
BFSTest [Mounted]
System [Mounted]

=== BFS Results ===
FS_COMPARE_BENCH	4
DRIVE	DH1:
SMALL_CREATE_40_US	29632
LOOKUP_400_US	58046
SMALL_READ_40_US	19008
LIST_EXNEXT_400_US	34688
LIST_EXALL_400_US	7809
SEQ_WRITE_8M_US	29440
SEQ_READ_8M_US	256767
SMALL_DELETE_40_US	13631
APPEND_4K_1M_US	51654
APPEND_1K_256K_US	42816
APPEND_READ_1280K_US	43584
LIST_EXNEXT_40_ENTRIES_FIRST_PASS_US	4543
LIST_EXNEXT_40_ENTRIES_REPEAT10_TOTAL_US	29183
LIST_EXALL_40_ENTRIES_FIRST_PASS_US	1792
LIST_EXALL_40_ENTRIES_REPEAT10_TOTAL_US	8705
LIST_EXNEXT_400_ENTRIES_FIRST_PASS_US	36480
LIST_EXNEXT_400_ENTRIES_REPEAT10_TOTAL_US	298110
LIST_EXALL_400_ENTRIES_FIRST_PASS_US	15745
LIST_EXALL_400_ENTRIES_REPEAT10_TOTAL_US	78080
LIST_EXNEXT_1000_ENTRIES_FIRST_PASS_US	91903
LIST_EXNEXT_1000_ENTRIES_REPEAT10_TOTAL_US	737532
LIST_EXALL_1000_ENTRIES_FIRST_PASS_US	37248
LIST_EXALL_1000_ENTRIES_REPEAT10_TOTAL_US	194751
PASS	1

=== PFS3 Results ===
FS_COMPARE_BENCH	4
DRIVE	DH2:
SMALL_CREATE_40_US	16640
LOOKUP_400_US	65473
SMALL_READ_40_US	13887
LIST_EXNEXT_400_US	11775
LIST_EXALL_400_US	2558
SEQ_WRITE_8M_US	37823
SEQ_READ_8M_US	253055
SMALL_DELETE_40_US	7745
APPEND_4K_1M_US	32191
APPEND_1K_256K_US	23040
APPEND_READ_1280K_US	50431
LIST_EXNEXT_40_ENTRIES_FIRST_PASS_US	1664
LIST_EXNEXT_40_ENTRIES_REPEAT10_TOTAL_US	11713
LIST_EXALL_40_ENTRIES_FIRST_PASS_US	575
LIST_EXALL_40_ENTRIES_REPEAT10_TOTAL_US	2497
LIST_EXNEXT_400_ENTRIES_FIRST_PASS_US	12543
LIST_EXNEXT_400_ENTRIES_REPEAT10_TOTAL_US	110656
LIST_EXALL_400_ENTRIES_FIRST_PASS_US	3008
LIST_EXALL_400_ENTRIES_REPEAT10_TOTAL_US	30848
LIST_EXNEXT_1000_ENTRIES_FIRST_PASS_US	31806
LIST_EXNEXT_1000_ENTRIES_REPEAT10_TOTAL_US	274795
LIST_EXALL_1000_ENTRIES_FIRST_PASS_US	6399
LIST_EXALL_1000_ENTRIES_REPEAT10_TOTAL_US	49726
PASS	1
PASS: requested mounted-volume workload outputs are complete and data-checked
