=== BFS vs PFS3 Benchmark (FS-UAE 68040) ===
Evidence directory: /home/fabian/.cache/bfs-performance/listing-upgrade-2026-10-08.29qKRc/build/benchmark/leaf-range-durable-20261008-m3-7-bfs-first
Mode: durable-compare
Timeout: 600s


=== Machine Info ===
# Machine Info
Kickstart 47.102, Workbench 47.2
System: 68040 68040/060-FPU   (INST: Cache Burst) (DATA: NoCache NoBurst)
Type  Available    In-Use   Maximum   Largest
chip    2028040     52728   2080768   2027968
fast    7689920    698688   8388608   7684880
total   9717960    751416  10469376   7684880


Mounted disks:
Unit      Size       Used       Free Full Errs   Status   Name
DF0       No disk present
DH0      4095M    4194304    4194303  50%   0  Read/Write System
DH1       255M         36      65372   0%   0  Read/Write BFSTest
DH2       Not a DOS disk

Volumes available:
BFSTest [Mounted]
System [Mounted]

=== BFS Results ===
FS_DURABLE_COMPARE	4
DRIVE	DH1:
SMALL_CREATE_40_US	35008
LOOKUP_400_US	76993
SMALL_READ_40_US	20991
LIST_EXNEXT_400_US	31294
LIST_EXALL_400_US	9345
SEQ_WRITE_8M_US	40065
SEQ_READ_8M_US	307070
SMALL_DELETE_40_US	20416
APPEND_4K_1M_US	74026
APPEND_1K_256K_US	80192
APPEND_READ_1280K_US	52928
LIST_EXNEXT_40_ENTRIES_FIRST_PASS_US	6400
LIST_EXNEXT_40_ENTRIES_REPEAT10_TOTAL_US	31296
LIST_EXALL_40_ENTRIES_FIRST_PASS_US	3841
LIST_EXALL_40_ENTRIES_REPEAT10_TOTAL_US	9857
LIST_EXNEXT_400_ENTRIES_FIRST_PASS_US	64639
LIST_EXNEXT_400_ENTRIES_REPEAT10_TOTAL_US	672508
LIST_EXALL_400_ENTRIES_FIRST_PASS_US	39362
LIST_EXALL_400_ENTRIES_REPEAT10_TOTAL_US	405886
LIST_EXNEXT_1000_ENTRIES_FIRST_PASS_US	190104
LIST_EXNEXT_1000_ENTRIES_REPEAT10_TOTAL_US	1986549
LIST_EXALL_1000_ENTRIES_FIRST_PASS_US	152191
LIST_EXALL_1000_ENTRIES_REPEAT10_TOTAL_US	1089659
PASS	1

=== PFS3 Results ===
FS_DURABLE_COMPARE	4
DRIVE	DH2:
SMALL_CREATE_40_US	18753
LOOKUP_400_US	71424
SMALL_READ_40_US	14720
LIST_EXNEXT_400_US	12990
LIST_EXALL_400_US	2560
SEQ_WRITE_8M_US	43520
SEQ_READ_8M_US	272575
SMALL_DELETE_40_US	10047
APPEND_4K_1M_US	43071
APPEND_1K_256K_US	25472
APPEND_READ_1280K_US	41664
LIST_EXNEXT_40_ENTRIES_FIRST_PASS_US	1791
LIST_EXNEXT_40_ENTRIES_REPEAT10_TOTAL_US	12159
LIST_EXALL_40_ENTRIES_FIRST_PASS_US	640
LIST_EXALL_40_ENTRIES_REPEAT10_TOTAL_US	2925
LIST_EXNEXT_400_ENTRIES_FIRST_PASS_US	13057
LIST_EXNEXT_400_ENTRIES_REPEAT10_TOTAL_US	115968
LIST_EXALL_400_ENTRIES_FIRST_PASS_US	2945
LIST_EXALL_400_ENTRIES_REPEAT10_TOTAL_US	22656
LIST_EXNEXT_1000_ENTRIES_FIRST_PASS_US	42305
LIST_EXNEXT_1000_ENTRIES_REPEAT10_TOTAL_US	341118
LIST_EXALL_1000_ENTRIES_FIRST_PASS_US	8704
LIST_EXALL_1000_ENTRIES_REPEAT10_TOTAL_US	87808
PASS	1
PASS: requested mounted-volume workload outputs are complete and data-checked
