=== BFS vs PFS3 Benchmark (FS-UAE 68040) ===
Evidence directory: /home/fabian/.cache/bfs-performance/listing-upgrade-2026-10-08.29qKRc/build/benchmark/leaf-range-durable-20261008-m3-6-pfs3-first
Mode: durable-compare
Timeout: 600s


=== Machine Info ===
# Machine Info
Kickstart 47.102, Workbench 47.2
System: 68040 68040/060-FPU   (INST: Cache Burst) (DATA: NoCache NoBurst)
Type  Available    In-Use   Maximum   Largest
chip    2028040     52728   2080768   2027968
fast    7689920    698688   8388608   7684880
total   9717960    751416  10469376   7684880


Mounted disks:
Unit      Size       Used       Free Full Errs   Status   Name
DF0       No disk present
DH0      4095M    4194304    4194303  50%   0  Read/Write System
DH1       255M         36      65372   0%   0  Read/Write BFSTest
DH2       Not a DOS disk

Volumes available:
BFSTest [Mounted]
System [Mounted]

=== BFS Results ===
FS_DURABLE_COMPARE	4
DRIVE	DH1:
SMALL_CREATE_40_US	31423
LOOKUP_400_US	75968
SMALL_READ_40_US	19712
LIST_EXNEXT_400_US	30848
LIST_EXALL_400_US	8640
SEQ_WRITE_8M_US	41215
SEQ_READ_8M_US	276672
SMALL_DELETE_40_US	20032
APPEND_4K_1M_US	73856
APPEND_1K_256K_US	61825
APPEND_READ_1280K_US	44351
LIST_EXNEXT_40_ENTRIES_FIRST_PASS_US	6208
LIST_EXNEXT_40_ENTRIES_REPEAT10_TOTAL_US	32191
LIST_EXALL_40_ENTRIES_FIRST_PASS_US	4097
LIST_EXALL_40_ENTRIES_REPEAT10_TOTAL_US	9344
LIST_EXNEXT_400_ENTRIES_FIRST_PASS_US	68992
LIST_EXNEXT_400_ENTRIES_REPEAT10_TOTAL_US	682108
LIST_EXALL_400_ENTRIES_FIRST_PASS_US	40832
LIST_EXALL_400_ENTRIES_REPEAT10_TOTAL_US	412670
LIST_EXNEXT_1000_ENTRIES_FIRST_PASS_US	181758
LIST_EXNEXT_1000_ENTRIES_REPEAT10_TOTAL_US	1767030
LIST_EXALL_1000_ENTRIES_FIRST_PASS_US	104383
LIST_EXALL_1000_ENTRIES_REPEAT10_TOTAL_US	1075897
PASS	1

=== PFS3 Results ===
FS_DURABLE_COMPARE	4
DRIVE	DH2:
SMALL_CREATE_40_US	18176
LOOKUP_400_US	67008
SMALL_READ_40_US	14145
LIST_EXNEXT_400_US	12352
LIST_EXALL_400_US	2496
SEQ_WRITE_8M_US	40832
SEQ_READ_8M_US	280127
SMALL_DELETE_40_US	8767
APPEND_4K_1M_US	36800
APPEND_1K_256K_US	23680
APPEND_READ_1280K_US	41151
LIST_EXNEXT_40_ENTRIES_FIRST_PASS_US	3200
LIST_EXNEXT_40_ENTRIES_REPEAT10_TOTAL_US	12224
LIST_EXALL_40_ENTRIES_FIRST_PASS_US	512
LIST_EXALL_40_ENTRIES_REPEAT10_TOTAL_US	2432
LIST_EXNEXT_400_ENTRIES_FIRST_PASS_US	14208
LIST_EXNEXT_400_ENTRIES_REPEAT10_TOTAL_US	133951
LIST_EXALL_400_ENTRIES_FIRST_PASS_US	2880
LIST_EXALL_400_ENTRIES_REPEAT10_TOTAL_US	20993
LIST_EXNEXT_1000_ENTRIES_FIRST_PASS_US	32832
LIST_EXNEXT_1000_ENTRIES_REPEAT10_TOTAL_US	287167
LIST_EXALL_1000_ENTRIES_FIRST_PASS_US	7295
LIST_EXALL_1000_ENTRIES_REPEAT10_TOTAL_US	53759
PASS	1
PASS: requested mounted-volume workload outputs are complete and data-checked
