=== BFS vs PFS3 Benchmark (FS-UAE 68040) ===
Evidence directory: /home/fabian/.cache/bfs-performance/metadata-2026-10-08.QvzB5w/build/benchmark/metadata-v4-c8-20261008-m2-6-pfs3-first
Mode: compare
Timeout: 600s


=== Machine Info ===
# Machine Info
Kickstart 47.102, Workbench 47.2
System: 68040 68040/060-FPU   (INST: Cache Burst) (DATA: NoCache NoBurst)
Type  Available    In-Use   Maximum   Largest
chip    2028040     52728   2080768   2027968
fast    7690976    697632   8388608   7685936
total   9719016    750360  10469376   7685936


Mounted disks:
Unit      Size       Used       Free Full Errs   Status   Name
DF0       No disk present
DH0      4095M    4194304    4194303  50%   0  Read/Write System
DH1       255M         36      65372   0%   0  Read/Write BFSTest
DH2       Not a DOS disk

Volumes available:
BFSTest [Mounted]
System [Mounted]

=== BFS Results ===
FS_COMPARE_BENCH	4
DRIVE	DH1:
SMALL_CREATE_40_US	28032
LOOKUP_400_US	74624
SMALL_READ_40_US	17920
LIST_EXNEXT_400_US	31296
LIST_EXALL_400_US	8385
SEQ_WRITE_8M_US	47039
SEQ_READ_8M_US	267774
SMALL_DELETE_40_US	17024
APPEND_4K_1M_US	68736
APPEND_1K_256K_US	69312
APPEND_READ_1280K_US	50688
LIST_EXNEXT_40_ENTRIES_FIRST_PASS_US	6208
LIST_EXNEXT_40_ENTRIES_REPEAT10_TOTAL_US	34112
LIST_EXALL_40_ENTRIES_FIRST_PASS_US	3584
LIST_EXALL_40_ENTRIES_REPEAT10_TOTAL_US	8960
LIST_EXNEXT_400_ENTRIES_FIRST_PASS_US	57600
LIST_EXNEXT_400_ENTRIES_REPEAT10_TOTAL_US	688955
LIST_EXALL_400_ENTRIES_FIRST_PASS_US	36352
LIST_EXALL_400_ENTRIES_REPEAT10_TOTAL_US	388094
LIST_EXNEXT_1000_ENTRIES_FIRST_PASS_US	154303
LIST_EXNEXT_1000_ENTRIES_REPEAT10_TOTAL_US	1635894
LIST_EXALL_1000_ENTRIES_FIRST_PASS_US	101631
LIST_EXALL_1000_ENTRIES_REPEAT10_TOTAL_US	963898
PASS	1

=== PFS3 Results ===
FS_COMPARE_BENCH	4
DRIVE	DH2:
SMALL_CREATE_40_US	16896
LOOKUP_400_US	65983
SMALL_READ_40_US	14273
LIST_EXNEXT_400_US	11775
LIST_EXALL_400_US	2495
SEQ_WRITE_8M_US	40385
SEQ_READ_8M_US	257472
SMALL_DELETE_40_US	8000
APPEND_4K_1M_US	32705
APPEND_1K_256K_US	23616
APPEND_READ_1280K_US	41966
LIST_EXNEXT_40_ENTRIES_FIRST_PASS_US	1602
LIST_EXNEXT_40_ENTRIES_REPEAT10_TOTAL_US	11968
LIST_EXALL_40_ENTRIES_FIRST_PASS_US	638
LIST_EXALL_40_ENTRIES_REPEAT10_TOTAL_US	2541
LIST_EXNEXT_400_ENTRIES_FIRST_PASS_US	12351
LIST_EXNEXT_400_ENTRIES_REPEAT10_TOTAL_US	110785
LIST_EXALL_400_ENTRIES_FIRST_PASS_US	2943
LIST_EXALL_400_ENTRIES_REPEAT10_TOTAL_US	20352
LIST_EXNEXT_1000_ENTRIES_FIRST_PASS_US	31871
LIST_EXNEXT_1000_ENTRIES_REPEAT10_TOTAL_US	278142
LIST_EXALL_1000_ENTRIES_FIRST_PASS_US	6913
LIST_EXALL_1000_ENTRIES_REPEAT10_TOTAL_US	50368
PASS	1
PASS: requested mounted-volume workload outputs are complete and data-checked
