=== BFS vs PFS3 Benchmark (FS-UAE 68040) ===
Evidence directory: /home/fabian/.cache/bfs-performance/sparse-crc-2026-10-09.xN615F/candidate/build/benchmark/sparse-confirmation-20261009/confirm-normal-sparse-8-pfs3-first
Mode: compare
Timeout: 600s


=== Machine Info ===
# Machine Info
Kickstart 47.102, Workbench 47.2
System: 68040 68040/060-FPU   (INST: Cache Burst) (DATA: NoCache NoBurst)
Type  Available    In-Use   Maximum   Largest
chip    2028040     52728   2080768   2027968
fast    7686824    701784   8388608   7681768
total   9714864    754512  10469376   7681768


Mounted disks:
Unit      Size       Used       Free Full Errs   Status   Name
DF0       No disk present
DH0      4095M    4194304    4194303  50%   0  Read/Write System
DH1       255M         36      65372   0%   0  Read/Write BFSTest
DH2       Not a DOS disk

Volumes available:
BFSTest [Mounted]
System [Mounted]

=== BFS Results ===
FS_COMPARE_BENCH	4
DRIVE	DH1:
SMALL_CREATE_40_US	41793
LOOKUP_400_US	86783
SMALL_READ_40_US	20417
LIST_EXNEXT_400_US	31232
LIST_EXALL_400_US	9473
SEQ_WRITE_8M_US	39168
SEQ_READ_8M_US	296062
SMALL_DELETE_40_US	19840
APPEND_4K_1M_US	92480
APPEND_1K_256K_US	63935
APPEND_READ_1280K_US	43712
LIST_EXNEXT_40_ENTRIES_FIRST_PASS_US	5697
LIST_EXNEXT_40_ENTRIES_REPEAT10_TOTAL_US	33344
LIST_EXALL_40_ENTRIES_FIRST_PASS_US	3327
LIST_EXALL_40_ENTRIES_REPEAT10_TOTAL_US	10177
LIST_EXNEXT_400_ENTRIES_FIRST_PASS_US	52097
LIST_EXNEXT_400_ENTRIES_REPEAT10_TOTAL_US	537918
LIST_EXALL_400_ENTRIES_FIRST_PASS_US	32448
LIST_EXALL_400_ENTRIES_REPEAT10_TOTAL_US	303487
LIST_EXNEXT_1000_ENTRIES_FIRST_PASS_US	164159
LIST_EXNEXT_1000_ENTRIES_REPEAT10_TOTAL_US	1551735
LIST_EXALL_1000_ENTRIES_FIRST_PASS_US	79423
LIST_EXALL_1000_ENTRIES_REPEAT10_TOTAL_US	887547
PASS	1

=== PFS3 Results ===
FS_COMPARE_BENCH	4
DRIVE	DH2:
SMALL_CREATE_40_US	18177
LOOKUP_400_US	67583
SMALL_READ_40_US	15039
LIST_EXNEXT_400_US	14912
LIST_EXALL_400_US	4609
SEQ_WRITE_8M_US	81983
SEQ_READ_8M_US	279165
SMALL_DELETE_40_US	8256
APPEND_4K_1M_US	32960
APPEND_1K_256K_US	24000
APPEND_READ_1280K_US	40511
LIST_EXNEXT_40_ENTRIES_FIRST_PASS_US	1600
LIST_EXNEXT_40_ENTRIES_REPEAT10_TOTAL_US	14145
LIST_EXALL_40_ENTRIES_FIRST_PASS_US	640
LIST_EXALL_40_ENTRIES_REPEAT10_TOTAL_US	2495
LIST_EXNEXT_400_ENTRIES_FIRST_PASS_US	13376
LIST_EXNEXT_400_ENTRIES_REPEAT10_TOTAL_US	124607
LIST_EXALL_400_ENTRIES_FIRST_PASS_US	3519
LIST_EXALL_400_ENTRIES_REPEAT10_TOTAL_US	39488
LIST_EXNEXT_1000_ENTRIES_FIRST_PASS_US	47103
LIST_EXNEXT_1000_ENTRIES_REPEAT10_TOTAL_US	297407
LIST_EXALL_1000_ENTRIES_FIRST_PASS_US	7937
LIST_EXALL_1000_ENTRIES_REPEAT10_TOTAL_US	107372
PASS	1
PASS: requested mounted-volume workload outputs are complete and data-checked
