=== BFS vs PFS3 Benchmark (FS-UAE 68040) ===
Evidence directory: /home/fabian/.cache/bfs-performance/append-attr-2026-10-10.XtdDJw/results/append-prod-5-bfs-first-mid
Mode: compare
Timeout: 600s


=== Machine Info ===
# Machine Info
Kickstart 47.102, Workbench 47.2
System: 68040 68040/060-FPU   (INST: Cache Burst) (DATA: NoCache NoBurst)
Type  Available    In-Use   Maximum   Largest
chip    2028040     52728   2080768   2027968
fast    7532072    856536   8388608   7526984
total   9560112    909264  10469376   7526984


Mounted disks:
Unit      Size       Used       Free Full Errs   Status   Name
DF0       No disk present
DH0      4095M    4194304    4194303  50%   0  Read/Write System
DH1       255M         36      65372   0%   0  Read/Write BFSTest
DH2       Not a DOS disk

Volumes available:
BFSTest [Mounted]
System [Mounted]

=== BFS Results ===
FS_COMPARE_BENCH	4
DRIVE	DH1:
SMALL_CREATE_40_US	28288
LOOKUP_400_US	60272
SMALL_READ_40_US	17855
LIST_EXNEXT_400_US	27711
LIST_EXALL_400_US	7937
SEQ_WRITE_8M_US	29055
SEQ_READ_8M_US	284158
SMALL_DELETE_40_US	14977
APPEND_4K_1M_US	68031
APPEND_1K_256K_US	44224
APPEND_READ_1280K_US	44716
LIST_EXNEXT_40_ENTRIES_FIRST_PASS_US	4543
LIST_EXNEXT_40_ENTRIES_REPEAT10_TOTAL_US	28735
LIST_EXALL_40_ENTRIES_FIRST_PASS_US	1855
LIST_EXALL_40_ENTRIES_REPEAT10_TOTAL_US	8576
LIST_EXNEXT_400_ENTRIES_FIRST_PASS_US	38846
LIST_EXNEXT_400_ENTRIES_REPEAT10_TOTAL_US	285290
LIST_EXALL_400_ENTRIES_FIRST_PASS_US	17345
LIST_EXALL_400_ENTRIES_REPEAT10_TOTAL_US	88128
LIST_EXNEXT_1000_ENTRIES_FIRST_PASS_US	94016
LIST_EXNEXT_1000_ENTRIES_REPEAT10_TOTAL_US	728956
LIST_EXALL_1000_ENTRIES_FIRST_PASS_US	39810
LIST_EXALL_1000_ENTRIES_REPEAT10_TOTAL_US	203582
PASS	1

=== PFS3 Results ===
FS_COMPARE_BENCH	4
DRIVE	DH2:
SMALL_CREATE_40_US	18048
LOOKUP_400_US	66560
SMALL_READ_40_US	14016
LIST_EXNEXT_400_US	12160
LIST_EXALL_400_US	2495
SEQ_WRITE_8M_US	40577
SEQ_READ_8M_US	269758
SMALL_DELETE_40_US	8128
APPEND_4K_1M_US	33663
APPEND_1K_256K_US	23936
APPEND_READ_1280K_US	42880
LIST_EXNEXT_40_ENTRIES_FIRST_PASS_US	2305
LIST_EXNEXT_40_ENTRIES_REPEAT10_TOTAL_US	14913
LIST_EXALL_40_ENTRIES_FIRST_PASS_US	640
LIST_EXALL_40_ENTRIES_REPEAT10_TOTAL_US	2496
LIST_EXNEXT_400_ENTRIES_FIRST_PASS_US	12417
LIST_EXNEXT_400_ENTRIES_REPEAT10_TOTAL_US	113472
LIST_EXALL_400_ENTRIES_FIRST_PASS_US	2944
LIST_EXALL_400_ENTRIES_REPEAT10_TOTAL_US	21055
LIST_EXNEXT_1000_ENTRIES_FIRST_PASS_US	33088
LIST_EXNEXT_1000_ENTRIES_REPEAT10_TOTAL_US	282046
LIST_EXALL_1000_ENTRIES_FIRST_PASS_US	8448
LIST_EXALL_1000_ENTRIES_REPEAT10_TOTAL_US	52288
PASS	1
PASS: requested mounted-volume workload outputs are complete and data-checked
