=== BFS vs PFS3 Benchmark (FS-UAE 68040) ===
Evidence directory: /home/fabian/.cache/bfs-performance/relflags-2026-10-10.P6tt1r/results/relflags-3-bfs-first-o2-020
Mode: compare
Timeout: 600s


=== Machine Info ===
# Machine Info
Kickstart 47.102, Workbench 47.2
System: 68040 68040/060-FPU   (INST: Cache Burst) (DATA: NoCache NoBurst)
Type  Available    In-Use   Maximum   Largest
chip    2028040     52728   2080768   2027968
fast    7534464    854144   8388608   7529392
total   9562504    906872  10469376   7529392


Mounted disks:
Unit      Size       Used       Free Full Errs   Status   Name
DF0       No disk present
DH0      4095M    4194304    4194303  50%   0  Read/Write System
DH1       255M         36      65372   0%   0  Read/Write BFSTest
DH2       Not a DOS disk

Volumes available:
BFSTest [Mounted]
System [Mounted]

=== BFS Results ===
FS_COMPARE_BENCH	4
DRIVE	DH1:
SMALL_CREATE_40_US	29887
LOOKUP_400_US	59199
SMALL_READ_40_US	18112
LIST_EXNEXT_400_US	27776
LIST_EXALL_400_US	7680
SEQ_WRITE_8M_US	37632
SEQ_READ_8M_US	258050
SMALL_DELETE_40_US	14080
APPEND_4K_1M_US	76991
APPEND_1K_256K_US	59455
APPEND_READ_1280K_US	45633
LIST_EXNEXT_40_ENTRIES_FIRST_PASS_US	4608
LIST_EXNEXT_40_ENTRIES_REPEAT10_TOTAL_US	29823
LIST_EXALL_40_ENTRIES_FIRST_PASS_US	1856
LIST_EXALL_40_ENTRIES_REPEAT10_TOTAL_US	8320
LIST_EXNEXT_400_ENTRIES_FIRST_PASS_US	38656
LIST_EXNEXT_400_ENTRIES_REPEAT10_TOTAL_US	299388
LIST_EXALL_400_ENTRIES_FIRST_PASS_US	24705
LIST_EXALL_400_ENTRIES_REPEAT10_TOTAL_US	85696
LIST_EXNEXT_1000_ENTRIES_FIRST_PASS_US	92096
LIST_EXNEXT_1000_ENTRIES_REPEAT10_TOTAL_US	782267
LIST_EXALL_1000_ENTRIES_FIRST_PASS_US	57855
LIST_EXALL_1000_ENTRIES_REPEAT10_TOTAL_US	238527
PASS	1

=== PFS3 Results ===
FS_COMPARE_BENCH	4
DRIVE	DH2:
SMALL_CREATE_40_US	28351
LOOKUP_400_US	133567
SMALL_READ_40_US	49519
LIST_EXNEXT_400_US	23552
LIST_EXALL_400_US	3713
SEQ_WRITE_8M_US	46657
SEQ_READ_8M_US	303423
SMALL_DELETE_40_US	11200
APPEND_4K_1M_US	63488
APPEND_1K_256K_US	45696
APPEND_READ_1280K_US	49729
LIST_EXNEXT_40_ENTRIES_FIRST_PASS_US	2688
LIST_EXNEXT_40_ENTRIES_REPEAT10_TOTAL_US	23551
LIST_EXALL_40_ENTRIES_FIRST_PASS_US	960
LIST_EXALL_40_ENTRIES_REPEAT10_TOTAL_US	4608
LIST_EXNEXT_400_ENTRIES_FIRST_PASS_US	23168
LIST_EXNEXT_400_ENTRIES_REPEAT10_TOTAL_US	124736
LIST_EXALL_400_ENTRIES_FIRST_PASS_US	3904
LIST_EXALL_400_ENTRIES_REPEAT10_TOTAL_US	20608
LIST_EXNEXT_1000_ENTRIES_FIRST_PASS_US	32448
LIST_EXNEXT_1000_ENTRIES_REPEAT10_TOTAL_US	445546
LIST_EXALL_1000_ENTRIES_FIRST_PASS_US	6399
LIST_EXALL_1000_ENTRIES_REPEAT10_TOTAL_US	53311
PASS	1
PASS: requested mounted-volume workload outputs are complete and data-checked
