=== BFS vs PFS3 Benchmark (FS-UAE 68040) ===
Evidence directory: /home/fabian/.cache/bfs-performance/status-2026-10-10.NvWrOR/results/status-2-pfs3-first-base
Mode: compare
Timeout: 600s


=== Machine Info ===
# Machine Info
Kickstart 47.102, Workbench 47.2
System: 68040 68040/060-FPU   (INST: Cache Burst) (DATA: NoCache NoBurst)
Type  Available    In-Use   Maximum   Largest
chip    2028040     52728   2080768   2027968
fast    7533080    855528   8388608   7528008
total   9561120    908256  10469376   7528008


Mounted disks:
Unit      Size       Used       Free Full Errs   Status   Name
DF0       No disk present
DH0      4095M    4194304    4194303  50%   0  Read/Write System
DH1       255M         36      65372   0%   0  Read/Write BFSTest
DH2       Not a DOS disk

Volumes available:
BFSTest [Mounted]
System [Mounted]

=== BFS Results ===
FS_COMPARE_BENCH	4
DRIVE	DH1:
SMALL_CREATE_40_US	38849
LOOKUP_400_US	65087
SMALL_READ_40_US	21248
LIST_EXNEXT_400_US	29760
LIST_EXALL_400_US	7872
SEQ_WRITE_8M_US	45096
SEQ_READ_8M_US	281982
SMALL_DELETE_40_US	14528
APPEND_4K_1M_US	71488
APPEND_1K_256K_US	63872
APPEND_READ_1280K_US	44287
LIST_EXNEXT_40_ENTRIES_FIRST_PASS_US	4993
LIST_EXNEXT_40_ENTRIES_REPEAT10_TOTAL_US	29439
LIST_EXALL_40_ENTRIES_FIRST_PASS_US	1985
LIST_EXALL_40_ENTRIES_REPEAT10_TOTAL_US	9089
LIST_EXNEXT_400_ENTRIES_FIRST_PASS_US	39616
LIST_EXNEXT_400_ENTRIES_REPEAT10_TOTAL_US	303615
LIST_EXALL_400_ENTRIES_FIRST_PASS_US	17536
LIST_EXALL_400_ENTRIES_REPEAT10_TOTAL_US	78656
LIST_EXNEXT_1000_ENTRIES_FIRST_PASS_US	97406
LIST_EXNEXT_1000_ENTRIES_REPEAT10_TOTAL_US	750779
LIST_EXALL_1000_ENTRIES_FIRST_PASS_US	41278
LIST_EXALL_1000_ENTRIES_REPEAT10_TOTAL_US	202047
PASS	1

=== PFS3 Results ===
FS_COMPARE_BENCH	4
DRIVE	DH2:
SMALL_CREATE_40_US	17345
LOOKUP_400_US	66174
SMALL_READ_40_US	14655
LIST_EXNEXT_400_US	11840
LIST_EXALL_400_US	2880
SEQ_WRITE_8M_US	40063
SEQ_READ_8M_US	274685
SMALL_DELETE_40_US	8320
APPEND_4K_1M_US	42177
APPEND_1K_256K_US	37247
APPEND_READ_1280K_US	48064
LIST_EXNEXT_40_ENTRIES_FIRST_PASS_US	1792
LIST_EXNEXT_40_ENTRIES_REPEAT10_TOTAL_US	12800
LIST_EXALL_40_ENTRIES_FIRST_PASS_US	640
LIST_EXALL_40_ENTRIES_REPEAT10_TOTAL_US	2623
LIST_EXNEXT_400_ENTRIES_FIRST_PASS_US	13377
LIST_EXNEXT_400_ENTRIES_REPEAT10_TOTAL_US	127231
LIST_EXALL_400_ENTRIES_FIRST_PASS_US	3008
LIST_EXALL_400_ENTRIES_REPEAT10_TOTAL_US	21038
LIST_EXNEXT_1000_ENTRIES_FIRST_PASS_US	35456
LIST_EXNEXT_1000_ENTRIES_REPEAT10_TOTAL_US	311742
LIST_EXALL_1000_ENTRIES_FIRST_PASS_US	7168
LIST_EXALL_1000_ENTRIES_REPEAT10_TOTAL_US	51583
PASS	1
PASS: requested mounted-volume workload outputs are complete and data-checked
