=== BFS vs PFS3 Benchmark (FS-UAE 68040) ===
Evidence directory: /home/fabian/.cache/bfs-performance/metabound-2026-10-10.kPl0jg/results/metabound-1-bfs-first-reference
Mode: compare
Timeout: 600s


=== Machine Info ===
# Machine Info
Kickstart 47.102, Workbench 47.2
System: 68040 68040/060-FPU   (INST: Cache Burst) (DATA: NoCache NoBurst)
Type  Available    In-Use   Maximum   Largest
chip    2028040     52728   2080768   2027968
fast    7534464    854144   8388608   7529392
total   9562504    906872  10469376   7529392


Mounted disks:
Unit      Size       Used       Free Full Errs   Status   Name
DF0       No disk present
DH0      4095M    4194304    4194303  50%   0  Read/Write System
DH1       255M         36      65372   0%   0  Read/Write BFSTest
DH2       Not a DOS disk

Volumes available:
BFSTest [Mounted]
System [Mounted]

=== BFS Results ===
FS_COMPARE_BENCH	4
DRIVE	DH1:
SMALL_CREATE_40_US	30528
LOOKUP_400_US	58753
SMALL_READ_40_US	20224
LIST_EXNEXT_400_US	27712
LIST_EXALL_400_US	7616
SEQ_WRITE_8M_US	38463
SEQ_READ_8M_US	280125
SMALL_DELETE_40_US	13632
APPEND_4K_1M_US	71871
APPEND_1K_256K_US	65215
APPEND_READ_1280K_US	48833
LIST_EXNEXT_40_ENTRIES_FIRST_PASS_US	4607
LIST_EXNEXT_40_ENTRIES_REPEAT10_TOTAL_US	28992
LIST_EXALL_40_ENTRIES_FIRST_PASS_US	1728
LIST_EXALL_40_ENTRIES_REPEAT10_TOTAL_US	8577
LIST_EXNEXT_400_ENTRIES_FIRST_PASS_US	38144
LIST_EXNEXT_400_ENTRIES_REPEAT10_TOTAL_US	284350
LIST_EXALL_400_ENTRIES_FIRST_PASS_US	15999
LIST_EXALL_400_ENTRIES_REPEAT10_TOTAL_US	85696
LIST_EXNEXT_1000_ENTRIES_FIRST_PASS_US	93183
LIST_EXNEXT_1000_ENTRIES_REPEAT10_TOTAL_US	718141
LIST_EXALL_1000_ENTRIES_FIRST_PASS_US	39871
LIST_EXALL_1000_ENTRIES_REPEAT10_TOTAL_US	200767
PASS	1

=== PFS3 Results ===
FS_COMPARE_BENCH	4
DRIVE	DH2:
SMALL_CREATE_40_US	16640
LOOKUP_400_US	65537
SMALL_READ_40_US	14400
LIST_EXNEXT_400_US	12097
LIST_EXALL_400_US	2624
SEQ_WRITE_8M_US	39551
SEQ_READ_8M_US	265470
SMALL_DELETE_40_US	11712
APPEND_4K_1M_US	34751
APPEND_1K_256K_US	23295
APPEND_READ_1280K_US	41535
LIST_EXNEXT_40_ENTRIES_FIRST_PASS_US	1728
LIST_EXNEXT_40_ENTRIES_REPEAT10_TOTAL_US	11839
LIST_EXALL_40_ENTRIES_FIRST_PASS_US	703
LIST_EXALL_40_ENTRIES_REPEAT10_TOTAL_US	2497
LIST_EXNEXT_400_ENTRIES_FIRST_PASS_US	12800
LIST_EXNEXT_400_ENTRIES_REPEAT10_TOTAL_US	120703
LIST_EXALL_400_ENTRIES_FIRST_PASS_US	2945
LIST_EXALL_400_ENTRIES_REPEAT10_TOTAL_US	20288
LIST_EXNEXT_1000_ENTRIES_FIRST_PASS_US	30975
LIST_EXNEXT_1000_ENTRIES_REPEAT10_TOTAL_US	272127
LIST_EXALL_1000_ENTRIES_FIRST_PASS_US	6463
LIST_EXALL_1000_ENTRIES_REPEAT10_TOTAL_US	50368
PASS	1
PASS: requested mounted-volume workload outputs are complete and data-checked
