=== BFS vs PFS3 Benchmark (FS-UAE 68040) ===
Evidence directory: /home/fabian/.cache/bfs-performance/relflags-2026-10-10.P6tt1r/results/relflags-3-bfs-first-o2-040
Mode: compare
Timeout: 600s


=== Machine Info ===
# Machine Info
Kickstart 47.102, Workbench 47.2
System: 68040 68040/060-FPU   (INST: Cache Burst) (DATA: NoCache NoBurst)
Type  Available    In-Use   Maximum   Largest
chip    2028040     52728   2080768   2027968
fast    7532216    856392   8388608   7527144
total   9560256    909120  10469376   7527144


Mounted disks:
Unit      Size       Used       Free Full Errs   Status   Name
DF0       No disk present
DH0      4095M    4194304    4194303  50%   0  Read/Write System
DH1       255M         36      65372   0%   0  Read/Write BFSTest
DH2       Not a DOS disk

Volumes available:
BFSTest [Mounted]
System [Mounted]

=== BFS Results ===
FS_COMPARE_BENCH	4
DRIVE	DH1:
SMALL_CREATE_40_US	27520
LOOKUP_400_US	58303
SMALL_READ_40_US	16575
LIST_EXNEXT_400_US	26944
LIST_EXALL_400_US	7168
SEQ_WRITE_8M_US	36865
SEQ_READ_8M_US	259007
SMALL_DELETE_40_US	13823
APPEND_4K_1M_US	66816
APPEND_1K_256K_US	57025
APPEND_READ_1280K_US	44416
LIST_EXNEXT_40_ENTRIES_FIRST_PASS_US	4800
LIST_EXNEXT_40_ENTRIES_REPEAT10_TOTAL_US	28799
LIST_EXALL_40_ENTRIES_FIRST_PASS_US	1729
LIST_EXALL_40_ENTRIES_REPEAT10_TOTAL_US	7935
LIST_EXNEXT_400_ENTRIES_FIRST_PASS_US	36671
LIST_EXNEXT_400_ENTRIES_REPEAT10_TOTAL_US	276925
LIST_EXALL_400_ENTRIES_FIRST_PASS_US	15617
LIST_EXALL_400_ENTRIES_REPEAT10_TOTAL_US	72063
LIST_EXNEXT_1000_ENTRIES_FIRST_PASS_US	102271
LIST_EXNEXT_1000_ENTRIES_REPEAT10_TOTAL_US	708667
LIST_EXALL_1000_ENTRIES_FIRST_PASS_US	38463
LIST_EXALL_1000_ENTRIES_REPEAT10_TOTAL_US	185727
PASS	1

=== PFS3 Results ===
FS_COMPARE_BENCH	4
DRIVE	DH2:
SMALL_CREATE_40_US	18175
LOOKUP_400_US	65151
SMALL_READ_40_US	14591
LIST_EXNEXT_400_US	12032
LIST_EXALL_400_US	2495
SEQ_WRITE_8M_US	40257
SEQ_READ_8M_US	257022
SMALL_DELETE_40_US	7808
APPEND_4K_1M_US	33280
APPEND_1K_256K_US	26560
APPEND_READ_1280K_US	39871
LIST_EXNEXT_40_ENTRIES_FIRST_PASS_US	1600
LIST_EXNEXT_40_ENTRIES_REPEAT10_TOTAL_US	11904
LIST_EXALL_40_ENTRIES_FIRST_PASS_US	512
LIST_EXALL_40_ENTRIES_REPEAT10_TOTAL_US	2495
LIST_EXNEXT_400_ENTRIES_FIRST_PASS_US	13567
LIST_EXNEXT_400_ENTRIES_REPEAT10_TOTAL_US	125056
LIST_EXALL_400_ENTRIES_FIRST_PASS_US	2625
LIST_EXALL_400_ENTRIES_REPEAT10_TOTAL_US	20737
LIST_EXNEXT_1000_ENTRIES_FIRST_PASS_US	32831
LIST_EXNEXT_1000_ENTRIES_REPEAT10_TOTAL_US	279678
LIST_EXALL_1000_ENTRIES_FIRST_PASS_US	6272
LIST_EXALL_1000_ENTRIES_REPEAT10_TOTAL_US	50303
PASS	1
PASS: requested mounted-volume workload outputs are complete and data-checked
