=== BFS vs PFS3 Benchmark (FS-UAE 68040) ===
Evidence directory: /home/fabian/.cache/bfs-performance/append-attr2-2026-10-10.xibtLq/results/append2-prod-8-pfs3-first-cand
Mode: compare
Timeout: 600s


=== Machine Info ===
# Machine Info
Kickstart 47.102, Workbench 47.2
System: 68040 68040/060-FPU   (INST: Cache Burst) (DATA: NoCache NoBurst)
Type  Available    In-Use   Maximum   Largest
chip    2028040     52728   2080768   2027968
fast    7531240    857368   8388608   7526176
total   9559280    910096  10469376   7526176


Mounted disks:
Unit      Size       Used       Free Full Errs   Status   Name
DF0       No disk present
DH0      4095M    4194304    4194303  50%   0  Read/Write System
DH1       255M         36      65372   0%   0  Read/Write BFSTest
DH2       Not a DOS disk

Volumes available:
BFSTest [Mounted]
System [Mounted]

=== BFS Results ===
FS_COMPARE_BENCH	4
DRIVE	DH1:
SMALL_CREATE_40_US	27648
LOOKUP_400_US	58368
SMALL_READ_40_US	16768
LIST_EXNEXT_400_US	20608
LIST_EXALL_400_US	8255
SEQ_WRITE_8M_US	27840
SEQ_READ_8M_US	265918
SMALL_DELETE_40_US	13825
APPEND_4K_1M_US	52416
APPEND_1K_256K_US	43520
APPEND_READ_1280K_US	44926
LIST_EXNEXT_40_ENTRIES_FIRST_PASS_US	3777
LIST_EXNEXT_40_ENTRIES_REPEAT10_TOTAL_US	21697
LIST_EXALL_40_ENTRIES_FIRST_PASS_US	1689
LIST_EXALL_40_ENTRIES_REPEAT10_TOTAL_US	8832
LIST_EXNEXT_400_ENTRIES_FIRST_PASS_US	29886
LIST_EXNEXT_400_ENTRIES_REPEAT10_TOTAL_US	224190
LIST_EXALL_400_ENTRIES_FIRST_PASS_US	14912
LIST_EXALL_400_ENTRIES_REPEAT10_TOTAL_US	76160
LIST_EXNEXT_1000_ENTRIES_FIRST_PASS_US	71999
LIST_EXNEXT_1000_ENTRIES_REPEAT10_TOTAL_US	533629
LIST_EXALL_1000_ENTRIES_FIRST_PASS_US	36928
LIST_EXALL_1000_ENTRIES_REPEAT10_TOTAL_US	198848
PASS	1

=== PFS3 Results ===
FS_COMPARE_BENCH	4
DRIVE	DH2:
SMALL_CREATE_40_US	16128
LOOKUP_400_US	66816
SMALL_READ_40_US	13889
LIST_EXNEXT_400_US	11903
LIST_EXALL_400_US	2944
SEQ_WRITE_8M_US	38145
SEQ_READ_8M_US	274110
SMALL_DELETE_40_US	7809
APPEND_4K_1M_US	33663
APPEND_1K_256K_US	22912
APPEND_READ_1280K_US	39936
LIST_EXNEXT_40_ENTRIES_FIRST_PASS_US	1537
LIST_EXNEXT_40_ENTRIES_REPEAT10_TOTAL_US	12223
LIST_EXALL_40_ENTRIES_FIRST_PASS_US	665
LIST_EXALL_40_ENTRIES_REPEAT10_TOTAL_US	2560
LIST_EXNEXT_400_ENTRIES_FIRST_PASS_US	12607
LIST_EXNEXT_400_ENTRIES_REPEAT10_TOTAL_US	113792
LIST_EXALL_400_ENTRIES_FIRST_PASS_US	2624
LIST_EXALL_400_ENTRIES_REPEAT10_TOTAL_US	21505
LIST_EXNEXT_1000_ENTRIES_FIRST_PASS_US	31295
LIST_EXNEXT_1000_ENTRIES_REPEAT10_TOTAL_US	282686
LIST_EXALL_1000_ENTRIES_FIRST_PASS_US	6400
LIST_EXALL_1000_ENTRIES_REPEAT10_TOTAL_US	50495
PASS	1
PASS: requested mounted-volume workload outputs are complete and data-checked
