=== BFS vs PFS3 Benchmark (FS-UAE 68040) ===
Evidence directory: /home/fabian/.cache/bfs-performance/listing-upgrade-2026-10-08.29qKRc/build/benchmark/leaf-range-durable-20261008-m3-3-bfs-first
Mode: durable-compare
Timeout: 600s


=== Machine Info ===
# Machine Info
Kickstart 47.102, Workbench 47.2
System: 68040 68040/060-FPU   (INST: Cache Burst) (DATA: NoCache NoBurst)
Type  Available    In-Use   Maximum   Largest
chip    2028040     52728   2080768   2027968
fast    7689920    698688   8388608   7684880
total   9717960    751416  10469376   7684880


Mounted disks:
Unit      Size       Used       Free Full Errs   Status   Name
DF0       No disk present
DH0      4095M    4194304    4194303  50%   0  Read/Write System
DH1       255M         36      65372   0%   0  Read/Write BFSTest
DH2       Not a DOS disk

Volumes available:
BFSTest [Mounted]
System [Mounted]

=== BFS Results ===
FS_DURABLE_COMPARE	4
DRIVE	DH1:
SMALL_CREATE_40_US	34431
LOOKUP_400_US	77185
SMALL_READ_40_US	24703
LIST_EXNEXT_400_US	31360
LIST_EXALL_400_US	8703
SEQ_WRITE_8M_US	40768
SEQ_READ_8M_US	301565
SMALL_DELETE_40_US	19712
APPEND_4K_1M_US	77420
APPEND_1K_256K_US	62720
APPEND_READ_1280K_US	43181
LIST_EXNEXT_40_ENTRIES_FIRST_PASS_US	6015
LIST_EXNEXT_40_ENTRIES_REPEAT10_TOTAL_US	32685
LIST_EXALL_40_ENTRIES_FIRST_PASS_US	4160
LIST_EXALL_40_ENTRIES_REPEAT10_TOTAL_US	14399
LIST_EXNEXT_400_ENTRIES_FIRST_PASS_US	67904
LIST_EXNEXT_400_ENTRIES_REPEAT10_TOTAL_US	802747
LIST_EXALL_400_ENTRIES_FIRST_PASS_US	41216
LIST_EXALL_400_ENTRIES_REPEAT10_TOTAL_US	471933
LIST_EXNEXT_1000_ENTRIES_FIRST_PASS_US	190847
LIST_EXNEXT_1000_ENTRIES_REPEAT10_TOTAL_US	1716662
LIST_EXALL_1000_ENTRIES_FIRST_PASS_US	105343
LIST_EXALL_1000_ENTRIES_REPEAT10_TOTAL_US	1024249
PASS	1

=== PFS3 Results ===
FS_DURABLE_COMPARE	4
DRIVE	DH2:
SMALL_CREATE_40_US	18240
LOOKUP_400_US	66816
SMALL_READ_40_US	14656
LIST_EXNEXT_400_US	12160
LIST_EXALL_400_US	2496
SEQ_WRITE_8M_US	40960
SEQ_READ_8M_US	264189
SMALL_DELETE_40_US	8705
APPEND_4K_1M_US	34879
APPEND_1K_256K_US	24193
APPEND_READ_1280K_US	41728
LIST_EXNEXT_40_ENTRIES_FIRST_PASS_US	1665
LIST_EXNEXT_40_ENTRIES_REPEAT10_TOTAL_US	12415
LIST_EXALL_40_ENTRIES_FIRST_PASS_US	574
LIST_EXALL_40_ENTRIES_REPEAT10_TOTAL_US	2497
LIST_EXNEXT_400_ENTRIES_FIRST_PASS_US	12158
LIST_EXNEXT_400_ENTRIES_REPEAT10_TOTAL_US	111871
LIST_EXALL_400_ENTRIES_FIRST_PASS_US	2880
LIST_EXALL_400_ENTRIES_REPEAT10_TOTAL_US	20544
LIST_EXNEXT_1000_ENTRIES_FIRST_PASS_US	31424
LIST_EXNEXT_1000_ENTRIES_REPEAT10_TOTAL_US	317567
LIST_EXALL_1000_ENTRIES_FIRST_PASS_US	6720
LIST_EXALL_1000_ENTRIES_REPEAT10_TOTAL_US	50560
PASS	1
PASS: requested mounted-volume workload outputs are complete and data-checked
