=== BFS vs PFS3 Benchmark (FS-UAE 68040) ===
Evidence directory: /home/fabian/.cache/bfs-performance/status-2026-10-10.NvWrOR/results/status-4-pfs3-first-current
Mode: compare
Timeout: 600s


=== Machine Info ===
# Machine Info
Kickstart 47.102, Workbench 47.2
System: 68040 68040/060-FPU   (INST: Cache Burst) (DATA: NoCache NoBurst)
Type  Available    In-Use   Maximum   Largest
chip    2028040     52728   2080768   2027968
fast    7531240    857368   8388608   7526176
total   9559280    910096  10469376   7526176


Mounted disks:
Unit      Size       Used       Free Full Errs   Status   Name
DF0       No disk present
DH0      4095M    4194304    4194303  50%   0  Read/Write System
DH1       255M         36      65372   0%   0  Read/Write BFSTest
DH2       Not a DOS disk

Volumes available:
BFSTest [Mounted]
System [Mounted]

=== BFS Results ===
FS_COMPARE_BENCH	4
DRIVE	DH1:
SMALL_CREATE_40_US	29633
LOOKUP_400_US	59519
SMALL_READ_40_US	17280
LIST_EXNEXT_400_US	20352
LIST_EXALL_400_US	8320
SEQ_WRITE_8M_US	29120
SEQ_READ_8M_US	271870
SMALL_DELETE_40_US	13953
APPEND_4K_1M_US	53120
APPEND_1K_256K_US	44608
APPEND_READ_1280K_US	45056
LIST_EXNEXT_40_ENTRIES_FIRST_PASS_US	3775
LIST_EXNEXT_40_ENTRIES_REPEAT10_TOTAL_US	21375
LIST_EXALL_40_ENTRIES_FIRST_PASS_US	1665
LIST_EXALL_40_ENTRIES_REPEAT10_TOTAL_US	8383
LIST_EXNEXT_400_ENTRIES_FIRST_PASS_US	30336
LIST_EXNEXT_400_ENTRIES_REPEAT10_TOTAL_US	214719
LIST_EXALL_400_ENTRIES_FIRST_PASS_US	15552
LIST_EXALL_400_ENTRIES_REPEAT10_TOTAL_US	91392
LIST_EXNEXT_1000_ENTRIES_FIRST_PASS_US	72665
LIST_EXNEXT_1000_ENTRIES_REPEAT10_TOTAL_US	541182
LIST_EXALL_1000_ENTRIES_FIRST_PASS_US	38655
LIST_EXALL_1000_ENTRIES_REPEAT10_TOTAL_US	193214
PASS	1

=== PFS3 Results ===
FS_COMPARE_BENCH	4
DRIVE	DH2:
SMALL_CREATE_40_US	17335
LOOKUP_400_US	66494
SMALL_READ_40_US	14337
LIST_EXNEXT_400_US	12096
LIST_EXALL_400_US	2688
SEQ_WRITE_8M_US	41729
SEQ_READ_8M_US	271552
SMALL_DELETE_40_US	8000
APPEND_4K_1M_US	33024
APPEND_1K_256K_US	24383
APPEND_READ_1280K_US	40300
LIST_EXNEXT_40_ENTRIES_FIRST_PASS_US	1792
LIST_EXNEXT_40_ENTRIES_REPEAT10_TOTAL_US	12096
LIST_EXALL_40_ENTRIES_FIRST_PASS_US	511
LIST_EXALL_40_ENTRIES_REPEAT10_TOTAL_US	2943
LIST_EXNEXT_400_ENTRIES_FIRST_PASS_US	13312
LIST_EXNEXT_400_ENTRIES_REPEAT10_TOTAL_US	114687
LIST_EXALL_400_ENTRIES_FIRST_PASS_US	2816
LIST_EXALL_400_ENTRIES_REPEAT10_TOTAL_US	20737
LIST_EXNEXT_1000_ENTRIES_FIRST_PASS_US	33216
LIST_EXNEXT_1000_ENTRIES_REPEAT10_TOTAL_US	295358
LIST_EXALL_1000_ENTRIES_FIRST_PASS_US	6208
LIST_EXALL_1000_ENTRIES_REPEAT10_TOTAL_US	50625
PASS	1
PASS: requested mounted-volume workload outputs are complete and data-checked
