=== BFS vs PFS3 Benchmark (FS-UAE 68040) ===
Evidence directory: /home/fabian/.cache/bfs-performance/sparse-crc-2026-10-09.xN615F/candidate/build/benchmark/sparse-pilot-normal-20261009-sparse-1-bfs-first
Mode: compare
Timeout: 600s


=== Machine Info ===
# Machine Info
Kickstart 47.102, Workbench 47.2
System: 68040 68040/060-FPU   (INST: Cache Burst) (DATA: NoCache NoBurst)
Type  Available    In-Use   Maximum   Largest
chip    2028040     52728   2080768   2027968
fast    7686824    701784   8388608   7681768
total   9714864    754512  10469376   7681768


Mounted disks:
Unit      Size       Used       Free Full Errs   Status   Name
DF0       No disk present
DH0      4095M    4194304    4194303  50%   0  Read/Write System
DH1       255M         36      65372   0%   0  Read/Write BFSTest
DH2       Not a DOS disk

Volumes available:
BFSTest [Mounted]
System [Mounted]

=== BFS Results ===
FS_COMPARE_BENCH	4
DRIVE	DH1:
SMALL_CREATE_40_US	29953
LOOKUP_400_US	76223
SMALL_READ_40_US	19200
LIST_EXNEXT_400_US	30848
LIST_EXALL_400_US	9025
SEQ_WRITE_8M_US	38400
SEQ_READ_8M_US	267198
SMALL_DELETE_40_US	17472
APPEND_4K_1M_US	77631
APPEND_1K_256K_US	66943
APPEND_READ_1280K_US	44352
LIST_EXNEXT_40_ENTRIES_FIRST_PASS_US	7488
LIST_EXNEXT_40_ENTRIES_REPEAT10_TOTAL_US	31743
LIST_EXALL_40_ENTRIES_FIRST_PASS_US	4863
LIST_EXALL_40_ENTRIES_REPEAT10_TOTAL_US	9600
LIST_EXNEXT_400_ENTRIES_FIRST_PASS_US	51519
LIST_EXNEXT_400_ENTRIES_REPEAT10_TOTAL_US	588924
LIST_EXALL_400_ENTRIES_FIRST_PASS_US	34688
LIST_EXALL_400_ENTRIES_REPEAT10_TOTAL_US	320447
LIST_EXNEXT_1000_ENTRIES_FIRST_PASS_US	138302
LIST_EXNEXT_1000_ENTRIES_REPEAT10_TOTAL_US	1425912
LIST_EXALL_1000_ENTRIES_FIRST_PASS_US	78720
LIST_EXALL_1000_ENTRIES_REPEAT10_TOTAL_US	762554
PASS	1

=== PFS3 Results ===
FS_COMPARE_BENCH	4
DRIVE	DH2:
SMALL_CREATE_40_US	17344
LOOKUP_400_US	66432
SMALL_READ_40_US	14271
LIST_EXNEXT_400_US	12288
LIST_EXALL_400_US	2560
SEQ_WRITE_8M_US	40448
SEQ_READ_8M_US	260478
SMALL_DELETE_40_US	8320
APPEND_4K_1M_US	33151
APPEND_1K_256K_US	23872
APPEND_READ_1280K_US	42303
LIST_EXNEXT_40_ENTRIES_FIRST_PASS_US	1600
LIST_EXNEXT_40_ENTRIES_REPEAT10_TOTAL_US	11969
LIST_EXALL_40_ENTRIES_FIRST_PASS_US	640
LIST_EXALL_40_ENTRIES_REPEAT10_TOTAL_US	2560
LIST_EXNEXT_400_ENTRIES_FIRST_PASS_US	13120
LIST_EXNEXT_400_ENTRIES_REPEAT10_TOTAL_US	112705
LIST_EXALL_400_ENTRIES_FIRST_PASS_US	2943
LIST_EXALL_400_ENTRIES_REPEAT10_TOTAL_US	20672
LIST_EXNEXT_1000_ENTRIES_FIRST_PASS_US	33407
LIST_EXNEXT_1000_ENTRIES_REPEAT10_TOTAL_US	280894
LIST_EXALL_1000_ENTRIES_FIRST_PASS_US	6400
LIST_EXALL_1000_ENTRIES_REPEAT10_TOTAL_US	50111
PASS	1
PASS: requested mounted-volume workload outputs are complete and data-checked
