=== BFS vs PFS3 Benchmark (FS-UAE 68040) ===
Evidence directory: /home/fabian/.cache/bfs-performance/metadata-2026-10-08.QvzB5w/build/benchmark/metadata-v4-c8-20261008-m1b-8-pfs3-first
Mode: compare
Timeout: 600s


=== Machine Info ===
# Machine Info
Kickstart 47.102, Workbench 47.2
System: 68040 68040/060-FPU   (INST: Cache Burst) (DATA: NoCache NoBurst)
Type  Available    In-Use   Maximum   Largest
chip    2028040     52728   2080768   2027968
fast    7694024    694584   8388608   7688952
total   9722064    747312  10469376   7688952


Mounted disks:
Unit      Size       Used       Free Full Errs   Status   Name
DF0       No disk present
DH0      4095M    4194304    4194303  50%   0  Read/Write System
DH1       255M         36      65372   0%   0  Read/Write BFSTest
DH2       Not a DOS disk

Volumes available:
BFSTest [Mounted]
System [Mounted]

=== BFS Results ===
FS_COMPARE_BENCH	4
DRIVE	DH1:
SMALL_CREATE_40_US	27393
LOOKUP_400_US	73726
SMALL_READ_40_US	19776
LIST_EXNEXT_400_US	31552
LIST_EXALL_400_US	8577
SEQ_WRITE_8M_US	36992
SEQ_READ_8M_US	268222
SMALL_DELETE_40_US	16575
APPEND_4K_1M_US	85633
APPEND_1K_256K_US	63871
APPEND_READ_1280K_US	43274
LIST_EXNEXT_40_ENTRIES_FIRST_PASS_US	6016
LIST_EXNEXT_40_ENTRIES_REPEAT10_TOTAL_US	34368
LIST_EXALL_40_ENTRIES_FIRST_PASS_US	3520
LIST_EXALL_40_ENTRIES_REPEAT10_TOTAL_US	12223
LIST_EXNEXT_400_ENTRIES_FIRST_PASS_US	57728
LIST_EXNEXT_400_ENTRIES_REPEAT10_TOTAL_US	691452
LIST_EXALL_400_ENTRIES_FIRST_PASS_US	38784
LIST_EXALL_400_ENTRIES_REPEAT10_TOTAL_US	378238
LIST_EXNEXT_1000_ENTRIES_FIRST_PASS_US	157182
LIST_EXNEXT_1000_ENTRIES_REPEAT10_TOTAL_US	1814775
LIST_EXALL_1000_ENTRIES_FIRST_PASS_US	94080
LIST_EXALL_1000_ENTRIES_REPEAT10_TOTAL_US	1069754
PASS	1

=== PFS3 Results ===
FS_COMPARE_BENCH	4
DRIVE	DH2:
SMALL_CREATE_40_US	17152
LOOKUP_400_US	65663
SMALL_READ_40_US	14527
LIST_EXNEXT_400_US	12032
LIST_EXALL_400_US	2497
SEQ_WRITE_8M_US	70783
SEQ_READ_8M_US	273796
SMALL_DELETE_40_US	9280
APPEND_4K_1M_US	34176
APPEND_1K_256K_US	23232
APPEND_READ_1280K_US	40831
LIST_EXNEXT_40_ENTRIES_FIRST_PASS_US	1983
LIST_EXNEXT_40_ENTRIES_REPEAT10_TOTAL_US	11968
LIST_EXALL_40_ENTRIES_FIRST_PASS_US	576
LIST_EXALL_40_ENTRIES_REPEAT10_TOTAL_US	2497
LIST_EXNEXT_400_ENTRIES_FIRST_PASS_US	12928
LIST_EXNEXT_400_ENTRIES_REPEAT10_TOTAL_US	115008
LIST_EXALL_400_ENTRIES_FIRST_PASS_US	3008
LIST_EXALL_400_ENTRIES_REPEAT10_TOTAL_US	20864
LIST_EXNEXT_1000_ENTRIES_FIRST_PASS_US	33152
LIST_EXNEXT_1000_ENTRIES_REPEAT10_TOTAL_US	360062
LIST_EXALL_1000_ENTRIES_FIRST_PASS_US	9726
LIST_EXALL_1000_ENTRIES_REPEAT10_TOTAL_US	52350
PASS	1
PASS: requested mounted-volume workload outputs are complete and data-checked
