START 1 confirm-normal-m5-1-bfs-first 2026-10-09T14:19:15Z
PASS 1 confirm-normal-m5-1-bfs-first 2026-10-09T14:19:54Z
START 2 confirm-normal-sparse-1-bfs-first 2026-10-09T14:19:54Z
PASS 2 confirm-normal-sparse-1-bfs-first 2026-10-09T14:20:33Z
START 3 confirm-durable-m5-1-bfs-first 2026-10-09T14:20:33Z
PASS 3 confirm-durable-m5-1-bfs-first 2026-10-09T14:21:11Z
START 4 confirm-durable-sparse-1-bfs-first 2026-10-09T14:21:11Z
PASS 4 confirm-durable-sparse-1-bfs-first 2026-10-09T14:21:50Z
START 5 confirm-durable-m5-2-pfs3-first 2026-10-09T14:21:50Z
PASS 5 confirm-durable-m5-2-pfs3-first 2026-10-09T14:22:29Z
START 6 confirm-durable-sparse-2-pfs3-first 2026-10-09T14:22:29Z
PASS 6 confirm-durable-sparse-2-pfs3-first 2026-10-09T14:23:07Z
START 7 confirm-normal-m5-2-pfs3-first 2026-10-09T14:23:07Z
PASS 7 confirm-normal-m5-2-pfs3-first 2026-10-09T14:23:46Z
START 8 confirm-normal-sparse-2-pfs3-first 2026-10-09T14:23:46Z
PASS 8 confirm-normal-sparse-2-pfs3-first 2026-10-09T14:24:25Z
START 9 confirm-normal-sparse-3-bfs-first 2026-10-09T14:24:25Z
PASS 9 confirm-normal-sparse-3-bfs-first 2026-10-09T14:25:03Z
START 10 confirm-normal-m5-3-bfs-first 2026-10-09T14:25:03Z
PASS 10 confirm-normal-m5-3-bfs-first 2026-10-09T14:25:42Z
START 11 confirm-durable-sparse-3-bfs-first 2026-10-09T14:25:42Z
PASS 11 confirm-durable-sparse-3-bfs-first 2026-10-09T14:26:21Z
START 12 confirm-durable-m5-3-bfs-first 2026-10-09T14:26:21Z
PASS 12 confirm-durable-m5-3-bfs-first 2026-10-09T14:26:59Z
START 13 confirm-durable-sparse-4-pfs3-first 2026-10-09T14:26:59Z
PASS 13 confirm-durable-sparse-4-pfs3-first 2026-10-09T14:27:38Z
START 14 confirm-durable-m5-4-pfs3-first 2026-10-09T14:27:38Z
PASS 14 confirm-durable-m5-4-pfs3-first 2026-10-09T14:28:17Z
START 15 confirm-normal-sparse-4-pfs3-first 2026-10-09T14:28:17Z
PASS 15 confirm-normal-sparse-4-pfs3-first 2026-10-09T14:28:55Z
START 16 confirm-normal-m5-4-pfs3-first 2026-10-09T14:28:55Z
PASS 16 confirm-normal-m5-4-pfs3-first 2026-10-09T14:29:34Z
START 17 confirm-aa-normal-m5a-1-bfs-first 2026-10-09T14:29:34Z
PASS 17 confirm-aa-normal-m5a-1-bfs-first 2026-10-09T14:30:13Z
START 18 confirm-aa-normal-m5b-1-bfs-first 2026-10-09T14:30:13Z
PASS 18 confirm-aa-normal-m5b-1-bfs-first 2026-10-09T14:30:52Z
START 19 confirm-aa-durable-m5a-1-bfs-first 2026-10-09T14:30:52Z
PASS 19 confirm-aa-durable-m5a-1-bfs-first 2026-10-09T14:31:30Z
START 20 confirm-aa-durable-m5b-1-bfs-first 2026-10-09T14:31:30Z
PASS 20 confirm-aa-durable-m5b-1-bfs-first 2026-10-09T14:32:09Z
START 21 confirm-normal-m5-5-bfs-first 2026-10-09T14:32:09Z
PASS 21 confirm-normal-m5-5-bfs-first 2026-10-09T14:32:48Z
START 22 confirm-normal-sparse-5-bfs-first 2026-10-09T14:32:48Z
PASS 22 confirm-normal-sparse-5-bfs-first 2026-10-09T14:33:26Z
START 23 confirm-durable-m5-5-bfs-first 2026-10-09T14:33:26Z
PASS 23 confirm-durable-m5-5-bfs-first 2026-10-09T14:34:05Z
START 24 confirm-durable-sparse-5-bfs-first 2026-10-09T14:34:05Z
PASS 24 confirm-durable-sparse-5-bfs-first 2026-10-09T14:34:44Z
START 25 confirm-durable-m5-6-pfs3-first 2026-10-09T14:34:44Z
PASS 25 confirm-durable-m5-6-pfs3-first 2026-10-09T14:35:22Z
START 26 confirm-durable-sparse-6-pfs3-first 2026-10-09T14:35:22Z
PASS 26 confirm-durable-sparse-6-pfs3-first 2026-10-09T14:36:01Z
START 27 confirm-normal-m5-6-pfs3-first 2026-10-09T14:36:01Z
PASS 27 confirm-normal-m5-6-pfs3-first 2026-10-09T14:36:40Z
START 28 confirm-normal-sparse-6-pfs3-first 2026-10-09T14:36:40Z
PASS 28 confirm-normal-sparse-6-pfs3-first 2026-10-09T14:37:17Z
START 29 confirm-normal-sparse-7-bfs-first 2026-10-09T14:37:17Z
PASS 29 confirm-normal-sparse-7-bfs-first 2026-10-09T14:37:55Z
START 30 confirm-normal-m5-7-bfs-first 2026-10-09T14:37:55Z
PASS 30 confirm-normal-m5-7-bfs-first 2026-10-09T14:38:35Z
START 31 confirm-durable-sparse-7-bfs-first 2026-10-09T14:38:35Z
PASS 31 confirm-durable-sparse-7-bfs-first 2026-10-09T14:39:14Z
START 32 confirm-durable-m5-7-bfs-first 2026-10-09T14:39:14Z
PASS 32 confirm-durable-m5-7-bfs-first 2026-10-09T14:39:53Z
START 33 confirm-durable-sparse-8-pfs3-first 2026-10-09T14:39:53Z
PASS 33 confirm-durable-sparse-8-pfs3-first 2026-10-09T14:40:32Z
START 34 confirm-durable-m5-8-pfs3-first 2026-10-09T14:40:32Z
PASS 34 confirm-durable-m5-8-pfs3-first 2026-10-09T14:41:11Z
START 35 confirm-normal-sparse-8-pfs3-first 2026-10-09T14:41:11Z
PASS 35 confirm-normal-sparse-8-pfs3-first 2026-10-09T14:41:49Z
START 36 confirm-normal-m5-8-pfs3-first 2026-10-09T14:41:49Z
PASS 36 confirm-normal-m5-8-pfs3-first 2026-10-09T14:42:28Z
START 37 confirm-aa-normal-m5a-2-pfs3-first 2026-10-09T14:42:28Z
PASS 37 confirm-aa-normal-m5a-2-pfs3-first 2026-10-09T14:43:07Z
START 38 confirm-aa-normal-m5b-2-pfs3-first 2026-10-09T14:43:07Z
PASS 38 confirm-aa-normal-m5b-2-pfs3-first 2026-10-09T14:43:46Z
START 39 confirm-aa-durable-m5a-2-pfs3-first 2026-10-09T14:43:46Z
PASS 39 confirm-aa-durable-m5a-2-pfs3-first 2026-10-09T14:44:25Z
START 40 confirm-aa-durable-m5b-2-pfs3-first 2026-10-09T14:44:25Z
PASS 40 confirm-aa-durable-m5b-2-pfs3-first 2026-10-09T14:45:05Z
CONFIRMATION_COMPLETE 40 2026-10-09T14:45:05Z
