=== BFS vs PFS3 Benchmark (FS-UAE 68040) ===
Evidence directory: /home/fabian/.cache/bfs-performance/metadata-2026-10-08.QvzB5w/build/benchmark/metadata-v4-c8-20261008-m2-7-bfs-first
Mode: compare
Timeout: 600s


=== Machine Info ===
# Machine Info
Kickstart 47.102, Workbench 47.2
System: 68040 68040/060-FPU   (INST: Cache Burst) (DATA: NoCache NoBurst)
Type  Available    In-Use   Maximum   Largest
chip    2028040     52728   2080768   2027968
fast    7690976    697632   8388608   7685936
total   9719016    750360  10469376   7685936


Mounted disks:
Unit      Size       Used       Free Full Errs   Status   Name
DF0       No disk present
DH0      4095M    4194304    4194303  50%   0  Read/Write System
DH1       255M         36      65372   0%   0  Read/Write BFSTest
DH2       Not a DOS disk

Volumes available:
BFSTest [Mounted]
System [Mounted]

=== BFS Results ===
FS_COMPARE_BENCH	4
DRIVE	DH1:
SMALL_CREATE_40_US	27649
LOOKUP_400_US	75137
SMALL_READ_40_US	19967
LIST_EXNEXT_400_US	31935
LIST_EXALL_400_US	8320
SEQ_WRITE_8M_US	34495
SEQ_READ_8M_US	267455
SMALL_DELETE_40_US	19903
APPEND_4K_1M_US	97151
APPEND_1K_256K_US	74816
APPEND_READ_1280K_US	44032
LIST_EXNEXT_40_ENTRIES_FIRST_PASS_US	6272
LIST_EXNEXT_40_ENTRIES_REPEAT10_TOTAL_US	45504
LIST_EXALL_40_ENTRIES_FIRST_PASS_US	3840
LIST_EXALL_40_ENTRIES_REPEAT10_TOTAL_US	9727
LIST_EXNEXT_400_ENTRIES_FIRST_PASS_US	63385
LIST_EXNEXT_400_ENTRIES_REPEAT10_TOTAL_US	640253
LIST_EXALL_400_ENTRIES_FIRST_PASS_US	38912
LIST_EXALL_400_ENTRIES_REPEAT10_TOTAL_US	410046
LIST_EXNEXT_1000_ENTRIES_FIRST_PASS_US	162688
LIST_EXNEXT_1000_ENTRIES_REPEAT10_TOTAL_US	1724087
LIST_EXALL_1000_ENTRIES_FIRST_PASS_US	95166
LIST_EXALL_1000_ENTRIES_REPEAT10_TOTAL_US	974138
PASS	1

=== PFS3 Results ===
FS_COMPARE_BENCH	4
DRIVE	DH2:
SMALL_CREATE_40_US	21888
LOOKUP_400_US	107392
SMALL_READ_40_US	14400
LIST_EXNEXT_400_US	12672
LIST_EXALL_400_US	2495
SEQ_WRITE_8M_US	41536
SEQ_READ_8M_US	267838
SMALL_DELETE_40_US	7873
APPEND_4K_1M_US	55743
APPEND_1K_256K_US	26623
APPEND_READ_1280K_US	47999
LIST_EXNEXT_40_ENTRIES_FIRST_PASS_US	1662
LIST_EXNEXT_40_ENTRIES_REPEAT10_TOTAL_US	12417
LIST_EXALL_40_ENTRIES_FIRST_PASS_US	575
LIST_EXALL_40_ENTRIES_REPEAT10_TOTAL_US	2624
LIST_EXNEXT_400_ENTRIES_FIRST_PASS_US	13567
LIST_EXNEXT_400_ENTRIES_REPEAT10_TOTAL_US	113471
LIST_EXALL_400_ENTRIES_FIRST_PASS_US	2752
LIST_EXALL_400_ENTRIES_REPEAT10_TOTAL_US	29182
LIST_EXNEXT_1000_ENTRIES_FIRST_PASS_US	45313
LIST_EXNEXT_1000_ENTRIES_REPEAT10_TOTAL_US	284030
LIST_EXALL_1000_ENTRIES_FIRST_PASS_US	9495
LIST_EXALL_1000_ENTRIES_REPEAT10_TOTAL_US	49984
PASS	1
PASS: requested mounted-volume workload outputs are complete and data-checked
