=== BFS vs PFS3 Benchmark (FS-UAE 68040) ===
Evidence directory: /home/fabian/.cache/bfs-performance/append-attr2-2026-10-10.xibtLq/results/append2-prod-1-bfs-first-ref
Mode: compare
Timeout: 600s


=== Machine Info ===
# Machine Info
Kickstart 47.102, Workbench 47.2
System: 68040 68040/060-FPU   (INST: Cache Burst) (DATA: NoCache NoBurst)
Type  Available    In-Use   Maximum   Largest
chip    2028040     52728   2080768   2027968
fast    7532616    855992   8388608   7527544
total   9560656    908720  10469376   7527544


Mounted disks:
Unit      Size       Used       Free Full Errs   Status   Name
DF0       No disk present
DH0      4095M    4194304    4194303  50%   0  Read/Write System
DH1       255M         36      65372   0%   0  Read/Write BFSTest
DH2       Not a DOS disk

Volumes available:
BFSTest [Mounted]
System [Mounted]

=== BFS Results ===
FS_COMPARE_BENCH	4
DRIVE	DH1:
SMALL_CREATE_40_US	29185
LOOKUP_400_US	59007
SMALL_READ_40_US	16511
LIST_EXNEXT_400_US	27712
LIST_EXALL_400_US	7808
SEQ_WRITE_8M_US	51455
SEQ_READ_8M_US	271807
SMALL_DELETE_40_US	13632
APPEND_4K_1M_US	53313
APPEND_1K_256K_US	43968
APPEND_READ_1280K_US	45505
LIST_EXNEXT_40_ENTRIES_FIRST_PASS_US	4865
LIST_EXNEXT_40_ENTRIES_REPEAT10_TOTAL_US	32768
LIST_EXALL_40_ENTRIES_FIRST_PASS_US	2689
LIST_EXALL_40_ENTRIES_REPEAT10_TOTAL_US	12288
LIST_EXNEXT_400_ENTRIES_FIRST_PASS_US	46591
LIST_EXNEXT_400_ENTRIES_REPEAT10_TOTAL_US	292350
LIST_EXALL_400_ENTRIES_FIRST_PASS_US	16128
LIST_EXALL_400_ENTRIES_REPEAT10_TOTAL_US	98816
LIST_EXNEXT_1000_ENTRIES_FIRST_PASS_US	151743
LIST_EXNEXT_1000_ENTRIES_REPEAT10_TOTAL_US	836219
LIST_EXALL_1000_ENTRIES_FIRST_PASS_US	54655
LIST_EXALL_1000_ENTRIES_REPEAT10_TOTAL_US	198782
PASS	1

=== PFS3 Results ===
FS_COMPARE_BENCH	4
DRIVE	DH2:
SMALL_CREATE_40_US	17920
LOOKUP_400_US	69312
SMALL_READ_40_US	23486
LIST_EXNEXT_400_US	13311
LIST_EXALL_400_US	2495
SEQ_WRITE_8M_US	39040
SEQ_READ_8M_US	261759
SMALL_DELETE_40_US	12991
APPEND_4K_1M_US	38271
APPEND_1K_256K_US	25728
APPEND_READ_1280K_US	61439
LIST_EXNEXT_40_ENTRIES_FIRST_PASS_US	1600
LIST_EXNEXT_40_ENTRIES_REPEAT10_TOTAL_US	11969
LIST_EXALL_40_ENTRIES_FIRST_PASS_US	639
LIST_EXALL_40_ENTRIES_REPEAT10_TOTAL_US	2496
LIST_EXNEXT_400_ENTRIES_FIRST_PASS_US	12928
LIST_EXNEXT_400_ENTRIES_REPEAT10_TOTAL_US	112320
LIST_EXALL_400_ENTRIES_FIRST_PASS_US	2752
LIST_EXALL_400_ENTRIES_REPEAT10_TOTAL_US	20096
LIST_EXNEXT_1000_ENTRIES_FIRST_PASS_US	31936
LIST_EXNEXT_1000_ENTRIES_REPEAT10_TOTAL_US	290367
LIST_EXALL_1000_ENTRIES_FIRST_PASS_US	6463
LIST_EXALL_1000_ENTRIES_REPEAT10_TOTAL_US	48959
PASS	1
PASS: requested mounted-volume workload outputs are complete and data-checked
