=== BFS vs PFS3 Benchmark (FS-UAE 68040) ===
Evidence directory: /home/fabian/.cache/bfs-performance/status-2026-10-10.NvWrOR/results/status-3-bfs-first-base
Mode: compare
Timeout: 600s


=== Machine Info ===
# Machine Info
Kickstart 47.102, Workbench 47.2
System: 68040 68040/060-FPU   (INST: Cache Burst) (DATA: NoCache NoBurst)
Type  Available    In-Use   Maximum   Largest
chip    2028040     52728   2080768   2027968
fast    7533080    855528   8388608   7528008
total   9561120    908256  10469376   7528008


Mounted disks:
Unit      Size       Used       Free Full Errs   Status   Name
DF0       No disk present
DH0      4095M    4194304    4194303  50%   0  Read/Write System
DH1       255M         36      65372   0%   0  Read/Write BFSTest
DH2       Not a DOS disk

Volumes available:
BFSTest [Mounted]
System [Mounted]

=== BFS Results ===
FS_COMPARE_BENCH	4
DRIVE	DH1:
SMALL_CREATE_40_US	32512
LOOKUP_400_US	64383
SMALL_READ_40_US	19393
LIST_EXNEXT_400_US	29311
LIST_EXALL_400_US	9216
SEQ_WRITE_8M_US	39429
SEQ_READ_8M_US	273343
SMALL_DELETE_40_US	14382
APPEND_4K_1M_US	70016
APPEND_1K_256K_US	59391
APPEND_READ_1280K_US	50175
LIST_EXNEXT_40_ENTRIES_FIRST_PASS_US	4609
LIST_EXNEXT_40_ENTRIES_REPEAT10_TOTAL_US	29185
LIST_EXALL_40_ENTRIES_FIRST_PASS_US	1983
LIST_EXALL_40_ENTRIES_REPEAT10_TOTAL_US	8640
LIST_EXNEXT_400_ENTRIES_FIRST_PASS_US	41151
LIST_EXNEXT_400_ENTRIES_REPEAT10_TOTAL_US	303167
LIST_EXALL_400_ENTRIES_FIRST_PASS_US	18688
LIST_EXALL_400_ENTRIES_REPEAT10_TOTAL_US	79935
LIST_EXNEXT_1000_ENTRIES_FIRST_PASS_US	97280
LIST_EXNEXT_1000_ENTRIES_REPEAT10_TOTAL_US	753404
LIST_EXALL_1000_ENTRIES_FIRST_PASS_US	41791
LIST_EXALL_1000_ENTRIES_REPEAT10_TOTAL_US	199551
PASS	1

=== PFS3 Results ===
FS_COMPARE_BENCH	4
DRIVE	DH2:
SMALL_CREATE_40_US	17983
LOOKUP_400_US	65983
SMALL_READ_40_US	14719
LIST_EXNEXT_400_US	12352
LIST_EXALL_400_US	2623
SEQ_WRITE_8M_US	53440
SEQ_READ_8M_US	256573
SMALL_DELETE_40_US	7936
APPEND_4K_1M_US	33408
APPEND_1K_256K_US	25023
APPEND_READ_1280K_US	40256
LIST_EXNEXT_40_ENTRIES_FIRST_PASS_US	1663
LIST_EXNEXT_40_ENTRIES_REPEAT10_TOTAL_US	12588
LIST_EXALL_40_ENTRIES_FIRST_PASS_US	575
LIST_EXALL_40_ENTRIES_REPEAT10_TOTAL_US	2495
LIST_EXNEXT_400_ENTRIES_FIRST_PASS_US	13760
LIST_EXNEXT_400_ENTRIES_REPEAT10_TOTAL_US	114624
LIST_EXALL_400_ENTRIES_FIRST_PASS_US	3775
LIST_EXALL_400_ENTRIES_REPEAT10_TOTAL_US	20353
LIST_EXNEXT_1000_ENTRIES_FIRST_PASS_US	33409
LIST_EXNEXT_1000_ENTRIES_REPEAT10_TOTAL_US	289663
LIST_EXALL_1000_ENTRIES_FIRST_PASS_US	6655
LIST_EXALL_1000_ENTRIES_REPEAT10_TOTAL_US	49983
PASS	1
PASS: requested mounted-volume workload outputs are complete and data-checked
