=== BFS vs PFS3 Benchmark (FS-UAE 68040) ===
Evidence directory: /home/fabian/.cache/bfs-performance/prodcodegen-pilot-2026-10-10.rjXGlO/results/prodcodegen-8-pfs3-first-candidate
Mode: compare
Timeout: 600s


=== Machine Info ===
# Machine Info
Kickstart 47.102, Workbench 47.2
System: 68040 68040/060-FPU   (INST: Cache Burst) (DATA: NoCache NoBurst)
Type  Available    In-Use   Maximum   Largest
chip    2028040     52728   2080768   2027968
fast    7534464    854144   8388608   7529392
total   9562504    906872  10469376   7529392


Mounted disks:
Unit      Size       Used       Free Full Errs   Status   Name
DF0       No disk present
DH0      4095M    4194304    4194303  50%   0  Read/Write System
DH1       255M         36      65372   0%   0  Read/Write BFSTest
DH2       Not a DOS disk

Volumes available:
BFSTest [Mounted]
System [Mounted]

=== BFS Results ===
FS_COMPARE_BENCH	4
DRIVE	DH1:
SMALL_CREATE_40_US	29760
LOOKUP_400_US	78465
SMALL_READ_40_US	18053
LIST_EXNEXT_400_US	27968
LIST_EXALL_400_US	7617
SEQ_WRITE_8M_US	36419
SEQ_READ_8M_US	311870
SMALL_DELETE_40_US	19136
APPEND_4K_1M_US	143294
APPEND_1K_256K_US	58496
APPEND_READ_1280K_US	46731
LIST_EXNEXT_40_ENTRIES_FIRST_PASS_US	4393
LIST_EXNEXT_40_ENTRIES_REPEAT10_TOTAL_US	39743
LIST_EXALL_40_ENTRIES_FIRST_PASS_US	4505
LIST_EXALL_40_ENTRIES_REPEAT10_TOTAL_US	15037
LIST_EXNEXT_400_ENTRIES_FIRST_PASS_US	46145
LIST_EXNEXT_400_ENTRIES_REPEAT10_TOTAL_US	362302
LIST_EXALL_400_ENTRIES_FIRST_PASS_US	16896
LIST_EXALL_400_ENTRIES_REPEAT10_TOTAL_US	77503
LIST_EXNEXT_1000_ENTRIES_FIRST_PASS_US	97599
LIST_EXNEXT_1000_ENTRIES_REPEAT10_TOTAL_US	818107
LIST_EXALL_1000_ENTRIES_FIRST_PASS_US	56703
LIST_EXALL_1000_ENTRIES_REPEAT10_TOTAL_US	195391
PASS	1

=== PFS3 Results ===
FS_COMPARE_BENCH	4
DRIVE	DH2:
SMALL_CREATE_40_US	16384
LOOKUP_400_US	65344
SMALL_READ_40_US	13953
LIST_EXNEXT_400_US	11775
LIST_EXALL_400_US	2496
SEQ_WRITE_8M_US	39166
SEQ_READ_8M_US	255807
SMALL_DELETE_40_US	8000
APPEND_4K_1M_US	31808
APPEND_1K_256K_US	24768
APPEND_READ_1280K_US	48641
LIST_EXNEXT_40_ENTRIES_FIRST_PASS_US	1665
LIST_EXNEXT_40_ENTRIES_REPEAT10_TOTAL_US	12800
LIST_EXALL_40_ENTRIES_FIRST_PASS_US	576
LIST_EXALL_40_ENTRIES_REPEAT10_TOTAL_US	2497
LIST_EXNEXT_400_ENTRIES_FIRST_PASS_US	12863
LIST_EXNEXT_400_ENTRIES_REPEAT10_TOTAL_US	135486
LIST_EXALL_400_ENTRIES_FIRST_PASS_US	2943
LIST_EXALL_400_ENTRIES_REPEAT10_TOTAL_US	20416
LIST_EXNEXT_1000_ENTRIES_FIRST_PASS_US	32063
LIST_EXNEXT_1000_ENTRIES_REPEAT10_TOTAL_US	277438
LIST_EXALL_1000_ENTRIES_FIRST_PASS_US	6977
LIST_EXALL_1000_ENTRIES_REPEAT10_TOTAL_US	49088
PASS	1
PASS: requested mounted-volume workload outputs are complete and data-checked
