=== BFS vs PFS3 Benchmark (FS-UAE 68040) ===
Evidence directory: /home/fabian/.cache/bfs-performance/relflags-2026-10-10.P6tt1r/results/relflags-1-bfs-first-o2-040
Mode: compare
Timeout: 600s


=== Machine Info ===
# Machine Info
Kickstart 47.102, Workbench 47.2
System: 68040 68040/060-FPU   (INST: Cache Burst) (DATA: NoCache NoBurst)
Type  Available    In-Use   Maximum   Largest
chip    2028040     52728   2080768   2027968
fast    7532216    856392   8388608   7527144
total   9560256    909120  10469376   7527144


Mounted disks:
Unit      Size       Used       Free Full Errs   Status   Name
DF0       No disk present
DH0      4095M    4194304    4194303  50%   0  Read/Write System
DH1       255M         36      65372   0%   0  Read/Write BFSTest
DH2       Not a DOS disk

Volumes available:
BFSTest [Mounted]
System [Mounted]

=== BFS Results ===
FS_COMPARE_BENCH	4
DRIVE	DH1:
SMALL_CREATE_40_US	30591
LOOKUP_400_US	58752
SMALL_READ_40_US	17984
LIST_EXNEXT_400_US	27200
LIST_EXALL_400_US	7167
SEQ_WRITE_8M_US	35648
SEQ_READ_8M_US	271678
SMALL_DELETE_40_US	13760
APPEND_4K_1M_US	67968
APPEND_1K_256K_US	56448
APPEND_READ_1280K_US	64265
LIST_EXNEXT_40_ENTRIES_FIRST_PASS_US	6397
LIST_EXNEXT_40_ENTRIES_REPEAT10_TOTAL_US	30592
LIST_EXALL_40_ENTRIES_FIRST_PASS_US	1920
LIST_EXALL_40_ENTRIES_REPEAT10_TOTAL_US	7873
LIST_EXNEXT_400_ENTRIES_FIRST_PASS_US	36800
LIST_EXNEXT_400_ENTRIES_REPEAT10_TOTAL_US	282238
LIST_EXALL_400_ENTRIES_FIRST_PASS_US	15552
LIST_EXALL_400_ENTRIES_REPEAT10_TOTAL_US	73408
LIST_EXNEXT_1000_ENTRIES_FIRST_PASS_US	100991
LIST_EXNEXT_1000_ENTRIES_REPEAT10_TOTAL_US	720233
LIST_EXALL_1000_ENTRIES_FIRST_PASS_US	38783
LIST_EXALL_1000_ENTRIES_REPEAT10_TOTAL_US	196159
PASS	1

=== PFS3 Results ===
FS_COMPARE_BENCH	4
DRIVE	DH2:
SMALL_CREATE_40_US	16448
LOOKUP_400_US	65728
SMALL_READ_40_US	13824
LIST_EXNEXT_400_US	12129
LIST_EXALL_400_US	2560
SEQ_WRITE_8M_US	38334
SEQ_READ_8M_US	255743
SMALL_DELETE_40_US	8255
APPEND_4K_1M_US	32135
APPEND_1K_256K_US	30080
APPEND_READ_1280K_US	44096
LIST_EXNEXT_40_ENTRIES_FIRST_PASS_US	1536
LIST_EXNEXT_40_ENTRIES_REPEAT10_TOTAL_US	12032
LIST_EXALL_40_ENTRIES_FIRST_PASS_US	576
LIST_EXALL_40_ENTRIES_REPEAT10_TOTAL_US	2560
LIST_EXNEXT_400_ENTRIES_FIRST_PASS_US	13056
LIST_EXNEXT_400_ENTRIES_REPEAT10_TOTAL_US	125823
LIST_EXALL_400_ENTRIES_FIRST_PASS_US	2778
LIST_EXALL_400_ENTRIES_REPEAT10_TOTAL_US	20095
LIST_EXNEXT_1000_ENTRIES_FIRST_PASS_US	31679
LIST_EXNEXT_1000_ENTRIES_REPEAT10_TOTAL_US	279102
LIST_EXALL_1000_ENTRIES_FIRST_PASS_US	6720
LIST_EXALL_1000_ENTRIES_REPEAT10_TOTAL_US	56511
PASS	1
PASS: requested mounted-volume workload outputs are complete and data-checked
