=== BFS vs PFS3 Benchmark (FS-UAE 68040) ===
Evidence directory: /home/fabian/.cache/bfs-performance/sparse-crc-2026-10-09.xN615F/candidate/build/benchmark/sparse-durable-20261009-sparse-2-pfs3-first
Mode: durable-compare
Timeout: 600s


=== Machine Info ===
# Machine Info
Kickstart 47.102, Workbench 47.2
System: 68040 68040/060-FPU   (INST: Cache Burst) (DATA: NoCache NoBurst)
Type  Available    In-Use   Maximum   Largest
chip    2028040     52728   2080768   2027968
fast    7686824    701784   8388608   7681768
total   9714864    754512  10469376   7681768


Mounted disks:
Unit      Size       Used       Free Full Errs   Status   Name
DF0       No disk present
DH0      4095M    4194304    4194303  50%   0  Read/Write System
DH1       255M         36      65372   0%   0  Read/Write BFSTest
DH2       Not a DOS disk

Volumes available:
BFSTest [Mounted]
System [Mounted]

=== BFS Results ===
FS_DURABLE_COMPARE	4
DRIVE	DH1:
SMALL_CREATE_40_US	35073
LOOKUP_400_US	86976
SMALL_READ_40_US	21249
LIST_EXNEXT_400_US	43199
LIST_EXALL_400_US	8960
SEQ_WRITE_8M_US	45056
SEQ_READ_8M_US	270013
SMALL_DELETE_40_US	29504
APPEND_4K_1M_US	129565
APPEND_1K_256K_US	79277
APPEND_READ_1280K_US	43585
LIST_EXNEXT_40_ENTRIES_FIRST_PASS_US	5760
LIST_EXNEXT_40_ENTRIES_REPEAT10_TOTAL_US	33537
LIST_EXALL_40_ENTRIES_FIRST_PASS_US	3647
LIST_EXALL_40_ENTRIES_REPEAT10_TOTAL_US	13376
LIST_EXNEXT_400_ENTRIES_FIRST_PASS_US	62335
LIST_EXNEXT_400_ENTRIES_REPEAT10_TOTAL_US	631677
LIST_EXALL_400_ENTRIES_FIRST_PASS_US	33153
LIST_EXALL_400_ENTRIES_REPEAT10_TOTAL_US	450366
LIST_EXNEXT_1000_ENTRIES_FIRST_PASS_US	201023
LIST_EXNEXT_1000_ENTRIES_REPEAT10_TOTAL_US	1695094
LIST_EXALL_1000_ENTRIES_FIRST_PASS_US	88128
LIST_EXALL_1000_ENTRIES_REPEAT10_TOTAL_US	935866
PASS	1

=== PFS3 Results ===
FS_DURABLE_COMPARE	4
DRIVE	DH2:
SMALL_CREATE_40_US	23679
LOOKUP_400_US	68288
SMALL_READ_40_US	16320
LIST_EXNEXT_400_US	12798
LIST_EXALL_400_US	3200
SEQ_WRITE_8M_US	46975
SEQ_READ_8M_US	323198
SMALL_DELETE_40_US	9408
APPEND_4K_1M_US	33216
APPEND_1K_256K_US	24640
APPEND_READ_1280K_US	41600
LIST_EXNEXT_40_ENTRIES_FIRST_PASS_US	2112
LIST_EXNEXT_40_ENTRIES_REPEAT10_TOTAL_US	12160
LIST_EXALL_40_ENTRIES_FIRST_PASS_US	576
LIST_EXALL_40_ENTRIES_REPEAT10_TOTAL_US	2560
LIST_EXNEXT_400_ENTRIES_FIRST_PASS_US	13183
LIST_EXNEXT_400_ENTRIES_REPEAT10_TOTAL_US	117761
LIST_EXALL_400_ENTRIES_FIRST_PASS_US	3008
LIST_EXALL_400_ENTRIES_REPEAT10_TOTAL_US	23980
LIST_EXNEXT_1000_ENTRIES_FIRST_PASS_US	32255
LIST_EXNEXT_1000_ENTRIES_REPEAT10_TOTAL_US	283583
LIST_EXALL_1000_ENTRIES_FIRST_PASS_US	6335
LIST_EXALL_1000_ENTRIES_REPEAT10_TOTAL_US	50239
PASS	1
PASS: requested mounted-volume workload outputs are complete and data-checked
