=== BFS vs PFS3 Benchmark (FS-UAE 68040) ===
Evidence directory: /home/fabian/.cache/bfs-performance/metadata-2026-10-08.QvzB5w/build/benchmark/metadata-m3-c8-20261008-m3-5-bfs-first
Mode: compare
Timeout: 600s


=== Machine Info ===
# Machine Info
Kickstart 47.102, Workbench 47.2
System: 68040 68040/060-FPU   (INST: Cache Burst) (DATA: NoCache NoBurst)
Type  Available    In-Use   Maximum   Largest
chip    2028040     52728   2080768   2027968
fast    7689920    698688   8388608   7684880
total   9717960    751416  10469376   7684880


Mounted disks:
Unit      Size       Used       Free Full Errs   Status   Name
DF0       No disk present
DH0      4095M    4194304    4194303  50%   0  Read/Write System
DH1       255M         36      65372   0%   0  Read/Write BFSTest
DH2       Not a DOS disk

Volumes available:
BFSTest [Mounted]
System [Mounted]

=== BFS Results ===
FS_COMPARE_BENCH	4
DRIVE	DH1:
SMALL_CREATE_40_US	28159
LOOKUP_400_US	74880
SMALL_READ_40_US	19520
LIST_EXNEXT_400_US	30080
LIST_EXALL_400_US	8703
SEQ_WRITE_8M_US	37311
SEQ_READ_8M_US	271039
SMALL_DELETE_40_US	17151
APPEND_4K_1M_US	96512
APPEND_1K_256K_US	58239
APPEND_READ_1280K_US	43200
LIST_EXNEXT_40_ENTRIES_FIRST_PASS_US	8193
LIST_EXNEXT_40_ENTRIES_REPEAT10_TOTAL_US	31532
LIST_EXALL_40_ENTRIES_FIRST_PASS_US	3840
LIST_EXALL_40_ENTRIES_REPEAT10_TOTAL_US	9152
LIST_EXNEXT_400_ENTRIES_FIRST_PASS_US	59775
LIST_EXNEXT_400_ENTRIES_REPEAT10_TOTAL_US	639274
LIST_EXALL_400_ENTRIES_FIRST_PASS_US	39743
LIST_EXALL_400_ENTRIES_REPEAT10_TOTAL_US	389309
LIST_EXNEXT_1000_ENTRIES_FIRST_PASS_US	155199
LIST_EXNEXT_1000_ENTRIES_REPEAT10_TOTAL_US	1567286
LIST_EXALL_1000_ENTRIES_FIRST_PASS_US	97215
LIST_EXALL_1000_ENTRIES_REPEAT10_TOTAL_US	970491
PASS	1

=== PFS3 Results ===
FS_COMPARE_BENCH	4
DRIVE	DH2:
SMALL_CREATE_40_US	16577
LOOKUP_400_US	66751
SMALL_READ_40_US	13248
LIST_EXNEXT_400_US	11903
LIST_EXALL_400_US	2479
SEQ_WRITE_8M_US	39680
SEQ_READ_8M_US	256382
SMALL_DELETE_40_US	8383
APPEND_4K_1M_US	31935
APPEND_1K_256K_US	22913
APPEND_READ_1280K_US	40575
LIST_EXNEXT_40_ENTRIES_FIRST_PASS_US	1536
LIST_EXNEXT_40_ENTRIES_REPEAT10_TOTAL_US	11776
LIST_EXALL_40_ENTRIES_FIRST_PASS_US	575
LIST_EXALL_40_ENTRIES_REPEAT10_TOTAL_US	2495
LIST_EXNEXT_400_ENTRIES_FIRST_PASS_US	12735
LIST_EXNEXT_400_ENTRIES_REPEAT10_TOTAL_US	112127
LIST_EXALL_400_ENTRIES_FIRST_PASS_US	2880
LIST_EXALL_400_ENTRIES_REPEAT10_TOTAL_US	20225
LIST_EXNEXT_1000_ENTRIES_FIRST_PASS_US	30592
LIST_EXNEXT_1000_ENTRIES_REPEAT10_TOTAL_US	272574
LIST_EXALL_1000_ENTRIES_FIRST_PASS_US	6400
LIST_EXALL_1000_ENTRIES_REPEAT10_TOTAL_US	49855
PASS	1
PASS: requested mounted-volume workload outputs are complete and data-checked
