=== BFS vs PFS3 Benchmark (FS-UAE 68040) ===
Evidence directory: /home/fabian/.cache/bfs-performance/floor-resident-2026-10-09.mJFQvl/results/floor-durable-candidate-1-bfs-first
Mode: durable-compare
Timeout: 600s


=== Machine Info ===
# Machine Info
Kickstart 47.102, Workbench 47.2
System: 68040 68040/060-FPU   (INST: Cache Burst) (DATA: NoCache NoBurst)
Type  Available    In-Use   Maximum   Largest
chip    2028040     52728   2080768   2027968
fast    7686680    701928   8388608   7681624
total   9714720    754656  10469376   7681624


Mounted disks:
Unit      Size       Used       Free Full Errs   Status   Name
DF0       No disk present
DH0      4095M    4194304    4194303  50%   0  Read/Write System
DH1       255M         36      65372   0%   0  Read/Write BFSTest
DH2       Not a DOS disk

Volumes available:
BFSTest [Mounted]
System [Mounted]

=== BFS Results ===
FS_DURABLE_COMPARE	4
DRIVE	DH1:
SMALL_CREATE_40_US	30720
LOOKUP_400_US	75840
SMALL_READ_40_US	18177
LIST_EXNEXT_400_US	30783
LIST_EXALL_400_US	9215
SEQ_WRITE_8M_US	37760
SEQ_READ_8M_US	359806
SMALL_DELETE_40_US	20289
APPEND_4K_1M_US	71936
APPEND_1K_256K_US	65217
APPEND_READ_1280K_US	46399
LIST_EXNEXT_40_ENTRIES_FIRST_PASS_US	7552
LIST_EXNEXT_40_ENTRIES_REPEAT10_TOTAL_US	60588
LIST_EXALL_40_ENTRIES_FIRST_PASS_US	5312
LIST_EXALL_40_ENTRIES_REPEAT10_TOTAL_US	10366
LIST_EXNEXT_400_ENTRIES_FIRST_PASS_US	65280
LIST_EXNEXT_400_ENTRIES_REPEAT10_TOTAL_US	620028
LIST_EXALL_400_ENTRIES_FIRST_PASS_US	97216
LIST_EXALL_400_ENTRIES_REPEAT10_TOTAL_US	307071
LIST_EXNEXT_1000_ENTRIES_FIRST_PASS_US	194238
LIST_EXNEXT_1000_ENTRIES_REPEAT10_TOTAL_US	1461049
LIST_EXALL_1000_ENTRIES_FIRST_PASS_US	84736
LIST_EXALL_1000_ENTRIES_REPEAT10_TOTAL_US	800507
PASS	1

=== PFS3 Results ===
FS_DURABLE_COMPARE	4
DRIVE	DH2:
SMALL_CREATE_40_US	18305
LOOKUP_400_US	74943
SMALL_READ_40_US	18560
LIST_EXNEXT_400_US	12096
LIST_EXALL_400_US	2495
SEQ_WRITE_8M_US	41408
SEQ_READ_8M_US	256382
SMALL_DELETE_40_US	10368
APPEND_4K_1M_US	35969
APPEND_1K_256K_US	25600
APPEND_READ_1280K_US	41345
LIST_EXNEXT_40_ENTRIES_FIRST_PASS_US	1600
LIST_EXNEXT_40_ENTRIES_REPEAT10_TOTAL_US	12417
LIST_EXALL_40_ENTRIES_FIRST_PASS_US	576
LIST_EXALL_40_ENTRIES_REPEAT10_TOTAL_US	2495
LIST_EXNEXT_400_ENTRIES_FIRST_PASS_US	12671
LIST_EXNEXT_400_ENTRIES_REPEAT10_TOTAL_US	113472
LIST_EXALL_400_ENTRIES_FIRST_PASS_US	3032
LIST_EXALL_400_ENTRIES_REPEAT10_TOTAL_US	20415
LIST_EXNEXT_1000_ENTRIES_FIRST_PASS_US	40640
LIST_EXNEXT_1000_ENTRIES_REPEAT10_TOTAL_US	283775
LIST_EXALL_1000_ENTRIES_FIRST_PASS_US	6655
LIST_EXALL_1000_ENTRIES_REPEAT10_TOTAL_US	49536
PASS	1
PASS: requested mounted-volume workload outputs are complete and data-checked
