=== BFS vs PFS3 Benchmark (FS-UAE 68040) ===
Evidence directory: /home/fabian/.cache/bfs-performance/status-2026-10-10.NvWrOR/results/status-2-pfs3-first-current
Mode: compare
Timeout: 600s


=== Machine Info ===
# Machine Info
Kickstart 47.102, Workbench 47.2
System: 68040 68040/060-FPU   (INST: Cache Burst) (DATA: NoCache NoBurst)
Type  Available    In-Use   Maximum   Largest
chip    2028040     52728   2080768   2027968
fast    7531240    857368   8388608   7526176
total   9559280    910096  10469376   7526176


Mounted disks:
Unit      Size       Used       Free Full Errs   Status   Name
DF0       No disk present
DH0      4095M    4194304    4194303  50%   0  Read/Write System
DH1       255M         36      65372   0%   0  Read/Write BFSTest
DH2       Not a DOS disk

Volumes available:
BFSTest [Mounted]
System [Mounted]

=== BFS Results ===
FS_COMPARE_BENCH	4
DRIVE	DH1:
SMALL_CREATE_40_US	30407
LOOKUP_400_US	60607
SMALL_READ_40_US	22976
LIST_EXNEXT_400_US	21503
LIST_EXALL_400_US	7680
SEQ_WRITE_8M_US	28353
SEQ_READ_8M_US	263870
SMALL_DELETE_40_US	13888
APPEND_4K_1M_US	51840
APPEND_1K_256K_US	42240
APPEND_READ_1280K_US	46720
LIST_EXNEXT_40_ENTRIES_FIRST_PASS_US	3840
LIST_EXNEXT_40_ENTRIES_REPEAT10_TOTAL_US	21120
LIST_EXALL_40_ENTRIES_FIRST_PASS_US	1792
LIST_EXALL_40_ENTRIES_REPEAT10_TOTAL_US	8383
LIST_EXNEXT_400_ENTRIES_FIRST_PASS_US	30080
LIST_EXNEXT_400_ENTRIES_REPEAT10_TOTAL_US	231102
LIST_EXALL_400_ENTRIES_FIRST_PASS_US	17407
LIST_EXALL_400_ENTRIES_REPEAT10_TOTAL_US	78783
LIST_EXNEXT_1000_ENTRIES_FIRST_PASS_US	86653
LIST_EXNEXT_1000_ENTRIES_REPEAT10_TOTAL_US	551294
LIST_EXALL_1000_ENTRIES_FIRST_PASS_US	40318
LIST_EXALL_1000_ENTRIES_REPEAT10_TOTAL_US	208127
PASS	1

=== PFS3 Results ===
FS_COMPARE_BENCH	4
DRIVE	DH2:
SMALL_CREATE_40_US	16007
LOOKUP_400_US	68545
SMALL_READ_40_US	17086
LIST_EXNEXT_400_US	15808
LIST_EXALL_400_US	2560
SEQ_WRITE_8M_US	36864
SEQ_READ_8M_US	257150
SMALL_DELETE_40_US	7935
APPEND_4K_1M_US	33409
APPEND_1K_256K_US	23423
APPEND_READ_1280K_US	40713
LIST_EXNEXT_40_ENTRIES_FIRST_PASS_US	1855
LIST_EXNEXT_40_ENTRIES_REPEAT10_TOTAL_US	11968
LIST_EXALL_40_ENTRIES_FIRST_PASS_US	577
LIST_EXALL_40_ENTRIES_REPEAT10_TOTAL_US	2433
LIST_EXNEXT_400_ENTRIES_FIRST_PASS_US	13312
LIST_EXNEXT_400_ENTRIES_REPEAT10_TOTAL_US	115839
LIST_EXALL_400_ENTRIES_FIRST_PASS_US	4096
LIST_EXALL_400_ENTRIES_REPEAT10_TOTAL_US	27647
LIST_EXNEXT_1000_ENTRIES_FIRST_PASS_US	31808
LIST_EXNEXT_1000_ENTRIES_REPEAT10_TOTAL_US	275647
LIST_EXALL_1000_ENTRIES_FIRST_PASS_US	6528
LIST_EXALL_1000_ENTRIES_REPEAT10_TOTAL_US	49920
PASS	1
PASS: requested mounted-volume workload outputs are complete and data-checked
