=== BFS vs PFS3 Benchmark (FS-UAE 68040) ===
Evidence directory: /home/fabian/.cache/bfs-performance/relflags-2026-10-10.P6tt1r/results/relflags-4-pfs3-first-o2-040
Mode: compare
Timeout: 600s


=== Machine Info ===
# Machine Info
Kickstart 47.102, Workbench 47.2
System: 68040 68040/060-FPU   (INST: Cache Burst) (DATA: NoCache NoBurst)
Type  Available    In-Use   Maximum   Largest
chip    2028040     52728   2080768   2027968
fast    7532216    856392   8388608   7527144
total   9560256    909120  10469376   7527144


Mounted disks:
Unit      Size       Used       Free Full Errs   Status   Name
DF0       No disk present
DH0      4095M    4194304    4194303  50%   0  Read/Write System
DH1       255M         36      65372   0%   0  Read/Write BFSTest
DH2       Not a DOS disk

Volumes available:
BFSTest [Mounted]
System [Mounted]

=== BFS Results ===
FS_COMPARE_BENCH	4
DRIVE	DH1:
SMALL_CREATE_40_US	27263
LOOKUP_400_US	58495
SMALL_READ_40_US	15999
LIST_EXNEXT_400_US	32962
LIST_EXALL_400_US	8448
SEQ_WRITE_8M_US	36543
SEQ_READ_8M_US	253439
SMALL_DELETE_40_US	13632
APPEND_4K_1M_US	65664
APPEND_1K_256K_US	57024
APPEND_READ_1280K_US	48960
LIST_EXNEXT_40_ENTRIES_FIRST_PASS_US	4544
LIST_EXNEXT_40_ENTRIES_REPEAT10_TOTAL_US	29312
LIST_EXALL_40_ENTRIES_FIRST_PASS_US	1857
LIST_EXALL_40_ENTRIES_REPEAT10_TOTAL_US	8256
LIST_EXNEXT_400_ENTRIES_FIRST_PASS_US	37952
LIST_EXNEXT_400_ENTRIES_REPEAT10_TOTAL_US	302846
LIST_EXALL_400_ENTRIES_FIRST_PASS_US	15617
LIST_EXALL_400_ENTRIES_REPEAT10_TOTAL_US	75006
LIST_EXNEXT_1000_ENTRIES_FIRST_PASS_US	93953
LIST_EXNEXT_1000_ENTRIES_REPEAT10_TOTAL_US	747452
LIST_EXALL_1000_ENTRIES_FIRST_PASS_US	38143
LIST_EXALL_1000_ENTRIES_REPEAT10_TOTAL_US	188159
PASS	1

=== PFS3 Results ===
FS_COMPARE_BENCH	4
DRIVE	DH2:
SMALL_CREATE_40_US	17087
LOOKUP_400_US	78143
SMALL_READ_40_US	13695
LIST_EXNEXT_400_US	11968
LIST_EXALL_400_US	2495
SEQ_WRITE_8M_US	38656
SEQ_READ_8M_US	253184
SMALL_DELETE_40_US	7871
APPEND_4K_1M_US	32000
APPEND_1K_256K_US	22792
APPEND_READ_1280K_US	40768
LIST_EXNEXT_40_ENTRIES_FIRST_PASS_US	1728
LIST_EXNEXT_40_ENTRIES_REPEAT10_TOTAL_US	12159
LIST_EXALL_40_ENTRIES_FIRST_PASS_US	576
LIST_EXALL_40_ENTRIES_REPEAT10_TOTAL_US	2560
LIST_EXNEXT_400_ENTRIES_FIRST_PASS_US	12865
LIST_EXNEXT_400_ENTRIES_REPEAT10_TOTAL_US	112768
LIST_EXALL_400_ENTRIES_FIRST_PASS_US	2943
LIST_EXALL_400_ENTRIES_REPEAT10_TOTAL_US	20096
LIST_EXNEXT_1000_ENTRIES_FIRST_PASS_US	33089
LIST_EXNEXT_1000_ENTRIES_REPEAT10_TOTAL_US	291582
LIST_EXALL_1000_ENTRIES_FIRST_PASS_US	7360
LIST_EXALL_1000_ENTRIES_REPEAT10_TOTAL_US	50687
PASS	1
PASS: requested mounted-volume workload outputs are complete and data-checked
