=== BFS vs PFS3 Benchmark (FS-UAE 68040) ===
Evidence directory: /home/fabian/.cache/bfs-performance/splitbatch-2026-10-10.USYRpP/results/splitbatch-4-pfs3-first-split
Mode: compare
Timeout: 600s


=== Machine Info ===
# Machine Info
Kickstart 47.102, Workbench 47.2
System: 68040 68040/060-FPU   (INST: Cache Burst) (DATA: NoCache NoBurst)
Type  Available    In-Use   Maximum   Largest
chip    2028040     52728   2080768   2027968
fast    7531224    857384   8388608   7526160
total   9559264    910112  10469376   7526160


Mounted disks:
Unit      Size       Used       Free Full Errs   Status   Name
DF0       No disk present
DH0      4095M    4194304    4194303  50%   0  Read/Write System
DH1       255M         36      65372   0%   0  Read/Write BFSTest
DH2       Not a DOS disk

Volumes available:
BFSTest [Mounted]
System [Mounted]

=== BFS Results ===
FS_COMPARE_BENCH	4
DRIVE	DH1:
SMALL_CREATE_40_US	29825
LOOKUP_400_US	62208
SMALL_READ_40_US	28480
LIST_EXNEXT_400_US	21760
LIST_EXALL_400_US	7809
SEQ_WRITE_8M_US	29247
SEQ_READ_8M_US	257050
SMALL_DELETE_40_US	13823
APPEND_4K_1M_US	53248
APPEND_1K_256K_US	43073
APPEND_READ_1280K_US	63936
LIST_EXNEXT_40_ENTRIES_FIRST_PASS_US	3263
LIST_EXNEXT_40_ENTRIES_REPEAT10_TOTAL_US	21505
LIST_EXALL_40_ENTRIES_FIRST_PASS_US	2049
LIST_EXALL_40_ENTRIES_REPEAT10_TOTAL_US	8640
LIST_EXNEXT_400_ENTRIES_FIRST_PASS_US	28800
LIST_EXNEXT_400_ENTRIES_REPEAT10_TOTAL_US	210239
LIST_EXALL_400_ENTRIES_FIRST_PASS_US	23104
LIST_EXALL_400_ENTRIES_REPEAT10_TOTAL_US	81280
LIST_EXNEXT_1000_ENTRIES_FIRST_PASS_US	68928
LIST_EXNEXT_1000_ENTRIES_REPEAT10_TOTAL_US	530109
LIST_EXALL_1000_ENTRIES_FIRST_PASS_US	35071
LIST_EXALL_1000_ENTRIES_REPEAT10_TOTAL_US	187775
PASS	1

=== PFS3 Results ===
FS_COMPARE_BENCH	4
DRIVE	DH2:
SMALL_CREATE_40_US	18240
LOOKUP_400_US	67265
SMALL_READ_40_US	13824
LIST_EXNEXT_400_US	11840
LIST_EXALL_400_US	2560
SEQ_WRITE_8M_US	39424
SEQ_READ_8M_US	248319
SMALL_DELETE_40_US	7788
APPEND_4K_1M_US	35072
APPEND_1K_256K_US	22975
APPEND_READ_1280K_US	54144
LIST_EXNEXT_40_ENTRIES_FIRST_PASS_US	1600
LIST_EXNEXT_40_ENTRIES_REPEAT10_TOTAL_US	11904
LIST_EXALL_40_ENTRIES_FIRST_PASS_US	575
LIST_EXALL_40_ENTRIES_REPEAT10_TOTAL_US	2560
LIST_EXNEXT_400_ENTRIES_FIRST_PASS_US	12223
LIST_EXNEXT_400_ENTRIES_REPEAT10_TOTAL_US	114111
LIST_EXALL_400_ENTRIES_FIRST_PASS_US	8793
LIST_EXALL_400_ENTRIES_REPEAT10_TOTAL_US	21887
LIST_EXNEXT_1000_ENTRIES_FIRST_PASS_US	30975
LIST_EXNEXT_1000_ENTRIES_REPEAT10_TOTAL_US	278142
LIST_EXALL_1000_ENTRIES_FIRST_PASS_US	6464
LIST_EXALL_1000_ENTRIES_REPEAT10_TOTAL_US	49791
PASS	1
PASS: requested mounted-volume workload outputs are complete and data-checked
