=== BFS vs PFS3 Benchmark (FS-UAE 68040) ===
Evidence directory: /home/fabian/.cache/bfs-performance/confirm-2026-10-10.TmkILS/results/confirm-2-pfs3-first-reference
Mode: compare
Timeout: 600s


=== Machine Info ===
# Machine Info
Kickstart 47.102, Workbench 47.2
System: 68040 68040/060-FPU   (INST: Cache Burst) (DATA: NoCache NoBurst)
Type  Available    In-Use   Maximum   Largest
chip    2028040     52728   2080768   2027968
fast    7532616    855992   8388608   7527544
total   9560656    908720  10469376   7527544


Mounted disks:
Unit      Size       Used       Free Full Errs   Status   Name
DF0       No disk present
DH0      4095M    4194304    4194303  50%   0  Read/Write System
DH1       255M         36      65372   0%   0  Read/Write BFSTest
DH2       Not a DOS disk

Volumes available:
BFSTest [Mounted]
System [Mounted]

=== BFS Results ===
FS_COMPARE_BENCH	4
DRIVE	DH1:
SMALL_CREATE_40_US	27520
LOOKUP_400_US	58176
SMALL_READ_40_US	16449
LIST_EXNEXT_400_US	26879
LIST_EXALL_400_US	7743
SEQ_WRITE_8M_US	32768
SEQ_READ_8M_US	266239
SMALL_DELETE_40_US	13504
APPEND_4K_1M_US	51373
APPEND_1K_256K_US	42495
APPEND_READ_1280K_US	44735
LIST_EXNEXT_40_ENTRIES_FIRST_PASS_US	6976
LIST_EXNEXT_40_ENTRIES_REPEAT10_TOTAL_US	31103
LIST_EXALL_40_ENTRIES_FIRST_PASS_US	1984
LIST_EXALL_40_ENTRIES_REPEAT10_TOTAL_US	8685
LIST_EXNEXT_400_ENTRIES_FIRST_PASS_US	36288
LIST_EXNEXT_400_ENTRIES_REPEAT10_TOTAL_US	284670
LIST_EXALL_400_ENTRIES_FIRST_PASS_US	15105
LIST_EXALL_400_ENTRIES_REPEAT10_TOTAL_US	79360
LIST_EXNEXT_1000_ENTRIES_FIRST_PASS_US	97087
LIST_EXNEXT_1000_ENTRIES_REPEAT10_TOTAL_US	719613
LIST_EXALL_1000_ENTRIES_FIRST_PASS_US	36737
LIST_EXALL_1000_ENTRIES_REPEAT10_TOTAL_US	208064
PASS	1

=== PFS3 Results ===
FS_COMPARE_BENCH	4
DRIVE	DH2:
SMALL_CREATE_40_US	15103
LOOKUP_400_US	66175
SMALL_READ_40_US	12864
LIST_EXNEXT_400_US	12353
LIST_EXALL_400_US	2432
SEQ_WRITE_8M_US	39870
SEQ_READ_8M_US	271812
SMALL_DELETE_40_US	7809
APPEND_4K_1M_US	33535
APPEND_1K_256K_US	23360
APPEND_READ_1280K_US	40511
LIST_EXNEXT_40_ENTRIES_FIRST_PASS_US	1600
LIST_EXNEXT_40_ENTRIES_REPEAT10_TOTAL_US	11905
LIST_EXALL_40_ENTRIES_FIRST_PASS_US	1665
LIST_EXALL_40_ENTRIES_REPEAT10_TOTAL_US	2432
LIST_EXNEXT_400_ENTRIES_FIRST_PASS_US	12288
LIST_EXNEXT_400_ENTRIES_REPEAT10_TOTAL_US	110463
LIST_EXALL_400_ENTRIES_FIRST_PASS_US	2687
LIST_EXALL_400_ENTRIES_REPEAT10_TOTAL_US	20032
LIST_EXNEXT_1000_ENTRIES_FIRST_PASS_US	31040
LIST_EXNEXT_1000_ENTRIES_REPEAT10_TOTAL_US	282686
LIST_EXALL_1000_ENTRIES_FIRST_PASS_US	6271
LIST_EXALL_1000_ENTRIES_REPEAT10_TOTAL_US	49280
PASS	1
PASS: requested mounted-volume workload outputs are complete and data-checked
