=== BFS vs PFS3 Benchmark (FS-UAE 68040) ===
Evidence directory: /home/fabian/.cache/bfs-performance/relflags-2026-10-10.P6tt1r/results/relflags-7-bfs-first-o2-020
Mode: compare
Timeout: 600s


=== Machine Info ===
# Machine Info
Kickstart 47.102, Workbench 47.2
System: 68040 68040/060-FPU   (INST: Cache Burst) (DATA: NoCache NoBurst)
Type  Available    In-Use   Maximum   Largest
chip    2028040     52728   2080768   2027968
fast    7534464    854144   8388608   7529392
total   9562504    906872  10469376   7529392


Mounted disks:
Unit      Size       Used       Free Full Errs   Status   Name
DF0       No disk present
DH0      4095M    4194304    4194303  50%   0  Read/Write System
DH1       255M         36      65372   0%   0  Read/Write BFSTest
DH2       Not a DOS disk

Volumes available:
BFSTest [Mounted]
System [Mounted]

=== BFS Results ===
FS_COMPARE_BENCH	4
DRIVE	DH1:
SMALL_CREATE_40_US	28735
LOOKUP_400_US	58624
SMALL_READ_40_US	18111
LIST_EXNEXT_400_US	28032
LIST_EXALL_400_US	7680
SEQ_WRITE_8M_US	37184
SEQ_READ_8M_US	271551
SMALL_DELETE_40_US	13825
APPEND_4K_1M_US	69311
APPEND_1K_256K_US	58432
APPEND_READ_1280K_US	46144
LIST_EXNEXT_40_ENTRIES_FIRST_PASS_US	4583
LIST_EXNEXT_40_ENTRIES_REPEAT10_TOTAL_US	28673
LIST_EXALL_40_ENTRIES_FIRST_PASS_US	1792
LIST_EXALL_40_ENTRIES_REPEAT10_TOTAL_US	8384
LIST_EXNEXT_400_ENTRIES_FIRST_PASS_US	37503
LIST_EXNEXT_400_ENTRIES_REPEAT10_TOTAL_US	295358
LIST_EXALL_400_ENTRIES_FIRST_PASS_US	15807
LIST_EXALL_400_ENTRIES_REPEAT10_TOTAL_US	76160
LIST_EXNEXT_1000_ENTRIES_FIRST_PASS_US	93118
LIST_EXNEXT_1000_ENTRIES_REPEAT10_TOTAL_US	815996
LIST_EXALL_1000_ENTRIES_FIRST_PASS_US	40383
LIST_EXALL_1000_ENTRIES_REPEAT10_TOTAL_US	200254
PASS	1

=== PFS3 Results ===
FS_COMPARE_BENCH	4
DRIVE	DH2:
SMALL_CREATE_40_US	28735
LOOKUP_400_US	66560
SMALL_READ_40_US	17857
LIST_EXNEXT_400_US	38784
LIST_EXALL_400_US	5632
SEQ_WRITE_8M_US	43137
SEQ_READ_8M_US	261758
SMALL_DELETE_40_US	7936
APPEND_4K_1M_US	33856
APPEND_1K_256K_US	23871
APPEND_READ_1280K_US	47808
LIST_EXNEXT_40_ENTRIES_FIRST_PASS_US	1728
LIST_EXNEXT_40_ENTRIES_REPEAT10_TOTAL_US	12480
LIST_EXALL_40_ENTRIES_FIRST_PASS_US	704
LIST_EXALL_40_ENTRIES_REPEAT10_TOTAL_US	2495
LIST_EXNEXT_400_ENTRIES_FIRST_PASS_US	13696
LIST_EXNEXT_400_ENTRIES_REPEAT10_TOTAL_US	112576
LIST_EXALL_400_ENTRIES_FIRST_PASS_US	2944
LIST_EXALL_400_ENTRIES_REPEAT10_TOTAL_US	20480
LIST_EXNEXT_1000_ENTRIES_FIRST_PASS_US	36160
LIST_EXNEXT_1000_ENTRIES_REPEAT10_TOTAL_US	283645
LIST_EXALL_1000_ENTRIES_FIRST_PASS_US	6335
LIST_EXALL_1000_ENTRIES_REPEAT10_TOTAL_US	50560
PASS	1
PASS: requested mounted-volume workload outputs are complete and data-checked
