=== BFS vs PFS3 Benchmark (FS-UAE 68040) ===
Evidence directory: /home/fabian/.cache/bfs-performance/metadata-2026-10-08.QvzB5w/build/benchmark/metadata-m3-c8-20261008-base-7-bfs-first
Mode: compare
Timeout: 600s


=== Machine Info ===
# Machine Info
Kickstart 47.102, Workbench 47.2
System: 68040 68040/060-FPU   (INST: Cache Burst) (DATA: NoCache NoBurst)
Type  Available    In-Use   Maximum   Largest
chip    2028040     52728   2080768   2027968
fast    7690976    697632   8388608   7685936
total   9719016    750360  10469376   7685936


Mounted disks:
Unit      Size       Used       Free Full Errs   Status   Name
DF0       No disk present
DH0      4095M    4194304    4194303  50%   0  Read/Write System
DH1       255M         36      65372   0%   0  Read/Write BFSTest
DH2       Not a DOS disk

Volumes available:
BFSTest [Mounted]
System [Mounted]

=== BFS Results ===
FS_COMPARE_BENCH	4
DRIVE	DH1:
SMALL_CREATE_40_US	36928
LOOKUP_400_US	76543
SMALL_READ_40_US	19008
LIST_EXNEXT_400_US	31552
LIST_EXALL_400_US	8703
SEQ_WRITE_8M_US	36544
SEQ_READ_8M_US	261824
SMALL_DELETE_40_US	17343
APPEND_4K_1M_US	69186
APPEND_1K_256K_US	57792
APPEND_READ_1280K_US	42368
LIST_EXNEXT_40_ENTRIES_FIRST_PASS_US	6528
LIST_EXNEXT_40_ENTRIES_REPEAT10_TOTAL_US	32829
LIST_EXALL_40_ENTRIES_FIRST_PASS_US	3840
LIST_EXALL_40_ENTRIES_REPEAT10_TOTAL_US	9407
LIST_EXNEXT_400_ENTRIES_FIRST_PASS_US	60414
LIST_EXNEXT_400_ENTRIES_REPEAT10_TOTAL_US	624765
LIST_EXALL_400_ENTRIES_FIRST_PASS_US	41601
LIST_EXALL_400_ENTRIES_REPEAT10_TOTAL_US	471741
LIST_EXNEXT_1000_ENTRIES_FIRST_PASS_US	159292
LIST_EXNEXT_1000_ENTRIES_REPEAT10_TOTAL_US	1756214
LIST_EXALL_1000_ENTRIES_FIRST_PASS_US	98304
LIST_EXALL_1000_ENTRIES_REPEAT10_TOTAL_US	1031418
PASS	1

=== PFS3 Results ===
FS_COMPARE_BENCH	4
DRIVE	DH2:
SMALL_CREATE_40_US	17089
LOOKUP_400_US	66366
SMALL_READ_40_US	13888
LIST_EXNEXT_400_US	11937
LIST_EXALL_400_US	2558
SEQ_WRITE_8M_US	40639
SEQ_READ_8M_US	354430
SMALL_DELETE_40_US	12351
APPEND_4K_1M_US	41728
APPEND_1K_256K_US	23808
APPEND_READ_1280K_US	49536
LIST_EXNEXT_40_ENTRIES_FIRST_PASS_US	1727
LIST_EXNEXT_40_ENTRIES_REPEAT10_TOTAL_US	12415
LIST_EXALL_40_ENTRIES_FIRST_PASS_US	704
LIST_EXALL_40_ENTRIES_REPEAT10_TOTAL_US	2495
LIST_EXNEXT_400_ENTRIES_FIRST_PASS_US	12672
LIST_EXNEXT_400_ENTRIES_REPEAT10_TOTAL_US	114366
LIST_EXALL_400_ENTRIES_FIRST_PASS_US	2753
LIST_EXALL_400_ENTRIES_REPEAT10_TOTAL_US	20607
LIST_EXNEXT_1000_ENTRIES_FIRST_PASS_US	32063
LIST_EXNEXT_1000_ENTRIES_REPEAT10_TOTAL_US	301181
LIST_EXALL_1000_ENTRIES_FIRST_PASS_US	7680
LIST_EXALL_1000_ENTRIES_REPEAT10_TOTAL_US	70336
PASS	1
PASS: requested mounted-volume workload outputs are complete and data-checked
