=== BFS vs PFS3 Benchmark (FS-UAE 68040) ===
Evidence directory: /home/fabian/.cache/bfs-performance/append-attr2-2026-10-10.xibtLq/results/append2-prod-1-bfs-first-mid
Mode: compare
Timeout: 600s


=== Machine Info ===
# Machine Info
Kickstart 47.102, Workbench 47.2
System: 68040 68040/060-FPU   (INST: Cache Burst) (DATA: NoCache NoBurst)
Type  Available    In-Use   Maximum   Largest
chip    2028040     52728   2080768   2027968
fast    7532072    856536   8388608   7526984
total   9560112    909264  10469376   7526984


Mounted disks:
Unit      Size       Used       Free Full Errs   Status   Name
DF0       No disk present
DH0      4095M    4194304    4194303  50%   0  Read/Write System
DH1       255M         36      65372   0%   0  Read/Write BFSTest
DH2       Not a DOS disk

Volumes available:
BFSTest [Mounted]
System [Mounted]

=== BFS Results ===
FS_COMPARE_BENCH	4
DRIVE	DH1:
SMALL_CREATE_40_US	30528
LOOKUP_400_US	59648
SMALL_READ_40_US	17855
LIST_EXNEXT_400_US	27840
LIST_EXALL_400_US	7809
SEQ_WRITE_8M_US	29184
SEQ_READ_8M_US	266302
SMALL_DELETE_40_US	13697
APPEND_4K_1M_US	52160
APPEND_1K_256K_US	43391
APPEND_READ_1280K_US	44417
LIST_EXNEXT_40_ENTRIES_FIRST_PASS_US	4416
LIST_EXNEXT_40_ENTRIES_REPEAT10_TOTAL_US	29120
LIST_EXALL_40_ENTRIES_FIRST_PASS_US	1918
LIST_EXALL_40_ENTRIES_REPEAT10_TOTAL_US	8512
LIST_EXNEXT_400_ENTRIES_FIRST_PASS_US	41345
LIST_EXNEXT_400_ENTRIES_REPEAT10_TOTAL_US	287613
LIST_EXALL_400_ENTRIES_FIRST_PASS_US	16448
LIST_EXALL_400_ENTRIES_REPEAT10_TOTAL_US	89408
LIST_EXNEXT_1000_ENTRIES_FIRST_PASS_US	94719
LIST_EXNEXT_1000_ENTRIES_REPEAT10_TOTAL_US	779450
LIST_EXALL_1000_ENTRIES_FIRST_PASS_US	95935
LIST_EXALL_1000_ENTRIES_REPEAT10_TOTAL_US	194687
PASS	1

=== PFS3 Results ===
FS_COMPARE_BENCH	4
DRIVE	DH2:
SMALL_CREATE_40_US	15808
LOOKUP_400_US	70208
SMALL_READ_40_US	21440
LIST_EXNEXT_400_US	12417
LIST_EXALL_400_US	2497
SEQ_WRITE_8M_US	39487
SEQ_READ_8M_US	269703
SMALL_DELETE_40_US	8128
APPEND_4K_1M_US	32833
APPEND_1K_256K_US	23169
APPEND_READ_1280K_US	60880
LIST_EXNEXT_40_ENTRIES_FIRST_PASS_US	2304
LIST_EXNEXT_40_ENTRIES_REPEAT10_TOTAL_US	13996
LIST_EXALL_40_ENTRIES_FIRST_PASS_US	640
LIST_EXALL_40_ENTRIES_REPEAT10_TOTAL_US	2625
LIST_EXNEXT_400_ENTRIES_FIRST_PASS_US	13376
LIST_EXNEXT_400_ENTRIES_REPEAT10_TOTAL_US	112063
LIST_EXALL_400_ENTRIES_FIRST_PASS_US	4096
LIST_EXALL_400_ENTRIES_REPEAT10_TOTAL_US	20864
LIST_EXNEXT_1000_ENTRIES_FIRST_PASS_US	31490
LIST_EXNEXT_1000_ENTRIES_REPEAT10_TOTAL_US	396478
LIST_EXALL_1000_ENTRIES_FIRST_PASS_US	8193
LIST_EXALL_1000_ENTRIES_REPEAT10_TOTAL_US	76863
PASS	1
PASS: requested mounted-volume workload outputs are complete and data-checked
