=== BFS vs PFS3 Benchmark (FS-UAE 68040) ===
Evidence directory: /home/fabian/.cache/bfs-performance/splitbatch-2026-10-10.USYRpP/results/splitbatch-7-bfs-first-cand
Mode: compare
Timeout: 600s


=== Machine Info ===
# Machine Info
Kickstart 47.102, Workbench 47.2
System: 68040 68040/060-FPU   (INST: Cache Burst) (DATA: NoCache NoBurst)
Type  Available    In-Use   Maximum   Largest
chip    2028040     52728   2080768   2027968
fast    7530480    858128   8388608   7525408
total   9558520    910856  10469376   7525408


Mounted disks:
Unit      Size       Used       Free Full Errs   Status   Name
DF0       No disk present
DH0      4095M    4194304    4194303  50%   0  Read/Write System
DH1       255M         36      65372   0%   0  Read/Write BFSTest
DH2       Not a DOS disk

Volumes available:
BFSTest [Mounted]
System [Mounted]

=== BFS Results ===
FS_COMPARE_BENCH	4
DRIVE	DH1:
SMALL_CREATE_40_US	30143
LOOKUP_400_US	67457
SMALL_READ_40_US	19008
LIST_EXNEXT_400_US	18688
LIST_EXALL_400_US	7744
SEQ_WRITE_8M_US	30528
SEQ_READ_8M_US	283966
SMALL_DELETE_40_US	18752
APPEND_4K_1M_US	60606
APPEND_1K_256K_US	61823
APPEND_READ_1280K_US	45057
LIST_EXNEXT_40_ENTRIES_FIRST_PASS_US	2880
LIST_EXNEXT_40_ENTRIES_REPEAT10_TOTAL_US	23423
LIST_EXALL_40_ENTRIES_FIRST_PASS_US	3391
LIST_EXALL_40_ENTRIES_REPEAT10_TOTAL_US	15937
LIST_EXNEXT_400_ENTRIES_FIRST_PASS_US	26368
LIST_EXNEXT_400_ENTRIES_REPEAT10_TOTAL_US	208959
LIST_EXALL_400_ENTRIES_FIRST_PASS_US	14849
LIST_EXALL_400_ENTRIES_REPEAT10_TOTAL_US	83584
LIST_EXNEXT_1000_ENTRIES_FIRST_PASS_US	71808
LIST_EXNEXT_1000_ENTRIES_REPEAT10_TOTAL_US	550910
LIST_EXALL_1000_ENTRIES_FIRST_PASS_US	46528
LIST_EXALL_1000_ENTRIES_REPEAT10_TOTAL_US	194494
PASS	1

=== PFS3 Results ===
FS_COMPARE_BENCH	4
DRIVE	DH2:
SMALL_CREATE_40_US	16960
LOOKUP_400_US	66944
SMALL_READ_40_US	13888
LIST_EXNEXT_400_US	12225
LIST_EXALL_400_US	2495
SEQ_WRITE_8M_US	40256
SEQ_READ_8M_US	275203
SMALL_DELETE_40_US	7935
APPEND_4K_1M_US	34175
APPEND_1K_256K_US	23808
APPEND_READ_1280K_US	40958
LIST_EXNEXT_40_ENTRIES_FIRST_PASS_US	1726
LIST_EXNEXT_40_ENTRIES_REPEAT10_TOTAL_US	12480
LIST_EXALL_40_ENTRIES_FIRST_PASS_US	576
LIST_EXALL_40_ENTRIES_REPEAT10_TOTAL_US	2432
LIST_EXNEXT_400_ENTRIES_FIRST_PASS_US	13120
LIST_EXNEXT_400_ENTRIES_REPEAT10_TOTAL_US	115391
LIST_EXALL_400_ENTRIES_FIRST_PASS_US	2944
LIST_EXALL_400_ENTRIES_REPEAT10_TOTAL_US	20544
LIST_EXNEXT_1000_ENTRIES_FIRST_PASS_US	33025
LIST_EXNEXT_1000_ENTRIES_REPEAT10_TOTAL_US	298495
LIST_EXALL_1000_ENTRIES_FIRST_PASS_US	6784
LIST_EXALL_1000_ENTRIES_REPEAT10_TOTAL_US	50175
PASS	1
PASS: requested mounted-volume workload outputs are complete and data-checked
