=== BFS vs PFS3 Benchmark (FS-UAE 68040) ===
Evidence directory: /home/fabian/.cache/bfs-performance/sparse-crc-2026-10-09.xN615F/candidate/build/benchmark/sparse-durable-20261009-m5-2-pfs3-first
Mode: durable-compare
Timeout: 600s


=== Machine Info ===
# Machine Info
Kickstart 47.102, Workbench 47.2
System: 68040 68040/060-FPU   (INST: Cache Burst) (DATA: NoCache NoBurst)
Type  Available    In-Use   Maximum   Largest
chip    2028040     52728   2080768   2027968
fast    7687256    701352   8388608   7682200
total   9715296    754080  10469376   7682200


Mounted disks:
Unit      Size       Used       Free Full Errs   Status   Name
DF0       No disk present
DH0      4095M    4194304    4194303  50%   0  Read/Write System
DH1       255M         36      65372   0%   0  Read/Write BFSTest
DH2       Not a DOS disk

Volumes available:
BFSTest [Mounted]
System [Mounted]

=== BFS Results ===
FS_DURABLE_COMPARE	4
DRIVE	DH1:
SMALL_CREATE_40_US	61823
LOOKUP_400_US	96254
SMALL_READ_40_US	20545
LIST_EXNEXT_400_US	33216
LIST_EXALL_400_US	9536
SEQ_WRITE_8M_US	45825
SEQ_READ_8M_US	299903
SMALL_DELETE_40_US	22078
APPEND_4K_1M_US	78143
APPEND_1K_256K_US	63231
APPEND_READ_1280K_US	44223
LIST_EXNEXT_40_ENTRIES_FIRST_PASS_US	6016
LIST_EXNEXT_40_ENTRIES_REPEAT10_TOTAL_US	31937
LIST_EXALL_40_ENTRIES_FIRST_PASS_US	3520
LIST_EXALL_40_ENTRIES_REPEAT10_TOTAL_US	9728
LIST_EXNEXT_400_ENTRIES_FIRST_PASS_US	67904
LIST_EXNEXT_400_ENTRIES_REPEAT10_TOTAL_US	625980
LIST_EXALL_400_ENTRIES_FIRST_PASS_US	34304
LIST_EXALL_400_ENTRIES_REPEAT10_TOTAL_US	446846
LIST_EXNEXT_1000_ENTRIES_FIRST_PASS_US	147775
LIST_EXNEXT_1000_ENTRIES_REPEAT10_TOTAL_US	1492535
LIST_EXALL_1000_ENTRIES_FIRST_PASS_US	119039
LIST_EXALL_1000_ENTRIES_REPEAT10_TOTAL_US	894460
PASS	1

=== PFS3 Results ===
FS_DURABLE_COMPARE	4
DRIVE	DH2:
SMALL_CREATE_40_US	18879
LOOKUP_400_US	88833
SMALL_READ_40_US	15808
LIST_EXNEXT_400_US	12609
LIST_EXALL_400_US	2497
SEQ_WRITE_8M_US	43711
SEQ_READ_8M_US	264639
SMALL_DELETE_40_US	9216
APPEND_4K_1M_US	35200
APPEND_1K_256K_US	24960
APPEND_READ_1280K_US	41600
LIST_EXNEXT_40_ENTRIES_FIRST_PASS_US	1663
LIST_EXNEXT_40_ENTRIES_REPEAT10_TOTAL_US	12351
LIST_EXALL_40_ENTRIES_FIRST_PASS_US	640
LIST_EXALL_40_ENTRIES_REPEAT10_TOTAL_US	2496
LIST_EXNEXT_400_ENTRIES_FIRST_PASS_US	13594
LIST_EXNEXT_400_ENTRIES_REPEAT10_TOTAL_US	114751
LIST_EXALL_400_ENTRIES_FIRST_PASS_US	4800
LIST_EXALL_400_ENTRIES_REPEAT10_TOTAL_US	20864
LIST_EXNEXT_1000_ENTRIES_FIRST_PASS_US	33406
LIST_EXNEXT_1000_ENTRIES_REPEAT10_TOTAL_US	286142
LIST_EXALL_1000_ENTRIES_FIRST_PASS_US	6529
LIST_EXALL_1000_ENTRIES_REPEAT10_TOTAL_US	55550
PASS	1
PASS: requested mounted-volume workload outputs are complete and data-checked
