=== BFS vs PFS3 Benchmark (FS-UAE 68040) ===
Evidence directory: /home/fabian/.cache/bfs-performance/wbbound-2026-10-10.2MoC3f/results/wbbound-2-pfs3-first-bound
Mode: compare
Timeout: 600s


=== Machine Info ===
# Machine Info
Kickstart 47.102, Workbench 47.2
System: 68040 68040/060-FPU   (INST: Cache Burst) (DATA: NoCache NoBurst)
Type  Available    In-Use   Maximum   Largest
chip    2028040     52728   2080768   2027968
fast    7534128    854480   8388608   7529056
total   9562168    907208  10469376   7529056


Mounted disks:
Unit      Size       Used       Free Full Errs   Status   Name
DF0       No disk present
DH0      4095M    4194304    4194303  50%   0  Read/Write System
DH1       255M         36      65372   0%   0  Read/Write BFSTest
DH2       Not a DOS disk

Volumes available:
BFSTest [Mounted]
System [Mounted]

=== BFS Results ===
FS_COMPARE_BENCH	4
DRIVE	DH1:
SMALL_CREATE_40_US	34944
LOOKUP_400_US	73087
SMALL_READ_40_US	20928
LIST_EXNEXT_400_US	34559
LIST_EXALL_400_US	8448
SEQ_WRITE_8M_US	32512
SEQ_READ_8M_US	264830
SMALL_DELETE_40_US	14080
APPEND_4K_1M_US	57344
APPEND_1K_256K_US	44928
APPEND_READ_1280K_US	43903
LIST_EXNEXT_40_ENTRIES_FIRST_PASS_US	4417
LIST_EXNEXT_40_ENTRIES_REPEAT10_TOTAL_US	28397
LIST_EXALL_40_ENTRIES_FIRST_PASS_US	1920
LIST_EXALL_40_ENTRIES_REPEAT10_TOTAL_US	8301
LIST_EXNEXT_400_ENTRIES_FIRST_PASS_US	36800
LIST_EXNEXT_400_ENTRIES_REPEAT10_TOTAL_US	284223
LIST_EXALL_400_ENTRIES_FIRST_PASS_US	16064
LIST_EXALL_400_ENTRIES_REPEAT10_TOTAL_US	87934
LIST_EXNEXT_1000_ENTRIES_FIRST_PASS_US	92350
LIST_EXNEXT_1000_ENTRIES_REPEAT10_TOTAL_US	720379
LIST_EXALL_1000_ENTRIES_FIRST_PASS_US	38145
LIST_EXALL_1000_ENTRIES_REPEAT10_TOTAL_US	202687
PASS	1

=== PFS3 Results ===
FS_COMPARE_BENCH	4
DRIVE	DH2:
SMALL_CREATE_40_US	16767
LOOKUP_400_US	66094
SMALL_READ_40_US	14016
LIST_EXNEXT_400_US	11840
LIST_EXALL_400_US	2879
SEQ_WRITE_8M_US	39552
SEQ_READ_8M_US	269118
SMALL_DELETE_40_US	7935
APPEND_4K_1M_US	32383
APPEND_1K_256K_US	22975
APPEND_READ_1280K_US	40576
LIST_EXNEXT_40_ENTRIES_FIRST_PASS_US	1600
LIST_EXNEXT_40_ENTRIES_REPEAT10_TOTAL_US	12161
LIST_EXALL_40_ENTRIES_FIRST_PASS_US	575
LIST_EXALL_40_ENTRIES_REPEAT10_TOTAL_US	2496
LIST_EXNEXT_400_ENTRIES_FIRST_PASS_US	12991
LIST_EXNEXT_400_ENTRIES_REPEAT10_TOTAL_US	113086
LIST_EXALL_400_ENTRIES_FIRST_PASS_US	2880
LIST_EXALL_400_ENTRIES_REPEAT10_TOTAL_US	20480
LIST_EXNEXT_1000_ENTRIES_FIRST_PASS_US	31808
LIST_EXNEXT_1000_ENTRIES_REPEAT10_TOTAL_US	296702
LIST_EXALL_1000_ENTRIES_FIRST_PASS_US	6207
LIST_EXALL_1000_ENTRIES_REPEAT10_TOTAL_US	50688
PASS	1
PASS: requested mounted-volume workload outputs are complete and data-checked
