=== BFS vs PFS3 Benchmark (FS-UAE 68040) ===
Evidence directory: /home/fabian/.cache/bfs-performance/sparse-crc-2026-10-09.xN615F/candidate/build/benchmark/sparse-durable-20261009-m5-1-bfs-first
Mode: durable-compare
Timeout: 600s


=== Machine Info ===
# Machine Info
Kickstart 47.102, Workbench 47.2
System: 68040 68040/060-FPU   (INST: Cache Burst) (DATA: NoCache NoBurst)
Type  Available    In-Use   Maximum   Largest
chip    2028040     52728   2080768   2027968
fast    7687256    701352   8388608   7682200
total   9715296    754080  10469376   7682200


Mounted disks:
Unit      Size       Used       Free Full Errs   Status   Name
DF0       No disk present
DH0      4095M    4194304    4194303  50%   0  Read/Write System
DH1       255M         36      65372   0%   0  Read/Write BFSTest
DH2       Not a DOS disk

Volumes available:
BFSTest [Mounted]
System [Mounted]

=== BFS Results ===
FS_DURABLE_COMPARE	4
DRIVE	DH1:
SMALL_CREATE_40_US	30850
LOOKUP_400_US	75968
SMALL_READ_40_US	19391
LIST_EXNEXT_400_US	33345
LIST_EXALL_400_US	9023
SEQ_WRITE_8M_US	41600
SEQ_READ_8M_US	258815
SMALL_DELETE_40_US	20480
APPEND_4K_1M_US	76096
APPEND_1K_256K_US	63808
APPEND_READ_1280K_US	45825
LIST_EXNEXT_40_ENTRIES_FIRST_PASS_US	6143
LIST_EXNEXT_40_ENTRIES_REPEAT10_TOTAL_US	31937
LIST_EXALL_40_ENTRIES_FIRST_PASS_US	3840
LIST_EXALL_40_ENTRIES_REPEAT10_TOTAL_US	9600
LIST_EXNEXT_400_ENTRIES_FIRST_PASS_US	56830
LIST_EXNEXT_400_ENTRIES_REPEAT10_TOTAL_US	621628
LIST_EXALL_400_ENTRIES_FIRST_PASS_US	34367
LIST_EXALL_400_ENTRIES_REPEAT10_TOTAL_US	400318
LIST_EXNEXT_1000_ENTRIES_FIRST_PASS_US	242303
LIST_EXNEXT_1000_ENTRIES_REPEAT10_TOTAL_US	1466103
LIST_EXALL_1000_ENTRIES_FIRST_PASS_US	89791
LIST_EXALL_1000_ENTRIES_REPEAT10_TOTAL_US	989369
PASS	1

=== PFS3 Results ===
FS_DURABLE_COMPARE	4
DRIVE	DH2:
SMALL_CREATE_40_US	16896
LOOKUP_400_US	68096
SMALL_READ_40_US	15808
LIST_EXNEXT_400_US	11903
LIST_EXALL_400_US	2880
SEQ_WRITE_8M_US	41856
SEQ_READ_8M_US	257982
SMALL_DELETE_40_US	8896
APPEND_4K_1M_US	39360
APPEND_1K_256K_US	25023
APPEND_READ_1280K_US	41280
LIST_EXNEXT_40_ENTRIES_FIRST_PASS_US	1727
LIST_EXNEXT_40_ENTRIES_REPEAT10_TOTAL_US	11903
LIST_EXALL_40_ENTRIES_FIRST_PASS_US	510
LIST_EXALL_40_ENTRIES_REPEAT10_TOTAL_US	2751
LIST_EXNEXT_400_ENTRIES_FIRST_PASS_US	12416
LIST_EXNEXT_400_ENTRIES_REPEAT10_TOTAL_US	111360
LIST_EXALL_400_ENTRIES_FIRST_PASS_US	3008
LIST_EXALL_400_ENTRIES_REPEAT10_TOTAL_US	20605
LIST_EXNEXT_1000_ENTRIES_FIRST_PASS_US	33280
LIST_EXNEXT_1000_ENTRIES_REPEAT10_TOTAL_US	280639
LIST_EXALL_1000_ENTRIES_FIRST_PASS_US	6400
LIST_EXALL_1000_ENTRIES_REPEAT10_TOTAL_US	49920
PASS	1
PASS: requested mounted-volume workload outputs are complete and data-checked
