=== BFS vs PFS3 Benchmark (FS-UAE 68040) ===
Evidence directory: /home/fabian/.cache/bfs-performance/metadata-2026-10-08.QvzB5w/build/benchmark/metadata-m1-d8-20261008-base-5-bfs-first
Mode: durable-compare
Timeout: 600s


=== Machine Info ===
# Machine Info
Kickstart 47.102, Workbench 47.2
System: 68040 68040/060-FPU   (INST: Cache Burst) (DATA: NoCache NoBurst)
Type  Available    In-Use   Maximum   Largest
chip    2028040     52728   2080768   2027968
fast    7694936    693672   8388608   7689880
total   9722976    746400  10469376   7689880


Mounted disks:
Unit      Size       Used       Free Full Errs   Status   Name
DF0       No disk present
DH0      4095M    4194304    4194303  50%   0  Read/Write System
DH1       255M         36      65372   0%   0  Read/Write BFSTest
DH2       Not a DOS disk

Volumes available:
BFSTest [Mounted]
System [Mounted]

=== BFS Results ===
FS_DURABLE_COMPARE	3
DRIVE	DH1:
SMALL_CREATE_40_US	33280
LOOKUP_400_US	72896
SMALL_READ_40_US	19648
LIST_EXNEXT_400_US	31935
LIST_EXALL_400_US	8576
SEQ_WRITE_8M_US	41499
SEQ_READ_8M_US	265598
SMALL_DELETE_40_US	19585
APPEND_4K_1M_US	74111
APPEND_1K_256K_US	59839
APPEND_READ_1280K_US	45183
PASS	1

=== PFS3 Results ===
FS_DURABLE_COMPARE	3
DRIVE	DH2:
SMALL_CREATE_40_US	18048
LOOKUP_400_US	66241
SMALL_READ_40_US	13185
LIST_EXNEXT_400_US	11905
LIST_EXALL_400_US	2497
SEQ_WRITE_8M_US	40576
SEQ_READ_8M_US	256959
SMALL_DELETE_40_US	8746
APPEND_4K_1M_US	33663
APPEND_1K_256K_US	26048
APPEND_READ_1280K_US	40768
PASS	1
PASS: requested mounted-volume workload outputs are complete and data-checked
