=== BFS vs PFS3 Benchmark (FS-UAE 68040) ===
Evidence directory: /home/fabian/.cache/bfs-performance/confirm-2026-10-10.TmkILS/results/confirm-7-bfs-first-reference
Mode: compare
Timeout: 600s


=== Machine Info ===
# Machine Info
Kickstart 47.102, Workbench 47.2
System: 68040 68040/060-FPU   (INST: Cache Burst) (DATA: NoCache NoBurst)
Type  Available    In-Use   Maximum   Largest
chip    2028040     52728   2080768   2027968
fast    7532616    855992   8388608   7527544
total   9560656    908720  10469376   7527544


Mounted disks:
Unit      Size       Used       Free Full Errs   Status   Name
DF0       No disk present
DH0      4095M    4194304    4194303  50%   0  Read/Write System
DH1       255M         36      65372   0%   0  Read/Write BFSTest
DH2       Not a DOS disk

Volumes available:
BFSTest [Mounted]
System [Mounted]

=== BFS Results ===
FS_COMPARE_BENCH	4
DRIVE	DH1:
SMALL_CREATE_40_US	33408
LOOKUP_400_US	59520
SMALL_READ_40_US	19966
LIST_EXNEXT_400_US	36353
LIST_EXALL_400_US	7808
SEQ_WRITE_8M_US	28863
SEQ_READ_8M_US	260158
SMALL_DELETE_40_US	13760
APPEND_4K_1M_US	55873
APPEND_1K_256K_US	47168
APPEND_READ_1280K_US	48319
LIST_EXNEXT_40_ENTRIES_FIRST_PASS_US	4544
LIST_EXNEXT_40_ENTRIES_REPEAT10_TOTAL_US	28799
LIST_EXALL_40_ENTRIES_FIRST_PASS_US	1855
LIST_EXALL_40_ENTRIES_REPEAT10_TOTAL_US	8576
LIST_EXNEXT_400_ENTRIES_FIRST_PASS_US	37057
LIST_EXNEXT_400_ENTRIES_REPEAT10_TOTAL_US	299326
LIST_EXALL_400_ENTRIES_FIRST_PASS_US	17792
LIST_EXALL_400_ENTRIES_REPEAT10_TOTAL_US	77695
LIST_EXNEXT_1000_ENTRIES_FIRST_PASS_US	92736
LIST_EXNEXT_1000_ENTRIES_REPEAT10_TOTAL_US	730876
LIST_EXALL_1000_ENTRIES_FIRST_PASS_US	40896
LIST_EXALL_1000_ENTRIES_REPEAT10_TOTAL_US	194815
PASS	1

=== PFS3 Results ===
FS_COMPARE_BENCH	4
DRIVE	DH2:
SMALL_CREATE_40_US	16383
LOOKUP_400_US	75263
SMALL_READ_40_US	16004
LIST_EXNEXT_400_US	11712
LIST_EXALL_400_US	2558
SEQ_WRITE_8M_US	39166
SEQ_READ_8M_US	258239
SMALL_DELETE_40_US	8128
APPEND_4K_1M_US	31999
APPEND_1K_256K_US	22976
APPEND_READ_1280K_US	40832
LIST_EXNEXT_40_ENTRIES_FIRST_PASS_US	1729
LIST_EXNEXT_40_ENTRIES_REPEAT10_TOTAL_US	11840
LIST_EXALL_40_ENTRIES_FIRST_PASS_US	640
LIST_EXALL_40_ENTRIES_REPEAT10_TOTAL_US	2495
LIST_EXNEXT_400_ENTRIES_FIRST_PASS_US	12097
LIST_EXNEXT_400_ENTRIES_REPEAT10_TOTAL_US	113983
LIST_EXALL_400_ENTRIES_FIRST_PASS_US	3520
LIST_EXALL_400_ENTRIES_REPEAT10_TOTAL_US	29119
LIST_EXNEXT_1000_ENTRIES_FIRST_PASS_US	32895
LIST_EXNEXT_1000_ENTRIES_REPEAT10_TOTAL_US	277824
LIST_EXALL_1000_ENTRIES_FIRST_PASS_US	7297
LIST_EXALL_1000_ENTRIES_REPEAT10_TOTAL_US	49917
PASS	1
PASS: requested mounted-volume workload outputs are complete and data-checked
