=== BFS vs PFS3 Benchmark (FS-UAE 68040) ===
Evidence directory: /home/fabian/.cache/bfs-performance/writeback-2026-10-10.sKa6aK/results/writeback-8-pfs3-first-reference
Mode: compare
Timeout: 600s


=== Machine Info ===
# Machine Info
Kickstart 47.102, Workbench 47.2
System: 68040 68040/060-FPU   (INST: Cache Burst) (DATA: NoCache NoBurst)
Type  Available    In-Use   Maximum   Largest
chip    2028040     52728   2080768   2027968
fast    7534464    854144   8388608   7529392
total   9562504    906872  10469376   7529392


Mounted disks:
Unit      Size       Used       Free Full Errs   Status   Name
DF0       No disk present
DH0      4095M    4194304    4194303  50%   0  Read/Write System
DH1       255M         36      65372   0%   0  Read/Write BFSTest
DH2       Not a DOS disk

Volumes available:
BFSTest [Mounted]
System [Mounted]

=== BFS Results ===
FS_COMPARE_BENCH	4
DRIVE	DH1:
SMALL_CREATE_40_US	29184
LOOKUP_400_US	58431
SMALL_READ_40_US	19391
LIST_EXNEXT_400_US	28770
LIST_EXALL_400_US	7678
SEQ_WRITE_8M_US	36031
SEQ_READ_8M_US	339838
SMALL_DELETE_40_US	14592
APPEND_4K_1M_US	74175
APPEND_1K_256K_US	58432
APPEND_READ_1280K_US	44673
LIST_EXNEXT_40_ENTRIES_FIRST_PASS_US	6335
LIST_EXNEXT_40_ENTRIES_REPEAT10_TOTAL_US	30080
LIST_EXALL_40_ENTRIES_FIRST_PASS_US	1792
LIST_EXALL_40_ENTRIES_REPEAT10_TOTAL_US	8831
LIST_EXNEXT_400_ENTRIES_FIRST_PASS_US	40768
LIST_EXNEXT_400_ENTRIES_REPEAT10_TOTAL_US	287294
LIST_EXALL_400_ENTRIES_FIRST_PASS_US	15360
LIST_EXALL_400_ENTRIES_REPEAT10_TOTAL_US	75519
LIST_EXNEXT_1000_ENTRIES_FIRST_PASS_US	104728
LIST_EXNEXT_1000_ENTRIES_REPEAT10_TOTAL_US	741243
LIST_EXALL_1000_ENTRIES_FIRST_PASS_US	40193
LIST_EXALL_1000_ENTRIES_REPEAT10_TOTAL_US	205310
PASS	1

=== PFS3 Results ===
FS_COMPARE_BENCH	4
DRIVE	DH2:
SMALL_CREATE_40_US	16063
LOOKUP_400_US	71285
SMALL_READ_40_US	20864
LIST_EXNEXT_400_US	13695
LIST_EXALL_400_US	2495
SEQ_WRITE_8M_US	40064
SEQ_READ_8M_US	263999
SMALL_DELETE_40_US	12032
APPEND_4K_1M_US	42752
APPEND_1K_256K_US	23999
APPEND_READ_1280K_US	52608
LIST_EXNEXT_40_ENTRIES_FIRST_PASS_US	2048
LIST_EXNEXT_40_ENTRIES_REPEAT10_TOTAL_US	17152
LIST_EXALL_40_ENTRIES_FIRST_PASS_US	768
LIST_EXALL_40_ENTRIES_REPEAT10_TOTAL_US	4096
LIST_EXNEXT_400_ENTRIES_FIRST_PASS_US	15104
LIST_EXNEXT_400_ENTRIES_REPEAT10_TOTAL_US	109632
LIST_EXALL_400_ENTRIES_FIRST_PASS_US	2878
LIST_EXALL_400_ENTRIES_REPEAT10_TOTAL_US	20159
LIST_EXNEXT_1000_ENTRIES_FIRST_PASS_US	31167
LIST_EXNEXT_1000_ENTRIES_REPEAT10_TOTAL_US	275710
LIST_EXALL_1000_ENTRIES_FIRST_PASS_US	6593
LIST_EXALL_1000_ENTRIES_REPEAT10_TOTAL_US	63360
PASS	1
PASS: requested mounted-volume workload outputs are complete and data-checked
