=== BFS vs PFS3 Benchmark (FS-UAE 68040) ===
Evidence directory: /home/fabian/.cache/bfs-performance/scan-admission-2026-10-09.VxOoB5/candidate/build/benchmark/admission-pilot-normal-20261009-admission-1-bfs-first
Mode: compare
Timeout: 600s


=== Machine Info ===
# Machine Info
Kickstart 47.102, Workbench 47.2
System: 68040 68040/060-FPU   (INST: Cache Burst) (DATA: NoCache NoBurst)
Type  Available    In-Use   Maximum   Largest
chip    2028040     52728   2080768   2027968
fast    7686416    702192   8388608   7681344
total   9714456    754920  10469376   7681344


Mounted disks:
Unit      Size       Used       Free Full Errs   Status   Name
DF0       No disk present
DH0      4095M    4194304    4194303  50%   0  Read/Write System
DH1       255M         36      65372   0%   0  Read/Write BFSTest
DH2       Not a DOS disk

Volumes available:
BFSTest [Mounted]
System [Mounted]

=== BFS Results ===
FS_COMPARE_BENCH	4
DRIVE	DH1:
SMALL_CREATE_40_US	38847
LOOKUP_400_US	137918
SMALL_READ_40_US	40896
LIST_EXNEXT_400_US	44288
LIST_EXALL_400_US	10047
SEQ_WRITE_8M_US	39552
SEQ_READ_8M_US	260927
SMALL_DELETE_40_US	17537
APPEND_4K_1M_US	88256
APPEND_1K_256K_US	62912
APPEND_READ_1280K_US	50560
LIST_EXNEXT_40_ENTRIES_FIRST_PASS_US	7295
LIST_EXNEXT_40_ENTRIES_REPEAT10_TOTAL_US	34029
LIST_EXALL_40_ENTRIES_FIRST_PASS_US	3776
LIST_EXALL_40_ENTRIES_REPEAT10_TOTAL_US	11245
LIST_EXNEXT_400_ENTRIES_FIRST_PASS_US	62975
LIST_EXNEXT_400_ENTRIES_REPEAT10_TOTAL_US	872763
LIST_EXALL_400_ENTRIES_FIRST_PASS_US	34368
LIST_EXALL_400_ENTRIES_REPEAT10_TOTAL_US	253758
LIST_EXNEXT_1000_ENTRIES_FIRST_PASS_US	168319
LIST_EXNEXT_1000_ENTRIES_REPEAT10_TOTAL_US	1847221
LIST_EXALL_1000_ENTRIES_FIRST_PASS_US	106879
LIST_EXALL_1000_ENTRIES_REPEAT10_TOTAL_US	913659
PASS	1

=== PFS3 Results ===
FS_COMPARE_BENCH	4
DRIVE	DH2:
SMALL_CREATE_40_US	15872
LOOKUP_400_US	80319
SMALL_READ_40_US	15935
LIST_EXNEXT_400_US	12607
LIST_EXALL_400_US	2560
SEQ_WRITE_8M_US	38336
SEQ_READ_8M_US	278719
SMALL_DELETE_40_US	7872
APPEND_4K_1M_US	36673
APPEND_1K_256K_US	28735
APPEND_READ_1280K_US	42495
LIST_EXNEXT_40_ENTRIES_FIRST_PASS_US	1537
LIST_EXNEXT_40_ENTRIES_REPEAT10_TOTAL_US	14206
LIST_EXALL_40_ENTRIES_FIRST_PASS_US	512
LIST_EXALL_40_ENTRIES_REPEAT10_TOTAL_US	2495
LIST_EXNEXT_400_ENTRIES_FIRST_PASS_US	12608
LIST_EXNEXT_400_ENTRIES_REPEAT10_TOTAL_US	113536
LIST_EXALL_400_ENTRIES_FIRST_PASS_US	2688
LIST_EXALL_400_ENTRIES_REPEAT10_TOTAL_US	20671
LIST_EXNEXT_1000_ENTRIES_FIRST_PASS_US	31192
LIST_EXNEXT_1000_ENTRIES_REPEAT10_TOTAL_US	294142
LIST_EXALL_1000_ENTRIES_FIRST_PASS_US	6463
LIST_EXALL_1000_ENTRIES_REPEAT10_TOTAL_US	51391
PASS	1
PASS: requested mounted-volume workload outputs are complete and data-checked
