=== BFS vs PFS3 Benchmark (FS-UAE 68040) ===
Evidence directory: /home/fabian/.cache/bfs-performance/metadata-2026-10-08.QvzB5w/build/benchmark/metadata-v4-c8-20261008-m1b-7-bfs-first
Mode: compare
Timeout: 600s


=== Machine Info ===
# Machine Info
Kickstart 47.102, Workbench 47.2
System: 68040 68040/060-FPU   (INST: Cache Burst) (DATA: NoCache NoBurst)
Type  Available    In-Use   Maximum   Largest
chip    2028040     52728   2080768   2027968
fast    7694024    694584   8388608   7688952
total   9722064    747312  10469376   7688952


Mounted disks:
Unit      Size       Used       Free Full Errs   Status   Name
DF0       No disk present
DH0      4095M    4194304    4194303  50%   0  Read/Write System
DH1       255M         36      65372   0%   0  Read/Write BFSTest
DH2       Not a DOS disk

Volumes available:
BFSTest [Mounted]
System [Mounted]

=== BFS Results ===
FS_COMPARE_BENCH	4
DRIVE	DH1:
SMALL_CREATE_40_US	28929
LOOKUP_400_US	75263
SMALL_READ_40_US	18816
LIST_EXNEXT_400_US	32257
LIST_EXALL_400_US	8575
SEQ_WRITE_8M_US	39103
SEQ_READ_8M_US	368363
SMALL_DELETE_40_US	16575
APPEND_4K_1M_US	90240
APPEND_1K_256K_US	64833
APPEND_READ_1280K_US	44095
LIST_EXNEXT_40_ENTRIES_FIRST_PASS_US	6271
LIST_EXNEXT_40_ENTRIES_REPEAT10_TOTAL_US	34434
LIST_EXALL_40_ENTRIES_FIRST_PASS_US	3457
LIST_EXALL_40_ENTRIES_REPEAT10_TOTAL_US	11648
LIST_EXNEXT_400_ENTRIES_FIRST_PASS_US	57279
LIST_EXNEXT_400_ENTRIES_REPEAT10_TOTAL_US	608956
LIST_EXALL_400_ENTRIES_FIRST_PASS_US	35137
LIST_EXALL_400_ENTRIES_REPEAT10_TOTAL_US	374974
LIST_EXNEXT_1000_ENTRIES_FIRST_PASS_US	156671
LIST_EXNEXT_1000_ENTRIES_REPEAT10_TOTAL_US	1574517
LIST_EXALL_1000_ENTRIES_FIRST_PASS_US	94079
LIST_EXALL_1000_ENTRIES_REPEAT10_TOTAL_US	999354
PASS	1

=== PFS3 Results ===
FS_COMPARE_BENCH	4
DRIVE	DH2:
SMALL_CREATE_40_US	16512
LOOKUP_400_US	66240
SMALL_READ_40_US	13440
LIST_EXNEXT_400_US	14655
LIST_EXALL_400_US	2623
SEQ_WRITE_8M_US	42048
SEQ_READ_8M_US	273407
SMALL_DELETE_40_US	12480
APPEND_4K_1M_US	70919
APPEND_1K_256K_US	38515
APPEND_READ_1280K_US	40971
LIST_EXNEXT_40_ENTRIES_FIRST_PASS_US	1920
LIST_EXNEXT_40_ENTRIES_REPEAT10_TOTAL_US	12031
LIST_EXALL_40_ENTRIES_FIRST_PASS_US	576
LIST_EXALL_40_ENTRIES_REPEAT10_TOTAL_US	2560
LIST_EXNEXT_400_ENTRIES_FIRST_PASS_US	14720
LIST_EXNEXT_400_ENTRIES_REPEAT10_TOTAL_US	115711
LIST_EXALL_400_ENTRIES_FIRST_PASS_US	3008
LIST_EXALL_400_ENTRIES_REPEAT10_TOTAL_US	20608
LIST_EXNEXT_1000_ENTRIES_FIRST_PASS_US	31488
LIST_EXNEXT_1000_ENTRIES_REPEAT10_TOTAL_US	292799
LIST_EXALL_1000_ENTRIES_FIRST_PASS_US	7359
LIST_EXALL_1000_ENTRIES_REPEAT10_TOTAL_US	56896
PASS	1
PASS: requested mounted-volume workload outputs are complete and data-checked
