=== BFS vs PFS3 Benchmark (FS-UAE 68040) ===
Evidence directory: /home/fabian/.cache/bfs-performance/sparse-crc-2026-10-09.xN615F/candidate/build/benchmark/sparse-confirmation-20261009/confirm-durable-m5-1-bfs-first
Mode: durable-compare
Timeout: 600s


=== Machine Info ===
# Machine Info
Kickstart 47.102, Workbench 47.2
System: 68040 68040/060-FPU   (INST: Cache Burst) (DATA: NoCache NoBurst)
Type  Available    In-Use   Maximum   Largest
chip    2028040     52728   2080768   2027968
fast    7687256    701352   8388608   7682200
total   9715296    754080  10469376   7682200


Mounted disks:
Unit      Size       Used       Free Full Errs   Status   Name
DF0       No disk present
DH0      4095M    4194304    4194303  50%   0  Read/Write System
DH1       255M         36      65372   0%   0  Read/Write BFSTest
DH2       Not a DOS disk

Volumes available:
BFSTest [Mounted]
System [Mounted]

=== BFS Results ===
FS_DURABLE_COMPARE	4
DRIVE	DH1:
SMALL_CREATE_40_US	42431
LOOKUP_400_US	77503
SMALL_READ_40_US	19475
LIST_EXNEXT_400_US	31105
LIST_EXALL_400_US	9024
SEQ_WRITE_8M_US	40609
SEQ_READ_8M_US	278078
SMALL_DELETE_40_US	20545
APPEND_4K_1M_US	76416
APPEND_1K_256K_US	78591
APPEND_READ_1280K_US	94145
LIST_EXNEXT_40_ENTRIES_FIRST_PASS_US	7552
LIST_EXNEXT_40_ENTRIES_REPEAT10_TOTAL_US	33663
LIST_EXALL_40_ENTRIES_FIRST_PASS_US	4416
LIST_EXALL_40_ENTRIES_REPEAT10_TOTAL_US	9600
LIST_EXNEXT_400_ENTRIES_FIRST_PASS_US	67648
LIST_EXNEXT_400_ENTRIES_REPEAT10_TOTAL_US	625403
LIST_EXALL_400_ENTRIES_FIRST_PASS_US	34945
LIST_EXALL_400_ENTRIES_REPEAT10_TOTAL_US	346942
LIST_EXNEXT_1000_ENTRIES_FIRST_PASS_US	143488
LIST_EXNEXT_1000_ENTRIES_REPEAT10_TOTAL_US	1593143
LIST_EXALL_1000_ENTRIES_FIRST_PASS_US	85631
LIST_EXALL_1000_ENTRIES_REPEAT10_TOTAL_US	895546
PASS	1

=== PFS3 Results ===
FS_DURABLE_COMPARE	4
DRIVE	DH2:
SMALL_CREATE_40_US	17142
LOOKUP_400_US	67263
SMALL_READ_40_US	15104
LIST_EXNEXT_400_US	12544
LIST_EXALL_400_US	2559
SEQ_WRITE_8M_US	41152
SEQ_READ_8M_US	258240
SMALL_DELETE_40_US	9088
APPEND_4K_1M_US	33215
APPEND_1K_256K_US	23744
APPEND_READ_1280K_US	43455
LIST_EXNEXT_40_ENTRIES_FIRST_PASS_US	1728
LIST_EXNEXT_40_ENTRIES_REPEAT10_TOTAL_US	12415
LIST_EXALL_40_ENTRIES_FIRST_PASS_US	768
LIST_EXALL_40_ENTRIES_REPEAT10_TOTAL_US	2560
LIST_EXNEXT_400_ENTRIES_FIRST_PASS_US	13375
LIST_EXNEXT_400_ENTRIES_REPEAT10_TOTAL_US	169727
LIST_EXALL_400_ENTRIES_FIRST_PASS_US	3137
LIST_EXALL_400_ENTRIES_REPEAT10_TOTAL_US	28095
LIST_EXNEXT_1000_ENTRIES_FIRST_PASS_US	36288
LIST_EXNEXT_1000_ENTRIES_REPEAT10_TOTAL_US	284926
LIST_EXALL_1000_ENTRIES_FIRST_PASS_US	6654
LIST_EXALL_1000_ENTRIES_REPEAT10_TOTAL_US	49919
PASS	1
PASS: requested mounted-volume workload outputs are complete and data-checked
