=== BFS vs PFS3 Benchmark (FS-UAE 68040) ===
Evidence directory: /home/fabian/.cache/bfs-performance/metadata-2026-10-08.QvzB5w/build/benchmark/metadata-v4-c8-20261008-base-4-pfs3-first
Mode: compare
Timeout: 600s


=== Machine Info ===
# Machine Info
Kickstart 47.102, Workbench 47.2
System: 68040 68040/060-FPU   (INST: Cache Burst) (DATA: NoCache NoBurst)
Type  Available    In-Use   Maximum   Largest
chip    2028040     52728   2080768   2027968
fast    7694936    693672   8388608   7689880
total   9722976    746400  10469376   7689880


Mounted disks:
Unit      Size       Used       Free Full Errs   Status   Name
DF0       No disk present
DH0      4095M    4194304    4194303  50%   0  Read/Write System
DH1       255M         36      65372   0%   0  Read/Write BFSTest
DH2       Not a DOS disk

Volumes available:
BFSTest [Mounted]
System [Mounted]

=== BFS Results ===
FS_COMPARE_BENCH	4
DRIVE	DH1:
SMALL_CREATE_40_US	29057
LOOKUP_400_US	73600
SMALL_READ_40_US	19328
LIST_EXNEXT_400_US	32000
LIST_EXALL_400_US	8705
SEQ_WRITE_8M_US	36480
SEQ_READ_8M_US	261822
SMALL_DELETE_40_US	16768
APPEND_4K_1M_US	74944
APPEND_1K_256K_US	57472
APPEND_READ_1280K_US	42368
LIST_EXNEXT_40_ENTRIES_FIRST_PASS_US	6271
LIST_EXNEXT_40_ENTRIES_REPEAT10_TOTAL_US	34175
LIST_EXALL_40_ENTRIES_FIRST_PASS_US	4417
LIST_EXALL_40_ENTRIES_REPEAT10_TOTAL_US	12095
LIST_EXNEXT_400_ENTRIES_FIRST_PASS_US	62912
LIST_EXNEXT_400_ENTRIES_REPEAT10_TOTAL_US	697852
LIST_EXALL_400_ENTRIES_FIRST_PASS_US	38271
LIST_EXALL_400_ENTRIES_REPEAT10_TOTAL_US	377002
LIST_EXNEXT_1000_ENTRIES_FIRST_PASS_US	152127
LIST_EXNEXT_1000_ENTRIES_REPEAT10_TOTAL_US	1630776
LIST_EXALL_1000_ENTRIES_FIRST_PASS_US	146752
LIST_EXALL_1000_ENTRIES_REPEAT10_TOTAL_US	993274
PASS	1

=== PFS3 Results ===
FS_COMPARE_BENCH	4
DRIVE	DH2:
SMALL_CREATE_40_US	17088
LOOKUP_400_US	67263
SMALL_READ_40_US	14271
LIST_EXNEXT_400_US	11840
LIST_EXALL_400_US	2944
SEQ_WRITE_8M_US	41920
SEQ_READ_8M_US	272062
SMALL_DELETE_40_US	8180
APPEND_4K_1M_US	33215
APPEND_1K_256K_US	23918
APPEND_READ_1280K_US	41343
LIST_EXNEXT_40_ENTRIES_FIRST_PASS_US	1663
LIST_EXNEXT_40_ENTRIES_REPEAT10_TOTAL_US	12095
LIST_EXALL_40_ENTRIES_FIRST_PASS_US	640
LIST_EXALL_40_ENTRIES_REPEAT10_TOTAL_US	2560
LIST_EXNEXT_400_ENTRIES_FIRST_PASS_US	13120
LIST_EXNEXT_400_ENTRIES_REPEAT10_TOTAL_US	112063
LIST_EXALL_400_ENTRIES_FIRST_PASS_US	3073
LIST_EXALL_400_ENTRIES_REPEAT10_TOTAL_US	20543
LIST_EXNEXT_1000_ENTRIES_FIRST_PASS_US	30144
LIST_EXNEXT_1000_ENTRIES_REPEAT10_TOTAL_US	275326
LIST_EXALL_1000_ENTRIES_FIRST_PASS_US	8129
LIST_EXALL_1000_ENTRIES_REPEAT10_TOTAL_US	50048
PASS	1
PASS: requested mounted-volume workload outputs are complete and data-checked
