PASS: requested mounted-volume workload outputs are complete and data-checked
Verified metadata-single-extent-probe-bfs-first
PASS: requested mounted-volume workload outputs are complete and data-checked
Verified metadata-single-extent-probe-pfs3-first
PASS: requested mounted-volume workload outputs are complete and data-checked
Verified metadata-single-extent-normal-baseline-bfs-first
PASS: requested mounted-volume workload outputs are complete and data-checked
Verified metadata-single-extent-normal-candidate-pfs3-first
PASS: requested mounted-volume workload outputs are complete and data-checked
Verified metadata-single-extent-normal-baseline-pfs3-first
PASS: requested mounted-volume workload outputs are complete and data-checked
Verified metadata-single-extent-normal-candidate-bfs-first
PASS: requested mounted-volume workload outputs are complete and data-checked
Verified metadata-single-extent-normal-repeat-candidate-bfs-first
PASS: requested mounted-volume workload outputs are complete and data-checked
Verified metadata-single-extent-normal-repeat-baseline-pfs3-first
PASS: requested mounted-volume workload outputs are complete and data-checked
Verified metadata-single-extent-normal-repeat-candidate-pfs3-first
PASS: requested mounted-volume workload outputs are complete and data-checked
Verified metadata-single-extent-normal-repeat-baseline-bfs-first
