  FAIL: tests/test_metadata_withdrawal_batch.c:521: run_first_request_case(block_sizes[i])
  FAIL: tests/test_metadata_withdrawal_batch.c:1063: run_zero_stock_emergency_batch_case(false)
  full-leaf result extents=123 expected=124 height=1
  FAIL: tests/test_metadata_withdrawal_batch.c:1661: deeper_root_declines_optional_batch()
  full-leaf result extents=123 expected=124 height=1
  FAIL: tests/test_metadata_withdrawal_batch.c:1785: fragmented_full_leaf_uses_real_commit_fallback()
  FAIL: tests/test_metadata_withdrawal_batch.c:1955: no_fitting_extent_declines_before_mutation()
=== Metadata withdrawal batch ===
  test_first_request_batch_all_supported_block_sizes FAILED
  test_owner_and_snapshot_gates_fall_back_to_normal_allocator OK
  test_readonly_frozen_and_recovery_gates_do_not_allocate OK
  test_future_leaf_tag_is_rejected_before_optional_write OK
  test_crc_valid_equal_live_tag_on_committed_root_is_corrupt OK
  test_live_stock_aliases_are_errors_before_write    OK
  test_success_batch_keeps_root_and_backup_aliases_out_of_reuse OK
  test_success_batch_protects_unsynced_directory_root OK
  test_zero_stock_emergency_draw_accounts_for_root_age FAILED
  test_inactive_historical_emergency_slot_uses_ordinary_fallback OK
  test_one_free_reserve_slot_cannot_start_a_batch    OK
  test_low_space_uses_ordinary_allocation_without_batch_permission OK
  test_one_pending_slot_declines_batch_but_allows_single_alloc OK
  test_tiny_pending_capacity_rejects_before_metadata_mutation OK
  test_repeated_create_overwrite_delete_sync         OK
  test_deeper_free_tree_does_not_start_optional_batch FAILED
  test_full_leaf_fragmentation_and_commit_fallback_converge FAILED
  test_no_fitting_extent_uses_ordinary_single_allocation FAILED

13 passed, 5 failed
