eec8251eae5bcebfdb4cce2adceb9046123ea0b846c193f26bd44b50f53545b3  metadata-single-extent-probe-bfs-first/system/L/bfshandler
1fccf207c96144f81c64a8a5dd2e350b7f32787402eedad6c102b34ad0a6ec80  metadata-single-extent-probe-bfs-first/system/C/fs-compare-bench
bc72facfdddf32e312ed3ea136849da195f2a2300f179e69599b853fe8974df7  metadata-single-extent-probe-bfs-first/system/L/pfs3aio
3b5534f6cc3140263b4f8b55e9d5a7faef4029d54e1d64b3431b3905e7e16f8a  metadata-single-extent-probe-bfs-first/bench-bfs.hdf
e9e8cd82edfb4488d887f303d19912f0ddfa1760eb9230ab10f493d431c1948b  metadata-single-extent-probe-bfs-first/bench-pfs3.hdf
eec8251eae5bcebfdb4cce2adceb9046123ea0b846c193f26bd44b50f53545b3  metadata-single-extent-probe-pfs3-first/system/L/bfshandler
1fccf207c96144f81c64a8a5dd2e350b7f32787402eedad6c102b34ad0a6ec80  metadata-single-extent-probe-pfs3-first/system/C/fs-compare-bench
bc72facfdddf32e312ed3ea136849da195f2a2300f179e69599b853fe8974df7  metadata-single-extent-probe-pfs3-first/system/L/pfs3aio
3b5534f6cc3140263b4f8b55e9d5a7faef4029d54e1d64b3431b3905e7e16f8a  metadata-single-extent-probe-pfs3-first/bench-bfs.hdf
e9e8cd82edfb4488d887f303d19912f0ddfa1760eb9230ab10f493d431c1948b  metadata-single-extent-probe-pfs3-first/bench-pfs3.hdf
572c469e5914c8d7ee71a8e09fe53a5cdbf4b9775931506a49881ad3866a71e3  metadata-single-extent-normal-baseline-bfs-first/system/L/bfshandler
1fccf207c96144f81c64a8a5dd2e350b7f32787402eedad6c102b34ad0a6ec80  metadata-single-extent-normal-baseline-bfs-first/system/C/fs-compare-bench
bc72facfdddf32e312ed3ea136849da195f2a2300f179e69599b853fe8974df7  metadata-single-extent-normal-baseline-bfs-first/system/L/pfs3aio
cfd7f279ac6bd31b539f9084c640ed9186c24a2882057e7f9e8ee27bbaedadd2  metadata-single-extent-normal-baseline-bfs-first/bench-bfs.hdf
e9e8cd82edfb4488d887f303d19912f0ddfa1760eb9230ab10f493d431c1948b  metadata-single-extent-normal-baseline-bfs-first/bench-pfs3.hdf
2db1e1b7c0fae544d6eda24fa55342d528c6404e6b9aa6ddbf29283cf5ea5646  metadata-single-extent-normal-candidate-pfs3-first/system/L/bfshandler
1fccf207c96144f81c64a8a5dd2e350b7f32787402eedad6c102b34ad0a6ec80  metadata-single-extent-normal-candidate-pfs3-first/system/C/fs-compare-bench
bc72facfdddf32e312ed3ea136849da195f2a2300f179e69599b853fe8974df7  metadata-single-extent-normal-candidate-pfs3-first/system/L/pfs3aio
9fc57b130d9d8e61a191db8958bcd94b42c86626f05d6892885e415f36872ca7  metadata-single-extent-normal-candidate-pfs3-first/bench-bfs.hdf
e9e8cd82edfb4488d887f303d19912f0ddfa1760eb9230ab10f493d431c1948b  metadata-single-extent-normal-candidate-pfs3-first/bench-pfs3.hdf
572c469e5914c8d7ee71a8e09fe53a5cdbf4b9775931506a49881ad3866a71e3  metadata-single-extent-normal-baseline-pfs3-first/system/L/bfshandler
1fccf207c96144f81c64a8a5dd2e350b7f32787402eedad6c102b34ad0a6ec80  metadata-single-extent-normal-baseline-pfs3-first/system/C/fs-compare-bench
bc72facfdddf32e312ed3ea136849da195f2a2300f179e69599b853fe8974df7  metadata-single-extent-normal-baseline-pfs3-first/system/L/pfs3aio
cfd7f279ac6bd31b539f9084c640ed9186c24a2882057e7f9e8ee27bbaedadd2  metadata-single-extent-normal-baseline-pfs3-first/bench-bfs.hdf
e9e8cd82edfb4488d887f303d19912f0ddfa1760eb9230ab10f493d431c1948b  metadata-single-extent-normal-baseline-pfs3-first/bench-pfs3.hdf
2db1e1b7c0fae544d6eda24fa55342d528c6404e6b9aa6ddbf29283cf5ea5646  metadata-single-extent-normal-candidate-bfs-first/system/L/bfshandler
1fccf207c96144f81c64a8a5dd2e350b7f32787402eedad6c102b34ad0a6ec80  metadata-single-extent-normal-candidate-bfs-first/system/C/fs-compare-bench
bc72facfdddf32e312ed3ea136849da195f2a2300f179e69599b853fe8974df7  metadata-single-extent-normal-candidate-bfs-first/system/L/pfs3aio
9fc57b130d9d8e61a191db8958bcd94b42c86626f05d6892885e415f36872ca7  metadata-single-extent-normal-candidate-bfs-first/bench-bfs.hdf
e9e8cd82edfb4488d887f303d19912f0ddfa1760eb9230ab10f493d431c1948b  metadata-single-extent-normal-candidate-bfs-first/bench-pfs3.hdf
2db1e1b7c0fae544d6eda24fa55342d528c6404e6b9aa6ddbf29283cf5ea5646  metadata-single-extent-normal-repeat-candidate-bfs-first/system/L/bfshandler
1fccf207c96144f81c64a8a5dd2e350b7f32787402eedad6c102b34ad0a6ec80  metadata-single-extent-normal-repeat-candidate-bfs-first/system/C/fs-compare-bench
bc72facfdddf32e312ed3ea136849da195f2a2300f179e69599b853fe8974df7  metadata-single-extent-normal-repeat-candidate-bfs-first/system/L/pfs3aio
9fc57b130d9d8e61a191db8958bcd94b42c86626f05d6892885e415f36872ca7  metadata-single-extent-normal-repeat-candidate-bfs-first/bench-bfs.hdf
e9e8cd82edfb4488d887f303d19912f0ddfa1760eb9230ab10f493d431c1948b  metadata-single-extent-normal-repeat-candidate-bfs-first/bench-pfs3.hdf
572c469e5914c8d7ee71a8e09fe53a5cdbf4b9775931506a49881ad3866a71e3  metadata-single-extent-normal-repeat-baseline-pfs3-first/system/L/bfshandler
1fccf207c96144f81c64a8a5dd2e350b7f32787402eedad6c102b34ad0a6ec80  metadata-single-extent-normal-repeat-baseline-pfs3-first/system/C/fs-compare-bench
bc72facfdddf32e312ed3ea136849da195f2a2300f179e69599b853fe8974df7  metadata-single-extent-normal-repeat-baseline-pfs3-first/system/L/pfs3aio
cfd7f279ac6bd31b539f9084c640ed9186c24a2882057e7f9e8ee27bbaedadd2  metadata-single-extent-normal-repeat-baseline-pfs3-first/bench-bfs.hdf
e9e8cd82edfb4488d887f303d19912f0ddfa1760eb9230ab10f493d431c1948b  metadata-single-extent-normal-repeat-baseline-pfs3-first/bench-pfs3.hdf
2db1e1b7c0fae544d6eda24fa55342d528c6404e6b9aa6ddbf29283cf5ea5646  metadata-single-extent-normal-repeat-candidate-pfs3-first/system/L/bfshandler
1fccf207c96144f81c64a8a5dd2e350b7f32787402eedad6c102b34ad0a6ec80  metadata-single-extent-normal-repeat-candidate-pfs3-first/system/C/fs-compare-bench
bc72facfdddf32e312ed3ea136849da195f2a2300f179e69599b853fe8974df7  metadata-single-extent-normal-repeat-candidate-pfs3-first/system/L/pfs3aio
9fc57b130d9d8e61a191db8958bcd94b42c86626f05d6892885e415f36872ca7  metadata-single-extent-normal-repeat-candidate-pfs3-first/bench-bfs.hdf
e9e8cd82edfb4488d887f303d19912f0ddfa1760eb9230ab10f493d431c1948b  metadata-single-extent-normal-repeat-candidate-pfs3-first/bench-pfs3.hdf
572c469e5914c8d7ee71a8e09fe53a5cdbf4b9775931506a49881ad3866a71e3  metadata-single-extent-normal-repeat-baseline-bfs-first/system/L/bfshandler
1fccf207c96144f81c64a8a5dd2e350b7f32787402eedad6c102b34ad0a6ec80  metadata-single-extent-normal-repeat-baseline-bfs-first/system/C/fs-compare-bench
bc72facfdddf32e312ed3ea136849da195f2a2300f179e69599b853fe8974df7  metadata-single-extent-normal-repeat-baseline-bfs-first/system/L/pfs3aio
cfd7f279ac6bd31b539f9084c640ed9186c24a2882057e7f9e8ee27bbaedadd2  metadata-single-extent-normal-repeat-baseline-bfs-first/bench-bfs.hdf
e9e8cd82edfb4488d887f303d19912f0ddfa1760eb9230ab10f493d431c1948b  metadata-single-extent-normal-repeat-baseline-bfs-first/bench-pfs3.hdf
68f9d3a36c2866d054f41c29b600618642a4807dfb6bca7354d4879a36c9aa7c  /home/fabian/Amiga/kick.a1200.47.102.rom
3.2.35
Linux cachy 7.1.3-2-cachyos #1 SMP PREEMPT_DYNAMIC Wed, 08 Jul 2026 18:34:01 +0000 x86_64 GNU/Linux
Filesystem      Size  Used Avail Use% Mounted on
tmpfs            12G  8.5G  3.3G  73% /tmp
/dev/vda2       996G  313G  682G  32% /home
All ten fresh image inputs and idle preflight verified
