=== BFS vs PFS3 Benchmark (FS-UAE 68040) ===
Evidence directory: /home/fabian/.cache/bfs-performance/metabound-2026-10-10.kPl0jg/results/metabound-5-bfs-first-reference
Mode: compare
Timeout: 600s


=== Machine Info ===
# Machine Info
Kickstart 47.102, Workbench 47.2
System: 68040 68040/060-FPU   (INST: Cache Burst) (DATA: NoCache NoBurst)
Type  Available    In-Use   Maximum   Largest
chip    2028040     52728   2080768   2027968
fast    7534464    854144   8388608   7529392
total   9562504    906872  10469376   7529392


Mounted disks:
Unit      Size       Used       Free Full Errs   Status   Name
DF0       No disk present
DH0      4095M    4194304    4194303  50%   0  Read/Write System
DH1       255M         36      65372   0%   0  Read/Write BFSTest
DH2       Not a DOS disk

Volumes available:
BFSTest [Mounted]
System [Mounted]

=== BFS Results ===
FS_COMPARE_BENCH	4
DRIVE	DH1:
SMALL_CREATE_40_US	29760
LOOKUP_400_US	60606
SMALL_READ_40_US	17792
LIST_EXNEXT_400_US	28224
LIST_EXALL_400_US	7680
SEQ_WRITE_8M_US	36718
SEQ_READ_8M_US	271168
SMALL_DELETE_40_US	13631
APPEND_4K_1M_US	69055
APPEND_1K_256K_US	59967
APPEND_READ_1280K_US	45002
LIST_EXNEXT_40_ENTRIES_FIRST_PASS_US	6912
LIST_EXNEXT_40_ENTRIES_REPEAT10_TOTAL_US	32895
LIST_EXALL_40_ENTRIES_FIRST_PASS_US	1920
LIST_EXALL_40_ENTRIES_REPEAT10_TOTAL_US	10560
LIST_EXNEXT_400_ENTRIES_FIRST_PASS_US	39553
LIST_EXNEXT_400_ENTRIES_REPEAT10_TOTAL_US	292029
LIST_EXALL_400_ENTRIES_FIRST_PASS_US	15642
LIST_EXALL_400_ENTRIES_REPEAT10_TOTAL_US	80768
LIST_EXNEXT_1000_ENTRIES_FIRST_PASS_US	99008
LIST_EXNEXT_1000_ENTRIES_REPEAT10_TOTAL_US	747753
LIST_EXALL_1000_ENTRIES_FIRST_PASS_US	39232
LIST_EXALL_1000_ENTRIES_REPEAT10_TOTAL_US	203455
PASS	1

=== PFS3 Results ===
FS_COMPARE_BENCH	4
DRIVE	DH2:
SMALL_CREATE_40_US	16960
LOOKUP_400_US	66174
SMALL_READ_40_US	14015
LIST_EXNEXT_400_US	11968
LIST_EXALL_400_US	2497
SEQ_WRITE_8M_US	38783
SEQ_READ_8M_US	272959
SMALL_DELETE_40_US	8000
APPEND_4K_1M_US	33598
APPEND_1K_256K_US	28223
APPEND_READ_1280K_US	40703
LIST_EXNEXT_40_ENTRIES_FIRST_PASS_US	1600
LIST_EXNEXT_40_ENTRIES_REPEAT10_TOTAL_US	11905
LIST_EXALL_40_ENTRIES_FIRST_PASS_US	514
LIST_EXALL_40_ENTRIES_REPEAT10_TOTAL_US	2624
LIST_EXNEXT_400_ENTRIES_FIRST_PASS_US	16192
LIST_EXNEXT_400_ENTRIES_REPEAT10_TOTAL_US	116671
LIST_EXALL_400_ENTRIES_FIRST_PASS_US	2880
LIST_EXALL_400_ENTRIES_REPEAT10_TOTAL_US	20991
LIST_EXNEXT_1000_ENTRIES_FIRST_PASS_US	30977
LIST_EXNEXT_1000_ENTRIES_REPEAT10_TOTAL_US	283966
LIST_EXALL_1000_ENTRIES_FIRST_PASS_US	7360
LIST_EXALL_1000_ENTRIES_REPEAT10_TOTAL_US	51775
PASS	1
PASS: requested mounted-volume workload outputs are complete and data-checked
