=== BFS vs PFS3 Benchmark (FS-UAE 68040) ===
Evidence directory: /home/fabian/.cache/bfs-performance/metadata-2026-10-08.QvzB5w/build/benchmark/metadata-m3-c8-20261008-base-3-bfs-first
Mode: compare
Timeout: 600s


=== Machine Info ===
# Machine Info
Kickstart 47.102, Workbench 47.2
System: 68040 68040/060-FPU   (INST: Cache Burst) (DATA: NoCache NoBurst)
Type  Available    In-Use   Maximum   Largest
chip    2028040     52728   2080768   2027968
fast    7690976    697632   8388608   7685936
total   9719016    750360  10469376   7685936


Mounted disks:
Unit      Size       Used       Free Full Errs   Status   Name
DF0       No disk present
DH0      4095M    4194304    4194303  50%   0  Read/Write System
DH1       255M         36      65372   0%   0  Read/Write BFSTest
DH2       Not a DOS disk

Volumes available:
BFSTest [Mounted]
System [Mounted]

=== BFS Results ===
FS_COMPARE_BENCH	4
DRIVE	DH1:
SMALL_CREATE_40_US	28351
LOOKUP_400_US	74752
SMALL_READ_40_US	18943
LIST_EXNEXT_400_US	31999
LIST_EXALL_400_US	8192
SEQ_WRITE_8M_US	37888
SEQ_READ_8M_US	262399
SMALL_DELETE_40_US	16960
APPEND_4K_1M_US	69567
APPEND_1K_256K_US	57599
APPEND_READ_1280K_US	42048
LIST_EXNEXT_40_ENTRIES_FIRST_PASS_US	6528
LIST_EXNEXT_40_ENTRIES_REPEAT10_TOTAL_US	34878
LIST_EXALL_40_ENTRIES_FIRST_PASS_US	4031
LIST_EXALL_40_ENTRIES_REPEAT10_TOTAL_US	17727
LIST_EXNEXT_400_ENTRIES_FIRST_PASS_US	82815
LIST_EXNEXT_400_ENTRIES_REPEAT10_TOTAL_US	640316
LIST_EXALL_400_ENTRIES_FIRST_PASS_US	55745
LIST_EXALL_400_ENTRIES_REPEAT10_TOTAL_US	421373
LIST_EXNEXT_1000_ENTRIES_FIRST_PASS_US	169792
LIST_EXNEXT_1000_ENTRIES_REPEAT10_TOTAL_US	1632631
LIST_EXALL_1000_ENTRIES_FIRST_PASS_US	112320
LIST_EXALL_1000_ENTRIES_REPEAT10_TOTAL_US	1181691
PASS	1

=== PFS3 Results ===
FS_COMPARE_BENCH	4
DRIVE	DH2:
SMALL_CREATE_40_US	18037
LOOKUP_400_US	67328
SMALL_READ_40_US	14208
LIST_EXNEXT_400_US	12160
LIST_EXALL_400_US	2541
SEQ_WRITE_8M_US	41984
SEQ_READ_8M_US	308735
SMALL_DELETE_40_US	9215
APPEND_4K_1M_US	34217
APPEND_1K_256K_US	23168
APPEND_READ_1280K_US	41343
LIST_EXNEXT_40_ENTRIES_FIRST_PASS_US	1600
LIST_EXNEXT_40_ENTRIES_REPEAT10_TOTAL_US	12544
LIST_EXALL_40_ENTRIES_FIRST_PASS_US	575
LIST_EXALL_40_ENTRIES_REPEAT10_TOTAL_US	2496
LIST_EXNEXT_400_ENTRIES_FIRST_PASS_US	12671
LIST_EXNEXT_400_ENTRIES_REPEAT10_TOTAL_US	114943
LIST_EXALL_400_ENTRIES_FIRST_PASS_US	2817
LIST_EXALL_400_ENTRIES_REPEAT10_TOTAL_US	20672
LIST_EXNEXT_1000_ENTRIES_FIRST_PASS_US	31871
LIST_EXNEXT_1000_ENTRIES_REPEAT10_TOTAL_US	281598
LIST_EXALL_1000_ENTRIES_FIRST_PASS_US	6465
LIST_EXALL_1000_ENTRIES_REPEAT10_TOTAL_US	49408
PASS	1
PASS: requested mounted-volume workload outputs are complete and data-checked
