=== BFS vs PFS3 Benchmark (FS-UAE 68040) ===
Evidence directory: /home/fabian/.cache/bfs-performance/sparse-crc-2026-10-09.xN615F/candidate/build/benchmark/sparse-confirmation-20261009/confirm-normal-m5-3-bfs-first
Mode: compare
Timeout: 600s


=== Machine Info ===
# Machine Info
Kickstart 47.102, Workbench 47.2
System: 68040 68040/060-FPU   (INST: Cache Burst) (DATA: NoCache NoBurst)
Type  Available    In-Use   Maximum   Largest
chip    2028040     52728   2080768   2027968
fast    7687256    701352   8388608   7682200
total   9715296    754080  10469376   7682200


Mounted disks:
Unit      Size       Used       Free Full Errs   Status   Name
DF0       No disk present
DH0      4095M    4194304    4194303  50%   0  Read/Write System
DH1       255M         36      65372   0%   0  Read/Write BFSTest
DH2       Not a DOS disk

Volumes available:
BFSTest [Mounted]
System [Mounted]

=== BFS Results ===
FS_COMPARE_BENCH	4
DRIVE	DH1:
SMALL_CREATE_40_US	31615
LOOKUP_400_US	79168
SMALL_READ_40_US	20591
LIST_EXNEXT_400_US	33790
LIST_EXALL_400_US	9665
SEQ_WRITE_8M_US	41663
SEQ_READ_8M_US	303805
SMALL_DELETE_40_US	17728
APPEND_4K_1M_US	88126
APPEND_1K_256K_US	87873
APPEND_READ_1280K_US	44416
LIST_EXNEXT_40_ENTRIES_FIRST_PASS_US	10495
LIST_EXNEXT_40_ENTRIES_REPEAT10_TOTAL_US	42560
LIST_EXALL_40_ENTRIES_FIRST_PASS_US	3905
LIST_EXALL_40_ENTRIES_REPEAT10_TOTAL_US	13377
LIST_EXNEXT_400_ENTRIES_FIRST_PASS_US	64383
LIST_EXNEXT_400_ENTRIES_REPEAT10_TOTAL_US	601405
LIST_EXALL_400_ENTRIES_FIRST_PASS_US	35392
LIST_EXALL_400_ENTRIES_REPEAT10_TOTAL_US	391229
LIST_EXNEXT_1000_ENTRIES_FIRST_PASS_US	236349
LIST_EXNEXT_1000_ENTRIES_REPEAT10_TOTAL_US	1499256
LIST_EXALL_1000_ENTRIES_FIRST_PASS_US	103231
LIST_EXALL_1000_ENTRIES_REPEAT10_TOTAL_US	951356
PASS	1

=== PFS3 Results ===
FS_COMPARE_BENCH	4
DRIVE	DH2:
SMALL_CREATE_40_US	20672
LOOKUP_400_US	68416
SMALL_READ_40_US	14080
LIST_EXNEXT_400_US	14593
LIST_EXALL_400_US	2495
SEQ_WRITE_8M_US	55808
SEQ_READ_8M_US	301758
SMALL_DELETE_40_US	8256
APPEND_4K_1M_US	33726
APPEND_1K_256K_US	26112
APPEND_READ_1280K_US	40576
LIST_EXNEXT_40_ENTRIES_FIRST_PASS_US	2624
LIST_EXNEXT_40_ENTRIES_REPEAT10_TOTAL_US	12224
LIST_EXALL_40_ENTRIES_FIRST_PASS_US	666
LIST_EXALL_40_ENTRIES_REPEAT10_TOTAL_US	2560
LIST_EXNEXT_400_ENTRIES_FIRST_PASS_US	13760
LIST_EXNEXT_400_ENTRIES_REPEAT10_TOTAL_US	116032
LIST_EXALL_400_ENTRIES_FIRST_PASS_US	2753
LIST_EXALL_400_ENTRIES_REPEAT10_TOTAL_US	20352
LIST_EXNEXT_1000_ENTRIES_FIRST_PASS_US	32000
LIST_EXNEXT_1000_ENTRIES_REPEAT10_TOTAL_US	289598
LIST_EXALL_1000_ENTRIES_FIRST_PASS_US	7680
LIST_EXALL_1000_ENTRIES_REPEAT10_TOTAL_US	50431
PASS	1
PASS: requested mounted-volume workload outputs are complete and data-checked
