=== BFS vs PFS3 Benchmark (FS-UAE 68040) ===
Evidence directory: /home/fabian/.cache/bfs-performance/metadata-2026-10-08.QvzB5w/build/benchmark/metadata-m3-c8-20261008-base-6-pfs3-first
Mode: compare
Timeout: 600s


=== Machine Info ===
# Machine Info
Kickstart 47.102, Workbench 47.2
System: 68040 68040/060-FPU   (INST: Cache Burst) (DATA: NoCache NoBurst)
Type  Available    In-Use   Maximum   Largest
chip    2028040     52728   2080768   2027968
fast    7690976    697632   8388608   7685936
total   9719016    750360  10469376   7685936


Mounted disks:
Unit      Size       Used       Free Full Errs   Status   Name
DF0       No disk present
DH0      4095M    4194304    4194303  50%   0  Read/Write System
DH1       255M         36      65372   0%   0  Read/Write BFSTest
DH2       Not a DOS disk

Volumes available:
BFSTest [Mounted]
System [Mounted]

=== BFS Results ===
FS_COMPARE_BENCH	4
DRIVE	DH1:
SMALL_CREATE_40_US	28545
LOOKUP_400_US	75712
SMALL_READ_40_US	19712
LIST_EXNEXT_400_US	33151
LIST_EXALL_400_US	8383
SEQ_WRITE_8M_US	37823
SEQ_READ_8M_US	250943
SMALL_DELETE_40_US	17472
APPEND_4K_1M_US	74303
APPEND_1K_256K_US	58733
APPEND_READ_1280K_US	43328
LIST_EXNEXT_40_ENTRIES_FIRST_PASS_US	6248
LIST_EXNEXT_40_ENTRIES_REPEAT10_TOTAL_US	32255
LIST_EXALL_40_ENTRIES_FIRST_PASS_US	3967
LIST_EXALL_40_ENTRIES_REPEAT10_TOTAL_US	8960
LIST_EXNEXT_400_ENTRIES_FIRST_PASS_US	61439
LIST_EXNEXT_400_ENTRIES_REPEAT10_TOTAL_US	638652
LIST_EXALL_400_ENTRIES_FIRST_PASS_US	66049
LIST_EXALL_400_ENTRIES_REPEAT10_TOTAL_US	399101
LIST_EXNEXT_1000_ENTRIES_FIRST_PASS_US	151806
LIST_EXNEXT_1000_ENTRIES_REPEAT10_TOTAL_US	1616182
LIST_EXALL_1000_ENTRIES_FIRST_PASS_US	93056
LIST_EXALL_1000_ENTRIES_REPEAT10_TOTAL_US	1173819
PASS	1

=== PFS3 Results ===
FS_COMPARE_BENCH	4
DRIVE	DH2:
SMALL_CREATE_40_US	31105
LOOKUP_400_US	83072
SMALL_READ_40_US	13568
LIST_EXNEXT_400_US	11968
LIST_EXALL_400_US	2560
SEQ_WRITE_8M_US	45950
SEQ_READ_8M_US	267455
SMALL_DELETE_40_US	8256
APPEND_4K_1M_US	33536
APPEND_1K_256K_US	24191
APPEND_READ_1280K_US	43392
LIST_EXNEXT_40_ENTRIES_FIRST_PASS_US	1665
LIST_EXNEXT_40_ENTRIES_REPEAT10_TOTAL_US	11969
LIST_EXALL_40_ENTRIES_FIRST_PASS_US	576
LIST_EXALL_40_ENTRIES_REPEAT10_TOTAL_US	2558
LIST_EXNEXT_400_ENTRIES_FIRST_PASS_US	13505
LIST_EXNEXT_400_ENTRIES_REPEAT10_TOTAL_US	112127
LIST_EXALL_400_ENTRIES_FIRST_PASS_US	2817
LIST_EXALL_400_ENTRIES_REPEAT10_TOTAL_US	20097
LIST_EXNEXT_1000_ENTRIES_FIRST_PASS_US	30976
LIST_EXNEXT_1000_ENTRIES_REPEAT10_TOTAL_US	279613
LIST_EXALL_1000_ENTRIES_FIRST_PASS_US	6465
LIST_EXALL_1000_ENTRIES_REPEAT10_TOTAL_US	50860
PASS	1
PASS: requested mounted-volume workload outputs are complete and data-checked
