=== BFS vs PFS3 Benchmark (FS-UAE 68040) ===
Evidence directory: /home/fabian/.cache/bfs-performance/confirm-2026-10-10.TmkILS/results/confirm-6-pfs3-first-candidate
Mode: compare
Timeout: 600s


=== Machine Info ===
# Machine Info
Kickstart 47.102, Workbench 47.2
System: 68040 68040/060-FPU   (INST: Cache Burst) (DATA: NoCache NoBurst)
Type  Available    In-Use   Maximum   Largest
chip    2028040     52728   2080768   2027968
fast    7531240    857368   8388608   7526176
total   9559280    910096  10469376   7526176


Mounted disks:
Unit      Size       Used       Free Full Errs   Status   Name
DF0       No disk present
DH0      4095M    4194304    4194303  50%   0  Read/Write System
DH1       255M         36      65372   0%   0  Read/Write BFSTest
DH2       Not a DOS disk

Volumes available:
BFSTest [Mounted]
System [Mounted]

=== BFS Results ===
FS_COMPARE_BENCH	4
DRIVE	DH1:
SMALL_CREATE_40_US	30790
LOOKUP_400_US	58112
SMALL_READ_40_US	17407
LIST_EXNEXT_400_US	19904
LIST_EXALL_400_US	7680
SEQ_WRITE_8M_US	28350
SEQ_READ_8M_US	265792
SMALL_DELETE_40_US	13633
APPEND_4K_1M_US	51263
APPEND_1K_256K_US	42242
APPEND_READ_1280K_US	43840
LIST_EXNEXT_40_ENTRIES_FIRST_PASS_US	3711
LIST_EXNEXT_40_ENTRIES_REPEAT10_TOTAL_US	21951
LIST_EXALL_40_ENTRIES_FIRST_PASS_US	1791
LIST_EXALL_40_ENTRIES_REPEAT10_TOTAL_US	8704
LIST_EXNEXT_400_ENTRIES_FIRST_PASS_US	29631
LIST_EXNEXT_400_ENTRIES_REPEAT10_TOTAL_US	252030
LIST_EXALL_400_ENTRIES_FIRST_PASS_US	15425
LIST_EXALL_400_ENTRIES_REPEAT10_TOTAL_US	91198
LIST_EXNEXT_1000_ENTRIES_FIRST_PASS_US	74303
LIST_EXNEXT_1000_ENTRIES_REPEAT10_TOTAL_US	539774
LIST_EXALL_1000_ENTRIES_FIRST_PASS_US	38335
LIST_EXALL_1000_ENTRIES_REPEAT10_TOTAL_US	208767
PASS	1

=== PFS3 Results ===
FS_COMPARE_BENCH	4
DRIVE	DH2:
SMALL_CREATE_40_US	16959
LOOKUP_400_US	66559
SMALL_READ_40_US	14402
LIST_EXNEXT_400_US	11842
LIST_EXALL_400_US	3008
SEQ_WRITE_8M_US	37376
SEQ_READ_8M_US	268863
SMALL_DELETE_40_US	8000
APPEND_4K_1M_US	32704
APPEND_1K_256K_US	23168
APPEND_READ_1280K_US	41483
LIST_EXNEXT_40_ENTRIES_FIRST_PASS_US	1600
LIST_EXNEXT_40_ENTRIES_REPEAT10_TOTAL_US	12160
LIST_EXALL_40_ENTRIES_FIRST_PASS_US	640
LIST_EXALL_40_ENTRIES_REPEAT10_TOTAL_US	2497
LIST_EXNEXT_400_ENTRIES_FIRST_PASS_US	12928
LIST_EXNEXT_400_ENTRIES_REPEAT10_TOTAL_US	111487
LIST_EXALL_400_ENTRIES_FIRST_PASS_US	2945
LIST_EXALL_400_ENTRIES_REPEAT10_TOTAL_US	20160
LIST_EXNEXT_1000_ENTRIES_FIRST_PASS_US	31359
LIST_EXNEXT_1000_ENTRIES_REPEAT10_TOTAL_US	286974
LIST_EXALL_1000_ENTRIES_FIRST_PASS_US	6464
LIST_EXALL_1000_ENTRIES_REPEAT10_TOTAL_US	50239
PASS	1
PASS: requested mounted-volume workload outputs are complete and data-checked
