=== BFS vs PFS3 Benchmark (FS-UAE 68040) ===
Evidence directory: /home/fabian/.cache/bfs-performance/status-2026-10-10.NvWrOR/results/status-3-bfs-first-current
Mode: compare
Timeout: 600s


=== Machine Info ===
# Machine Info
Kickstart 47.102, Workbench 47.2
System: 68040 68040/060-FPU   (INST: Cache Burst) (DATA: NoCache NoBurst)
Type  Available    In-Use   Maximum   Largest
chip    2028040     52728   2080768   2027968
fast    7531240    857368   8388608   7526176
total   9559280    910096  10469376   7526176


Mounted disks:
Unit      Size       Used       Free Full Errs   Status   Name
DF0       No disk present
DH0      4095M    4194304    4194303  50%   0  Read/Write System
DH1       255M         36      65372   0%   0  Read/Write BFSTest
DH2       Not a DOS disk

Volumes available:
BFSTest [Mounted]
System [Mounted]

=== BFS Results ===
FS_COMPARE_BENCH	4
DRIVE	DH1:
SMALL_CREATE_40_US	30528
LOOKUP_400_US	59968
SMALL_READ_40_US	20037
LIST_EXNEXT_400_US	20160
LIST_EXALL_400_US	7937
SEQ_WRITE_8M_US	29056
SEQ_READ_8M_US	267070
SMALL_DELETE_40_US	13952
APPEND_4K_1M_US	53568
APPEND_1K_256K_US	44415
APPEND_READ_1280K_US	43774
LIST_EXNEXT_40_ENTRIES_FIRST_PASS_US	4097
LIST_EXNEXT_40_ENTRIES_REPEAT10_TOTAL_US	21566
LIST_EXALL_40_ENTRIES_FIRST_PASS_US	1792
LIST_EXALL_40_ENTRIES_REPEAT10_TOTAL_US	8575
LIST_EXNEXT_400_ENTRIES_FIRST_PASS_US	30400
LIST_EXNEXT_400_ENTRIES_REPEAT10_TOTAL_US	211584
LIST_EXALL_400_ENTRIES_FIRST_PASS_US	16320
LIST_EXALL_400_ENTRIES_REPEAT10_TOTAL_US	77183
LIST_EXNEXT_1000_ENTRIES_FIRST_PASS_US	84479
LIST_EXNEXT_1000_ENTRIES_REPEAT10_TOTAL_US	626748
LIST_EXALL_1000_ENTRIES_FIRST_PASS_US	40128
LIST_EXALL_1000_ENTRIES_REPEAT10_TOTAL_US	235454
PASS	1

=== PFS3 Results ===
FS_COMPARE_BENCH	4
DRIVE	DH2:
SMALL_CREATE_40_US	17728
LOOKUP_400_US	83904
SMALL_READ_40_US	27135
LIST_EXNEXT_400_US	20066
LIST_EXALL_400_US	3070
SEQ_WRITE_8M_US	41473
SEQ_READ_8M_US	267902
SMALL_DELETE_40_US	8127
APPEND_4K_1M_US	32959
APPEND_1K_256K_US	25152
APPEND_READ_1280K_US	54273
LIST_EXNEXT_40_ENTRIES_FIRST_PASS_US	1600
LIST_EXNEXT_40_ENTRIES_REPEAT10_TOTAL_US	11968
LIST_EXALL_40_ENTRIES_FIRST_PASS_US	1407
LIST_EXALL_40_ENTRIES_REPEAT10_TOTAL_US	2880
LIST_EXNEXT_400_ENTRIES_FIRST_PASS_US	12543
LIST_EXNEXT_400_ENTRIES_REPEAT10_TOTAL_US	124288
LIST_EXALL_400_ENTRIES_FIRST_PASS_US	3392
LIST_EXALL_400_ENTRIES_REPEAT10_TOTAL_US	20544
LIST_EXNEXT_1000_ENTRIES_FIRST_PASS_US	32191
LIST_EXNEXT_1000_ENTRIES_REPEAT10_TOTAL_US	409790
LIST_EXALL_1000_ENTRIES_FIRST_PASS_US	27648
LIST_EXALL_1000_ENTRIES_REPEAT10_TOTAL_US	71999
PASS	1
PASS: requested mounted-volume workload outputs are complete and data-checked
