=== BFS vs PFS3 Benchmark (FS-UAE 68040) ===
Evidence directory: /home/fabian/.cache/bfs-performance/exact-fastpath-2026-10-09.hdq3J0/build/benchmark/exact-key-normal-20261009-range-6-pfs3-first
Mode: compare
Timeout: 600s


=== Machine Info ===
# Machine Info
Kickstart 47.102, Workbench 47.2
System: 68040 68040/060-FPU   (INST: Cache Burst) (DATA: NoCache NoBurst)
Type  Available    In-Use   Maximum   Largest
chip    2028040     52728   2080768   2027968
fast    7687256    701352   8388608   7682200
total   9715296    754080  10469376   7682200


Mounted disks:
Unit      Size       Used       Free Full Errs   Status   Name
DF0       No disk present
DH0      4095M    4194304    4194303  50%   0  Read/Write System
DH1       255M         36      65372   0%   0  Read/Write BFSTest
DH2       Not a DOS disk

Volumes available:
BFSTest [Mounted]
System [Mounted]

=== BFS Results ===
FS_COMPARE_BENCH	4
DRIVE	DH1:
SMALL_CREATE_40_US	29884
LOOKUP_400_US	96960
SMALL_READ_40_US	19904
LIST_EXNEXT_400_US	30719
LIST_EXALL_400_US	8960
SEQ_WRITE_8M_US	68672
SEQ_READ_8M_US	265087
SMALL_DELETE_40_US	17600
APPEND_4K_1M_US	100800
APPEND_1K_256K_US	60223
APPEND_READ_1280K_US	43840
LIST_EXNEXT_40_ENTRIES_FIRST_PASS_US	6206
LIST_EXNEXT_40_ENTRIES_REPEAT10_TOTAL_US	31999
LIST_EXALL_40_ENTRIES_FIRST_PASS_US	3520
LIST_EXALL_40_ENTRIES_REPEAT10_TOTAL_US	9730
LIST_EXNEXT_400_ENTRIES_FIRST_PASS_US	53952
LIST_EXNEXT_400_ENTRIES_REPEAT10_TOTAL_US	665084
LIST_EXALL_400_ENTRIES_FIRST_PASS_US	56192
LIST_EXALL_400_ENTRIES_REPEAT10_TOTAL_US	409086
LIST_EXNEXT_1000_ENTRIES_FIRST_PASS_US	149569
LIST_EXNEXT_1000_ENTRIES_REPEAT10_TOTAL_US	1452215
LIST_EXALL_1000_ENTRIES_FIRST_PASS_US	84543
LIST_EXALL_1000_ENTRIES_REPEAT10_TOTAL_US	946043
PASS	1

=== PFS3 Results ===
FS_COMPARE_BENCH	4
DRIVE	DH2:
SMALL_CREATE_40_US	24127
LOOKUP_400_US	67840
SMALL_READ_40_US	14655
LIST_EXNEXT_400_US	12032
LIST_EXALL_400_US	2496
SEQ_WRITE_8M_US	46399
SEQ_READ_8M_US	275582
SMALL_DELETE_40_US	7936
APPEND_4K_1M_US	36735
APPEND_1K_256K_US	23680
APPEND_READ_1280K_US	40575
LIST_EXNEXT_40_ENTRIES_FIRST_PASS_US	1729
LIST_EXNEXT_40_ENTRIES_REPEAT10_TOTAL_US	12351
LIST_EXALL_40_ENTRIES_FIRST_PASS_US	577
LIST_EXALL_40_ENTRIES_REPEAT10_TOTAL_US	2623
LIST_EXNEXT_400_ENTRIES_FIRST_PASS_US	12864
LIST_EXNEXT_400_ENTRIES_REPEAT10_TOTAL_US	112127
LIST_EXALL_400_ENTRIES_FIRST_PASS_US	3133
LIST_EXALL_400_ENTRIES_REPEAT10_TOTAL_US	20398
LIST_EXNEXT_1000_ENTRIES_FIRST_PASS_US	31296
LIST_EXNEXT_1000_ENTRIES_REPEAT10_TOTAL_US	280637
LIST_EXALL_1000_ENTRIES_FIRST_PASS_US	7167
LIST_EXALL_1000_ENTRIES_REPEAT10_TOTAL_US	50176
PASS	1
PASS: requested mounted-volume workload outputs are complete and data-checked
