=== BFS vs PFS3 Benchmark (FS-UAE 68040) ===
Evidence directory: /home/fabian/.cache/bfs-performance/sparse-crc-2026-10-09.xN615F/candidate/build/benchmark/sparse-confirmation-20261009/confirm-durable-m5-4-pfs3-first
Mode: durable-compare
Timeout: 600s


=== Machine Info ===
# Machine Info
Kickstart 47.102, Workbench 47.2
System: 68040 68040/060-FPU   (INST: Cache Burst) (DATA: NoCache NoBurst)
Type  Available    In-Use   Maximum   Largest
chip    2028040     52728   2080768   2027968
fast    7687256    701352   8388608   7682200
total   9715296    754080  10469376   7682200


Mounted disks:
Unit      Size       Used       Free Full Errs   Status   Name
DF0       No disk present
DH0      4095M    4194304    4194303  50%   0  Read/Write System
DH1       255M         36      65372   0%   0  Read/Write BFSTest
DH2       Not a DOS disk

Volumes available:
BFSTest [Mounted]
System [Mounted]

=== BFS Results ===
FS_DURABLE_COMPARE	4
DRIVE	DH1:
SMALL_CREATE_40_US	35264
LOOKUP_400_US	76526
SMALL_READ_40_US	20608
LIST_EXNEXT_400_US	31807
LIST_EXALL_400_US	9343
SEQ_WRITE_8M_US	44800
SEQ_READ_8M_US	290878
SMALL_DELETE_40_US	21357
APPEND_4K_1M_US	77439
APPEND_1K_256K_US	66495
APPEND_READ_1280K_US	43328
LIST_EXNEXT_40_ENTRIES_FIRST_PASS_US	6913
LIST_EXNEXT_40_ENTRIES_REPEAT10_TOTAL_US	32063
LIST_EXALL_40_ENTRIES_FIRST_PASS_US	4992
LIST_EXALL_40_ENTRIES_REPEAT10_TOTAL_US	9599
LIST_EXNEXT_400_ENTRIES_FIRST_PASS_US	58432
LIST_EXNEXT_400_ENTRIES_REPEAT10_TOTAL_US	650556
LIST_EXALL_400_ENTRIES_FIRST_PASS_US	51071
LIST_EXALL_400_ENTRIES_REPEAT10_TOTAL_US	412350
LIST_EXNEXT_1000_ENTRIES_FIRST_PASS_US	172096
LIST_EXNEXT_1000_ENTRIES_REPEAT10_TOTAL_US	1522744
LIST_EXALL_1000_ENTRIES_FIRST_PASS_US	94080
LIST_EXALL_1000_ENTRIES_REPEAT10_TOTAL_US	961979
PASS	1

=== PFS3 Results ===
FS_DURABLE_COMPARE	4
DRIVE	DH2:
SMALL_CREATE_40_US	17857
LOOKUP_400_US	67839
SMALL_READ_40_US	15617
LIST_EXNEXT_400_US	12288
LIST_EXALL_400_US	2560
SEQ_WRITE_8M_US	42816
SEQ_READ_8M_US	260413
SMALL_DELETE_40_US	9985
APPEND_4K_1M_US	34625
APPEND_1K_256K_US	25824
APPEND_READ_1280K_US	40640
LIST_EXNEXT_40_ENTRIES_FIRST_PASS_US	1600
LIST_EXNEXT_40_ENTRIES_REPEAT10_TOTAL_US	12097
LIST_EXALL_40_ENTRIES_FIRST_PASS_US	577
LIST_EXALL_40_ENTRIES_REPEAT10_TOTAL_US	2495
LIST_EXNEXT_400_ENTRIES_FIRST_PASS_US	13697
LIST_EXNEXT_400_ENTRIES_REPEAT10_TOTAL_US	122944
LIST_EXALL_400_ENTRIES_FIRST_PASS_US	2944
LIST_EXALL_400_ENTRIES_REPEAT10_TOTAL_US	24512
LIST_EXNEXT_1000_ENTRIES_FIRST_PASS_US	38336
LIST_EXNEXT_1000_ENTRIES_REPEAT10_TOTAL_US	283327
LIST_EXALL_1000_ENTRIES_FIRST_PASS_US	6657
LIST_EXALL_1000_ENTRIES_REPEAT10_TOTAL_US	50367
PASS	1
PASS: requested mounted-volume workload outputs are complete and data-checked
