=== BFS vs PFS3 Benchmark (FS-UAE 68040) ===
Evidence directory: /home/fabian/.cache/bfs-performance/metadata-2026-10-08.QvzB5w/build/benchmark/metadata-m3-c8-20261008-base-8-pfs3-first
Mode: compare
Timeout: 600s


=== Machine Info ===
# Machine Info
Kickstart 47.102, Workbench 47.2
System: 68040 68040/060-FPU   (INST: Cache Burst) (DATA: NoCache NoBurst)
Type  Available    In-Use   Maximum   Largest
chip    2028040     52728   2080768   2027968
fast    7690976    697632   8388608   7685936
total   9719016    750360  10469376   7685936


Mounted disks:
Unit      Size       Used       Free Full Errs   Status   Name
DF0       No disk present
DH0      4095M    4194304    4194303  50%   0  Read/Write System
DH1       255M         36      65372   0%   0  Read/Write BFSTest
DH2       Not a DOS disk

Volumes available:
BFSTest [Mounted]
System [Mounted]

=== BFS Results ===
FS_COMPARE_BENCH	4
DRIVE	DH1:
SMALL_CREATE_40_US	27585
LOOKUP_400_US	74816
SMALL_READ_40_US	18240
LIST_EXNEXT_400_US	31743
LIST_EXALL_400_US	8256
SEQ_WRITE_8M_US	36033
SEQ_READ_8M_US	296958
SMALL_DELETE_40_US	17343
APPEND_4K_1M_US	71613
APPEND_1K_256K_US	110335
APPEND_READ_1280K_US	46655
LIST_EXNEXT_40_ENTRIES_FIRST_PASS_US	6017
LIST_EXNEXT_40_ENTRIES_REPEAT10_TOTAL_US	33216
LIST_EXALL_40_ENTRIES_FIRST_PASS_US	3711
LIST_EXALL_40_ENTRIES_REPEAT10_TOTAL_US	9280
LIST_EXNEXT_400_ENTRIES_FIRST_PASS_US	74177
LIST_EXNEXT_400_ENTRIES_REPEAT10_TOTAL_US	606205
LIST_EXALL_400_ENTRIES_FIRST_PASS_US	37568
LIST_EXALL_400_ENTRIES_REPEAT10_TOTAL_US	379647
LIST_EXNEXT_1000_ENTRIES_FIRST_PASS_US	156800
LIST_EXNEXT_1000_ENTRIES_REPEAT10_TOTAL_US	1663671
LIST_EXALL_1000_ENTRIES_FIRST_PASS_US	99456
LIST_EXALL_1000_ENTRIES_REPEAT10_TOTAL_US	972858
PASS	1

=== PFS3 Results ===
FS_COMPARE_BENCH	4
DRIVE	DH2:
SMALL_CREATE_40_US	18880
LOOKUP_400_US	115840
SMALL_READ_40_US	15680
LIST_EXNEXT_400_US	11840
LIST_EXALL_400_US	2432
SEQ_WRITE_8M_US	41023
SEQ_READ_8M_US	300286
SMALL_DELETE_40_US	8064
APPEND_4K_1M_US	32896
APPEND_1K_256K_US	23806
APPEND_READ_1280K_US	41838
LIST_EXNEXT_40_ENTRIES_FIRST_PASS_US	1600
LIST_EXNEXT_40_ENTRIES_REPEAT10_TOTAL_US	12160
LIST_EXALL_40_ENTRIES_FIRST_PASS_US	705
LIST_EXALL_40_ENTRIES_REPEAT10_TOTAL_US	2497
LIST_EXNEXT_400_ENTRIES_FIRST_PASS_US	12545
LIST_EXNEXT_400_ENTRIES_REPEAT10_TOTAL_US	112621
LIST_EXALL_400_ENTRIES_FIRST_PASS_US	2944
LIST_EXALL_400_ENTRIES_REPEAT10_TOTAL_US	20926
LIST_EXNEXT_1000_ENTRIES_FIRST_PASS_US	31488
LIST_EXNEXT_1000_ENTRIES_REPEAT10_TOTAL_US	279724
LIST_EXALL_1000_ENTRIES_FIRST_PASS_US	6720
LIST_EXALL_1000_ENTRIES_REPEAT10_TOTAL_US	50112
PASS	1
PASS: requested mounted-volume workload outputs are complete and data-checked
