=== BFS vs PFS3 Benchmark (FS-UAE 68040) ===
Evidence directory: /home/fabian/.cache/bfs-performance/sparse-crc-2026-10-09.xN615F/candidate/build/benchmark/sparse-durable-20261009-sparse-7-bfs-first
Mode: durable-compare
Timeout: 600s


=== Machine Info ===
# Machine Info
Kickstart 47.102, Workbench 47.2
System: 68040 68040/060-FPU   (INST: Cache Burst) (DATA: NoCache NoBurst)
Type  Available    In-Use   Maximum   Largest
chip    2028040     52728   2080768   2027968
fast    7686824    701784   8388608   7681768
total   9714864    754512  10469376   7681768


Mounted disks:
Unit      Size       Used       Free Full Errs   Status   Name
DF0       No disk present
DH0      4095M    4194304    4194303  50%   0  Read/Write System
DH1       255M         36      65372   0%   0  Read/Write BFSTest
DH2       Not a DOS disk

Volumes available:
BFSTest [Mounted]
System [Mounted]

=== BFS Results ===
FS_DURABLE_COMPARE	4
DRIVE	DH1:
SMALL_CREATE_40_US	47617
LOOKUP_400_US	77376
SMALL_READ_40_US	25665
LIST_EXNEXT_400_US	44224
LIST_EXALL_400_US	11648
SEQ_WRITE_8M_US	59519
SEQ_READ_8M_US	298878
SMALL_DELETE_40_US	20480
APPEND_4K_1M_US	82239
APPEND_1K_256K_US	81983
APPEND_READ_1280K_US	44799
LIST_EXNEXT_40_ENTRIES_FIRST_PASS_US	6015
LIST_EXNEXT_40_ENTRIES_REPEAT10_TOTAL_US	35199
LIST_EXALL_40_ENTRIES_FIRST_PASS_US	3136
LIST_EXALL_40_ENTRIES_REPEAT10_TOTAL_US	9855
LIST_EXNEXT_400_ENTRIES_FIRST_PASS_US	53121
LIST_EXNEXT_400_ENTRIES_REPEAT10_TOTAL_US	584885
LIST_EXALL_400_ENTRIES_FIRST_PASS_US	31680
LIST_EXALL_400_ENTRIES_REPEAT10_TOTAL_US	316479
LIST_EXNEXT_1000_ENTRIES_FIRST_PASS_US	140223
LIST_EXNEXT_1000_ENTRIES_REPEAT10_TOTAL_US	1436024
LIST_EXALL_1000_ENTRIES_FIRST_PASS_US	83390
LIST_EXALL_1000_ENTRIES_REPEAT10_TOTAL_US	855418
PASS	1

=== PFS3 Results ===
FS_DURABLE_COMPARE	4
DRIVE	DH2:
SMALL_CREATE_40_US	21248
LOOKUP_400_US	136064
SMALL_READ_40_US	30208
LIST_EXNEXT_400_US	12097
LIST_EXALL_400_US	2560
SEQ_WRITE_8M_US	43008
SEQ_READ_8M_US	262207
SMALL_DELETE_40_US	9215
APPEND_4K_1M_US	37312
APPEND_1K_256K_US	29568
APPEND_READ_1280K_US	44097
LIST_EXNEXT_40_ENTRIES_FIRST_PASS_US	1535
LIST_EXNEXT_40_ENTRIES_REPEAT10_TOTAL_US	12095
LIST_EXALL_40_ENTRIES_FIRST_PASS_US	448
LIST_EXALL_40_ENTRIES_REPEAT10_TOTAL_US	2817
LIST_EXNEXT_400_ENTRIES_FIRST_PASS_US	12991
LIST_EXNEXT_400_ENTRIES_REPEAT10_TOTAL_US	116095
LIST_EXALL_400_ENTRIES_FIRST_PASS_US	3200
LIST_EXALL_400_ENTRIES_REPEAT10_TOTAL_US	20971
LIST_EXNEXT_1000_ENTRIES_FIRST_PASS_US	33344
LIST_EXNEXT_1000_ENTRIES_REPEAT10_TOTAL_US	304188
LIST_EXALL_1000_ENTRIES_FIRST_PASS_US	7551
LIST_EXALL_1000_ENTRIES_REPEAT10_TOTAL_US	51263
PASS	1
PASS: requested mounted-volume workload outputs are complete and data-checked
