=== BFS vs PFS3 Benchmark (FS-UAE 68040) ===
Evidence directory: /home/fabian/.cache/bfs-performance/goal-root-2026-10-09.iikmxS/results/goal-root-durable-base-1-bfs-first
Mode: durable-compare
Timeout: 600s


=== Machine Info ===
# Machine Info
Kickstart 47.102, Workbench 47.2
System: 68040 68040/060-FPU   (INST: Cache Burst) (DATA: NoCache NoBurst)
Type  Available    In-Use   Maximum   Largest
chip    2028040     52728   2080768   2027968
fast    7686824    701784   8388608   7681768
total   9714864    754512  10469376   7681768


Mounted disks:
Unit      Size       Used       Free Full Errs   Status   Name
DF0       No disk present
DH0      4095M    4194304    4194303  50%   0  Read/Write System
DH1       255M         36      65372   0%   0  Read/Write BFSTest
DH2       Not a DOS disk

Volumes available:
BFSTest [Mounted]
System [Mounted]

=== BFS Results ===
FS_DURABLE_COMPARE	4
DRIVE	DH1:
SMALL_CREATE_40_US	33215
LOOKUP_400_US	75135
SMALL_READ_40_US	19649
LIST_EXNEXT_400_US	31424
LIST_EXALL_400_US	9792
SEQ_WRITE_8M_US	50861
SEQ_READ_8M_US	263532
SMALL_DELETE_40_US	20096
APPEND_4K_1M_US	74432
APPEND_1K_256K_US	62592
APPEND_READ_1280K_US	51713
LIST_EXNEXT_40_ENTRIES_FIRST_PASS_US	5440
LIST_EXNEXT_40_ENTRIES_REPEAT10_TOTAL_US	31807
LIST_EXALL_40_ENTRIES_FIRST_PASS_US	3073
LIST_EXALL_40_ENTRIES_REPEAT10_TOTAL_US	9792
LIST_EXNEXT_400_ENTRIES_FIRST_PASS_US	52479
LIST_EXNEXT_400_ENTRIES_REPEAT10_TOTAL_US	531069
LIST_EXALL_400_ENTRIES_FIRST_PASS_US	30208
LIST_EXALL_400_ENTRIES_REPEAT10_TOTAL_US	307965
LIST_EXNEXT_1000_ENTRIES_FIRST_PASS_US	131902
LIST_EXNEXT_1000_ENTRIES_REPEAT10_TOTAL_US	1376056
LIST_EXALL_1000_ENTRIES_FIRST_PASS_US	76864
LIST_EXALL_1000_ENTRIES_REPEAT10_TOTAL_US	764795
PASS	1

=== PFS3 Results ===
FS_DURABLE_COMPARE	4
DRIVE	DH2:
SMALL_CREATE_40_US	16896
LOOKUP_400_US	66687
SMALL_READ_40_US	14272
LIST_EXNEXT_400_US	12287
LIST_EXALL_400_US	2496
SEQ_WRITE_8M_US	40320
SEQ_READ_8M_US	268413
SMALL_DELETE_40_US	8866
APPEND_4K_1M_US	32960
APPEND_1K_256K_US	23360
APPEND_READ_1280K_US	40383
LIST_EXNEXT_40_ENTRIES_FIRST_PASS_US	1665
LIST_EXNEXT_40_ENTRIES_REPEAT10_TOTAL_US	12095
LIST_EXALL_40_ENTRIES_FIRST_PASS_US	576
LIST_EXALL_40_ENTRIES_REPEAT10_TOTAL_US	2368
LIST_EXNEXT_400_ENTRIES_FIRST_PASS_US	16640
LIST_EXNEXT_400_ENTRIES_REPEAT10_TOTAL_US	120959
LIST_EXALL_400_ENTRIES_FIRST_PASS_US	3200
LIST_EXALL_400_ENTRIES_REPEAT10_TOTAL_US	20479
LIST_EXNEXT_1000_ENTRIES_FIRST_PASS_US	32640
LIST_EXNEXT_1000_ENTRIES_REPEAT10_TOTAL_US	285887
LIST_EXALL_1000_ENTRIES_FIRST_PASS_US	6273
LIST_EXALL_1000_ENTRIES_REPEAT10_TOTAL_US	62783
PASS	1
PASS: requested mounted-volume workload outputs are complete and data-checked
