=== BFS vs PFS3 Benchmark (FS-UAE 68040) ===
Evidence directory: /home/fabian/.cache/bfs-performance/wbbound-2026-10-10.2MoC3f/results/wbbound-7-bfs-first-bound
Mode: compare
Timeout: 600s


=== Machine Info ===
# Machine Info
Kickstart 47.102, Workbench 47.2
System: 68040 68040/060-FPU   (INST: Cache Burst) (DATA: NoCache NoBurst)
Type  Available    In-Use   Maximum   Largest
chip    2028040     52728   2080768   2027968
fast    7534128    854480   8388608   7529056
total   9562168    907208  10469376   7529056


Mounted disks:
Unit      Size       Used       Free Full Errs   Status   Name
DF0       No disk present
DH0      4095M    4194304    4194303  50%   0  Read/Write System
DH1       255M         36      65372   0%   0  Read/Write BFSTest
DH2       Not a DOS disk

Volumes available:
BFSTest [Mounted]
System [Mounted]

=== BFS Results ===
FS_COMPARE_BENCH	4
DRIVE	DH1:
SMALL_CREATE_40_US	31617
LOOKUP_400_US	59135
SMALL_READ_40_US	18752
LIST_EXNEXT_400_US	28286
LIST_EXALL_400_US	7808
SEQ_WRITE_8M_US	29311
SEQ_READ_8M_US	269828
SMALL_DELETE_40_US	14080
APPEND_4K_1M_US	52224
APPEND_1K_256K_US	42175
APPEND_READ_1280K_US	44671
LIST_EXNEXT_40_ENTRIES_FIRST_PASS_US	4927
LIST_EXNEXT_40_ENTRIES_REPEAT10_TOTAL_US	38017
LIST_EXALL_40_ENTRIES_FIRST_PASS_US	1791
LIST_EXALL_40_ENTRIES_REPEAT10_TOTAL_US	8320
LIST_EXNEXT_400_ENTRIES_FIRST_PASS_US	38593
LIST_EXNEXT_400_ENTRIES_REPEAT10_TOTAL_US	288255
LIST_EXALL_400_ENTRIES_FIRST_PASS_US	16064
LIST_EXALL_400_ENTRIES_REPEAT10_TOTAL_US	77183
LIST_EXNEXT_1000_ENTRIES_FIRST_PASS_US	101312
LIST_EXNEXT_1000_ENTRIES_REPEAT10_TOTAL_US	730364
LIST_EXALL_1000_ENTRIES_FIRST_PASS_US	40449
LIST_EXALL_1000_ENTRIES_REPEAT10_TOTAL_US	199615
PASS	1

=== PFS3 Results ===
FS_COMPARE_BENCH	4
DRIVE	DH2:
SMALL_CREATE_40_US	17471
LOOKUP_400_US	67008
SMALL_READ_40_US	15552
LIST_EXNEXT_400_US	12415
LIST_EXALL_400_US	2432
SEQ_WRITE_8M_US	37887
SEQ_READ_8M_US	258687
SMALL_DELETE_40_US	7937
APPEND_4K_1M_US	37888
APPEND_1K_256K_US	25472
APPEND_READ_1280K_US	40128
LIST_EXNEXT_40_ENTRIES_FIRST_PASS_US	1664
LIST_EXNEXT_40_ENTRIES_REPEAT10_TOTAL_US	12288
LIST_EXALL_40_ENTRIES_FIRST_PASS_US	640
LIST_EXALL_40_ENTRIES_REPEAT10_TOTAL_US	2497
LIST_EXNEXT_400_ENTRIES_FIRST_PASS_US	12671
LIST_EXNEXT_400_ENTRIES_REPEAT10_TOTAL_US	125568
LIST_EXALL_400_ENTRIES_FIRST_PASS_US	2751
LIST_EXALL_400_ENTRIES_REPEAT10_TOTAL_US	20673
LIST_EXNEXT_1000_ENTRIES_FIRST_PASS_US	32767
LIST_EXNEXT_1000_ENTRIES_REPEAT10_TOTAL_US	285630
LIST_EXALL_1000_ENTRIES_FIRST_PASS_US	6271
LIST_EXALL_1000_ENTRIES_REPEAT10_TOTAL_US	56064
PASS	1
PASS: requested mounted-volume workload outputs are complete and data-checked
