=== BFS vs PFS3 Benchmark (FS-UAE 68040) ===
Evidence directory: /home/fabian/.cache/bfs-performance/status-2026-10-10.NvWrOR/results/status-5-bfs-first-base
Mode: compare
Timeout: 600s


=== Machine Info ===
# Machine Info
Kickstart 47.102, Workbench 47.2
System: 68040 68040/060-FPU   (INST: Cache Burst) (DATA: NoCache NoBurst)
Type  Available    In-Use   Maximum   Largest
chip    2028040     52728   2080768   2027968
fast    7533080    855528   8388608   7528008
total   9561120    908256  10469376   7528008


Mounted disks:
Unit      Size       Used       Free Full Errs   Status   Name
DF0       No disk present
DH0      4095M    4194304    4194303  50%   0  Read/Write System
DH1       255M         36      65372   0%   0  Read/Write BFSTest
DH2       Not a DOS disk

Volumes available:
BFSTest [Mounted]
System [Mounted]

=== BFS Results ===
FS_COMPARE_BENCH	4
DRIVE	DH1:
SMALL_CREATE_40_US	35200
LOOKUP_400_US	65471
SMALL_READ_40_US	16960
LIST_EXNEXT_400_US	30911
LIST_EXALL_400_US	9535
SEQ_WRITE_8M_US	36416
SEQ_READ_8M_US	336893
SMALL_DELETE_40_US	15168
APPEND_4K_1M_US	70528
APPEND_1K_256K_US	60736
APPEND_READ_1280K_US	46125
LIST_EXNEXT_40_ENTRIES_FIRST_PASS_US	4608
LIST_EXNEXT_40_ENTRIES_REPEAT10_TOTAL_US	29823
LIST_EXALL_40_ENTRIES_FIRST_PASS_US	1983
LIST_EXALL_40_ENTRIES_REPEAT10_TOTAL_US	8703
LIST_EXNEXT_400_ENTRIES_FIRST_PASS_US	37825
LIST_EXNEXT_400_ENTRIES_REPEAT10_TOTAL_US	302142
LIST_EXALL_400_ENTRIES_FIRST_PASS_US	15808
LIST_EXALL_400_ENTRIES_REPEAT10_TOTAL_US	79616
LIST_EXNEXT_1000_ENTRIES_FIRST_PASS_US	93825
LIST_EXNEXT_1000_ENTRIES_REPEAT10_TOTAL_US	742587
LIST_EXALL_1000_ENTRIES_FIRST_PASS_US	45183
LIST_EXALL_1000_ENTRIES_REPEAT10_TOTAL_US	235327
PASS	1

=== PFS3 Results ===
FS_COMPARE_BENCH	4
DRIVE	DH2:
SMALL_CREATE_40_US	19263
LOOKUP_400_US	101888
SMALL_READ_40_US	14975
LIST_EXNEXT_400_US	14463
LIST_EXALL_400_US	4735
SEQ_WRITE_8M_US	53311
SEQ_READ_8M_US	278399
SMALL_DELETE_40_US	7745
APPEND_4K_1M_US	45568
APPEND_1K_256K_US	35648
APPEND_READ_1280K_US	51136
LIST_EXNEXT_40_ENTRIES_FIRST_PASS_US	1600
LIST_EXNEXT_40_ENTRIES_REPEAT10_TOTAL_US	12160
LIST_EXALL_40_ENTRIES_FIRST_PASS_US	575
LIST_EXALL_40_ENTRIES_REPEAT10_TOTAL_US	2560
LIST_EXNEXT_400_ENTRIES_FIRST_PASS_US	13887
LIST_EXNEXT_400_ENTRIES_REPEAT10_TOTAL_US	138623
LIST_EXALL_400_ENTRIES_FIRST_PASS_US	6529
LIST_EXALL_400_ENTRIES_REPEAT10_TOTAL_US	37312
LIST_EXNEXT_1000_ENTRIES_FIRST_PASS_US	38465
LIST_EXNEXT_1000_ENTRIES_REPEAT10_TOTAL_US	278718
LIST_EXALL_1000_ENTRIES_FIRST_PASS_US	6720
LIST_EXALL_1000_ENTRIES_REPEAT10_TOTAL_US	49920
PASS	1
PASS: requested mounted-volume workload outputs are complete and data-checked
