=== BFS vs PFS3 Benchmark (FS-UAE 68040) ===
Evidence directory: /home/fabian/.cache/bfs-performance/append-attr-2026-10-10.XtdDJw/results/append-prod-1-bfs-first-ref
Mode: compare
Timeout: 600s


=== Machine Info ===
# Machine Info
Kickstart 47.102, Workbench 47.2
System: 68040 68040/060-FPU   (INST: Cache Burst) (DATA: NoCache NoBurst)
Type  Available    In-Use   Maximum   Largest
chip    2028040     52728   2080768   2027968
fast    7532616    855992   8388608   7527544
total   9560656    908720  10469376   7527544


Mounted disks:
Unit      Size       Used       Free Full Errs   Status   Name
DF0       No disk present
DH0      4095M    4194304    4194303  50%   0  Read/Write System
DH1       255M         36      65372   0%   0  Read/Write BFSTest
DH2       Not a DOS disk

Volumes available:
BFSTest [Mounted]
System [Mounted]

=== BFS Results ===
FS_COMPARE_BENCH	4
DRIVE	DH1:
SMALL_CREATE_40_US	29568
LOOKUP_400_US	60095
SMALL_READ_40_US	16832
LIST_EXNEXT_400_US	27583
LIST_EXALL_400_US	7744
SEQ_WRITE_8M_US	28864
SEQ_READ_8M_US	277247
SMALL_DELETE_40_US	13888
APPEND_4K_1M_US	51968
APPEND_1K_256K_US	42951
APPEND_READ_1280K_US	46016
LIST_EXNEXT_40_ENTRIES_FIRST_PASS_US	4416
LIST_EXNEXT_40_ENTRIES_REPEAT10_TOTAL_US	29312
LIST_EXALL_40_ENTRIES_FIRST_PASS_US	1729
LIST_EXALL_40_ENTRIES_REPEAT10_TOTAL_US	8577
LIST_EXNEXT_400_ENTRIES_FIRST_PASS_US	38015
LIST_EXNEXT_400_ENTRIES_REPEAT10_TOTAL_US	298432
LIST_EXALL_400_ENTRIES_FIRST_PASS_US	16064
LIST_EXALL_400_ENTRIES_REPEAT10_TOTAL_US	78655
LIST_EXNEXT_1000_ENTRIES_FIRST_PASS_US	92993
LIST_EXNEXT_1000_ENTRIES_REPEAT10_TOTAL_US	737019
LIST_EXALL_1000_ENTRIES_FIRST_PASS_US	44096
LIST_EXALL_1000_ENTRIES_REPEAT10_TOTAL_US	208382
PASS	1

=== PFS3 Results ===
FS_COMPARE_BENCH	4
DRIVE	DH2:
SMALL_CREATE_40_US	17599
LOOKUP_400_US	66048
SMALL_READ_40_US	15168
LIST_EXNEXT_400_US	11903
LIST_EXALL_400_US	2560
SEQ_WRITE_8M_US	40513
SEQ_READ_8M_US	273727
SMALL_DELETE_40_US	7917
APPEND_4K_1M_US	34496
APPEND_1K_256K_US	23104
APPEND_READ_1280K_US	41663
LIST_EXNEXT_40_ENTRIES_FIRST_PASS_US	1728
LIST_EXNEXT_40_ENTRIES_REPEAT10_TOTAL_US	12033
LIST_EXALL_40_ENTRIES_FIRST_PASS_US	575
LIST_EXALL_40_ENTRIES_REPEAT10_TOTAL_US	2496
LIST_EXNEXT_400_ENTRIES_FIRST_PASS_US	12608
LIST_EXNEXT_400_ENTRIES_REPEAT10_TOTAL_US	110272
LIST_EXALL_400_ENTRIES_FIRST_PASS_US	2623
LIST_EXALL_400_ENTRIES_REPEAT10_TOTAL_US	19967
LIST_EXNEXT_1000_ENTRIES_FIRST_PASS_US	31551
LIST_EXNEXT_1000_ENTRIES_REPEAT10_TOTAL_US	288125
LIST_EXALL_1000_ENTRIES_FIRST_PASS_US	6335
LIST_EXALL_1000_ENTRIES_REPEAT10_TOTAL_US	49855
PASS	1
PASS: requested mounted-volume workload outputs are complete and data-checked
