=== BFS vs PFS3 Benchmark (FS-UAE 68040) ===
Evidence directory: /home/fabian/.cache/bfs-performance/metabound-2026-10-10.kPl0jg/results/metabound-7-bfs-first-reference
Mode: compare
Timeout: 600s


=== Machine Info ===
# Machine Info
Kickstart 47.102, Workbench 47.2
System: 68040 68040/060-FPU   (INST: Cache Burst) (DATA: NoCache NoBurst)
Type  Available    In-Use   Maximum   Largest
chip    2028040     52728   2080768   2027968
fast    7534464    854144   8388608   7529392
total   9562504    906872  10469376   7529392


Mounted disks:
Unit      Size       Used       Free Full Errs   Status   Name
DF0       No disk present
DH0      4095M    4194304    4194303  50%   0  Read/Write System
DH1       255M         36      65372   0%   0  Read/Write BFSTest
DH2       Not a DOS disk

Volumes available:
BFSTest [Mounted]
System [Mounted]

=== BFS Results ===
FS_COMPARE_BENCH	4
DRIVE	DH1:
SMALL_CREATE_40_US	30964
LOOKUP_400_US	59647
SMALL_READ_40_US	18624
LIST_EXNEXT_400_US	27391
LIST_EXALL_400_US	7553
SEQ_WRITE_8M_US	37824
SEQ_READ_8M_US	272894
SMALL_DELETE_40_US	13632
APPEND_4K_1M_US	71020
APPEND_1K_256K_US	63871
APPEND_READ_1280K_US	44671
LIST_EXNEXT_40_ENTRIES_FIRST_PASS_US	7360
LIST_EXNEXT_40_ENTRIES_REPEAT10_TOTAL_US	34112
LIST_EXALL_40_ENTRIES_FIRST_PASS_US	1857
LIST_EXALL_40_ENTRIES_REPEAT10_TOTAL_US	8383
LIST_EXNEXT_400_ENTRIES_FIRST_PASS_US	37246
LIST_EXNEXT_400_ENTRIES_REPEAT10_TOTAL_US	312638
LIST_EXALL_400_ENTRIES_FIRST_PASS_US	16129
LIST_EXALL_400_ENTRIES_REPEAT10_TOTAL_US	79871
LIST_EXNEXT_1000_ENTRIES_FIRST_PASS_US	106945
LIST_EXNEXT_1000_ENTRIES_REPEAT10_TOTAL_US	736681
LIST_EXALL_1000_ENTRIES_FIRST_PASS_US	36416
LIST_EXALL_1000_ENTRIES_REPEAT10_TOTAL_US	194176
PASS	1

=== PFS3 Results ===
FS_COMPARE_BENCH	4
DRIVE	DH2:
SMALL_CREATE_40_US	17986
LOOKUP_400_US	65728
SMALL_READ_40_US	14976
LIST_EXNEXT_400_US	12032
LIST_EXALL_400_US	2496
SEQ_WRITE_8M_US	43777
SEQ_READ_8M_US	261567
SMALL_DELETE_40_US	11641
APPEND_4K_1M_US	34688
APPEND_1K_256K_US	24064
APPEND_READ_1280K_US	40831
LIST_EXNEXT_40_ENTRIES_FIRST_PASS_US	1728
LIST_EXNEXT_40_ENTRIES_REPEAT10_TOTAL_US	12096
LIST_EXALL_40_ENTRIES_FIRST_PASS_US	577
LIST_EXALL_40_ENTRIES_REPEAT10_TOTAL_US	2495
LIST_EXNEXT_400_ENTRIES_FIRST_PASS_US	12223
LIST_EXNEXT_400_ENTRIES_REPEAT10_TOTAL_US	111553
LIST_EXALL_400_ENTRIES_FIRST_PASS_US	2750
LIST_EXALL_400_ENTRIES_REPEAT10_TOTAL_US	20223
LIST_EXNEXT_1000_ENTRIES_FIRST_PASS_US	32512
LIST_EXNEXT_1000_ENTRIES_REPEAT10_TOTAL_US	280319
LIST_EXALL_1000_ENTRIES_FIRST_PASS_US	9536
LIST_EXALL_1000_ENTRIES_REPEAT10_TOTAL_US	49920
PASS	1
PASS: requested mounted-volume workload outputs are complete and data-checked
