=== BFS vs PFS3 Benchmark (FS-UAE 68040) ===
Evidence directory: /home/fabian/.cache/bfs-performance/relflags-2026-10-10.P6tt1r/results/relflags-2-pfs3-first-o2-040
Mode: compare
Timeout: 600s


=== Machine Info ===
# Machine Info
Kickstart 47.102, Workbench 47.2
System: 68040 68040/060-FPU   (INST: Cache Burst) (DATA: NoCache NoBurst)
Type  Available    In-Use   Maximum   Largest
chip    2028040     52728   2080768   2027968
fast    7532216    856392   8388608   7527144
total   9560256    909120  10469376   7527144


Mounted disks:
Unit      Size       Used       Free Full Errs   Status   Name
DF0       No disk present
DH0      4095M    4194304    4194303  50%   0  Read/Write System
DH1       255M         36      65372   0%   0  Read/Write BFSTest
DH2       Not a DOS disk

Volumes available:
BFSTest [Mounted]
System [Mounted]

=== BFS Results ===
FS_COMPARE_BENCH	4
DRIVE	DH1:
SMALL_CREATE_40_US	26815
LOOKUP_400_US	57919
SMALL_READ_40_US	16448
LIST_EXNEXT_400_US	27264
LIST_EXALL_400_US	7232
SEQ_WRITE_8M_US	35456
SEQ_READ_8M_US	270015
SMALL_DELETE_40_US	13632
APPEND_4K_1M_US	65920
APPEND_1K_256K_US	55743
APPEND_READ_1280K_US	43391
LIST_EXNEXT_40_ENTRIES_FIRST_PASS_US	4545
LIST_EXNEXT_40_ENTRIES_REPEAT10_TOTAL_US	28670
LIST_EXALL_40_ENTRIES_FIRST_PASS_US	1791
LIST_EXALL_40_ENTRIES_REPEAT10_TOTAL_US	7872
LIST_EXNEXT_400_ENTRIES_FIRST_PASS_US	37759
LIST_EXNEXT_400_ENTRIES_REPEAT10_TOTAL_US	280511
LIST_EXALL_400_ENTRIES_FIRST_PASS_US	15615
LIST_EXALL_400_ENTRIES_REPEAT10_TOTAL_US	72577
LIST_EXNEXT_1000_ENTRIES_FIRST_PASS_US	91392
LIST_EXNEXT_1000_ENTRIES_REPEAT10_TOTAL_US	710524
LIST_EXALL_1000_ENTRIES_FIRST_PASS_US	37888
LIST_EXALL_1000_ENTRIES_REPEAT10_TOTAL_US	184384
PASS	1

=== PFS3 Results ===
FS_COMPARE_BENCH	4
DRIVE	DH2:
SMALL_CREATE_40_US	17024
LOOKUP_400_US	68783
SMALL_READ_40_US	20415
LIST_EXNEXT_400_US	21888
LIST_EXALL_400_US	2624
SEQ_WRITE_8M_US	40960
SEQ_READ_8M_US	253758
SMALL_DELETE_40_US	8000
APPEND_4K_1M_US	31808
APPEND_1K_256K_US	23040
APPEND_READ_1280K_US	40383
LIST_EXNEXT_40_ENTRIES_FIRST_PASS_US	1665
LIST_EXNEXT_40_ENTRIES_REPEAT10_TOTAL_US	12544
LIST_EXALL_40_ENTRIES_FIRST_PASS_US	640
LIST_EXALL_40_ENTRIES_REPEAT10_TOTAL_US	2496
LIST_EXNEXT_400_ENTRIES_FIRST_PASS_US	12736
LIST_EXNEXT_400_ENTRIES_REPEAT10_TOTAL_US	110847
LIST_EXALL_400_ENTRIES_FIRST_PASS_US	2752
LIST_EXALL_400_ENTRIES_REPEAT10_TOTAL_US	23488
LIST_EXNEXT_1000_ENTRIES_FIRST_PASS_US	32831
LIST_EXNEXT_1000_ENTRIES_REPEAT10_TOTAL_US	315644
LIST_EXALL_1000_ENTRIES_FIRST_PASS_US	6464
LIST_EXALL_1000_ENTRIES_REPEAT10_TOTAL_US	49280
PASS	1
PASS: requested mounted-volume workload outputs are complete and data-checked
