=== BFS vs PFS3 Benchmark (FS-UAE 68040) ===
Evidence directory: /home/fabian/.cache/bfs-performance/exact-fastpath-2026-10-09.hdq3J0/build/benchmark/exact-key-normal-20261009-fast-2-pfs3-first
Mode: compare
Timeout: 600s


=== Machine Info ===
# Machine Info
Kickstart 47.102, Workbench 47.2
System: 68040 68040/060-FPU   (INST: Cache Burst) (DATA: NoCache NoBurst)
Type  Available    In-Use   Maximum   Largest
chip    2028040     52728   2080768   2027968
fast    7687320    701288   8388608   7682264
total   9715360    754016  10469376   7682264


Mounted disks:
Unit      Size       Used       Free Full Errs   Status   Name
DF0       No disk present
DH0      4095M    4194304    4194303  50%   0  Read/Write System
DH1       255M         36      65372   0%   0  Read/Write BFSTest
DH2       Not a DOS disk

Volumes available:
BFSTest [Mounted]
System [Mounted]

=== BFS Results ===
FS_COMPARE_BENCH	4
DRIVE	DH1:
SMALL_CREATE_40_US	31424
LOOKUP_400_US	103873
SMALL_READ_40_US	20863
LIST_EXNEXT_400_US	30526
LIST_EXALL_400_US	8768
SEQ_WRITE_8M_US	38463
SEQ_READ_8M_US	335166
SMALL_DELETE_40_US	19329
APPEND_4K_1M_US	113664
APPEND_1K_256K_US	60864
APPEND_READ_1280K_US	45892
LIST_EXNEXT_40_ENTRIES_FIRST_PASS_US	6080
LIST_EXNEXT_40_ENTRIES_REPEAT10_TOTAL_US	31425
LIST_EXALL_40_ENTRIES_FIRST_PASS_US	3904
LIST_EXALL_40_ENTRIES_REPEAT10_TOTAL_US	9600
LIST_EXNEXT_400_ENTRIES_FIRST_PASS_US	58559
LIST_EXNEXT_400_ENTRIES_REPEAT10_TOTAL_US	581502
LIST_EXALL_400_ENTRIES_FIRST_PASS_US	33857
LIST_EXALL_400_ENTRIES_REPEAT10_TOTAL_US	351678
LIST_EXNEXT_1000_ENTRIES_FIRST_PASS_US	146559
LIST_EXNEXT_1000_ENTRIES_REPEAT10_TOTAL_US	1533752
LIST_EXALL_1000_ENTRIES_FIRST_PASS_US	95616
LIST_EXALL_1000_ENTRIES_REPEAT10_TOTAL_US	913337
PASS	1

=== PFS3 Results ===
FS_COMPARE_BENCH	4
DRIVE	DH2:
SMALL_CREATE_40_US	16703
LOOKUP_400_US	66112
SMALL_READ_40_US	14271
LIST_EXNEXT_400_US	11904
LIST_EXALL_400_US	2880
SEQ_WRITE_8M_US	40960
SEQ_READ_8M_US	297598
SMALL_DELETE_40_US	8128
APPEND_4K_1M_US	33855
APPEND_1K_256K_US	22911
APPEND_READ_1280K_US	40703
LIST_EXNEXT_40_ENTRIES_FIRST_PASS_US	1600
LIST_EXNEXT_40_ENTRIES_REPEAT10_TOTAL_US	14722
LIST_EXALL_40_ENTRIES_FIRST_PASS_US	639
LIST_EXALL_40_ENTRIES_REPEAT10_TOTAL_US	2497
LIST_EXNEXT_400_ENTRIES_FIRST_PASS_US	14080
LIST_EXNEXT_400_ENTRIES_REPEAT10_TOTAL_US	116222
LIST_EXALL_400_ENTRIES_FIRST_PASS_US	2815
LIST_EXALL_400_ENTRIES_REPEAT10_TOTAL_US	20735
LIST_EXNEXT_1000_ENTRIES_FIRST_PASS_US	30591
LIST_EXNEXT_1000_ENTRIES_REPEAT10_TOTAL_US	313727
LIST_EXALL_1000_ENTRIES_FIRST_PASS_US	10688
LIST_EXALL_1000_ENTRIES_REPEAT10_TOTAL_US	95936
PASS	1
PASS: requested mounted-volume workload outputs are complete and data-checked
