=== BFS vs PFS3 Benchmark (FS-UAE 68040) ===
Evidence directory: /home/fabian/.cache/bfs-performance/prodcodegen-pilot-2026-10-10.rjXGlO/results/prodcodegen-8-pfs3-first-base
Mode: compare
Timeout: 600s


=== Machine Info ===
# Machine Info
Kickstart 47.102, Workbench 47.2
System: 68040 68040/060-FPU   (INST: Cache Burst) (DATA: NoCache NoBurst)
Type  Available    In-Use   Maximum   Largest
chip    2028040     52728   2080768   2027968
fast    7533080    855528   8388608   7528008
total   9561120    908256  10469376   7528008


Mounted disks:
Unit      Size       Used       Free Full Errs   Status   Name
DF0       No disk present
DH0      4095M    4194304    4194303  50%   0  Read/Write System
DH1       255M         36      65372   0%   0  Read/Write BFSTest
DH2       Not a DOS disk

Volumes available:
BFSTest [Mounted]
System [Mounted]

=== BFS Results ===
FS_COMPARE_BENCH	4
DRIVE	DH1:
SMALL_CREATE_40_US	32256
LOOKUP_400_US	62463
SMALL_READ_40_US	18944
LIST_EXNEXT_400_US	28543
LIST_EXALL_400_US	8447
SEQ_WRITE_8M_US	36863
SEQ_READ_8M_US	274303
SMALL_DELETE_40_US	14830
APPEND_4K_1M_US	71425
APPEND_1K_256K_US	59328
APPEND_READ_1280K_US	44928
LIST_EXNEXT_40_ENTRIES_FIRST_PASS_US	4928
LIST_EXNEXT_40_ENTRIES_REPEAT10_TOTAL_US	29377
LIST_EXALL_40_ENTRIES_FIRST_PASS_US	1984
LIST_EXALL_40_ENTRIES_REPEAT10_TOTAL_US	8960
LIST_EXNEXT_400_ENTRIES_FIRST_PASS_US	39386
LIST_EXNEXT_400_ENTRIES_REPEAT10_TOTAL_US	297598
LIST_EXALL_400_ENTRIES_FIRST_PASS_US	16448
LIST_EXALL_400_ENTRIES_REPEAT10_TOTAL_US	78528
LIST_EXNEXT_1000_ENTRIES_FIRST_PASS_US	97215
LIST_EXNEXT_1000_ENTRIES_REPEAT10_TOTAL_US	732795
LIST_EXALL_1000_ENTRIES_FIRST_PASS_US	51840
LIST_EXALL_1000_ENTRIES_REPEAT10_TOTAL_US	200384
PASS	1

=== PFS3 Results ===
FS_COMPARE_BENCH	4
DRIVE	DH2:
SMALL_CREATE_40_US	18048
LOOKUP_400_US	77503
SMALL_READ_40_US	17472
LIST_EXNEXT_400_US	18112
LIST_EXALL_400_US	2625
SEQ_WRITE_8M_US	38465
SEQ_READ_8M_US	280382
SMALL_DELETE_40_US	7872
APPEND_4K_1M_US	35775
APPEND_1K_256K_US	23039
APPEND_READ_1280K_US	43392
LIST_EXNEXT_40_ENTRIES_FIRST_PASS_US	1535
LIST_EXNEXT_40_ENTRIES_REPEAT10_TOTAL_US	11904
LIST_EXALL_40_ENTRIES_FIRST_PASS_US	703
LIST_EXALL_40_ENTRIES_REPEAT10_TOTAL_US	2495
LIST_EXNEXT_400_ENTRIES_FIRST_PASS_US	13057
LIST_EXNEXT_400_ENTRIES_REPEAT10_TOTAL_US	113089
LIST_EXALL_400_ENTRIES_FIRST_PASS_US	3008
LIST_EXALL_400_ENTRIES_REPEAT10_TOTAL_US	21631
LIST_EXNEXT_1000_ENTRIES_FIRST_PASS_US	32257
LIST_EXNEXT_1000_ENTRIES_REPEAT10_TOTAL_US	298366
LIST_EXALL_1000_ENTRIES_FIRST_PASS_US	6336
LIST_EXALL_1000_ENTRIES_REPEAT10_TOTAL_US	51136
PASS	1
PASS: requested mounted-volume workload outputs are complete and data-checked
