=== BFS vs PFS3 Benchmark (FS-UAE 68040) ===
Evidence directory: /home/fabian/.cache/bfs-performance/writeback-2026-10-10.sKa6aK/results/writeback-8-pfs3-first-candidate
Mode: compare
Timeout: 600s


=== Machine Info ===
# Machine Info
Kickstart 47.102, Workbench 47.2
System: 68040 68040/060-FPU   (INST: Cache Burst) (DATA: NoCache NoBurst)
Type  Available    In-Use   Maximum   Largest
chip    2028040     52728   2080768   2027968
fast    7532616    855992   8388608   7527544
total   9560656    908720  10469376   7527544


Mounted disks:
Unit      Size       Used       Free Full Errs   Status   Name
DF0       No disk present
DH0      4095M    4194304    4194303  50%   0  Read/Write System
DH1       255M         36      65372   0%   0  Read/Write BFSTest
DH2       Not a DOS disk

Volumes available:
BFSTest [Mounted]
System [Mounted]

=== BFS Results ===
FS_COMPARE_BENCH	4
DRIVE	DH1:
SMALL_CREATE_40_US	30774
LOOKUP_400_US	59265
SMALL_READ_40_US	17920
LIST_EXNEXT_400_US	28352
LIST_EXALL_400_US	11455
SEQ_WRITE_8M_US	43886
SEQ_READ_8M_US	262147
SMALL_DELETE_40_US	14016
APPEND_4K_1M_US	52398
APPEND_1K_256K_US	42880
APPEND_READ_1280K_US	45120
LIST_EXNEXT_40_ENTRIES_FIRST_PASS_US	4543
LIST_EXNEXT_40_ENTRIES_REPEAT10_TOTAL_US	29312
LIST_EXALL_40_ENTRIES_FIRST_PASS_US	2047
LIST_EXALL_40_ENTRIES_REPEAT10_TOTAL_US	8705
LIST_EXNEXT_400_ENTRIES_FIRST_PASS_US	38462
LIST_EXNEXT_400_ENTRIES_REPEAT10_TOTAL_US	308351
LIST_EXALL_400_ENTRIES_FIRST_PASS_US	16605
LIST_EXALL_400_ENTRIES_REPEAT10_TOTAL_US	84351
LIST_EXNEXT_1000_ENTRIES_FIRST_PASS_US	93695
LIST_EXNEXT_1000_ENTRIES_REPEAT10_TOTAL_US	822395
LIST_EXALL_1000_ENTRIES_FIRST_PASS_US	39233
LIST_EXALL_1000_ENTRIES_REPEAT10_TOTAL_US	201024
PASS	1

=== PFS3 Results ===
FS_COMPARE_BENCH	4
DRIVE	DH2:
SMALL_CREATE_40_US	15616
LOOKUP_400_US	66046
SMALL_READ_40_US	13760
LIST_EXNEXT_400_US	12415
LIST_EXALL_400_US	2943
SEQ_WRITE_8M_US	40832
SEQ_READ_8M_US	252222
SMALL_DELETE_40_US	7744
APPEND_4K_1M_US	34240
APPEND_1K_256K_US	23166
APPEND_READ_1280K_US	39296
LIST_EXNEXT_40_ENTRIES_FIRST_PASS_US	1665
LIST_EXNEXT_40_ENTRIES_REPEAT10_TOTAL_US	12736
LIST_EXALL_40_ENTRIES_FIRST_PASS_US	577
LIST_EXALL_40_ENTRIES_REPEAT10_TOTAL_US	2433
LIST_EXNEXT_400_ENTRIES_FIRST_PASS_US	15744
LIST_EXNEXT_400_ENTRIES_REPEAT10_TOTAL_US	119169
LIST_EXALL_400_ENTRIES_FIRST_PASS_US	2688
LIST_EXALL_400_ENTRIES_REPEAT10_TOTAL_US	20480
LIST_EXNEXT_1000_ENTRIES_FIRST_PASS_US	30975
LIST_EXNEXT_1000_ENTRIES_REPEAT10_TOTAL_US	306750
LIST_EXALL_1000_ENTRIES_FIRST_PASS_US	6336
LIST_EXALL_1000_ENTRIES_REPEAT10_TOTAL_US	50495
PASS	1
PASS: requested mounted-volume workload outputs are complete and data-checked
