=== BFS vs PFS3 Benchmark (FS-UAE 68040) ===
Evidence directory: /home/fabian/.cache/bfs-performance/exact-fastpath-2026-10-09.hdq3J0/build/benchmark/exact-key-normal-20261009-m3-7-bfs-first
Mode: compare
Timeout: 600s


=== Machine Info ===
# Machine Info
Kickstart 47.102, Workbench 47.2
System: 68040 68040/060-FPU   (INST: Cache Burst) (DATA: NoCache NoBurst)
Type  Available    In-Use   Maximum   Largest
chip    2028040     52728   2080768   2027968
fast    7689920    698688   8388608   7684880
total   9717960    751416  10469376   7684880


Mounted disks:
Unit      Size       Used       Free Full Errs   Status   Name
DF0       No disk present
DH0      4095M    4194304    4194303  50%   0  Read/Write System
DH1       255M         36      65372   0%   0  Read/Write BFSTest
DH2       Not a DOS disk

Volumes available:
BFSTest [Mounted]
System [Mounted]

=== BFS Results ===
FS_COMPARE_BENCH	4
DRIVE	DH1:
SMALL_CREATE_40_US	30336
LOOKUP_400_US	74559
SMALL_READ_40_US	21248
LIST_EXNEXT_400_US	30336
LIST_EXALL_400_US	8512
SEQ_WRITE_8M_US	39359
SEQ_READ_8M_US	285757
SMALL_DELETE_40_US	16832
APPEND_4K_1M_US	76543
APPEND_1K_256K_US	59328
APPEND_READ_1280K_US	43200
LIST_EXNEXT_40_ENTRIES_FIRST_PASS_US	6336
LIST_EXNEXT_40_ENTRIES_REPEAT10_TOTAL_US	30912
LIST_EXALL_40_ENTRIES_FIRST_PASS_US	3966
LIST_EXALL_40_ENTRIES_REPEAT10_TOTAL_US	9023
LIST_EXNEXT_400_ENTRIES_FIRST_PASS_US	62591
LIST_EXNEXT_400_ENTRIES_REPEAT10_TOTAL_US	712891
LIST_EXALL_400_ENTRIES_FIRST_PASS_US	42111
LIST_EXALL_400_ENTRIES_REPEAT10_TOTAL_US	421118
LIST_EXNEXT_1000_ENTRIES_FIRST_PASS_US	165504
LIST_EXNEXT_1000_ENTRIES_REPEAT10_TOTAL_US	1698168
LIST_EXALL_1000_ENTRIES_FIRST_PASS_US	110719
LIST_EXALL_1000_ENTRIES_REPEAT10_TOTAL_US	1040698
PASS	1

=== PFS3 Results ===
FS_COMPARE_BENCH	4
DRIVE	DH2:
SMALL_CREATE_40_US	17088
LOOKUP_400_US	65535
SMALL_READ_40_US	14144
LIST_EXNEXT_400_US	11841
LIST_EXALL_400_US	2476
SEQ_WRITE_8M_US	52737
SEQ_READ_8M_US	291775
SMALL_DELETE_40_US	8238
APPEND_4K_1M_US	32703
APPEND_1K_256K_US	27135
APPEND_READ_1280K_US	43200
LIST_EXNEXT_40_ENTRIES_FIRST_PASS_US	2177
LIST_EXNEXT_40_ENTRIES_REPEAT10_TOTAL_US	18560
LIST_EXALL_40_ENTRIES_FIRST_PASS_US	895
LIST_EXALL_40_ENTRIES_REPEAT10_TOTAL_US	4095
LIST_EXNEXT_400_ENTRIES_FIRST_PASS_US	16128
LIST_EXNEXT_400_ENTRIES_REPEAT10_TOTAL_US	113023
LIST_EXALL_400_ENTRIES_FIRST_PASS_US	2815
LIST_EXALL_400_ENTRIES_REPEAT10_TOTAL_US	24257
LIST_EXNEXT_1000_ENTRIES_FIRST_PASS_US	40192
LIST_EXNEXT_1000_ENTRIES_REPEAT10_TOTAL_US	286015
LIST_EXALL_1000_ENTRIES_FIRST_PASS_US	8637
LIST_EXALL_1000_ENTRIES_REPEAT10_TOTAL_US	50497
PASS	1
PASS: requested mounted-volume workload outputs are complete and data-checked
