=== BFS vs PFS3 Benchmark (FS-UAE 68040) ===
Evidence directory: /home/fabian/.cache/bfs-performance/metadata-2026-10-08.QvzB5w/build/benchmark/metadata-v4-c8-20261008-m2-8-pfs3-first
Mode: compare
Timeout: 600s


=== Machine Info ===
# Machine Info
Kickstart 47.102, Workbench 47.2
System: 68040 68040/060-FPU   (INST: Cache Burst) (DATA: NoCache NoBurst)
Type  Available    In-Use   Maximum   Largest
chip    2028040     52728   2080768   2027968
fast    7690976    697632   8388608   7685936
total   9719016    750360  10469376   7685936


Mounted disks:
Unit      Size       Used       Free Full Errs   Status   Name
DF0       No disk present
DH0      4095M    4194304    4194303  50%   0  Read/Write System
DH1       255M         36      65372   0%   0  Read/Write BFSTest
DH2       Not a DOS disk

Volumes available:
BFSTest [Mounted]
System [Mounted]

=== BFS Results ===
FS_COMPARE_BENCH	4
DRIVE	DH1:
SMALL_CREATE_40_US	30335
LOOKUP_400_US	79936
SMALL_READ_40_US	32383
LIST_EXNEXT_400_US	61055
LIST_EXALL_400_US	10561
SEQ_WRITE_8M_US	59390
SEQ_READ_8M_US	264702
SMALL_DELETE_40_US	18048
APPEND_4K_1M_US	86273
APPEND_1K_256K_US	60928
APPEND_READ_1280K_US	44928
LIST_EXNEXT_40_ENTRIES_FIRST_PASS_US	7040
LIST_EXNEXT_40_ENTRIES_REPEAT10_TOTAL_US	37695
LIST_EXALL_40_ENTRIES_FIRST_PASS_US	5249
LIST_EXALL_40_ENTRIES_REPEAT10_TOTAL_US	13377
LIST_EXNEXT_400_ENTRIES_FIRST_PASS_US	77951
LIST_EXNEXT_400_ENTRIES_REPEAT10_TOTAL_US	618365
LIST_EXALL_400_ENTRIES_FIRST_PASS_US	39168
LIST_EXALL_400_ENTRIES_REPEAT10_TOTAL_US	400382
LIST_EXNEXT_1000_ENTRIES_FIRST_PASS_US	161342
LIST_EXNEXT_1000_ENTRIES_REPEAT10_TOTAL_US	1682102
LIST_EXALL_1000_ENTRIES_FIRST_PASS_US	103001
LIST_EXALL_1000_ENTRIES_REPEAT10_TOTAL_US	1059067
PASS	1

=== PFS3 Results ===
FS_COMPARE_BENCH	4
DRIVE	DH2:
SMALL_CREATE_40_US	16384
LOOKUP_400_US	66368
SMALL_READ_40_US	13953
LIST_EXNEXT_400_US	12194
LIST_EXALL_400_US	2880
SEQ_WRITE_8M_US	38784
SEQ_READ_8M_US	332607
SMALL_DELETE_40_US	8949
APPEND_4K_1M_US	48320
APPEND_1K_256K_US	23807
APPEND_READ_1280K_US	40383
LIST_EXNEXT_40_ENTRIES_FIRST_PASS_US	1665
LIST_EXNEXT_40_ENTRIES_REPEAT10_TOTAL_US	15615
LIST_EXALL_40_ENTRIES_FIRST_PASS_US	832
LIST_EXALL_40_ENTRIES_REPEAT10_TOTAL_US	4608
LIST_EXNEXT_400_ENTRIES_FIRST_PASS_US	29437
LIST_EXNEXT_400_ENTRIES_REPEAT10_TOTAL_US	119040
LIST_EXALL_400_ENTRIES_FIRST_PASS_US	3648
LIST_EXALL_400_ENTRIES_REPEAT10_TOTAL_US	20608
LIST_EXNEXT_1000_ENTRIES_FIRST_PASS_US	30400
LIST_EXNEXT_1000_ENTRIES_REPEAT10_TOTAL_US	283904
LIST_EXALL_1000_ENTRIES_FIRST_PASS_US	7105
LIST_EXALL_1000_ENTRIES_REPEAT10_TOTAL_US	50368
PASS	1
PASS: requested mounted-volume workload outputs are complete and data-checked
