PASS: requested mounted-volume workload outputs are complete and data-checked
Verified crc-native-order-normal-baseline-bfs-first
PASS: requested mounted-volume workload outputs are complete and data-checked
Verified crc-native-order-normal-candidate-pfs3-first
PASS: requested mounted-volume workload outputs are complete and data-checked
Verified crc-native-order-normal-baseline-pfs3-first
PASS: requested mounted-volume workload outputs are complete and data-checked
Verified crc-native-order-normal-candidate-bfs-first
PASS: requested mounted-volume workload outputs are complete and data-checked
Verified crc-native-order-normal-repeat-candidate-bfs-first
PASS: requested mounted-volume workload outputs are complete and data-checked
Verified crc-native-order-normal-repeat-baseline-pfs3-first
PASS: requested mounted-volume workload outputs are complete and data-checked
Verified crc-native-order-normal-repeat-candidate-pfs3-first
PASS: requested mounted-volume workload outputs are complete and data-checked
Verified crc-native-order-normal-repeat-baseline-bfs-first
PASS: requested mounted-volume workload outputs are complete and data-checked
Verified crc-native-order-probe-bfs-first
PASS: requested mounted-volume workload outputs are complete and data-checked
Verified crc-native-order-probe-pfs3-first
