=== BFS vs PFS3 Benchmark (FS-UAE 68040) ===
Evidence directory: /home/fabian/.cache/bfs-performance/append-attr2-2026-10-10.xibtLq/results/append2-prod-3-bfs-first-cand
Mode: compare
Timeout: 600s


=== Machine Info ===
# Machine Info
Kickstart 47.102, Workbench 47.2
System: 68040 68040/060-FPU   (INST: Cache Burst) (DATA: NoCache NoBurst)
Type  Available    In-Use   Maximum   Largest
chip    2028040     52728   2080768   2027968
fast    7531240    857368   8388608   7526176
total   9559280    910096  10469376   7526176


Mounted disks:
Unit      Size       Used       Free Full Errs   Status   Name
DF0       No disk present
DH0      4095M    4194304    4194303  50%   0  Read/Write System
DH1       255M         36      65372   0%   0  Read/Write BFSTest
DH2       Not a DOS disk

Volumes available:
BFSTest [Mounted]
System [Mounted]

=== BFS Results ===
FS_COMPARE_BENCH	4
DRIVE	DH1:
SMALL_CREATE_40_US	30911
LOOKUP_400_US	61248
SMALL_READ_40_US	17600
LIST_EXNEXT_400_US	21375
LIST_EXALL_400_US	8193
SEQ_WRITE_8M_US	29375
SEQ_READ_8M_US	270655
SMALL_DELETE_40_US	14145
APPEND_4K_1M_US	56896
APPEND_1K_256K_US	46463
APPEND_READ_1280K_US	45503
LIST_EXNEXT_40_ENTRIES_FIRST_PASS_US	4097
LIST_EXNEXT_40_ENTRIES_REPEAT10_TOTAL_US	22591
LIST_EXALL_40_ENTRIES_FIRST_PASS_US	1922
LIST_EXALL_40_ENTRIES_REPEAT10_TOTAL_US	8704
LIST_EXNEXT_400_ENTRIES_FIRST_PASS_US	31679
LIST_EXNEXT_400_ENTRIES_REPEAT10_TOTAL_US	220158
LIST_EXALL_400_ENTRIES_FIRST_PASS_US	17089
LIST_EXALL_400_ENTRIES_REPEAT10_TOTAL_US	81216
LIST_EXNEXT_1000_ENTRIES_FIRST_PASS_US	77951
LIST_EXNEXT_1000_ENTRIES_REPEAT10_TOTAL_US	555965
LIST_EXALL_1000_ENTRIES_FIRST_PASS_US	40577
LIST_EXALL_1000_ENTRIES_REPEAT10_TOTAL_US	209662
PASS	1

=== PFS3 Results ===
FS_COMPARE_BENCH	4
DRIVE	DH2:
SMALL_CREATE_40_US	15423
LOOKUP_400_US	71486
SMALL_READ_40_US	16000
LIST_EXNEXT_400_US	12736
LIST_EXALL_400_US	2688
SEQ_WRITE_8M_US	39616
SEQ_READ_8M_US	254014
SMALL_DELETE_40_US	7680
APPEND_4K_1M_US	32575
APPEND_1K_256K_US	22720
APPEND_READ_1280K_US	40063
LIST_EXNEXT_40_ENTRIES_FIRST_PASS_US	1537
LIST_EXNEXT_40_ENTRIES_REPEAT10_TOTAL_US	12352
LIST_EXALL_40_ENTRIES_FIRST_PASS_US	575
LIST_EXALL_40_ENTRIES_REPEAT10_TOTAL_US	2496
LIST_EXNEXT_400_ENTRIES_FIRST_PASS_US	12672
LIST_EXNEXT_400_ENTRIES_REPEAT10_TOTAL_US	115519
LIST_EXALL_400_ENTRIES_FIRST_PASS_US	2688
LIST_EXALL_400_ENTRIES_REPEAT10_TOTAL_US	22655
LIST_EXNEXT_1000_ENTRIES_FIRST_PASS_US	32065
LIST_EXNEXT_1000_ENTRIES_REPEAT10_TOTAL_US	281919
LIST_EXALL_1000_ENTRIES_FIRST_PASS_US	6400
LIST_EXALL_1000_ENTRIES_REPEAT10_TOTAL_US	49600
PASS	1
PASS: requested mounted-volume workload outputs are complete and data-checked
