=== BFS vs PFS3 Benchmark (FS-UAE 68040) ===
Evidence directory: /home/fabian/.cache/bfs-performance/sparse-crc-2026-10-09.xN615F/candidate/build/benchmark/sparse-confirmation-20261009/confirm-aa-durable-m5a-2-pfs3-first
Mode: durable-compare
Timeout: 600s


=== Machine Info ===
# Machine Info
Kickstart 47.102, Workbench 47.2
System: 68040 68040/060-FPU   (INST: Cache Burst) (DATA: NoCache NoBurst)
Type  Available    In-Use   Maximum   Largest
chip    2028040     52728   2080768   2027968
fast    7687256    701352   8388608   7682200
total   9715296    754080  10469376   7682200


Mounted disks:
Unit      Size       Used       Free Full Errs   Status   Name
DF0       No disk present
DH0      4095M    4194304    4194303  50%   0  Read/Write System
DH1       255M         36      65372   0%   0  Read/Write BFSTest
DH2       Not a DOS disk

Volumes available:
BFSTest [Mounted]
System [Mounted]

=== BFS Results ===
FS_DURABLE_COMPARE	4
DRIVE	DH1:
SMALL_CREATE_40_US	40575
LOOKUP_400_US	75520
SMALL_READ_40_US	20992
LIST_EXNEXT_400_US	31743
LIST_EXALL_400_US	8960
SEQ_WRITE_8M_US	42880
SEQ_READ_8M_US	266365
SMALL_DELETE_40_US	20543
APPEND_4K_1M_US	79294
APPEND_1K_256K_US	64640
APPEND_READ_1280K_US	44799
LIST_EXNEXT_40_ENTRIES_FIRST_PASS_US	6335
LIST_EXNEXT_40_ENTRIES_REPEAT10_TOTAL_US	31617
LIST_EXALL_40_ENTRIES_FIRST_PASS_US	3775
LIST_EXALL_40_ENTRIES_REPEAT10_TOTAL_US	9472
LIST_EXNEXT_400_ENTRIES_FIRST_PASS_US	63871
LIST_EXNEXT_400_ENTRIES_REPEAT10_TOTAL_US	670589
LIST_EXALL_400_ENTRIES_FIRST_PASS_US	36416
LIST_EXALL_400_ENTRIES_REPEAT10_TOTAL_US	355518
LIST_EXNEXT_1000_ENTRIES_FIRST_PASS_US	147391
LIST_EXNEXT_1000_ENTRIES_REPEAT10_TOTAL_US	1702134
LIST_EXALL_1000_ENTRIES_FIRST_PASS_US	160639
LIST_EXALL_1000_ENTRIES_REPEAT10_TOTAL_US	955131
PASS	1

=== PFS3 Results ===
FS_DURABLE_COMPARE	4
DRIVE	DH2:
SMALL_CREATE_40_US	17408
LOOKUP_400_US	66607
SMALL_READ_40_US	13183
LIST_EXNEXT_400_US	12288
LIST_EXALL_400_US	2560
SEQ_WRITE_8M_US	40896
SEQ_READ_8M_US	287167
SMALL_DELETE_40_US	8895
APPEND_4K_1M_US	40993
APPEND_1K_256K_US	27777
APPEND_READ_1280K_US	44993
LIST_EXNEXT_40_ENTRIES_FIRST_PASS_US	1792
LIST_EXNEXT_40_ENTRIES_REPEAT10_TOTAL_US	12671
LIST_EXALL_40_ENTRIES_FIRST_PASS_US	703
LIST_EXALL_40_ENTRIES_REPEAT10_TOTAL_US	2560
LIST_EXNEXT_400_ENTRIES_FIRST_PASS_US	13720
LIST_EXNEXT_400_ENTRIES_REPEAT10_TOTAL_US	116735
LIST_EXALL_400_ENTRIES_FIRST_PASS_US	2944
LIST_EXALL_400_ENTRIES_REPEAT10_TOTAL_US	20673
LIST_EXNEXT_1000_ENTRIES_FIRST_PASS_US	33215
LIST_EXNEXT_1000_ENTRIES_REPEAT10_TOTAL_US	291263
LIST_EXALL_1000_ENTRIES_FIRST_PASS_US	6400
LIST_EXALL_1000_ENTRIES_REPEAT10_TOTAL_US	52672
PASS	1
PASS: requested mounted-volume workload outputs are complete and data-checked
