=== BFS vs PFS3 Benchmark (FS-UAE 68040) ===
Evidence directory: /home/fabian/.cache/bfs-performance/sparse-crc-2026-10-09.xN615F/candidate/build/benchmark/sparse-confirmation-20261009/confirm-durable-m5-7-bfs-first
Mode: durable-compare
Timeout: 600s


=== Machine Info ===
# Machine Info
Kickstart 47.102, Workbench 47.2
System: 68040 68040/060-FPU   (INST: Cache Burst) (DATA: NoCache NoBurst)
Type  Available    In-Use   Maximum   Largest
chip    2028040     52728   2080768   2027968
fast    7687256    701352   8388608   7682200
total   9715296    754080  10469376   7682200


Mounted disks:
Unit      Size       Used       Free Full Errs   Status   Name
DF0       No disk present
DH0      4095M    4194304    4194303  50%   0  Read/Write System
DH1       255M         36      65372   0%   0  Read/Write BFSTest
DH2       Not a DOS disk

Volumes available:
BFSTest [Mounted]
System [Mounted]

=== BFS Results ===
FS_DURABLE_COMPARE	4
DRIVE	DH1:
SMALL_CREATE_40_US	35328
LOOKUP_400_US	77247
SMALL_READ_40_US	20609
LIST_EXNEXT_400_US	31232
LIST_EXALL_400_US	8960
SEQ_WRITE_8M_US	46079
SEQ_READ_8M_US	266687
SMALL_DELETE_40_US	20737
APPEND_4K_1M_US	100543
APPEND_1K_256K_US	89151
APPEND_READ_1280K_US	43263
LIST_EXNEXT_40_ENTRIES_FIRST_PASS_US	6400
LIST_EXNEXT_40_ENTRIES_REPEAT10_TOTAL_US	32129
LIST_EXALL_40_ENTRIES_FIRST_PASS_US	3776
LIST_EXALL_40_ENTRIES_REPEAT10_TOTAL_US	9665
LIST_EXNEXT_400_ENTRIES_FIRST_PASS_US	86144
LIST_EXNEXT_400_ENTRIES_REPEAT10_TOTAL_US	628541
LIST_EXALL_400_ENTRIES_FIRST_PASS_US	34623
LIST_EXALL_400_ENTRIES_REPEAT10_TOTAL_US	363901
LIST_EXNEXT_1000_ENTRIES_FIRST_PASS_US	152319
LIST_EXNEXT_1000_ENTRIES_REPEAT10_TOTAL_US	1611768
LIST_EXALL_1000_ENTRIES_FIRST_PASS_US	107006
LIST_EXALL_1000_ENTRIES_REPEAT10_TOTAL_US	950523
PASS	1

=== PFS3 Results ===
FS_DURABLE_COMPARE	4
DRIVE	DH2:
SMALL_CREATE_40_US	29633
LOOKUP_400_US	68928
SMALL_READ_40_US	13375
LIST_EXNEXT_400_US	12288
LIST_EXALL_400_US	2560
SEQ_WRITE_8M_US	40960
SEQ_READ_8M_US	251390
SMALL_DELETE_40_US	8801
APPEND_4K_1M_US	32000
APPEND_1K_256K_US	23808
APPEND_READ_1280K_US	40895
LIST_EXNEXT_40_ENTRIES_FIRST_PASS_US	1600
LIST_EXNEXT_40_ENTRIES_REPEAT10_TOTAL_US	12606
LIST_EXALL_40_ENTRIES_FIRST_PASS_US	512
LIST_EXALL_40_ENTRIES_REPEAT10_TOTAL_US	2496
LIST_EXNEXT_400_ENTRIES_FIRST_PASS_US	12800
LIST_EXNEXT_400_ENTRIES_REPEAT10_TOTAL_US	142591
LIST_EXALL_400_ENTRIES_FIRST_PASS_US	2816
LIST_EXALL_400_ENTRIES_REPEAT10_TOTAL_US	21631
LIST_EXNEXT_1000_ENTRIES_FIRST_PASS_US	43392
LIST_EXNEXT_1000_ENTRIES_REPEAT10_TOTAL_US	287340
LIST_EXALL_1000_ENTRIES_FIRST_PASS_US	6465
LIST_EXALL_1000_ENTRIES_REPEAT10_TOTAL_US	49920
PASS	1
PASS: requested mounted-volume workload outputs are complete and data-checked
