=== BFS vs PFS3 Benchmark (FS-UAE 68040) ===
Evidence directory: /home/fabian/.cache/bfs-performance/metabound-2026-10-10.kPl0jg/results/metabound-4-pfs3-first-reference
Mode: compare
Timeout: 600s


=== Machine Info ===
# Machine Info
Kickstart 47.102, Workbench 47.2
System: 68040 68040/060-FPU   (INST: Cache Burst) (DATA: NoCache NoBurst)
Type  Available    In-Use   Maximum   Largest
chip    2028040     52728   2080768   2027968
fast    7534464    854144   8388608   7529392
total   9562504    906872  10469376   7529392


Mounted disks:
Unit      Size       Used       Free Full Errs   Status   Name
DF0       No disk present
DH0      4095M    4194304    4194303  50%   0  Read/Write System
DH1       255M         36      65372   0%   0  Read/Write BFSTest
DH2       Not a DOS disk

Volumes available:
BFSTest [Mounted]
System [Mounted]

=== BFS Results ===
FS_COMPARE_BENCH	4
DRIVE	DH1:
SMALL_CREATE_40_US	30847
LOOKUP_400_US	58047
SMALL_READ_40_US	18048
LIST_EXNEXT_400_US	27520
LIST_EXALL_400_US	7680
SEQ_WRITE_8M_US	36032
SEQ_READ_8M_US	261182
SMALL_DELETE_40_US	13695
APPEND_4K_1M_US	68608
APPEND_1K_256K_US	60288
APPEND_READ_1280K_US	44928
LIST_EXNEXT_40_ENTRIES_FIRST_PASS_US	4353
LIST_EXNEXT_40_ENTRIES_REPEAT10_TOTAL_US	28416
LIST_EXALL_40_ENTRIES_FIRST_PASS_US	1728
LIST_EXALL_40_ENTRIES_REPEAT10_TOTAL_US	8383
LIST_EXNEXT_400_ENTRIES_FIRST_PASS_US	35647
LIST_EXNEXT_400_ENTRIES_REPEAT10_TOTAL_US	284286
LIST_EXALL_400_ENTRIES_FIRST_PASS_US	16191
LIST_EXALL_400_ENTRIES_REPEAT10_TOTAL_US	87679
LIST_EXNEXT_1000_ENTRIES_FIRST_PASS_US	92799
LIST_EXNEXT_1000_ENTRIES_REPEAT10_TOTAL_US	725692
LIST_EXALL_1000_ENTRIES_FIRST_PASS_US	38912
LIST_EXALL_1000_ENTRIES_REPEAT10_TOTAL_US	207870
PASS	1

=== PFS3 Results ===
FS_COMPARE_BENCH	4
DRIVE	DH2:
SMALL_CREATE_40_US	17855
LOOKUP_400_US	66239
SMALL_READ_40_US	15040
LIST_EXNEXT_400_US	11937
LIST_EXALL_400_US	2624
SEQ_WRITE_8M_US	40640
SEQ_READ_8M_US	271230
SMALL_DELETE_40_US	8256
APPEND_4K_1M_US	33151
APPEND_1K_256K_US	24448
APPEND_READ_1280K_US	42048
LIST_EXNEXT_40_ENTRIES_FIRST_PASS_US	1536
LIST_EXNEXT_40_ENTRIES_REPEAT10_TOTAL_US	11840
LIST_EXALL_40_ENTRIES_FIRST_PASS_US	575
LIST_EXALL_40_ENTRIES_REPEAT10_TOTAL_US	2495
LIST_EXNEXT_400_ENTRIES_FIRST_PASS_US	13785
LIST_EXNEXT_400_ENTRIES_REPEAT10_TOTAL_US	112193
LIST_EXALL_400_ENTRIES_FIRST_PASS_US	2943
LIST_EXALL_400_ENTRIES_REPEAT10_TOTAL_US	20543
LIST_EXNEXT_1000_ENTRIES_FIRST_PASS_US	31358
LIST_EXNEXT_1000_ENTRIES_REPEAT10_TOTAL_US	291179
LIST_EXALL_1000_ENTRIES_FIRST_PASS_US	6463
LIST_EXALL_1000_ENTRIES_REPEAT10_TOTAL_US	49919
PASS	1
PASS: requested mounted-volume workload outputs are complete and data-checked
