=== BFS vs PFS3 Benchmark (FS-UAE 68040) ===
Evidence directory: /home/fabian/.cache/bfs-performance/metabound-2026-10-10.kPl0jg/results/metabound-4-pfs3-first-bound
Mode: compare
Timeout: 600s


=== Machine Info ===
# Machine Info
Kickstart 47.102, Workbench 47.2
System: 68040 68040/060-FPU   (INST: Cache Burst) (DATA: NoCache NoBurst)
Type  Available    In-Use   Maximum   Largest
chip    2028040     52728   2080768   2027968
fast    7534792    853816   8388608   7529704
total   9562832    906544  10469376   7529704


Mounted disks:
Unit      Size       Used       Free Full Errs   Status   Name
DF0       No disk present
DH0      4095M    4194304    4194303  50%   0  Read/Write System
DH1       255M         36      65372   0%   0  Read/Write BFSTest
DH2       Not a DOS disk

Volumes available:
BFSTest [Mounted]
System [Mounted]

=== BFS Results ===
FS_COMPARE_BENCH	4
DRIVE	DH1:
SMALL_CREATE_40_US	28800
LOOKUP_400_US	58862
SMALL_READ_40_US	17920
LIST_EXNEXT_400_US	22593
LIST_EXALL_400_US	4609
SEQ_WRITE_8M_US	37695
SEQ_READ_8M_US	270590
SMALL_DELETE_40_US	13697
APPEND_4K_1M_US	68799
APPEND_1K_256K_US	60991
APPEND_READ_1280K_US	45055
LIST_EXNEXT_40_ENTRIES_FIRST_PASS_US	3328
LIST_EXNEXT_40_ENTRIES_REPEAT10_TOTAL_US	23424
LIST_EXALL_40_ENTRIES_FIRST_PASS_US	1088
LIST_EXALL_40_ENTRIES_REPEAT10_TOTAL_US	5312
LIST_EXNEXT_400_ENTRIES_FIRST_PASS_US	26559
LIST_EXNEXT_400_ENTRIES_REPEAT10_TOTAL_US	216319
LIST_EXALL_400_ENTRIES_FIRST_PASS_US	9407
LIST_EXALL_400_ENTRIES_REPEAT10_TOTAL_US	53823
LIST_EXNEXT_1000_ENTRIES_FIRST_PASS_US	68352
LIST_EXNEXT_1000_ENTRIES_REPEAT10_TOTAL_US	542077
LIST_EXALL_1000_ENTRIES_FIRST_PASS_US	21888
LIST_EXALL_1000_ENTRIES_REPEAT10_TOTAL_US	116608
PASS	1

=== PFS3 Results ===
FS_COMPARE_BENCH	4
DRIVE	DH2:
SMALL_CREATE_40_US	16320
LOOKUP_400_US	66688
SMALL_READ_40_US	13376
LIST_EXNEXT_400_US	11904
LIST_EXALL_400_US	2880
SEQ_WRITE_8M_US	39166
SEQ_READ_8M_US	267582
SMALL_DELETE_40_US	8127
APPEND_4K_1M_US	34240
APPEND_1K_256K_US	24255
APPEND_READ_1280K_US	40000
LIST_EXNEXT_40_ENTRIES_FIRST_PASS_US	1537
LIST_EXNEXT_40_ENTRIES_REPEAT10_TOTAL_US	11968
LIST_EXALL_40_ENTRIES_FIRST_PASS_US	1537
LIST_EXALL_40_ENTRIES_REPEAT10_TOTAL_US	2495
LIST_EXNEXT_400_ENTRIES_FIRST_PASS_US	12223
LIST_EXNEXT_400_ENTRIES_REPEAT10_TOTAL_US	111808
LIST_EXALL_400_ENTRIES_FIRST_PASS_US	2752
LIST_EXALL_400_ENTRIES_REPEAT10_TOTAL_US	20290
LIST_EXNEXT_1000_ENTRIES_FIRST_PASS_US	31551
LIST_EXNEXT_1000_ENTRIES_REPEAT10_TOTAL_US	291710
LIST_EXALL_1000_ENTRIES_FIRST_PASS_US	6336
LIST_EXALL_1000_ENTRIES_REPEAT10_TOTAL_US	49663
PASS	1
PASS: requested mounted-volume workload outputs are complete and data-checked
