=== BFS vs PFS3 Benchmark (FS-UAE 68040) ===
Evidence directory: /home/fabian/.cache/bfs-performance/writeback-2026-10-10.sKa6aK/results/writeback-5-bfs-first-reference
Mode: compare
Timeout: 600s


=== Machine Info ===
# Machine Info
Kickstart 47.102, Workbench 47.2
System: 68040 68040/060-FPU   (INST: Cache Burst) (DATA: NoCache NoBurst)
Type  Available    In-Use   Maximum   Largest
chip    2028040     52728   2080768   2027968
fast    7534464    854144   8388608   7529392
total   9562504    906872  10469376   7529392


Mounted disks:
Unit      Size       Used       Free Full Errs   Status   Name
DF0       No disk present
DH0      4095M    4194304    4194303  50%   0  Read/Write System
DH1       255M         36      65372   0%   0  Read/Write BFSTest
DH2       Not a DOS disk

Volumes available:
BFSTest [Mounted]
System [Mounted]

=== BFS Results ===
FS_COMPARE_BENCH	4
DRIVE	DH1:
SMALL_CREATE_40_US	29376
LOOKUP_400_US	59073
SMALL_READ_40_US	17600
LIST_EXNEXT_400_US	27841
LIST_EXALL_400_US	7616
SEQ_WRITE_8M_US	36845
SEQ_READ_8M_US	269310
SMALL_DELETE_40_US	14016
APPEND_4K_1M_US	70016
APPEND_1K_256K_US	57152
APPEND_READ_1280K_US	45312
LIST_EXNEXT_40_ENTRIES_FIRST_PASS_US	4416
LIST_EXNEXT_40_ENTRIES_REPEAT10_TOTAL_US	30188
LIST_EXALL_40_ENTRIES_FIRST_PASS_US	1664
LIST_EXALL_40_ENTRIES_REPEAT10_TOTAL_US	10623
LIST_EXNEXT_400_ENTRIES_FIRST_PASS_US	36865
LIST_EXNEXT_400_ENTRIES_REPEAT10_TOTAL_US	298943
LIST_EXALL_400_ENTRIES_FIRST_PASS_US	16831
LIST_EXALL_400_ENTRIES_REPEAT10_TOTAL_US	82495
LIST_EXNEXT_1000_ENTRIES_FIRST_PASS_US	101824
LIST_EXNEXT_1000_ENTRIES_REPEAT10_TOTAL_US	779516
LIST_EXALL_1000_ENTRIES_FIRST_PASS_US	42176
LIST_EXALL_1000_ENTRIES_REPEAT10_TOTAL_US	209535
PASS	1

=== PFS3 Results ===
FS_COMPARE_BENCH	4
DRIVE	DH2:
SMALL_CREATE_40_US	19456
LOOKUP_400_US	66112
SMALL_READ_40_US	13120
LIST_EXNEXT_400_US	11968
LIST_EXALL_400_US	2495
SEQ_WRITE_8M_US	39808
SEQ_READ_8M_US	268031
SMALL_DELETE_40_US	11647
APPEND_4K_1M_US	34048
APPEND_1K_256K_US	23423
APPEND_READ_1280K_US	40576
LIST_EXNEXT_40_ENTRIES_FIRST_PASS_US	1729
LIST_EXNEXT_40_ENTRIES_REPEAT10_TOTAL_US	12799
LIST_EXALL_40_ENTRIES_FIRST_PASS_US	766
LIST_EXALL_40_ENTRIES_REPEAT10_TOTAL_US	3456
LIST_EXNEXT_400_ENTRIES_FIRST_PASS_US	17472
LIST_EXNEXT_400_ENTRIES_REPEAT10_TOTAL_US	116736
LIST_EXALL_400_ENTRIES_FIRST_PASS_US	2945
LIST_EXALL_400_ENTRIES_REPEAT10_TOTAL_US	20416
LIST_EXNEXT_1000_ENTRIES_FIRST_PASS_US	34112
LIST_EXNEXT_1000_ENTRIES_REPEAT10_TOTAL_US	289023
LIST_EXALL_1000_ENTRIES_FIRST_PASS_US	13184
LIST_EXALL_1000_ENTRIES_REPEAT10_TOTAL_US	118976
PASS	1
PASS: requested mounted-volume workload outputs are complete and data-checked
