=== BFS vs PFS3 Benchmark (FS-UAE 68040) ===
Evidence directory: /home/fabian/.cache/bfs-performance/writeback-2026-10-10.sKa6aK/results/writeback-4-pfs3-first-reference
Mode: compare
Timeout: 600s


=== Machine Info ===
# Machine Info
Kickstart 47.102, Workbench 47.2
System: 68040 68040/060-FPU   (INST: Cache Burst) (DATA: NoCache NoBurst)
Type  Available    In-Use   Maximum   Largest
chip    2028040     52728   2080768   2027968
fast    7534464    854144   8388608   7529392
total   9562504    906872  10469376   7529392


Mounted disks:
Unit      Size       Used       Free Full Errs   Status   Name
DF0       No disk present
DH0      4095M    4194304    4194303  50%   0  Read/Write System
DH1       255M         36      65372   0%   0  Read/Write BFSTest
DH2       Not a DOS disk

Volumes available:
BFSTest [Mounted]
System [Mounted]

=== BFS Results ===
FS_COMPARE_BENCH	4
DRIVE	DH1:
SMALL_CREATE_40_US	28736
LOOKUP_400_US	59328
SMALL_READ_40_US	17347
LIST_EXNEXT_400_US	27968
LIST_EXALL_400_US	7808
SEQ_WRITE_8M_US	35904
SEQ_READ_8M_US	257279
SMALL_DELETE_40_US	17792
APPEND_4K_1M_US	77613
APPEND_1K_256K_US	56383
APPEND_READ_1280K_US	44543
LIST_EXNEXT_40_ENTRIES_FIRST_PASS_US	4417
LIST_EXNEXT_40_ENTRIES_REPEAT10_TOTAL_US	29313
LIST_EXALL_40_ENTRIES_FIRST_PASS_US	1665
LIST_EXALL_40_ENTRIES_REPEAT10_TOTAL_US	8320
LIST_EXNEXT_400_ENTRIES_FIRST_PASS_US	49343
LIST_EXNEXT_400_ENTRIES_REPEAT10_TOTAL_US	286655
LIST_EXALL_400_ENTRIES_FIRST_PASS_US	15232
LIST_EXALL_400_ENTRIES_REPEAT10_TOTAL_US	92991
LIST_EXNEXT_1000_ENTRIES_FIRST_PASS_US	105407
LIST_EXNEXT_1000_ENTRIES_REPEAT10_TOTAL_US	754491
LIST_EXALL_1000_ENTRIES_FIRST_PASS_US	38783
LIST_EXALL_1000_ENTRIES_REPEAT10_TOTAL_US	204159
PASS	1

=== PFS3 Results ===
FS_COMPARE_BENCH	4
DRIVE	DH2:
SMALL_CREATE_40_US	16385
LOOKUP_400_US	66176
SMALL_READ_40_US	13889
LIST_EXNEXT_400_US	11904
LIST_EXALL_400_US	3007
SEQ_WRITE_8M_US	39360
SEQ_READ_8M_US	272512
SMALL_DELETE_40_US	8192
APPEND_4K_1M_US	35456
APPEND_1K_256K_US	23295
APPEND_READ_1280K_US	40961
LIST_EXNEXT_40_ENTRIES_FIRST_PASS_US	1793
LIST_EXNEXT_40_ENTRIES_REPEAT10_TOTAL_US	12352
LIST_EXALL_40_ENTRIES_FIRST_PASS_US	2112
LIST_EXALL_40_ENTRIES_REPEAT10_TOTAL_US	3968
LIST_EXNEXT_400_ENTRIES_FIRST_PASS_US	16957
LIST_EXNEXT_400_ENTRIES_REPEAT10_TOTAL_US	116607
LIST_EXALL_400_ENTRIES_FIRST_PASS_US	2816
LIST_EXALL_400_ENTRIES_REPEAT10_TOTAL_US	20543
LIST_EXNEXT_1000_ENTRIES_FIRST_PASS_US	32191
LIST_EXNEXT_1000_ENTRIES_REPEAT10_TOTAL_US	282109
LIST_EXALL_1000_ENTRIES_FIRST_PASS_US	6913
LIST_EXALL_1000_ENTRIES_REPEAT10_TOTAL_US	62463
PASS	1
PASS: requested mounted-volume workload outputs are complete and data-checked
