=== BFS vs PFS3 Benchmark (FS-UAE 68040) ===
Evidence directory: /home/fabian/.cache/bfs-performance/status-2026-10-10.NvWrOR/results/status-8-pfs3-first-release040
Mode: compare
Timeout: 600s


=== Machine Info ===
# Machine Info
Kickstart 47.102, Workbench 47.2
System: 68040 68040/060-FPU   (INST: Cache Burst) (DATA: NoCache NoBurst)
Type  Available    In-Use   Maximum   Largest
chip    2028040     52728   2080768   2027968
fast    7529008    859600   8388608   7523936
total   9557048    912328  10469376   7523936


Mounted disks:
Unit      Size       Used       Free Full Errs   Status   Name
DF0       No disk present
DH0      4095M    4194304    4194303  50%   0  Read/Write System
DH1       255M         36      65372   0%   0  Read/Write BFSTest
DH2       Not a DOS disk

Volumes available:
BFSTest [Mounted]
System [Mounted]

=== BFS Results ===
FS_COMPARE_BENCH	4
DRIVE	DH1:
SMALL_CREATE_40_US	31231
LOOKUP_400_US	59585
SMALL_READ_40_US	18304
LIST_EXNEXT_400_US	20542
LIST_EXALL_400_US	7745
SEQ_WRITE_8M_US	43265
SEQ_READ_8M_US	273791
SMALL_DELETE_40_US	13824
APPEND_4K_1M_US	51457
APPEND_1K_256K_US	42688
APPEND_READ_1280K_US	43901
LIST_EXNEXT_40_ENTRIES_FIRST_PASS_US	3777
LIST_EXNEXT_40_ENTRIES_REPEAT10_TOTAL_US	21372
LIST_EXALL_40_ENTRIES_FIRST_PASS_US	1729
LIST_EXALL_40_ENTRIES_REPEAT10_TOTAL_US	8385
LIST_EXNEXT_400_ENTRIES_FIRST_PASS_US	29695
LIST_EXNEXT_400_ENTRIES_REPEAT10_TOTAL_US	208767
LIST_EXALL_400_ENTRIES_FIRST_PASS_US	16897
LIST_EXALL_400_ENTRIES_REPEAT10_TOTAL_US	82431
LIST_EXNEXT_1000_ENTRIES_FIRST_PASS_US	75071
LIST_EXNEXT_1000_ENTRIES_REPEAT10_TOTAL_US	539069
LIST_EXALL_1000_ENTRIES_FIRST_PASS_US	39615
LIST_EXALL_1000_ENTRIES_REPEAT10_TOTAL_US	190784
PASS	1

=== PFS3 Results ===
FS_COMPARE_BENCH	4
DRIVE	DH2:
SMALL_CREATE_40_US	17408
LOOKUP_400_US	76607
SMALL_READ_40_US	13952
LIST_EXNEXT_400_US	11839
LIST_EXALL_400_US	2496
SEQ_WRITE_8M_US	38912
SEQ_READ_8M_US	258755
SMALL_DELETE_40_US	7808
APPEND_4K_1M_US	34559
APPEND_1K_256K_US	23360
APPEND_READ_1280K_US	39999
LIST_EXNEXT_40_ENTRIES_FIRST_PASS_US	1535
LIST_EXNEXT_40_ENTRIES_REPEAT10_TOTAL_US	11712
LIST_EXALL_40_ENTRIES_FIRST_PASS_US	448
LIST_EXALL_40_ENTRIES_REPEAT10_TOTAL_US	2497
LIST_EXNEXT_400_ENTRIES_FIRST_PASS_US	12543
LIST_EXNEXT_400_ENTRIES_REPEAT10_TOTAL_US	111743
LIST_EXALL_400_ENTRIES_FIRST_PASS_US	2880
LIST_EXALL_400_ENTRIES_REPEAT10_TOTAL_US	20543
LIST_EXNEXT_1000_ENTRIES_FIRST_PASS_US	33280
LIST_EXNEXT_1000_ENTRIES_REPEAT10_TOTAL_US	276351
LIST_EXALL_1000_ENTRIES_FIRST_PASS_US	6335
LIST_EXALL_1000_ENTRIES_REPEAT10_TOTAL_US	50597
PASS	1
PASS: requested mounted-volume workload outputs are complete and data-checked
