=== BFS vs PFS3 Benchmark (FS-UAE 68040) ===
Evidence directory: /home/fabian/.cache/bfs-performance/listing-upgrade-2026-10-08.29qKRc/build/benchmark/leaf-range-pilot-20261008-range-2-pfs3-first
Mode: compare
Timeout: 600s


=== Machine Info ===
# Machine Info
Kickstart 47.102, Workbench 47.2
System: 68040 68040/060-FPU   (INST: Cache Burst) (DATA: NoCache NoBurst)
Type  Available    In-Use   Maximum   Largest
chip    2028040     52728   2080768   2027968
fast    7687656    700952   8388608   7682616
total   9715696    753680  10469376   7682616


Mounted disks:
Unit      Size       Used       Free Full Errs   Status   Name
DF0       No disk present
DH0      4095M    4194304    4194303  50%   0  Read/Write System
DH1       255M         36      65372   0%   0  Read/Write BFSTest
DH2       Not a DOS disk

Volumes available:
BFSTest [Mounted]
System [Mounted]

=== BFS Results ===
FS_COMPARE_BENCH	4
DRIVE	DH1:
SMALL_CREATE_40_US	30848
LOOKUP_400_US	75839
SMALL_READ_40_US	20545
LIST_EXNEXT_400_US	30592
LIST_EXALL_400_US	8639
SEQ_WRITE_8M_US	39615
SEQ_READ_8M_US	264511
SMALL_DELETE_40_US	17588
APPEND_4K_1M_US	76799
APPEND_1K_256K_US	61440
APPEND_READ_1280K_US	43071
LIST_EXNEXT_40_ENTRIES_FIRST_PASS_US	6401
LIST_EXNEXT_40_ENTRIES_REPEAT10_TOTAL_US	31168
LIST_EXALL_40_ENTRIES_FIRST_PASS_US	4352
LIST_EXALL_40_ENTRIES_REPEAT10_TOTAL_US	9280
LIST_EXNEXT_400_ENTRIES_FIRST_PASS_US	56448
LIST_EXNEXT_400_ENTRIES_REPEAT10_TOTAL_US	576509
LIST_EXALL_400_ENTRIES_FIRST_PASS_US	35775
LIST_EXALL_400_ENTRIES_REPEAT10_TOTAL_US	383742
LIST_EXNEXT_1000_ENTRIES_FIRST_PASS_US	149888
LIST_EXNEXT_1000_ENTRIES_REPEAT10_TOTAL_US	1547383
LIST_EXALL_1000_ENTRIES_FIRST_PASS_US	93311
LIST_EXALL_1000_ENTRIES_REPEAT10_TOTAL_US	904058
PASS	1

=== PFS3 Results ===
FS_COMPARE_BENCH	4
DRIVE	DH2:
SMALL_CREATE_40_US	18625
LOOKUP_400_US	66239
SMALL_READ_40_US	14592
LIST_EXNEXT_400_US	12032
LIST_EXALL_400_US	2495
SEQ_WRITE_8M_US	41857
SEQ_READ_8M_US	293247
SMALL_DELETE_40_US	8191
APPEND_4K_1M_US	34303
APPEND_1K_256K_US	24831
APPEND_READ_1280K_US	41984
LIST_EXNEXT_40_ENTRIES_FIRST_PASS_US	2945
LIST_EXNEXT_40_ENTRIES_REPEAT10_TOTAL_US	14977
LIST_EXALL_40_ENTRIES_FIRST_PASS_US	575
LIST_EXALL_40_ENTRIES_REPEAT10_TOTAL_US	2496
LIST_EXNEXT_400_ENTRIES_FIRST_PASS_US	18304
LIST_EXNEXT_400_ENTRIES_REPEAT10_TOTAL_US	183552
LIST_EXALL_400_ENTRIES_FIRST_PASS_US	2880
LIST_EXALL_400_ENTRIES_REPEAT10_TOTAL_US	20543
LIST_EXNEXT_1000_ENTRIES_FIRST_PASS_US	33728
LIST_EXNEXT_1000_ENTRIES_REPEAT10_TOTAL_US	284222
LIST_EXALL_1000_ENTRIES_FIRST_PASS_US	7295
LIST_EXALL_1000_ENTRIES_REPEAT10_TOTAL_US	52352
PASS	1
PASS: requested mounted-volume workload outputs are complete and data-checked
