=== BFS vs PFS3 Benchmark (FS-UAE 68040) ===
Evidence directory: /home/fabian/.cache/bfs-performance/splitbatch-2026-10-10.USYRpP/results/splitbatch-8-pfs3-first-split
Mode: compare
Timeout: 600s


=== Machine Info ===
# Machine Info
Kickstart 47.102, Workbench 47.2
System: 68040 68040/060-FPU   (INST: Cache Burst) (DATA: NoCache NoBurst)
Type  Available    In-Use   Maximum   Largest
chip    2028040     52728   2080768   2027968
fast    7531224    857384   8388608   7526160
total   9559264    910112  10469376   7526160


Mounted disks:
Unit      Size       Used       Free Full Errs   Status   Name
DF0       No disk present
DH0      4095M    4194304    4194303  50%   0  Read/Write System
DH1       255M         36      65372   0%   0  Read/Write BFSTest
DH2       Not a DOS disk

Volumes available:
BFSTest [Mounted]
System [Mounted]

=== BFS Results ===
FS_COMPARE_BENCH	4
DRIVE	DH1:
SMALL_CREATE_40_US	31169
LOOKUP_400_US	59327
SMALL_READ_40_US	17920
LIST_EXNEXT_400_US	20480
LIST_EXALL_400_US	7806
SEQ_WRITE_8M_US	29312
SEQ_READ_8M_US	319102
SMALL_DELETE_40_US	14080
APPEND_4K_1M_US	53568
APPEND_1K_256K_US	47871
APPEND_READ_1280K_US	45759
LIST_EXNEXT_40_ENTRIES_FIRST_PASS_US	3326
LIST_EXNEXT_40_ENTRIES_REPEAT10_TOTAL_US	21952
LIST_EXALL_40_ENTRIES_FIRST_PASS_US	2177
LIST_EXALL_40_ENTRIES_REPEAT10_TOTAL_US	9023
LIST_EXNEXT_400_ENTRIES_FIRST_PASS_US	29504
LIST_EXNEXT_400_ENTRIES_REPEAT10_TOTAL_US	223614
LIST_EXALL_400_ENTRIES_FIRST_PASS_US	17855
LIST_EXALL_400_ENTRIES_REPEAT10_TOTAL_US	81407
LIST_EXNEXT_1000_ENTRIES_FIRST_PASS_US	71360
LIST_EXNEXT_1000_ENTRIES_REPEAT10_TOTAL_US	536509
LIST_EXALL_1000_ENTRIES_FIRST_PASS_US	37376
LIST_EXALL_1000_ENTRIES_REPEAT10_TOTAL_US	190655
PASS	1

=== PFS3 Results ===
FS_COMPARE_BENCH	4
DRIVE	DH2:
SMALL_CREATE_40_US	16895
LOOKUP_400_US	77231
SMALL_READ_40_US	29424
LIST_EXNEXT_400_US	18176
LIST_EXALL_400_US	2751
SEQ_WRITE_8M_US	44480
SEQ_READ_8M_US	332926
SMALL_DELETE_40_US	8423
APPEND_4K_1M_US	32512
APPEND_1K_256K_US	32384
APPEND_READ_1280K_US	55105
LIST_EXNEXT_40_ENTRIES_FIRST_PASS_US	1600
LIST_EXNEXT_40_ENTRIES_REPEAT10_TOTAL_US	11777
LIST_EXALL_40_ENTRIES_FIRST_PASS_US	577
LIST_EXALL_40_ENTRIES_REPEAT10_TOTAL_US	2817
LIST_EXNEXT_400_ENTRIES_FIRST_PASS_US	12673
LIST_EXNEXT_400_ENTRIES_REPEAT10_TOTAL_US	112064
LIST_EXALL_400_ENTRIES_FIRST_PASS_US	3073
LIST_EXALL_400_ENTRIES_REPEAT10_TOTAL_US	20735
LIST_EXNEXT_1000_ENTRIES_FIRST_PASS_US	32448
LIST_EXNEXT_1000_ENTRIES_REPEAT10_TOTAL_US	289344
LIST_EXALL_1000_ENTRIES_FIRST_PASS_US	6528
LIST_EXALL_1000_ENTRIES_REPEAT10_TOTAL_US	51776
PASS	1
PASS: requested mounted-volume workload outputs are complete and data-checked
