=== BFS vs PFS3 Benchmark (FS-UAE 68040) ===
Evidence directory: /home/fabian/.cache/bfs-performance/writeback-2026-10-10.sKa6aK/results/writeback-3-bfs-first-reference
Mode: compare
Timeout: 600s


=== Machine Info ===
# Machine Info
Kickstart 47.102, Workbench 47.2
System: 68040 68040/060-FPU   (INST: Cache Burst) (DATA: NoCache NoBurst)
Type  Available    In-Use   Maximum   Largest
chip    2028040     52728   2080768   2027968
fast    7534464    854144   8388608   7529392
total   9562504    906872  10469376   7529392


Mounted disks:
Unit      Size       Used       Free Full Errs   Status   Name
DF0       No disk present
DH0      4095M    4194304    4194303  50%   0  Read/Write System
DH1       255M         36      65372   0%   0  Read/Write BFSTest
DH2       Not a DOS disk

Volumes available:
BFSTest [Mounted]
System [Mounted]

=== BFS Results ===
FS_COMPARE_BENCH	4
DRIVE	DH1:
SMALL_CREATE_40_US	28992
LOOKUP_400_US	59328
SMALL_READ_40_US	17536
LIST_EXNEXT_400_US	28545
LIST_EXALL_400_US	7680
SEQ_WRITE_8M_US	39295
SEQ_READ_8M_US	293246
SMALL_DELETE_40_US	13954
APPEND_4K_1M_US	71168
APPEND_1K_256K_US	59391
APPEND_READ_1280K_US	58495
LIST_EXNEXT_40_ENTRIES_FIRST_PASS_US	4800
LIST_EXNEXT_40_ENTRIES_REPEAT10_TOTAL_US	28864
LIST_EXALL_40_ENTRIES_FIRST_PASS_US	1983
LIST_EXALL_40_ENTRIES_REPEAT10_TOTAL_US	8640
LIST_EXNEXT_400_ENTRIES_FIRST_PASS_US	37248
LIST_EXNEXT_400_ENTRIES_REPEAT10_TOTAL_US	285566
LIST_EXALL_400_ENTRIES_FIRST_PASS_US	15424
LIST_EXALL_400_ENTRIES_REPEAT10_TOTAL_US	88254
LIST_EXNEXT_1000_ENTRIES_FIRST_PASS_US	91135
LIST_EXNEXT_1000_ENTRIES_REPEAT10_TOTAL_US	723966
LIST_EXALL_1000_ENTRIES_FIRST_PASS_US	39808
LIST_EXALL_1000_ENTRIES_REPEAT10_TOTAL_US	203582
PASS	1

=== PFS3 Results ===
FS_COMPARE_BENCH	4
DRIVE	DH2:
SMALL_CREATE_40_US	17024
LOOKUP_400_US	66111
SMALL_READ_40_US	13825
LIST_EXNEXT_400_US	12157
LIST_EXALL_400_US	2495
SEQ_WRITE_8M_US	37952
SEQ_READ_8M_US	264895
SMALL_DELETE_40_US	7872
APPEND_4K_1M_US	31744
APPEND_1K_256K_US	23105
APPEND_READ_1280K_US	40703
LIST_EXNEXT_40_ENTRIES_FIRST_PASS_US	1792
LIST_EXNEXT_40_ENTRIES_REPEAT10_TOTAL_US	12032
LIST_EXALL_40_ENTRIES_FIRST_PASS_US	575
LIST_EXALL_40_ENTRIES_REPEAT10_TOTAL_US	2496
LIST_EXNEXT_400_ENTRIES_FIRST_PASS_US	12250
LIST_EXNEXT_400_ENTRIES_REPEAT10_TOTAL_US	122367
LIST_EXALL_400_ENTRIES_FIRST_PASS_US	2944
LIST_EXALL_400_ENTRIES_REPEAT10_TOTAL_US	20417
LIST_EXNEXT_1000_ENTRIES_FIRST_PASS_US	30783
LIST_EXNEXT_1000_ENTRIES_REPEAT10_TOTAL_US	277247
LIST_EXALL_1000_ENTRIES_FIRST_PASS_US	6400
LIST_EXALL_1000_ENTRIES_REPEAT10_TOTAL_US	55936
PASS	1
PASS: requested mounted-volume workload outputs are complete and data-checked
