=== BFS vs PFS3 Benchmark (FS-UAE 68040) ===
Evidence directory: /home/fabian/.cache/bfs-performance/metadata-2026-10-08.QvzB5w/build/benchmark/metadata-v4-pilot-20261008-base-1-bfs-first
Mode: compare
Timeout: 600s


=== Machine Info ===
# Machine Info
Kickstart 47.102, Workbench 47.2
System: 68040 68040/060-FPU   (INST: Cache Burst) (DATA: NoCache NoBurst)
Type  Available    In-Use   Maximum   Largest
chip    2028040     52728   2080768   2027968
fast    7694936    693672   8388608   7689880
total   9722976    746400  10469376   7689880


Mounted disks:
Unit      Size       Used       Free Full Errs   Status   Name
DF0       No disk present
DH0      4095M    4194304    4194303  50%   0  Read/Write System
DH1       255M         36      65372   0%   0  Read/Write BFSTest
DH2       Not a DOS disk

Volumes available:
BFSTest [Mounted]
System [Mounted]

=== BFS Results ===
FS_COMPARE_BENCH	4
DRIVE	DH1:
SMALL_CREATE_40_US	28543
LOOKUP_400_US	73600
SMALL_READ_40_US	18880
LIST_EXNEXT_400_US	32128
LIST_EXALL_400_US	8577
SEQ_WRITE_8M_US	39745
SEQ_READ_8M_US	301566
SMALL_DELETE_40_US	18752
APPEND_4K_1M_US	98367
APPEND_1K_256K_US	62144
APPEND_READ_1280K_US	52094
LIST_EXNEXT_40_ENTRIES_FIRST_PASS_US	6400
LIST_EXNEXT_40_ENTRIES_REPEAT10_TOTAL_US	35328
LIST_EXALL_40_ENTRIES_FIRST_PASS_US	3648
LIST_EXALL_40_ENTRIES_REPEAT10_TOTAL_US	11775
LIST_EXNEXT_400_ENTRIES_FIRST_PASS_US	59135
LIST_EXNEXT_400_ENTRIES_REPEAT10_TOTAL_US	632956
LIST_EXALL_400_ENTRIES_FIRST_PASS_US	40320
LIST_EXALL_400_ENTRIES_REPEAT10_TOTAL_US	480702
LIST_EXNEXT_1000_ENTRIES_FIRST_PASS_US	158334
LIST_EXNEXT_1000_ENTRIES_REPEAT10_TOTAL_US	1843766
LIST_EXALL_1000_ENTRIES_FIRST_PASS_US	99326
LIST_EXALL_1000_ENTRIES_REPEAT10_TOTAL_US	1059898
PASS	1

=== PFS3 Results ===
FS_COMPARE_BENCH	4
DRIVE	DH2:
SMALL_CREATE_40_US	17728
LOOKUP_400_US	66048
SMALL_READ_40_US	14848
LIST_EXNEXT_400_US	11840
LIST_EXALL_400_US	2815
SEQ_WRITE_8M_US	40129
SEQ_READ_8M_US	273470
SMALL_DELETE_40_US	8192
APPEND_4K_1M_US	51326
APPEND_1K_256K_US	25280
APPEND_READ_1280K_US	42623
LIST_EXNEXT_40_ENTRIES_FIRST_PASS_US	1537
LIST_EXNEXT_40_ENTRIES_REPEAT10_TOTAL_US	12288
LIST_EXALL_40_ENTRIES_FIRST_PASS_US	640
LIST_EXALL_40_ENTRIES_REPEAT10_TOTAL_US	2625
LIST_EXNEXT_400_ENTRIES_FIRST_PASS_US	13440
LIST_EXNEXT_400_ENTRIES_REPEAT10_TOTAL_US	114624
LIST_EXALL_400_ENTRIES_FIRST_PASS_US	2943
LIST_EXALL_400_ENTRIES_REPEAT10_TOTAL_US	20735
LIST_EXNEXT_1000_ENTRIES_FIRST_PASS_US	32448
LIST_EXNEXT_1000_ENTRIES_REPEAT10_TOTAL_US	288766
LIST_EXALL_1000_ENTRIES_FIRST_PASS_US	6656
LIST_EXALL_1000_ENTRIES_REPEAT10_TOTAL_US	52031
PASS	1
PASS: requested mounted-volume workload outputs are complete and data-checked
