=== BFS vs PFS3 Benchmark (FS-UAE 68040) ===
Evidence directory: /home/fabian/.cache/bfs-performance/confirm-2026-10-10.TmkILS/results/confirm-8-pfs3-first-reference
Mode: compare
Timeout: 600s


=== Machine Info ===
# Machine Info
Kickstart 47.102, Workbench 47.2
System: 68040 68040/060-FPU   (INST: Cache Burst) (DATA: NoCache NoBurst)
Type  Available    In-Use   Maximum   Largest
chip    2028040     52728   2080768   2027968
fast    7532616    855992   8388608   7527544
total   9560656    908720  10469376   7527544


Mounted disks:
Unit      Size       Used       Free Full Errs   Status   Name
DF0       No disk present
DH0      4095M    4194304    4194303  50%   0  Read/Write System
DH1       255M         36      65372   0%   0  Read/Write BFSTest
DH2       Not a DOS disk

Volumes available:
BFSTest [Mounted]
System [Mounted]

=== BFS Results ===
FS_COMPARE_BENCH	4
DRIVE	DH1:
SMALL_CREATE_40_US	30400
LOOKUP_400_US	59200
SMALL_READ_40_US	18944
LIST_EXNEXT_400_US	28288
LIST_EXALL_400_US	7680
SEQ_WRITE_8M_US	31233
SEQ_READ_8M_US	273918
SMALL_DELETE_40_US	13952
APPEND_4K_1M_US	52671
APPEND_1K_256K_US	43392
APPEND_READ_1280K_US	45312
LIST_EXNEXT_40_ENTRIES_FIRST_PASS_US	4480
LIST_EXNEXT_40_ENTRIES_REPEAT10_TOTAL_US	35776
LIST_EXALL_40_ENTRIES_FIRST_PASS_US	4097
LIST_EXALL_40_ENTRIES_REPEAT10_TOTAL_US	9472
LIST_EXNEXT_400_ENTRIES_FIRST_PASS_US	37887
LIST_EXNEXT_400_ENTRIES_REPEAT10_TOTAL_US	290046
LIST_EXALL_400_ENTRIES_FIRST_PASS_US	16895
LIST_EXALL_400_ENTRIES_REPEAT10_TOTAL_US	79103
LIST_EXNEXT_1000_ENTRIES_FIRST_PASS_US	104383
LIST_EXNEXT_1000_ENTRIES_REPEAT10_TOTAL_US	733499
LIST_EXALL_1000_ENTRIES_FIRST_PASS_US	40576
LIST_EXALL_1000_ENTRIES_REPEAT10_TOTAL_US	209024
PASS	1

=== PFS3 Results ===
FS_COMPARE_BENCH	4
DRIVE	DH2:
SMALL_CREATE_40_US	16575
LOOKUP_400_US	66048
SMALL_READ_40_US	13888
LIST_EXNEXT_400_US	11777
LIST_EXALL_400_US	2432
SEQ_WRITE_8M_US	38911
SEQ_READ_8M_US	269823
SMALL_DELETE_40_US	7680
APPEND_4K_1M_US	33920
APPEND_1K_256K_US	23745
APPEND_READ_1280K_US	41664
LIST_EXNEXT_40_ENTRIES_FIRST_PASS_US	1730
LIST_EXNEXT_40_ENTRIES_REPEAT10_TOTAL_US	12223
LIST_EXALL_40_ENTRIES_FIRST_PASS_US	575
LIST_EXALL_40_ENTRIES_REPEAT10_TOTAL_US	2495
LIST_EXNEXT_400_ENTRIES_FIRST_PASS_US	12543
LIST_EXNEXT_400_ENTRIES_REPEAT10_TOTAL_US	112702
LIST_EXALL_400_ENTRIES_FIRST_PASS_US	2815
LIST_EXALL_400_ENTRIES_REPEAT10_TOTAL_US	20543
LIST_EXNEXT_1000_ENTRIES_FIRST_PASS_US	31745
LIST_EXNEXT_1000_ENTRIES_REPEAT10_TOTAL_US	292415
LIST_EXALL_1000_ENTRIES_FIRST_PASS_US	6464
LIST_EXALL_1000_ENTRIES_REPEAT10_TOTAL_US	50239
PASS	1
PASS: requested mounted-volume workload outputs are complete and data-checked
