snapdog-runner
START 1 append2-prod-1-bfs-first-ref 2026-10-10T14:22:26Z
PASS 1 append2-prod-1-bfs-first-ref 2026-10-10T14:23:02Z
START 2 append2-prod-1-bfs-first-mid 2026-10-10T14:23:02Z
PASS 2 append2-prod-1-bfs-first-mid 2026-10-10T14:23:38Z
START 3 append2-prod-1-bfs-first-cand 2026-10-10T14:23:38Z
PASS 3 append2-prod-1-bfs-first-cand 2026-10-10T14:24:14Z
START 4 append2-prod-2-pfs3-first-mid 2026-10-10T14:24:14Z
PASS 4 append2-prod-2-pfs3-first-mid 2026-10-10T14:24:50Z
START 5 append2-prod-2-pfs3-first-cand 2026-10-10T14:24:50Z
PASS 5 append2-prod-2-pfs3-first-cand 2026-10-10T14:25:25Z
START 6 append2-prod-2-pfs3-first-ref 2026-10-10T14:25:25Z
PASS 6 append2-prod-2-pfs3-first-ref 2026-10-10T14:26:01Z
START 7 append2-prod-3-bfs-first-cand 2026-10-10T14:26:01Z
PASS 7 append2-prod-3-bfs-first-cand 2026-10-10T14:26:36Z
START 8 append2-prod-3-bfs-first-ref 2026-10-10T14:26:37Z
PASS 8 append2-prod-3-bfs-first-ref 2026-10-10T14:27:12Z
START 9 append2-prod-3-bfs-first-mid 2026-10-10T14:27:12Z
PASS 9 append2-prod-3-bfs-first-mid 2026-10-10T14:27:48Z
START 10 append2-prod-4-pfs3-first-ref 2026-10-10T14:27:48Z
PASS 10 append2-prod-4-pfs3-first-ref 2026-10-10T14:28:24Z
START 11 append2-prod-4-pfs3-first-mid 2026-10-10T14:28:24Z
PASS 11 append2-prod-4-pfs3-first-mid 2026-10-10T14:29:00Z
START 12 append2-prod-4-pfs3-first-cand 2026-10-10T14:29:00Z
PASS 12 append2-prod-4-pfs3-first-cand 2026-10-10T14:29:36Z
START 13 append2-prod-5-bfs-first-mid 2026-10-10T14:29:36Z
PASS 13 append2-prod-5-bfs-first-mid 2026-10-10T14:30:12Z
START 14 append2-prod-5-bfs-first-cand 2026-10-10T14:30:12Z
PASS 14 append2-prod-5-bfs-first-cand 2026-10-10T14:30:47Z
START 15 append2-prod-5-bfs-first-ref 2026-10-10T14:30:47Z
PASS 15 append2-prod-5-bfs-first-ref 2026-10-10T14:31:23Z
START 16 append2-prod-6-pfs3-first-cand 2026-10-10T14:31:23Z
PASS 16 append2-prod-6-pfs3-first-cand 2026-10-10T14:31:58Z
START 17 append2-prod-6-pfs3-first-ref 2026-10-10T14:31:59Z
PASS 17 append2-prod-6-pfs3-first-ref 2026-10-10T14:32:35Z
START 18 append2-prod-6-pfs3-first-mid 2026-10-10T14:32:36Z
PASS 18 append2-prod-6-pfs3-first-mid 2026-10-10T14:33:11Z
START 19 append2-prod-7-bfs-first-ref 2026-10-10T14:33:12Z
PASS 19 append2-prod-7-bfs-first-ref 2026-10-10T14:33:47Z
START 20 append2-prod-7-bfs-first-mid 2026-10-10T14:33:47Z
PASS 20 append2-prod-7-bfs-first-mid 2026-10-10T14:34:23Z
START 21 append2-prod-7-bfs-first-cand 2026-10-10T14:34:23Z
PASS 21 append2-prod-7-bfs-first-cand 2026-10-10T14:34:59Z
START 22 append2-prod-8-pfs3-first-mid 2026-10-10T14:34:59Z
PASS 22 append2-prod-8-pfs3-first-mid 2026-10-10T14:35:35Z
START 23 append2-prod-8-pfs3-first-cand 2026-10-10T14:35:35Z
PASS 23 append2-prod-8-pfs3-first-cand 2026-10-10T14:36:10Z
START 24 append2-prod-8-pfs3-first-ref 2026-10-10T14:36:10Z
PASS 24 append2-prod-8-pfs3-first-ref 2026-10-10T14:36:46Z
START 25 append2-probe-1-bfs-first-ref 2026-10-10T14:36:46Z
PASS 25 append2-probe-1-bfs-first-ref 2026-10-10T14:37:25Z
START 26 append2-probe-1-bfs-first-mid 2026-10-10T14:37:25Z
PASS 26 append2-probe-1-bfs-first-mid 2026-10-10T14:38:03Z
START 27 append2-probe-1-bfs-first-cand 2026-10-10T14:38:03Z
PASS 27 append2-probe-1-bfs-first-cand 2026-10-10T14:38:41Z
START 28 append2-probe-2-pfs3-first-mid 2026-10-10T14:38:41Z
PASS 28 append2-probe-2-pfs3-first-mid 2026-10-10T14:39:19Z
START 29 append2-probe-2-pfs3-first-cand 2026-10-10T14:39:19Z
PASS 29 append2-probe-2-pfs3-first-cand 2026-10-10T14:39:57Z
START 30 append2-probe-2-pfs3-first-ref 2026-10-10T14:39:57Z
PASS 30 append2-probe-2-pfs3-first-ref 2026-10-10T14:40:36Z
APPEND_ATTRIBUTION2_COMPLETE 30 2026-10-10T14:40:36Z
snapdog-runner
RESTORE_COMPLETE status=0 2026-10-10T14:40:39Z
