=== BFS vs PFS3 Benchmark (FS-UAE 68040) ===
Evidence directory: /tmp/bfs-perf-crc.UBHsLz/crc-native-order-normal-candidate-bfs-first
Mode: compare
Timeout: 300s


=== Machine Info ===
# Machine Info
Kickstart 47.102, Workbench 47.2
System: 68040 68040/060-FPU   (INST: Cache Burst) (DATA: NoCache NoBurst)
Type  Available    In-Use   Maximum   Largest
chip    2028040     52728   2080768   2027968
fast    7716272    672336   8388608   7711192
total   9744312    725064  10469376   7711192


Mounted disks:
Unit      Size       Used       Free Full Errs   Status   Name
DF0       No disk present
DH0      4095M    4194304    4194303  50%   0  Read/Write System
DH1       255M         36      65372   0%   0  Read/Write BFSTest
DH2       Not a DOS disk

Volumes available:
BFSTest [Mounted]
System [Mounted]

=== BFS Results ===
FS_COMPARE_BENCH	1
DRIVE	DH1:
SMALL_CREATE_40_US	281405
LOOKUP_400_US	104256
SMALL_READ_40_US	48256
SEQ_WRITE_8M_US	438782
SEQ_READ_8M_US	516029
SMALL_DELETE_40_US	168128
PASS	1

=== PFS3 Results ===
FS_COMPARE_BENCH	1
DRIVE	DH2:
SMALL_CREATE_40_US	18623
LOOKUP_400_US	66751
SMALL_READ_40_US	14657
SEQ_WRITE_8M_US	35968
SEQ_READ_8M_US	284925
SMALL_DELETE_40_US	10240
PASS	1
PASS: requested mounted-volume workload outputs are complete and data-checked
