6cff5d94e49cb607be4156d8a1839685900dd5722379e3661b35671718524d7c  src/amiga/perf_probe.h
4448951bf7169092a23afbee6e9cbf9b362b9a675db3de8fd5551beea8ba68e9  src/amiga/perf_probe.c
5f8e253249af2187c81b9523e54a9b8eda566e3a247518a18146dd262d62d990  src/amiga/handler.c
7a09b43e11a8b2ed1521053d8da3b53999bda374ef3c6692da94a303bd20336b  src/core/namespace.c
25ee65356b02aab642ee2ec885159273f4ef8ff9601a4eecd7b78217387cf3d0  src/core/file.c
7929ca3bd5b7131857e72533ce0e8e8063af71b025b3e31344b8930d6c7309df  src/core/fs.c
38c3bb00326279b079586d7ca5cbee3da4904e63492050260e218712b80579f4  src/core/alloc.c
e86d63c8e728a378a2986d4c89220f7fe0af3a57581c76039c6b84ec8bba8d17  tools/fs-compare-bench.c
82e82022b030b127afdf1a404ac8a8c7db308b22ef1f435f93edd56e08c1dbcf  emulator-test/verify-bench-results.sh
94a77c66fb6c9185be64e75ec7565fa67ee123901bf35ce8a7e1b742467a6e40  emulator-test/build-bench-image.sh
dc9dd73efa608d09c475c885e29d872d9eececac0140b1994348bd107438a01b  tests/quality/test_bench_verifier.py
572c469e5914c8d7ee71a8e09fe53a5cdbf4b9775931506a49881ad3866a71e3  build/amiga-handler-cpu-scopes/bfshandler
289a9f411a6e0ea19ae7f99a1645e53a98d48eb7979b5dc329f7ff0adba1d6dd  build/amiga-handler-cpu-scopes/bfshandler-probe
5126e8640256e19bc2f5661d8b735f7961c4882edf3d8046b26bd2badfc86277  build/amiga-handler-cpu-scopes/fs-compare-bench
572c469e5914c8d7ee71a8e09fe53a5cdbf4b9775931506a49881ad3866a71e3  build/amiga-handler-cpu-scopes-rebuilt/bfshandler
289a9f411a6e0ea19ae7f99a1645e53a98d48eb7979b5dc329f7ff0adba1d6dd  build/amiga-handler-cpu-scopes-rebuilt/bfshandler-probe
5126e8640256e19bc2f5661d8b735f7961c4882edf3d8046b26bd2badfc86277  build/amiga-handler-cpu-scopes-rebuilt/fs-compare-bench
572c469e5914c8d7ee71a8e09fe53a5cdbf4b9775931506a49881ad3866a71e3  build/amiga-inode-stamp/bfshandler
070b162d85ebbe2aa67774b48dea2543db7b0e864270c1c05096680498660389  build/amiga-inode-stamp/bfshandler-probe
1fccf207c96144f81c64a8a5dd2e350b7f32787402eedad6c102b34ad0a6ec80  build/amiga/fs-compare-bench
0f87a0638791a4a2371083339ed014d4d6659dc85a2270bd993f9df1ddf13cc6  build/benchmark/noop-fixed-formatter
bc72facfdddf32e312ed3ea136849da195f2a2300f179e69599b853fe8974df7  build/benchmark/retained-final-deep/system/L/pfs3aio
68f9d3a36c2866d054f41c29b600618642a4807dfb6bca7354d4879a36c9aa7c  /Users/fabian/Documents/fswb/kickstart/A1200.47.102.rom
