test_deep_compare_counterprobes (test_bench_verifier.BenchVerifierTests.test_deep_compare_counterprobes) ... ok
test_deep_compare_v10_accepts_cpu_probe_metrics (test_bench_verifier.BenchVerifierTests.test_deep_compare_v10_accepts_cpu_probe_metrics) ... ok
test_deep_compare_v10_accepts_v9_upgrade_with_compatible_zero_counters (test_bench_verifier.BenchVerifierTests.test_deep_compare_v10_accepts_v9_upgrade_with_compatible_zero_counters) ... ok
test_deep_compare_v10_rejects_cpu_sample_mismatches (test_bench_verifier.BenchVerifierTests.test_deep_compare_v10_rejects_cpu_sample_mismatches) ... ok
test_deep_compare_v10_rejects_missing_malformed_and_duplicate_cpu_rows (test_bench_verifier.BenchVerifierTests.test_deep_compare_v10_rejects_missing_malformed_and_duplicate_cpu_rows) ... ok
test_deep_compare_v10_rejects_reserve_batch_and_sealed_accounting_errors (test_bench_verifier.BenchVerifierTests.test_deep_compare_v10_rejects_reserve_batch_and_sealed_accounting_errors) ... ok
test_deep_compare_v11_accepts_inclusive_cpu_scopes_and_packet_partition (test_bench_verifier.BenchVerifierTests.test_deep_compare_v11_accepts_inclusive_cpu_scopes_and_packet_partition) ... ok
test_deep_compare_v11_rejects_missing_malformed_and_duplicate_scopes (test_bench_verifier.BenchVerifierTests.test_deep_compare_v11_rejects_missing_malformed_and_duplicate_scopes) ... ok
test_deep_compare_v11_rejects_mixed_version_headers (test_bench_verifier.BenchVerifierTests.test_deep_compare_v11_rejects_mixed_version_headers) ... ok
test_deep_compare_v11_rejects_packet_partition_call_and_tick_errors (test_bench_verifier.BenchVerifierTests.test_deep_compare_v11_rejects_packet_partition_call_and_tick_errors) ... ok
test_deep_compare_v11_rejects_sample_and_zero_call_tick_errors (test_bench_verifier.BenchVerifierTests.test_deep_compare_v11_rejects_sample_and_zero_call_tick_errors) ... ok
test_deep_compare_v5_bucket_sums_pass_for_all_phases (test_bench_verifier.BenchVerifierTests.test_deep_compare_v5_bucket_sums_pass_for_all_phases) ... ok
test_deep_compare_v5_rejects_bucket_sum_mismatch_in_every_phase (test_bench_verifier.BenchVerifierTests.test_deep_compare_v5_rejects_bucket_sum_mismatch_in_every_phase) ... ok
test_deep_compare_v5_rejects_missing_or_malformed_bucket (test_bench_verifier.BenchVerifierTests.test_deep_compare_v5_rejects_missing_or_malformed_bucket) ... ok
test_deep_compare_v6_accepts_consistent_reserve_and_commit_metrics (test_bench_verifier.BenchVerifierTests.test_deep_compare_v6_accepts_consistent_reserve_and_commit_metrics) ... ok
test_deep_compare_v6_rejects_reserve_and_commit_invariant_violations (test_bench_verifier.BenchVerifierTests.test_deep_compare_v6_rejects_reserve_and_commit_invariant_violations) ... ok
test_deep_compare_v7_accepts_reserve_batch_metrics (test_bench_verifier.BenchVerifierTests.test_deep_compare_v7_accepts_reserve_batch_metrics) ... ok
test_deep_compare_v7_rejects_batch_write_and_count_violations (test_bench_verifier.BenchVerifierTests.test_deep_compare_v7_rejects_batch_write_and_count_violations) ... ok
test_deep_compare_v8_accepts_reserve_return_classification (test_bench_verifier.BenchVerifierTests.test_deep_compare_v8_accepts_reserve_return_classification) ... ok
test_deep_compare_v8_rejects_classification_and_write_sum_violations (test_bench_verifier.BenchVerifierTests.test_deep_compare_v8_rejects_classification_and_write_sum_violations) ... ok
test_deep_compare_v8_still_rejects_low_return_calls (test_bench_verifier.BenchVerifierTests.test_deep_compare_v8_still_rejects_low_return_calls) ... ok
test_deep_compare_v9_accepts_all_sealed_commits_without_returns (test_bench_verifier.BenchVerifierTests.test_deep_compare_v9_accepts_all_sealed_commits_without_returns) ... ok
test_deep_compare_v9_accepts_mixed_sealed_and_legacy_commits (test_bench_verifier.BenchVerifierTests.test_deep_compare_v9_accepts_mixed_sealed_and_legacy_commits) ... ok
test_deep_compare_v9_accepts_raw_baseline_with_only_seal_rows_added (test_bench_verifier.BenchVerifierTests.test_deep_compare_v9_accepts_raw_baseline_with_only_seal_rows_added) ... ok
test_deep_compare_v9_bounds_reclaim_passes_by_unsealed_commits (test_bench_verifier.BenchVerifierTests.test_deep_compare_v9_bounds_reclaim_passes_by_unsealed_commits) ... ok
test_deep_compare_v9_rejects_inconsistent_return_batch_accounting (test_bench_verifier.BenchVerifierTests.test_deep_compare_v9_rejects_inconsistent_return_batch_accounting) ... ok
test_deep_compare_v9_rejects_missing_malformed_and_duplicate_counters (test_bench_verifier.BenchVerifierTests.test_deep_compare_v9_rejects_missing_malformed_and_duplicate_counters) ... ok
test_deep_compare_v9_rejects_seal_and_accounting_invariant_violations (test_bench_verifier.BenchVerifierTests.test_deep_compare_v9_rejects_seal_and_accounting_invariant_violations) ... ok
test_real_cpu_attribution_and_control_evidence_passes (test_bench_verifier.BenchVerifierTests.test_real_cpu_attribution_and_control_evidence_passes) ... ok
test_real_deep_compare_evidence_passes (test_bench_verifier.BenchVerifierTests.test_real_deep_compare_evidence_passes) ... ok
test_real_deep_profile_evidence_and_missing_peer (test_bench_verifier.BenchVerifierTests.test_real_deep_profile_evidence_and_missing_peer) ... ok

----------------------------------------------------------------------
Ran 31 tests in 1.880s

OK
