src/amiga/perf_probe.h: OK
src/amiga/perf_probe.c: OK
src/amiga/handler.c: OK
src/core/namespace.c: OK
src/core/file.c: OK
src/core/fs.c: OK
src/core/alloc.c: OK
tools/fs-compare-bench.c: OK
emulator-test/verify-bench-results.sh: OK
emulator-test/build-bench-image.sh: OK
tests/quality/test_bench_verifier.py: OK
build/amiga-handler-cpu-scopes/bfshandler: OK
build/amiga-handler-cpu-scopes/bfshandler-probe: OK
build/amiga-handler-cpu-scopes/fs-compare-bench: OK
build/amiga-handler-cpu-scopes-rebuilt/bfshandler: OK
build/amiga-handler-cpu-scopes-rebuilt/bfshandler-probe: OK
build/amiga-handler-cpu-scopes-rebuilt/fs-compare-bench: OK
build/amiga-inode-stamp/bfshandler: OK
build/amiga-inode-stamp/bfshandler-probe: OK
build/amiga/fs-compare-bench: OK
build/benchmark/noop-fixed-formatter: OK
build/benchmark/retained-final-deep/system/L/pfs3aio: OK
/Users/fabian/Documents/fswb/kickstart/A1200.47.102.rom: OK
