=== BFS vs PFS3 Benchmark (FS-UAE 68040) ===
Evidence directory: /home/fabian/.cache/bfs-performance/prodcodegen-pilot-2026-10-10.rjXGlO/results/prodcodegen-4-pfs3-first-base
Mode: compare
Timeout: 600s


=== Machine Info ===
# Machine Info
Kickstart 47.102, Workbench 47.2
System: 68040 68040/060-FPU   (INST: Cache Burst) (DATA: NoCache NoBurst)
Type  Available    In-Use   Maximum   Largest
chip    2028040     52728   2080768   2027968
fast    7533080    855528   8388608   7528008
total   9561120    908256  10469376   7528008


Mounted disks:
Unit      Size       Used       Free Full Errs   Status   Name
DF0       No disk present
DH0      4095M    4194304    4194303  50%   0  Read/Write System
DH1       255M         36      65372   0%   0  Read/Write BFSTest
DH2       Not a DOS disk

Volumes available:
BFSTest [Mounted]
System [Mounted]

=== BFS Results ===
FS_COMPARE_BENCH	4
DRIVE	DH1:
SMALL_CREATE_40_US	30729
LOOKUP_400_US	62016
SMALL_READ_40_US	18497
LIST_EXNEXT_400_US	28288
LIST_EXALL_400_US	8319
SEQ_WRITE_8M_US	37890
SEQ_READ_8M_US	272446
SMALL_DELETE_40_US	14656
APPEND_4K_1M_US	80128
APPEND_1K_256K_US	62528
APPEND_READ_1280K_US	50496
LIST_EXNEXT_40_ENTRIES_FIRST_PASS_US	4608
LIST_EXNEXT_40_ENTRIES_REPEAT10_TOTAL_US	29825
LIST_EXALL_40_ENTRIES_FIRST_PASS_US	2047
LIST_EXALL_40_ENTRIES_REPEAT10_TOTAL_US	8640
LIST_EXNEXT_400_ENTRIES_FIRST_PASS_US	37823
LIST_EXNEXT_400_ENTRIES_REPEAT10_TOTAL_US	302398
LIST_EXALL_400_ENTRIES_FIRST_PASS_US	16640
LIST_EXALL_400_ENTRIES_REPEAT10_TOTAL_US	79359
LIST_EXNEXT_1000_ENTRIES_FIRST_PASS_US	95871
LIST_EXNEXT_1000_ENTRIES_REPEAT10_TOTAL_US	737769
LIST_EXALL_1000_ENTRIES_FIRST_PASS_US	57473
LIST_EXALL_1000_ENTRIES_REPEAT10_TOTAL_US	211582
PASS	1

=== PFS3 Results ===
FS_COMPARE_BENCH	4
DRIVE	DH2:
SMALL_CREATE_40_US	18368
LOOKUP_400_US	66368
SMALL_READ_40_US	15743
LIST_EXNEXT_400_US	11840
LIST_EXALL_400_US	2558
SEQ_WRITE_8M_US	38848
SEQ_READ_8M_US	270398
SMALL_DELETE_40_US	8320
APPEND_4K_1M_US	34560
APPEND_1K_256K_US	24895
APPEND_READ_1280K_US	41407
LIST_EXNEXT_40_ENTRIES_FIRST_PASS_US	1600
LIST_EXNEXT_40_ENTRIES_REPEAT10_TOTAL_US	14720
LIST_EXALL_40_ENTRIES_FIRST_PASS_US	640
LIST_EXALL_40_ENTRIES_REPEAT10_TOTAL_US	2433
LIST_EXNEXT_400_ENTRIES_FIRST_PASS_US	16257
LIST_EXNEXT_400_ENTRIES_REPEAT10_TOTAL_US	125500
LIST_EXALL_400_ENTRIES_FIRST_PASS_US	2880
LIST_EXALL_400_ENTRIES_REPEAT10_TOTAL_US	20543
LIST_EXNEXT_1000_ENTRIES_FIRST_PASS_US	31808
LIST_EXNEXT_1000_ENTRIES_REPEAT10_TOTAL_US	327038
LIST_EXALL_1000_ENTRIES_FIRST_PASS_US	9153
LIST_EXALL_1000_ENTRIES_REPEAT10_TOTAL_US	51326
PASS	1
PASS: requested mounted-volume workload outputs are complete and data-checked
