=== BFS vs PFS3 Benchmark (FS-UAE 68040) ===
Evidence directory: /home/fabian/.cache/bfs-performance/floor-resident-2026-10-09.mJFQvl/results/floor-normal-base-2-pfs3-first
Mode: compare
Timeout: 600s


=== Machine Info ===
# Machine Info
Kickstart 47.102, Workbench 47.2
System: 68040 68040/060-FPU   (INST: Cache Burst) (DATA: NoCache NoBurst)
Type  Available    In-Use   Maximum   Largest
chip    2028040     52728   2080768   2027968
fast    7686824    701784   8388608   7681768
total   9714864    754512  10469376   7681768


Mounted disks:
Unit      Size       Used       Free Full Errs   Status   Name
DF0       No disk present
DH0      4095M    4194304    4194303  50%   0  Read/Write System
DH1       255M         36      65372   0%   0  Read/Write BFSTest
DH2       Not a DOS disk

Volumes available:
BFSTest [Mounted]
System [Mounted]

=== BFS Results ===
FS_COMPARE_BENCH	4
DRIVE	DH1:
SMALL_CREATE_40_US	28608
LOOKUP_400_US	75456
SMALL_READ_40_US	20160
LIST_EXNEXT_400_US	31040
LIST_EXALL_400_US	9023
SEQ_WRITE_8M_US	38846
SEQ_READ_8M_US	274411
SMALL_DELETE_40_US	17857
APPEND_4K_1M_US	73920
APPEND_1K_256K_US	61184
APPEND_READ_1280K_US	43391
LIST_EXNEXT_40_ENTRIES_FIRST_PASS_US	6144
LIST_EXNEXT_40_ENTRIES_REPEAT10_TOTAL_US	31487
LIST_EXALL_40_ENTRIES_FIRST_PASS_US	3392
LIST_EXALL_40_ENTRIES_REPEAT10_TOTAL_US	9793
LIST_EXNEXT_400_ENTRIES_FIRST_PASS_US	51776
LIST_EXNEXT_400_ENTRIES_REPEAT10_TOTAL_US	530365
LIST_EXALL_400_ENTRIES_FIRST_PASS_US	31168
LIST_EXALL_400_ENTRIES_REPEAT10_TOTAL_US	311998
LIST_EXNEXT_1000_ENTRIES_FIRST_PASS_US	133759
LIST_EXNEXT_1000_ENTRIES_REPEAT10_TOTAL_US	1379512
LIST_EXALL_1000_ENTRIES_FIRST_PASS_US	78463
LIST_EXALL_1000_ENTRIES_REPEAT10_TOTAL_US	776509
PASS	1

=== PFS3 Results ===
FS_COMPARE_BENCH	4
DRIVE	DH2:
SMALL_CREATE_40_US	16577
LOOKUP_400_US	66879
SMALL_READ_40_US	13824
LIST_EXNEXT_400_US	11648
LIST_EXALL_400_US	2880
SEQ_WRITE_8M_US	41088
SEQ_READ_8M_US	265918
SMALL_DELETE_40_US	8065
APPEND_4K_1M_US	33068
APPEND_1K_256K_US	23743
APPEND_READ_1280K_US	40896
LIST_EXNEXT_40_ENTRIES_FIRST_PASS_US	1600
LIST_EXNEXT_40_ENTRIES_REPEAT10_TOTAL_US	11840
LIST_EXALL_40_ENTRIES_FIRST_PASS_US	577
LIST_EXALL_40_ENTRIES_REPEAT10_TOTAL_US	2495
LIST_EXNEXT_400_ENTRIES_FIRST_PASS_US	13184
LIST_EXNEXT_400_ENTRIES_REPEAT10_TOTAL_US	111872
LIST_EXALL_400_ENTRIES_FIRST_PASS_US	2687
LIST_EXALL_400_ENTRIES_REPEAT10_TOTAL_US	20288
LIST_EXNEXT_1000_ENTRIES_FIRST_PASS_US	30528
LIST_EXNEXT_1000_ENTRIES_REPEAT10_TOTAL_US	290238
LIST_EXALL_1000_ENTRIES_FIRST_PASS_US	6399
LIST_EXALL_1000_ENTRIES_REPEAT10_TOTAL_US	50496
PASS	1
PASS: requested mounted-volume workload outputs are complete and data-checked
