=== BFS vs PFS3 Benchmark (FS-UAE 68040) ===
Evidence directory: /home/fabian/.cache/bfs-performance/wbbound-2026-10-10.2MoC3f/results/wbbound-8-pfs3-first-bound
Mode: compare
Timeout: 600s


=== Machine Info ===
# Machine Info
Kickstart 47.102, Workbench 47.2
System: 68040 68040/060-FPU   (INST: Cache Burst) (DATA: NoCache NoBurst)
Type  Available    In-Use   Maximum   Largest
chip    2028040     52728   2080768   2027968
fast    7534128    854480   8388608   7529056
total   9562168    907208  10469376   7529056


Mounted disks:
Unit      Size       Used       Free Full Errs   Status   Name
DF0       No disk present
DH0      4095M    4194304    4194303  50%   0  Read/Write System
DH1       255M         36      65372   0%   0  Read/Write BFSTest
DH2       Not a DOS disk

Volumes available:
BFSTest [Mounted]
System [Mounted]

=== BFS Results ===
FS_COMPARE_BENCH	4
DRIVE	DH1:
SMALL_CREATE_40_US	32895
LOOKUP_400_US	58559
SMALL_READ_40_US	17280
LIST_EXNEXT_400_US	28545
LIST_EXALL_400_US	7680
SEQ_WRITE_8M_US	27072
SEQ_READ_8M_US	276031
SMALL_DELETE_40_US	14395
APPEND_4K_1M_US	51199
APPEND_1K_256K_US	60288
APPEND_READ_1280K_US	78207
LIST_EXNEXT_40_ENTRIES_FIRST_PASS_US	4417
LIST_EXNEXT_40_ENTRIES_REPEAT10_TOTAL_US	29055
LIST_EXALL_40_ENTRIES_FIRST_PASS_US	1818
LIST_EXALL_40_ENTRIES_REPEAT10_TOTAL_US	8384
LIST_EXNEXT_400_ENTRIES_FIRST_PASS_US	37760
LIST_EXNEXT_400_ENTRIES_REPEAT10_TOTAL_US	284926
LIST_EXALL_400_ENTRIES_FIRST_PASS_US	15936
LIST_EXALL_400_ENTRIES_REPEAT10_TOTAL_US	79936
LIST_EXNEXT_1000_ENTRIES_FIRST_PASS_US	92505
LIST_EXNEXT_1000_ENTRIES_REPEAT10_TOTAL_US	828539
LIST_EXALL_1000_ENTRIES_FIRST_PASS_US	47105
LIST_EXALL_1000_ENTRIES_REPEAT10_TOTAL_US	196672
PASS	1

=== PFS3 Results ===
FS_COMPARE_BENCH	4
DRIVE	DH2:
SMALL_CREATE_40_US	16768
LOOKUP_400_US	66734
SMALL_READ_40_US	14337
LIST_EXNEXT_400_US	11905
LIST_EXALL_400_US	2944
SEQ_WRITE_8M_US	36415
SEQ_READ_8M_US	262207
SMALL_DELETE_40_US	8192
APPEND_4K_1M_US	34735
APPEND_1K_256K_US	23680
APPEND_READ_1280K_US	40320
LIST_EXNEXT_40_ENTRIES_FIRST_PASS_US	1576
LIST_EXNEXT_40_ENTRIES_REPEAT10_TOTAL_US	12351
LIST_EXALL_40_ENTRIES_FIRST_PASS_US	602
LIST_EXALL_40_ENTRIES_REPEAT10_TOTAL_US	2496
LIST_EXNEXT_400_ENTRIES_FIRST_PASS_US	12096
LIST_EXNEXT_400_ENTRIES_REPEAT10_TOTAL_US	113664
LIST_EXALL_400_ENTRIES_FIRST_PASS_US	3071
LIST_EXALL_400_ENTRIES_REPEAT10_TOTAL_US	20160
LIST_EXNEXT_1000_ENTRIES_FIRST_PASS_US	31297
LIST_EXNEXT_1000_ENTRIES_REPEAT10_TOTAL_US	293118
LIST_EXALL_1000_ENTRIES_FIRST_PASS_US	6975
LIST_EXALL_1000_ENTRIES_REPEAT10_TOTAL_US	49408
PASS	1
PASS: requested mounted-volume workload outputs are complete and data-checked
