=== BFS vs PFS3 Benchmark (FS-UAE 68040) ===
Evidence directory: /home/fabian/.cache/bfs-performance/listing-upgrade-2026-10-08.29qKRc/build/benchmark/leaf-range-durable-20261008-range-4-pfs3-first
Mode: durable-compare
Timeout: 600s


=== Machine Info ===
# Machine Info
Kickstart 47.102, Workbench 47.2
System: 68040 68040/060-FPU   (INST: Cache Burst) (DATA: NoCache NoBurst)
Type  Available    In-Use   Maximum   Largest
chip    2028040     52728   2080768   2027968
fast    7687256    701352   8388608   7682200
total   9715296    754080  10469376   7682200


Mounted disks:
Unit      Size       Used       Free Full Errs   Status   Name
DF0       No disk present
DH0      4095M    4194304    4194303  50%   0  Read/Write System
DH1       255M         36      65372   0%   0  Read/Write BFSTest
DH2       Not a DOS disk

Volumes available:
BFSTest [Mounted]
System [Mounted]

=== BFS Results ===
FS_DURABLE_COMPARE	4
DRIVE	DH1:
SMALL_CREATE_40_US	36223
LOOKUP_400_US	76081
SMALL_READ_40_US	21888
LIST_EXNEXT_400_US	31807
LIST_EXALL_400_US	9408
SEQ_WRITE_8M_US	45697
SEQ_READ_8M_US	354813
SMALL_DELETE_40_US	21312
APPEND_4K_1M_US	77312
APPEND_1K_256K_US	65856
APPEND_READ_1280K_US	44031
LIST_EXNEXT_40_ENTRIES_FIRST_PASS_US	6271
LIST_EXNEXT_40_ENTRIES_REPEAT10_TOTAL_US	31744
LIST_EXALL_40_ENTRIES_FIRST_PASS_US	3903
LIST_EXALL_40_ENTRIES_REPEAT10_TOTAL_US	9663
LIST_EXNEXT_400_ENTRIES_FIRST_PASS_US	54527
LIST_EXNEXT_400_ENTRIES_REPEAT10_TOTAL_US	618876
LIST_EXALL_400_ENTRIES_FIRST_PASS_US	38143
LIST_EXALL_400_ENTRIES_REPEAT10_TOTAL_US	366335
LIST_EXNEXT_1000_ENTRIES_FIRST_PASS_US	153214
LIST_EXNEXT_1000_ENTRIES_REPEAT10_TOTAL_US	1500664
LIST_EXALL_1000_ENTRIES_FIRST_PASS_US	91456
LIST_EXALL_1000_ENTRIES_REPEAT10_TOTAL_US	900732
PASS	1

=== PFS3 Results ===
FS_DURABLE_COMPARE	4
DRIVE	DH2:
SMALL_CREATE_40_US	17281
LOOKUP_400_US	67264
SMALL_READ_40_US	15104
LIST_EXNEXT_400_US	12031
LIST_EXALL_400_US	2496
SEQ_WRITE_8M_US	45311
SEQ_READ_8M_US	304318
SMALL_DELETE_40_US	9058
APPEND_4K_1M_US	40831
APPEND_1K_256K_US	23806
APPEND_READ_1280K_US	41471
LIST_EXNEXT_40_ENTRIES_FIRST_PASS_US	1537
LIST_EXNEXT_40_ENTRIES_REPEAT10_TOTAL_US	12800
LIST_EXALL_40_ENTRIES_FIRST_PASS_US	513
LIST_EXALL_40_ENTRIES_REPEAT10_TOTAL_US	2496
LIST_EXNEXT_400_ENTRIES_FIRST_PASS_US	13440
LIST_EXNEXT_400_ENTRIES_REPEAT10_TOTAL_US	147711
LIST_EXALL_400_ENTRIES_FIRST_PASS_US	3072
LIST_EXALL_400_ENTRIES_REPEAT10_TOTAL_US	21632
LIST_EXNEXT_1000_ENTRIES_FIRST_PASS_US	41088
LIST_EXNEXT_1000_ENTRIES_REPEAT10_TOTAL_US	310206
LIST_EXALL_1000_ENTRIES_FIRST_PASS_US	6720
LIST_EXALL_1000_ENTRIES_REPEAT10_TOTAL_US	50943
PASS	1
PASS: requested mounted-volume workload outputs are complete and data-checked
