snapdog-runner
START 1 relflags-1-bfs-first-o2-020 2026-10-10T11:09:33Z
PASS 1 relflags-1-bfs-first-o2-020 2026-10-10T11:10:09Z
START 2 relflags-1-bfs-first-o2-040 2026-10-10T11:10:09Z
PASS 2 relflags-1-bfs-first-o2-040 2026-10-10T11:10:45Z
START 3 relflags-1-bfs-first-os-040 2026-10-10T11:10:45Z
PASS 3 relflags-1-bfs-first-os-040 2026-10-10T11:11:21Z
START 4 relflags-2-pfs3-first-o2-040 2026-10-10T11:11:21Z
PASS 4 relflags-2-pfs3-first-o2-040 2026-10-10T11:11:57Z
START 5 relflags-2-pfs3-first-os-040 2026-10-10T11:11:57Z
PASS 5 relflags-2-pfs3-first-os-040 2026-10-10T11:12:33Z
START 6 relflags-2-pfs3-first-o2-020 2026-10-10T11:12:33Z
PASS 6 relflags-2-pfs3-first-o2-020 2026-10-10T11:13:08Z
START 7 relflags-3-bfs-first-os-040 2026-10-10T11:13:09Z
PASS 7 relflags-3-bfs-first-os-040 2026-10-10T11:13:45Z
START 8 relflags-3-bfs-first-o2-020 2026-10-10T11:13:45Z
PASS 8 relflags-3-bfs-first-o2-020 2026-10-10T11:14:22Z
START 9 relflags-3-bfs-first-o2-040 2026-10-10T11:14:22Z
PASS 9 relflags-3-bfs-first-o2-040 2026-10-10T11:15:00Z
START 10 relflags-4-pfs3-first-o2-020 2026-10-10T11:15:00Z
PASS 10 relflags-4-pfs3-first-o2-020 2026-10-10T11:15:36Z
START 11 relflags-4-pfs3-first-o2-040 2026-10-10T11:15:36Z
PASS 11 relflags-4-pfs3-first-o2-040 2026-10-10T11:16:12Z
START 12 relflags-4-pfs3-first-os-040 2026-10-10T11:16:12Z
PASS 12 relflags-4-pfs3-first-os-040 2026-10-10T11:16:48Z
START 13 relflags-5-bfs-first-o2-040 2026-10-10T11:16:48Z
PASS 13 relflags-5-bfs-first-o2-040 2026-10-10T11:17:23Z
START 14 relflags-5-bfs-first-os-040 2026-10-10T11:17:24Z
PASS 14 relflags-5-bfs-first-os-040 2026-10-10T11:17:59Z
START 15 relflags-5-bfs-first-o2-020 2026-10-10T11:18:00Z
PASS 15 relflags-5-bfs-first-o2-020 2026-10-10T11:18:35Z
START 16 relflags-6-pfs3-first-os-040 2026-10-10T11:18:35Z
PASS 16 relflags-6-pfs3-first-os-040 2026-10-10T11:19:11Z
START 17 relflags-6-pfs3-first-o2-020 2026-10-10T11:19:11Z
PASS 17 relflags-6-pfs3-first-o2-020 2026-10-10T11:19:47Z
START 18 relflags-6-pfs3-first-o2-040 2026-10-10T11:19:47Z
PASS 18 relflags-6-pfs3-first-o2-040 2026-10-10T11:20:23Z
START 19 relflags-7-bfs-first-o2-020 2026-10-10T11:20:23Z
PASS 19 relflags-7-bfs-first-o2-020 2026-10-10T11:20:59Z
START 20 relflags-7-bfs-first-o2-040 2026-10-10T11:20:59Z
PASS 20 relflags-7-bfs-first-o2-040 2026-10-10T11:21:35Z
START 21 relflags-7-bfs-first-os-040 2026-10-10T11:21:35Z
PASS 21 relflags-7-bfs-first-os-040 2026-10-10T11:22:11Z
START 22 relflags-8-pfs3-first-o2-040 2026-10-10T11:22:11Z
PASS 22 relflags-8-pfs3-first-o2-040 2026-10-10T11:22:46Z
START 23 relflags-8-pfs3-first-os-040 2026-10-10T11:22:47Z
PASS 23 relflags-8-pfs3-first-os-040 2026-10-10T11:23:22Z
START 24 relflags-8-pfs3-first-o2-020 2026-10-10T11:23:22Z
PASS 24 relflags-8-pfs3-first-o2-020 2026-10-10T11:23:58Z
RELFLAGS_PILOT_COMPLETE 24 2026-10-10T11:23:58Z
snapdog-runner
RESTORE_COMPLETE status=0 2026-10-10T11:24:01Z
