=== BFS vs PFS3 Benchmark (FS-UAE 68040) ===
Evidence directory: /home/fabian/.cache/bfs-performance/append-attr2-2026-10-10.xibtLq/results/append2-prod-1-bfs-first-cand
Mode: compare
Timeout: 600s


=== Machine Info ===
# Machine Info
Kickstart 47.102, Workbench 47.2
System: 68040 68040/060-FPU   (INST: Cache Burst) (DATA: NoCache NoBurst)
Type  Available    In-Use   Maximum   Largest
chip    2028040     52728   2080768   2027968
fast    7531240    857368   8388608   7526176
total   9559280    910096  10469376   7526176


Mounted disks:
Unit      Size       Used       Free Full Errs   Status   Name
DF0       No disk present
DH0      4095M    4194304    4194303  50%   0  Read/Write System
DH1       255M         36      65372   0%   0  Read/Write BFSTest
DH2       Not a DOS disk

Volumes available:
BFSTest [Mounted]
System [Mounted]

=== BFS Results ===
FS_COMPARE_BENCH	4
DRIVE	DH1:
SMALL_CREATE_40_US	30016
LOOKUP_400_US	59583
SMALL_READ_40_US	18687
LIST_EXNEXT_400_US	20225
LIST_EXALL_400_US	8255
SEQ_WRITE_8M_US	29188
SEQ_READ_8M_US	272765
SMALL_DELETE_40_US	13952
APPEND_4K_1M_US	53823
APPEND_1K_256K_US	45377
APPEND_READ_1280K_US	44929
LIST_EXNEXT_40_ENTRIES_FIRST_PASS_US	4224
LIST_EXNEXT_40_ENTRIES_REPEAT10_TOTAL_US	22080
LIST_EXALL_40_ENTRIES_FIRST_PASS_US	1855
LIST_EXALL_40_ENTRIES_REPEAT10_TOTAL_US	8704
LIST_EXNEXT_400_ENTRIES_FIRST_PASS_US	31361
LIST_EXNEXT_400_ENTRIES_REPEAT10_TOTAL_US	215551
LIST_EXALL_400_ENTRIES_FIRST_PASS_US	15615
LIST_EXALL_400_ENTRIES_REPEAT10_TOTAL_US	89536
LIST_EXNEXT_1000_ENTRIES_FIRST_PASS_US	75712
LIST_EXNEXT_1000_ENTRIES_REPEAT10_TOTAL_US	546685
LIST_EXALL_1000_ENTRIES_FIRST_PASS_US	39486
LIST_EXALL_1000_ENTRIES_REPEAT10_TOTAL_US	197631
PASS	1

=== PFS3 Results ===
FS_COMPARE_BENCH	4
DRIVE	DH2:
SMALL_CREATE_40_US	15744
LOOKUP_400_US	67903
SMALL_READ_40_US	17922
LIST_EXNEXT_400_US	16000
LIST_EXALL_400_US	2560
SEQ_WRITE_8M_US	39040
SEQ_READ_8M_US	256254
SMALL_DELETE_40_US	7743
APPEND_4K_1M_US	32831
APPEND_1K_256K_US	23360
APPEND_READ_1280K_US	40193
LIST_EXNEXT_40_ENTRIES_FIRST_PASS_US	1536
LIST_EXNEXT_40_ENTRIES_REPEAT10_TOTAL_US	11905
LIST_EXALL_40_ENTRIES_FIRST_PASS_US	512
LIST_EXALL_40_ENTRIES_REPEAT10_TOTAL_US	2879
LIST_EXNEXT_400_ENTRIES_FIRST_PASS_US	12288
LIST_EXNEXT_400_ENTRIES_REPEAT10_TOTAL_US	114941
LIST_EXALL_400_ENTRIES_FIRST_PASS_US	2686
LIST_EXALL_400_ENTRIES_REPEAT10_TOTAL_US	20288
LIST_EXNEXT_1000_ENTRIES_FIRST_PASS_US	37632
LIST_EXNEXT_1000_ENTRIES_REPEAT10_TOTAL_US	290174
LIST_EXALL_1000_ENTRIES_FIRST_PASS_US	6208
LIST_EXALL_1000_ENTRIES_REPEAT10_TOTAL_US	49838
PASS	1
PASS: requested mounted-volume workload outputs are complete and data-checked
