=== BFS vs PFS3 Benchmark (FS-UAE 68040) ===
Evidence directory: /home/fabian/.cache/bfs-performance/wbbound-2026-10-10.2MoC3f/results/wbbound-4-pfs3-first-bound
Mode: compare
Timeout: 600s


=== Machine Info ===
# Machine Info
Kickstart 47.102, Workbench 47.2
System: 68040 68040/060-FPU   (INST: Cache Burst) (DATA: NoCache NoBurst)
Type  Available    In-Use   Maximum   Largest
chip    2028040     52728   2080768   2027968
fast    7534128    854480   8388608   7529056
total   9562168    907208  10469376   7529056


Mounted disks:
Unit      Size       Used       Free Full Errs   Status   Name
DF0       No disk present
DH0      4095M    4194304    4194303  50%   0  Read/Write System
DH1       255M         36      65372   0%   0  Read/Write BFSTest
DH2       Not a DOS disk

Volumes available:
BFSTest [Mounted]
System [Mounted]

=== BFS Results ===
FS_COMPARE_BENCH	4
DRIVE	DH1:
SMALL_CREATE_40_US	27840
LOOKUP_400_US	58431
SMALL_READ_40_US	17217
LIST_EXNEXT_400_US	27391
LIST_EXALL_400_US	7615
SEQ_WRITE_8M_US	26240
SEQ_READ_8M_US	265086
SMALL_DELETE_40_US	13760
APPEND_4K_1M_US	50112
APPEND_1K_256K_US	41152
APPEND_READ_1280K_US	43966
LIST_EXNEXT_40_ENTRIES_FIRST_PASS_US	4352
LIST_EXNEXT_40_ENTRIES_REPEAT10_TOTAL_US	33983
LIST_EXALL_40_ENTRIES_FIRST_PASS_US	2623
LIST_EXALL_40_ENTRIES_REPEAT10_TOTAL_US	12671
LIST_EXNEXT_400_ENTRIES_FIRST_PASS_US	37248
LIST_EXNEXT_400_ENTRIES_REPEAT10_TOTAL_US	282752
LIST_EXALL_400_ENTRIES_FIRST_PASS_US	15231
LIST_EXALL_400_ENTRIES_REPEAT10_TOTAL_US	74880
LIST_EXNEXT_1000_ENTRIES_FIRST_PASS_US	101248
LIST_EXNEXT_1000_ENTRIES_REPEAT10_TOTAL_US	723836
LIST_EXALL_1000_ENTRIES_FIRST_PASS_US	38656
LIST_EXALL_1000_ENTRIES_REPEAT10_TOTAL_US	196671
PASS	1

=== PFS3 Results ===
FS_COMPARE_BENCH	4
DRIVE	DH2:
SMALL_CREATE_40_US	17664
LOOKUP_400_US	65535
SMALL_READ_40_US	14209
LIST_EXNEXT_400_US	11647
LIST_EXALL_400_US	2433
SEQ_WRITE_8M_US	39359
SEQ_READ_8M_US	268223
SMALL_DELETE_40_US	7872
APPEND_4K_1M_US	33471
APPEND_1K_256K_US	23360
APPEND_READ_1280K_US	40575
LIST_EXNEXT_40_ENTRIES_FIRST_PASS_US	1664
LIST_EXNEXT_40_ENTRIES_REPEAT10_TOTAL_US	11776
LIST_EXALL_40_ENTRIES_FIRST_PASS_US	769
LIST_EXALL_40_ENTRIES_REPEAT10_TOTAL_US	2753
LIST_EXNEXT_400_ENTRIES_FIRST_PASS_US	12608
LIST_EXNEXT_400_ENTRIES_REPEAT10_TOTAL_US	111360
LIST_EXALL_400_ENTRIES_FIRST_PASS_US	2816
LIST_EXALL_400_ENTRIES_REPEAT10_TOTAL_US	20097
LIST_EXNEXT_1000_ENTRIES_FIRST_PASS_US	31678
LIST_EXNEXT_1000_ENTRIES_REPEAT10_TOTAL_US	283884
LIST_EXALL_1000_ENTRIES_FIRST_PASS_US	6783
LIST_EXALL_1000_ENTRIES_REPEAT10_TOTAL_US	49407
PASS	1
PASS: requested mounted-volume workload outputs are complete and data-checked
