PASS: requested mounted-volume workload outputs are complete and data-checked
Verified metadata-batch-probe-bfs-first
PASS: requested mounted-volume workload outputs are complete and data-checked
Verified metadata-batch-probe-pfs3-first
PASS: requested mounted-volume workload outputs are complete and data-checked
Verified metadata-batch-normal-baseline-bfs-first
PASS: requested mounted-volume workload outputs are complete and data-checked
Verified metadata-batch-normal-candidate-pfs3-first
PASS: requested mounted-volume workload outputs are complete and data-checked
Verified metadata-batch-normal-baseline-pfs3-first
PASS: requested mounted-volume workload outputs are complete and data-checked
Verified metadata-batch-normal-candidate-bfs-first
PASS: requested mounted-volume workload outputs are complete and data-checked
Verified metadata-batch-normal-repeat-candidate-bfs-first
PASS: requested mounted-volume workload outputs are complete and data-checked
Verified metadata-batch-normal-repeat-baseline-pfs3-first
PASS: requested mounted-volume workload outputs are complete and data-checked
Verified metadata-batch-normal-repeat-candidate-pfs3-first
PASS: requested mounted-volume workload outputs are complete and data-checked
Verified metadata-batch-normal-repeat-baseline-bfs-first
