=== BFS vs PFS3 Benchmark (FS-UAE 68040) ===
Evidence directory: /home/fabian/.cache/bfs-performance/exact-fastpath-2026-10-09.hdq3J0/build/benchmark/exact-key-normal-20261009-fast-3-bfs-first
Mode: compare
Timeout: 600s


=== Machine Info ===
# Machine Info
Kickstart 47.102, Workbench 47.2
System: 68040 68040/060-FPU   (INST: Cache Burst) (DATA: NoCache NoBurst)
Type  Available    In-Use   Maximum   Largest
chip    2028040     52728   2080768   2027968
fast    7687320    701288   8388608   7682264
total   9715360    754016  10469376   7682264


Mounted disks:
Unit      Size       Used       Free Full Errs   Status   Name
DF0       No disk present
DH0      4095M    4194304    4194303  50%   0  Read/Write System
DH1       255M         36      65372   0%   0  Read/Write BFSTest
DH2       Not a DOS disk

Volumes available:
BFSTest [Mounted]
System [Mounted]

=== BFS Results ===
FS_COMPARE_BENCH	4
DRIVE	DH1:
SMALL_CREATE_40_US	29951
LOOKUP_400_US	83008
SMALL_READ_40_US	32896
LIST_EXNEXT_400_US	54079
LIST_EXALL_400_US	18751
SEQ_WRITE_8M_US	69377
SEQ_READ_8M_US	268413
SMALL_DELETE_40_US	17856
APPEND_4K_1M_US	70208
APPEND_1K_256K_US	61503
APPEND_READ_1280K_US	43905
LIST_EXNEXT_40_ENTRIES_FIRST_PASS_US	6401
LIST_EXNEXT_40_ENTRIES_REPEAT10_TOTAL_US	30912
LIST_EXALL_40_ENTRIES_FIRST_PASS_US	3775
LIST_EXALL_40_ENTRIES_REPEAT10_TOTAL_US	9472
LIST_EXNEXT_400_ENTRIES_FIRST_PASS_US	57920
LIST_EXNEXT_400_ENTRIES_REPEAT10_TOTAL_US	646076
LIST_EXALL_400_ENTRIES_FIRST_PASS_US	47039
LIST_EXALL_400_ENTRIES_REPEAT10_TOTAL_US	352253
LIST_EXNEXT_1000_ENTRIES_FIRST_PASS_US	173311
LIST_EXNEXT_1000_ENTRIES_REPEAT10_TOTAL_US	1517559
LIST_EXALL_1000_ENTRIES_FIRST_PASS_US	87168
LIST_EXALL_1000_ENTRIES_REPEAT10_TOTAL_US	945658
PASS	1

=== PFS3 Results ===
FS_COMPARE_BENCH	4
DRIVE	DH2:
SMALL_CREATE_40_US	16898
LOOKUP_400_US	65983
SMALL_READ_40_US	15104
LIST_EXNEXT_400_US	11968
LIST_EXALL_400_US	2496
SEQ_WRITE_8M_US	42880
SEQ_READ_8M_US	295487
SMALL_DELETE_40_US	7936
APPEND_4K_1M_US	33536
APPEND_1K_256K_US	25472
APPEND_READ_1280K_US	43264
LIST_EXNEXT_40_ENTRIES_FIRST_PASS_US	2432
LIST_EXNEXT_40_ENTRIES_REPEAT10_TOTAL_US	13695
LIST_EXALL_40_ENTRIES_FIRST_PASS_US	705
LIST_EXALL_40_ENTRIES_REPEAT10_TOTAL_US	2560
LIST_EXNEXT_400_ENTRIES_FIRST_PASS_US	13888
LIST_EXNEXT_400_ENTRIES_REPEAT10_TOTAL_US	120448
LIST_EXALL_400_ENTRIES_FIRST_PASS_US	2905
LIST_EXALL_400_ENTRIES_REPEAT10_TOTAL_US	20480
LIST_EXNEXT_1000_ENTRIES_FIRST_PASS_US	32960
LIST_EXNEXT_1000_ENTRIES_REPEAT10_TOTAL_US	296830
LIST_EXALL_1000_ENTRIES_FIRST_PASS_US	7450
LIST_EXALL_1000_ENTRIES_REPEAT10_TOTAL_US	50047
PASS	1
PASS: requested mounted-volume workload outputs are complete and data-checked
