=== BFS vs PFS3 Benchmark (FS-UAE 68040) ===
Evidence directory: /home/fabian/.cache/bfs-performance/exact-fastpath-2026-10-09.hdq3J0/build/benchmark/exact-key-pilot-durable-20261009-range-2-pfs3-first
Mode: durable-compare
Timeout: 600s


=== Machine Info ===
# Machine Info
Kickstart 47.102, Workbench 47.2
System: 68040 68040/060-FPU   (INST: Cache Burst) (DATA: NoCache NoBurst)
Type  Available    In-Use   Maximum   Largest
chip    2028040     52728   2080768   2027968
fast    7687256    701352   8388608   7682200
total   9715296    754080  10469376   7682200


Mounted disks:
Unit      Size       Used       Free Full Errs   Status   Name
DF0       No disk present
DH0      4095M    4194304    4194303  50%   0  Read/Write System
DH1       255M         36      65372   0%   0  Read/Write BFSTest
DH2       Not a DOS disk

Volumes available:
BFSTest [Mounted]
System [Mounted]

=== BFS Results ===
FS_DURABLE_COMPARE	4
DRIVE	DH1:
SMALL_CREATE_40_US	33663
LOOKUP_400_US	75456
SMALL_READ_40_US	19649
LIST_EXNEXT_400_US	30656
LIST_EXALL_400_US	8897
SEQ_WRITE_8M_US	46015
SEQ_READ_8M_US	265023
SMALL_DELETE_40_US	20545
APPEND_4K_1M_US	73791
APPEND_1K_256K_US	76031
APPEND_READ_1280K_US	45120
LIST_EXNEXT_40_ENTRIES_FIRST_PASS_US	6080
LIST_EXNEXT_40_ENTRIES_REPEAT10_TOTAL_US	31489
LIST_EXALL_40_ENTRIES_FIRST_PASS_US	3520
LIST_EXALL_40_ENTRIES_REPEAT10_TOTAL_US	9792
LIST_EXNEXT_400_ENTRIES_FIRST_PASS_US	75839
LIST_EXNEXT_400_ENTRIES_REPEAT10_TOTAL_US	643579
LIST_EXALL_400_ENTRIES_FIRST_PASS_US	33985
LIST_EXALL_400_ENTRIES_REPEAT10_TOTAL_US	363452
LIST_EXNEXT_1000_ENTRIES_FIRST_PASS_US	151423
LIST_EXNEXT_1000_ENTRIES_REPEAT10_TOTAL_US	1508345
LIST_EXALL_1000_ENTRIES_FIRST_PASS_US	88320
LIST_EXALL_1000_ENTRIES_REPEAT10_TOTAL_US	861628
PASS	1

=== PFS3 Results ===
FS_DURABLE_COMPARE	4
DRIVE	DH2:
SMALL_CREATE_40_US	17536
LOOKUP_400_US	65857
SMALL_READ_40_US	14783
LIST_EXNEXT_400_US	12031
LIST_EXALL_400_US	2623
SEQ_WRITE_8M_US	42080
SEQ_READ_8M_US	259965
SMALL_DELETE_40_US	8960
APPEND_4K_1M_US	32640
APPEND_1K_256K_US	23487
APPEND_READ_1280K_US	44032
LIST_EXNEXT_40_ENTRIES_FIRST_PASS_US	1600
LIST_EXNEXT_40_ENTRIES_REPEAT10_TOTAL_US	12286
LIST_EXALL_40_ENTRIES_FIRST_PASS_US	705
LIST_EXALL_40_ENTRIES_REPEAT10_TOTAL_US	2560
LIST_EXNEXT_400_ENTRIES_FIRST_PASS_US	12865
LIST_EXNEXT_400_ENTRIES_REPEAT10_TOTAL_US	112958
LIST_EXALL_400_ENTRIES_FIRST_PASS_US	2880
LIST_EXALL_400_ENTRIES_REPEAT10_TOTAL_US	20607
LIST_EXNEXT_1000_ENTRIES_FIRST_PASS_US	32768
LIST_EXNEXT_1000_ENTRIES_REPEAT10_TOTAL_US	306878
LIST_EXALL_1000_ENTRIES_FIRST_PASS_US	6656
LIST_EXALL_1000_ENTRIES_REPEAT10_TOTAL_US	49474
PASS	1
PASS: requested mounted-volume workload outputs are complete and data-checked
