=== BFS vs PFS3 Benchmark (FS-UAE 68040) ===
Evidence directory: /home/fabian/.cache/bfs-performance/sparse-crc-2026-10-09.xN615F/candidate/build/benchmark/sparse-durable-20261009-sparse-8-pfs3-first
Mode: durable-compare
Timeout: 600s


=== Machine Info ===
# Machine Info
Kickstart 47.102, Workbench 47.2
System: 68040 68040/060-FPU   (INST: Cache Burst) (DATA: NoCache NoBurst)
Type  Available    In-Use   Maximum   Largest
chip    2028040     52728   2080768   2027968
fast    7686824    701784   8388608   7681768
total   9714864    754512  10469376   7681768


Mounted disks:
Unit      Size       Used       Free Full Errs   Status   Name
DF0       No disk present
DH0      4095M    4194304    4194303  50%   0  Read/Write System
DH1       255M         36      65372   0%   0  Read/Write BFSTest
DH2       Not a DOS disk

Volumes available:
BFSTest [Mounted]
System [Mounted]

=== BFS Results ===
FS_DURABLE_COMPARE	4
DRIVE	DH1:
SMALL_CREATE_40_US	34751
LOOKUP_400_US	76975
SMALL_READ_40_US	21311
LIST_EXNEXT_400_US	33152
LIST_EXALL_400_US	9152
SEQ_WRITE_8M_US	54337
SEQ_READ_8M_US	268734
SMALL_DELETE_40_US	20671
APPEND_4K_1M_US	84543
APPEND_1K_256K_US	84863
APPEND_READ_1280K_US	44671
LIST_EXNEXT_40_ENTRIES_FIRST_PASS_US	5695
LIST_EXNEXT_40_ENTRIES_REPEAT10_TOTAL_US	31997
LIST_EXALL_40_ENTRIES_FIRST_PASS_US	3328
LIST_EXALL_40_ENTRIES_REPEAT10_TOTAL_US	9472
LIST_EXNEXT_400_ENTRIES_FIRST_PASS_US	54208
LIST_EXNEXT_400_ENTRIES_REPEAT10_TOTAL_US	533370
LIST_EXALL_400_ENTRIES_FIRST_PASS_US	32383
LIST_EXALL_400_ENTRIES_REPEAT10_TOTAL_US	357887
LIST_EXNEXT_1000_ENTRIES_FIRST_PASS_US	139456
LIST_EXNEXT_1000_ENTRIES_REPEAT10_TOTAL_US	1399416
LIST_EXALL_1000_ENTRIES_FIRST_PASS_US	81537
LIST_EXALL_1000_ENTRIES_REPEAT10_TOTAL_US	890107
PASS	1

=== PFS3 Results ===
FS_DURABLE_COMPARE	4
DRIVE	DH2:
SMALL_CREATE_40_US	18175
LOOKUP_400_US	67391
SMALL_READ_40_US	16256
LIST_EXNEXT_400_US	17407
LIST_EXALL_400_US	4095
SEQ_WRITE_8M_US	46463
SEQ_READ_8M_US	293183
SMALL_DELETE_40_US	9151
APPEND_4K_1M_US	33345
APPEND_1K_256K_US	25600
APPEND_READ_1280K_US	41408
LIST_EXNEXT_40_ENTRIES_FIRST_PASS_US	1663
LIST_EXNEXT_40_ENTRIES_REPEAT10_TOTAL_US	11968
LIST_EXALL_40_ENTRIES_FIRST_PASS_US	512
LIST_EXALL_40_ENTRIES_REPEAT10_TOTAL_US	2816
LIST_EXNEXT_400_ENTRIES_FIRST_PASS_US	13185
LIST_EXNEXT_400_ENTRIES_REPEAT10_TOTAL_US	113791
LIST_EXALL_400_ENTRIES_FIRST_PASS_US	2751
LIST_EXALL_400_ENTRIES_REPEAT10_TOTAL_US	20737
LIST_EXNEXT_1000_ENTRIES_FIRST_PASS_US	56064
LIST_EXNEXT_1000_ENTRIES_REPEAT10_TOTAL_US	304893
LIST_EXALL_1000_ENTRIES_FIRST_PASS_US	7936
LIST_EXALL_1000_ENTRIES_REPEAT10_TOTAL_US	50501
PASS	1
PASS: requested mounted-volume workload outputs are complete and data-checked
