=== BFS vs PFS3 Benchmark (FS-UAE 68040) ===
Evidence directory: /home/fabian/.cache/bfs-performance/metadata-2026-10-08.QvzB5w/build/benchmark/metadata-v4-c8-20261008-base-3-bfs-first
Mode: compare
Timeout: 600s


=== Machine Info ===
# Machine Info
Kickstart 47.102, Workbench 47.2
System: 68040 68040/060-FPU   (INST: Cache Burst) (DATA: NoCache NoBurst)
Type  Available    In-Use   Maximum   Largest
chip    2028040     52728   2080768   2027968
fast    7694936    693672   8388608   7689880
total   9722976    746400  10469376   7689880


Mounted disks:
Unit      Size       Used       Free Full Errs   Status   Name
DF0       No disk present
DH0      4095M    4194304    4194303  50%   0  Read/Write System
DH1       255M         36      65372   0%   0  Read/Write BFSTest
DH2       Not a DOS disk

Volumes available:
BFSTest [Mounted]
System [Mounted]

=== BFS Results ===
FS_COMPARE_BENCH	4
DRIVE	DH1:
SMALL_CREATE_40_US	29505
LOOKUP_400_US	73856
SMALL_READ_40_US	22080
LIST_EXNEXT_400_US	41920
LIST_EXALL_400_US	15807
SEQ_WRITE_8M_US	53952
SEQ_READ_8M_US	308095
SMALL_DELETE_40_US	16960
APPEND_4K_1M_US	82239
APPEND_1K_256K_US	74240
APPEND_READ_1280K_US	60417
LIST_EXNEXT_40_ENTRIES_FIRST_PASS_US	6783
LIST_EXNEXT_40_ENTRIES_REPEAT10_TOTAL_US	34240
LIST_EXALL_40_ENTRIES_FIRST_PASS_US	3712
LIST_EXALL_40_ENTRIES_REPEAT10_TOTAL_US	11584
LIST_EXNEXT_400_ENTRIES_FIRST_PASS_US	61375
LIST_EXNEXT_400_ENTRIES_REPEAT10_TOTAL_US	658940
LIST_EXALL_400_ENTRIES_FIRST_PASS_US	37760
LIST_EXALL_400_ENTRIES_REPEAT10_TOTAL_US	426493
LIST_EXNEXT_1000_ENTRIES_FIRST_PASS_US	160319
LIST_EXNEXT_1000_ENTRIES_REPEAT10_TOTAL_US	1567543
LIST_EXALL_1000_ENTRIES_FIRST_PASS_US	116416
LIST_EXALL_1000_ENTRIES_REPEAT10_TOTAL_US	1062649
PASS	1

=== PFS3 Results ===
FS_COMPARE_BENCH	4
DRIVE	DH2:
SMALL_CREATE_40_US	17344
LOOKUP_400_US	66368
SMALL_READ_40_US	14912
LIST_EXNEXT_400_US	12160
LIST_EXALL_400_US	2495
SEQ_WRITE_8M_US	42240
SEQ_READ_8M_US	273918
SMALL_DELETE_40_US	7936
APPEND_4K_1M_US	32511
APPEND_1K_256K_US	23040
APPEND_READ_1280K_US	40192
LIST_EXNEXT_40_ENTRIES_FIRST_PASS_US	1600
LIST_EXNEXT_40_ENTRIES_REPEAT10_TOTAL_US	11905
LIST_EXALL_40_ENTRIES_FIRST_PASS_US	577
LIST_EXALL_40_ENTRIES_REPEAT10_TOTAL_US	2558
LIST_EXNEXT_400_ENTRIES_FIRST_PASS_US	12992
LIST_EXNEXT_400_ENTRIES_REPEAT10_TOTAL_US	110976
LIST_EXALL_400_ENTRIES_FIRST_PASS_US	2945
LIST_EXALL_400_ENTRIES_REPEAT10_TOTAL_US	20160
LIST_EXNEXT_1000_ENTRIES_FIRST_PASS_US	31233
LIST_EXNEXT_1000_ENTRIES_REPEAT10_TOTAL_US	278014
LIST_EXALL_1000_ENTRIES_FIRST_PASS_US	6465
LIST_EXALL_1000_ENTRIES_REPEAT10_TOTAL_US	49471
PASS	1
PASS: requested mounted-volume workload outputs are complete and data-checked
