=== BFS vs PFS3 Benchmark (FS-UAE 68040) ===
Evidence directory: /home/fabian/.cache/bfs-performance/exact-fastpath-2026-10-09.hdq3J0/build/benchmark/exact-key-pilot-normal-20261009-fast-1-bfs-first
Mode: compare
Timeout: 600s


=== Machine Info ===
# Machine Info
Kickstart 47.102, Workbench 47.2
System: 68040 68040/060-FPU   (INST: Cache Burst) (DATA: NoCache NoBurst)
Type  Available    In-Use   Maximum   Largest
chip    2028040     52728   2080768   2027968
fast    7687320    701288   8388608   7682264
total   9715360    754016  10469376   7682264


Mounted disks:
Unit      Size       Used       Free Full Errs   Status   Name
DF0       No disk present
DH0      4095M    4194304    4194303  50%   0  Read/Write System
DH1       255M         36      65372   0%   0  Read/Write BFSTest
DH2       Not a DOS disk

Volumes available:
BFSTest [Mounted]
System [Mounted]

=== BFS Results ===
FS_COMPARE_BENCH	4
DRIVE	DH1:
SMALL_CREATE_40_US	30463
LOOKUP_400_US	74880
SMALL_READ_40_US	18047
LIST_EXNEXT_400_US	30016
LIST_EXALL_400_US	8640
SEQ_WRITE_8M_US	36544
SEQ_READ_8M_US	262655
SMALL_DELETE_40_US	17600
APPEND_4K_1M_US	74751
APPEND_1K_256K_US	60737
APPEND_READ_1280K_US	51008
LIST_EXNEXT_40_ENTRIES_FIRST_PASS_US	6400
LIST_EXNEXT_40_ENTRIES_REPEAT10_TOTAL_US	31233
LIST_EXALL_40_ENTRIES_FIRST_PASS_US	3929
LIST_EXALL_40_ENTRIES_REPEAT10_TOTAL_US	9280
LIST_EXNEXT_400_ENTRIES_FIRST_PASS_US	53631
LIST_EXNEXT_400_ENTRIES_REPEAT10_TOTAL_US	563453
LIST_EXALL_400_ENTRIES_FIRST_PASS_US	32895
LIST_EXALL_400_ENTRIES_REPEAT10_TOTAL_US	353215
LIST_EXNEXT_1000_ENTRIES_FIRST_PASS_US	147774
LIST_EXNEXT_1000_ENTRIES_REPEAT10_TOTAL_US	1574199
LIST_EXALL_1000_ENTRIES_FIRST_PASS_US	81984
LIST_EXALL_1000_ENTRIES_REPEAT10_TOTAL_US	994555
PASS	1

=== PFS3 Results ===
FS_COMPARE_BENCH	4
DRIVE	DH2:
SMALL_CREATE_40_US	17152
LOOKUP_400_US	90560
SMALL_READ_40_US	26305
LIST_EXNEXT_400_US	14145
LIST_EXALL_400_US	2495
SEQ_WRITE_8M_US	41471
SEQ_READ_8M_US	275070
SMALL_DELETE_40_US	8065
APPEND_4K_1M_US	32768
APPEND_1K_256K_US	23423
APPEND_READ_1280K_US	44356
LIST_EXNEXT_40_ENTRIES_FIRST_PASS_US	1536
LIST_EXNEXT_40_ENTRIES_REPEAT10_TOTAL_US	12545
LIST_EXALL_40_ENTRIES_FIRST_PASS_US	705
LIST_EXALL_40_ENTRIES_REPEAT10_TOTAL_US	2560
LIST_EXNEXT_400_ENTRIES_FIRST_PASS_US	13568
LIST_EXNEXT_400_ENTRIES_REPEAT10_TOTAL_US	132094
LIST_EXALL_400_ENTRIES_FIRST_PASS_US	6400
LIST_EXALL_400_ENTRIES_REPEAT10_TOTAL_US	46080
LIST_EXNEXT_1000_ENTRIES_FIRST_PASS_US	64063
LIST_EXNEXT_1000_ENTRIES_REPEAT10_TOTAL_US	293950
LIST_EXALL_1000_ENTRIES_FIRST_PASS_US	6657
LIST_EXALL_1000_ENTRIES_REPEAT10_TOTAL_US	49919
PASS	1
PASS: requested mounted-volume workload outputs are complete and data-checked
