=== BFS vs PFS3 Benchmark (FS-UAE 68040) ===
Evidence directory: /home/fabian/.cache/bfs-performance/sparse-crc-2026-10-09.xN615F/candidate/build/benchmark/sparse-confirmation-20261009/confirm-durable-m5-5-bfs-first
Mode: durable-compare
Timeout: 600s


=== Machine Info ===
# Machine Info
Kickstart 47.102, Workbench 47.2
System: 68040 68040/060-FPU   (INST: Cache Burst) (DATA: NoCache NoBurst)
Type  Available    In-Use   Maximum   Largest
chip    2028040     52728   2080768   2027968
fast    7687256    701352   8388608   7682200
total   9715296    754080  10469376   7682200


Mounted disks:
Unit      Size       Used       Free Full Errs   Status   Name
DF0       No disk present
DH0      4095M    4194304    4194303  50%   0  Read/Write System
DH1       255M         36      65372   0%   0  Read/Write BFSTest
DH2       Not a DOS disk

Volumes available:
BFSTest [Mounted]
System [Mounted]

=== BFS Results ===
FS_DURABLE_COMPARE	4
DRIVE	DH1:
SMALL_CREATE_40_US	33344
LOOKUP_400_US	76673
SMALL_READ_40_US	18431
LIST_EXNEXT_400_US	31423
LIST_EXALL_400_US	9152
SEQ_WRITE_8M_US	43392
SEQ_READ_8M_US	274110
SMALL_DELETE_40_US	37870
APPEND_4K_1M_US	80128
APPEND_1K_256K_US	64684
APPEND_READ_1280K_US	45824
LIST_EXNEXT_40_ENTRIES_FIRST_PASS_US	6463
LIST_EXNEXT_40_ENTRIES_REPEAT10_TOTAL_US	31680
LIST_EXALL_40_ENTRIES_FIRST_PASS_US	3392
LIST_EXALL_40_ENTRIES_REPEAT10_TOTAL_US	9408
LIST_EXNEXT_400_ENTRIES_FIRST_PASS_US	52032
LIST_EXNEXT_400_ENTRIES_REPEAT10_TOTAL_US	668539
LIST_EXALL_400_ENTRIES_FIRST_PASS_US	42945
LIST_EXALL_400_ENTRIES_REPEAT10_TOTAL_US	351422
LIST_EXNEXT_1000_ENTRIES_FIRST_PASS_US	147455
LIST_EXNEXT_1000_ENTRIES_REPEAT10_TOTAL_US	1507832
LIST_EXALL_1000_ENTRIES_FIRST_PASS_US	94782
LIST_EXALL_1000_ENTRIES_REPEAT10_TOTAL_US	946153
PASS	1

=== PFS3 Results ===
FS_DURABLE_COMPARE	4
DRIVE	DH2:
SMALL_CREATE_40_US	18101
LOOKUP_400_US	67457
SMALL_READ_40_US	15104
LIST_EXNEXT_400_US	12480
LIST_EXALL_400_US	2497
SEQ_WRITE_8M_US	42049
SEQ_READ_8M_US	264959
SMALL_DELETE_40_US	9025
APPEND_4K_1M_US	32768
APPEND_1K_256K_US	23872
APPEND_READ_1280K_US	41472
LIST_EXNEXT_40_ENTRIES_FIRST_PASS_US	1856
LIST_EXNEXT_40_ENTRIES_REPEAT10_TOTAL_US	12417
LIST_EXALL_40_ENTRIES_FIRST_PASS_US	577
LIST_EXALL_40_ENTRIES_REPEAT10_TOTAL_US	2495
LIST_EXNEXT_400_ENTRIES_FIRST_PASS_US	12992
LIST_EXNEXT_400_ENTRIES_REPEAT10_TOTAL_US	114496
LIST_EXALL_400_ENTRIES_FIRST_PASS_US	3072
LIST_EXALL_400_ENTRIES_REPEAT10_TOTAL_US	20672
LIST_EXNEXT_1000_ENTRIES_FIRST_PASS_US	33088
LIST_EXNEXT_1000_ENTRIES_REPEAT10_TOTAL_US	359739
LIST_EXALL_1000_ENTRIES_FIRST_PASS_US	6464
LIST_EXALL_1000_ENTRIES_REPEAT10_TOTAL_US	51072
PASS	1
PASS: requested mounted-volume workload outputs are complete and data-checked
