=== BFS vs PFS3 Benchmark (FS-UAE 68040) ===
Evidence directory: /home/fabian/.cache/bfs-performance/sparse-crc-2026-10-09.xN615F/candidate/build/benchmark/sparse-durable-20261009-sparse-6-pfs3-first
Mode: durable-compare
Timeout: 600s


=== Machine Info ===
# Machine Info
Kickstart 47.102, Workbench 47.2
System: 68040 68040/060-FPU   (INST: Cache Burst) (DATA: NoCache NoBurst)
Type  Available    In-Use   Maximum   Largest
chip    2028040     52728   2080768   2027968
fast    7686824    701784   8388608   7681768
total   9714864    754512  10469376   7681768


Mounted disks:
Unit      Size       Used       Free Full Errs   Status   Name
DF0       No disk present
DH0      4095M    4194304    4194303  50%   0  Read/Write System
DH1       255M         36      65372   0%   0  Read/Write BFSTest
DH2       Not a DOS disk

Volumes available:
BFSTest [Mounted]
System [Mounted]

=== BFS Results ===
FS_DURABLE_COMPARE	4
DRIVE	DH1:
SMALL_CREATE_40_US	35583
LOOKUP_400_US	103487
SMALL_READ_40_US	21503
LIST_EXNEXT_400_US	41536
LIST_EXALL_400_US	10176
SEQ_WRITE_8M_US	42559
SEQ_READ_8M_US	267966
SMALL_DELETE_40_US	20415
APPEND_4K_1M_US	81280
APPEND_1K_256K_US	66605
APPEND_READ_1280K_US	43903
LIST_EXNEXT_40_ENTRIES_FIRST_PASS_US	5569
LIST_EXNEXT_40_ENTRIES_REPEAT10_TOTAL_US	32448
LIST_EXALL_40_ENTRIES_FIRST_PASS_US	4671
LIST_EXALL_40_ENTRIES_REPEAT10_TOTAL_US	9856
LIST_EXNEXT_400_ENTRIES_FIRST_PASS_US	52864
LIST_EXNEXT_400_ENTRIES_REPEAT10_TOTAL_US	607740
LIST_EXALL_400_ENTRIES_FIRST_PASS_US	30143
LIST_EXALL_400_ENTRIES_REPEAT10_TOTAL_US	380349
LIST_EXNEXT_1000_ENTRIES_FIRST_PASS_US	133822
LIST_EXNEXT_1000_ENTRIES_REPEAT10_TOTAL_US	1368057
LIST_EXALL_1000_ENTRIES_FIRST_PASS_US	73216
LIST_EXALL_1000_ENTRIES_REPEAT10_TOTAL_US	774589
PASS	1

=== PFS3 Results ===
FS_DURABLE_COMPARE	4
DRIVE	DH2:
SMALL_CREATE_40_US	19520
LOOKUP_400_US	103551
SMALL_READ_40_US	32896
LIST_EXNEXT_400_US	21951
LIST_EXALL_400_US	3200
SEQ_WRITE_8M_US	43519
SEQ_READ_8M_US	278847
SMALL_DELETE_40_US	9279
APPEND_4K_1M_US	33984
APPEND_1K_256K_US	25471
APPEND_READ_1280K_US	41023
LIST_EXNEXT_40_ENTRIES_FIRST_PASS_US	3265
LIST_EXNEXT_40_ENTRIES_REPEAT10_TOTAL_US	14913
LIST_EXALL_40_ENTRIES_FIRST_PASS_US	832
LIST_EXALL_40_ENTRIES_REPEAT10_TOTAL_US	4735
LIST_EXNEXT_400_ENTRIES_FIRST_PASS_US	21504
LIST_EXNEXT_400_ENTRIES_REPEAT10_TOTAL_US	142271
LIST_EXALL_400_ENTRIES_FIRST_PASS_US	5823
LIST_EXALL_400_ENTRIES_REPEAT10_TOTAL_US	45248
LIST_EXNEXT_1000_ENTRIES_FIRST_PASS_US	34751
LIST_EXNEXT_1000_ENTRIES_REPEAT10_TOTAL_US	286079
LIST_EXALL_1000_ENTRIES_FIRST_PASS_US	6593
LIST_EXALL_1000_ENTRIES_REPEAT10_TOTAL_US	51072
PASS	1
PASS: requested mounted-volume workload outputs are complete and data-checked
