=== BFS vs PFS3 Benchmark (FS-UAE 68040) ===
Evidence directory: /home/fabian/.cache/bfs-performance/exnext-2026-10-10.8MRoga/results/exnext-3-bfs-first-candidate
Mode: compare
Timeout: 600s


=== Machine Info ===
# Machine Info
Kickstart 47.102, Workbench 47.2
System: 68040 68040/060-FPU   (INST: Cache Burst) (DATA: NoCache NoBurst)
Type  Available    In-Use   Maximum   Largest
chip    2028040     52728   2080768   2027968
fast    7531240    857368   8388608   7526176
total   9559280    910096  10469376   7526176


Mounted disks:
Unit      Size       Used       Free Full Errs   Status   Name
DF0       No disk present
DH0      4095M    4194304    4194303  50%   0  Read/Write System
DH1       255M         36      65372   0%   0  Read/Write BFSTest
DH2       Not a DOS disk

Volumes available:
BFSTest [Mounted]
System [Mounted]

=== BFS Results ===
FS_COMPARE_BENCH	4
DRIVE	DH1:
SMALL_CREATE_40_US	30335
LOOKUP_400_US	60224
SMALL_READ_40_US	18880
LIST_EXNEXT_400_US	20032
LIST_EXALL_400_US	7873
SEQ_WRITE_8M_US	29631
SEQ_READ_8M_US	257215
SMALL_DELETE_40_US	13632
APPEND_4K_1M_US	69933
APPEND_1K_256K_US	45183
APPEND_READ_1280K_US	44480
LIST_EXNEXT_40_ENTRIES_FIRST_PASS_US	4032
LIST_EXNEXT_40_ENTRIES_REPEAT10_TOTAL_US	21695
LIST_EXALL_40_ENTRIES_FIRST_PASS_US	1792
LIST_EXALL_40_ENTRIES_REPEAT10_TOTAL_US	8448
LIST_EXNEXT_400_ENTRIES_FIRST_PASS_US	30272
LIST_EXNEXT_400_ENTRIES_REPEAT10_TOTAL_US	217919
LIST_EXALL_400_ENTRIES_FIRST_PASS_US	16255
LIST_EXALL_400_ENTRIES_REPEAT10_TOTAL_US	76223
LIST_EXNEXT_1000_ENTRIES_FIRST_PASS_US	74688
LIST_EXNEXT_1000_ENTRIES_REPEAT10_TOTAL_US	604285
LIST_EXALL_1000_ENTRIES_FIRST_PASS_US	40704
LIST_EXALL_1000_ENTRIES_REPEAT10_TOTAL_US	226622
PASS	1

=== PFS3 Results ===
FS_COMPARE_BENCH	4
DRIVE	DH2:
SMALL_CREATE_40_US	20160
LOOKUP_400_US	95360
SMALL_READ_40_US	13888
LIST_EXNEXT_400_US	12031
LIST_EXALL_400_US	2497
SEQ_WRITE_8M_US	41985
SEQ_READ_8M_US	279039
SMALL_DELETE_40_US	8000
APPEND_4K_1M_US	32577
APPEND_1K_256K_US	26560
APPEND_READ_1280K_US	40065
LIST_EXNEXT_40_ENTRIES_FIRST_PASS_US	1536
LIST_EXNEXT_40_ENTRIES_REPEAT10_TOTAL_US	12032
LIST_EXALL_40_ENTRIES_FIRST_PASS_US	512
LIST_EXALL_40_ENTRIES_REPEAT10_TOTAL_US	2497
LIST_EXNEXT_400_ENTRIES_FIRST_PASS_US	12992
LIST_EXNEXT_400_ENTRIES_REPEAT10_TOTAL_US	114366
LIST_EXALL_400_ENTRIES_FIRST_PASS_US	2689
LIST_EXALL_400_ENTRIES_REPEAT10_TOTAL_US	20608
LIST_EXNEXT_1000_ENTRIES_FIRST_PASS_US	31103
LIST_EXNEXT_1000_ENTRIES_REPEAT10_TOTAL_US	293311
LIST_EXALL_1000_ENTRIES_FIRST_PASS_US	6337
LIST_EXALL_1000_ENTRIES_REPEAT10_TOTAL_US	50494
PASS	1
PASS: requested mounted-volume workload outputs are complete and data-checked
