=== BFS vs PFS3 Benchmark (FS-UAE 68040) ===
Evidence directory: /home/fabian/.cache/bfs-performance/status-2026-10-10.NvWrOR/results/status-5-bfs-first-current
Mode: compare
Timeout: 600s


=== Machine Info ===
# Machine Info
Kickstart 47.102, Workbench 47.2
System: 68040 68040/060-FPU   (INST: Cache Burst) (DATA: NoCache NoBurst)
Type  Available    In-Use   Maximum   Largest
chip    2028040     52728   2080768   2027968
fast    7531240    857368   8388608   7526176
total   9559280    910096  10469376   7526176


Mounted disks:
Unit      Size       Used       Free Full Errs   Status   Name
DF0       No disk present
DH0      4095M    4194304    4194303  50%   0  Read/Write System
DH1       255M         36      65372   0%   0  Read/Write BFSTest
DH2       Not a DOS disk

Volumes available:
BFSTest [Mounted]
System [Mounted]

=== BFS Results ===
FS_COMPARE_BENCH	4
DRIVE	DH1:
SMALL_CREATE_40_US	31808
LOOKUP_400_US	59905
SMALL_READ_40_US	18240
LIST_EXNEXT_400_US	20543
LIST_EXALL_400_US	8191
SEQ_WRITE_8M_US	29760
SEQ_READ_8M_US	271551
SMALL_DELETE_40_US	13952
APPEND_4K_1M_US	53311
APPEND_1K_256K_US	45758
APPEND_READ_1280K_US	43968
LIST_EXNEXT_40_ENTRIES_FIRST_PASS_US	5441
LIST_EXNEXT_40_ENTRIES_REPEAT10_TOTAL_US	26560
LIST_EXALL_40_ENTRIES_FIRST_PASS_US	1855
LIST_EXALL_40_ENTRIES_REPEAT10_TOTAL_US	8640
LIST_EXNEXT_400_ENTRIES_FIRST_PASS_US	30809
LIST_EXNEXT_400_ENTRIES_REPEAT10_TOTAL_US	215487
LIST_EXALL_400_ENTRIES_FIRST_PASS_US	15167
LIST_EXALL_400_ENTRIES_REPEAT10_TOTAL_US	75966
LIST_EXNEXT_1000_ENTRIES_FIRST_PASS_US	77567
LIST_EXNEXT_1000_ENTRIES_REPEAT10_TOTAL_US	548414
LIST_EXALL_1000_ENTRIES_FIRST_PASS_US	44416
LIST_EXALL_1000_ENTRIES_REPEAT10_TOTAL_US	196223
PASS	1

=== PFS3 Results ===
FS_COMPARE_BENCH	4
DRIVE	DH2:
SMALL_CREATE_40_US	17983
LOOKUP_400_US	66112
SMALL_READ_40_US	14831
LIST_EXNEXT_400_US	12160
LIST_EXALL_400_US	2496
SEQ_WRITE_8M_US	40320
SEQ_READ_8M_US	278079
SMALL_DELETE_40_US	12095
APPEND_4K_1M_US	48639
APPEND_1K_256K_US	35839
APPEND_READ_1280K_US	46207
LIST_EXNEXT_40_ENTRIES_FIRST_PASS_US	1665
LIST_EXNEXT_40_ENTRIES_REPEAT10_TOTAL_US	11840
LIST_EXALL_40_ENTRIES_FIRST_PASS_US	704
LIST_EXALL_40_ENTRIES_REPEAT10_TOTAL_US	2945
LIST_EXNEXT_400_ENTRIES_FIRST_PASS_US	12608
LIST_EXNEXT_400_ENTRIES_REPEAT10_TOTAL_US	115647
LIST_EXALL_400_ENTRIES_FIRST_PASS_US	2880
LIST_EXALL_400_ENTRIES_REPEAT10_TOTAL_US	20478
LIST_EXNEXT_1000_ENTRIES_FIRST_PASS_US	31615
LIST_EXNEXT_1000_ENTRIES_REPEAT10_TOTAL_US	301183
LIST_EXALL_1000_ENTRIES_FIRST_PASS_US	6526
LIST_EXALL_1000_ENTRIES_REPEAT10_TOTAL_US	50431
PASS	1
PASS: requested mounted-volume workload outputs are complete and data-checked
