=== BFS vs PFS3 Benchmark (FS-UAE 68040) ===
Evidence directory: /home/fabian/.cache/bfs-performance/splitbatch-2026-10-10.USYRpP/results/splitbatch-4-pfs3-first-cand
Mode: compare
Timeout: 600s


=== Machine Info ===
# Machine Info
Kickstart 47.102, Workbench 47.2
System: 68040 68040/060-FPU   (INST: Cache Burst) (DATA: NoCache NoBurst)
Type  Available    In-Use   Maximum   Largest
chip    2028040     52728   2080768   2027968
fast    7530480    858128   8388608   7525408
total   9558520    910856  10469376   7525408


Mounted disks:
Unit      Size       Used       Free Full Errs   Status   Name
DF0       No disk present
DH0      4095M    4194304    4194303  50%   0  Read/Write System
DH1       255M         36      65372   0%   0  Read/Write BFSTest
DH2       Not a DOS disk

Volumes available:
BFSTest [Mounted]
System [Mounted]

=== BFS Results ===
FS_COMPARE_BENCH	4
DRIVE	DH1:
SMALL_CREATE_40_US	31553
LOOKUP_400_US	59583
SMALL_READ_40_US	20032
LIST_EXNEXT_400_US	27328
LIST_EXALL_400_US	9536
SEQ_WRITE_8M_US	32449
SEQ_READ_8M_US	262846
SMALL_DELETE_40_US	14080
APPEND_4K_1M_US	53825
APPEND_1K_256K_US	45888
APPEND_READ_1280K_US	44991
LIST_EXNEXT_40_ENTRIES_FIRST_PASS_US	2880
LIST_EXNEXT_40_ENTRIES_REPEAT10_TOTAL_US	19520
LIST_EXALL_40_ENTRIES_FIRST_PASS_US	1920
LIST_EXALL_40_ENTRIES_REPEAT10_TOTAL_US	9472
LIST_EXNEXT_400_ENTRIES_FIRST_PASS_US	25278
LIST_EXNEXT_400_ENTRIES_REPEAT10_TOTAL_US	172672
LIST_EXALL_400_ENTRIES_FIRST_PASS_US	16257
LIST_EXALL_400_ENTRIES_REPEAT10_TOTAL_US	90368
LIST_EXNEXT_1000_ENTRIES_FIRST_PASS_US	61694
LIST_EXNEXT_1000_ENTRIES_REPEAT10_TOTAL_US	443196
LIST_EXALL_1000_ENTRIES_FIRST_PASS_US	37439
LIST_EXALL_1000_ENTRIES_REPEAT10_TOTAL_US	212607
PASS	1

=== PFS3 Results ===
FS_COMPARE_BENCH	4
DRIVE	DH2:
SMALL_CREATE_40_US	18048
LOOKUP_400_US	74752
SMALL_READ_40_US	21631
LIST_EXNEXT_400_US	12095
LIST_EXALL_400_US	2495
SEQ_WRITE_8M_US	40512
SEQ_READ_8M_US	257854
SMALL_DELETE_40_US	8192
APPEND_4K_1M_US	33343
APPEND_1K_256K_US	24512
APPEND_READ_1280K_US	41354
LIST_EXNEXT_40_ENTRIES_FIRST_PASS_US	1600
LIST_EXNEXT_40_ENTRIES_REPEAT10_TOTAL_US	12160
LIST_EXALL_40_ENTRIES_FIRST_PASS_US	537
LIST_EXALL_40_ENTRIES_REPEAT10_TOTAL_US	2431
LIST_EXNEXT_400_ENTRIES_FIRST_PASS_US	12736
LIST_EXNEXT_400_ENTRIES_REPEAT10_TOTAL_US	114495
LIST_EXALL_400_ENTRIES_FIRST_PASS_US	2880
LIST_EXALL_400_ENTRIES_REPEAT10_TOTAL_US	20222
LIST_EXNEXT_1000_ENTRIES_FIRST_PASS_US	42496
LIST_EXNEXT_1000_ENTRIES_REPEAT10_TOTAL_US	285053
LIST_EXALL_1000_ENTRIES_FIRST_PASS_US	7232
LIST_EXALL_1000_ENTRIES_REPEAT10_TOTAL_US	49919
PASS	1
PASS: requested mounted-volume workload outputs are complete and data-checked
