=== BFS vs PFS3 Benchmark (FS-UAE 68040) ===
Evidence directory: /home/fabian/.cache/bfs-performance/relflags-2026-10-10.P6tt1r/results/relflags-4-pfs3-first-os-040
Mode: compare
Timeout: 600s


=== Machine Info ===
# Machine Info
Kickstart 47.102, Workbench 47.2
System: 68040 68040/060-FPU   (INST: Cache Burst) (DATA: NoCache NoBurst)
Type  Available    In-Use   Maximum   Largest
chip    2028040     52728   2080768   2027968
fast    7564008    824600   8388608   7558944
total   9592048    877328  10469376   7558944


Mounted disks:
Unit      Size       Used       Free Full Errs   Status   Name
DF0       No disk present
DH0      4095M    4194304    4194303  50%   0  Read/Write System
DH1       255M         36      65372   0%   0  Read/Write BFSTest
DH2       Not a DOS disk

Volumes available:
BFSTest [Mounted]
System [Mounted]

=== BFS Results ===
FS_COMPARE_BENCH	4
DRIVE	DH1:
SMALL_CREATE_40_US	30016
LOOKUP_400_US	62335
SMALL_READ_40_US	17476
LIST_EXNEXT_400_US	31615
LIST_EXALL_400_US	8064
SEQ_WRITE_8M_US	36417
SEQ_READ_8M_US	265342
SMALL_DELETE_40_US	20928
APPEND_4K_1M_US	74753
APPEND_1K_256K_US	64000
APPEND_READ_1280K_US	44992
LIST_EXNEXT_40_ENTRIES_FIRST_PASS_US	4928
LIST_EXNEXT_40_ENTRIES_REPEAT10_TOTAL_US	32448
LIST_EXALL_40_ENTRIES_FIRST_PASS_US	1791
LIST_EXALL_40_ENTRIES_REPEAT10_TOTAL_US	8768
LIST_EXNEXT_400_ENTRIES_FIRST_PASS_US	42752
LIST_EXNEXT_400_ENTRIES_REPEAT10_TOTAL_US	326653
LIST_EXALL_400_ENTRIES_FIRST_PASS_US	16383
LIST_EXALL_400_ENTRIES_REPEAT10_TOTAL_US	81216
LIST_EXNEXT_1000_ENTRIES_FIRST_PASS_US	103615
LIST_EXNEXT_1000_ENTRIES_REPEAT10_TOTAL_US	824060
LIST_EXALL_1000_ENTRIES_FIRST_PASS_US	41855
LIST_EXALL_1000_ENTRIES_REPEAT10_TOTAL_US	205184
PASS	1

=== PFS3 Results ===
FS_COMPARE_BENCH	4
DRIVE	DH2:
SMALL_CREATE_40_US	15805
LOOKUP_400_US	65279
SMALL_READ_40_US	13440
LIST_EXNEXT_400_US	11968
LIST_EXALL_400_US	2431
SEQ_WRITE_8M_US	38144
SEQ_READ_8M_US	253182
SMALL_DELETE_40_US	14145
APPEND_4K_1M_US	50176
APPEND_1K_256K_US	23040
APPEND_READ_1280K_US	39743
LIST_EXNEXT_40_ENTRIES_FIRST_PASS_US	1856
LIST_EXNEXT_40_ENTRIES_REPEAT10_TOTAL_US	12033
LIST_EXALL_40_ENTRIES_FIRST_PASS_US	576
LIST_EXALL_40_ENTRIES_REPEAT10_TOTAL_US	2604
LIST_EXNEXT_400_ENTRIES_FIRST_PASS_US	13632
LIST_EXNEXT_400_ENTRIES_REPEAT10_TOTAL_US	120576
LIST_EXALL_400_ENTRIES_FIRST_PASS_US	2840
LIST_EXALL_400_ENTRIES_REPEAT10_TOTAL_US	22976
LIST_EXNEXT_1000_ENTRIES_FIRST_PASS_US	32256
LIST_EXNEXT_1000_ENTRIES_REPEAT10_TOTAL_US	298111
LIST_EXALL_1000_ENTRIES_FIRST_PASS_US	9536
LIST_EXALL_1000_ENTRIES_REPEAT10_TOTAL_US	51904
PASS	1
PASS: requested mounted-volume workload outputs are complete and data-checked
