=== BFS vs PFS3 Benchmark (FS-UAE 68040) ===
Evidence directory: /home/fabian/.cache/bfs-performance/splitbatch-2026-10-10.USYRpP/results/splitbatch-8-pfs3-first-cand
Mode: compare
Timeout: 600s


=== Machine Info ===
# Machine Info
Kickstart 47.102, Workbench 47.2
System: 68040 68040/060-FPU   (INST: Cache Burst) (DATA: NoCache NoBurst)
Type  Available    In-Use   Maximum   Largest
chip    2028040     52728   2080768   2027968
fast    7530480    858128   8388608   7525408
total   9558520    910856  10469376   7525408


Mounted disks:
Unit      Size       Used       Free Full Errs   Status   Name
DF0       No disk present
DH0      4095M    4194304    4194303  50%   0  Read/Write System
DH1       255M         36      65372   0%   0  Read/Write BFSTest
DH2       Not a DOS disk

Volumes available:
BFSTest [Mounted]
System [Mounted]

=== BFS Results ===
FS_COMPARE_BENCH	4
DRIVE	DH1:
SMALL_CREATE_40_US	29568
LOOKUP_400_US	59199
SMALL_READ_40_US	17200
LIST_EXNEXT_400_US	18688
LIST_EXALL_400_US	8128
SEQ_WRITE_8M_US	28354
SEQ_READ_8M_US	252605
SMALL_DELETE_40_US	13632
APPEND_4K_1M_US	63614
APPEND_1K_256K_US	47296
APPEND_READ_1280K_US	44543
LIST_EXNEXT_40_ENTRIES_FIRST_PASS_US	2944
LIST_EXNEXT_40_ENTRIES_REPEAT10_TOTAL_US	19840
LIST_EXALL_40_ENTRIES_FIRST_PASS_US	2111
LIST_EXALL_40_ENTRIES_REPEAT10_TOTAL_US	8705
LIST_EXNEXT_400_ENTRIES_FIRST_PASS_US	24257
LIST_EXNEXT_400_ENTRIES_REPEAT10_TOTAL_US	182462
LIST_EXALL_400_ENTRIES_FIRST_PASS_US	14337
LIST_EXALL_400_ENTRIES_REPEAT10_TOTAL_US	79296
LIST_EXNEXT_1000_ENTRIES_FIRST_PASS_US	60928
LIST_EXNEXT_1000_ENTRIES_REPEAT10_TOTAL_US	438203
LIST_EXALL_1000_ENTRIES_FIRST_PASS_US	33920
LIST_EXALL_1000_ENTRIES_REPEAT10_TOTAL_US	190271
PASS	1

=== PFS3 Results ===
FS_COMPARE_BENCH	4
DRIVE	DH2:
SMALL_CREATE_40_US	15615
LOOKUP_400_US	66239
SMALL_READ_40_US	13761
LIST_EXNEXT_400_US	11775
LIST_EXALL_400_US	2624
SEQ_WRITE_8M_US	38573
SEQ_READ_8M_US	249277
SMALL_DELETE_40_US	8512
APPEND_4K_1M_US	47296
APPEND_1K_256K_US	29056
APPEND_READ_1280K_US	41472
LIST_EXNEXT_40_ENTRIES_FIRST_PASS_US	1600
LIST_EXNEXT_40_ENTRIES_REPEAT10_TOTAL_US	12351
LIST_EXALL_40_ENTRIES_FIRST_PASS_US	577
LIST_EXALL_40_ENTRIES_REPEAT10_TOTAL_US	2496
LIST_EXNEXT_400_ENTRIES_FIRST_PASS_US	12673
LIST_EXNEXT_400_ENTRIES_REPEAT10_TOTAL_US	123135
LIST_EXALL_400_ENTRIES_FIRST_PASS_US	3136
LIST_EXALL_400_ENTRIES_REPEAT10_TOTAL_US	20545
LIST_EXNEXT_1000_ENTRIES_FIRST_PASS_US	30911
LIST_EXNEXT_1000_ENTRIES_REPEAT10_TOTAL_US	280190
LIST_EXALL_1000_ENTRIES_FIRST_PASS_US	6272
LIST_EXALL_1000_ENTRIES_REPEAT10_TOTAL_US	58752
PASS	1
PASS: requested mounted-volume workload outputs are complete and data-checked
