=== BFS vs PFS3 Benchmark (FS-UAE 68040) ===
Evidence directory: /home/fabian/.cache/bfs-performance/relflags-2026-10-10.P6tt1r/results/relflags-1-bfs-first-os-040
Mode: compare
Timeout: 600s


=== Machine Info ===
# Machine Info
Kickstart 47.102, Workbench 47.2
System: 68040 68040/060-FPU   (INST: Cache Burst) (DATA: NoCache NoBurst)
Type  Available    In-Use   Maximum   Largest
chip    2028040     52728   2080768   2027968
fast    7564008    824600   8388608   7558944
total   9592048    877328  10469376   7558944


Mounted disks:
Unit      Size       Used       Free Full Errs   Status   Name
DF0       No disk present
DH0      4095M    4194304    4194303  50%   0  Read/Write System
DH1       255M         36      65372   0%   0  Read/Write BFSTest
DH2       Not a DOS disk

Volumes available:
BFSTest [Mounted]
System [Mounted]

=== BFS Results ===
FS_COMPARE_BENCH	4
DRIVE	DH1:
SMALL_CREATE_40_US	32449
LOOKUP_400_US	62656
SMALL_READ_40_US	25535
LIST_EXNEXT_400_US	37439
LIST_EXALL_400_US	8319
SEQ_WRITE_8M_US	42047
SEQ_READ_8M_US	265599
SMALL_DELETE_40_US	16128
APPEND_4K_1M_US	89536
APPEND_1K_256K_US	87744
APPEND_READ_1280K_US	45759
LIST_EXNEXT_40_ENTRIES_FIRST_PASS_US	5952
LIST_EXNEXT_40_ENTRIES_REPEAT10_TOTAL_US	32448
LIST_EXALL_40_ENTRIES_FIRST_PASS_US	1728
LIST_EXALL_40_ENTRIES_REPEAT10_TOTAL_US	9023
LIST_EXNEXT_400_ENTRIES_FIRST_PASS_US	41025
LIST_EXNEXT_400_ENTRIES_REPEAT10_TOTAL_US	321148
LIST_EXALL_400_ENTRIES_FIRST_PASS_US	17471
LIST_EXALL_400_ENTRIES_REPEAT10_TOTAL_US	87424
LIST_EXNEXT_1000_ENTRIES_FIRST_PASS_US	106175
LIST_EXNEXT_1000_ENTRIES_REPEAT10_TOTAL_US	812604
LIST_EXALL_1000_ENTRIES_FIRST_PASS_US	53632
LIST_EXALL_1000_ENTRIES_REPEAT10_TOTAL_US	207550
PASS	1

=== PFS3 Results ===
FS_COMPARE_BENCH	4
DRIVE	DH2:
SMALL_CREATE_40_US	18560
LOOKUP_400_US	66560
SMALL_READ_40_US	16320
LIST_EXNEXT_400_US	12160
LIST_EXALL_400_US	2560
SEQ_WRITE_8M_US	39361
SEQ_READ_8M_US	284734
SMALL_DELETE_40_US	7872
APPEND_4K_1M_US	37825
APPEND_1K_256K_US	28224
APPEND_READ_1280K_US	40767
LIST_EXNEXT_40_ENTRIES_FIRST_PASS_US	1537
LIST_EXNEXT_40_ENTRIES_REPEAT10_TOTAL_US	11838
LIST_EXALL_40_ENTRIES_FIRST_PASS_US	666
LIST_EXALL_40_ENTRIES_REPEAT10_TOTAL_US	2560
LIST_EXNEXT_400_ENTRIES_FIRST_PASS_US	12607
LIST_EXNEXT_400_ENTRIES_REPEAT10_TOTAL_US	110976
LIST_EXALL_400_ENTRIES_FIRST_PASS_US	2943
LIST_EXALL_400_ENTRIES_REPEAT10_TOTAL_US	20865
LIST_EXNEXT_1000_ENTRIES_FIRST_PASS_US	32063
LIST_EXNEXT_1000_ENTRIES_REPEAT10_TOTAL_US	331198
LIST_EXALL_1000_ENTRIES_FIRST_PASS_US	7105
LIST_EXALL_1000_ENTRIES_REPEAT10_TOTAL_US	60031
PASS	1
PASS: requested mounted-volume workload outputs are complete and data-checked
