Inventory mode: deep only; required=4. No run filtering or outlier selection is applied.
VERIFIED	scan-deep-20261009-m5-1-bfs-first	mode=deep-compare	schema=15	de_NumBuffers=30
VERIFIED	scan-deep-20261009-m5-2-pfs3-first	mode=deep-compare	schema=15	de_NumBuffers=30
VERIFIED	scan-deep-20261009-cold-1-bfs-first	mode=deep-compare	schema=15	de_NumBuffers=30
VERIFIED	scan-deep-20261009-cold-2-pfs3-first	mode=deep-compare	schema=15	de_NumBuffers=30

All required runs passed the strict repository verifier; no row or outlier filtering is applied.

== Deep deep-compare, variant=m5 (2 required runs; all phases and controls; no filtering)
phase	BFS_mean_us	BFS_CV_pct	PFS3_mean_us	PFS3_CV_pct	BFS_over_PFS3_mean	individual_BFS_over_PFS3_by_repeat_order	individual_ratios_over_5x
SMALL_CREATE_40	36293.00	1.47	18176.50	1.00	1.9967	1/bfs-first=1.9900;2/pfs3-first=2.0033	0/2
LOOKUP_400	98559.50	0.55	67232.00	0.07	1.4660	1/bfs-first=1.4596;2/pfs3-first=1.4723	0/2
SMALL_READ_40	29600.00	31.34	15008.50	8.14	1.9722	1/bfs-first=1.6288;2/pfs3-first=2.2782	0/2
SEQ_WRITE_8M	58784.00	7.93	41183.50	1.87	1.4274	1/bfs-first=1.3654;2/pfs3-first=1.4878	0/2
SEQ_READ_8M	275965.50	3.80	258815.50	1.33	1.0663	1/bfs-first=1.0474;2/pfs3-first=1.0848	0/2
SMALL_DELETE_40	21695.50	0.00	7968.50	1.71	2.7227	1/bfs-first=2.7560;2/pfs3-first=2.6901	0/2
APPEND_4K_1M	103074.00	5.41	33795.00	0.79	3.0500	1/bfs-first=2.9172;2/pfs3-first=3.1843	0/2
APPEND_1K_256K	93823.50	15.53	25694.50	2.29	3.6515	1/bfs-first=3.9879;2/pfs3-first=3.3040	0/2
APPEND_READ_1280K	44992.00	0.60	42847.50	2.43	1.0500	1/bfs-first=1.0367;2/pfs3-first=1.0639	0/2
LIST_EXNEXT_40_ENTRIES_FIRST_PASS	8062.50	2.24	1664.00	5.44	4.8453	1/bfs-first=4.9594;2/pfs3-first=4.7396	0/2
LIST_EXNEXT_40_ENTRIES_REPEAT10_TOTAL	46143.00	0.98	14560.00	26.42	3.1692	1/bfs-first=3.9242;2/pfs3-first=2.6518	0/2
LIST_EXALL_40_ENTRIES_FIRST_PASS	4607.50	1.95	799.00	39.65	5.7666	1/bfs-first=7.9026;2/pfs3-first=4.5660	1/2
LIST_EXALL_40_ENTRIES_REPEAT10_TOTAL	14993.50	0.17	3840.00	49.53	3.9046	1/bfs-first=6.0164;2/pfs3-first=2.8883	1/2
LIST_EXNEXT_400_ENTRIES_FIRST_PASS	71487.50	1.64	18335.00	49.12	3.8990	1/bfs-first=5.9042;2/pfs3-first=2.9275	1/2
LIST_EXNEXT_400_ENTRIES_REPEAT10_TOTAL	755502.50	4.53	120831.00	10.11	6.2526	1/bfs-first=6.9498;2/pfs3-first=5.6483	2/2
LIST_EXALL_400_ENTRIES_FIRST_PASS	44129.00	0.92	2848.00	4.77	15.4947	1/bfs-first=15.9310;2/pfs3-first=15.0870	2/2
LIST_EXALL_400_ENTRIES_REPEAT10_TOTAL	434013.00	0.68	20672.50	0.00	20.9947	1/bfs-first=21.0948;2/pfs3-first=20.8946	2/2
LIST_EXNEXT_1000_ENTRIES_FIRST_PASS	185855.00	0.10	32703.50	1.10	5.6830	1/bfs-first=5.6429;2/pfs3-first=5.7238	2/2
LIST_EXNEXT_1000_ENTRIES_REPEAT10_TOTAL	1876629.50	1.45	280063.00	1.65	6.7007	1/bfs-first=6.7100;2/pfs3-first=6.6917	2/2
LIST_EXALL_1000_ENTRIES_FIRST_PASS	108575.50	0.88	7200.50	14.47	15.0789	1/bfs-first=16.6929;2/pfs3-first=13.7644	2/2
LIST_EXALL_1000_ENTRIES_REPEAT10_TOTAL	1125144.50	6.70	50335.50	1.35	22.3529	1/bfs-first=21.4997;2/pfs3-first=23.1900	2/2

== Deep deep-compare, variant=cold (2 required runs; all phases and controls; no filtering)
phase	BFS_mean_us	BFS_CV_pct	PFS3_mean_us	PFS3_CV_pct	BFS_over_PFS3_mean	individual_BFS_over_PFS3_by_repeat_order	individual_ratios_over_5x
SMALL_CREATE_40	40223.50	4.39	17019.00	3.68	2.3634	1/bfs-first=2.3749;2/pfs3-first=2.3514	0/2
LOOKUP_400	99072.00	0.73	68192.00	1.66	1.4528	1/bfs-first=1.4286;2/pfs3-first=1.4777	0/2
SMALL_READ_40	27648.00	0.00	14848.50	0.60	1.8620	1/bfs-first=1.8700;2/pfs3-first=1.8541	0/2
SEQ_WRITE_8M	51999.00	2.00	44031.50	14.18	1.1810	1/bfs-first=1.0581;2/pfs3-first=1.3312	0/2
SEQ_READ_8M	274174.50	1.75	263295.00	0.24	1.0413	1/bfs-first=1.0267;2/pfs3-first=1.0560	0/2
SMALL_DELETE_40	22016.00	0.00	8159.50	2.76	2.6982	1/bfs-first=2.7520;2/pfs3-first=2.6465	0/2
APPEND_4K_1M	100446.50	1.31	33152.00	1.09	3.0299	1/bfs-first=3.0817;2/pfs3-first=2.9789	0/2
APPEND_1K_256K	90144.00	5.07	24255.00	1.87	3.7165	1/bfs-first=3.7996;2/pfs3-first=3.6312	0/2
APPEND_READ_1280K	52031.50	16.70	41279.00	1.32	1.2605	1/bfs-first=1.3963;2/pfs3-first=1.1221	0/2
LIST_EXNEXT_40_ENTRIES_FIRST_PASS	8384.00	1.10	1663.00	0.00	5.0415	1/bfs-first=5.0024;2/pfs3-first=5.0806	2/2
LIST_EXNEXT_40_ENTRIES_REPEAT10_TOTAL	88383.50	1.74	13023.50	10.77	6.7865	1/bfs-first=7.2553;2/pfs3-first=6.3839	2/2
LIST_EXALL_40_ENTRIES_FIRST_PASS	5568.00	1.63	608.00	7.44	9.1579	1/bfs-first=8.8000;2/pfs3-first=9.5556	2/2
LIST_EXALL_40_ENTRIES_REPEAT10_TOTAL	39058.00	0.87	2527.50	1.71	15.4532	1/bfs-first=15.1755;2/pfs3-first=15.7377	2/2
LIST_EXNEXT_400_ENTRIES_FIRST_PASS	73567.00	4.74	13535.50	4.34	5.4351	1/bfs-first=5.4499;2/pfs3-first=5.4194	2/2
LIST_EXNEXT_400_ENTRIES_REPEAT10_TOTAL	695452.00	0.92	113823.00	1.63	6.1099	1/bfs-first=6.2212;2/pfs3-first=6.0012	2/2
LIST_EXALL_400_ENTRIES_FIRST_PASS	46464.00	8.57	3168.50	15.69	14.6644	1/bfs-first=12.4000;2/pfs3-first=17.4938	2/2
LIST_EXALL_400_ENTRIES_REPEAT10_TOTAL	372861.50	5.29	21439.50	5.07	17.3913	1/bfs-first=17.4178;2/pfs3-first=17.3629	2/2
LIST_EXNEXT_1000_ENTRIES_FIRST_PASS	223038.50	5.44	31712.00	4.71	7.0333	1/bfs-first=6.5449;2/pfs3-first=7.5553	2/2
LIST_EXNEXT_1000_ENTRIES_REPEAT10_TOTAL	2261171.50	7.72	325054.50	2.37	6.9563	1/bfs-first=6.4684;2/pfs3-first=7.4607	2/2
LIST_EXALL_1000_ENTRIES_FIRST_PASS	116799.50	6.12	6880.00	5.94	16.9767	1/bfs-first=16.9542;2/pfs3-first=16.9973	2/2
LIST_EXALL_1000_ENTRIES_REPEAT10_TOTAL	1175545.00	1.91	62367.50	26.63	18.8487	1/bfs-first=16.0761;2/pfs3-first=22.9076	2/2

== Paired cold/M5 timings, family=deep; ratio=cold/M5
Every same-repeat, same-order pair is included for BFS and PFS3.
phase	filesystem	repeat/order	M5_us	cold_us	cold_over_M5
SMALL_CREATE_40	BFS	1/bfs-first	35915	41471	1.1547
SMALL_CREATE_40	BFS	2/pfs3-first	36671	38976	1.0629
SMALL_CREATE_40	PFS3	1/bfs-first	18048	17462	0.9675
SMALL_CREATE_40	PFS3	2/pfs3-first	18305	16576	0.9055
LOOKUP_400	BFS	1/bfs-first	98176	98559	1.0039
LOOKUP_400	BFS	2/pfs3-first	98943	99585	1.0065
LOOKUP_400	PFS3	1/bfs-first	67263	68992	1.0257
LOOKUP_400	PFS3	2/pfs3-first	67201	67392	1.0028
SMALL_READ_40	BFS	1/bfs-first	23040	27648	1.2000
SMALL_READ_40	BFS	2/pfs3-first	36160	27648	0.7646
SMALL_READ_40	PFS3	1/bfs-first	14145	14785	1.0452
SMALL_READ_40	PFS3	2/pfs3-first	15872	14912	0.9395
SEQ_WRITE_8M	BFS	1/bfs-first	55488	51263	0.9239
SEQ_WRITE_8M	BFS	2/pfs3-first	62080	52735	0.8495
SEQ_WRITE_8M	PFS3	1/bfs-first	40640	48447	1.1921
SEQ_WRITE_8M	PFS3	2/pfs3-first	41727	39616	0.9494
SEQ_READ_8M	BFS	1/bfs-first	268542	270783	1.0083
SEQ_READ_8M	BFS	2/pfs3-first	283389	277566	0.9795
SEQ_READ_8M	PFS3	1/bfs-first	256384	263743	1.0287
SEQ_READ_8M	PFS3	2/pfs3-first	261247	262847	1.0061
SMALL_DELETE_40	BFS	1/bfs-first	21695	22016	1.0148
SMALL_DELETE_40	BFS	2/pfs3-first	21696	22016	1.0147
SMALL_DELETE_40	PFS3	1/bfs-first	7872	8000	1.0163
SMALL_DELETE_40	PFS3	2/pfs3-first	8065	8319	1.0315
APPEND_4K_1M	BFS	1/bfs-first	99134	101374	1.0226
APPEND_4K_1M	BFS	2/pfs3-first	107014	99519	0.9300
APPEND_4K_1M	PFS3	1/bfs-first	33983	32896	0.9680
APPEND_4K_1M	PFS3	2/pfs3-first	33607	33408	0.9941
APPEND_1K_256K	BFS	1/bfs-first	104128	93375	0.8967
APPEND_1K_256K	BFS	2/pfs3-first	83519	86913	1.0406
APPEND_1K_256K	PFS3	1/bfs-first	26111	24575	0.9412
APPEND_1K_256K	PFS3	2/pfs3-first	25278	23935	0.9469
APPEND_READ_1280K	BFS	1/bfs-first	45184	58175	1.2875
APPEND_READ_1280K	BFS	2/pfs3-first	44800	45888	1.0243
APPEND_READ_1280K	PFS3	1/bfs-first	43584	41663	0.9559
APPEND_READ_1280K	PFS3	2/pfs3-first	42111	40895	0.9711
LIST_EXNEXT_40_ENTRIES_FIRST_PASS	BFS	1/bfs-first	7935	8319	1.0484
LIST_EXNEXT_40_ENTRIES_FIRST_PASS	BFS	2/pfs3-first	8190	8449	1.0316
LIST_EXNEXT_40_ENTRIES_FIRST_PASS	PFS3	1/bfs-first	1600	1663	1.0394
LIST_EXNEXT_40_ENTRIES_FIRST_PASS	PFS3	2/pfs3-first	1728	1663	0.9624
LIST_EXNEXT_40_ENTRIES_REPEAT10_TOTAL	BFS	1/bfs-first	46463	87296	1.8788
LIST_EXNEXT_40_ENTRIES_REPEAT10_TOTAL	BFS	2/pfs3-first	45823	89471	1.9525
LIST_EXNEXT_40_ENTRIES_REPEAT10_TOTAL	PFS3	1/bfs-first	11840	12032	1.0162
LIST_EXNEXT_40_ENTRIES_REPEAT10_TOTAL	PFS3	2/pfs3-first	17280	14015	0.8111
LIST_EXALL_40_ENTRIES_FIRST_PASS	BFS	1/bfs-first	4544	5632	1.2394
LIST_EXALL_40_ENTRIES_FIRST_PASS	BFS	2/pfs3-first	4671	5504	1.1783
LIST_EXALL_40_ENTRIES_FIRST_PASS	PFS3	1/bfs-first	575	640	1.1130
LIST_EXALL_40_ENTRIES_FIRST_PASS	PFS3	2/pfs3-first	1023	576	0.5630
LIST_EXALL_40_ENTRIES_REPEAT10_TOTAL	BFS	1/bfs-first	15011	38819	2.5860
LIST_EXALL_40_ENTRIES_REPEAT10_TOTAL	BFS	2/pfs3-first	14976	39297	2.6240
LIST_EXALL_40_ENTRIES_REPEAT10_TOTAL	PFS3	1/bfs-first	2495	2558	1.0253
LIST_EXALL_40_ENTRIES_REPEAT10_TOTAL	PFS3	2/pfs3-first	5185	2497	0.4816
LIST_EXNEXT_400_ENTRIES_FIRST_PASS	BFS	1/bfs-first	70656	76031	1.0761
LIST_EXNEXT_400_ENTRIES_FIRST_PASS	BFS	2/pfs3-first	72319	71103	0.9832
LIST_EXNEXT_400_ENTRIES_FIRST_PASS	PFS3	1/bfs-first	11967	13951	1.1658
LIST_EXNEXT_400_ENTRIES_FIRST_PASS	PFS3	2/pfs3-first	24703	13120	0.5311
LIST_EXNEXT_400_ENTRIES_REPEAT10_TOTAL	BFS	1/bfs-first	779709	699964	0.8977
LIST_EXNEXT_400_ENTRIES_REPEAT10_TOTAL	BFS	2/pfs3-first	731296	690940	0.9448
LIST_EXNEXT_400_ENTRIES_REPEAT10_TOTAL	PFS3	1/bfs-first	112191	112512	1.0029
LIST_EXNEXT_400_ENTRIES_REPEAT10_TOTAL	PFS3	2/pfs3-first	129471	115134	0.8893
LIST_EXALL_400_ENTRIES_FIRST_PASS	BFS	1/bfs-first	43842	43648	0.9956
LIST_EXALL_400_ENTRIES_FIRST_PASS	BFS	2/pfs3-first	44416	49280	1.1095
LIST_EXALL_400_ENTRIES_FIRST_PASS	PFS3	1/bfs-first	2752	3520	1.2791
LIST_EXALL_400_ENTRIES_FIRST_PASS	PFS3	2/pfs3-first	2944	2817	0.9569
LIST_EXALL_400_ENTRIES_REPEAT10_TOTAL	BFS	1/bfs-first	436093	386814	0.8870
LIST_EXALL_400_ENTRIES_REPEAT10_TOTAL	BFS	2/pfs3-first	431933	358909	0.8309
LIST_EXALL_400_ENTRIES_REPEAT10_TOTAL	PFS3	1/bfs-first	20673	22208	1.0743
LIST_EXALL_400_ENTRIES_REPEAT10_TOTAL	PFS3	2/pfs3-first	20672	20671	1.0000
LIST_EXNEXT_1000_ENTRIES_FIRST_PASS	BFS	1/bfs-first	185983	214462	1.1531
LIST_EXNEXT_1000_ENTRIES_FIRST_PASS	BFS	2/pfs3-first	185727	231615	1.2471
LIST_EXNEXT_1000_ENTRIES_FIRST_PASS	PFS3	1/bfs-first	32959	32768	0.9942
LIST_EXNEXT_1000_ENTRIES_FIRST_PASS	PFS3	2/pfs3-first	32448	30656	0.9448
LIST_EXNEXT_1000_ENTRIES_REPEAT10_TOTAL	BFS	1/bfs-first	1857333	2137779	1.1510
LIST_EXNEXT_1000_ENTRIES_REPEAT10_TOTAL	BFS	2/pfs3-first	1895926	2384564	1.2577
LIST_EXNEXT_1000_ENTRIES_REPEAT10_TOTAL	PFS3	1/bfs-first	276799	330494	1.1940
LIST_EXNEXT_1000_ENTRIES_REPEAT10_TOTAL	PFS3	2/pfs3-first	283327	319615	1.1281
LIST_EXALL_1000_ENTRIES_FIRST_PASS	BFS	1/bfs-first	107903	111745	1.0356
LIST_EXALL_1000_ENTRIES_FIRST_PASS	BFS	2/pfs3-first	109248	121854	1.1154
LIST_EXALL_1000_ENTRIES_FIRST_PASS	PFS3	1/bfs-first	6464	6591	1.0196
LIST_EXALL_1000_ENTRIES_FIRST_PASS	PFS3	2/pfs3-first	7937	7169	0.9032
LIST_EXALL_1000_ENTRIES_REPEAT10_TOTAL	BFS	1/bfs-first	1071866	1191416	1.1115
LIST_EXALL_1000_ENTRIES_REPEAT10_TOTAL	BFS	2/pfs3-first	1178423	1159674	0.9841
LIST_EXALL_1000_ENTRIES_REPEAT10_TOTAL	PFS3	1/bfs-first	49855	74111	1.4865
LIST_EXALL_1000_ENTRIES_REPEAT10_TOTAL	PFS3	2/pfs3-first	50816	50624	0.9962

Paired cold/M5 aggregate across all repeats.
phase	filesystem	cold_over_M5_min	cold_over_M5_median	cold_over_M5_max	cold_slower_pairs
SMALL_CREATE_40	BFS	1.0629	1.1088	1.1547	2/2
SMALL_CREATE_40	PFS3	0.9055	0.9365	0.9675	0/2
LOOKUP_400	BFS	1.0039	1.0052	1.0065	2/2
LOOKUP_400	PFS3	1.0028	1.0143	1.0257	2/2
SMALL_READ_40	BFS	0.7646	0.9823	1.2000	1/2
SMALL_READ_40	PFS3	0.9395	0.9924	1.0452	1/2
SEQ_WRITE_8M	BFS	0.8495	0.8867	0.9239	0/2
SEQ_WRITE_8M	PFS3	0.9494	1.0708	1.1921	1/2
SEQ_READ_8M	BFS	0.9795	0.9939	1.0083	1/2
SEQ_READ_8M	PFS3	1.0061	1.0174	1.0287	2/2
SMALL_DELETE_40	BFS	1.0147	1.0148	1.0148	2/2
SMALL_DELETE_40	PFS3	1.0163	1.0239	1.0315	2/2
APPEND_4K_1M	BFS	0.9300	0.9763	1.0226	1/2
APPEND_4K_1M	PFS3	0.9680	0.9810	0.9941	0/2
APPEND_1K_256K	BFS	0.8967	0.9687	1.0406	1/2
APPEND_1K_256K	PFS3	0.9412	0.9440	0.9469	0/2
APPEND_READ_1280K	BFS	1.0243	1.1559	1.2875	2/2
APPEND_READ_1280K	PFS3	0.9559	0.9635	0.9711	0/2
LIST_EXNEXT_40_ENTRIES_FIRST_PASS	BFS	1.0316	1.0400	1.0484	2/2
LIST_EXNEXT_40_ENTRIES_FIRST_PASS	PFS3	0.9624	1.0009	1.0394	1/2
LIST_EXNEXT_40_ENTRIES_REPEAT10_TOTAL	BFS	1.8788	1.9157	1.9525	2/2
LIST_EXNEXT_40_ENTRIES_REPEAT10_TOTAL	PFS3	0.8111	0.9136	1.0162	1/2
LIST_EXALL_40_ENTRIES_FIRST_PASS	BFS	1.1783	1.2089	1.2394	2/2
LIST_EXALL_40_ENTRIES_FIRST_PASS	PFS3	0.5630	0.8380	1.1130	1/2
LIST_EXALL_40_ENTRIES_REPEAT10_TOTAL	BFS	2.5860	2.6050	2.6240	2/2
LIST_EXALL_40_ENTRIES_REPEAT10_TOTAL	PFS3	0.4816	0.7534	1.0253	1/2
LIST_EXNEXT_400_ENTRIES_FIRST_PASS	BFS	0.9832	1.0296	1.0761	1/2
LIST_EXNEXT_400_ENTRIES_FIRST_PASS	PFS3	0.5311	0.8484	1.1658	1/2
LIST_EXNEXT_400_ENTRIES_REPEAT10_TOTAL	BFS	0.8977	0.9213	0.9448	0/2
LIST_EXNEXT_400_ENTRIES_REPEAT10_TOTAL	PFS3	0.8893	0.9461	1.0029	1/2
LIST_EXALL_400_ENTRIES_FIRST_PASS	BFS	0.9956	1.0525	1.1095	1/2
LIST_EXALL_400_ENTRIES_FIRST_PASS	PFS3	0.9569	1.1180	1.2791	1/2
LIST_EXALL_400_ENTRIES_REPEAT10_TOTAL	BFS	0.8309	0.8590	0.8870	0/2
LIST_EXALL_400_ENTRIES_REPEAT10_TOTAL	PFS3	1.0000	1.0371	1.0743	1/2
LIST_EXNEXT_1000_ENTRIES_FIRST_PASS	BFS	1.1531	1.2001	1.2471	2/2
LIST_EXNEXT_1000_ENTRIES_FIRST_PASS	PFS3	0.9448	0.9695	0.9942	0/2
LIST_EXNEXT_1000_ENTRIES_REPEAT10_TOTAL	BFS	1.1510	1.2044	1.2577	2/2
LIST_EXNEXT_1000_ENTRIES_REPEAT10_TOTAL	PFS3	1.1281	1.1610	1.1940	2/2
LIST_EXALL_1000_ENTRIES_FIRST_PASS	BFS	1.0356	1.0755	1.1154	2/2
LIST_EXALL_1000_ENTRIES_FIRST_PASS	PFS3	0.9032	0.9614	1.0196	1/2
LIST_EXALL_1000_ENTRIES_REPEAT10_TOTAL	BFS	0.9841	1.0478	1.1115	1/2
LIST_EXALL_1000_ENTRIES_REPEAT10_TOTAL	PFS3	0.9962	1.2414	1.4865	1/2

== Deep diagnostic counters (schema 15; BFS raw counters only)
Counts, samples and sampled ticks are emitted as recorded; no exclusive CPU attribution or extrapolation is made.
variant	repeat	order	phase	BIO_READS	CACHE_READ_CALLS	CACHE_READ_HITS	CACHE_READ_MISSES	INODE_READ_CALLS	NODE_CRC_READ_CALLS	NODE_CRC_READ_SAMPLES	NODE_CRC_READ_SAMPLE_TICKS	NODE_CRC_WRITE_CALLS	NODE_CRC_WRITE_SAMPLES	NODE_CRC_WRITE_SAMPLE_TICKS	DIR_TREE_NODE_VIEWS	DIR_TREE_RESIDENT_VIEWS	DIR_TREE_LEAF_NODE_VIEWS	DIR_TREE_LEAF_RESIDENT_VIEWS	DIR_TREE_INTERNAL_NODE_VIEWS	DIR_TREE_INTERNAL_RESIDENT_VIEWS	INODE_TREE_NODE_VIEWS	INODE_TREE_RESIDENT_VIEWS	INODE_TREE_LEAF_NODE_VIEWS	INODE_TREE_LEAF_RESIDENT_VIEWS	INODE_TREE_INTERNAL_NODE_VIEWS	INODE_TREE_INTERNAL_RESIDENT_VIEWS
m5	1	bfs-first	LIST_EXNEXT_40_ENTRIES_FIRST_PASS	7	9	2	7	41	7	0	0	0	0	0	36	30	11	6	25	24	4	1	2	0	2	1
m5	1	bfs-first	LIST_EXNEXT_40_ENTRIES_REPEAT10_TOTAL	0	0	0	0	410	0	0	0	0	0	0	320	320	100	100	220	220	0	0	0	0	0	0
m5	1	bfs-first	LIST_EXALL_40_ENTRIES_FIRST_PASS	7	7	0	7	40	7	0	0	0	0	0	20	14	7	2	13	12	2	1	1	0	1	1
m5	1	bfs-first	LIST_EXALL_40_ENTRIES_REPEAT10_TOTAL	0	0	0	0	400	0	0	0	0	0	0	160	160	60	60	100	100	0	0	0	0	0	0
m5	1	bfs-first	LIST_EXNEXT_400_ENTRIES_FIRST_PASS	65	65	0	65	401	65	1	136	0	0	0	264	219	85	44	179	175	40	20	20	0	20	20
m5	1	bfs-first	LIST_EXNEXT_400_ENTRIES_REPEAT10_TOTAL	680	680	0	680	4010	680	10	1726	0	0	0	2644	2144	851	411	1793	1733	360	180	180	0	180	180
m5	1	bfs-first	LIST_EXALL_400_ENTRIES_FIRST_PASS	70	70	0	70	404	70	1	137	0	0	0	122	72	50	6	72	66	40	20	20	0	20	20
m5	1	bfs-first	LIST_EXALL_400_ENTRIES_REPEAT10_TOTAL	692	692	0	692	4040	692	10	1283	0	0	0	1184	682	491	50	693	632	380	190	190	0	190	190
m5	1	bfs-first	LIST_EXNEXT_1000_ENTRIES_FIRST_PASS	182	182	0	182	1001	182	2	272	0	0	0	672	552	216	108	456	444	124	62	62	0	62	62
m5	1	bfs-first	LIST_EXNEXT_1000_ENTRIES_REPEAT10_TOTAL	1840	1840	0	1840	10010	1840	28	3925	0	0	0	6684	5444	2151	1061	4533	4383	1200	600	600	0	600	600
m5	1	bfs-first	LIST_EXALL_1000_ENTRIES_FIRST_PASS	175	175	0	175	1010	175	2	272	0	0	0	283	167	118	15	165	152	118	59	59	0	59	59
m5	1	bfs-first	LIST_EXALL_1000_ENTRIES_REPEAT10_TOTAL	1713	1713	0	1713	10100	1713	26	3677	0	0	0	2794	1641	1171	140	1623	1501	1120	560	560	0	560	560
m5	2	pfs3-first	LIST_EXNEXT_40_ENTRIES_FIRST_PASS	7	9	2	7	41	7	0	0	0	0	0	36	30	11	6	25	24	4	1	2	0	2	1
m5	2	pfs3-first	LIST_EXNEXT_40_ENTRIES_REPEAT10_TOTAL	0	0	0	0	410	0	0	0	0	0	0	320	320	100	100	220	220	0	0	0	0	0	0
m5	2	pfs3-first	LIST_EXALL_40_ENTRIES_FIRST_PASS	7	7	0	7	40	7	0	0	0	0	0	20	14	7	2	13	12	2	1	1	0	1	1
m5	2	pfs3-first	LIST_EXALL_40_ENTRIES_REPEAT10_TOTAL	0	0	0	0	400	0	0	0	0	0	0	160	160	60	60	100	100	0	0	0	0	0	0
m5	2	pfs3-first	LIST_EXNEXT_400_ENTRIES_FIRST_PASS	65	65	0	65	401	65	1	182	0	0	0	264	219	85	44	179	175	40	20	20	0	20	20
m5	2	pfs3-first	LIST_EXNEXT_400_ENTRIES_REPEAT10_TOTAL	680	680	0	680	4010	680	10	1334	0	0	0	2644	2144	851	411	1793	1733	360	180	180	0	180	180
m5	2	pfs3-first	LIST_EXALL_400_ENTRIES_FIRST_PASS	70	70	0	70	404	70	1	91	0	0	0	122	72	50	6	72	66	40	20	20	0	20	20
m5	2	pfs3-first	LIST_EXALL_400_ENTRIES_REPEAT10_TOTAL	692	692	0	692	4040	692	10	1501	0	0	0	1184	682	491	50	693	632	380	190	190	0	190	190
m5	2	pfs3-first	LIST_EXNEXT_1000_ENTRIES_FIRST_PASS	182	182	0	182	1001	182	2	272	0	0	0	672	552	216	108	456	444	124	62	62	0	62	62
m5	2	pfs3-first	LIST_EXNEXT_1000_ENTRIES_REPEAT10_TOTAL	1840	1840	0	1840	10010	1840	28	3995	0	0	0	6684	5444	2151	1061	4533	4383	1200	600	600	0	600	600
m5	2	pfs3-first	LIST_EXALL_1000_ENTRIES_FIRST_PASS	175	175	0	175	1010	175	2	272	0	0	0	283	167	118	15	165	152	118	59	59	0	59	59
m5	2	pfs3-first	LIST_EXALL_1000_ENTRIES_REPEAT10_TOTAL	1713	1713	0	1713	10100	1713	26	4390	0	0	0	2794	1641	1171	140	1623	1501	1120	560	560	0	560	560
cold	1	bfs-first	LIST_EXNEXT_40_ENTRIES_FIRST_PASS	8	10	2	8	41	8	0	0	0	0	0	36	29	11	5	25	24	4	1	2	0	2	1
cold	1	bfs-first	LIST_EXNEXT_40_ENTRIES_REPEAT10_TOTAL	60	60	0	60	410	60	0	0	0	0	0	324	264	101	41	223	223	0	0	0	0	0	0
cold	1	bfs-first	LIST_EXALL_40_ENTRIES_FIRST_PASS	9	9	0	9	40	9	0	0	0	0	0	20	12	7	0	13	12	2	1	1	0	1	1
cold	1	bfs-first	LIST_EXALL_40_ENTRIES_REPEAT10_TOTAL	60	60	0	60	400	60	0	0	0	0	0	160	100	60	0	100	100	0	0	0	0	0	0
cold	1	bfs-first	LIST_EXNEXT_400_ENTRIES_FIRST_PASS	69	69	0	69	401	69	1	182	0	0	0	264	207	85	32	179	175	24	12	12	0	12	12
cold	1	bfs-first	LIST_EXNEXT_400_ENTRIES_REPEAT10_TOTAL	440	440	0	440	4010	440	6	998	0	0	0	2644	2204	851	411	1793	1793	0	0	0	0	0	0
cold	1	bfs-first	LIST_EXALL_400_ENTRIES_FIRST_PASS	64	64	0	64	404	64	1	182	0	0	0	122	71	50	4	72	67	26	13	13	0	13	13
cold	1	bfs-first	LIST_EXALL_400_ENTRIES_REPEAT10_TOTAL	460	460	0	460	4040	460	7	1088	0	0	0	1180	720	490	30	690	690	0	0	0	0	0	0
cold	1	bfs-first	LIST_EXNEXT_1000_ENTRIES_FIRST_PASS	221	221	0	221	1001	221	3	409	0	0	0	672	509	216	64	456	445	116	58	58	0	58	58
cold	1	bfs-first	LIST_EXNEXT_1000_ENTRIES_REPEAT10_TOTAL	2230	2230	0	2230	10010	2230	34	4561	0	0	0	6684	5014	2151	631	4533	4383	1120	560	560	0	560	560
cold	1	bfs-first	LIST_EXALL_1000_ENTRIES_FIRST_PASS	182	182	0	182	1010	182	2	319	0	0	0	283	156	118	3	165	153	110	55	55	0	55	55
cold	1	bfs-first	LIST_EXALL_1000_ENTRIES_REPEAT10_TOTAL	1774	1774	0	1774	10100	1774	27	4134	0	0	0	2794	1541	1171	30	1623	1511	1042	521	521	0	521	521
cold	2	pfs3-first	LIST_EXNEXT_40_ENTRIES_FIRST_PASS	8	10	2	8	41	8	0	0	0	0	0	36	29	11	5	25	24	4	1	2	0	2	1
cold	2	pfs3-first	LIST_EXNEXT_40_ENTRIES_REPEAT10_TOTAL	60	60	0	60	410	60	0	0	0	0	0	324	264	101	41	223	223	0	0	0	0	0	0
cold	2	pfs3-first	LIST_EXALL_40_ENTRIES_FIRST_PASS	9	9	0	9	40	9	0	0	0	0	0	20	12	7	0	13	12	2	1	1	0	1	1
cold	2	pfs3-first	LIST_EXALL_40_ENTRIES_REPEAT10_TOTAL	60	60	0	60	400	60	0	0	0	0	0	160	100	60	0	100	100	0	0	0	0	0	0
cold	2	pfs3-first	LIST_EXNEXT_400_ENTRIES_FIRST_PASS	69	69	0	69	401	69	1	181	0	0	0	264	207	85	32	179	175	24	12	12	0	12	12
cold	2	pfs3-first	LIST_EXNEXT_400_ENTRIES_REPEAT10_TOTAL	440	440	0	440	4010	440	6	1136	0	0	0	2644	2204	851	411	1793	1793	0	0	0	0	0	0
cold	2	pfs3-first	LIST_EXALL_400_ENTRIES_FIRST_PASS	64	64	0	64	404	64	1	181	0	0	0	122	71	50	4	72	67	26	13	13	0	13	13
cold	2	pfs3-first	LIST_EXALL_400_ENTRIES_REPEAT10_TOTAL	460	460	0	460	4040	460	7	953	0	0	0	1180	720	490	30	690	690	0	0	0	0	0	0
cold	2	pfs3-first	LIST_EXNEXT_1000_ENTRIES_FIRST_PASS	221	221	0	221	1001	221	3	410	0	0	0	672	509	216	64	456	445	116	58	58	0	58	58
cold	2	pfs3-first	LIST_EXNEXT_1000_ENTRIES_REPEAT10_TOTAL	2230	2230	0	2230	10010	2230	34	5121	0	0	0	6684	5014	2151	631	4533	4383	1120	560	560	0	560	560
cold	2	pfs3-first	LIST_EXALL_1000_ENTRIES_FIRST_PASS	182	182	0	182	1010	182	2	318	0	0	0	283	156	118	3	165	153	110	55	55	0	55	55
cold	2	pfs3-first	LIST_EXALL_1000_ENTRIES_REPEAT10_TOTAL	1774	1774	0	1774	10100	1774	27	4174	0	0	0	2794	1541	1171	30	1623	1511	1042	521	521	0	521	521

DEEP-ONLY RESULT: all four schema-15 deep runs verified; NOT FULL QUALIFICATION.
