Inventory mode: pilot only; required=4. No run filtering or outlier selection is applied.
VERIFIED	scan-pilot-normal-20261009-m5-1-bfs-first	mode=compare	schema=4	de_NumBuffers=30
VERIFIED	scan-pilot-normal-20261009-m5-2-pfs3-first	mode=compare	schema=4	de_NumBuffers=30
VERIFIED	scan-pilot-normal-20261009-cold-1-bfs-first	mode=compare	schema=4	de_NumBuffers=30
VERIFIED	scan-pilot-normal-20261009-cold-2-pfs3-first	mode=compare	schema=4	de_NumBuffers=30

All required runs passed the strict repository verifier; no row or outlier filtering is applied.

== Pilot compare, variant=m5 (2 required runs; all phases and controls; no filtering)
phase	BFS_mean_us	BFS_CV_pct	PFS3_mean_us	PFS3_CV_pct	BFS_over_PFS3_mean	individual_BFS_over_PFS3_by_repeat_order	individual_ratios_over_5x
SMALL_CREATE_40	30527.50	1.78	18079.50	12.27	1.6885	1/bfs-first=1.5342;2/pfs3-first=1.8721	0/2
LOOKUP_400	79071.00	7.73	74911.50	17.46	1.0555	1/bfs-first=0.9909;2/pfs3-first=1.1384	0/2
SMALL_READ_40	21279.50	3.19	14495.50	4.68	1.4680	1/bfs-first=1.3890;2/pfs3-first=1.5524	0/2
LIST_EXNEXT_400	30560.50	1.33	12192.50	3.33	2.5065	1/bfs-first=2.4718;2/pfs3-first=2.5429	0/2
LIST_EXALL_400	10143.50	14.72	2528.50	5.40	4.0117	1/bfs-first=4.2663;2/pfs3-first=3.7368	0/2
SEQ_WRITE_8M	47072.50	15.67	41183.50	4.29	1.1430	1/bfs-first=1.2323;2/pfs3-first=1.0481	0/2
SEQ_READ_8M	273854.50	3.11	306837.50	19.61	0.8925	1/bfs-first=0.8011;2/pfs3-first=1.0134	0/2
SMALL_DELETE_40	17375.50	0.26	8511.50	8.50	2.0414	1/bfs-first=1.9222;2/pfs3-first=2.1759	0/2
APPEND_4K_1M	101696.00	38.63	40160.50	17.24	2.5322	1/bfs-first=2.8736;2/pfs3-first=2.0961	0/2
APPEND_1K_256K	67446.50	11.83	27455.50	16.16	2.4566	1/bfs-first=2.3891;2/pfs3-first=2.5414	0/2
APPEND_READ_1280K	43680.00	4.04	42432.50	2.77	1.0294	1/bfs-first=1.0384;2/pfs3-first=1.0200	0/2
LIST_EXNEXT_40_ENTRIES_FIRST_PASS	6591.50	5.50	2112.50	29.96	3.1202	1/bfs-first=3.8048;2/pfs3-first=2.6750	0/2
LIST_EXNEXT_40_ENTRIES_REPEAT10_TOTAL	31872.00	1.14	12063.50	4.12	2.6420	1/bfs-first=2.5878;2/pfs3-first=2.6995	0/2
LIST_EXALL_40_ENTRIES_FIRST_PASS	3871.50	10.50	608.00	7.44	6.3676	1/bfs-first=6.4984;2/pfs3-first=6.2222	2/2
LIST_EXALL_40_ENTRIES_REPEAT10_TOTAL	9759.50	5.11	2615.00	7.46	3.7321	1/bfs-first=3.6731;2/pfs3-first=3.7977	0/2
LIST_EXNEXT_400_ENTRIES_FIRST_PASS	55968.00	0.40	13056.00	2.77	4.2868	1/bfs-first=4.3850;2/pfs3-first=4.1923	0/2
LIST_EXNEXT_400_ENTRIES_REPEAT10_TOTAL	610715.50	7.88	113120.00	0.92	5.3988	1/bfs-first=5.6627;2/pfs3-first=5.1315	2/2
LIST_EXALL_400_ENTRIES_FIRST_PASS	36447.00	1.86	2912.00	7.77	12.5161	1/bfs-first=11.7080;2/pfs3-first=13.4182	2/2
LIST_EXALL_400_ENTRIES_REPEAT10_TOTAL	387453.00	7.34	20448.00	0.23	18.9482	1/bfs-first=19.9632;2/pfs3-first=17.9365	2/2
LIST_EXNEXT_1000_ENTRIES_FIRST_PASS	158303.00	5.97	32268.00	3.03	4.9059	1/bfs-first=5.0059;2/pfs3-first=4.8015	1/2
LIST_EXNEXT_1000_ENTRIES_REPEAT10_TOTAL	1548920.50	5.51	294590.50	8.30	5.2579	1/bfs-first=5.1601;2/pfs3-first=5.3679	2/2
LIST_EXALL_1000_ENTRIES_FIRST_PASS	95551.00	4.93	9888.50	13.28	9.6628	1/bfs-first=9.1411;2/pfs3-first=10.2927	2/2
LIST_EXALL_1000_ENTRIES_REPEAT10_TOTAL	967034.00	10.35	56479.50	14.98	17.1219	1/bfs-first=16.6149;2/pfs3-first=17.7490	2/2

== Pilot compare, variant=cold (2 required runs; all phases and controls; no filtering)
phase	BFS_mean_us	BFS_CV_pct	PFS3_mean_us	PFS3_CV_pct	BFS_over_PFS3_mean	individual_BFS_over_PFS3_by_repeat_order	individual_ratios_over_5x
SMALL_CREATE_40	42976.00	45.39	17663.50	4.10	2.4330	1/bfs-first=3.3097;2/pfs3-first=1.6057	0/2
LOOKUP_400	79456.00	7.23	66144.00	1.03	1.2013	1/bfs-first=1.2536;2/pfs3-first=1.1481	0/2
SMALL_READ_40	20415.50	3.99	14911.50	12.13	1.3691	1/bfs-first=1.5398;2/pfs3-first=1.2254	0/2
LIST_EXNEXT_400	33055.50	8.63	12032.50	0.76	2.7472	1/bfs-first=2.8992;2/pfs3-first=2.5935	0/2
LIST_EXALL_400	9151.50	0.98	2720.00	11.65	3.3645	1/bfs-first=3.1301;2/pfs3-first=3.6410	0/2
SEQ_WRITE_8M	47263.00	13.88	42080.00	2.26	1.1232	1/bfs-first=1.2535;2/pfs3-first=0.9970	0/2
SEQ_READ_8M	296126.00	20.66	267422.50	0.32	1.1073	1/bfs-first=1.2662;2/pfs3-first=0.9477	0/2
SMALL_DELETE_40	17792.50	1.01	8193.50	5.51	2.1715	1/bfs-first=2.2758;2/pfs3-first=2.0751	0/2
APPEND_4K_1M	93918.50	5.25	33892.00	0.95	2.7711	1/bfs-first=2.8549;2/pfs3-first=2.6862	0/2
APPEND_1K_256K	62271.50	1.02	25316.00	5.92	2.4598	1/bfs-first=2.5856;2/pfs3-first=2.3440	0/2
APPEND_READ_1280K	53600.00	21.87	42592.00	1.59	1.2585	1/bfs-first=1.4368;2/pfs3-first=1.0760	0/2
LIST_EXNEXT_40_ENTRIES_FIRST_PASS	6751.50	2.02	2303.50	39.32	2.9310	1/bfs-first=4.0018;2/pfs3-first=2.3261	0/2
LIST_EXNEXT_40_ENTRIES_REPEAT10_TOTAL	55008.00	0.41	18016.50	42.45	3.0532	1/bfs-first=4.3756;2/pfs3-first=2.3414	0/2
LIST_EXALL_40_ENTRIES_FIRST_PASS	4608.00	5.89	1120.50	44.49	4.1124	1/bfs-first=3.2587;2/pfs3-first=5.7500	1/2
LIST_EXALL_40_ENTRIES_REPEAT10_TOTAL	30112.50	1.95	2688.50	10.07	11.2005	1/bfs-first=11.8931;2/pfs3-first=10.6000	2/2
LIST_EXNEXT_400_ENTRIES_FIRST_PASS	63328.00	12.22	14016.50	6.45	4.5181	1/bfs-first=5.1432;2/pfs3-first=3.9476	1/2
LIST_EXNEXT_400_ENTRIES_REPEAT10_TOTAL	565309.00	13.67	120605.50	6.12	4.6873	1/bfs-first=4.4255;2/pfs3-first=4.9273	0/2
LIST_EXALL_400_ENTRIES_FIRST_PASS	35328.00	5.38	2945.00	12.25	11.9959	1/bfs-first=13.6323;2/pfs3-first=10.6203	2/2
LIST_EXALL_400_ENTRIES_REPEAT10_TOTAL	306559.50	0.24	20544.00	0.44	14.9221	1/bfs-first=14.9437;2/pfs3-first=14.9006	2/2
LIST_EXNEXT_1000_ENTRIES_FIRST_PASS	160479.50	5.16	34271.50	11.75	4.6826	1/bfs-first=5.2934;2/pfs3-first=4.1655	1/2
LIST_EXNEXT_1000_ENTRIES_REPEAT10_TOTAL	1828182.50	0.55	308445.50	10.26	5.9271	1/bfs-first=6.3656;2/pfs3-first=5.5479	2/2
LIST_EXALL_1000_ENTRIES_FIRST_PASS	122751.00	22.78	6624.50	4.79	18.5299	1/bfs-first=22.2698;2/pfs3-first=15.0350	2/2
LIST_EXALL_1000_ENTRIES_REPEAT10_TOTAL	937115.50	0.15	50975.50	2.75	18.3836	1/bfs-first=18.0516;2/pfs3-first=18.7288	2/2

== Paired cold/M5 timings, family=pilot; ratio=cold/M5
Every same-repeat, same-order pair is included for BFS and PFS3.
phase	filesystem	repeat/order	M5_us	cold_us	cold_over_M5
SMALL_CREATE_40	BFS	1/bfs-first	30144	56768	1.8832
SMALL_CREATE_40	BFS	2/pfs3-first	30911	29184	0.9441
SMALL_CREATE_40	PFS3	1/bfs-first	19648	17152	0.8730
SMALL_CREATE_40	PFS3	2/pfs3-first	16511	18175	1.1008
LOOKUP_400	BFS	1/bfs-first	83391	83520	1.0015
LOOKUP_400	BFS	2/pfs3-first	74751	75392	1.0086
LOOKUP_400	PFS3	1/bfs-first	84160	66624	0.7916
LOOKUP_400	PFS3	2/pfs3-first	65663	65664	1.0000
SMALL_READ_40	BFS	1/bfs-first	20800	20991	1.0092
SMALL_READ_40	BFS	2/pfs3-first	21759	19840	0.9118
SMALL_READ_40	PFS3	1/bfs-first	14975	13632	0.9103
SMALL_READ_40	PFS3	2/pfs3-first	14016	16191	1.1552
LIST_EXNEXT_400	BFS	1/bfs-first	30848	35072	1.1369
LIST_EXNEXT_400	BFS	2/pfs3-first	30273	31039	1.0253
LIST_EXNEXT_400	PFS3	1/bfs-first	12480	12097	0.9693
LIST_EXNEXT_400	PFS3	2/pfs3-first	11905	11968	1.0053
LIST_EXALL_400	BFS	1/bfs-first	11199	9215	0.8228
LIST_EXALL_400	BFS	2/pfs3-first	9088	9088	1.0000
LIST_EXALL_400	PFS3	1/bfs-first	2625	2944	1.1215
LIST_EXALL_400	PFS3	2/pfs3-first	2432	2496	1.0263
SEQ_WRITE_8M	BFS	1/bfs-first	52288	51903	0.9926
SEQ_WRITE_8M	BFS	2/pfs3-first	41857	42623	1.0183
SEQ_WRITE_8M	PFS3	1/bfs-first	42432	41407	0.9758
SEQ_WRITE_8M	PFS3	2/pfs3-first	39935	42753	1.0706
SEQ_READ_8M	BFS	1/bfs-first	279870	339389	1.2127
SEQ_READ_8M	BFS	2/pfs3-first	267839	252863	0.9441
SEQ_READ_8M	PFS3	1/bfs-first	349375	268030	0.7672
SEQ_READ_8M	PFS3	2/pfs3-first	264300	266815	1.0095
SMALL_DELETE_40	BFS	1/bfs-first	17344	17920	1.0332
SMALL_DELETE_40	BFS	2/pfs3-first	17407	17665	1.0148
SMALL_DELETE_40	PFS3	1/bfs-first	9023	7874	0.8727
SMALL_DELETE_40	PFS3	2/pfs3-first	8000	8513	1.0641
APPEND_4K_1M	BFS	1/bfs-first	129473	97406	0.7523
APPEND_4K_1M	BFS	2/pfs3-first	73919	90431	1.2234
APPEND_4K_1M	PFS3	1/bfs-first	45056	34119	0.7573
APPEND_4K_1M	PFS3	2/pfs3-first	35265	33665	0.9546
APPEND_1K_256K	BFS	1/bfs-first	73088	62720	0.8581
APPEND_1K_256K	BFS	2/pfs3-first	61805	61823	1.0003
APPEND_1K_256K	PFS3	1/bfs-first	30592	24257	0.7929
APPEND_1K_256K	PFS3	2/pfs3-first	24319	26375	1.0845
APPEND_READ_1280K	BFS	1/bfs-first	44928	61888	1.3775
APPEND_READ_1280K	BFS	2/pfs3-first	42432	45312	1.0679
APPEND_READ_1280K	PFS3	1/bfs-first	43265	43072	0.9955
APPEND_READ_1280K	PFS3	2/pfs3-first	41600	42112	1.0123
LIST_EXNEXT_40_ENTRIES_FIRST_PASS	BFS	1/bfs-first	6335	6655	1.0505
LIST_EXNEXT_40_ENTRIES_FIRST_PASS	BFS	2/pfs3-first	6848	6848	1.0000
LIST_EXNEXT_40_ENTRIES_FIRST_PASS	PFS3	1/bfs-first	1665	1663	0.9988
LIST_EXNEXT_40_ENTRIES_FIRST_PASS	PFS3	2/pfs3-first	2560	2944	1.1500
LIST_EXNEXT_40_ENTRIES_REPEAT10_TOTAL	BFS	1/bfs-first	32128	55168	1.7171
LIST_EXNEXT_40_ENTRIES_REPEAT10_TOTAL	BFS	2/pfs3-first	31616	54848	1.7348
LIST_EXNEXT_40_ENTRIES_REPEAT10_TOTAL	PFS3	1/bfs-first	12415	12608	1.0155
LIST_EXNEXT_40_ENTRIES_REPEAT10_TOTAL	PFS3	2/pfs3-first	11712	23425	2.0001
LIST_EXALL_40_ENTRIES_FIRST_PASS	BFS	1/bfs-first	4159	4800	1.1541
LIST_EXALL_40_ENTRIES_FIRST_PASS	BFS	2/pfs3-first	3584	4416	1.2321
LIST_EXALL_40_ENTRIES_FIRST_PASS	PFS3	1/bfs-first	640	1473	2.3016
LIST_EXALL_40_ENTRIES_FIRST_PASS	PFS3	2/pfs3-first	576	768	1.3333
LIST_EXALL_40_ENTRIES_REPEAT10_TOTAL	BFS	1/bfs-first	10112	29697	2.9368
LIST_EXALL_40_ENTRIES_REPEAT10_TOTAL	BFS	2/pfs3-first	9407	30528	3.2452
LIST_EXALL_40_ENTRIES_REPEAT10_TOTAL	PFS3	1/bfs-first	2753	2497	0.9070
LIST_EXALL_40_ENTRIES_REPEAT10_TOTAL	PFS3	2/pfs3-first	2477	2880	1.1627
LIST_EXNEXT_400_ENTRIES_FIRST_PASS	BFS	1/bfs-first	56128	68800	1.2258
LIST_EXNEXT_400_ENTRIES_FIRST_PASS	BFS	2/pfs3-first	55808	57856	1.0367
LIST_EXNEXT_400_ENTRIES_FIRST_PASS	PFS3	1/bfs-first	12800	13377	1.0451
LIST_EXNEXT_400_ENTRIES_FIRST_PASS	PFS3	2/pfs3-first	13312	14656	1.1010
LIST_EXNEXT_400_ENTRIES_REPEAT10_TOTAL	BFS	1/bfs-first	644731	510654	0.7920
LIST_EXNEXT_400_ENTRIES_REPEAT10_TOTAL	BFS	2/pfs3-first	576700	619964	1.0750
LIST_EXNEXT_400_ENTRIES_REPEAT10_TOTAL	PFS3	1/bfs-first	113856	115389	1.0135
LIST_EXNEXT_400_ENTRIES_REPEAT10_TOTAL	PFS3	2/pfs3-first	112384	125822	1.1196
LIST_EXALL_400_ENTRIES_FIRST_PASS	BFS	1/bfs-first	35967	36671	1.0196
LIST_EXALL_400_ENTRIES_FIRST_PASS	BFS	2/pfs3-first	36927	33985	0.9203
LIST_EXALL_400_ENTRIES_FIRST_PASS	PFS3	1/bfs-first	3072	2690	0.8757
LIST_EXALL_400_ENTRIES_FIRST_PASS	PFS3	2/pfs3-first	2752	3200	1.1628
LIST_EXALL_400_ENTRIES_REPEAT10_TOTAL	BFS	1/bfs-first	407549	306048	0.7509
LIST_EXALL_400_ENTRIES_REPEAT10_TOTAL	BFS	2/pfs3-first	367357	307071	0.8359
LIST_EXALL_400_ENTRIES_REPEAT10_TOTAL	PFS3	1/bfs-first	20415	20480	1.0032
LIST_EXALL_400_ENTRIES_REPEAT10_TOTAL	PFS3	2/pfs3-first	20481	20608	1.0062
LIST_EXNEXT_1000_ENTRIES_FIRST_PASS	BFS	1/bfs-first	164990	166336	1.0082
LIST_EXNEXT_1000_ENTRIES_FIRST_PASS	BFS	2/pfs3-first	151616	154623	1.0198
LIST_EXNEXT_1000_ENTRIES_FIRST_PASS	PFS3	1/bfs-first	32959	31423	0.9534
LIST_EXNEXT_1000_ENTRIES_FIRST_PASS	PFS3	2/pfs3-first	31577	37120	1.1755
LIST_EXNEXT_1000_ENTRIES_REPEAT10_TOTAL	BFS	1/bfs-first	1609273	1821047	1.1316
LIST_EXNEXT_1000_ENTRIES_REPEAT10_TOTAL	BFS	2/pfs3-first	1488568	1835318	1.2329
LIST_EXNEXT_1000_ENTRIES_REPEAT10_TOTAL	PFS3	1/bfs-first	311871	286078	0.9173
LIST_EXNEXT_1000_ENTRIES_REPEAT10_TOTAL	PFS3	2/pfs3-first	277310	330813	1.1929
LIST_EXALL_1000_ENTRIES_FIRST_PASS	BFS	1/bfs-first	98879	142527	1.4414
LIST_EXALL_1000_ENTRIES_FIRST_PASS	BFS	2/pfs3-first	92223	102975	1.1166
LIST_EXALL_1000_ENTRIES_FIRST_PASS	PFS3	1/bfs-first	10817	6400	0.5917
LIST_EXALL_1000_ENTRIES_FIRST_PASS	PFS3	2/pfs3-first	8960	6849	0.7644
LIST_EXALL_1000_ENTRIES_REPEAT10_TOTAL	BFS	1/bfs-first	1037817	938108	0.9039
LIST_EXALL_1000_ENTRIES_REPEAT10_TOTAL	BFS	2/pfs3-first	896251	936123	1.0445
LIST_EXALL_1000_ENTRIES_REPEAT10_TOTAL	PFS3	1/bfs-first	62463	51968	0.8320
LIST_EXALL_1000_ENTRIES_REPEAT10_TOTAL	PFS3	2/pfs3-first	50496	49983	0.9898

Paired cold/M5 aggregate across all repeats.
phase	filesystem	cold_over_M5_min	cold_over_M5_median	cold_over_M5_max	cold_slower_pairs
SMALL_CREATE_40	BFS	0.9441	1.4137	1.8832	1/2
SMALL_CREATE_40	PFS3	0.8730	0.9869	1.1008	1/2
LOOKUP_400	BFS	1.0015	1.0051	1.0086	2/2
LOOKUP_400	PFS3	0.7916	0.8958	1.0000	1/2
SMALL_READ_40	BFS	0.9118	0.9605	1.0092	1/2
SMALL_READ_40	PFS3	0.9103	1.0327	1.1552	1/2
LIST_EXNEXT_400	BFS	1.0253	1.0811	1.1369	2/2
LIST_EXNEXT_400	PFS3	0.9693	0.9873	1.0053	1/2
LIST_EXALL_400	BFS	0.8228	0.9114	1.0000	0/2
LIST_EXALL_400	PFS3	1.0263	1.0739	1.1215	2/2
SEQ_WRITE_8M	BFS	0.9926	1.0055	1.0183	1/2
SEQ_WRITE_8M	PFS3	0.9758	1.0232	1.0706	1/2
SEQ_READ_8M	BFS	0.9441	1.0784	1.2127	1/2
SEQ_READ_8M	PFS3	0.7672	0.8883	1.0095	1/2
SMALL_DELETE_40	BFS	1.0148	1.0240	1.0332	2/2
SMALL_DELETE_40	PFS3	0.8727	0.9684	1.0641	1/2
APPEND_4K_1M	BFS	0.7523	0.9879	1.2234	1/2
APPEND_4K_1M	PFS3	0.7573	0.8559	0.9546	0/2
APPEND_1K_256K	BFS	0.8581	0.9292	1.0003	1/2
APPEND_1K_256K	PFS3	0.7929	0.9387	1.0845	1/2
APPEND_READ_1280K	BFS	1.0679	1.2227	1.3775	2/2
APPEND_READ_1280K	PFS3	0.9955	1.0039	1.0123	1/2
LIST_EXNEXT_40_ENTRIES_FIRST_PASS	BFS	1.0000	1.0253	1.0505	1/2
LIST_EXNEXT_40_ENTRIES_FIRST_PASS	PFS3	0.9988	1.0744	1.1500	1/2
LIST_EXNEXT_40_ENTRIES_REPEAT10_TOTAL	BFS	1.7171	1.7260	1.7348	2/2
LIST_EXNEXT_40_ENTRIES_REPEAT10_TOTAL	PFS3	1.0155	1.5078	2.0001	2/2
LIST_EXALL_40_ENTRIES_FIRST_PASS	BFS	1.1541	1.1931	1.2321	2/2
LIST_EXALL_40_ENTRIES_FIRST_PASS	PFS3	1.3333	1.8174	2.3016	2/2
LIST_EXALL_40_ENTRIES_REPEAT10_TOTAL	BFS	2.9368	3.0910	3.2452	2/2
LIST_EXALL_40_ENTRIES_REPEAT10_TOTAL	PFS3	0.9070	1.0349	1.1627	1/2
LIST_EXNEXT_400_ENTRIES_FIRST_PASS	BFS	1.0367	1.1312	1.2258	2/2
LIST_EXNEXT_400_ENTRIES_FIRST_PASS	PFS3	1.0451	1.0730	1.1010	2/2
LIST_EXNEXT_400_ENTRIES_REPEAT10_TOTAL	BFS	0.7920	0.9335	1.0750	1/2
LIST_EXNEXT_400_ENTRIES_REPEAT10_TOTAL	PFS3	1.0135	1.0665	1.1196	2/2
LIST_EXALL_400_ENTRIES_FIRST_PASS	BFS	0.9203	0.9700	1.0196	1/2
LIST_EXALL_400_ENTRIES_FIRST_PASS	PFS3	0.8757	1.0192	1.1628	1/2
LIST_EXALL_400_ENTRIES_REPEAT10_TOTAL	BFS	0.7509	0.7934	0.8359	0/2
LIST_EXALL_400_ENTRIES_REPEAT10_TOTAL	PFS3	1.0032	1.0047	1.0062	2/2
LIST_EXNEXT_1000_ENTRIES_FIRST_PASS	BFS	1.0082	1.0140	1.0198	2/2
LIST_EXNEXT_1000_ENTRIES_FIRST_PASS	PFS3	0.9534	1.0645	1.1755	1/2
LIST_EXNEXT_1000_ENTRIES_REPEAT10_TOTAL	BFS	1.1316	1.1823	1.2329	2/2
LIST_EXNEXT_1000_ENTRIES_REPEAT10_TOTAL	PFS3	0.9173	1.0551	1.1929	1/2
LIST_EXALL_1000_ENTRIES_FIRST_PASS	BFS	1.1166	1.2790	1.4414	2/2
LIST_EXALL_1000_ENTRIES_FIRST_PASS	PFS3	0.5917	0.6780	0.7644	0/2
LIST_EXALL_1000_ENTRIES_REPEAT10_TOTAL	BFS	0.9039	0.9742	1.0445	1/2
LIST_EXALL_1000_ENTRIES_REPEAT10_TOTAL	PFS3	0.8320	0.9109	0.9898	0/2

PILOT-ONLY RESULT: all four normal-schema pilot runs verified; NOT FULL QUALIFICATION.
