=== BFS vs PFS3 Benchmark (FS-UAE 68040) ===
Evidence directory: /home/fabian/.cache/bfs-performance/metadata-2026-10-08.QvzB5w/build/benchmark/metadata-v4-c8-20261008-m2-3-bfs-first
Mode: compare
Timeout: 600s


=== Machine Info ===
# Machine Info
Kickstart 47.102, Workbench 47.2
System: 68040 68040/060-FPU   (INST: Cache Burst) (DATA: NoCache NoBurst)
Type  Available    In-Use   Maximum   Largest
chip    2028040     52728   2080768   2027968
fast    7690976    697632   8388608   7685936
total   9719016    750360  10469376   7685936


Mounted disks:
Unit      Size       Used       Free Full Errs   Status   Name
DF0       No disk present
DH0      4095M    4194304    4194303  50%   0  Read/Write System
DH1       255M         36      65372   0%   0  Read/Write BFSTest
DH2       Not a DOS disk

Volumes available:
BFSTest [Mounted]
System [Mounted]

=== BFS Results ===
FS_COMPARE_BENCH	4
DRIVE	DH1:
SMALL_CREATE_40_US	32193
LOOKUP_400_US	76672
SMALL_READ_40_US	18817
LIST_EXNEXT_400_US	31359
LIST_EXALL_400_US	8320
SEQ_WRITE_8M_US	37676
SEQ_READ_8M_US	262207
SMALL_DELETE_40_US	17088
APPEND_4K_1M_US	73214
APPEND_1K_256K_US	61632
APPEND_READ_1280K_US	41340
LIST_EXNEXT_40_ENTRIES_FIRST_PASS_US	6080
LIST_EXNEXT_40_ENTRIES_REPEAT10_TOTAL_US	32320
LIST_EXALL_40_ENTRIES_FIRST_PASS_US	3841
LIST_EXALL_40_ENTRIES_REPEAT10_TOTAL_US	8960
LIST_EXNEXT_400_ENTRIES_FIRST_PASS_US	61440
LIST_EXNEXT_400_ENTRIES_REPEAT10_TOTAL_US	615804
LIST_EXALL_400_ENTRIES_FIRST_PASS_US	62913
LIST_EXALL_400_ENTRIES_REPEAT10_TOTAL_US	398589
LIST_EXNEXT_1000_ENTRIES_FIRST_PASS_US	155007
LIST_EXNEXT_1000_ENTRIES_REPEAT10_TOTAL_US	1704501
LIST_EXALL_1000_ENTRIES_FIRST_PASS_US	99328
LIST_EXALL_1000_ENTRIES_REPEAT10_TOTAL_US	1015675
PASS	1

=== PFS3 Results ===
FS_COMPARE_BENCH	4
DRIVE	DH2:
SMALL_CREATE_40_US	16831
LOOKUP_400_US	70080
SMALL_READ_40_US	14080
LIST_EXNEXT_400_US	12159
LIST_EXALL_400_US	2495
SEQ_WRITE_8M_US	38913
SEQ_READ_8M_US	251007
SMALL_DELETE_40_US	7808
APPEND_4K_1M_US	32065
APPEND_1K_256K_US	24640
APPEND_READ_1280K_US	40128
LIST_EXNEXT_40_ENTRIES_FIRST_PASS_US	1535
LIST_EXNEXT_40_ENTRIES_REPEAT10_TOTAL_US	12034
LIST_EXALL_40_ENTRIES_FIRST_PASS_US	705
LIST_EXALL_40_ENTRIES_REPEAT10_TOTAL_US	2560
LIST_EXNEXT_400_ENTRIES_FIRST_PASS_US	12289
LIST_EXNEXT_400_ENTRIES_REPEAT10_TOTAL_US	114878
LIST_EXALL_400_ENTRIES_FIRST_PASS_US	2688
LIST_EXALL_400_ENTRIES_REPEAT10_TOTAL_US	20672
LIST_EXNEXT_1000_ENTRIES_FIRST_PASS_US	31360
LIST_EXNEXT_1000_ENTRIES_REPEAT10_TOTAL_US	285502
LIST_EXALL_1000_ENTRIES_FIRST_PASS_US	6208
LIST_EXALL_1000_ENTRIES_REPEAT10_TOTAL_US	49920
PASS	1
PASS: requested mounted-volume workload outputs are complete and data-checked
