=== BFS vs PFS3 Benchmark (FS-UAE 68040) ===
Evidence directory: /home/fabian/.cache/bfs-performance/listing-upgrade-2026-10-08.29qKRc/build/benchmark/leaf-range-normal-20261008-range-5-bfs-first
Mode: compare
Timeout: 600s


=== Machine Info ===
# Machine Info
Kickstart 47.102, Workbench 47.2
System: 68040 68040/060-FPU   (INST: Cache Burst) (DATA: NoCache NoBurst)
Type  Available    In-Use   Maximum   Largest
chip    2028040     52728   2080768   2027968
fast    7687256    701352   8388608   7682200
total   9715296    754080  10469376   7682200


Mounted disks:
Unit      Size       Used       Free Full Errs   Status   Name
DF0       No disk present
DH0      4095M    4194304    4194303  50%   0  Read/Write System
DH1       255M         36      65372   0%   0  Read/Write BFSTest
DH2       Not a DOS disk

Volumes available:
BFSTest [Mounted]
System [Mounted]

=== BFS Results ===
FS_COMPARE_BENCH	4
DRIVE	DH1:
SMALL_CREATE_40_US	29440
LOOKUP_400_US	76607
SMALL_READ_40_US	20160
LIST_EXNEXT_400_US	30655
LIST_EXALL_400_US	9087
SEQ_WRITE_8M_US	35840
SEQ_READ_8M_US	281727
SMALL_DELETE_40_US	17728
APPEND_4K_1M_US	79612
APPEND_1K_256K_US	59903
APPEND_READ_1280K_US	47039
LIST_EXNEXT_40_ENTRIES_FIRST_PASS_US	6335
LIST_EXNEXT_40_ENTRIES_REPEAT10_TOTAL_US	31871
LIST_EXALL_40_ENTRIES_FIRST_PASS_US	5695
LIST_EXALL_40_ENTRIES_REPEAT10_TOTAL_US	12160
LIST_EXNEXT_400_ENTRIES_FIRST_PASS_US	70079
LIST_EXNEXT_400_ENTRIES_REPEAT10_TOTAL_US	575805
LIST_EXALL_400_ENTRIES_FIRST_PASS_US	35010
LIST_EXALL_400_ENTRIES_REPEAT10_TOTAL_US	431357
LIST_EXNEXT_1000_ENTRIES_FIRST_PASS_US	172670
LIST_EXNEXT_1000_ENTRIES_REPEAT10_TOTAL_US	1573048
LIST_EXALL_1000_ENTRIES_FIRST_PASS_US	86593
LIST_EXALL_1000_ENTRIES_REPEAT10_TOTAL_US	893307
PASS	1

=== PFS3 Results ===
FS_COMPARE_BENCH	4
DRIVE	DH2:
SMALL_CREATE_40_US	16769
LOOKUP_400_US	67008
SMALL_READ_40_US	13504
LIST_EXNEXT_400_US	12288
LIST_EXALL_400_US	2497
SEQ_WRITE_8M_US	40767
SEQ_READ_8M_US	263485
SMALL_DELETE_40_US	7872
APPEND_4K_1M_US	31935
APPEND_1K_256K_US	30015
APPEND_READ_1280K_US	59588
LIST_EXNEXT_40_ENTRIES_FIRST_PASS_US	2622
LIST_EXNEXT_40_ENTRIES_REPEAT10_TOTAL_US	14271
LIST_EXALL_40_ENTRIES_FIRST_PASS_US	575
LIST_EXALL_40_ENTRIES_REPEAT10_TOTAL_US	2560
LIST_EXNEXT_400_ENTRIES_FIRST_PASS_US	13823
LIST_EXNEXT_400_ENTRIES_REPEAT10_TOTAL_US	115839
LIST_EXALL_400_ENTRIES_FIRST_PASS_US	2753
LIST_EXALL_400_ENTRIES_REPEAT10_TOTAL_US	20928
LIST_EXNEXT_1000_ENTRIES_FIRST_PASS_US	33280
LIST_EXNEXT_1000_ENTRIES_REPEAT10_TOTAL_US	370495
LIST_EXALL_1000_ENTRIES_FIRST_PASS_US	8064
LIST_EXALL_1000_ENTRIES_REPEAT10_TOTAL_US	74942
PASS	1
PASS: requested mounted-volume workload outputs are complete and data-checked
