=== BFS vs PFS3 Benchmark (FS-UAE 68040) ===
Evidence directory: /home/fabian/.cache/bfs-performance/prodcodegen-pilot-2026-10-10.rjXGlO/results/prodcodegen-5-bfs-first-candidate
Mode: compare
Timeout: 600s


=== Machine Info ===
# Machine Info
Kickstart 47.102, Workbench 47.2
System: 68040 68040/060-FPU   (INST: Cache Burst) (DATA: NoCache NoBurst)
Type  Available    In-Use   Maximum   Largest
chip    2028040     52728   2080768   2027968
fast    7534464    854144   8388608   7529392
total   9562504    906872  10469376   7529392


Mounted disks:
Unit      Size       Used       Free Full Errs   Status   Name
DF0       No disk present
DH0      4095M    4194304    4194303  50%   0  Read/Write System
DH1       255M         36      65372   0%   0  Read/Write BFSTest
DH2       Not a DOS disk

Volumes available:
BFSTest [Mounted]
System [Mounted]

=== BFS Results ===
FS_COMPARE_BENCH	4
DRIVE	DH1:
SMALL_CREATE_40_US	34048
LOOKUP_400_US	59903
SMALL_READ_40_US	17600
LIST_EXNEXT_400_US	28032
LIST_EXALL_400_US	7935
SEQ_WRITE_8M_US	36544
SEQ_READ_8M_US	259582
SMALL_DELETE_40_US	13568
APPEND_4K_1M_US	71743
APPEND_1K_256K_US	57599
APPEND_READ_1280K_US	44672
LIST_EXNEXT_40_ENTRIES_FIRST_PASS_US	4223
LIST_EXNEXT_40_ENTRIES_REPEAT10_TOTAL_US	29246
LIST_EXALL_40_ENTRIES_FIRST_PASS_US	1729
LIST_EXALL_40_ENTRIES_REPEAT10_TOTAL_US	8257
LIST_EXNEXT_400_ENTRIES_FIRST_PASS_US	37439
LIST_EXNEXT_400_ENTRIES_REPEAT10_TOTAL_US	292607
LIST_EXALL_400_ENTRIES_FIRST_PASS_US	16383
LIST_EXALL_400_ENTRIES_REPEAT10_TOTAL_US	78464
LIST_EXNEXT_1000_ENTRIES_FIRST_PASS_US	92288
LIST_EXNEXT_1000_ENTRIES_REPEAT10_TOTAL_US	723901
LIST_EXALL_1000_ENTRIES_FIRST_PASS_US	38592
LIST_EXALL_1000_ENTRIES_REPEAT10_TOTAL_US	190079
PASS	1

=== PFS3 Results ===
FS_COMPARE_BENCH	4
DRIVE	DH2:
SMALL_CREATE_40_US	16448
LOOKUP_400_US	65201
SMALL_READ_40_US	14016
LIST_EXNEXT_400_US	11968
LIST_EXALL_400_US	2497
SEQ_WRITE_8M_US	48959
SEQ_READ_8M_US	263276
SMALL_DELETE_40_US	7935
APPEND_4K_1M_US	32191
APPEND_1K_256K_US	22913
APPEND_READ_1280K_US	42623
LIST_EXNEXT_40_ENTRIES_FIRST_PASS_US	1792
LIST_EXNEXT_40_ENTRIES_REPEAT10_TOTAL_US	11903
LIST_EXALL_40_ENTRIES_FIRST_PASS_US	576
LIST_EXALL_40_ENTRIES_REPEAT10_TOTAL_US	2496
LIST_EXNEXT_400_ENTRIES_FIRST_PASS_US	12479
LIST_EXNEXT_400_ENTRIES_REPEAT10_TOTAL_US	111168
LIST_EXALL_400_ENTRIES_FIRST_PASS_US	2880
LIST_EXALL_400_ENTRIES_REPEAT10_TOTAL_US	20288
LIST_EXNEXT_1000_ENTRIES_FIRST_PASS_US	31423
LIST_EXNEXT_1000_ENTRIES_REPEAT10_TOTAL_US	280956
LIST_EXALL_1000_ENTRIES_FIRST_PASS_US	6528
LIST_EXALL_1000_ENTRIES_REPEAT10_TOTAL_US	49602
PASS	1
PASS: requested mounted-volume workload outputs are complete and data-checked
