=== BFS vs PFS3 Benchmark (FS-UAE 68040) ===
Evidence directory: /home/fabian/.cache/bfs-performance/exact-fastpath-2026-10-09.hdq3J0/build/benchmark/exact-key-normal-20261009-fast-8-pfs3-first
Mode: compare
Timeout: 600s


=== Machine Info ===
# Machine Info
Kickstart 47.102, Workbench 47.2
System: 68040 68040/060-FPU   (INST: Cache Burst) (DATA: NoCache NoBurst)
Type  Available    In-Use   Maximum   Largest
chip    2028040     52728   2080768   2027968
fast    7687320    701288   8388608   7682264
total   9715360    754016  10469376   7682264


Mounted disks:
Unit      Size       Used       Free Full Errs   Status   Name
DF0       No disk present
DH0      4095M    4194304    4194303  50%   0  Read/Write System
DH1       255M         36      65372   0%   0  Read/Write BFSTest
DH2       Not a DOS disk

Volumes available:
BFSTest [Mounted]
System [Mounted]

=== BFS Results ===
FS_COMPARE_BENCH	4
DRIVE	DH1:
SMALL_CREATE_40_US	29823
LOOKUP_400_US	75648
SMALL_READ_40_US	20735
LIST_EXNEXT_400_US	30400
LIST_EXALL_400_US	8512
SEQ_WRITE_8M_US	39615
SEQ_READ_8M_US	276606
SMALL_DELETE_40_US	17537
APPEND_4K_1M_US	75840
APPEND_1K_256K_US	61632
APPEND_READ_1280K_US	43648
LIST_EXNEXT_40_ENTRIES_FIRST_PASS_US	6528
LIST_EXNEXT_40_ENTRIES_REPEAT10_TOTAL_US	38079
LIST_EXALL_40_ENTRIES_FIRST_PASS_US	4927
LIST_EXALL_40_ENTRIES_REPEAT10_TOTAL_US	9472
LIST_EXNEXT_400_ENTRIES_FIRST_PASS_US	59583
LIST_EXNEXT_400_ENTRIES_REPEAT10_TOTAL_US	585790
LIST_EXALL_400_ENTRIES_FIRST_PASS_US	36608
LIST_EXALL_400_ENTRIES_REPEAT10_TOTAL_US	343355
LIST_EXNEXT_1000_ENTRIES_FIRST_PASS_US	151873
LIST_EXNEXT_1000_ENTRIES_REPEAT10_TOTAL_US	1607031
LIST_EXALL_1000_ENTRIES_FIRST_PASS_US	111808
LIST_EXALL_1000_ENTRIES_REPEAT10_TOTAL_US	890555
PASS	1

=== PFS3 Results ===
FS_COMPARE_BENCH	4
DRIVE	DH2:
SMALL_CREATE_40_US	20095
LOOKUP_400_US	66752
SMALL_READ_40_US	14514
LIST_EXNEXT_400_US	12353
LIST_EXALL_400_US	2497
SEQ_WRITE_8M_US	41151
SEQ_READ_8M_US	265215
SMALL_DELETE_40_US	8191
APPEND_4K_1M_US	32704
APPEND_1K_256K_US	23488
APPEND_READ_1280K_US	42755
LIST_EXNEXT_40_ENTRIES_FIRST_PASS_US	1664
LIST_EXNEXT_40_ENTRIES_REPEAT10_TOTAL_US	16256
LIST_EXALL_40_ENTRIES_FIRST_PASS_US	640
LIST_EXALL_40_ENTRIES_REPEAT10_TOTAL_US	2495
LIST_EXNEXT_400_ENTRIES_FIRST_PASS_US	12927
LIST_EXNEXT_400_ENTRIES_REPEAT10_TOTAL_US	128639
LIST_EXALL_400_ENTRIES_FIRST_PASS_US	4737
LIST_EXALL_400_ENTRIES_REPEAT10_TOTAL_US	30912
LIST_EXNEXT_1000_ENTRIES_FIRST_PASS_US	32831
LIST_EXNEXT_1000_ENTRIES_REPEAT10_TOTAL_US	321387
LIST_EXALL_1000_ENTRIES_FIRST_PASS_US	6525
LIST_EXALL_1000_ENTRIES_REPEAT10_TOTAL_US	50176
PASS	1
PASS: requested mounted-volume workload outputs are complete and data-checked
