=== BFS vs PFS3 Benchmark (FS-UAE 68040) ===
Evidence directory: /home/fabian/.cache/bfs-performance/status-2026-10-10.NvWrOR/results/status-8-pfs3-first-base
Mode: compare
Timeout: 600s


=== Machine Info ===
# Machine Info
Kickstart 47.102, Workbench 47.2
System: 68040 68040/060-FPU   (INST: Cache Burst) (DATA: NoCache NoBurst)
Type  Available    In-Use   Maximum   Largest
chip    2028040     52728   2080768   2027968
fast    7533080    855528   8388608   7528008
total   9561120    908256  10469376   7528008


Mounted disks:
Unit      Size       Used       Free Full Errs   Status   Name
DF0       No disk present
DH0      4095M    4194304    4194303  50%   0  Read/Write System
DH1       255M         36      65372   0%   0  Read/Write BFSTest
DH2       Not a DOS disk

Volumes available:
BFSTest [Mounted]
System [Mounted]

=== BFS Results ===
FS_COMPARE_BENCH	4
DRIVE	DH1:
SMALL_CREATE_40_US	30656
LOOKUP_400_US	61823
SMALL_READ_40_US	18880
LIST_EXNEXT_400_US	28224
LIST_EXALL_400_US	8000
SEQ_WRITE_8M_US	34688
SEQ_READ_8M_US	274750
SMALL_DELETE_40_US	14656
APPEND_4K_1M_US	67712
APPEND_1K_256K_US	57408
APPEND_READ_1280K_US	44681
LIST_EXNEXT_40_ENTRIES_FIRST_PASS_US	4544
LIST_EXNEXT_40_ENTRIES_REPEAT10_TOTAL_US	29695
LIST_EXALL_40_ENTRIES_FIRST_PASS_US	1919
LIST_EXALL_40_ENTRIES_REPEAT10_TOTAL_US	8767
LIST_EXNEXT_400_ENTRIES_FIRST_PASS_US	38976
LIST_EXNEXT_400_ENTRIES_REPEAT10_TOTAL_US	306814
LIST_EXALL_400_ENTRIES_FIRST_PASS_US	15615
LIST_EXALL_400_ENTRIES_REPEAT10_TOTAL_US	84608
LIST_EXNEXT_1000_ENTRIES_FIRST_PASS_US	123391
LIST_EXNEXT_1000_ENTRIES_REPEAT10_TOTAL_US	764475
LIST_EXALL_1000_ENTRIES_FIRST_PASS_US	40511
LIST_EXALL_1000_ENTRIES_REPEAT10_TOTAL_US	204479
PASS	1

=== PFS3 Results ===
FS_COMPARE_BENCH	4
DRIVE	DH2:
SMALL_CREATE_40_US	16319
LOOKUP_400_US	66431
SMALL_READ_40_US	13709
LIST_EXNEXT_400_US	11968
LIST_EXALL_400_US	2369
SEQ_WRITE_8M_US	38208
SEQ_READ_8M_US	266495
SMALL_DELETE_40_US	7808
APPEND_4K_1M_US	32383
APPEND_1K_256K_US	22975
APPEND_READ_1280K_US	40257
LIST_EXNEXT_40_ENTRIES_FIRST_PASS_US	1665
LIST_EXNEXT_40_ENTRIES_REPEAT10_TOTAL_US	12223
LIST_EXALL_40_ENTRIES_FIRST_PASS_US	512
LIST_EXALL_40_ENTRIES_REPEAT10_TOTAL_US	2495
LIST_EXNEXT_400_ENTRIES_FIRST_PASS_US	12798
LIST_EXNEXT_400_ENTRIES_REPEAT10_TOTAL_US	113791
LIST_EXALL_400_ENTRIES_FIRST_PASS_US	2777
LIST_EXALL_400_ENTRIES_REPEAT10_TOTAL_US	20480
LIST_EXNEXT_1000_ENTRIES_FIRST_PASS_US	31615
LIST_EXNEXT_1000_ENTRIES_REPEAT10_TOTAL_US	295293
LIST_EXALL_1000_ENTRIES_FIRST_PASS_US	6398
LIST_EXALL_1000_ENTRIES_REPEAT10_TOTAL_US	49921
PASS	1
PASS: requested mounted-volume workload outputs are complete and data-checked
