=== BFS vs PFS3 Benchmark (FS-UAE 68040) ===
Evidence directory: /home/fabian/.cache/bfs-performance/prodcodegen-pilot-2026-10-10.rjXGlO/results/prodcodegen-3-bfs-first-candidate
Mode: compare
Timeout: 600s


=== Machine Info ===
# Machine Info
Kickstart 47.102, Workbench 47.2
System: 68040 68040/060-FPU   (INST: Cache Burst) (DATA: NoCache NoBurst)
Type  Available    In-Use   Maximum   Largest
chip    2028040     52728   2080768   2027968
fast    7534464    854144   8388608   7529392
total   9562504    906872  10469376   7529392


Mounted disks:
Unit      Size       Used       Free Full Errs   Status   Name
DF0       No disk present
DH0      4095M    4194304    4194303  50%   0  Read/Write System
DH1       255M         36      65372   0%   0  Read/Write BFSTest
DH2       Not a DOS disk

Volumes available:
BFSTest [Mounted]
System [Mounted]

=== BFS Results ===
FS_COMPARE_BENCH	4
DRIVE	DH1:
SMALL_CREATE_40_US	29185
LOOKUP_400_US	59200
SMALL_READ_40_US	18368
LIST_EXNEXT_400_US	27968
LIST_EXALL_400_US	7680
SEQ_WRITE_8M_US	37503
SEQ_READ_8M_US	274367
SMALL_DELETE_40_US	13568
APPEND_4K_1M_US	68928
APPEND_1K_256K_US	57151
APPEND_READ_1280K_US	44480
LIST_EXNEXT_40_ENTRIES_FIRST_PASS_US	4351
LIST_EXNEXT_40_ENTRIES_REPEAT10_TOTAL_US	28543
LIST_EXALL_40_ENTRIES_FIRST_PASS_US	1728
LIST_EXALL_40_ENTRIES_REPEAT10_TOTAL_US	8447
LIST_EXNEXT_400_ENTRIES_FIRST_PASS_US	35904
LIST_EXNEXT_400_ENTRIES_REPEAT10_TOTAL_US	324030
LIST_EXALL_400_ENTRIES_FIRST_PASS_US	15743
LIST_EXALL_400_ENTRIES_REPEAT10_TOTAL_US	76224
LIST_EXNEXT_1000_ENTRIES_FIRST_PASS_US	92991
LIST_EXNEXT_1000_ENTRIES_REPEAT10_TOTAL_US	734141
LIST_EXALL_1000_ENTRIES_FIRST_PASS_US	45056
LIST_EXALL_1000_ENTRIES_REPEAT10_TOTAL_US	197630
PASS	1

=== PFS3 Results ===
FS_COMPARE_BENCH	4
DRIVE	DH2:
SMALL_CREATE_40_US	16961
LOOKUP_400_US	65537
SMALL_READ_40_US	14784
LIST_EXNEXT_400_US	11904
LIST_EXALL_400_US	2497
SEQ_WRITE_8M_US	39999
SEQ_READ_8M_US	272767
SMALL_DELETE_40_US	7743
APPEND_4K_1M_US	33542
APPEND_1K_256K_US	23551
APPEND_READ_1280K_US	39871
LIST_EXNEXT_40_ENTRIES_FIRST_PASS_US	1727
LIST_EXNEXT_40_ENTRIES_REPEAT10_TOTAL_US	12032
LIST_EXALL_40_ENTRIES_FIRST_PASS_US	575
LIST_EXALL_40_ENTRIES_REPEAT10_TOTAL_US	2880
LIST_EXNEXT_400_ENTRIES_FIRST_PASS_US	12927
LIST_EXNEXT_400_ENTRIES_REPEAT10_TOTAL_US	122367
LIST_EXALL_400_ENTRIES_FIRST_PASS_US	3969
LIST_EXALL_400_ENTRIES_REPEAT10_TOTAL_US	21633
LIST_EXNEXT_1000_ENTRIES_FIRST_PASS_US	32000
LIST_EXNEXT_1000_ENTRIES_REPEAT10_TOTAL_US	308094
LIST_EXALL_1000_ENTRIES_FIRST_PASS_US	6335
LIST_EXALL_1000_ENTRIES_REPEAT10_TOTAL_US	52926
PASS	1
PASS: requested mounted-volume workload outputs are complete and data-checked
