=== BFS vs PFS3 Benchmark (FS-UAE 68040) ===
Evidence directory: /home/fabian/.cache/bfs-performance/append-attr-2026-10-10.XtdDJw/results/append-prod-7-bfs-first-ref
Mode: compare
Timeout: 600s


=== Machine Info ===
# Machine Info
Kickstart 47.102, Workbench 47.2
System: 68040 68040/060-FPU   (INST: Cache Burst) (DATA: NoCache NoBurst)
Type  Available    In-Use   Maximum   Largest
chip    2028040     52728   2080768   2027968
fast    7532616    855992   8388608   7527544
total   9560656    908720  10469376   7527544


Mounted disks:
Unit      Size       Used       Free Full Errs   Status   Name
DF0       No disk present
DH0      4095M    4194304    4194303  50%   0  Read/Write System
DH1       255M         36      65372   0%   0  Read/Write BFSTest
DH2       Not a DOS disk

Volumes available:
BFSTest [Mounted]
System [Mounted]

=== BFS Results ===
FS_COMPARE_BENCH	4
DRIVE	DH1:
SMALL_CREATE_40_US	30144
LOOKUP_400_US	60351
SMALL_READ_40_US	18303
LIST_EXNEXT_400_US	28095
LIST_EXALL_400_US	7806
SEQ_WRITE_8M_US	29184
SEQ_READ_8M_US	267136
SMALL_DELETE_40_US	13888
APPEND_4K_1M_US	51648
APPEND_1K_256K_US	43135
APPEND_READ_1280K_US	44736
LIST_EXNEXT_40_ENTRIES_FIRST_PASS_US	4480
LIST_EXNEXT_40_ENTRIES_REPEAT10_TOTAL_US	30912
LIST_EXALL_40_ENTRIES_FIRST_PASS_US	2560
LIST_EXALL_40_ENTRIES_REPEAT10_TOTAL_US	13293
LIST_EXNEXT_400_ENTRIES_FIRST_PASS_US	41088
LIST_EXNEXT_400_ENTRIES_REPEAT10_TOTAL_US	287744
LIST_EXALL_400_ENTRIES_FIRST_PASS_US	16511
LIST_EXALL_400_ENTRIES_REPEAT10_TOTAL_US	77824
LIST_EXNEXT_1000_ENTRIES_FIRST_PASS_US	100798
LIST_EXNEXT_1000_ENTRIES_REPEAT10_TOTAL_US	727741
LIST_EXALL_1000_ENTRIES_FIRST_PASS_US	39423
LIST_EXALL_1000_ENTRIES_REPEAT10_TOTAL_US	205247
PASS	1

=== PFS3 Results ===
FS_COMPARE_BENCH	4
DRIVE	DH2:
SMALL_CREATE_40_US	16961
LOOKUP_400_US	68288
SMALL_READ_40_US	14209
LIST_EXNEXT_400_US	12033
LIST_EXALL_400_US	2560
SEQ_WRITE_8M_US	41152
SEQ_READ_8M_US	258046
SMALL_DELETE_40_US	7744
APPEND_4K_1M_US	33537
APPEND_1K_256K_US	28737
APPEND_READ_1280K_US	46271
LIST_EXNEXT_40_ENTRIES_FIRST_PASS_US	1640
LIST_EXNEXT_40_ENTRIES_REPEAT10_TOTAL_US	11968
LIST_EXALL_40_ENTRIES_FIRST_PASS_US	640
LIST_EXALL_40_ENTRIES_REPEAT10_TOTAL_US	2560
LIST_EXNEXT_400_ENTRIES_FIRST_PASS_US	12159
LIST_EXNEXT_400_ENTRIES_REPEAT10_TOTAL_US	113600
LIST_EXALL_400_ENTRIES_FIRST_PASS_US	2751
LIST_EXALL_400_ENTRIES_REPEAT10_TOTAL_US	20543
LIST_EXNEXT_1000_ENTRIES_FIRST_PASS_US	30528
LIST_EXNEXT_1000_ENTRIES_REPEAT10_TOTAL_US	282045
LIST_EXALL_1000_ENTRIES_FIRST_PASS_US	6143
LIST_EXALL_1000_ENTRIES_REPEAT10_TOTAL_US	50879
PASS	1
PASS: requested mounted-volume workload outputs are complete and data-checked
