=== BFS vs PFS3 Benchmark (FS-UAE 68040) ===
Evidence directory: /home/fabian/.cache/bfs-performance/write-guard-2026-10-09.qG6xKe/results/write-guard-normal-candidate-1-bfs-first
Mode: compare
Timeout: 600s


=== Machine Info ===
# Machine Info
Kickstart 47.102, Workbench 47.2
System: 68040 68040/060-FPU   (INST: Cache Burst) (DATA: NoCache NoBurst)
Type  Available    In-Use   Maximum   Largest
chip    2028040     52728   2080768   2027968
fast    7686712    701896   8388608   7681656
total   9714752    754624  10469376   7681656


Mounted disks:
Unit      Size       Used       Free Full Errs   Status   Name
DF0       No disk present
DH0      4095M    4194304    4194303  50%   0  Read/Write System
DH1       255M         36      65372   0%   0  Read/Write BFSTest
DH2       Not a DOS disk

Volumes available:
BFSTest [Mounted]
System [Mounted]

=== BFS Results ===
FS_COMPARE_BENCH	4
DRIVE	DH1:
SMALL_CREATE_40_US	30015
LOOKUP_400_US	74943
SMALL_READ_40_US	18880
LIST_EXNEXT_400_US	30273
LIST_EXALL_400_US	8896
SEQ_WRITE_8M_US	37184
SEQ_READ_8M_US	277950
SMALL_DELETE_40_US	17600
APPEND_4K_1M_US	67903
APPEND_1K_256K_US	56638
APPEND_READ_1280K_US	42240
LIST_EXNEXT_40_ENTRIES_FIRST_PASS_US	5632
LIST_EXNEXT_40_ENTRIES_REPEAT10_TOTAL_US	31424
LIST_EXALL_40_ENTRIES_FIRST_PASS_US	3135
LIST_EXALL_40_ENTRIES_REPEAT10_TOTAL_US	9344
LIST_EXNEXT_400_ENTRIES_FIRST_PASS_US	49664
LIST_EXNEXT_400_ENTRIES_REPEAT10_TOTAL_US	515709
LIST_EXALL_400_ENTRIES_FIRST_PASS_US	30208
LIST_EXALL_400_ENTRIES_REPEAT10_TOTAL_US	310333
LIST_EXNEXT_1000_ENTRIES_FIRST_PASS_US	131391
LIST_EXNEXT_1000_ENTRIES_REPEAT10_TOTAL_US	1340409
LIST_EXALL_1000_ENTRIES_FIRST_PASS_US	77568
LIST_EXALL_1000_ENTRIES_REPEAT10_TOTAL_US	755708
PASS	1

=== PFS3 Results ===
FS_COMPARE_BENCH	4
DRIVE	DH2:
SMALL_CREATE_40_US	16895
LOOKUP_400_US	66880
SMALL_READ_40_US	14015
LIST_EXNEXT_400_US	12225
LIST_EXALL_400_US	3135
SEQ_WRITE_8M_US	41023
SEQ_READ_8M_US	262015
SMALL_DELETE_40_US	7872
APPEND_4K_1M_US	32639
APPEND_1K_256K_US	23405
APPEND_READ_1280K_US	40320
LIST_EXNEXT_40_ENTRIES_FIRST_PASS_US	1663
LIST_EXNEXT_40_ENTRIES_REPEAT10_TOTAL_US	11840
LIST_EXALL_40_ENTRIES_FIRST_PASS_US	667
LIST_EXALL_40_ENTRIES_REPEAT10_TOTAL_US	2495
LIST_EXNEXT_400_ENTRIES_FIRST_PASS_US	12928
LIST_EXNEXT_400_ENTRIES_REPEAT10_TOTAL_US	110848
LIST_EXALL_400_ENTRIES_FIRST_PASS_US	3007
LIST_EXALL_400_ENTRIES_REPEAT10_TOTAL_US	19968
LIST_EXNEXT_1000_ENTRIES_FIRST_PASS_US	32065
LIST_EXNEXT_1000_ENTRIES_REPEAT10_TOTAL_US	289215
LIST_EXALL_1000_ENTRIES_FIRST_PASS_US	6464
LIST_EXALL_1000_ENTRIES_REPEAT10_TOTAL_US	49217
PASS	1
PASS: requested mounted-volume workload outputs are complete and data-checked
