PASS: requested mounted-volume workload outputs are complete and data-checked
Verified btree-bulk-slots-normal-baseline-bfs-first
PASS: requested mounted-volume workload outputs are complete and data-checked
Verified btree-bulk-slots-normal-candidate-pfs3-first
PASS: requested mounted-volume workload outputs are complete and data-checked
Verified btree-bulk-slots-normal-baseline-pfs3-first
PASS: requested mounted-volume workload outputs are complete and data-checked
Verified btree-bulk-slots-normal-candidate-bfs-first
PASS: requested mounted-volume workload outputs are complete and data-checked
Verified btree-bulk-slots-normal-repeat-candidate-bfs-first
PASS: requested mounted-volume workload outputs are complete and data-checked
Verified btree-bulk-slots-normal-repeat-baseline-pfs3-first
PASS: requested mounted-volume workload outputs are complete and data-checked
Verified btree-bulk-slots-normal-repeat-candidate-pfs3-first
PASS: requested mounted-volume workload outputs are complete and data-checked
Verified btree-bulk-slots-normal-repeat-baseline-bfs-first
PASS: requested mounted-volume workload outputs are complete and data-checked
Verified btree-bulk-slots-probe-bfs-first
PASS: requested mounted-volume workload outputs are complete and data-checked
Verified btree-bulk-slots-probe-pfs3-first
