361418d854f121f068d753d120a97fd5e47ca813a24de03761a94775e2b7de2c  btree-bulk-slots-probe-bfs-first/system/L/bfshandler
5126e8640256e19bc2f5661d8b735f7961c4882edf3d8046b26bd2badfc86277  btree-bulk-slots-probe-bfs-first/system/C/fs-compare-bench
bc72facfdddf32e312ed3ea136849da195f2a2300f179e69599b853fe8974df7  btree-bulk-slots-probe-bfs-first/system/L/pfs3aio
365000a77e7a21ef2771436649e2c31ed97316ab00f12e777c8d4722164bf403  btree-bulk-slots-probe-bfs-first/bench-bfs.hdf
e9e8cd82edfb4488d887f303d19912f0ddfa1760eb9230ab10f493d431c1948b  btree-bulk-slots-probe-bfs-first/bench-pfs3.hdf
361418d854f121f068d753d120a97fd5e47ca813a24de03761a94775e2b7de2c  btree-bulk-slots-probe-pfs3-first/system/L/bfshandler
5126e8640256e19bc2f5661d8b735f7961c4882edf3d8046b26bd2badfc86277  btree-bulk-slots-probe-pfs3-first/system/C/fs-compare-bench
bc72facfdddf32e312ed3ea136849da195f2a2300f179e69599b853fe8974df7  btree-bulk-slots-probe-pfs3-first/system/L/pfs3aio
365000a77e7a21ef2771436649e2c31ed97316ab00f12e777c8d4722164bf403  btree-bulk-slots-probe-pfs3-first/bench-bfs.hdf
e9e8cd82edfb4488d887f303d19912f0ddfa1760eb9230ab10f493d431c1948b  btree-bulk-slots-probe-pfs3-first/bench-pfs3.hdf
7ec433160c6aa37c3ebbb5345097ef549638bde634dd8a3aa34e1b898a4a7d19  btree-bulk-slots-normal-baseline-bfs-first/system/L/bfshandler
1fccf207c96144f81c64a8a5dd2e350b7f32787402eedad6c102b34ad0a6ec80  btree-bulk-slots-normal-baseline-bfs-first/system/C/fs-compare-bench
bc72facfdddf32e312ed3ea136849da195f2a2300f179e69599b853fe8974df7  btree-bulk-slots-normal-baseline-bfs-first/system/L/pfs3aio
f336b443bd4b28355828bf5fe2dfad186ee04c3ade1d7765fcdd64873be0b411  btree-bulk-slots-normal-baseline-bfs-first/bench-bfs.hdf
e9e8cd82edfb4488d887f303d19912f0ddfa1760eb9230ab10f493d431c1948b  btree-bulk-slots-normal-baseline-bfs-first/bench-pfs3.hdf
fcc6ed6a3e88aaf5a92309911e7bcd1ce074838e7be0540ac6d71397d75145b5  btree-bulk-slots-normal-candidate-pfs3-first/system/L/bfshandler
1fccf207c96144f81c64a8a5dd2e350b7f32787402eedad6c102b34ad0a6ec80  btree-bulk-slots-normal-candidate-pfs3-first/system/C/fs-compare-bench
bc72facfdddf32e312ed3ea136849da195f2a2300f179e69599b853fe8974df7  btree-bulk-slots-normal-candidate-pfs3-first/system/L/pfs3aio
80bb6bdd007a7ff72b97c4abe1aa6749acb6eb3a9eca3e411c0ec7742f493898  btree-bulk-slots-normal-candidate-pfs3-first/bench-bfs.hdf
e9e8cd82edfb4488d887f303d19912f0ddfa1760eb9230ab10f493d431c1948b  btree-bulk-slots-normal-candidate-pfs3-first/bench-pfs3.hdf
7ec433160c6aa37c3ebbb5345097ef549638bde634dd8a3aa34e1b898a4a7d19  btree-bulk-slots-normal-baseline-pfs3-first/system/L/bfshandler
1fccf207c96144f81c64a8a5dd2e350b7f32787402eedad6c102b34ad0a6ec80  btree-bulk-slots-normal-baseline-pfs3-first/system/C/fs-compare-bench
bc72facfdddf32e312ed3ea136849da195f2a2300f179e69599b853fe8974df7  btree-bulk-slots-normal-baseline-pfs3-first/system/L/pfs3aio
f336b443bd4b28355828bf5fe2dfad186ee04c3ade1d7765fcdd64873be0b411  btree-bulk-slots-normal-baseline-pfs3-first/bench-bfs.hdf
e9e8cd82edfb4488d887f303d19912f0ddfa1760eb9230ab10f493d431c1948b  btree-bulk-slots-normal-baseline-pfs3-first/bench-pfs3.hdf
fcc6ed6a3e88aaf5a92309911e7bcd1ce074838e7be0540ac6d71397d75145b5  btree-bulk-slots-normal-candidate-bfs-first/system/L/bfshandler
1fccf207c96144f81c64a8a5dd2e350b7f32787402eedad6c102b34ad0a6ec80  btree-bulk-slots-normal-candidate-bfs-first/system/C/fs-compare-bench
bc72facfdddf32e312ed3ea136849da195f2a2300f179e69599b853fe8974df7  btree-bulk-slots-normal-candidate-bfs-first/system/L/pfs3aio
80bb6bdd007a7ff72b97c4abe1aa6749acb6eb3a9eca3e411c0ec7742f493898  btree-bulk-slots-normal-candidate-bfs-first/bench-bfs.hdf
e9e8cd82edfb4488d887f303d19912f0ddfa1760eb9230ab10f493d431c1948b  btree-bulk-slots-normal-candidate-bfs-first/bench-pfs3.hdf
fcc6ed6a3e88aaf5a92309911e7bcd1ce074838e7be0540ac6d71397d75145b5  btree-bulk-slots-normal-repeat-candidate-bfs-first/system/L/bfshandler
1fccf207c96144f81c64a8a5dd2e350b7f32787402eedad6c102b34ad0a6ec80  btree-bulk-slots-normal-repeat-candidate-bfs-first/system/C/fs-compare-bench
bc72facfdddf32e312ed3ea136849da195f2a2300f179e69599b853fe8974df7  btree-bulk-slots-normal-repeat-candidate-bfs-first/system/L/pfs3aio
80bb6bdd007a7ff72b97c4abe1aa6749acb6eb3a9eca3e411c0ec7742f493898  btree-bulk-slots-normal-repeat-candidate-bfs-first/bench-bfs.hdf
e9e8cd82edfb4488d887f303d19912f0ddfa1760eb9230ab10f493d431c1948b  btree-bulk-slots-normal-repeat-candidate-bfs-first/bench-pfs3.hdf
7ec433160c6aa37c3ebbb5345097ef549638bde634dd8a3aa34e1b898a4a7d19  btree-bulk-slots-normal-repeat-baseline-pfs3-first/system/L/bfshandler
1fccf207c96144f81c64a8a5dd2e350b7f32787402eedad6c102b34ad0a6ec80  btree-bulk-slots-normal-repeat-baseline-pfs3-first/system/C/fs-compare-bench
bc72facfdddf32e312ed3ea136849da195f2a2300f179e69599b853fe8974df7  btree-bulk-slots-normal-repeat-baseline-pfs3-first/system/L/pfs3aio
f336b443bd4b28355828bf5fe2dfad186ee04c3ade1d7765fcdd64873be0b411  btree-bulk-slots-normal-repeat-baseline-pfs3-first/bench-bfs.hdf
e9e8cd82edfb4488d887f303d19912f0ddfa1760eb9230ab10f493d431c1948b  btree-bulk-slots-normal-repeat-baseline-pfs3-first/bench-pfs3.hdf
fcc6ed6a3e88aaf5a92309911e7bcd1ce074838e7be0540ac6d71397d75145b5  btree-bulk-slots-normal-repeat-candidate-pfs3-first/system/L/bfshandler
1fccf207c96144f81c64a8a5dd2e350b7f32787402eedad6c102b34ad0a6ec80  btree-bulk-slots-normal-repeat-candidate-pfs3-first/system/C/fs-compare-bench
bc72facfdddf32e312ed3ea136849da195f2a2300f179e69599b853fe8974df7  btree-bulk-slots-normal-repeat-candidate-pfs3-first/system/L/pfs3aio
80bb6bdd007a7ff72b97c4abe1aa6749acb6eb3a9eca3e411c0ec7742f493898  btree-bulk-slots-normal-repeat-candidate-pfs3-first/bench-bfs.hdf
e9e8cd82edfb4488d887f303d19912f0ddfa1760eb9230ab10f493d431c1948b  btree-bulk-slots-normal-repeat-candidate-pfs3-first/bench-pfs3.hdf
7ec433160c6aa37c3ebbb5345097ef549638bde634dd8a3aa34e1b898a4a7d19  btree-bulk-slots-normal-repeat-baseline-bfs-first/system/L/bfshandler
1fccf207c96144f81c64a8a5dd2e350b7f32787402eedad6c102b34ad0a6ec80  btree-bulk-slots-normal-repeat-baseline-bfs-first/system/C/fs-compare-bench
bc72facfdddf32e312ed3ea136849da195f2a2300f179e69599b853fe8974df7  btree-bulk-slots-normal-repeat-baseline-bfs-first/system/L/pfs3aio
f336b443bd4b28355828bf5fe2dfad186ee04c3ade1d7765fcdd64873be0b411  btree-bulk-slots-normal-repeat-baseline-bfs-first/bench-bfs.hdf
e9e8cd82edfb4488d887f303d19912f0ddfa1760eb9230ab10f493d431c1948b  btree-bulk-slots-normal-repeat-baseline-bfs-first/bench-pfs3.hdf
68f9d3a36c2866d054f41c29b600618642a4807dfb6bca7354d4879a36c9aa7c  /home/fabian/Amiga/kick.a1200.47.102.rom
3.2.35
Linux cachy 7.1.3-2-cachyos #1 SMP PREEMPT_DYNAMIC Wed, 08 Jul 2026 18:34:01 +0000 x86_64 GNU/Linux
Filesystem      Size  Used Avail Use% Mounted on
tmpfs            12G  8.6G  3.2G  73% /tmp
/dev/vda2       996G  314G  681G  32% /home
All ten fresh image inputs and idle preflight verified
