=== BFS vs PFS3 Benchmark (FS-UAE 68040) ===
Evidence directory: /home/fabian/.cache/bfs-performance/sparse-crc-2026-10-09.xN615F/candidate/build/benchmark/sparse-pilot-normal-20261009-m5-2-pfs3-first
Mode: compare
Timeout: 600s


=== Machine Info ===
# Machine Info
Kickstart 47.102, Workbench 47.2
System: 68040 68040/060-FPU   (INST: Cache Burst) (DATA: NoCache NoBurst)
Type  Available    In-Use   Maximum   Largest
chip    2028040     52728   2080768   2027968
fast    7687256    701352   8388608   7682200
total   9715296    754080  10469376   7682200


Mounted disks:
Unit      Size       Used       Free Full Errs   Status   Name
DF0       No disk present
DH0      4095M    4194304    4194303  50%   0  Read/Write System
DH1       255M         36      65372   0%   0  Read/Write BFSTest
DH2       Not a DOS disk

Volumes available:
BFSTest [Mounted]
System [Mounted]

=== BFS Results ===
FS_COMPARE_BENCH	4
DRIVE	DH1:
SMALL_CREATE_40_US	30528
LOOKUP_400_US	86208
SMALL_READ_40_US	21248
LIST_EXNEXT_400_US	35328
LIST_EXALL_400_US	23998
SEQ_WRITE_8M_US	64255
SEQ_READ_8M_US	262974
SMALL_DELETE_40_US	24192
APPEND_4K_1M_US	79168
APPEND_1K_256K_US	62208
APPEND_READ_1280K_US	43200
LIST_EXNEXT_40_ENTRIES_FIRST_PASS_US	7297
LIST_EXNEXT_40_ENTRIES_REPEAT10_TOTAL_US	40768
LIST_EXALL_40_ENTRIES_FIRST_PASS_US	3777
LIST_EXALL_40_ENTRIES_REPEAT10_TOTAL_US	9536
LIST_EXNEXT_400_ENTRIES_FIRST_PASS_US	62977
LIST_EXNEXT_400_ENTRIES_REPEAT10_TOTAL_US	700668
LIST_EXALL_400_ENTRIES_FIRST_PASS_US	33984
LIST_EXALL_400_ENTRIES_REPEAT10_TOTAL_US	361469
LIST_EXNEXT_1000_ENTRIES_FIRST_PASS_US	142399
LIST_EXNEXT_1000_ENTRIES_REPEAT10_TOTAL_US	1657078
LIST_EXALL_1000_ENTRIES_FIRST_PASS_US	87999
LIST_EXALL_1000_ENTRIES_REPEAT10_TOTAL_US	940283
PASS	1

=== PFS3 Results ===
FS_COMPARE_BENCH	4
DRIVE	DH2:
SMALL_CREATE_40_US	17280
LOOKUP_400_US	66673
SMALL_READ_40_US	15040
LIST_EXNEXT_400_US	12544
LIST_EXALL_400_US	2496
SEQ_WRITE_8M_US	40064
SEQ_READ_8M_US	260095
SMALL_DELETE_40_US	7808
APPEND_4K_1M_US	56511
APPEND_1K_256K_US	60287
APPEND_READ_1280K_US	74495
LIST_EXNEXT_40_ENTRIES_FIRST_PASS_US	1728
LIST_EXNEXT_40_ENTRIES_REPEAT10_TOTAL_US	12480
LIST_EXALL_40_ENTRIES_FIRST_PASS_US	640
LIST_EXALL_40_ENTRIES_REPEAT10_TOTAL_US	2497
LIST_EXNEXT_400_ENTRIES_FIRST_PASS_US	13057
LIST_EXNEXT_400_ENTRIES_REPEAT10_TOTAL_US	121791
LIST_EXALL_400_ENTRIES_FIRST_PASS_US	2880
LIST_EXALL_400_ENTRIES_REPEAT10_TOTAL_US	20798
LIST_EXNEXT_1000_ENTRIES_FIRST_PASS_US	32704
LIST_EXNEXT_1000_ENTRIES_REPEAT10_TOTAL_US	305470
LIST_EXALL_1000_ENTRIES_FIRST_PASS_US	7295
LIST_EXALL_1000_ENTRIES_REPEAT10_TOTAL_US	50925
PASS	1
PASS: requested mounted-volume workload outputs are complete and data-checked
