snapdog-runner
START 1 writeback-1-bfs-first-reference 2026-10-10T11:52:14Z
PASS 1 writeback-1-bfs-first-reference 2026-10-10T11:52:50Z
START 2 writeback-1-bfs-first-candidate 2026-10-10T11:52:50Z
PASS 2 writeback-1-bfs-first-candidate 2026-10-10T11:53:26Z
START 3 writeback-2-pfs3-first-candidate 2026-10-10T11:53:26Z
PASS 3 writeback-2-pfs3-first-candidate 2026-10-10T11:54:02Z
START 4 writeback-2-pfs3-first-reference 2026-10-10T11:54:02Z
PASS 4 writeback-2-pfs3-first-reference 2026-10-10T11:54:38Z
START 5 writeback-3-bfs-first-reference 2026-10-10T11:54:38Z
PASS 5 writeback-3-bfs-first-reference 2026-10-10T11:55:14Z
START 6 writeback-3-bfs-first-candidate 2026-10-10T11:55:14Z
PASS 6 writeback-3-bfs-first-candidate 2026-10-10T11:55:50Z
START 7 writeback-4-pfs3-first-candidate 2026-10-10T11:55:50Z
PASS 7 writeback-4-pfs3-first-candidate 2026-10-10T11:56:26Z
START 8 writeback-4-pfs3-first-reference 2026-10-10T11:56:26Z
PASS 8 writeback-4-pfs3-first-reference 2026-10-10T11:57:02Z
START 9 writeback-5-bfs-first-reference 2026-10-10T11:57:02Z
PASS 9 writeback-5-bfs-first-reference 2026-10-10T11:57:38Z
START 10 writeback-5-bfs-first-candidate 2026-10-10T11:57:38Z
PASS 10 writeback-5-bfs-first-candidate 2026-10-10T11:58:14Z
START 11 writeback-6-pfs3-first-candidate 2026-10-10T11:58:14Z
PASS 11 writeback-6-pfs3-first-candidate 2026-10-10T11:58:50Z
START 12 writeback-6-pfs3-first-reference 2026-10-10T11:58:50Z
PASS 12 writeback-6-pfs3-first-reference 2026-10-10T11:59:26Z
START 13 writeback-7-bfs-first-reference 2026-10-10T11:59:26Z
PASS 13 writeback-7-bfs-first-reference 2026-10-10T12:00:02Z
START 14 writeback-7-bfs-first-candidate 2026-10-10T12:00:02Z
PASS 14 writeback-7-bfs-first-candidate 2026-10-10T12:00:37Z
START 15 writeback-8-pfs3-first-candidate 2026-10-10T12:00:38Z
PASS 15 writeback-8-pfs3-first-candidate 2026-10-10T12:01:13Z
START 16 writeback-8-pfs3-first-reference 2026-10-10T12:01:13Z
PASS 16 writeback-8-pfs3-first-reference 2026-10-10T12:01:49Z
WRITEBACK_PILOT_COMPLETE 16 2026-10-10T12:01:49Z
snapdog-runner
RESTORE_COMPLETE status=0 2026-10-10T12:01:52Z
