=== BFS vs PFS3 Benchmark (FS-UAE 68040) ===
Evidence directory: /home/fabian/.cache/bfs-performance/wbbound-2026-10-10.2MoC3f/results/wbbound-7-bfs-first-reference
Mode: compare
Timeout: 600s


=== Machine Info ===
# Machine Info
Kickstart 47.102, Workbench 47.2
System: 68040 68040/060-FPU   (INST: Cache Burst) (DATA: NoCache NoBurst)
Type  Available    In-Use   Maximum   Largest
chip    2028040     52728   2080768   2027968
fast    7534464    854144   8388608   7529392
total   9562504    906872  10469376   7529392


Mounted disks:
Unit      Size       Used       Free Full Errs   Status   Name
DF0       No disk present
DH0      4095M    4194304    4194303  50%   0  Read/Write System
DH1       255M         36      65372   0%   0  Read/Write BFSTest
DH2       Not a DOS disk

Volumes available:
BFSTest [Mounted]
System [Mounted]

=== BFS Results ===
FS_COMPARE_BENCH	4
DRIVE	DH1:
SMALL_CREATE_40_US	29697
LOOKUP_400_US	62400
SMALL_READ_40_US	16576
LIST_EXNEXT_400_US	27840
LIST_EXALL_400_US	7680
SEQ_WRITE_8M_US	38337
SEQ_READ_8M_US	285566
SMALL_DELETE_40_US	13760
APPEND_4K_1M_US	70399
APPEND_1K_256K_US	88511
APPEND_READ_1280K_US	49471
LIST_EXNEXT_40_ENTRIES_FIRST_PASS_US	4351
LIST_EXNEXT_40_ENTRIES_REPEAT10_TOTAL_US	28992
LIST_EXALL_40_ENTRIES_FIRST_PASS_US	1856
LIST_EXALL_40_ENTRIES_REPEAT10_TOTAL_US	8768
LIST_EXNEXT_400_ENTRIES_FIRST_PASS_US	38592
LIST_EXNEXT_400_ENTRIES_REPEAT10_TOTAL_US	310463
LIST_EXALL_400_ENTRIES_FIRST_PASS_US	15872
LIST_EXALL_400_ENTRIES_REPEAT10_TOTAL_US	85503
LIST_EXNEXT_1000_ENTRIES_FIRST_PASS_US	94015
LIST_EXNEXT_1000_ENTRIES_REPEAT10_TOTAL_US	733563
LIST_EXALL_1000_ENTRIES_FIRST_PASS_US	40641
LIST_EXALL_1000_ENTRIES_REPEAT10_TOTAL_US	191552
PASS	1

=== PFS3 Results ===
FS_COMPARE_BENCH	4
DRIVE	DH2:
SMALL_CREATE_40_US	16704
LOOKUP_400_US	70338
SMALL_READ_40_US	13888
LIST_EXNEXT_400_US	12354
LIST_EXALL_400_US	2495
SEQ_WRITE_8M_US	39742
SEQ_READ_8M_US	258047
SMALL_DELETE_40_US	7935
APPEND_4K_1M_US	32640
APPEND_1K_256K_US	23167
APPEND_READ_1280K_US	40448
LIST_EXNEXT_40_ENTRIES_FIRST_PASS_US	1600
LIST_EXNEXT_40_ENTRIES_REPEAT10_TOTAL_US	11969
LIST_EXALL_40_ENTRIES_FIRST_PASS_US	664
LIST_EXALL_40_ENTRIES_REPEAT10_TOTAL_US	2495
LIST_EXNEXT_400_ENTRIES_FIRST_PASS_US	12289
LIST_EXNEXT_400_ENTRIES_REPEAT10_TOTAL_US	113023
LIST_EXALL_400_ENTRIES_FIRST_PASS_US	3968
LIST_EXALL_400_ENTRIES_REPEAT10_TOTAL_US	20351
LIST_EXNEXT_1000_ENTRIES_FIRST_PASS_US	32319
LIST_EXNEXT_1000_ENTRIES_REPEAT10_TOTAL_US	302590
LIST_EXALL_1000_ENTRIES_FIRST_PASS_US	12353
LIST_EXALL_1000_ENTRIES_REPEAT10_TOTAL_US	90813
PASS	1
PASS: requested mounted-volume workload outputs are complete and data-checked
