=== BFS vs PFS3 Benchmark (FS-UAE 68040) ===
Evidence directory: /home/fabian/.cache/bfs-performance/wbbound-2026-10-10.2MoC3f/results/wbbound-6-pfs3-first-reference
Mode: compare
Timeout: 600s


=== Machine Info ===
# Machine Info
Kickstart 47.102, Workbench 47.2
System: 68040 68040/060-FPU   (INST: Cache Burst) (DATA: NoCache NoBurst)
Type  Available    In-Use   Maximum   Largest
chip    2028040     52728   2080768   2027968
fast    7534464    854144   8388608   7529392
total   9562504    906872  10469376   7529392


Mounted disks:
Unit      Size       Used       Free Full Errs   Status   Name
DF0       No disk present
DH0      4095M    4194304    4194303  50%   0  Read/Write System
DH1       255M         36      65372   0%   0  Read/Write BFSTest
DH2       Not a DOS disk

Volumes available:
BFSTest [Mounted]
System [Mounted]

=== BFS Results ===
FS_COMPARE_BENCH	4
DRIVE	DH1:
SMALL_CREATE_40_US	30656
LOOKUP_400_US	59584
SMALL_READ_40_US	18560
LIST_EXNEXT_400_US	28095
LIST_EXALL_400_US	7680
SEQ_WRITE_8M_US	43775
SEQ_READ_8M_US	269437
SMALL_DELETE_40_US	14080
APPEND_4K_1M_US	69439
APPEND_1K_256K_US	58687
APPEND_READ_1280K_US	44926
LIST_EXNEXT_40_ENTRIES_FIRST_PASS_US	4480
LIST_EXNEXT_40_ENTRIES_REPEAT10_TOTAL_US	28927
LIST_EXALL_40_ENTRIES_FIRST_PASS_US	1856
LIST_EXALL_40_ENTRIES_REPEAT10_TOTAL_US	8512
LIST_EXNEXT_400_ENTRIES_FIRST_PASS_US	36800
LIST_EXNEXT_400_ENTRIES_REPEAT10_TOTAL_US	295487
LIST_EXALL_400_ENTRIES_FIRST_PASS_US	16025
LIST_EXALL_400_ENTRIES_REPEAT10_TOTAL_US	75711
LIST_EXNEXT_1000_ENTRIES_FIRST_PASS_US	92736
LIST_EXNEXT_1000_ENTRIES_REPEAT10_TOTAL_US	727868
LIST_EXALL_1000_ENTRIES_FIRST_PASS_US	39487
LIST_EXALL_1000_ENTRIES_REPEAT10_TOTAL_US	193598
PASS	1

=== PFS3 Results ===
FS_COMPARE_BENCH	4
DRIVE	DH2:
SMALL_CREATE_40_US	18176
LOOKUP_400_US	66367
SMALL_READ_40_US	14209
LIST_EXNEXT_400_US	11904
LIST_EXALL_400_US	2880
SEQ_WRITE_8M_US	40255
SEQ_READ_8M_US	268095
SMALL_DELETE_40_US	8385
APPEND_4K_1M_US	56576
APPEND_1K_256K_US	35774
APPEND_READ_1280K_US	47049
LIST_EXNEXT_40_ENTRIES_FIRST_PASS_US	1600
LIST_EXNEXT_40_ENTRIES_REPEAT10_TOTAL_US	11711
LIST_EXALL_40_ENTRIES_FIRST_PASS_US	575
LIST_EXALL_40_ENTRIES_REPEAT10_TOTAL_US	2496
LIST_EXNEXT_400_ENTRIES_FIRST_PASS_US	12671
LIST_EXNEXT_400_ENTRIES_REPEAT10_TOTAL_US	113408
LIST_EXALL_400_ENTRIES_FIRST_PASS_US	2752
LIST_EXALL_400_ENTRIES_REPEAT10_TOTAL_US	20097
LIST_EXNEXT_1000_ENTRIES_FIRST_PASS_US	31679
LIST_EXNEXT_1000_ENTRIES_REPEAT10_TOTAL_US	304446
LIST_EXALL_1000_ENTRIES_FIRST_PASS_US	6464
LIST_EXALL_1000_ENTRIES_REPEAT10_TOTAL_US	51200
PASS	1
PASS: requested mounted-volume workload outputs are complete and data-checked
