=== BFS vs PFS3 Benchmark (FS-UAE 68040) ===
Evidence directory: /home/fabian/.cache/bfs-performance/sparse-crc-2026-10-09.xN615F/candidate/build/benchmark/sparse-confirmation-20261009/confirm-normal-sparse-7-bfs-first
Mode: compare
Timeout: 600s


=== Machine Info ===
# Machine Info
Kickstart 47.102, Workbench 47.2
System: 68040 68040/060-FPU   (INST: Cache Burst) (DATA: NoCache NoBurst)
Type  Available    In-Use   Maximum   Largest
chip    2028040     52728   2080768   2027968
fast    7686824    701784   8388608   7681768
total   9714864    754512  10469376   7681768


Mounted disks:
Unit      Size       Used       Free Full Errs   Status   Name
DF0       No disk present
DH0      4095M    4194304    4194303  50%   0  Read/Write System
DH1       255M         36      65372   0%   0  Read/Write BFSTest
DH2       Not a DOS disk

Volumes available:
BFSTest [Mounted]
System [Mounted]

=== BFS Results ===
FS_COMPARE_BENCH	4
DRIVE	DH1:
SMALL_CREATE_40_US	30655
LOOKUP_400_US	75712
SMALL_READ_40_US	20160
LIST_EXNEXT_400_US	31744
LIST_EXALL_400_US	9152
SEQ_WRITE_8M_US	37631
SEQ_READ_8M_US	295806
SMALL_DELETE_40_US	21696
APPEND_4K_1M_US	76927
APPEND_1K_256K_US	61503
APPEND_READ_1280K_US	42240
LIST_EXNEXT_40_ENTRIES_FIRST_PASS_US	5632
LIST_EXNEXT_40_ENTRIES_REPEAT10_TOTAL_US	31937
LIST_EXALL_40_ENTRIES_FIRST_PASS_US	3008
LIST_EXALL_40_ENTRIES_REPEAT10_TOTAL_US	10176
LIST_EXNEXT_400_ENTRIES_FIRST_PASS_US	58177
LIST_EXNEXT_400_ENTRIES_REPEAT10_TOTAL_US	514685
LIST_EXALL_400_ENTRIES_FIRST_PASS_US	29183
LIST_EXALL_400_ENTRIES_REPEAT10_TOTAL_US	288384
LIST_EXNEXT_1000_ENTRIES_FIRST_PASS_US	131328
LIST_EXNEXT_1000_ENTRIES_REPEAT10_TOTAL_US	1582393
LIST_EXALL_1000_ENTRIES_FIRST_PASS_US	89022
LIST_EXALL_1000_ENTRIES_REPEAT10_TOTAL_US	785979
PASS	1

=== PFS3 Results ===
FS_COMPARE_BENCH	4
DRIVE	DH2:
SMALL_CREATE_40_US	18497
LOOKUP_400_US	66433
SMALL_READ_40_US	15231
LIST_EXNEXT_400_US	12130
LIST_EXALL_400_US	2495
SEQ_WRITE_8M_US	45612
SEQ_READ_8M_US	317374
SMALL_DELETE_40_US	9472
APPEND_4K_1M_US	34112
APPEND_1K_256K_US	27583
APPEND_READ_1280K_US	50752
LIST_EXNEXT_40_ENTRIES_FIRST_PASS_US	1728
LIST_EXNEXT_40_ENTRIES_REPEAT10_TOTAL_US	12096
LIST_EXALL_40_ENTRIES_FIRST_PASS_US	577
LIST_EXALL_40_ENTRIES_REPEAT10_TOTAL_US	2432
LIST_EXNEXT_400_ENTRIES_FIRST_PASS_US	12735
LIST_EXNEXT_400_ENTRIES_REPEAT10_TOTAL_US	118015
LIST_EXALL_400_ENTRIES_FIRST_PASS_US	3007
LIST_EXALL_400_ENTRIES_REPEAT10_TOTAL_US	20287
LIST_EXNEXT_1000_ENTRIES_FIRST_PASS_US	32831
LIST_EXNEXT_1000_ENTRIES_REPEAT10_TOTAL_US	281789
LIST_EXALL_1000_ENTRIES_FIRST_PASS_US	6912
LIST_EXALL_1000_ENTRIES_REPEAT10_TOTAL_US	51327
PASS	1
PASS: requested mounted-volume workload outputs are complete and data-checked
