=== BFS vs PFS3 Benchmark (FS-UAE 68040) ===
Evidence directory: /home/fabian/.cache/bfs-performance/exact-fastpath-2026-10-09.hdq3J0/build/benchmark/exact-key-normal-20261009-fast-7-bfs-first
Mode: compare
Timeout: 600s


=== Machine Info ===
# Machine Info
Kickstart 47.102, Workbench 47.2
System: 68040 68040/060-FPU   (INST: Cache Burst) (DATA: NoCache NoBurst)
Type  Available    In-Use   Maximum   Largest
chip    2028040     52728   2080768   2027968
fast    7687320    701288   8388608   7682264
total   9715360    754016  10469376   7682264


Mounted disks:
Unit      Size       Used       Free Full Errs   Status   Name
DF0       No disk present
DH0      4095M    4194304    4194303  50%   0  Read/Write System
DH1       255M         36      65372   0%   0  Read/Write BFSTest
DH2       Not a DOS disk

Volumes available:
BFSTest [Mounted]
System [Mounted]

=== BFS Results ===
FS_COMPARE_BENCH	4
DRIVE	DH1:
SMALL_CREATE_40_US	31039
LOOKUP_400_US	75840
SMALL_READ_40_US	20735
LIST_EXNEXT_400_US	30273
LIST_EXALL_400_US	8703
SEQ_WRITE_8M_US	38720
SEQ_READ_8M_US	273022
SMALL_DELETE_40_US	17664
APPEND_4K_1M_US	76288
APPEND_1K_256K_US	61568
APPEND_READ_1280K_US	44286
LIST_EXNEXT_40_ENTRIES_FIRST_PASS_US	6335
LIST_EXNEXT_40_ENTRIES_REPEAT10_TOTAL_US	31231
LIST_EXALL_40_ENTRIES_FIRST_PASS_US	3777
LIST_EXALL_40_ENTRIES_REPEAT10_TOTAL_US	12031
LIST_EXNEXT_400_ENTRIES_FIRST_PASS_US	56320
LIST_EXNEXT_400_ENTRIES_REPEAT10_TOTAL_US	594876
LIST_EXALL_400_ENTRIES_FIRST_PASS_US	37695
LIST_EXALL_400_ENTRIES_REPEAT10_TOTAL_US	369855
LIST_EXNEXT_1000_ENTRIES_FIRST_PASS_US	202943
LIST_EXNEXT_1000_ENTRIES_REPEAT10_TOTAL_US	1600440
LIST_EXALL_1000_ENTRIES_FIRST_PASS_US	91584
LIST_EXALL_1000_ENTRIES_REPEAT10_TOTAL_US	958075
PASS	1

=== PFS3 Results ===
FS_COMPARE_BENCH	4
DRIVE	DH2:
SMALL_CREATE_40_US	17408
LOOKUP_400_US	66879
SMALL_READ_40_US	16944
LIST_EXNEXT_400_US	15360
LIST_EXALL_400_US	2880
SEQ_WRITE_8M_US	102718
SEQ_READ_8M_US	318592
SMALL_DELETE_40_US	8126
APPEND_4K_1M_US	32960
APPEND_1K_256K_US	24130
APPEND_READ_1280K_US	46145
LIST_EXNEXT_40_ENTRIES_FIRST_PASS_US	2112
LIST_EXNEXT_40_ENTRIES_REPEAT10_TOTAL_US	11970
LIST_EXALL_40_ENTRIES_FIRST_PASS_US	575
LIST_EXALL_40_ENTRIES_REPEAT10_TOTAL_US	2558
LIST_EXNEXT_400_ENTRIES_FIRST_PASS_US	13056
LIST_EXNEXT_400_ENTRIES_REPEAT10_TOTAL_US	114813
LIST_EXALL_400_ENTRIES_FIRST_PASS_US	2752
LIST_EXALL_400_ENTRIES_REPEAT10_TOTAL_US	20608
LIST_EXNEXT_1000_ENTRIES_FIRST_PASS_US	32065
LIST_EXNEXT_1000_ENTRIES_REPEAT10_TOTAL_US	297662
LIST_EXALL_1000_ENTRIES_FIRST_PASS_US	7295
LIST_EXALL_1000_ENTRIES_REPEAT10_TOTAL_US	50815
PASS	1
PASS: requested mounted-volume workload outputs are complete and data-checked
