=== BFS vs PFS3 Benchmark (FS-UAE 68040) ===
Evidence directory: /home/fabian/.cache/bfs-performance/sparse-crc-2026-10-09.xN615F/candidate/build/benchmark/sparse-confirmation-20261009/confirm-durable-m5-2-pfs3-first
Mode: durable-compare
Timeout: 600s


=== Machine Info ===
# Machine Info
Kickstart 47.102, Workbench 47.2
System: 68040 68040/060-FPU   (INST: Cache Burst) (DATA: NoCache NoBurst)
Type  Available    In-Use   Maximum   Largest
chip    2028040     52728   2080768   2027968
fast    7687256    701352   8388608   7682200
total   9715296    754080  10469376   7682200


Mounted disks:
Unit      Size       Used       Free Full Errs   Status   Name
DF0       No disk present
DH0      4095M    4194304    4194303  50%   0  Read/Write System
DH1       255M         36      65372   0%   0  Read/Write BFSTest
DH2       Not a DOS disk

Volumes available:
BFSTest [Mounted]
System [Mounted]

=== BFS Results ===
FS_DURABLE_COMPARE	4
DRIVE	DH1:
SMALL_CREATE_40_US	38177
LOOKUP_400_US	83072
SMALL_READ_40_US	20671
LIST_EXNEXT_400_US	32577
LIST_EXALL_400_US	9472
SEQ_WRITE_8M_US	47360
SEQ_READ_8M_US	265534
SMALL_DELETE_40_US	20159
APPEND_4K_1M_US	77887
APPEND_1K_256K_US	67263
APPEND_READ_1280K_US	43583
LIST_EXNEXT_40_ENTRIES_FIRST_PASS_US	6784
LIST_EXNEXT_40_ENTRIES_REPEAT10_TOTAL_US	31808
LIST_EXALL_40_ENTRIES_FIRST_PASS_US	3840
LIST_EXALL_40_ENTRIES_REPEAT10_TOTAL_US	9664
LIST_EXNEXT_400_ENTRIES_FIRST_PASS_US	59713
LIST_EXNEXT_400_ENTRIES_REPEAT10_TOTAL_US	653116
LIST_EXALL_400_ENTRIES_FIRST_PASS_US	56193
LIST_EXALL_400_ENTRIES_REPEAT10_TOTAL_US	415167
LIST_EXNEXT_1000_ENTRIES_FIRST_PASS_US	156543
LIST_EXNEXT_1000_ENTRIES_REPEAT10_TOTAL_US	1472696
LIST_EXALL_1000_ENTRIES_FIRST_PASS_US	89407
LIST_EXALL_1000_ENTRIES_REPEAT10_TOTAL_US	979898
PASS	1

=== PFS3 Results ===
FS_DURABLE_COMPARE	4
DRIVE	DH2:
SMALL_CREATE_40_US	17920
LOOKUP_400_US	67967
SMALL_READ_40_US	14784
LIST_EXNEXT_400_US	12352
LIST_EXALL_400_US	2560
SEQ_WRITE_8M_US	66080
SEQ_READ_8M_US	293823
SMALL_DELETE_40_US	9088
APPEND_4K_1M_US	36480
APPEND_1K_256K_US	24575
APPEND_READ_1280K_US	61183
LIST_EXNEXT_40_ENTRIES_FIRST_PASS_US	1664
LIST_EXNEXT_40_ENTRIES_REPEAT10_TOTAL_US	12095
LIST_EXALL_40_ENTRIES_FIRST_PASS_US	640
LIST_EXALL_40_ENTRIES_REPEAT10_TOTAL_US	2496
LIST_EXNEXT_400_ENTRIES_FIRST_PASS_US	12224
LIST_EXNEXT_400_ENTRIES_REPEAT10_TOTAL_US	112831
LIST_EXALL_400_ENTRIES_FIRST_PASS_US	2817
LIST_EXALL_400_ENTRIES_REPEAT10_TOTAL_US	20928
LIST_EXNEXT_1000_ENTRIES_FIRST_PASS_US	31552
LIST_EXNEXT_1000_ENTRIES_REPEAT10_TOTAL_US	280702
LIST_EXALL_1000_ENTRIES_FIRST_PASS_US	6657
LIST_EXALL_1000_ENTRIES_REPEAT10_TOTAL_US	49728
PASS	1
PASS: requested mounted-volume workload outputs are complete and data-checked
