=== BFS vs PFS3 Benchmark (FS-UAE 68040) ===
Evidence directory: /home/fabian/.cache/bfs-performance/listing-upgrade-2026-10-08.29qKRc/build/benchmark/leaf-range-durable-20261008-m3-1-bfs-first
Mode: durable-compare
Timeout: 600s


=== Machine Info ===
# Machine Info
Kickstart 47.102, Workbench 47.2
System: 68040 68040/060-FPU   (INST: Cache Burst) (DATA: NoCache NoBurst)
Type  Available    In-Use   Maximum   Largest
chip    2028040     52728   2080768   2027968
fast    7689920    698688   8388608   7684880
total   9717960    751416  10469376   7684880


Mounted disks:
Unit      Size       Used       Free Full Errs   Status   Name
DF0       No disk present
DH0      4095M    4194304    4194303  50%   0  Read/Write System
DH1       255M         36      65372   0%   0  Read/Write BFSTest
DH2       Not a DOS disk

Volumes available:
BFSTest [Mounted]
System [Mounted]

=== BFS Results ===
FS_DURABLE_COMPARE	4
DRIVE	DH1:
SMALL_CREATE_40_US	31871
LOOKUP_400_US	78400
SMALL_READ_40_US	22784
LIST_EXNEXT_400_US	32320
LIST_EXALL_400_US	9215
SEQ_WRITE_8M_US	44735
SEQ_READ_8M_US	273023
SMALL_DELETE_40_US	21696
APPEND_4K_1M_US	79808
APPEND_1K_256K_US	63231
APPEND_READ_1280K_US	42816
LIST_EXNEXT_40_ENTRIES_FIRST_PASS_US	6208
LIST_EXNEXT_40_ENTRIES_REPEAT10_TOTAL_US	32191
LIST_EXALL_40_ENTRIES_FIRST_PASS_US	3840
LIST_EXALL_40_ENTRIES_REPEAT10_TOTAL_US	9344
LIST_EXNEXT_400_ENTRIES_FIRST_PASS_US	62463
LIST_EXNEXT_400_ENTRIES_REPEAT10_TOTAL_US	680763
LIST_EXALL_400_ENTRIES_FIRST_PASS_US	45568
LIST_EXALL_400_ENTRIES_REPEAT10_TOTAL_US	406334
LIST_EXNEXT_1000_ENTRIES_FIRST_PASS_US	173565
LIST_EXNEXT_1000_ENTRIES_REPEAT10_TOTAL_US	1696757
LIST_EXALL_1000_ENTRIES_FIRST_PASS_US	103999
LIST_EXALL_1000_ENTRIES_REPEAT10_TOTAL_US	1120826
PASS	1

=== PFS3 Results ===
FS_DURABLE_COMPARE	4
DRIVE	DH2:
SMALL_CREATE_40_US	17793
LOOKUP_400_US	74431
SMALL_READ_40_US	27520
LIST_EXNEXT_400_US	22527
LIST_EXALL_400_US	4033
SEQ_WRITE_8M_US	86656
SEQ_READ_8M_US	276798
SMALL_DELETE_40_US	12416
APPEND_4K_1M_US	34111
APPEND_1K_256K_US	25325
APPEND_READ_1280K_US	42049
LIST_EXNEXT_40_ENTRIES_FIRST_PASS_US	1600
LIST_EXNEXT_40_ENTRIES_REPEAT10_TOTAL_US	12032
LIST_EXALL_40_ENTRIES_FIRST_PASS_US	576
LIST_EXALL_40_ENTRIES_REPEAT10_TOTAL_US	3584
LIST_EXNEXT_400_ENTRIES_FIRST_PASS_US	13120
LIST_EXNEXT_400_ENTRIES_REPEAT10_TOTAL_US	114560
LIST_EXALL_400_ENTRIES_FIRST_PASS_US	2945
LIST_EXALL_400_ENTRIES_REPEAT10_TOTAL_US	20608
LIST_EXNEXT_1000_ENTRIES_FIRST_PASS_US	33216
LIST_EXNEXT_1000_ENTRIES_REPEAT10_TOTAL_US	288639
LIST_EXALL_1000_ENTRIES_FIRST_PASS_US	7360
LIST_EXALL_1000_ENTRIES_REPEAT10_TOTAL_US	50430
PASS	1
PASS: requested mounted-volume workload outputs are complete and data-checked
