=== BFS vs PFS3 Benchmark (FS-UAE 68040) ===
Evidence directory: /home/fabian/.cache/bfs-performance/status-2026-10-10.NvWrOR/results/status-6-pfs3-first-release040
Mode: compare
Timeout: 600s


=== Machine Info ===
# Machine Info
Kickstart 47.102, Workbench 47.2
System: 68040 68040/060-FPU   (INST: Cache Burst) (DATA: NoCache NoBurst)
Type  Available    In-Use   Maximum   Largest
chip    2028040     52728   2080768   2027968
fast    7529008    859600   8388608   7523936
total   9557048    912328  10469376   7523936


Mounted disks:
Unit      Size       Used       Free Full Errs   Status   Name
DF0       No disk present
DH0      4095M    4194304    4194303  50%   0  Read/Write System
DH1       255M         36      65372   0%   0  Read/Write BFSTest
DH2       Not a DOS disk

Volumes available:
BFSTest [Mounted]
System [Mounted]

=== BFS Results ===
FS_COMPARE_BENCH	4
DRIVE	DH1:
SMALL_CREATE_40_US	35775
LOOKUP_400_US	61951
SMALL_READ_40_US	17728
LIST_EXNEXT_400_US	20158
LIST_EXALL_400_US	7296
SEQ_WRITE_8M_US	28351
SEQ_READ_8M_US	281087
SMALL_DELETE_40_US	13824
APPEND_4K_1M_US	59007
APPEND_1K_256K_US	48447
APPEND_READ_1280K_US	45632
LIST_EXNEXT_40_ENTRIES_FIRST_PASS_US	3840
LIST_EXNEXT_40_ENTRIES_REPEAT10_TOTAL_US	20800
LIST_EXALL_40_ENTRIES_FIRST_PASS_US	1728
LIST_EXALL_40_ENTRIES_REPEAT10_TOTAL_US	7872
LIST_EXNEXT_400_ENTRIES_FIRST_PASS_US	29888
LIST_EXNEXT_400_ENTRIES_REPEAT10_TOTAL_US	214527
LIST_EXALL_400_ENTRIES_FIRST_PASS_US	15872
LIST_EXALL_400_ENTRIES_REPEAT10_TOTAL_US	72000
LIST_EXNEXT_1000_ENTRIES_FIRST_PASS_US	73088
LIST_EXNEXT_1000_ENTRIES_REPEAT10_TOTAL_US	528573
LIST_EXALL_1000_ENTRIES_FIRST_PASS_US	37695
LIST_EXALL_1000_ENTRIES_REPEAT10_TOTAL_US	199808
PASS	1

=== PFS3 Results ===
FS_COMPARE_BENCH	4
DRIVE	DH2:
SMALL_CREATE_40_US	17152
LOOKUP_400_US	76288
SMALL_READ_40_US	13568
LIST_EXNEXT_400_US	11967
LIST_EXALL_400_US	2495
SEQ_WRITE_8M_US	39935
SEQ_READ_8M_US	269693
SMALL_DELETE_40_US	7935
APPEND_4K_1M_US	33343
APPEND_1K_256K_US	22657
APPEND_READ_1280K_US	40511
LIST_EXNEXT_40_ENTRIES_FIRST_PASS_US	2752
LIST_EXNEXT_40_ENTRIES_REPEAT10_TOTAL_US	18688
LIST_EXALL_40_ENTRIES_FIRST_PASS_US	895
LIST_EXALL_40_ENTRIES_REPEAT10_TOTAL_US	4160
LIST_EXNEXT_400_ENTRIES_FIRST_PASS_US	21375
LIST_EXNEXT_400_ENTRIES_REPEAT10_TOTAL_US	132800
LIST_EXALL_400_ENTRIES_FIRST_PASS_US	2815
LIST_EXALL_400_ENTRIES_REPEAT10_TOTAL_US	20672
LIST_EXNEXT_1000_ENTRIES_FIRST_PASS_US	33728
LIST_EXNEXT_1000_ENTRIES_REPEAT10_TOTAL_US	316989
LIST_EXALL_1000_ENTRIES_FIRST_PASS_US	6400
LIST_EXALL_1000_ENTRIES_REPEAT10_TOTAL_US	50433
PASS	1
PASS: requested mounted-volume workload outputs are complete and data-checked
