=== BFS vs PFS3 Benchmark (FS-UAE 68040) ===
Evidence directory: /home/fabian/.cache/bfs-performance/append-attr2-2026-10-10.xibtLq/results/append2-prod-4-pfs3-first-cand
Mode: compare
Timeout: 600s


=== Machine Info ===
# Machine Info
Kickstart 47.102, Workbench 47.2
System: 68040 68040/060-FPU   (INST: Cache Burst) (DATA: NoCache NoBurst)
Type  Available    In-Use   Maximum   Largest
chip    2028040     52728   2080768   2027968
fast    7531240    857368   8388608   7526176
total   9559280    910096  10469376   7526176


Mounted disks:
Unit      Size       Used       Free Full Errs   Status   Name
DF0       No disk present
DH0      4095M    4194304    4194303  50%   0  Read/Write System
DH1       255M         36      65372   0%   0  Read/Write BFSTest
DH2       Not a DOS disk

Volumes available:
BFSTest [Mounted]
System [Mounted]

=== BFS Results ===
FS_COMPARE_BENCH	4
DRIVE	DH1:
SMALL_CREATE_40_US	30528
LOOKUP_400_US	59263
SMALL_READ_40_US	17408
LIST_EXNEXT_400_US	20351
LIST_EXALL_400_US	7743
SEQ_WRITE_8M_US	30400
SEQ_READ_8M_US	269822
SMALL_DELETE_40_US	13886
APPEND_4K_1M_US	52525
APPEND_1K_256K_US	45119
APPEND_READ_1280K_US	43328
LIST_EXNEXT_40_ENTRIES_FIRST_PASS_US	5185
LIST_EXNEXT_40_ENTRIES_REPEAT10_TOTAL_US	21952
LIST_EXALL_40_ENTRIES_FIRST_PASS_US	1790
LIST_EXALL_40_ENTRIES_REPEAT10_TOTAL_US	8384
LIST_EXNEXT_400_ENTRIES_FIRST_PASS_US	30015
LIST_EXNEXT_400_ENTRIES_REPEAT10_TOTAL_US	212031
LIST_EXALL_400_ENTRIES_FIRST_PASS_US	15872
LIST_EXALL_400_ENTRIES_REPEAT10_TOTAL_US	76608
LIST_EXNEXT_1000_ENTRIES_FIRST_PASS_US	74176
LIST_EXNEXT_1000_ENTRIES_REPEAT10_TOTAL_US	545533
LIST_EXALL_1000_ENTRIES_FIRST_PASS_US	41088
LIST_EXALL_1000_ENTRIES_REPEAT10_TOTAL_US	191422
PASS	1

=== PFS3 Results ===
FS_COMPARE_BENCH	4
DRIVE	DH2:
SMALL_CREATE_40_US	16321
LOOKUP_400_US	66944
SMALL_READ_40_US	14016
LIST_EXNEXT_400_US	11840
LIST_EXALL_400_US	2880
SEQ_WRITE_8M_US	38910
SEQ_READ_8M_US	268607
SMALL_DELETE_40_US	7808
APPEND_4K_1M_US	31552
APPEND_1K_256K_US	23232
APPEND_READ_1280K_US	40960
LIST_EXNEXT_40_ENTRIES_FIRST_PASS_US	1664
LIST_EXNEXT_40_ENTRIES_REPEAT10_TOTAL_US	12288
LIST_EXALL_40_ENTRIES_FIRST_PASS_US	512
LIST_EXALL_40_ENTRIES_REPEAT10_TOTAL_US	2495
LIST_EXNEXT_400_ENTRIES_FIRST_PASS_US	12607
LIST_EXNEXT_400_ENTRIES_REPEAT10_TOTAL_US	113982
LIST_EXALL_400_ENTRIES_FIRST_PASS_US	2944
LIST_EXALL_400_ENTRIES_REPEAT10_TOTAL_US	20416
LIST_EXNEXT_1000_ENTRIES_FIRST_PASS_US	31232
LIST_EXNEXT_1000_ENTRIES_REPEAT10_TOTAL_US	291582
LIST_EXALL_1000_ENTRIES_FIRST_PASS_US	6465
LIST_EXALL_1000_ENTRIES_REPEAT10_TOTAL_US	50560
PASS	1
PASS: requested mounted-volume workload outputs are complete and data-checked
