=== BFS vs PFS3 Benchmark (FS-UAE 68040) ===
Evidence directory: /home/fabian/.cache/bfs-performance/listing-upgrade-2026-10-08.29qKRc/build/benchmark/leaf-range-normal-20261008-m3-1-bfs-first
Mode: compare
Timeout: 600s


=== Machine Info ===
# Machine Info
Kickstart 47.102, Workbench 47.2
System: 68040 68040/060-FPU   (INST: Cache Burst) (DATA: NoCache NoBurst)
Type  Available    In-Use   Maximum   Largest
chip    2028040     52728   2080768   2027968
fast    7689920    698688   8388608   7684880
total   9717960    751416  10469376   7684880


Mounted disks:
Unit      Size       Used       Free Full Errs   Status   Name
DF0       No disk present
DH0      4095M    4194304    4194303  50%   0  Read/Write System
DH1       255M         36      65372   0%   0  Read/Write BFSTest
DH2       Not a DOS disk

Volumes available:
BFSTest [Mounted]
System [Mounted]

=== BFS Results ===
FS_COMPARE_BENCH	4
DRIVE	DH1:
SMALL_CREATE_40_US	34817
LOOKUP_400_US	101311
SMALL_READ_40_US	20097
LIST_EXNEXT_400_US	30720
LIST_EXALL_400_US	11904
SEQ_WRITE_8M_US	55040
SEQ_READ_8M_US	272702
SMALL_DELETE_40_US	18292
APPEND_4K_1M_US	78208
APPEND_1K_256K_US	59265
APPEND_READ_1280K_US	44223
LIST_EXNEXT_40_ENTRIES_FIRST_PASS_US	6464
LIST_EXNEXT_40_ENTRIES_REPEAT10_TOTAL_US	31680
LIST_EXALL_40_ENTRIES_FIRST_PASS_US	4097
LIST_EXALL_40_ENTRIES_REPEAT10_TOTAL_US	9408
LIST_EXNEXT_400_ENTRIES_FIRST_PASS_US	63103
LIST_EXNEXT_400_ENTRIES_REPEAT10_TOTAL_US	619644
LIST_EXALL_400_ENTRIES_FIRST_PASS_US	41473
LIST_EXALL_400_ENTRIES_REPEAT10_TOTAL_US	411454
LIST_EXNEXT_1000_ENTRIES_FIRST_PASS_US	158527
LIST_EXNEXT_1000_ENTRIES_REPEAT10_TOTAL_US	1753078
LIST_EXALL_1000_ENTRIES_FIRST_PASS_US	103039
LIST_EXALL_1000_ENTRIES_REPEAT10_TOTAL_US	1029881
PASS	1

=== PFS3 Results ===
FS_COMPARE_BENCH	4
DRIVE	DH2:
SMALL_CREATE_40_US	16064
LOOKUP_400_US	66751
SMALL_READ_40_US	12928
LIST_EXNEXT_400_US	12096
LIST_EXALL_400_US	2496
SEQ_WRITE_8M_US	40000
SEQ_READ_8M_US	258173
SMALL_DELETE_40_US	8192
APPEND_4K_1M_US	32639
APPEND_1K_256K_US	23872
APPEND_READ_1280K_US	40255
LIST_EXNEXT_40_ENTRIES_FIRST_PASS_US	1537
LIST_EXNEXT_40_ENTRIES_REPEAT10_TOTAL_US	11840
LIST_EXALL_40_ENTRIES_FIRST_PASS_US	575
LIST_EXALL_40_ENTRIES_REPEAT10_TOTAL_US	2559
LIST_EXNEXT_400_ENTRIES_FIRST_PASS_US	12095
LIST_EXNEXT_400_ENTRIES_REPEAT10_TOTAL_US	112896
LIST_EXALL_400_ENTRIES_FIRST_PASS_US	2815
LIST_EXALL_400_ENTRIES_REPEAT10_TOTAL_US	20673
LIST_EXNEXT_1000_ENTRIES_FIRST_PASS_US	30975
LIST_EXNEXT_1000_ENTRIES_REPEAT10_TOTAL_US	280127
LIST_EXALL_1000_ENTRIES_FIRST_PASS_US	6400
LIST_EXALL_1000_ENTRIES_REPEAT10_TOTAL_US	50560
PASS	1
PASS: requested mounted-volume workload outputs are complete and data-checked
