=== BFS vs PFS3 Benchmark (FS-UAE 68040) ===
Evidence directory: /home/fabian/.cache/bfs-performance/exact-fastpath-2026-10-09.hdq3J0/build/benchmark/exact-key-normal-20261009-fast-6-pfs3-first
Mode: compare
Timeout: 600s


=== Machine Info ===
# Machine Info
Kickstart 47.102, Workbench 47.2
System: 68040 68040/060-FPU   (INST: Cache Burst) (DATA: NoCache NoBurst)
Type  Available    In-Use   Maximum   Largest
chip    2028040     52728   2080768   2027968
fast    7687320    701288   8388608   7682264
total   9715360    754016  10469376   7682264


Mounted disks:
Unit      Size       Used       Free Full Errs   Status   Name
DF0       No disk present
DH0      4095M    4194304    4194303  50%   0  Read/Write System
DH1       255M         36      65372   0%   0  Read/Write BFSTest
DH2       Not a DOS disk

Volumes available:
BFSTest [Mounted]
System [Mounted]

=== BFS Results ===
FS_COMPARE_BENCH	4
DRIVE	DH1:
SMALL_CREATE_40_US	32063
LOOKUP_400_US	75456
SMALL_READ_40_US	21567
LIST_EXNEXT_400_US	30208
LIST_EXALL_400_US	8575
SEQ_WRITE_8M_US	40577
SEQ_READ_8M_US	280895
SMALL_DELETE_40_US	17726
APPEND_4K_1M_US	76031
APPEND_1K_256K_US	62144
APPEND_READ_1280K_US	43584
LIST_EXNEXT_40_ENTRIES_FIRST_PASS_US	6464
LIST_EXNEXT_40_ENTRIES_REPEAT10_TOTAL_US	41665
LIST_EXALL_40_ENTRIES_FIRST_PASS_US	5246
LIST_EXALL_40_ENTRIES_REPEAT10_TOTAL_US	12990
LIST_EXNEXT_400_ENTRIES_FIRST_PASS_US	70167
LIST_EXNEXT_400_ENTRIES_REPEAT10_TOTAL_US	595197
LIST_EXALL_400_ENTRIES_FIRST_PASS_US	38105
LIST_EXALL_400_ENTRIES_REPEAT10_TOTAL_US	456126
LIST_EXNEXT_1000_ENTRIES_FIRST_PASS_US	223679
LIST_EXNEXT_1000_ENTRIES_REPEAT10_TOTAL_US	1743607
LIST_EXALL_1000_ENTRIES_FIRST_PASS_US	91071
LIST_EXALL_1000_ENTRIES_REPEAT10_TOTAL_US	1032443
PASS	1

=== PFS3 Results ===
FS_COMPARE_BENCH	4
DRIVE	DH2:
SMALL_CREATE_40_US	14593
LOOKUP_400_US	66944
SMALL_READ_40_US	13120
LIST_EXNEXT_400_US	11903
LIST_EXALL_400_US	2433
SEQ_WRITE_8M_US	35585
SEQ_READ_8M_US	256317
SMALL_DELETE_40_US	7806
APPEND_4K_1M_US	32193
APPEND_1K_256K_US	23040
APPEND_READ_1280K_US	40768
LIST_EXNEXT_40_ENTRIES_FIRST_PASS_US	1536
LIST_EXNEXT_40_ENTRIES_REPEAT10_TOTAL_US	12479
LIST_EXALL_40_ENTRIES_FIRST_PASS_US	577
LIST_EXALL_40_ENTRIES_REPEAT10_TOTAL_US	2560
LIST_EXNEXT_400_ENTRIES_FIRST_PASS_US	12992
LIST_EXNEXT_400_ENTRIES_REPEAT10_TOTAL_US	115327
LIST_EXALL_400_ENTRIES_FIRST_PASS_US	2817
LIST_EXALL_400_ENTRIES_REPEAT10_TOTAL_US	20736
LIST_EXNEXT_1000_ENTRIES_FIRST_PASS_US	38719
LIST_EXNEXT_1000_ENTRIES_REPEAT10_TOTAL_US	309950
LIST_EXALL_1000_ENTRIES_FIRST_PASS_US	8704
LIST_EXALL_1000_ENTRIES_REPEAT10_TOTAL_US	49856
PASS	1
PASS: requested mounted-volume workload outputs are complete and data-checked
