=== BFS vs PFS3 Benchmark (FS-UAE 68040) ===
Evidence directory: /home/fabian/.cache/bfs-performance/sparse-crc-2026-10-09.xN615F/candidate/build/benchmark/sparse-confirmation-20261009/confirm-aa-durable-m5a-1-bfs-first
Mode: durable-compare
Timeout: 600s


=== Machine Info ===
# Machine Info
Kickstart 47.102, Workbench 47.2
System: 68040 68040/060-FPU   (INST: Cache Burst) (DATA: NoCache NoBurst)
Type  Available    In-Use   Maximum   Largest
chip    2028040     52728   2080768   2027968
fast    7687256    701352   8388608   7682200
total   9715296    754080  10469376   7682200


Mounted disks:
Unit      Size       Used       Free Full Errs   Status   Name
DF0       No disk present
DH0      4095M    4194304    4194303  50%   0  Read/Write System
DH1       255M         36      65372   0%   0  Read/Write BFSTest
DH2       Not a DOS disk

Volumes available:
BFSTest [Mounted]
System [Mounted]

=== BFS Results ===
FS_DURABLE_COMPARE	4
DRIVE	DH1:
SMALL_CREATE_40_US	33471
LOOKUP_400_US	77825
SMALL_READ_40_US	21952
LIST_EXNEXT_400_US	39103
LIST_EXALL_400_US	9150
SEQ_WRITE_8M_US	43073
SEQ_READ_8M_US	266175
SMALL_DELETE_40_US	20417
APPEND_4K_1M_US	78527
APPEND_1K_256K_US	65343
APPEND_READ_1280K_US	43777
LIST_EXNEXT_40_ENTRIES_FIRST_PASS_US	6142
LIST_EXNEXT_40_ENTRIES_REPEAT10_TOTAL_US	31935
LIST_EXALL_40_ENTRIES_FIRST_PASS_US	3648
LIST_EXALL_40_ENTRIES_REPEAT10_TOTAL_US	9664
LIST_EXNEXT_400_ENTRIES_FIRST_PASS_US	56128
LIST_EXNEXT_400_ENTRIES_REPEAT10_TOTAL_US	598908
LIST_EXALL_400_ENTRIES_FIRST_PASS_US	35265
LIST_EXALL_400_ENTRIES_REPEAT10_TOTAL_US	352958
LIST_EXNEXT_1000_ENTRIES_FIRST_PASS_US	152062
LIST_EXNEXT_1000_ENTRIES_REPEAT10_TOTAL_US	1515895
LIST_EXALL_1000_ENTRIES_FIRST_PASS_US	92224
LIST_EXALL_1000_ENTRIES_REPEAT10_TOTAL_US	1017978
PASS	1

=== PFS3 Results ===
FS_DURABLE_COMPARE	4
DRIVE	DH2:
SMALL_CREATE_40_US	18048
LOOKUP_400_US	69568
SMALL_READ_40_US	14593
LIST_EXNEXT_400_US	12480
LIST_EXALL_400_US	2560
SEQ_WRITE_8M_US	40128
SEQ_READ_8M_US	261246
SMALL_DELETE_40_US	9088
APPEND_4K_1M_US	34752
APPEND_1K_256K_US	24128
APPEND_READ_1280K_US	42305
LIST_EXNEXT_40_ENTRIES_FIRST_PASS_US	1728
LIST_EXNEXT_40_ENTRIES_REPEAT10_TOTAL_US	12160
LIST_EXALL_40_ENTRIES_FIRST_PASS_US	639
LIST_EXALL_40_ENTRIES_REPEAT10_TOTAL_US	2623
LIST_EXNEXT_400_ENTRIES_FIRST_PASS_US	13184
LIST_EXNEXT_400_ENTRIES_REPEAT10_TOTAL_US	115136
LIST_EXALL_400_ENTRIES_FIRST_PASS_US	2880
LIST_EXALL_400_ENTRIES_REPEAT10_TOTAL_US	20607
LIST_EXNEXT_1000_ENTRIES_FIRST_PASS_US	32831
LIST_EXNEXT_1000_ENTRIES_REPEAT10_TOTAL_US	283710
LIST_EXALL_1000_ENTRIES_FIRST_PASS_US	7553
LIST_EXALL_1000_ENTRIES_REPEAT10_TOTAL_US	51071
PASS	1
PASS: requested mounted-volume workload outputs are complete and data-checked
