=== BFS vs PFS3 Benchmark (FS-UAE 68040) ===
Evidence directory: /home/fabian/.cache/bfs-performance/exact-fastpath-2026-10-09.hdq3J0/build/benchmark/exact-key-normal-20261009-m3-2-pfs3-first
Mode: compare
Timeout: 600s


=== Machine Info ===
# Machine Info
Kickstart 47.102, Workbench 47.2
System: 68040 68040/060-FPU   (INST: Cache Burst) (DATA: NoCache NoBurst)
Type  Available    In-Use   Maximum   Largest
chip    2028040     52728   2080768   2027968
fast    7689920    698688   8388608   7684880
total   9717960    751416  10469376   7684880


Mounted disks:
Unit      Size       Used       Free Full Errs   Status   Name
DF0       No disk present
DH0      4095M    4194304    4194303  50%   0  Read/Write System
DH1       255M         36      65372   0%   0  Read/Write BFSTest
DH2       Not a DOS disk

Volumes available:
BFSTest [Mounted]
System [Mounted]

=== BFS Results ===
FS_COMPARE_BENCH	4
DRIVE	DH1:
SMALL_CREATE_40_US	31615
LOOKUP_400_US	75328
SMALL_READ_40_US	21887
LIST_EXNEXT_400_US	30465
LIST_EXALL_400_US	8575
SEQ_WRITE_8M_US	38336
SEQ_READ_8M_US	265597
SMALL_DELETE_40_US	17088
APPEND_4K_1M_US	73728
APPEND_1K_256K_US	69631
APPEND_READ_1280K_US	42495
LIST_EXNEXT_40_ENTRIES_FIRST_PASS_US	6272
LIST_EXNEXT_40_ENTRIES_REPEAT10_TOTAL_US	35200
LIST_EXALL_40_ENTRIES_FIRST_PASS_US	4865
LIST_EXALL_40_ENTRIES_REPEAT10_TOTAL_US	14079
LIST_EXNEXT_400_ENTRIES_FIRST_PASS_US	91584
LIST_EXNEXT_400_ENTRIES_REPEAT10_TOTAL_US	662716
LIST_EXALL_400_ENTRIES_FIRST_PASS_US	39615
LIST_EXALL_400_ENTRIES_REPEAT10_TOTAL_US	397693
LIST_EXNEXT_1000_ENTRIES_FIRST_PASS_US	160704
LIST_EXNEXT_1000_ENTRIES_REPEAT10_TOTAL_US	1793015
LIST_EXALL_1000_ENTRIES_FIRST_PASS_US	102655
LIST_EXALL_1000_ENTRIES_REPEAT10_TOTAL_US	1154810
PASS	1

=== PFS3 Results ===
FS_COMPARE_BENCH	4
DRIVE	DH2:
SMALL_CREATE_40_US	17600
LOOKUP_400_US	67903
SMALL_READ_40_US	14400
LIST_EXNEXT_400_US	12160
LIST_EXALL_400_US	2560
SEQ_WRITE_8M_US	41598
SEQ_READ_8M_US	279357
SMALL_DELETE_40_US	7935
APPEND_4K_1M_US	41345
APPEND_1K_256K_US	26559
APPEND_READ_1280K_US	42093
LIST_EXNEXT_40_ENTRIES_FIRST_PASS_US	1664
LIST_EXNEXT_40_ENTRIES_REPEAT10_TOTAL_US	12544
LIST_EXALL_40_ENTRIES_FIRST_PASS_US	512
LIST_EXALL_40_ENTRIES_REPEAT10_TOTAL_US	2497
LIST_EXNEXT_400_ENTRIES_FIRST_PASS_US	13695
LIST_EXNEXT_400_ENTRIES_REPEAT10_TOTAL_US	129087
LIST_EXALL_400_ENTRIES_FIRST_PASS_US	2880
LIST_EXALL_400_ENTRIES_REPEAT10_TOTAL_US	21120
LIST_EXNEXT_1000_ENTRIES_FIRST_PASS_US	32767
LIST_EXNEXT_1000_ENTRIES_REPEAT10_TOTAL_US	333731
LIST_EXALL_1000_ENTRIES_FIRST_PASS_US	6465
LIST_EXALL_1000_ENTRIES_REPEAT10_TOTAL_US	51071
PASS	1
PASS: requested mounted-volume workload outputs are complete and data-checked
