=== BFS vs PFS3 Benchmark (FS-UAE 68040) ===
Evidence directory: /home/fabian/.cache/bfs-performance/write-guard-2026-10-09.qG6xKe/results/write-guard-normal-base-1-bfs-first
Mode: compare
Timeout: 600s


=== Machine Info ===
# Machine Info
Kickstart 47.102, Workbench 47.2
System: 68040 68040/060-FPU   (INST: Cache Burst) (DATA: NoCache NoBurst)
Type  Available    In-Use   Maximum   Largest
chip    2028040     52728   2080768   2027968
fast    7686824    701784   8388608   7681768
total   9714864    754512  10469376   7681768


Mounted disks:
Unit      Size       Used       Free Full Errs   Status   Name
DF0       No disk present
DH0      4095M    4194304    4194303  50%   0  Read/Write System
DH1       255M         36      65372   0%   0  Read/Write BFSTest
DH2       Not a DOS disk

Volumes available:
BFSTest [Mounted]
System [Mounted]

=== BFS Results ===
FS_COMPARE_BENCH	4
DRIVE	DH1:
SMALL_CREATE_40_US	29951
LOOKUP_400_US	74305
SMALL_READ_40_US	29312
LIST_EXNEXT_400_US	30975
LIST_EXALL_400_US	8960
SEQ_WRITE_8M_US	38143
SEQ_READ_8M_US	314303
SMALL_DELETE_40_US	17408
APPEND_4K_1M_US	78976
APPEND_1K_256K_US	59840
APPEND_READ_1280K_US	42349
LIST_EXNEXT_40_ENTRIES_FIRST_PASS_US	5569
LIST_EXNEXT_40_ENTRIES_REPEAT10_TOTAL_US	31935
LIST_EXALL_40_ENTRIES_FIRST_PASS_US	3391
LIST_EXALL_40_ENTRIES_REPEAT10_TOTAL_US	9537
LIST_EXNEXT_400_ENTRIES_FIRST_PASS_US	51840
LIST_EXNEXT_400_ENTRIES_REPEAT10_TOTAL_US	512637
LIST_EXALL_400_ENTRIES_FIRST_PASS_US	29566
LIST_EXALL_400_ENTRIES_REPEAT10_TOTAL_US	293120
LIST_EXNEXT_1000_ENTRIES_FIRST_PASS_US	129407
LIST_EXNEXT_1000_ENTRIES_REPEAT10_TOTAL_US	1324024
LIST_EXALL_1000_ENTRIES_FIRST_PASS_US	111553
LIST_EXALL_1000_ENTRIES_REPEAT10_TOTAL_US	823229
PASS	1

=== PFS3 Results ===
FS_COMPARE_BENCH	4
DRIVE	DH2:
SMALL_CREATE_40_US	17409
LOOKUP_400_US	82880
SMALL_READ_40_US	14208
LIST_EXNEXT_400_US	14335
LIST_EXALL_400_US	2560
SEQ_WRITE_8M_US	40128
SEQ_READ_8M_US	284413
SMALL_DELETE_40_US	9471
APPEND_4K_1M_US	46655
APPEND_1K_256K_US	44287
APPEND_READ_1280K_US	100991
LIST_EXNEXT_40_ENTRIES_FIRST_PASS_US	1601
LIST_EXNEXT_40_ENTRIES_REPEAT10_TOTAL_US	11969
LIST_EXALL_40_ENTRIES_FIRST_PASS_US	575
LIST_EXALL_40_ENTRIES_REPEAT10_TOTAL_US	2496
LIST_EXNEXT_400_ENTRIES_FIRST_PASS_US	12865
LIST_EXNEXT_400_ENTRIES_REPEAT10_TOTAL_US	125678
LIST_EXALL_400_ENTRIES_FIRST_PASS_US	2944
LIST_EXALL_400_ENTRIES_REPEAT10_TOTAL_US	20800
LIST_EXNEXT_1000_ENTRIES_FIRST_PASS_US	32127
LIST_EXNEXT_1000_ENTRIES_REPEAT10_TOTAL_US	277692
LIST_EXALL_1000_ENTRIES_FIRST_PASS_US	6464
LIST_EXALL_1000_ENTRIES_REPEAT10_TOTAL_US	49151
PASS	1
PASS: requested mounted-volume workload outputs are complete and data-checked
