=== BFS vs PFS3 Benchmark (FS-UAE 68040) ===
Evidence directory: /home/fabian/.cache/bfs-performance/goal-root-2026-10-09.iikmxS/results/goal-root-aa-normal-baseb-1-bfs-first
Mode: compare
Timeout: 600s


=== Machine Info ===
# Machine Info
Kickstart 47.102, Workbench 47.2
System: 68040 68040/060-FPU   (INST: Cache Burst) (DATA: NoCache NoBurst)
Type  Available    In-Use   Maximum   Largest
chip    2028040     52728   2080768   2027968
fast    7686824    701784   8388608   7681768
total   9714864    754512  10469376   7681768


Mounted disks:
Unit      Size       Used       Free Full Errs   Status   Name
DF0       No disk present
DH0      4095M    4194304    4194303  50%   0  Read/Write System
DH1       255M         36      65372   0%   0  Read/Write BFSTest
DH2       Not a DOS disk

Volumes available:
BFSTest [Mounted]
System [Mounted]

=== BFS Results ===
FS_COMPARE_BENCH	4
DRIVE	DH1:
SMALL_CREATE_40_US	30719
LOOKUP_400_US	75328
SMALL_READ_40_US	20417
LIST_EXNEXT_400_US	37055
LIST_EXALL_400_US	12972
SEQ_WRITE_8M_US	67263
SEQ_READ_8M_US	280172
SMALL_DELETE_40_US	17600
APPEND_4K_1M_US	72894
APPEND_1K_256K_US	60480
APPEND_READ_1280K_US	53184
LIST_EXNEXT_40_ENTRIES_FIRST_PASS_US	5951
LIST_EXNEXT_40_ENTRIES_REPEAT10_TOTAL_US	31229
LIST_EXALL_40_ENTRIES_FIRST_PASS_US	3520
LIST_EXALL_40_ENTRIES_REPEAT10_TOTAL_US	9345
LIST_EXNEXT_400_ENTRIES_FIRST_PASS_US	52225
LIST_EXNEXT_400_ENTRIES_REPEAT10_TOTAL_US	523581
LIST_EXALL_400_ENTRIES_FIRST_PASS_US	30848
LIST_EXALL_400_ENTRIES_REPEAT10_TOTAL_US	308350
LIST_EXNEXT_1000_ENTRIES_FIRST_PASS_US	130304
LIST_EXNEXT_1000_ENTRIES_REPEAT10_TOTAL_US	1351480
LIST_EXALL_1000_ENTRIES_FIRST_PASS_US	75391
LIST_EXALL_1000_ENTRIES_REPEAT10_TOTAL_US	751484
PASS	1

=== PFS3 Results ===
FS_COMPARE_BENCH	4
DRIVE	DH2:
SMALL_CREATE_40_US	16193
LOOKUP_400_US	66688
SMALL_READ_40_US	12929
LIST_EXNEXT_400_US	12032
LIST_EXALL_400_US	2496
SEQ_WRITE_8M_US	38720
SEQ_READ_8M_US	299135
SMALL_DELETE_40_US	7605
APPEND_4K_1M_US	34943
APPEND_1K_256K_US	24897
APPEND_READ_1280K_US	42240
LIST_EXNEXT_40_ENTRIES_FIRST_PASS_US	1728
LIST_EXNEXT_40_ENTRIES_REPEAT10_TOTAL_US	12543
LIST_EXALL_40_ENTRIES_FIRST_PASS_US	577
LIST_EXALL_40_ENTRIES_REPEAT10_TOTAL_US	2496
LIST_EXNEXT_400_ENTRIES_FIRST_PASS_US	13375
LIST_EXNEXT_400_ENTRIES_REPEAT10_TOTAL_US	153216
LIST_EXALL_400_ENTRIES_FIRST_PASS_US	2688
LIST_EXALL_400_ENTRIES_REPEAT10_TOTAL_US	20545
LIST_EXNEXT_1000_ENTRIES_FIRST_PASS_US	54911
LIST_EXNEXT_1000_ENTRIES_REPEAT10_TOTAL_US	364797
LIST_EXALL_1000_ENTRIES_FIRST_PASS_US	6400
LIST_EXALL_1000_ENTRIES_REPEAT10_TOTAL_US	50496
PASS	1
PASS: requested mounted-volume workload outputs are complete and data-checked
