=== BFS vs PFS3 Benchmark (FS-UAE 68040) ===
Evidence directory: /home/fabian/.cache/bfs-performance/metadata-2026-10-08.QvzB5w/build/benchmark/metadata-v4-c8-20261008-m1b-3-bfs-first
Mode: compare
Timeout: 600s


=== Machine Info ===
# Machine Info
Kickstart 47.102, Workbench 47.2
System: 68040 68040/060-FPU   (INST: Cache Burst) (DATA: NoCache NoBurst)
Type  Available    In-Use   Maximum   Largest
chip    2028040     52728   2080768   2027968
fast    7694024    694584   8388608   7688952
total   9722064    747312  10469376   7688952


Mounted disks:
Unit      Size       Used       Free Full Errs   Status   Name
DF0       No disk present
DH0      4095M    4194304    4194303  50%   0  Read/Write System
DH1       255M         36      65372   0%   0  Read/Write BFSTest
DH2       Not a DOS disk

Volumes available:
BFSTest [Mounted]
System [Mounted]

=== BFS Results ===
FS_COMPARE_BENCH	4
DRIVE	DH1:
SMALL_CREATE_40_US	28671
LOOKUP_400_US	73793
SMALL_READ_40_US	19072
LIST_EXNEXT_400_US	32190
LIST_EXALL_400_US	8513
SEQ_WRITE_8M_US	37311
SEQ_READ_8M_US	268607
SMALL_DELETE_40_US	19712
APPEND_4K_1M_US	81983
APPEND_1K_256K_US	62079
APPEND_READ_1280K_US	42817
LIST_EXNEXT_40_ENTRIES_FIRST_PASS_US	7295
LIST_EXNEXT_40_ENTRIES_REPEAT10_TOTAL_US	41007
LIST_EXALL_40_ENTRIES_FIRST_PASS_US	5185
LIST_EXALL_40_ENTRIES_REPEAT10_TOTAL_US	13056
LIST_EXNEXT_400_ENTRIES_FIRST_PASS_US	62016
LIST_EXNEXT_400_ENTRIES_REPEAT10_TOTAL_US	660412
LIST_EXALL_400_ENTRIES_FIRST_PASS_US	37568
LIST_EXALL_400_ENTRIES_REPEAT10_TOTAL_US	430463
LIST_EXNEXT_1000_ENTRIES_FIRST_PASS_US	193406
LIST_EXNEXT_1000_ENTRIES_REPEAT10_TOTAL_US	1601462
LIST_EXALL_1000_ENTRIES_FIRST_PASS_US	92543
LIST_EXALL_1000_ENTRIES_REPEAT10_TOTAL_US	931388
PASS	1

=== PFS3 Results ===
FS_COMPARE_BENCH	4
DRIVE	DH2:
SMALL_CREATE_40_US	14720
LOOKUP_400_US	66943
SMALL_READ_40_US	12480
LIST_EXNEXT_400_US	12672
LIST_EXALL_400_US	2559
SEQ_WRITE_8M_US	36607
SEQ_READ_8M_US	252478
SMALL_DELETE_40_US	7873
APPEND_4K_1M_US	32703
APPEND_1K_256K_US	23360
APPEND_READ_1280K_US	39935
LIST_EXNEXT_40_ENTRIES_FIRST_PASS_US	1664
LIST_EXNEXT_40_ENTRIES_REPEAT10_TOTAL_US	12224
LIST_EXALL_40_ENTRIES_FIRST_PASS_US	640
LIST_EXALL_40_ENTRIES_REPEAT10_TOTAL_US	2495
LIST_EXNEXT_400_ENTRIES_FIRST_PASS_US	12095
LIST_EXNEXT_400_ENTRIES_REPEAT10_TOTAL_US	134143
LIST_EXALL_400_ENTRIES_FIRST_PASS_US	2814
LIST_EXALL_400_ENTRIES_REPEAT10_TOTAL_US	25152
LIST_EXNEXT_1000_ENTRIES_FIRST_PASS_US	31232
LIST_EXNEXT_1000_ENTRIES_REPEAT10_TOTAL_US	291518
LIST_EXALL_1000_ENTRIES_FIRST_PASS_US	7807
LIST_EXALL_1000_ENTRIES_REPEAT10_TOTAL_US	72446
PASS	1
PASS: requested mounted-volume workload outputs are complete and data-checked
