=== BFS vs PFS3 Benchmark (FS-UAE 68040) ===
Evidence directory: /home/fabian/.cache/bfs-performance/splitbatch-2026-10-10.USYRpP/results/splitbatch-1-bfs-first-ref
Mode: compare
Timeout: 600s


=== Machine Info ===
# Machine Info
Kickstart 47.102, Workbench 47.2
System: 68040 68040/060-FPU   (INST: Cache Burst) (DATA: NoCache NoBurst)
Type  Available    In-Use   Maximum   Largest
chip    2028040     52728   2080768   2027968
fast    7531240    857368   8388608   7526176
total   9559280    910096  10469376   7526176


Mounted disks:
Unit      Size       Used       Free Full Errs   Status   Name
DF0       No disk present
DH0      4095M    4194304    4194303  50%   0  Read/Write System
DH1       255M         36      65372   0%   0  Read/Write BFSTest
DH2       Not a DOS disk

Volumes available:
BFSTest [Mounted]
System [Mounted]

=== BFS Results ===
FS_COMPARE_BENCH	4
DRIVE	DH1:
SMALL_CREATE_40_US	28863
LOOKUP_400_US	59455
SMALL_READ_40_US	17856
LIST_EXNEXT_400_US	20351
LIST_EXALL_400_US	7872
SEQ_WRITE_8M_US	28607
SEQ_READ_8M_US	262590
SMALL_DELETE_40_US	13951
APPEND_4K_1M_US	53503
APPEND_1K_256K_US	43583
APPEND_READ_1280K_US	44992
LIST_EXNEXT_40_ENTRIES_FIRST_PASS_US	4288
LIST_EXNEXT_40_ENTRIES_REPEAT10_TOTAL_US	25665
LIST_EXALL_40_ENTRIES_FIRST_PASS_US	2686
LIST_EXALL_40_ENTRIES_REPEAT10_TOTAL_US	11647
LIST_EXNEXT_400_ENTRIES_FIRST_PASS_US	29633
LIST_EXNEXT_400_ENTRIES_REPEAT10_TOTAL_US	209215
LIST_EXALL_400_ENTRIES_FIRST_PASS_US	15617
LIST_EXALL_400_ENTRIES_REPEAT10_TOTAL_US	75199
LIST_EXNEXT_1000_ENTRIES_FIRST_PASS_US	73215
LIST_EXNEXT_1000_ENTRIES_REPEAT10_TOTAL_US	535229
LIST_EXALL_1000_ENTRIES_FIRST_PASS_US	44480
LIST_EXALL_1000_ENTRIES_REPEAT10_TOTAL_US	193024
PASS	1

=== PFS3 Results ===
FS_COMPARE_BENCH	4
DRIVE	DH2:
SMALL_CREATE_40_US	16191
LOOKUP_400_US	65152
SMALL_READ_40_US	14656
LIST_EXNEXT_400_US	11647
LIST_EXALL_400_US	2497
SEQ_WRITE_8M_US	40831
SEQ_READ_8M_US	263679
SMALL_DELETE_40_US	7809
APPEND_4K_1M_US	34048
APPEND_1K_256K_US	23935
APPEND_READ_1280K_US	40063
LIST_EXNEXT_40_ENTRIES_FIRST_PASS_US	1664
LIST_EXNEXT_40_ENTRIES_REPEAT10_TOTAL_US	12096
LIST_EXALL_40_ENTRIES_FIRST_PASS_US	575
LIST_EXALL_40_ENTRIES_REPEAT10_TOTAL_US	2558
LIST_EXNEXT_400_ENTRIES_FIRST_PASS_US	12992
LIST_EXNEXT_400_ENTRIES_REPEAT10_TOTAL_US	126528
LIST_EXALL_400_ENTRIES_FIRST_PASS_US	2815
LIST_EXALL_400_ENTRIES_REPEAT10_TOTAL_US	20608
LIST_EXNEXT_1000_ENTRIES_FIRST_PASS_US	31615
LIST_EXNEXT_1000_ENTRIES_REPEAT10_TOTAL_US	390333
LIST_EXALL_1000_ENTRIES_FIRST_PASS_US	7616
LIST_EXALL_1000_ENTRIES_REPEAT10_TOTAL_US	49854
PASS	1
PASS: requested mounted-volume workload outputs are complete and data-checked
