=== BFS vs PFS3 Benchmark (FS-UAE 68040) ===
Evidence directory: /home/fabian/.cache/bfs-performance/prodcodegen-pilot-2026-10-10.rjXGlO/results/prodcodegen-4-pfs3-first-candidate
Mode: compare
Timeout: 600s


=== Machine Info ===
# Machine Info
Kickstart 47.102, Workbench 47.2
System: 68040 68040/060-FPU   (INST: Cache Burst) (DATA: NoCache NoBurst)
Type  Available    In-Use   Maximum   Largest
chip    2028040     52728   2080768   2027968
fast    7534464    854144   8388608   7529392
total   9562504    906872  10469376   7529392


Mounted disks:
Unit      Size       Used       Free Full Errs   Status   Name
DF0       No disk present
DH0      4095M    4194304    4194303  50%   0  Read/Write System
DH1       255M         36      65372   0%   0  Read/Write BFSTest
DH2       Not a DOS disk

Volumes available:
BFSTest [Mounted]
System [Mounted]

=== BFS Results ===
FS_COMPARE_BENCH	4
DRIVE	DH1:
SMALL_CREATE_40_US	29695
LOOKUP_400_US	63680
SMALL_READ_40_US	22145
LIST_EXNEXT_400_US	28160
LIST_EXALL_400_US	8064
SEQ_WRITE_8M_US	37311
SEQ_READ_8M_US	284478
SMALL_DELETE_40_US	13626
APPEND_4K_1M_US	66945
APPEND_1K_256K_US	66175
APPEND_READ_1280K_US	45118
LIST_EXNEXT_40_ENTRIES_FIRST_PASS_US	4672
LIST_EXNEXT_40_ENTRIES_REPEAT10_TOTAL_US	28544
LIST_EXALL_40_ENTRIES_FIRST_PASS_US	1855
LIST_EXALL_40_ENTRIES_REPEAT10_TOTAL_US	8320
LIST_EXNEXT_400_ENTRIES_FIRST_PASS_US	37183
LIST_EXNEXT_400_ENTRIES_REPEAT10_TOTAL_US	295295
LIST_EXALL_400_ENTRIES_FIRST_PASS_US	16600
LIST_EXALL_400_ENTRIES_REPEAT10_TOTAL_US	76992
LIST_EXNEXT_1000_ENTRIES_FIRST_PASS_US	95039
LIST_EXNEXT_1000_ENTRIES_REPEAT10_TOTAL_US	728507
LIST_EXALL_1000_ENTRIES_FIRST_PASS_US	38143
LIST_EXALL_1000_ENTRIES_REPEAT10_TOTAL_US	189118
PASS	1

=== PFS3 Results ===
FS_COMPARE_BENCH	4
DRIVE	DH2:
SMALL_CREATE_40_US	16960
LOOKUP_400_US	66431
SMALL_READ_40_US	15105
LIST_EXNEXT_400_US	14529
LIST_EXALL_400_US	3840
SEQ_WRITE_8M_US	46912
SEQ_READ_8M_US	256575
SMALL_DELETE_40_US	7808
APPEND_4K_1M_US	32320
APPEND_1K_256K_US	23231
APPEND_READ_1280K_US	40383
LIST_EXNEXT_40_ENTRIES_FIRST_PASS_US	1663
LIST_EXNEXT_40_ENTRIES_REPEAT10_TOTAL_US	11969
LIST_EXALL_40_ENTRIES_FIRST_PASS_US	769
LIST_EXALL_40_ENTRIES_REPEAT10_TOTAL_US	2432
LIST_EXNEXT_400_ENTRIES_FIRST_PASS_US	13696
LIST_EXNEXT_400_ENTRIES_REPEAT10_TOTAL_US	118143
LIST_EXALL_400_ENTRIES_FIRST_PASS_US	4287
LIST_EXALL_400_ENTRIES_REPEAT10_TOTAL_US	23420
LIST_EXNEXT_1000_ENTRIES_FIRST_PASS_US	31871
LIST_EXNEXT_1000_ENTRIES_REPEAT10_TOTAL_US	275583
LIST_EXALL_1000_ENTRIES_FIRST_PASS_US	6527
LIST_EXALL_1000_ENTRIES_REPEAT10_TOTAL_US	49216
PASS	1
PASS: requested mounted-volume workload outputs are complete and data-checked
