4c31929f12f88cf080faf742ccc574040bcaf35671fe37bedc9bbc83ed1bafc1  src/core/alloc.c
2ca5bf5b0cef2f943cc1685b9ef0b8e5f68317cff251222be3d49aecc6e8cbb1  src/core/fs.c
bf1f6549cf72c7f104a4187ebd9710f342e86556ab3b6e6aed3ba6beed0ae310  include/bfs_alloc.h
4db7d6369030b759482e089e422dd936fe68ccb2485322c2e3a078fbed1afff7  tests/test_alloc_root_shift.c
197c4faff73e2f7c3e7af60659a7654992417bdc1ace3c5ac4ae53a18a430556  build/amiga/bfshandler
f5b907b2de11db8e1d7b045e79837d36a4d224f07e0798a7f10e428154b7bedb  build/amiga/bfshandler-probe
9b43efc76d61471f89b4b9bae66e0a6fa1f9dc35d873398b7b3000a69f3afc39  build/benchmark/shift-cachy-baseline-bfs-first/system/L/bfshandler
9b43efc76d61471f89b4b9bae66e0a6fa1f9dc35d873398b7b3000a69f3afc39  build/benchmark/shift-cachy-baseline-pfs3-first/system/L/bfshandler
197c4faff73e2f7c3e7af60659a7654992417bdc1ace3c5ac4ae53a18a430556  build/benchmark/shift-cachy-candidate-bfs-first/system/L/bfshandler
197c4faff73e2f7c3e7af60659a7654992417bdc1ace3c5ac4ae53a18a430556  build/benchmark/shift-cachy-candidate-pfs3-first/system/L/bfshandler
f5b907b2de11db8e1d7b045e79837d36a4d224f07e0798a7f10e428154b7bedb  build/benchmark/shift-cachy-deep/system/L/bfshandler
9b43efc76d61471f89b4b9bae66e0a6fa1f9dc35d873398b7b3000a69f3afc39  build/benchmark/shift-cachy-repeat-baseline-bfs-first/system/L/bfshandler
9b43efc76d61471f89b4b9bae66e0a6fa1f9dc35d873398b7b3000a69f3afc39  build/benchmark/shift-cachy-repeat-baseline-pfs3-first/system/L/bfshandler
197c4faff73e2f7c3e7af60659a7654992417bdc1ace3c5ac4ae53a18a430556  build/benchmark/shift-cachy-repeat-candidate-bfs-first/system/L/bfshandler
197c4faff73e2f7c3e7af60659a7654992417bdc1ace3c5ac4ae53a18a430556  build/benchmark/shift-cachy-repeat-candidate-pfs3-first/system/L/bfshandler
9b43efc76d61471f89b4b9bae66e0a6fa1f9dc35d873398b7b3000a69f3afc39  build/benchmark/shift2-cachy-baseline-bfs-first/system/L/bfshandler
b28cfcfd59a29f622d4aa55df9e67756c21920cd0e8e39341398016a0983ddf9  build/benchmark/shift2-cachy-baseline-deep/system/L/bfshandler
9b43efc76d61471f89b4b9bae66e0a6fa1f9dc35d873398b7b3000a69f3afc39  build/benchmark/shift2-cachy-baseline-pfs3-first/system/L/bfshandler
197c4faff73e2f7c3e7af60659a7654992417bdc1ace3c5ac4ae53a18a430556  build/benchmark/shift2-cachy-candidate-bfs-first/system/L/bfshandler
f5b907b2de11db8e1d7b045e79837d36a4d224f07e0798a7f10e428154b7bedb  build/benchmark/shift2-cachy-candidate-deep-pfs3-first/system/L/bfshandler
197c4faff73e2f7c3e7af60659a7654992417bdc1ace3c5ac4ae53a18a430556  build/benchmark/shift2-cachy-candidate-pfs3-first/system/L/bfshandler
9b43efc76d61471f89b4b9bae66e0a6fa1f9dc35d873398b7b3000a69f3afc39  build/benchmark/shift2-cachy-repeat-baseline-bfs-first/system/L/bfshandler
9b43efc76d61471f89b4b9bae66e0a6fa1f9dc35d873398b7b3000a69f3afc39  build/benchmark/shift2-cachy-repeat-baseline-pfs3-first/system/L/bfshandler
197c4faff73e2f7c3e7af60659a7654992417bdc1ace3c5ac4ae53a18a430556  build/benchmark/shift2-cachy-repeat-candidate-bfs-first/system/L/bfshandler
197c4faff73e2f7c3e7af60659a7654992417bdc1ace3c5ac4ae53a18a430556  build/benchmark/shift2-cachy-repeat-candidate-pfs3-first/system/L/bfshandler
