=== BFS vs PFS3 Benchmark (FS-UAE 68040) ===
Evidence directory: /home/fabian/.cache/bfs-performance/listing-upgrade-2026-10-08.29qKRc/build/benchmark/leaf-range-durable-20261008-range-7-bfs-first
Mode: durable-compare
Timeout: 600s


=== Machine Info ===
# Machine Info
Kickstart 47.102, Workbench 47.2
System: 68040 68040/060-FPU   (INST: Cache Burst) (DATA: NoCache NoBurst)
Type  Available    In-Use   Maximum   Largest
chip    2028040     52728   2080768   2027968
fast    7687256    701352   8388608   7682200
total   9715296    754080  10469376   7682200


Mounted disks:
Unit      Size       Used       Free Full Errs   Status   Name
DF0       No disk present
DH0      4095M    4194304    4194303  50%   0  Read/Write System
DH1       255M         36      65372   0%   0  Read/Write BFSTest
DH2       Not a DOS disk

Volumes available:
BFSTest [Mounted]
System [Mounted]

=== BFS Results ===
FS_DURABLE_COMPARE	4
DRIVE	DH1:
SMALL_CREATE_40_US	34944
LOOKUP_400_US	76543
SMALL_READ_40_US	20671
LIST_EXNEXT_400_US	31040
LIST_EXALL_400_US	9280
SEQ_WRITE_8M_US	42303
SEQ_READ_8M_US	264190
SMALL_DELETE_40_US	20224
APPEND_4K_1M_US	75583
APPEND_1K_256K_US	63359
APPEND_READ_1280K_US	42687
LIST_EXNEXT_40_ENTRIES_FIRST_PASS_US	9600
LIST_EXNEXT_40_ENTRIES_REPEAT10_TOTAL_US	37248
LIST_EXALL_40_ENTRIES_FIRST_PASS_US	3776
LIST_EXALL_40_ENTRIES_REPEAT10_TOTAL_US	10367
LIST_EXNEXT_400_ENTRIES_FIRST_PASS_US	55678
LIST_EXNEXT_400_ENTRIES_REPEAT10_TOTAL_US	575356
LIST_EXALL_400_ENTRIES_FIRST_PASS_US	37183
LIST_EXALL_400_ENTRIES_REPEAT10_TOTAL_US	354684
LIST_EXNEXT_1000_ENTRIES_FIRST_PASS_US	146944
LIST_EXNEXT_1000_ENTRIES_REPEAT10_TOTAL_US	1599350
LIST_EXALL_1000_ENTRIES_FIRST_PASS_US	167679
LIST_EXALL_1000_ENTRIES_REPEAT10_TOTAL_US	939579
PASS	1

=== PFS3 Results ===
FS_DURABLE_COMPARE	4
DRIVE	DH2:
SMALL_CREATE_40_US	16822
LOOKUP_400_US	66431
SMALL_READ_40_US	13760
LIST_EXNEXT_400_US	11840
LIST_EXALL_400_US	2496
SEQ_WRITE_8M_US	40639
SEQ_READ_8M_US	260094
SMALL_DELETE_40_US	8831
APPEND_4K_1M_US	33280
APPEND_1K_256K_US	23871
APPEND_READ_1280K_US	40705
LIST_EXNEXT_40_ENTRIES_FIRST_PASS_US	1663
LIST_EXNEXT_40_ENTRIES_REPEAT10_TOTAL_US	12225
LIST_EXALL_40_ENTRIES_FIRST_PASS_US	575
LIST_EXALL_40_ENTRIES_REPEAT10_TOTAL_US	2496
LIST_EXNEXT_400_ENTRIES_FIRST_PASS_US	12928
LIST_EXNEXT_400_ENTRIES_REPEAT10_TOTAL_US	113406
LIST_EXALL_400_ENTRIES_FIRST_PASS_US	3520
LIST_EXALL_400_ENTRIES_REPEAT10_TOTAL_US	20543
LIST_EXNEXT_1000_ENTRIES_FIRST_PASS_US	32191
LIST_EXNEXT_1000_ENTRIES_REPEAT10_TOTAL_US	312382
LIST_EXALL_1000_ENTRIES_FIRST_PASS_US	6592
LIST_EXALL_1000_ENTRIES_REPEAT10_TOTAL_US	51455
PASS	1
PASS: requested mounted-volume workload outputs are complete and data-checked
