=== BFS vs PFS3 Benchmark (FS-UAE 68040) ===
Evidence directory: /home/fabian/.cache/bfs-performance/status-2026-10-10.NvWrOR/results/status-5-bfs-first-release040
Mode: compare
Timeout: 600s


=== Machine Info ===
# Machine Info
Kickstart 47.102, Workbench 47.2
System: 68040 68040/060-FPU   (INST: Cache Burst) (DATA: NoCache NoBurst)
Type  Available    In-Use   Maximum   Largest
chip    2028040     52728   2080768   2027968
fast    7529008    859600   8388608   7523936
total   9557048    912328  10469376   7523936


Mounted disks:
Unit      Size       Used       Free Full Errs   Status   Name
DF0       No disk present
DH0      4095M    4194304    4194303  50%   0  Read/Write System
DH1       255M         36      65372   0%   0  Read/Write BFSTest
DH2       Not a DOS disk

Volumes available:
BFSTest [Mounted]
System [Mounted]

=== BFS Results ===
FS_COMPARE_BENCH	4
DRIVE	DH1:
SMALL_CREATE_40_US	28673
LOOKUP_400_US	59520
SMALL_READ_40_US	17088
LIST_EXNEXT_400_US	22208
LIST_EXALL_400_US	8063
SEQ_WRITE_8M_US	42944
SEQ_READ_8M_US	285758
SMALL_DELETE_40_US	13695
APPEND_4K_1M_US	53696
APPEND_1K_256K_US	43263
APPEND_READ_1280K_US	43339
LIST_EXNEXT_40_ENTRIES_FIRST_PASS_US	4864
LIST_EXNEXT_40_ENTRIES_REPEAT10_TOTAL_US	29566
LIST_EXALL_40_ENTRIES_FIRST_PASS_US	2175
LIST_EXALL_40_ENTRIES_REPEAT10_TOTAL_US	8000
LIST_EXNEXT_400_ENTRIES_FIRST_PASS_US	29696
LIST_EXNEXT_400_ENTRIES_REPEAT10_TOTAL_US	209279
LIST_EXALL_400_ENTRIES_FIRST_PASS_US	14847
LIST_EXALL_400_ENTRIES_REPEAT10_TOTAL_US	73151
LIST_EXNEXT_1000_ENTRIES_FIRST_PASS_US	71552
LIST_EXNEXT_1000_ENTRIES_REPEAT10_TOTAL_US	535741
LIST_EXALL_1000_ENTRIES_FIRST_PASS_US	44545
LIST_EXALL_1000_ENTRIES_REPEAT10_TOTAL_US	187454
PASS	1

=== PFS3 Results ===
FS_COMPARE_BENCH	4
DRIVE	DH2:
SMALL_CREATE_40_US	16703
LOOKUP_400_US	65920
SMALL_READ_40_US	13888
LIST_EXNEXT_400_US	11840
LIST_EXALL_400_US	2560
SEQ_WRITE_8M_US	39167
SEQ_READ_8M_US	269119
SMALL_DELETE_40_US	7745
APPEND_4K_1M_US	32305
APPEND_1K_256K_US	23552
APPEND_READ_1280K_US	41408
LIST_EXNEXT_40_ENTRIES_FIRST_PASS_US	1663
LIST_EXNEXT_40_ENTRIES_REPEAT10_TOTAL_US	12096
LIST_EXALL_40_ENTRIES_FIRST_PASS_US	640
LIST_EXALL_40_ENTRIES_REPEAT10_TOTAL_US	2496
LIST_EXNEXT_400_ENTRIES_FIRST_PASS_US	12480
LIST_EXNEXT_400_ENTRIES_REPEAT10_TOTAL_US	112256
LIST_EXALL_400_ENTRIES_FIRST_PASS_US	3071
LIST_EXALL_400_ENTRIES_REPEAT10_TOTAL_US	20416
LIST_EXNEXT_1000_ENTRIES_FIRST_PASS_US	29823
LIST_EXNEXT_1000_ENTRIES_REPEAT10_TOTAL_US	291772
LIST_EXALL_1000_ENTRIES_FIRST_PASS_US	6592
LIST_EXALL_1000_ENTRIES_REPEAT10_TOTAL_US	50495
PASS	1
PASS: requested mounted-volume workload outputs are complete and data-checked
