=== BFS vs PFS3 Benchmark (FS-UAE 68040) ===
Evidence directory: /home/fabian/.cache/bfs-performance/metadata-2026-10-08.QvzB5w/build/benchmark/metadata-m3-c8-20261008-m3-6-pfs3-first
Mode: compare
Timeout: 600s


=== Machine Info ===
# Machine Info
Kickstart 47.102, Workbench 47.2
System: 68040 68040/060-FPU   (INST: Cache Burst) (DATA: NoCache NoBurst)
Type  Available    In-Use   Maximum   Largest
chip    2028040     52728   2080768   2027968
fast    7689920    698688   8388608   7684880
total   9717960    751416  10469376   7684880


Mounted disks:
Unit      Size       Used       Free Full Errs   Status   Name
DF0       No disk present
DH0      4095M    4194304    4194303  50%   0  Read/Write System
DH1       255M         36      65372   0%   0  Read/Write BFSTest
DH2       Not a DOS disk

Volumes available:
BFSTest [Mounted]
System [Mounted]

=== BFS Results ===
FS_COMPARE_BENCH	4
DRIVE	DH1:
SMALL_CREATE_40_US	28543
LOOKUP_400_US	85054
SMALL_READ_40_US	28096
LIST_EXNEXT_400_US	31808
LIST_EXALL_400_US	8575
SEQ_WRITE_8M_US	35520
SEQ_READ_8M_US	258365
SMALL_DELETE_40_US	17344
APPEND_4K_1M_US	73919
APPEND_1K_256K_US	64512
APPEND_READ_1280K_US	54272
LIST_EXNEXT_40_ENTRIES_FIRST_PASS_US	6015
LIST_EXNEXT_40_ENTRIES_REPEAT10_TOTAL_US	31423
LIST_EXALL_40_ENTRIES_FIRST_PASS_US	3713
LIST_EXALL_40_ENTRIES_REPEAT10_TOTAL_US	9535
LIST_EXNEXT_400_ENTRIES_FIRST_PASS_US	63808
LIST_EXNEXT_400_ENTRIES_REPEAT10_TOTAL_US	674621
LIST_EXALL_400_ENTRIES_FIRST_PASS_US	42945
LIST_EXALL_400_ENTRIES_REPEAT10_TOTAL_US	557820
LIST_EXNEXT_1000_ENTRIES_FIRST_PASS_US	162815
LIST_EXNEXT_1000_ENTRIES_REPEAT10_TOTAL_US	1676407
LIST_EXALL_1000_ENTRIES_FIRST_PASS_US	94271
LIST_EXALL_1000_ENTRIES_REPEAT10_TOTAL_US	961595
PASS	1

=== PFS3 Results ===
FS_COMPARE_BENCH	4
DRIVE	DH2:
SMALL_CREATE_40_US	16832
LOOKUP_400_US	66816
SMALL_READ_40_US	14721
LIST_EXNEXT_400_US	12223
LIST_EXALL_400_US	2560
SEQ_WRITE_8M_US	41280
SEQ_READ_8M_US	298942
SMALL_DELETE_40_US	11583
APPEND_4K_1M_US	57728
APPEND_1K_256K_US	24960
APPEND_READ_1280K_US	40511
LIST_EXNEXT_40_ENTRIES_FIRST_PASS_US	1728
LIST_EXNEXT_40_ENTRIES_REPEAT10_TOTAL_US	12352
LIST_EXALL_40_ENTRIES_FIRST_PASS_US	576
LIST_EXALL_40_ENTRIES_REPEAT10_TOTAL_US	2477
LIST_EXNEXT_400_ENTRIES_FIRST_PASS_US	13312
LIST_EXNEXT_400_ENTRIES_REPEAT10_TOTAL_US	116414
LIST_EXALL_400_ENTRIES_FIRST_PASS_US	2751
LIST_EXALL_400_ENTRIES_REPEAT10_TOTAL_US	20865
LIST_EXNEXT_1000_ENTRIES_FIRST_PASS_US	32191
LIST_EXNEXT_1000_ENTRIES_REPEAT10_TOTAL_US	321341
LIST_EXALL_1000_ENTRIES_FIRST_PASS_US	19520
LIST_EXALL_1000_ENTRIES_REPEAT10_TOTAL_US	109037
PASS	1
PASS: requested mounted-volume workload outputs are complete and data-checked
