=== BFS vs PFS3 Benchmark (FS-UAE 68040) ===
Evidence directory: /home/fabian/.cache/bfs-performance/listing-upgrade-2026-10-08.29qKRc/build/benchmark/leaf-range-durable-20261008-range-1-bfs-first
Mode: durable-compare
Timeout: 600s


=== Machine Info ===
# Machine Info
Kickstart 47.102, Workbench 47.2
System: 68040 68040/060-FPU   (INST: Cache Burst) (DATA: NoCache NoBurst)
Type  Available    In-Use   Maximum   Largest
chip    2028040     52728   2080768   2027968
fast    7687256    701352   8388608   7682200
total   9715296    754080  10469376   7682200


Mounted disks:
Unit      Size       Used       Free Full Errs   Status   Name
DF0       No disk present
DH0      4095M    4194304    4194303  50%   0  Read/Write System
DH1       255M         36      65372   0%   0  Read/Write BFSTest
DH2       Not a DOS disk

Volumes available:
BFSTest [Mounted]
System [Mounted]

=== BFS Results ===
FS_DURABLE_COMPARE	4
DRIVE	DH1:
SMALL_CREATE_40_US	33920
LOOKUP_400_US	78209
SMALL_READ_40_US	27328
LIST_EXNEXT_400_US	40383
LIST_EXALL_400_US	9088
SEQ_WRITE_8M_US	42432
SEQ_READ_8M_US	299454
SMALL_DELETE_40_US	20480
APPEND_4K_1M_US	77823
APPEND_1K_256K_US	71680
APPEND_READ_1280K_US	56768
LIST_EXNEXT_40_ENTRIES_FIRST_PASS_US	6017
LIST_EXNEXT_40_ENTRIES_REPEAT10_TOTAL_US	31488
LIST_EXALL_40_ENTRIES_FIRST_PASS_US	3775
LIST_EXALL_40_ENTRIES_REPEAT10_TOTAL_US	9472
LIST_EXNEXT_400_ENTRIES_FIRST_PASS_US	54784
LIST_EXNEXT_400_ENTRIES_REPEAT10_TOTAL_US	579516
LIST_EXALL_400_ENTRIES_FIRST_PASS_US	34367
LIST_EXALL_400_ENTRIES_REPEAT10_TOTAL_US	387711
LIST_EXNEXT_1000_ENTRIES_FIRST_PASS_US	203135
LIST_EXNEXT_1000_ENTRIES_REPEAT10_TOTAL_US	1662711
LIST_EXALL_1000_ENTRIES_FIRST_PASS_US	87676
LIST_EXALL_1000_ENTRIES_REPEAT10_TOTAL_US	876347
PASS	1

=== PFS3 Results ===
FS_DURABLE_COMPARE	4
DRIVE	DH2:
SMALL_CREATE_40_US	15488
LOOKUP_400_US	66432
SMALL_READ_40_US	12800
LIST_EXNEXT_400_US	12097
LIST_EXALL_400_US	2496
SEQ_WRITE_8M_US	38305
SEQ_READ_8M_US	285695
SMALL_DELETE_40_US	8832
APPEND_4K_1M_US	34496
APPEND_1K_256K_US	24318
APPEND_READ_1280K_US	42431
LIST_EXNEXT_40_ENTRIES_FIRST_PASS_US	1535
LIST_EXNEXT_40_ENTRIES_REPEAT10_TOTAL_US	12225
LIST_EXALL_40_ENTRIES_FIRST_PASS_US	640
LIST_EXALL_40_ENTRIES_REPEAT10_TOTAL_US	2560
LIST_EXNEXT_400_ENTRIES_FIRST_PASS_US	12607
LIST_EXNEXT_400_ENTRIES_REPEAT10_TOTAL_US	134719
LIST_EXALL_400_ENTRIES_FIRST_PASS_US	3071
LIST_EXALL_400_ENTRIES_REPEAT10_TOTAL_US	21055
LIST_EXNEXT_1000_ENTRIES_FIRST_PASS_US	31168
LIST_EXNEXT_1000_ENTRIES_REPEAT10_TOTAL_US	334270
LIST_EXALL_1000_ENTRIES_FIRST_PASS_US	6591
LIST_EXALL_1000_ENTRIES_REPEAT10_TOTAL_US	50303
PASS	1
PASS: requested mounted-volume workload outputs are complete and data-checked
