=== BFS vs PFS3 Benchmark (FS-UAE 68040) ===
Evidence directory: /home/fabian/.cache/bfs-performance/append-attr-2026-10-10.XtdDJw/results/append-prod-5-bfs-first-cand
Mode: compare
Timeout: 600s


=== Machine Info ===
# Machine Info
Kickstart 47.102, Workbench 47.2
System: 68040 68040/060-FPU   (INST: Cache Burst) (DATA: NoCache NoBurst)
Type  Available    In-Use   Maximum   Largest
chip    2028040     52728   2080768   2027968
fast    7531240    857368   8388608   7526176
total   9559280    910096  10469376   7526176


Mounted disks:
Unit      Size       Used       Free Full Errs   Status   Name
DF0       No disk present
DH0      4095M    4194304    4194303  50%   0  Read/Write System
DH1       255M         36      65372   0%   0  Read/Write BFSTest
DH2       Not a DOS disk

Volumes available:
BFSTest [Mounted]
System [Mounted]

=== BFS Results ===
FS_COMPARE_BENCH	4
DRIVE	DH1:
SMALL_CREATE_40_US	35840
LOOKUP_400_US	146048
SMALL_READ_40_US	21888
LIST_EXNEXT_400_US	21311
LIST_EXALL_400_US	8510
SEQ_WRITE_8M_US	30593
SEQ_READ_8M_US	547837
SMALL_DELETE_40_US	13697
APPEND_4K_1M_US	54463
APPEND_1K_256K_US	43272
APPEND_READ_1280K_US	44417
LIST_EXNEXT_40_ENTRIES_FIRST_PASS_US	4032
LIST_EXNEXT_40_ENTRIES_REPEAT10_TOTAL_US	21888
LIST_EXALL_40_ENTRIES_FIRST_PASS_US	1791
LIST_EXALL_40_ENTRIES_REPEAT10_TOTAL_US	8511
LIST_EXNEXT_400_ENTRIES_FIRST_PASS_US	30656
LIST_EXNEXT_400_ENTRIES_REPEAT10_TOTAL_US	249919
LIST_EXALL_400_ENTRIES_FIRST_PASS_US	29760
LIST_EXALL_400_ENTRIES_REPEAT10_TOTAL_US	82943
LIST_EXNEXT_1000_ENTRIES_FIRST_PASS_US	82368
LIST_EXNEXT_1000_ENTRIES_REPEAT10_TOTAL_US	723003
LIST_EXALL_1000_ENTRIES_FIRST_PASS_US	40960
LIST_EXALL_1000_ENTRIES_REPEAT10_TOTAL_US	194559
PASS	1

=== PFS3 Results ===
FS_COMPARE_BENCH	4
DRIVE	DH2:
SMALL_CREATE_40_US	16063
LOOKUP_400_US	67648
SMALL_READ_40_US	14209
LIST_EXNEXT_400_US	12287
LIST_EXALL_400_US	2560
SEQ_WRITE_8M_US	114757
SEQ_READ_8M_US	319165
SMALL_DELETE_40_US	8256
APPEND_4K_1M_US	36992
APPEND_1K_256K_US	25728
APPEND_READ_1280K_US	44416
LIST_EXNEXT_40_ENTRIES_FIRST_PASS_US	1639
LIST_EXNEXT_40_ENTRIES_REPEAT10_TOTAL_US	15680
LIST_EXALL_40_ENTRIES_FIRST_PASS_US	639
LIST_EXALL_40_ENTRIES_REPEAT10_TOTAL_US	4160
LIST_EXNEXT_400_ENTRIES_FIRST_PASS_US	17919
LIST_EXNEXT_400_ENTRIES_REPEAT10_TOTAL_US	117248
LIST_EXALL_400_ENTRIES_FIRST_PASS_US	2816
LIST_EXALL_400_ENTRIES_REPEAT10_TOTAL_US	20864
LIST_EXNEXT_1000_ENTRIES_FIRST_PASS_US	32193
LIST_EXNEXT_1000_ENTRIES_REPEAT10_TOTAL_US	289790
LIST_EXALL_1000_ENTRIES_FIRST_PASS_US	9600
LIST_EXALL_1000_ENTRIES_REPEAT10_TOTAL_US	55103
PASS	1
PASS: requested mounted-volume workload outputs are complete and data-checked
