=== BFS vs PFS3 Benchmark (FS-UAE 68040) ===
Evidence directory: /home/fabian/.cache/bfs-performance/exact-fastpath-2026-10-09.hdq3J0/build/benchmark/exact-key-normal-20261009-m3-6-pfs3-first
Mode: compare
Timeout: 600s


=== Machine Info ===
# Machine Info
Kickstart 47.102, Workbench 47.2
System: 68040 68040/060-FPU   (INST: Cache Burst) (DATA: NoCache NoBurst)
Type  Available    In-Use   Maximum   Largest
chip    2028040     52728   2080768   2027968
fast    7689920    698688   8388608   7684880
total   9717960    751416  10469376   7684880


Mounted disks:
Unit      Size       Used       Free Full Errs   Status   Name
DF0       No disk present
DH0      4095M    4194304    4194303  50%   0  Read/Write System
DH1       255M         36      65372   0%   0  Read/Write BFSTest
DH2       Not a DOS disk

Volumes available:
BFSTest [Mounted]
System [Mounted]

=== BFS Results ===
FS_COMPARE_BENCH	4
DRIVE	DH1:
SMALL_CREATE_40_US	28864
LOOKUP_400_US	75136
SMALL_READ_40_US	20926
LIST_EXNEXT_400_US	30464
LIST_EXALL_400_US	8511
SEQ_WRITE_8M_US	38271
SEQ_READ_8M_US	332478
SMALL_DELETE_40_US	25665
APPEND_4K_1M_US	94208
APPEND_1K_256K_US	70720
APPEND_READ_1280K_US	50303
LIST_EXNEXT_40_ENTRIES_FIRST_PASS_US	6718
LIST_EXNEXT_40_ENTRIES_REPEAT10_TOTAL_US	31486
LIST_EXALL_40_ENTRIES_FIRST_PASS_US	3840
LIST_EXALL_40_ENTRIES_REPEAT10_TOTAL_US	9472
LIST_EXNEXT_400_ENTRIES_FIRST_PASS_US	70783
LIST_EXNEXT_400_ENTRIES_REPEAT10_TOTAL_US	660476
LIST_EXALL_400_ENTRIES_FIRST_PASS_US	42048
LIST_EXALL_400_ENTRIES_REPEAT10_TOTAL_US	451197
LIST_EXNEXT_1000_ENTRIES_FIRST_PASS_US	165182
LIST_EXNEXT_1000_ENTRIES_REPEAT10_TOTAL_US	1733304
LIST_EXALL_1000_ENTRIES_FIRST_PASS_US	102334
LIST_EXALL_1000_ENTRIES_REPEAT10_TOTAL_US	1043131
PASS	1

=== PFS3 Results ===
FS_COMPARE_BENCH	4
DRIVE	DH2:
SMALL_CREATE_40_US	16705
LOOKUP_400_US	70848
SMALL_READ_40_US	14015
LIST_EXNEXT_400_US	12352
LIST_EXALL_400_US	2558
SEQ_WRITE_8M_US	44095
SEQ_READ_8M_US	259711
SMALL_DELETE_40_US	8064
APPEND_4K_1M_US	33473
APPEND_1K_256K_US	35775
APPEND_READ_1280K_US	59455
LIST_EXNEXT_40_ENTRIES_FIRST_PASS_US	1535
LIST_EXNEXT_40_ENTRIES_REPEAT10_TOTAL_US	12288
LIST_EXALL_40_ENTRIES_FIRST_PASS_US	512
LIST_EXALL_40_ENTRIES_REPEAT10_TOTAL_US	2495
LIST_EXNEXT_400_ENTRIES_FIRST_PASS_US	13503
LIST_EXNEXT_400_ENTRIES_REPEAT10_TOTAL_US	119745
LIST_EXALL_400_ENTRIES_FIRST_PASS_US	4863
LIST_EXALL_400_ENTRIES_REPEAT10_TOTAL_US	42477
LIST_EXNEXT_1000_ENTRIES_FIRST_PASS_US	74368
LIST_EXNEXT_1000_ENTRIES_REPEAT10_TOTAL_US	308159
LIST_EXALL_1000_ENTRIES_FIRST_PASS_US	6743
LIST_EXALL_1000_ENTRIES_REPEAT10_TOTAL_US	50815
PASS	1
PASS: requested mounted-volume workload outputs are complete and data-checked
