=== BFS vs PFS3 Benchmark (FS-UAE 68040) ===
Evidence directory: /home/fabian/.cache/bfs-performance/floor-resident-2026-10-09.mJFQvl/results/floor-aa-durable-baseb-1-pfs3-first
Mode: durable-compare
Timeout: 600s


=== Machine Info ===
# Machine Info
Kickstart 47.102, Workbench 47.2
System: 68040 68040/060-FPU   (INST: Cache Burst) (DATA: NoCache NoBurst)
Type  Available    In-Use   Maximum   Largest
chip    2028040     52728   2080768   2027968
fast    7686824    701784   8388608   7681768
total   9714864    754512  10469376   7681768


Mounted disks:
Unit      Size       Used       Free Full Errs   Status   Name
DF0       No disk present
DH0      4095M    4194304    4194303  50%   0  Read/Write System
DH1       255M         36      65372   0%   0  Read/Write BFSTest
DH2       Not a DOS disk

Volumes available:
BFSTest [Mounted]
System [Mounted]

=== BFS Results ===
FS_DURABLE_COMPARE	4
DRIVE	DH1:
SMALL_CREATE_40_US	32639
LOOKUP_400_US	75966
SMALL_READ_40_US	19328
LIST_EXNEXT_400_US	30977
LIST_EXALL_400_US	9280
SEQ_WRITE_8M_US	41281
SEQ_READ_8M_US	272190
SMALL_DELETE_40_US	20352
APPEND_4K_1M_US	74624
APPEND_1K_256K_US	63486
APPEND_READ_1280K_US	42432
LIST_EXNEXT_40_ENTRIES_FIRST_PASS_US	6143
LIST_EXNEXT_40_ENTRIES_REPEAT10_TOTAL_US	31680
LIST_EXALL_40_ENTRIES_FIRST_PASS_US	3583
LIST_EXALL_40_ENTRIES_REPEAT10_TOTAL_US	9471
LIST_EXNEXT_400_ENTRIES_FIRST_PASS_US	50560
LIST_EXNEXT_400_ENTRIES_REPEAT10_TOTAL_US	522620
LIST_EXALL_400_ENTRIES_FIRST_PASS_US	30846
LIST_EXALL_400_ENTRIES_REPEAT10_TOTAL_US	306110
LIST_EXNEXT_1000_ENTRIES_FIRST_PASS_US	133759
LIST_EXNEXT_1000_ENTRIES_REPEAT10_TOTAL_US	1403896
LIST_EXALL_1000_ENTRIES_FIRST_PASS_US	77120
LIST_EXALL_1000_ENTRIES_REPEAT10_TOTAL_US	775420
PASS	1

=== PFS3 Results ===
FS_DURABLE_COMPARE	4
DRIVE	DH2:
SMALL_CREATE_40_US	17343
LOOKUP_400_US	66176
SMALL_READ_40_US	14527
LIST_EXNEXT_400_US	12225
LIST_EXALL_400_US	2560
SEQ_WRITE_8M_US	40959
SEQ_READ_8M_US	268478
SMALL_DELETE_40_US	9023
APPEND_4K_1M_US	32833
APPEND_1K_256K_US	23360
APPEND_READ_1280K_US	40705
LIST_EXNEXT_40_ENTRIES_FIRST_PASS_US	1729
LIST_EXNEXT_40_ENTRIES_REPEAT10_TOTAL_US	12415
LIST_EXALL_40_ENTRIES_FIRST_PASS_US	576
LIST_EXALL_40_ENTRIES_REPEAT10_TOTAL_US	2497
LIST_EXNEXT_400_ENTRIES_FIRST_PASS_US	12417
LIST_EXNEXT_400_ENTRIES_REPEAT10_TOTAL_US	114751
LIST_EXALL_400_ENTRIES_FIRST_PASS_US	2688
LIST_EXALL_400_ENTRIES_REPEAT10_TOTAL_US	20673
LIST_EXNEXT_1000_ENTRIES_FIRST_PASS_US	32768
LIST_EXNEXT_1000_ENTRIES_REPEAT10_TOTAL_US	297406
LIST_EXALL_1000_ENTRIES_FIRST_PASS_US	6401
LIST_EXALL_1000_ENTRIES_REPEAT10_TOTAL_US	50880
PASS	1
PASS: requested mounted-volume workload outputs are complete and data-checked
