=== BFS vs PFS3 Benchmark (FS-UAE 68040) ===
Evidence directory: /home/fabian/.cache/bfs-performance/sparse-crc-2026-10-09.xN615F/candidate/build/benchmark/sparse-durable-20261009-m5-7-bfs-first
Mode: durable-compare
Timeout: 600s


=== Machine Info ===
# Machine Info
Kickstart 47.102, Workbench 47.2
System: 68040 68040/060-FPU   (INST: Cache Burst) (DATA: NoCache NoBurst)
Type  Available    In-Use   Maximum   Largest
chip    2028040     52728   2080768   2027968
fast    7687256    701352   8388608   7682200
total   9715296    754080  10469376   7682200


Mounted disks:
Unit      Size       Used       Free Full Errs   Status   Name
DF0       No disk present
DH0      4095M    4194304    4194303  50%   0  Read/Write System
DH1       255M         36      65372   0%   0  Read/Write BFSTest
DH2       Not a DOS disk

Volumes available:
BFSTest [Mounted]
System [Mounted]

=== BFS Results ===
FS_DURABLE_COMPARE	4
DRIVE	DH1:
SMALL_CREATE_40_US	34816
LOOKUP_400_US	76671
SMALL_READ_40_US	20417
LIST_EXNEXT_400_US	45440
LIST_EXALL_400_US	10880
SEQ_WRITE_8M_US	44480
SEQ_READ_8M_US	295613
SMALL_DELETE_40_US	20097
APPEND_4K_1M_US	76672
APPEND_1K_256K_US	64639
APPEND_READ_1280K_US	43840
LIST_EXNEXT_40_ENTRIES_FIRST_PASS_US	6272
LIST_EXNEXT_40_ENTRIES_REPEAT10_TOTAL_US	31871
LIST_EXALL_40_ENTRIES_FIRST_PASS_US	4031
LIST_EXALL_40_ENTRIES_REPEAT10_TOTAL_US	9664
LIST_EXNEXT_400_ENTRIES_FIRST_PASS_US	57471
LIST_EXNEXT_400_ENTRIES_REPEAT10_TOTAL_US	563965
LIST_EXALL_400_ENTRIES_FIRST_PASS_US	34433
LIST_EXALL_400_ENTRIES_REPEAT10_TOTAL_US	368575
LIST_EXNEXT_1000_ENTRIES_FIRST_PASS_US	140479
LIST_EXNEXT_1000_ENTRIES_REPEAT10_TOTAL_US	1529848
LIST_EXALL_1000_ENTRIES_FIRST_PASS_US	118975
LIST_EXALL_1000_ENTRIES_REPEAT10_TOTAL_US	1026617
PASS	1

=== PFS3 Results ===
FS_DURABLE_COMPARE	4
DRIVE	DH2:
SMALL_CREATE_40_US	17152
LOOKUP_400_US	66686
SMALL_READ_40_US	14143
LIST_EXNEXT_400_US	12096
LIST_EXALL_400_US	2496
SEQ_WRITE_8M_US	40768
SEQ_READ_8M_US	262718
SMALL_DELETE_40_US	10240
APPEND_4K_1M_US	38528
APPEND_1K_256K_US	30271
APPEND_READ_1280K_US	43967
LIST_EXNEXT_40_ENTRIES_FIRST_PASS_US	1600
LIST_EXNEXT_40_ENTRIES_REPEAT10_TOTAL_US	12610
LIST_EXALL_40_ENTRIES_FIRST_PASS_US	577
LIST_EXALL_40_ENTRIES_REPEAT10_TOTAL_US	2495
LIST_EXNEXT_400_ENTRIES_FIRST_PASS_US	12351
LIST_EXNEXT_400_ENTRIES_REPEAT10_TOTAL_US	125951
LIST_EXALL_400_ENTRIES_FIRST_PASS_US	2752
LIST_EXALL_400_ENTRIES_REPEAT10_TOTAL_US	25536
LIST_EXNEXT_1000_ENTRIES_FIRST_PASS_US	36031
LIST_EXNEXT_1000_ENTRIES_REPEAT10_TOTAL_US	350335
LIST_EXALL_1000_ENTRIES_FIRST_PASS_US	7231
LIST_EXALL_1000_ENTRIES_REPEAT10_TOTAL_US	50751
PASS	1
PASS: requested mounted-volume workload outputs are complete and data-checked
