=== BFS vs PFS3 Benchmark (FS-UAE 68040) ===
Evidence directory: /home/fabian/.cache/bfs-performance/writeback-2026-10-10.sKa6aK/results/writeback-5-bfs-first-candidate
Mode: compare
Timeout: 600s


=== Machine Info ===
# Machine Info
Kickstart 47.102, Workbench 47.2
System: 68040 68040/060-FPU   (INST: Cache Burst) (DATA: NoCache NoBurst)
Type  Available    In-Use   Maximum   Largest
chip    2028040     52728   2080768   2027968
fast    7532616    855992   8388608   7527544
total   9560656    908720  10469376   7527544


Mounted disks:
Unit      Size       Used       Free Full Errs   Status   Name
DF0       No disk present
DH0      4095M    4194304    4194303  50%   0  Read/Write System
DH1       255M         36      65372   0%   0  Read/Write BFSTest
DH2       Not a DOS disk

Volumes available:
BFSTest [Mounted]
System [Mounted]

=== BFS Results ===
FS_COMPARE_BENCH	4
DRIVE	DH1:
SMALL_CREATE_40_US	29888
LOOKUP_400_US	58943
SMALL_READ_40_US	17988
LIST_EXNEXT_400_US	28096
LIST_EXALL_400_US	8127
SEQ_WRITE_8M_US	28864
SEQ_READ_8M_US	267902
SMALL_DELETE_40_US	13823
APPEND_4K_1M_US	52543
APPEND_1K_256K_US	42752
APPEND_READ_1280K_US	44223
LIST_EXNEXT_40_ENTRIES_FIRST_PASS_US	4352
LIST_EXNEXT_40_ENTRIES_REPEAT10_TOTAL_US	29183
LIST_EXALL_40_ENTRIES_FIRST_PASS_US	1792
LIST_EXALL_40_ENTRIES_REPEAT10_TOTAL_US	8511
LIST_EXNEXT_400_ENTRIES_FIRST_PASS_US	38143
LIST_EXNEXT_400_ENTRIES_REPEAT10_TOTAL_US	290623
LIST_EXALL_400_ENTRIES_FIRST_PASS_US	16599
LIST_EXALL_400_ENTRIES_REPEAT10_TOTAL_US	90814
LIST_EXNEXT_1000_ENTRIES_FIRST_PASS_US	94911
LIST_EXNEXT_1000_ENTRIES_REPEAT10_TOTAL_US	736636
LIST_EXALL_1000_ENTRIES_FIRST_PASS_US	40063
LIST_EXALL_1000_ENTRIES_REPEAT10_TOTAL_US	210239
PASS	1

=== PFS3 Results ===
FS_COMPARE_BENCH	4
DRIVE	DH2:
SMALL_CREATE_40_US	16960
LOOKUP_400_US	66176
SMALL_READ_40_US	15040
LIST_EXNEXT_400_US	11968
LIST_EXALL_400_US	2496
SEQ_WRITE_8M_US	41280
SEQ_READ_8M_US	268542
SMALL_DELETE_40_US	7872
APPEND_4K_1M_US	36160
APPEND_1K_256K_US	23423
APPEND_READ_1280K_US	40383
LIST_EXNEXT_40_ENTRIES_FIRST_PASS_US	1602
LIST_EXNEXT_40_ENTRIES_REPEAT10_TOTAL_US	12287
LIST_EXALL_40_ENTRIES_FIRST_PASS_US	576
LIST_EXALL_40_ENTRIES_REPEAT10_TOTAL_US	2560
LIST_EXNEXT_400_ENTRIES_FIRST_PASS_US	12800
LIST_EXNEXT_400_ENTRIES_REPEAT10_TOTAL_US	113088
LIST_EXALL_400_ENTRIES_FIRST_PASS_US	3135
LIST_EXALL_400_ENTRIES_REPEAT10_TOTAL_US	20608
LIST_EXNEXT_1000_ENTRIES_FIRST_PASS_US	30400
LIST_EXNEXT_1000_ENTRIES_REPEAT10_TOTAL_US	291455
LIST_EXALL_1000_ENTRIES_FIRST_PASS_US	6337
LIST_EXALL_1000_ENTRIES_REPEAT10_TOTAL_US	50688
PASS	1
PASS: requested mounted-volume workload outputs are complete and data-checked
