=== BFS vs PFS3 Benchmark (FS-UAE 68040) ===
Evidence directory: /home/fabian/.cache/bfs-performance/floor-resident-2026-10-09.mJFQvl/results/floor-aa-durable-basea-1-pfs3-first
Mode: durable-compare
Timeout: 600s


=== Machine Info ===
# Machine Info
Kickstart 47.102, Workbench 47.2
System: 68040 68040/060-FPU   (INST: Cache Burst) (DATA: NoCache NoBurst)
Type  Available    In-Use   Maximum   Largest
chip    2028040     52728   2080768   2027968
fast    7686824    701784   8388608   7681768
total   9714864    754512  10469376   7681768


Mounted disks:
Unit      Size       Used       Free Full Errs   Status   Name
DF0       No disk present
DH0      4095M    4194304    4194303  50%   0  Read/Write System
DH1       255M         36      65372   0%   0  Read/Write BFSTest
DH2       Not a DOS disk

Volumes available:
BFSTest [Mounted]
System [Mounted]

=== BFS Results ===
FS_DURABLE_COMPARE	4
DRIVE	DH1:
SMALL_CREATE_40_US	30273
LOOKUP_400_US	75265
SMALL_READ_40_US	18303
LIST_EXNEXT_400_US	30720
LIST_EXALL_400_US	8895
SEQ_WRITE_8M_US	41343
SEQ_READ_8M_US	271870
SMALL_DELETE_40_US	20992
APPEND_4K_1M_US	73345
APPEND_1K_256K_US	62336
APPEND_READ_1280K_US	42925
LIST_EXNEXT_40_ENTRIES_FIRST_PASS_US	5633
LIST_EXNEXT_40_ENTRIES_REPEAT10_TOTAL_US	31167
LIST_EXALL_40_ENTRIES_FIRST_PASS_US	3071
LIST_EXALL_40_ENTRIES_REPEAT10_TOTAL_US	9280
LIST_EXNEXT_400_ENTRIES_FIRST_PASS_US	52479
LIST_EXNEXT_400_ENTRIES_REPEAT10_TOTAL_US	582140
LIST_EXALL_400_ENTRIES_FIRST_PASS_US	31935
LIST_EXALL_400_ENTRIES_REPEAT10_TOTAL_US	343595
LIST_EXNEXT_1000_ENTRIES_FIRST_PASS_US	130200
LIST_EXNEXT_1000_ENTRIES_REPEAT10_TOTAL_US	1324854
LIST_EXALL_1000_ENTRIES_FIRST_PASS_US	70976
LIST_EXALL_1000_ENTRIES_REPEAT10_TOTAL_US	727165
PASS	1

=== PFS3 Results ===
FS_DURABLE_COMPARE	4
DRIVE	DH2:
SMALL_CREATE_40_US	17408
LOOKUP_400_US	65472
SMALL_READ_40_US	13824
LIST_EXNEXT_400_US	11967
LIST_EXALL_400_US	2497
SEQ_WRITE_8M_US	40128
SEQ_READ_8M_US	266815
SMALL_DELETE_40_US	8703
APPEND_4K_1M_US	33280
APPEND_1K_256K_US	22720
APPEND_READ_1280K_US	40639
LIST_EXNEXT_40_ENTRIES_FIRST_PASS_US	1664
LIST_EXNEXT_40_ENTRIES_REPEAT10_TOTAL_US	12480
LIST_EXALL_40_ENTRIES_FIRST_PASS_US	640
LIST_EXALL_40_ENTRIES_REPEAT10_TOTAL_US	2495
LIST_EXNEXT_400_ENTRIES_FIRST_PASS_US	14143
LIST_EXNEXT_400_ENTRIES_REPEAT10_TOTAL_US	123071
LIST_EXALL_400_ENTRIES_FIRST_PASS_US	3009
LIST_EXALL_400_ENTRIES_REPEAT10_TOTAL_US	20288
LIST_EXNEXT_1000_ENTRIES_FIRST_PASS_US	32511
LIST_EXNEXT_1000_ENTRIES_REPEAT10_TOTAL_US	283199
LIST_EXALL_1000_ENTRIES_FIRST_PASS_US	6400
LIST_EXALL_1000_ENTRIES_REPEAT10_TOTAL_US	62784
PASS	1
PASS: requested mounted-volume workload outputs are complete and data-checked
