=== BFS vs PFS3 Benchmark (FS-UAE 68040) ===
Evidence directory: /home/fabian/.cache/bfs-performance/floor-resident-2026-10-09.mJFQvl/results/floor-aa-normal-baseb-1-bfs-first
Mode: compare
Timeout: 600s


=== Machine Info ===
# Machine Info
Kickstart 47.102, Workbench 47.2
System: 68040 68040/060-FPU   (INST: Cache Burst) (DATA: NoCache NoBurst)
Type  Available    In-Use   Maximum   Largest
chip    2028040     52728   2080768   2027968
fast    7686824    701784   8388608   7681768
total   9714864    754512  10469376   7681768


Mounted disks:
Unit      Size       Used       Free Full Errs   Status   Name
DF0       No disk present
DH0      4095M    4194304    4194303  50%   0  Read/Write System
DH1       255M         36      65372   0%   0  Read/Write BFSTest
DH2       Not a DOS disk

Volumes available:
BFSTest [Mounted]
System [Mounted]

=== BFS Results ===
FS_COMPARE_BENCH	4
DRIVE	DH1:
SMALL_CREATE_40_US	30400
LOOKUP_400_US	75265
SMALL_READ_40_US	19905
LIST_EXNEXT_400_US	33535
LIST_EXALL_400_US	9279
SEQ_WRITE_8M_US	37888
SEQ_READ_8M_US	270719
SMALL_DELETE_40_US	17791
APPEND_4K_1M_US	97215
APPEND_1K_256K_US	69695
APPEND_READ_1280K_US	43008
LIST_EXNEXT_40_ENTRIES_FIRST_PASS_US	5823
LIST_EXNEXT_40_ENTRIES_REPEAT10_TOTAL_US	36800
LIST_EXALL_40_ENTRIES_FIRST_PASS_US	3071
LIST_EXALL_40_ENTRIES_REPEAT10_TOTAL_US	9408
LIST_EXNEXT_400_ENTRIES_FIRST_PASS_US	61951
LIST_EXNEXT_400_ENTRIES_REPEAT10_TOTAL_US	539069
LIST_EXALL_400_ENTRIES_FIRST_PASS_US	31681
LIST_EXALL_400_ENTRIES_REPEAT10_TOTAL_US	314175
LIST_EXNEXT_1000_ENTRIES_FIRST_PASS_US	132415
LIST_EXNEXT_1000_ENTRIES_REPEAT10_TOTAL_US	1515512
LIST_EXALL_1000_ENTRIES_FIRST_PASS_US	78783
LIST_EXALL_1000_ENTRIES_REPEAT10_TOTAL_US	776059
PASS	1

=== PFS3 Results ===
FS_COMPARE_BENCH	4
DRIVE	DH2:
SMALL_CREATE_40_US	17077
LOOKUP_400_US	65985
SMALL_READ_40_US	14208
LIST_EXNEXT_400_US	12194
LIST_EXALL_400_US	2497
SEQ_WRITE_8M_US	39104
SEQ_READ_8M_US	268926
SMALL_DELETE_40_US	8127
APPEND_4K_1M_US	33343
APPEND_1K_256K_US	23168
APPEND_READ_1280K_US	40895
LIST_EXNEXT_40_ENTRIES_FIRST_PASS_US	1792
LIST_EXNEXT_40_ENTRIES_REPEAT10_TOTAL_US	11776
LIST_EXALL_40_ENTRIES_FIRST_PASS_US	577
LIST_EXALL_40_ENTRIES_REPEAT10_TOTAL_US	2432
LIST_EXNEXT_400_ENTRIES_FIRST_PASS_US	12415
LIST_EXNEXT_400_ENTRIES_REPEAT10_TOTAL_US	113389
LIST_EXALL_400_ENTRIES_FIRST_PASS_US	2816
LIST_EXALL_400_ENTRIES_REPEAT10_TOTAL_US	20544
LIST_EXNEXT_1000_ENTRIES_FIRST_PASS_US	32513
LIST_EXNEXT_1000_ENTRIES_REPEAT10_TOTAL_US	342205
LIST_EXALL_1000_ENTRIES_FIRST_PASS_US	6555
LIST_EXALL_1000_ENTRIES_REPEAT10_TOTAL_US	52032
PASS	1
PASS: requested mounted-volume workload outputs are complete and data-checked
