=== BFS vs PFS3 Benchmark (FS-UAE 68040) ===
Evidence directory: /home/fabian/.cache/bfs-performance/metabound-2026-10-10.kPl0jg/results/metabound-2-pfs3-first-reference
Mode: compare
Timeout: 600s


=== Machine Info ===
# Machine Info
Kickstart 47.102, Workbench 47.2
System: 68040 68040/060-FPU   (INST: Cache Burst) (DATA: NoCache NoBurst)
Type  Available    In-Use   Maximum   Largest
chip    2028040     52728   2080768   2027968
fast    7534464    854144   8388608   7529392
total   9562504    906872  10469376   7529392


Mounted disks:
Unit      Size       Used       Free Full Errs   Status   Name
DF0       No disk present
DH0      4095M    4194304    4194303  50%   0  Read/Write System
DH1       255M         36      65372   0%   0  Read/Write BFSTest
DH2       Not a DOS disk

Volumes available:
BFSTest [Mounted]
System [Mounted]

=== BFS Results ===
FS_COMPARE_BENCH	4
DRIVE	DH1:
SMALL_CREATE_40_US	31104
LOOKUP_400_US	59073
SMALL_READ_40_US	18625
LIST_EXNEXT_400_US	27903
LIST_EXALL_400_US	7615
SEQ_WRITE_8M_US	38911
SEQ_READ_8M_US	282111
SMALL_DELETE_40_US	13997
APPEND_4K_1M_US	70528
APPEND_1K_256K_US	62271
APPEND_READ_1280K_US	44671
LIST_EXNEXT_40_ENTRIES_FIRST_PASS_US	7551
LIST_EXNEXT_40_ENTRIES_REPEAT10_TOTAL_US	32703
LIST_EXALL_40_ENTRIES_FIRST_PASS_US	1753
LIST_EXALL_40_ENTRIES_REPEAT10_TOTAL_US	8383
LIST_EXNEXT_400_ENTRIES_FIRST_PASS_US	38080
LIST_EXNEXT_400_ENTRIES_REPEAT10_TOTAL_US	287038
LIST_EXALL_400_ENTRIES_FIRST_PASS_US	15103
LIST_EXALL_400_ENTRIES_REPEAT10_TOTAL_US	74945
LIST_EXNEXT_1000_ENTRIES_FIRST_PASS_US	100736
LIST_EXNEXT_1000_ENTRIES_REPEAT10_TOTAL_US	767356
LIST_EXALL_1000_ENTRIES_FIRST_PASS_US	39808
LIST_EXALL_1000_ENTRIES_REPEAT10_TOTAL_US	208383
PASS	1

=== PFS3 Results ===
FS_COMPARE_BENCH	4
DRIVE	DH2:
SMALL_CREATE_40_US	16320
LOOKUP_400_US	66368
SMALL_READ_40_US	14145
LIST_EXNEXT_400_US	11967
LIST_EXALL_400_US	2752
SEQ_WRITE_8M_US	38526
SEQ_READ_8M_US	265406
SMALL_DELETE_40_US	7808
APPEND_4K_1M_US	33215
APPEND_1K_256K_US	23935
APPEND_READ_1280K_US	40139
LIST_EXNEXT_40_ENTRIES_FIRST_PASS_US	2175
LIST_EXNEXT_40_ENTRIES_REPEAT10_TOTAL_US	12097
LIST_EXALL_40_ENTRIES_FIRST_PASS_US	575
LIST_EXALL_40_ENTRIES_REPEAT10_TOTAL_US	2495
LIST_EXNEXT_400_ENTRIES_FIRST_PASS_US	12480
LIST_EXNEXT_400_ENTRIES_REPEAT10_TOTAL_US	114239
LIST_EXALL_400_ENTRIES_FIRST_PASS_US	2752
LIST_EXALL_400_ENTRIES_REPEAT10_TOTAL_US	20417
LIST_EXNEXT_1000_ENTRIES_FIRST_PASS_US	31295
LIST_EXNEXT_1000_ENTRIES_REPEAT10_TOTAL_US	286207
LIST_EXALL_1000_ENTRIES_FIRST_PASS_US	6848
LIST_EXALL_1000_ENTRIES_REPEAT10_TOTAL_US	50048
PASS	1
PASS: requested mounted-volume workload outputs are complete and data-checked
