=== BFS vs PFS3 Benchmark (FS-UAE 68040) ===
Evidence directory: /home/fabian/.cache/bfs-performance/metabound-2026-10-10.kPl0jg/results/metabound-8-pfs3-first-reference
Mode: compare
Timeout: 600s


=== Machine Info ===
# Machine Info
Kickstart 47.102, Workbench 47.2
System: 68040 68040/060-FPU   (INST: Cache Burst) (DATA: NoCache NoBurst)
Type  Available    In-Use   Maximum   Largest
chip    2028040     52728   2080768   2027968
fast    7534464    854144   8388608   7529392
total   9562504    906872  10469376   7529392


Mounted disks:
Unit      Size       Used       Free Full Errs   Status   Name
DF0       No disk present
DH0      4095M    4194304    4194303  50%   0  Read/Write System
DH1       255M         36      65372   0%   0  Read/Write BFSTest
DH2       Not a DOS disk

Volumes available:
BFSTest [Mounted]
System [Mounted]

=== BFS Results ===
FS_COMPARE_BENCH	4
DRIVE	DH1:
SMALL_CREATE_40_US	37631
LOOKUP_400_US	59775
SMALL_READ_40_US	19585
LIST_EXNEXT_400_US	28352
LIST_EXALL_400_US	7617
SEQ_WRITE_8M_US	38273
SEQ_READ_8M_US	267006
SMALL_DELETE_40_US	13631
APPEND_4K_1M_US	70016
APPEND_1K_256K_US	62464
APPEND_READ_1280K_US	44736
LIST_EXNEXT_40_ENTRIES_FIRST_PASS_US	4415
LIST_EXNEXT_40_ENTRIES_REPEAT10_TOTAL_US	28480
LIST_EXALL_40_ENTRIES_FIRST_PASS_US	1920
LIST_EXALL_40_ENTRIES_REPEAT10_TOTAL_US	8383
LIST_EXNEXT_400_ENTRIES_FIRST_PASS_US	37888
LIST_EXNEXT_400_ENTRIES_REPEAT10_TOTAL_US	294782
LIST_EXALL_400_ENTRIES_FIRST_PASS_US	16320
LIST_EXALL_400_ENTRIES_REPEAT10_TOTAL_US	75135
LIST_EXNEXT_1000_ENTRIES_FIRST_PASS_US	95743
LIST_EXNEXT_1000_ENTRIES_REPEAT10_TOTAL_US	726461
LIST_EXALL_1000_ENTRIES_FIRST_PASS_US	56063
LIST_EXALL_1000_ENTRIES_REPEAT10_TOTAL_US	202431
PASS	1

=== PFS3 Results ===
FS_COMPARE_BENCH	4
DRIVE	DH2:
SMALL_CREATE_40_US	17280
LOOKUP_400_US	67137
SMALL_READ_40_US	14720
LIST_EXNEXT_400_US	11776
LIST_EXALL_400_US	2495
SEQ_WRITE_8M_US	39999
SEQ_READ_8M_US	272893
SMALL_DELETE_40_US	8063
APPEND_4K_1M_US	32000
APPEND_1K_256K_US	22720
APPEND_READ_1280K_US	40000
LIST_EXNEXT_40_ENTRIES_FIRST_PASS_US	1726
LIST_EXNEXT_40_ENTRIES_REPEAT10_TOTAL_US	11840
LIST_EXALL_40_ENTRIES_FIRST_PASS_US	577
LIST_EXALL_40_ENTRIES_REPEAT10_TOTAL_US	2495
LIST_EXNEXT_400_ENTRIES_FIRST_PASS_US	12736
LIST_EXNEXT_400_ENTRIES_REPEAT10_TOTAL_US	121215
LIST_EXALL_400_ENTRIES_FIRST_PASS_US	2752
LIST_EXALL_400_ENTRIES_REPEAT10_TOTAL_US	20095
LIST_EXNEXT_1000_ENTRIES_FIRST_PASS_US	31105
LIST_EXNEXT_1000_ENTRIES_REPEAT10_TOTAL_US	278078
LIST_EXALL_1000_ENTRIES_FIRST_PASS_US	6465
LIST_EXALL_1000_ENTRIES_REPEAT10_TOTAL_US	50497
PASS	1
PASS: requested mounted-volume workload outputs are complete and data-checked
