=== BFS vs PFS3 Benchmark (FS-UAE 68040) ===
Evidence directory: /home/fabian/.cache/bfs-performance/confirm-2026-10-10.TmkILS/results/confirm-5-bfs-first-reference
Mode: compare
Timeout: 600s


=== Machine Info ===
# Machine Info
Kickstart 47.102, Workbench 47.2
System: 68040 68040/060-FPU   (INST: Cache Burst) (DATA: NoCache NoBurst)
Type  Available    In-Use   Maximum   Largest
chip    2028040     52728   2080768   2027968
fast    7532616    855992   8388608   7527544
total   9560656    908720  10469376   7527544


Mounted disks:
Unit      Size       Used       Free Full Errs   Status   Name
DF0       No disk present
DH0      4095M    4194304    4194303  50%   0  Read/Write System
DH1       255M         36      65372   0%   0  Read/Write BFSTest
DH2       Not a DOS disk

Volumes available:
BFSTest [Mounted]
System [Mounted]

=== BFS Results ===
FS_COMPARE_BENCH	4
DRIVE	DH1:
SMALL_CREATE_40_US	30210
LOOKUP_400_US	58624
SMALL_READ_40_US	18624
LIST_EXNEXT_400_US	27297
LIST_EXALL_400_US	7809
SEQ_WRITE_8M_US	29248
SEQ_READ_8M_US	273022
SMALL_DELETE_40_US	14017
APPEND_4K_1M_US	52671
APPEND_1K_256K_US	43136
APPEND_READ_1280K_US	44735
LIST_EXNEXT_40_ENTRIES_FIRST_PASS_US	4415
LIST_EXNEXT_40_ENTRIES_REPEAT10_TOTAL_US	28928
LIST_EXALL_40_ENTRIES_FIRST_PASS_US	1792
LIST_EXALL_40_ENTRIES_REPEAT10_TOTAL_US	9151
LIST_EXNEXT_400_ENTRIES_FIRST_PASS_US	38080
LIST_EXNEXT_400_ENTRIES_REPEAT10_TOTAL_US	295998
LIST_EXALL_400_ENTRIES_FIRST_PASS_US	16446
LIST_EXALL_400_ENTRIES_REPEAT10_TOTAL_US	95039
LIST_EXNEXT_1000_ENTRIES_FIRST_PASS_US	94208
LIST_EXNEXT_1000_ENTRIES_REPEAT10_TOTAL_US	741884
LIST_EXALL_1000_ENTRIES_FIRST_PASS_US	41407
LIST_EXALL_1000_ENTRIES_REPEAT10_TOTAL_US	219134
PASS	1

=== PFS3 Results ===
FS_COMPARE_BENCH	4
DRIVE	DH2:
SMALL_CREATE_40_US	17537
LOOKUP_400_US	67135
SMALL_READ_40_US	15679
LIST_EXNEXT_400_US	12480
LIST_EXALL_400_US	2560
SEQ_WRITE_8M_US	40576
SEQ_READ_8M_US	270333
SMALL_DELETE_40_US	7871
APPEND_4K_1M_US	33153
APPEND_1K_256K_US	25088
APPEND_READ_1280K_US	40064
LIST_EXNEXT_40_ENTRIES_FIRST_PASS_US	1664
LIST_EXNEXT_40_ENTRIES_REPEAT10_TOTAL_US	13120
LIST_EXALL_40_ENTRIES_FIRST_PASS_US	576
LIST_EXALL_40_ENTRIES_REPEAT10_TOTAL_US	2624
LIST_EXNEXT_400_ENTRIES_FIRST_PASS_US	13120
LIST_EXNEXT_400_ENTRIES_REPEAT10_TOTAL_US	116929
LIST_EXALL_400_ENTRIES_FIRST_PASS_US	2944
LIST_EXALL_400_ENTRIES_REPEAT10_TOTAL_US	20929
LIST_EXNEXT_1000_ENTRIES_FIRST_PASS_US	33088
LIST_EXNEXT_1000_ENTRIES_REPEAT10_TOTAL_US	311868
LIST_EXALL_1000_ENTRIES_FIRST_PASS_US	9472
LIST_EXALL_1000_ENTRIES_REPEAT10_TOTAL_US	50240
PASS	1
PASS: requested mounted-volume workload outputs are complete and data-checked
