=== BFS vs PFS3 Benchmark (FS-UAE 68040) ===
Evidence directory: /home/fabian/.cache/bfs-performance/confirm-2026-10-10.TmkILS/results/confirm-4-pfs3-first-candidate
Mode: compare
Timeout: 600s


=== Machine Info ===
# Machine Info
Kickstart 47.102, Workbench 47.2
System: 68040 68040/060-FPU   (INST: Cache Burst) (DATA: NoCache NoBurst)
Type  Available    In-Use   Maximum   Largest
chip    2028040     52728   2080768   2027968
fast    7531240    857368   8388608   7526176
total   9559280    910096  10469376   7526176


Mounted disks:
Unit      Size       Used       Free Full Errs   Status   Name
DF0       No disk present
DH0      4095M    4194304    4194303  50%   0  Read/Write System
DH1       255M         36      65372   0%   0  Read/Write BFSTest
DH2       Not a DOS disk

Volumes available:
BFSTest [Mounted]
System [Mounted]

=== BFS Results ===
FS_COMPARE_BENCH	4
DRIVE	DH1:
SMALL_CREATE_40_US	31937
LOOKUP_400_US	77888
SMALL_READ_40_US	19263
LIST_EXNEXT_400_US	20223
LIST_EXALL_400_US	7745
SEQ_WRITE_8M_US	31357
SEQ_READ_8M_US	256702
SMALL_DELETE_40_US	13440
APPEND_4K_1M_US	53951
APPEND_1K_256K_US	63615
APPEND_READ_1280K_US	44608
LIST_EXNEXT_40_ENTRIES_FIRST_PASS_US	3968
LIST_EXNEXT_40_ENTRIES_REPEAT10_TOTAL_US	21247
LIST_EXALL_40_ENTRIES_FIRST_PASS_US	1662
LIST_EXALL_40_ENTRIES_REPEAT10_TOTAL_US	8384
LIST_EXNEXT_400_ENTRIES_FIRST_PASS_US	30655
LIST_EXNEXT_400_ENTRIES_REPEAT10_TOTAL_US	220736
LIST_EXALL_400_ENTRIES_FIRST_PASS_US	16896
LIST_EXALL_400_ENTRIES_REPEAT10_TOTAL_US	75968
LIST_EXNEXT_1000_ENTRIES_FIRST_PASS_US	74816
LIST_EXNEXT_1000_ENTRIES_REPEAT10_TOTAL_US	531261
LIST_EXALL_1000_ENTRIES_FIRST_PASS_US	39551
LIST_EXALL_1000_ENTRIES_REPEAT10_TOTAL_US	202622
PASS	1

=== PFS3 Results ===
FS_COMPARE_BENCH	4
DRIVE	DH2:
SMALL_CREATE_40_US	17025
LOOKUP_400_US	65472
SMALL_READ_40_US	15104
LIST_EXNEXT_400_US	11904
LIST_EXALL_400_US	2560
SEQ_WRITE_8M_US	47871
SEQ_READ_8M_US	369662
SMALL_DELETE_40_US	14849
APPEND_4K_1M_US	51519
APPEND_1K_256K_US	30848
APPEND_READ_1280K_US	41984
LIST_EXNEXT_40_ENTRIES_FIRST_PASS_US	1600
LIST_EXNEXT_40_ENTRIES_REPEAT10_TOTAL_US	12992
LIST_EXALL_40_ENTRIES_FIRST_PASS_US	832
LIST_EXALL_40_ENTRIES_REPEAT10_TOTAL_US	3328
LIST_EXNEXT_400_ENTRIES_FIRST_PASS_US	12672
LIST_EXNEXT_400_ENTRIES_REPEAT10_TOTAL_US	143999
LIST_EXALL_400_ENTRIES_FIRST_PASS_US	2752
LIST_EXALL_400_ENTRIES_REPEAT10_TOTAL_US	21312
LIST_EXNEXT_1000_ENTRIES_FIRST_PASS_US	30975
LIST_EXNEXT_1000_ENTRIES_REPEAT10_TOTAL_US	294399
LIST_EXALL_1000_ENTRIES_FIRST_PASS_US	7360
LIST_EXALL_1000_ENTRIES_REPEAT10_TOTAL_US	49985
PASS	1
PASS: requested mounted-volume workload outputs are complete and data-checked
