snapdog-runner
START 1 append-prod-1-bfs-first-ref 2026-10-10T13:59:02Z
PASS 1 append-prod-1-bfs-first-ref 2026-10-10T13:59:37Z
START 2 append-prod-1-bfs-first-mid 2026-10-10T13:59:38Z
PASS 2 append-prod-1-bfs-first-mid 2026-10-10T14:00:14Z
START 3 append-prod-1-bfs-first-cand 2026-10-10T14:00:14Z
PASS 3 append-prod-1-bfs-first-cand 2026-10-10T14:00:49Z
START 4 append-prod-2-pfs3-first-mid 2026-10-10T14:00:49Z
PASS 4 append-prod-2-pfs3-first-mid 2026-10-10T14:01:25Z
START 5 append-prod-2-pfs3-first-cand 2026-10-10T14:01:25Z
PASS 5 append-prod-2-pfs3-first-cand 2026-10-10T14:02:01Z
START 6 append-prod-2-pfs3-first-ref 2026-10-10T14:02:01Z
PASS 6 append-prod-2-pfs3-first-ref 2026-10-10T14:02:37Z
START 7 append-prod-3-bfs-first-cand 2026-10-10T14:02:37Z
PASS 7 append-prod-3-bfs-first-cand 2026-10-10T14:03:13Z
START 8 append-prod-3-bfs-first-ref 2026-10-10T14:03:13Z
PASS 8 append-prod-3-bfs-first-ref 2026-10-10T14:03:49Z
START 9 append-prod-3-bfs-first-mid 2026-10-10T14:03:49Z
PASS 9 append-prod-3-bfs-first-mid 2026-10-10T14:04:25Z
START 10 append-prod-4-pfs3-first-ref 2026-10-10T14:04:25Z
PASS 10 append-prod-4-pfs3-first-ref 2026-10-10T14:05:01Z
START 11 append-prod-4-pfs3-first-mid 2026-10-10T14:05:01Z
PASS 11 append-prod-4-pfs3-first-mid 2026-10-10T14:05:37Z
START 12 append-prod-4-pfs3-first-cand 2026-10-10T14:05:37Z
PASS 12 append-prod-4-pfs3-first-cand 2026-10-10T14:06:12Z
START 13 append-prod-5-bfs-first-mid 2026-10-10T14:06:12Z
PASS 13 append-prod-5-bfs-first-mid 2026-10-10T14:06:48Z
START 14 append-prod-5-bfs-first-cand 2026-10-10T14:06:48Z
PASS 14 append-prod-5-bfs-first-cand 2026-10-10T14:07:24Z
START 15 append-prod-5-bfs-first-ref 2026-10-10T14:07:24Z
PASS 15 append-prod-5-bfs-first-ref 2026-10-10T14:08:00Z
START 16 append-prod-6-pfs3-first-cand 2026-10-10T14:08:00Z
PASS 16 append-prod-6-pfs3-first-cand 2026-10-10T14:08:36Z
START 17 append-prod-6-pfs3-first-ref 2026-10-10T14:08:36Z
PASS 17 append-prod-6-pfs3-first-ref 2026-10-10T14:09:12Z
START 18 append-prod-6-pfs3-first-mid 2026-10-10T14:09:12Z
PASS 18 append-prod-6-pfs3-first-mid 2026-10-10T14:09:48Z
START 19 append-prod-7-bfs-first-ref 2026-10-10T14:09:48Z
PASS 19 append-prod-7-bfs-first-ref 2026-10-10T14:10:24Z
START 20 append-prod-7-bfs-first-mid 2026-10-10T14:10:24Z
PASS 20 append-prod-7-bfs-first-mid 2026-10-10T14:10:59Z
START 21 append-prod-7-bfs-first-cand 2026-10-10T14:11:00Z
PASS 21 append-prod-7-bfs-first-cand 2026-10-10T14:11:35Z
START 22 append-prod-8-pfs3-first-mid 2026-10-10T14:11:36Z
PASS 22 append-prod-8-pfs3-first-mid 2026-10-10T14:12:11Z
START 23 append-prod-8-pfs3-first-cand 2026-10-10T14:12:12Z
PASS 23 append-prod-8-pfs3-first-cand 2026-10-10T14:12:46Z
START 24 append-prod-8-pfs3-first-ref 2026-10-10T14:12:46Z
PASS 24 append-prod-8-pfs3-first-ref 2026-10-10T14:13:22Z
START 25 append-probe-1-bfs-first-ref 2026-10-10T14:13:22Z
snapdog-runner
RESTORE_COMPLETE status=1 2026-10-10T14:14:04Z
