=== BFS vs PFS3 Benchmark (FS-UAE 68040) ===
Evidence directory: /home/fabian/.cache/bfs-performance/splitbatch-2026-10-10.USYRpP/results/splitbatch-6-pfs3-first-ref
Mode: compare
Timeout: 600s


=== Machine Info ===
# Machine Info
Kickstart 47.102, Workbench 47.2
System: 68040 68040/060-FPU   (INST: Cache Burst) (DATA: NoCache NoBurst)
Type  Available    In-Use   Maximum   Largest
chip    2028040     52728   2080768   2027968
fast    7531240    857368   8388608   7526176
total   9559280    910096  10469376   7526176


Mounted disks:
Unit      Size       Used       Free Full Errs   Status   Name
DF0       No disk present
DH0      4095M    4194304    4194303  50%   0  Read/Write System
DH1       255M         36      65372   0%   0  Read/Write BFSTest
DH2       Not a DOS disk

Volumes available:
BFSTest [Mounted]
System [Mounted]

=== BFS Results ===
FS_COMPARE_BENCH	4
DRIVE	DH1:
SMALL_CREATE_40_US	27711
LOOKUP_400_US	60095
SMALL_READ_40_US	18878
LIST_EXNEXT_400_US	20416
LIST_EXALL_400_US	8128
SEQ_WRITE_8M_US	28673
SEQ_READ_8M_US	271550
SMALL_DELETE_40_US	13695
APPEND_4K_1M_US	51711
APPEND_1K_256K_US	45185
APPEND_READ_1280K_US	43903
LIST_EXNEXT_40_ENTRIES_FIRST_PASS_US	3712
LIST_EXNEXT_40_ENTRIES_REPEAT10_TOTAL_US	21823
LIST_EXALL_40_ENTRIES_FIRST_PASS_US	1792
LIST_EXALL_40_ENTRIES_REPEAT10_TOTAL_US	8704
LIST_EXNEXT_400_ENTRIES_FIRST_PASS_US	29439
LIST_EXNEXT_400_ENTRIES_REPEAT10_TOTAL_US	214976
LIST_EXALL_400_ENTRIES_FIRST_PASS_US	16640
LIST_EXALL_400_ENTRIES_REPEAT10_TOTAL_US	76160
LIST_EXNEXT_1000_ENTRIES_FIRST_PASS_US	88895
LIST_EXNEXT_1000_ENTRIES_REPEAT10_TOTAL_US	541437
LIST_EXALL_1000_ENTRIES_FIRST_PASS_US	38848
LIST_EXALL_1000_ENTRIES_REPEAT10_TOTAL_US	190589
PASS	1

=== PFS3 Results ===
FS_COMPARE_BENCH	4
DRIVE	DH2:
SMALL_CREATE_40_US	16127
LOOKUP_400_US	66175
SMALL_READ_40_US	13632
LIST_EXNEXT_400_US	11840
LIST_EXALL_400_US	2625
SEQ_WRITE_8M_US	39359
SEQ_READ_8M_US	273472
SMALL_DELETE_40_US	8506
APPEND_4K_1M_US	32832
APPEND_1K_256K_US	23533
APPEND_READ_1280K_US	41280
LIST_EXNEXT_40_ENTRIES_FIRST_PASS_US	2305
LIST_EXNEXT_40_ENTRIES_REPEAT10_TOTAL_US	11905
LIST_EXALL_40_ENTRIES_FIRST_PASS_US	704
LIST_EXALL_40_ENTRIES_REPEAT10_TOTAL_US	2496
LIST_EXNEXT_400_ENTRIES_FIRST_PASS_US	12991
LIST_EXNEXT_400_ENTRIES_REPEAT10_TOTAL_US	110144
LIST_EXALL_400_ENTRIES_FIRST_PASS_US	2944
LIST_EXALL_400_ENTRIES_REPEAT10_TOTAL_US	20095
LIST_EXNEXT_1000_ENTRIES_FIRST_PASS_US	32191
LIST_EXNEXT_1000_ENTRIES_REPEAT10_TOTAL_US	292735
LIST_EXALL_1000_ENTRIES_FIRST_PASS_US	6720
LIST_EXALL_1000_ENTRIES_REPEAT10_TOTAL_US	51200
PASS	1
PASS: requested mounted-volume workload outputs are complete and data-checked
