=== BFS vs PFS3 Benchmark (FS-UAE 68040) ===
Evidence directory: /home/fabian/.cache/bfs-performance/write-guard-2026-10-09.qG6xKe/results/write-guard-durable-candidate-2-pfs3-first
Mode: durable-compare
Timeout: 600s


=== Machine Info ===
# Machine Info
Kickstart 47.102, Workbench 47.2
System: 68040 68040/060-FPU   (INST: Cache Burst) (DATA: NoCache NoBurst)
Type  Available    In-Use   Maximum   Largest
chip    2028040     52728   2080768   2027968
fast    7686712    701896   8388608   7681656
total   9714752    754624  10469376   7681656


Mounted disks:
Unit      Size       Used       Free Full Errs   Status   Name
DF0       No disk present
DH0      4095M    4194304    4194303  50%   0  Read/Write System
DH1       255M         36      65372   0%   0  Read/Write BFSTest
DH2       Not a DOS disk

Volumes available:
BFSTest [Mounted]
System [Mounted]

=== BFS Results ===
FS_DURABLE_COMPARE	4
DRIVE	DH1:
SMALL_CREATE_40_US	32703
LOOKUP_400_US	75392
SMALL_READ_40_US	20160
LIST_EXNEXT_400_US	31232
LIST_EXALL_400_US	9023
SEQ_WRITE_8M_US	40128
SEQ_READ_8M_US	273342
SMALL_DELETE_40_US	20288
APPEND_4K_1M_US	79745
APPEND_1K_256K_US	60736
APPEND_READ_1280K_US	42496
LIST_EXNEXT_40_ENTRIES_FIRST_PASS_US	5695
LIST_EXNEXT_40_ENTRIES_REPEAT10_TOTAL_US	31425
LIST_EXALL_40_ENTRIES_FIRST_PASS_US	3009
LIST_EXALL_40_ENTRIES_REPEAT10_TOTAL_US	9343
LIST_EXNEXT_400_ENTRIES_FIRST_PASS_US	50624
LIST_EXNEXT_400_ENTRIES_REPEAT10_TOTAL_US	547454
LIST_EXALL_400_ENTRIES_FIRST_PASS_US	32127
LIST_EXALL_400_ENTRIES_REPEAT10_TOTAL_US	316030
LIST_EXNEXT_1000_ENTRIES_FIRST_PASS_US	137855
LIST_EXNEXT_1000_ENTRIES_REPEAT10_TOTAL_US	1461497
LIST_EXALL_1000_ENTRIES_FIRST_PASS_US	76799
LIST_EXALL_1000_ENTRIES_REPEAT10_TOTAL_US	838267
PASS	1

=== PFS3 Results ===
FS_DURABLE_COMPARE	4
DRIVE	DH2:
SMALL_CREATE_40_US	17407
LOOKUP_400_US	66497
SMALL_READ_40_US	14015
LIST_EXNEXT_400_US	12031
LIST_EXALL_400_US	2943
SEQ_WRITE_8M_US	38720
SEQ_READ_8M_US	267902
SMALL_DELETE_40_US	8640
APPEND_4K_1M_US	33791
APPEND_1K_256K_US	23423
APPEND_READ_1280K_US	41088
LIST_EXNEXT_40_ENTRIES_FIRST_PASS_US	1665
LIST_EXNEXT_40_ENTRIES_REPEAT10_TOTAL_US	12160
LIST_EXALL_40_ENTRIES_FIRST_PASS_US	577
LIST_EXALL_40_ENTRIES_REPEAT10_TOTAL_US	2559
LIST_EXNEXT_400_ENTRIES_FIRST_PASS_US	12673
LIST_EXNEXT_400_ENTRIES_REPEAT10_TOTAL_US	115199
LIST_EXALL_400_ENTRIES_FIRST_PASS_US	2943
LIST_EXALL_400_ENTRIES_REPEAT10_TOTAL_US	20672
LIST_EXNEXT_1000_ENTRIES_FIRST_PASS_US	32064
LIST_EXNEXT_1000_ENTRIES_REPEAT10_TOTAL_US	296444
LIST_EXALL_1000_ENTRIES_FIRST_PASS_US	6591
LIST_EXALL_1000_ENTRIES_REPEAT10_TOTAL_US	50303
PASS	1
PASS: requested mounted-volume workload outputs are complete and data-checked
