=== BFS vs PFS3 Benchmark (FS-UAE 68040) ===
Evidence directory: /home/fabian/.cache/bfs-performance/sparse-crc-2026-10-09.xN615F/candidate/build/benchmark/sparse-durable-20261009-m5-3-bfs-first
Mode: durable-compare
Timeout: 600s


=== Machine Info ===
# Machine Info
Kickstart 47.102, Workbench 47.2
System: 68040 68040/060-FPU   (INST: Cache Burst) (DATA: NoCache NoBurst)
Type  Available    In-Use   Maximum   Largest
chip    2028040     52728   2080768   2027968
fast    7687256    701352   8388608   7682200
total   9715296    754080  10469376   7682200


Mounted disks:
Unit      Size       Used       Free Full Errs   Status   Name
DF0       No disk present
DH0      4095M    4194304    4194303  50%   0  Read/Write System
DH1       255M         36      65372   0%   0  Read/Write BFSTest
DH2       Not a DOS disk

Volumes available:
BFSTest [Mounted]
System [Mounted]

=== BFS Results ===
FS_DURABLE_COMPARE	4
DRIVE	DH1:
SMALL_CREATE_40_US	35907
LOOKUP_400_US	77056
SMALL_READ_40_US	20160
LIST_EXNEXT_400_US	32447
LIST_EXALL_400_US	9343
SEQ_WRITE_8M_US	43199
SEQ_READ_8M_US	269247
SMALL_DELETE_40_US	21377
APPEND_4K_1M_US	85504
APPEND_1K_256K_US	82368
APPEND_READ_1280K_US	45823
LIST_EXNEXT_40_ENTRIES_FIRST_PASS_US	6847
LIST_EXNEXT_40_ENTRIES_REPEAT10_TOTAL_US	33025
LIST_EXALL_40_ENTRIES_FIRST_PASS_US	4031
LIST_EXALL_40_ENTRIES_REPEAT10_TOTAL_US	9919
LIST_EXNEXT_400_ENTRIES_FIRST_PASS_US	57471
LIST_EXNEXT_400_ENTRIES_REPEAT10_TOTAL_US	583420
LIST_EXALL_400_ENTRIES_FIRST_PASS_US	37568
LIST_EXALL_400_ENTRIES_REPEAT10_TOTAL_US	375165
LIST_EXNEXT_1000_ENTRIES_FIRST_PASS_US	152448
LIST_EXNEXT_1000_ENTRIES_REPEAT10_TOTAL_US	1730359
LIST_EXALL_1000_ENTRIES_FIRST_PASS_US	98880
LIST_EXALL_1000_ENTRIES_REPEAT10_TOTAL_US	1015271
PASS	1

=== PFS3 Results ===
FS_DURABLE_COMPARE	4
DRIVE	DH2:
SMALL_CREATE_40_US	18560
LOOKUP_400_US	67520
SMALL_READ_40_US	15423
LIST_EXNEXT_400_US	12608
LIST_EXALL_400_US	2738
SEQ_WRITE_8M_US	57920
SEQ_READ_8M_US	333310
SMALL_DELETE_40_US	9600
APPEND_4K_1M_US	33901
APPEND_1K_256K_US	25472
APPEND_READ_1280K_US	41663
LIST_EXNEXT_40_ENTRIES_FIRST_PASS_US	1729
LIST_EXNEXT_40_ENTRIES_REPEAT10_TOTAL_US	12288
LIST_EXALL_40_ENTRIES_FIRST_PASS_US	640
LIST_EXALL_40_ENTRIES_REPEAT10_TOTAL_US	2495
LIST_EXNEXT_400_ENTRIES_FIRST_PASS_US	13400
LIST_EXNEXT_400_ENTRIES_REPEAT10_TOTAL_US	114943
LIST_EXALL_400_ENTRIES_FIRST_PASS_US	3008
LIST_EXALL_400_ENTRIES_REPEAT10_TOTAL_US	20670
LIST_EXNEXT_1000_ENTRIES_FIRST_PASS_US	33600
LIST_EXNEXT_1000_ENTRIES_REPEAT10_TOTAL_US	288188
LIST_EXALL_1000_ENTRIES_FIRST_PASS_US	6528
LIST_EXALL_1000_ENTRIES_REPEAT10_TOTAL_US	49536
PASS	1
PASS: requested mounted-volume workload outputs are complete and data-checked
