=== BFS vs PFS3 Benchmark (FS-UAE 68040) ===
Evidence directory: /home/fabian/.cache/bfs-performance/confirm-2026-10-10.TmkILS/results/confirm-3-bfs-first-candidate
Mode: compare
Timeout: 600s


=== Machine Info ===
# Machine Info
Kickstart 47.102, Workbench 47.2
System: 68040 68040/060-FPU   (INST: Cache Burst) (DATA: NoCache NoBurst)
Type  Available    In-Use   Maximum   Largest
chip    2028040     52728   2080768   2027968
fast    7531240    857368   8388608   7526176
total   9559280    910096  10469376   7526176


Mounted disks:
Unit      Size       Used       Free Full Errs   Status   Name
DF0       No disk present
DH0      4095M    4194304    4194303  50%   0  Read/Write System
DH1       255M         36      65372   0%   0  Read/Write BFSTest
DH2       Not a DOS disk

Volumes available:
BFSTest [Mounted]
System [Mounted]

=== BFS Results ===
FS_COMPARE_BENCH	4
DRIVE	DH1:
SMALL_CREATE_40_US	28799
LOOKUP_400_US	64127
SMALL_READ_40_US	20868
LIST_EXNEXT_400_US	19968
LIST_EXALL_400_US	7743
SEQ_WRITE_8M_US	27071
SEQ_READ_8M_US	257342
SMALL_DELETE_40_US	13440
APPEND_4K_1M_US	51393
APPEND_1K_256K_US	41855
APPEND_READ_1280K_US	44864
LIST_EXNEXT_40_ENTRIES_FIRST_PASS_US	3753
LIST_EXNEXT_40_ENTRIES_REPEAT10_TOTAL_US	21055
LIST_EXALL_40_ENTRIES_FIRST_PASS_US	1664
LIST_EXALL_40_ENTRIES_REPEAT10_TOTAL_US	8385
LIST_EXNEXT_400_ENTRIES_FIRST_PASS_US	28926
LIST_EXNEXT_400_ENTRIES_REPEAT10_TOTAL_US	211134
LIST_EXALL_400_ENTRIES_FIRST_PASS_US	20160
LIST_EXALL_400_ENTRIES_REPEAT10_TOTAL_US	81728
LIST_EXNEXT_1000_ENTRIES_FIRST_PASS_US	70529
LIST_EXNEXT_1000_ENTRIES_REPEAT10_TOTAL_US	532989
LIST_EXALL_1000_ENTRIES_FIRST_PASS_US	37633
LIST_EXALL_1000_ENTRIES_REPEAT10_TOTAL_US	189696
PASS	1

=== PFS3 Results ===
FS_COMPARE_BENCH	4
DRIVE	DH2:
SMALL_CREATE_40_US	16320
LOOKUP_400_US	75200
SMALL_READ_40_US	14015
LIST_EXNEXT_400_US	11903
LIST_EXALL_400_US	2432
SEQ_WRITE_8M_US	38783
SEQ_READ_8M_US	257151
SMALL_DELETE_40_US	7807
APPEND_4K_1M_US	33665
APPEND_1K_256K_US	22848
APPEND_READ_1280K_US	40768
LIST_EXNEXT_40_ENTRIES_FIRST_PASS_US	1600
LIST_EXNEXT_40_ENTRIES_REPEAT10_TOTAL_US	12095
LIST_EXALL_40_ENTRIES_FIRST_PASS_US	705
LIST_EXALL_40_ENTRIES_REPEAT10_TOTAL_US	2496
LIST_EXNEXT_400_ENTRIES_FIRST_PASS_US	12800
LIST_EXNEXT_400_ENTRIES_REPEAT10_TOTAL_US	111743
LIST_EXALL_400_ENTRIES_FIRST_PASS_US	2943
LIST_EXALL_400_ENTRIES_REPEAT10_TOTAL_US	20223
LIST_EXNEXT_1000_ENTRIES_FIRST_PASS_US	31040
LIST_EXNEXT_1000_ENTRIES_REPEAT10_TOTAL_US	290239
LIST_EXALL_1000_ENTRIES_FIRST_PASS_US	6591
LIST_EXALL_1000_ENTRIES_REPEAT10_TOTAL_US	49664
PASS	1
PASS: requested mounted-volume workload outputs are complete and data-checked
