=== BFS vs PFS3 Benchmark (FS-UAE 68040) ===
Evidence directory: /home/fabian/.cache/bfs-performance/listing-upgrade-2026-10-08.29qKRc/build/benchmark/leaf-range-normal-20261008-range-3-bfs-first
Mode: compare
Timeout: 600s


=== Machine Info ===
# Machine Info
Kickstart 47.102, Workbench 47.2
System: 68040 68040/060-FPU   (INST: Cache Burst) (DATA: NoCache NoBurst)
Type  Available    In-Use   Maximum   Largest
chip    2028040     52728   2080768   2027968
fast    7687256    701352   8388608   7682200
total   9715296    754080  10469376   7682200


Mounted disks:
Unit      Size       Used       Free Full Errs   Status   Name
DF0       No disk present
DH0      4095M    4194304    4194303  50%   0  Read/Write System
DH1       255M         36      65372   0%   0  Read/Write BFSTest
DH2       Not a DOS disk

Volumes available:
BFSTest [Mounted]
System [Mounted]

=== BFS Results ===
FS_COMPARE_BENCH	4
DRIVE	DH1:
SMALL_CREATE_40_US	28673
LOOKUP_400_US	77246
SMALL_READ_40_US	18943
LIST_EXNEXT_400_US	31295
LIST_EXALL_400_US	9088
SEQ_WRITE_8M_US	39104
SEQ_READ_8M_US	261118
SMALL_DELETE_40_US	17728
APPEND_4K_1M_US	78016
APPEND_1K_256K_US	91712
APPEND_READ_1280K_US	44862
LIST_EXNEXT_40_ENTRIES_FIRST_PASS_US	5951
LIST_EXNEXT_40_ENTRIES_REPEAT10_TOTAL_US	31808
LIST_EXALL_40_ENTRIES_FIRST_PASS_US	3583
LIST_EXALL_40_ENTRIES_REPEAT10_TOTAL_US	9535
LIST_EXNEXT_400_ENTRIES_FIRST_PASS_US	52800
LIST_EXNEXT_400_ENTRIES_REPEAT10_TOTAL_US	639356
LIST_EXALL_400_ENTRIES_FIRST_PASS_US	33280
LIST_EXALL_400_ENTRIES_REPEAT10_TOTAL_US	412988
LIST_EXNEXT_1000_ENTRIES_FIRST_PASS_US	192321
LIST_EXNEXT_1000_ENTRIES_REPEAT10_TOTAL_US	1514085
LIST_EXALL_1000_ENTRIES_FIRST_PASS_US	93951
LIST_EXALL_1000_ENTRIES_REPEAT10_TOTAL_US	898042
PASS	1

=== PFS3 Results ===
FS_COMPARE_BENCH	4
DRIVE	DH2:
SMALL_CREATE_40_US	16513
LOOKUP_400_US	67648
SMALL_READ_40_US	15296
LIST_EXNEXT_400_US	12032
LIST_EXALL_400_US	2432
SEQ_WRITE_8M_US	49471
SEQ_READ_8M_US	271999
SMALL_DELETE_40_US	8257
APPEND_4K_1M_US	37568
APPEND_1K_256K_US	24064
APPEND_READ_1280K_US	40831
LIST_EXNEXT_40_ENTRIES_FIRST_PASS_US	1792
LIST_EXNEXT_40_ENTRIES_REPEAT10_TOTAL_US	12223
LIST_EXALL_40_ENTRIES_FIRST_PASS_US	640
LIST_EXALL_40_ENTRIES_REPEAT10_TOTAL_US	2560
LIST_EXNEXT_400_ENTRIES_FIRST_PASS_US	14528
LIST_EXNEXT_400_ENTRIES_REPEAT10_TOTAL_US	116031
LIST_EXALL_400_ENTRIES_FIRST_PASS_US	2879
LIST_EXALL_400_ENTRIES_REPEAT10_TOTAL_US	20480
LIST_EXNEXT_1000_ENTRIES_FIRST_PASS_US	32576
LIST_EXNEXT_1000_ENTRIES_REPEAT10_TOTAL_US	292927
LIST_EXALL_1000_ENTRIES_FIRST_PASS_US	7680
LIST_EXALL_1000_ENTRIES_REPEAT10_TOTAL_US	50813
PASS	1
PASS: requested mounted-volume workload outputs are complete and data-checked
