=== BFS vs PFS3 Benchmark (FS-UAE 68040) ===
Evidence directory: /home/fabian/.cache/bfs-performance/status-2026-10-10.NvWrOR/results/status-7-bfs-first-base
Mode: compare
Timeout: 600s


=== Machine Info ===
# Machine Info
Kickstart 47.102, Workbench 47.2
System: 68040 68040/060-FPU   (INST: Cache Burst) (DATA: NoCache NoBurst)
Type  Available    In-Use   Maximum   Largest
chip    2028040     52728   2080768   2027968
fast    7533080    855528   8388608   7528008
total   9561120    908256  10469376   7528008


Mounted disks:
Unit      Size       Used       Free Full Errs   Status   Name
DF0       No disk present
DH0      4095M    4194304    4194303  50%   0  Read/Write System
DH1       255M         36      65372   0%   0  Read/Write BFSTest
DH2       Not a DOS disk

Volumes available:
BFSTest [Mounted]
System [Mounted]

=== BFS Results ===
FS_COMPARE_BENCH	4
DRIVE	DH1:
SMALL_CREATE_40_US	32127
LOOKUP_400_US	61809
SMALL_READ_40_US	18879
LIST_EXNEXT_400_US	28096
LIST_EXALL_400_US	7937
SEQ_WRITE_8M_US	36863
SEQ_READ_8M_US	287935
SMALL_DELETE_40_US	14655
APPEND_4K_1M_US	67968
APPEND_1K_256K_US	71807
APPEND_READ_1280K_US	45503
LIST_EXNEXT_40_ENTRIES_FIRST_PASS_US	4607
LIST_EXNEXT_40_ENTRIES_REPEAT10_TOTAL_US	29312
LIST_EXALL_40_ENTRIES_FIRST_PASS_US	1856
LIST_EXALL_40_ENTRIES_REPEAT10_TOTAL_US	8703
LIST_EXNEXT_400_ENTRIES_FIRST_PASS_US	38464
LIST_EXNEXT_400_ENTRIES_REPEAT10_TOTAL_US	301950
LIST_EXALL_400_ENTRIES_FIRST_PASS_US	17086
LIST_EXALL_400_ENTRIES_REPEAT10_TOTAL_US	78528
LIST_EXNEXT_1000_ENTRIES_FIRST_PASS_US	95745
LIST_EXNEXT_1000_ENTRIES_REPEAT10_TOTAL_US	744252
LIST_EXALL_1000_ENTRIES_FIRST_PASS_US	40383
LIST_EXALL_1000_ENTRIES_REPEAT10_TOTAL_US	197055
PASS	1

=== PFS3 Results ===
FS_COMPARE_BENCH	4
DRIVE	DH2:
SMALL_CREATE_40_US	16320
LOOKUP_400_US	65728
SMALL_READ_40_US	13695
LIST_EXNEXT_400_US	12032
LIST_EXALL_400_US	2496
SEQ_WRITE_8M_US	49473
SEQ_READ_8M_US	260228
SMALL_DELETE_40_US	7616
APPEND_4K_1M_US	41665
APPEND_1K_256K_US	24703
APPEND_READ_1280K_US	39487
LIST_EXNEXT_40_ENTRIES_FIRST_PASS_US	2368
LIST_EXNEXT_40_ENTRIES_REPEAT10_TOTAL_US	13695
LIST_EXALL_40_ENTRIES_FIRST_PASS_US	511
LIST_EXALL_40_ENTRIES_REPEAT10_TOTAL_US	2497
LIST_EXNEXT_400_ENTRIES_FIRST_PASS_US	12544
LIST_EXNEXT_400_ENTRIES_REPEAT10_TOTAL_US	119871
LIST_EXALL_400_ENTRIES_FIRST_PASS_US	6015
LIST_EXALL_400_ENTRIES_REPEAT10_TOTAL_US	39872
LIST_EXNEXT_1000_ENTRIES_FIRST_PASS_US	36865
LIST_EXNEXT_1000_ENTRIES_REPEAT10_TOTAL_US	366079
LIST_EXALL_1000_ENTRIES_FIRST_PASS_US	6143
LIST_EXALL_1000_ENTRIES_REPEAT10_TOTAL_US	52287
PASS	1
PASS: requested mounted-volume workload outputs are complete and data-checked
