=== BFS vs PFS3 Benchmark (FS-UAE 68040) ===
Evidence directory: /home/fabian/.cache/bfs-performance/sparse-crc-2026-10-09.xN615F/candidate/build/benchmark/sparse-normal-20261009-m5-7-bfs-first
Mode: compare
Timeout: 600s


=== Machine Info ===
# Machine Info
Kickstart 47.102, Workbench 47.2
System: 68040 68040/060-FPU   (INST: Cache Burst) (DATA: NoCache NoBurst)
Type  Available    In-Use   Maximum   Largest
chip    2028040     52728   2080768   2027968
fast    7687256    701352   8388608   7682200
total   9715296    754080  10469376   7682200


Mounted disks:
Unit      Size       Used       Free Full Errs   Status   Name
DF0       No disk present
DH0      4095M    4194304    4194303  50%   0  Read/Write System
DH1       255M         36      65372   0%   0  Read/Write BFSTest
DH2       Not a DOS disk

Volumes available:
BFSTest [Mounted]
System [Mounted]

=== BFS Results ===
FS_COMPARE_BENCH	4
DRIVE	DH1:
SMALL_CREATE_40_US	31040
LOOKUP_400_US	75264
SMALL_READ_40_US	20353
LIST_EXNEXT_400_US	30655
LIST_EXALL_400_US	8960
SEQ_WRITE_8M_US	40000
SEQ_READ_8M_US	265470
SMALL_DELETE_40_US	17280
APPEND_4K_1M_US	78271
APPEND_1K_256K_US	60095
APPEND_READ_1280K_US	42815
LIST_EXNEXT_40_ENTRIES_FIRST_PASS_US	6400
LIST_EXNEXT_40_ENTRIES_REPEAT10_TOTAL_US	31488
LIST_EXALL_40_ENTRIES_FIRST_PASS_US	3713
LIST_EXALL_40_ENTRIES_REPEAT10_TOTAL_US	9407
LIST_EXNEXT_400_ENTRIES_FIRST_PASS_US	57596
LIST_EXNEXT_400_ENTRIES_REPEAT10_TOTAL_US	557949
LIST_EXALL_400_ENTRIES_FIRST_PASS_US	36991
LIST_EXALL_400_ENTRIES_REPEAT10_TOTAL_US	360446
LIST_EXNEXT_1000_ENTRIES_FIRST_PASS_US	149568
LIST_EXNEXT_1000_ENTRIES_REPEAT10_TOTAL_US	1483383
LIST_EXALL_1000_ENTRIES_FIRST_PASS_US	88192
LIST_EXALL_1000_ENTRIES_REPEAT10_TOTAL_US	923131
PASS	1

=== PFS3 Results ===
FS_COMPARE_BENCH	4
DRIVE	DH2:
SMALL_CREATE_40_US	17663
LOOKUP_400_US	65857
SMALL_READ_40_US	13951
LIST_EXNEXT_400_US	16128
LIST_EXALL_400_US	4607
SEQ_WRITE_8M_US	65665
SEQ_READ_8M_US	273984
SMALL_DELETE_40_US	8703
APPEND_4K_1M_US	32768
APPEND_1K_256K_US	27902
APPEND_READ_1280K_US	40128
LIST_EXNEXT_40_ENTRIES_FIRST_PASS_US	1728
LIST_EXNEXT_40_ENTRIES_REPEAT10_TOTAL_US	12225
LIST_EXALL_40_ENTRIES_FIRST_PASS_US	576
LIST_EXALL_40_ENTRIES_REPEAT10_TOTAL_US	2560
LIST_EXNEXT_400_ENTRIES_FIRST_PASS_US	12800
LIST_EXNEXT_400_ENTRIES_REPEAT10_TOTAL_US	113982
LIST_EXALL_400_ENTRIES_FIRST_PASS_US	2880
LIST_EXALL_400_ENTRIES_REPEAT10_TOTAL_US	20735
LIST_EXNEXT_1000_ENTRIES_FIRST_PASS_US	31679
LIST_EXNEXT_1000_ENTRIES_REPEAT10_TOTAL_US	282878
LIST_EXALL_1000_ENTRIES_FIRST_PASS_US	6655
LIST_EXALL_1000_ENTRIES_REPEAT10_TOTAL_US	49856
PASS	1
PASS: requested mounted-volume workload outputs are complete and data-checked
