=== BFS vs PFS3 Benchmark (FS-UAE 68040) ===
Evidence directory: /home/fabian/.cache/bfs-performance/write-guard-2026-10-09.qG6xKe/results/write-guard-aa-durable-baseb-1-pfs3-first
Mode: durable-compare
Timeout: 600s


=== Machine Info ===
# Machine Info
Kickstart 47.102, Workbench 47.2
System: 68040 68040/060-FPU   (INST: Cache Burst) (DATA: NoCache NoBurst)
Type  Available    In-Use   Maximum   Largest
chip    2028040     52728   2080768   2027968
fast    7686824    701784   8388608   7681768
total   9714864    754512  10469376   7681768


Mounted disks:
Unit      Size       Used       Free Full Errs   Status   Name
DF0       No disk present
DH0      4095M    4194304    4194303  50%   0  Read/Write System
DH1       255M         36      65372   0%   0  Read/Write BFSTest
DH2       Not a DOS disk

Volumes available:
BFSTest [Mounted]
System [Mounted]

=== BFS Results ===
FS_DURABLE_COMPARE	4
DRIVE	DH1:
SMALL_CREATE_40_US	44481
LOOKUP_400_US	76479
SMALL_READ_40_US	19903
LIST_EXNEXT_400_US	31040
LIST_EXALL_400_US	8960
SEQ_WRITE_8M_US	42431
SEQ_READ_8M_US	294655
SMALL_DELETE_40_US	27297
APPEND_4K_1M_US	87936
APPEND_1K_256K_US	65471
APPEND_READ_1280K_US	42623
LIST_EXNEXT_40_ENTRIES_FIRST_PASS_US	5440
LIST_EXNEXT_40_ENTRIES_REPEAT10_TOTAL_US	31360
LIST_EXALL_40_ENTRIES_FIRST_PASS_US	3649
LIST_EXALL_40_ENTRIES_REPEAT10_TOTAL_US	9473
LIST_EXNEXT_400_ENTRIES_FIRST_PASS_US	51200
LIST_EXNEXT_400_ENTRIES_REPEAT10_TOTAL_US	526397
LIST_EXALL_400_ENTRIES_FIRST_PASS_US	31104
LIST_EXALL_400_ENTRIES_REPEAT10_TOTAL_US	316799
LIST_EXNEXT_1000_ENTRIES_FIRST_PASS_US	139711
LIST_EXNEXT_1000_ENTRIES_REPEAT10_TOTAL_US	1432631
LIST_EXALL_1000_ENTRIES_FIRST_PASS_US	80576
LIST_EXALL_1000_ENTRIES_REPEAT10_TOTAL_US	881019
PASS	1

=== PFS3 Results ===
FS_DURABLE_COMPARE	4
DRIVE	DH2:
SMALL_CREATE_40_US	15808
LOOKUP_400_US	69119
SMALL_READ_40_US	13249
LIST_EXNEXT_400_US	11746
LIST_EXALL_400_US	2623
SEQ_WRITE_8M_US	38528
SEQ_READ_8M_US	268030
SMALL_DELETE_40_US	8960
APPEND_4K_1M_US	64895
APPEND_1K_256K_US	43713
APPEND_READ_1280K_US	40833
LIST_EXNEXT_40_ENTRIES_FIRST_PASS_US	1600
LIST_EXNEXT_40_ENTRIES_REPEAT10_TOTAL_US	11777
LIST_EXALL_40_ENTRIES_FIRST_PASS_US	577
LIST_EXALL_40_ENTRIES_REPEAT10_TOTAL_US	2496
LIST_EXNEXT_400_ENTRIES_FIRST_PASS_US	12417
LIST_EXNEXT_400_ENTRIES_REPEAT10_TOTAL_US	123328
LIST_EXALL_400_ENTRIES_FIRST_PASS_US	3008
LIST_EXALL_400_ENTRIES_REPEAT10_TOTAL_US	20352
LIST_EXNEXT_1000_ENTRIES_FIRST_PASS_US	30973
LIST_EXNEXT_1000_ENTRIES_REPEAT10_TOTAL_US	275455
LIST_EXALL_1000_ENTRIES_FIRST_PASS_US	6465
LIST_EXALL_1000_ENTRIES_REPEAT10_TOTAL_US	50688
PASS	1
PASS: requested mounted-volume workload outputs are complete and data-checked
