=== BFS vs PFS3 Benchmark (FS-UAE 68040) ===
Evidence directory: /tmp/bfs-perf-crc.UBHsLz/buffer-normal-baseline-bfs-first
Mode: compare
Timeout: 300s


=== Machine Info ===
# Machine Info
Kickstart 47.102, Workbench 47.2
System: 68040 68040/060-FPU   (INST: Cache Burst) (DATA: NoCache NoBurst)
Type  Available    In-Use   Maximum   Largest
chip    2028040     52728   2080768   2027968
fast    7721728    666880   8388608   7716632
total   9749768    719608  10469376   7716632


Mounted disks:
Unit      Size       Used       Free Full Errs   Status   Name
DF0       No disk present
DH0      4095M    4194304    4194303  50%   0  Read/Write System
DH1       255M         36      65372   0%   0  Read/Write BFSTest
DH2       Not a DOS disk

Volumes available:
BFSTest [Mounted]
System [Mounted]

=== BFS Results ===
FS_COMPARE_BENCH	1
DRIVE	DH1:
SMALL_CREATE_40_US	299390
LOOKUP_400_US	125183
SMALL_READ_40_US	56576
SEQ_WRITE_8M_US	470014
SEQ_READ_8M_US	566525
SMALL_DELETE_40_US	215742
PASS	1

=== PFS3 Results ===
FS_COMPARE_BENCH	1
DRIVE	DH2:
SMALL_CREATE_40_US	16448
LOOKUP_400_US	66239
SMALL_READ_40_US	14400
SEQ_WRITE_8M_US	37760
SEQ_READ_8M_US	258687
SMALL_DELETE_40_US	7808
PASS	1
PASS: requested mounted-volume workload outputs are complete and data-checked
