=== BFS vs PFS3 Benchmark (FS-UAE 68040) ===
Evidence directory: /home/fabian/.cache/bfs-performance/sparse-crc-2026-10-09.xN615F/candidate/build/benchmark/sparse-confirmation-20261009/confirm-durable-sparse-1-bfs-first
Mode: durable-compare
Timeout: 600s


=== Machine Info ===
# Machine Info
Kickstart 47.102, Workbench 47.2
System: 68040 68040/060-FPU   (INST: Cache Burst) (DATA: NoCache NoBurst)
Type  Available    In-Use   Maximum   Largest
chip    2028040     52728   2080768   2027968
fast    7686824    701784   8388608   7681768
total   9714864    754512  10469376   7681768


Mounted disks:
Unit      Size       Used       Free Full Errs   Status   Name
DF0       No disk present
DH0      4095M    4194304    4194303  50%   0  Read/Write System
DH1       255M         36      65372   0%   0  Read/Write BFSTest
DH2       Not a DOS disk

Volumes available:
BFSTest [Mounted]
System [Mounted]

=== BFS Results ===
FS_DURABLE_COMPARE	4
DRIVE	DH1:
SMALL_CREATE_40_US	35712
LOOKUP_400_US	80447
SMALL_READ_40_US	20415
LIST_EXNEXT_400_US	31233
LIST_EXALL_400_US	9340
SEQ_WRITE_8M_US	42943
SEQ_READ_8M_US	284862
SMALL_DELETE_40_US	21056
APPEND_4K_1M_US	75776
APPEND_1K_256K_US	66560
APPEND_READ_1280K_US	43456
LIST_EXNEXT_40_ENTRIES_FIRST_PASS_US	5952
LIST_EXNEXT_40_ENTRIES_REPEAT10_TOTAL_US	32065
LIST_EXALL_40_ENTRIES_FIRST_PASS_US	3265
LIST_EXALL_40_ENTRIES_REPEAT10_TOTAL_US	10367
LIST_EXNEXT_400_ENTRIES_FIRST_PASS_US	57536
LIST_EXNEXT_400_ENTRIES_REPEAT10_TOTAL_US	536572
LIST_EXALL_400_ENTRIES_FIRST_PASS_US	30656
LIST_EXALL_400_ENTRIES_REPEAT10_TOTAL_US	305470
LIST_EXNEXT_1000_ENTRIES_FIRST_PASS_US	135231
LIST_EXNEXT_1000_ENTRIES_REPEAT10_TOTAL_US	1398580
LIST_EXALL_1000_ENTRIES_FIRST_PASS_US	81024
LIST_EXALL_1000_ENTRIES_REPEAT10_TOTAL_US	915579
PASS	1

=== PFS3 Results ===
FS_DURABLE_COMPARE	4
DRIVE	DH2:
SMALL_CREATE_40_US	18240
LOOKUP_400_US	70528
SMALL_READ_40_US	23870
LIST_EXNEXT_400_US	13247
LIST_EXALL_400_US	2497
SEQ_WRITE_8M_US	40896
SEQ_READ_8M_US	279486
SMALL_DELETE_40_US	8960
APPEND_4K_1M_US	37695
APPEND_1K_256K_US	27839
APPEND_READ_1280K_US	42367
LIST_EXNEXT_40_ENTRIES_FIRST_PASS_US	1664
LIST_EXNEXT_40_ENTRIES_REPEAT10_TOTAL_US	12097
LIST_EXALL_40_ENTRIES_FIRST_PASS_US	705
LIST_EXALL_40_ENTRIES_REPEAT10_TOTAL_US	2497
LIST_EXNEXT_400_ENTRIES_FIRST_PASS_US	14463
LIST_EXNEXT_400_ENTRIES_REPEAT10_TOTAL_US	115776
LIST_EXALL_400_ENTRIES_FIRST_PASS_US	2943
LIST_EXALL_400_ENTRIES_REPEAT10_TOTAL_US	20543
LIST_EXNEXT_1000_ENTRIES_FIRST_PASS_US	33088
LIST_EXNEXT_1000_ENTRIES_REPEAT10_TOTAL_US	310973
LIST_EXALL_1000_ENTRIES_FIRST_PASS_US	9728
LIST_EXALL_1000_ENTRIES_REPEAT10_TOTAL_US	52993
PASS	1
PASS: requested mounted-volume workload outputs are complete and data-checked
