=== BFS vs PFS3 Benchmark (FS-UAE 68040) ===
Evidence directory: /home/fabian/.cache/bfs-performance/goal-root-2026-10-09.iikmxS/results/goal-root-normal-candidate-1-bfs-first
Mode: compare
Timeout: 600s


=== Machine Info ===
# Machine Info
Kickstart 47.102, Workbench 47.2
System: 68040 68040/060-FPU   (INST: Cache Burst) (DATA: NoCache NoBurst)
Type  Available    In-Use   Maximum   Largest
chip    2028040     52728   2080768   2027968
fast    7686432    702176   8388608   7681368
total   9714472    754904  10469376   7681368


Mounted disks:
Unit      Size       Used       Free Full Errs   Status   Name
DF0       No disk present
DH0      4095M    4194304    4194303  50%   0  Read/Write System
DH1       255M         36      65372   0%   0  Read/Write BFSTest
DH2       Not a DOS disk

Volumes available:
BFSTest [Mounted]
System [Mounted]

=== BFS Results ===
FS_COMPARE_BENCH	4
DRIVE	DH1:
SMALL_CREATE_40_US	28928
LOOKUP_400_US	76416
SMALL_READ_40_US	18624
LIST_EXNEXT_400_US	30847
LIST_EXALL_400_US	8895
SEQ_WRITE_8M_US	36480
SEQ_READ_8M_US	267838
SMALL_DELETE_40_US	18111
APPEND_4K_1M_US	68223
APPEND_1K_256K_US	59263
APPEND_READ_1280K_US	41921
LIST_EXNEXT_40_ENTRIES_FIRST_PASS_US	7616
LIST_EXNEXT_40_ENTRIES_REPEAT10_TOTAL_US	37888
LIST_EXALL_40_ENTRIES_FIRST_PASS_US	3136
LIST_EXALL_40_ENTRIES_REPEAT10_TOTAL_US	9729
LIST_EXNEXT_400_ENTRIES_FIRST_PASS_US	49532
LIST_EXNEXT_400_ENTRIES_REPEAT10_TOTAL_US	509629
LIST_EXALL_400_ENTRIES_FIRST_PASS_US	29568
LIST_EXALL_400_ENTRIES_REPEAT10_TOTAL_US	283838
LIST_EXNEXT_1000_ENTRIES_FIRST_PASS_US	138239
LIST_EXNEXT_1000_ENTRIES_REPEAT10_TOTAL_US	1310650
LIST_EXALL_1000_ENTRIES_FIRST_PASS_US	72639
LIST_EXALL_1000_ENTRIES_REPEAT10_TOTAL_US	742459
PASS	1

=== PFS3 Results ===
FS_COMPARE_BENCH	4
DRIVE	DH2:
SMALL_CREATE_40_US	16769
LOOKUP_400_US	66048
SMALL_READ_40_US	14531
LIST_EXNEXT_400_US	11967
LIST_EXALL_400_US	2431
SEQ_WRITE_8M_US	38912
SEQ_READ_8M_US	270463
SMALL_DELETE_40_US	7936
APPEND_4K_1M_US	32896
APPEND_1K_256K_US	23360
APPEND_READ_1280K_US	41536
LIST_EXNEXT_40_ENTRIES_FIRST_PASS_US	1728
LIST_EXNEXT_40_ENTRIES_REPEAT10_TOTAL_US	12224
LIST_EXALL_40_ENTRIES_FIRST_PASS_US	640
LIST_EXALL_40_ENTRIES_REPEAT10_TOTAL_US	2433
LIST_EXNEXT_400_ENTRIES_FIRST_PASS_US	12992
LIST_EXNEXT_400_ENTRIES_REPEAT10_TOTAL_US	112511
LIST_EXALL_400_ENTRIES_FIRST_PASS_US	3008
LIST_EXALL_400_ENTRIES_REPEAT10_TOTAL_US	20288
LIST_EXNEXT_1000_ENTRIES_FIRST_PASS_US	32000
LIST_EXNEXT_1000_ENTRIES_REPEAT10_TOTAL_US	290878
LIST_EXALL_1000_ENTRIES_FIRST_PASS_US	6527
LIST_EXALL_1000_ENTRIES_REPEAT10_TOTAL_US	50240
PASS	1
PASS: requested mounted-volume workload outputs are complete and data-checked
