=== BFS vs PFS3 Benchmark (FS-UAE 68040) ===
Evidence directory: /home/fabian/.cache/bfs-performance/relflags-2026-10-10.P6tt1r/results/relflags-5-bfs-first-os-040
Mode: compare
Timeout: 600s


=== Machine Info ===
# Machine Info
Kickstart 47.102, Workbench 47.2
System: 68040 68040/060-FPU   (INST: Cache Burst) (DATA: NoCache NoBurst)
Type  Available    In-Use   Maximum   Largest
chip    2028040     52728   2080768   2027968
fast    7564008    824600   8388608   7558944
total   9592048    877328  10469376   7558944


Mounted disks:
Unit      Size       Used       Free Full Errs   Status   Name
DF0       No disk present
DH0      4095M    4194304    4194303  50%   0  Read/Write System
DH1       255M         36      65372   0%   0  Read/Write BFSTest
DH2       Not a DOS disk

Volumes available:
BFSTest [Mounted]
System [Mounted]

=== BFS Results ===
FS_COMPARE_BENCH	4
DRIVE	DH1:
SMALL_CREATE_40_US	31358
LOOKUP_400_US	66240
SMALL_READ_40_US	19648
LIST_EXNEXT_400_US	34241
LIST_EXALL_400_US	9473
SEQ_WRITE_8M_US	43712
SEQ_READ_8M_US	332350
SMALL_DELETE_40_US	16320
APPEND_4K_1M_US	70271
APPEND_1K_256K_US	61376
APPEND_READ_1280K_US	46208
LIST_EXNEXT_40_ENTRIES_FIRST_PASS_US	4673
LIST_EXNEXT_40_ENTRIES_REPEAT10_TOTAL_US	33025
LIST_EXALL_40_ENTRIES_FIRST_PASS_US	2048
LIST_EXALL_40_ENTRIES_REPEAT10_TOTAL_US	9215
LIST_EXNEXT_400_ENTRIES_FIRST_PASS_US	50688
LIST_EXNEXT_400_ENTRIES_REPEAT10_TOTAL_US	324925
LIST_EXALL_400_ENTRIES_FIRST_PASS_US	16317
LIST_EXALL_400_ENTRIES_REPEAT10_TOTAL_US	82176
LIST_EXNEXT_1000_ENTRIES_FIRST_PASS_US	111488
LIST_EXNEXT_1000_ENTRIES_REPEAT10_TOTAL_US	823099
LIST_EXALL_1000_ENTRIES_FIRST_PASS_US	41535
LIST_EXALL_1000_ENTRIES_REPEAT10_TOTAL_US	217598
PASS	1

=== PFS3 Results ===
FS_COMPARE_BENCH	4
DRIVE	DH2:
SMALL_CREATE_40_US	16320
LOOKUP_400_US	68480
SMALL_READ_40_US	14720
LIST_EXNEXT_400_US	12033
LIST_EXALL_400_US	2497
SEQ_WRITE_8M_US	39873
SEQ_READ_8M_US	271998
SMALL_DELETE_40_US	7809
APPEND_4K_1M_US	33920
APPEND_1K_256K_US	24256
APPEND_READ_1280K_US	41086
LIST_EXNEXT_40_ENTRIES_FIRST_PASS_US	1535
LIST_EXNEXT_40_ENTRIES_REPEAT10_TOTAL_US	12480
LIST_EXALL_40_ENTRIES_FIRST_PASS_US	703
LIST_EXALL_40_ENTRIES_REPEAT10_TOTAL_US	2497
LIST_EXNEXT_400_ENTRIES_FIRST_PASS_US	13312
LIST_EXNEXT_400_ENTRIES_REPEAT10_TOTAL_US	114943
LIST_EXALL_400_ENTRIES_FIRST_PASS_US	2945
LIST_EXALL_400_ENTRIES_REPEAT10_TOTAL_US	20351
LIST_EXNEXT_1000_ENTRIES_FIRST_PASS_US	32511
LIST_EXNEXT_1000_ENTRIES_REPEAT10_TOTAL_US	303358
LIST_EXALL_1000_ENTRIES_FIRST_PASS_US	6336
LIST_EXALL_1000_ENTRIES_REPEAT10_TOTAL_US	51328
PASS	1
PASS: requested mounted-volume workload outputs are complete and data-checked
