=== BFS vs PFS3 Benchmark (FS-UAE 68040) ===
Evidence directory: /home/fabian/.cache/bfs-performance/listing-upgrade-2026-10-08.29qKRc/build/benchmark/leaf-range-durable-20261008-range-5-bfs-first
Mode: durable-compare
Timeout: 600s


=== Machine Info ===
# Machine Info
Kickstart 47.102, Workbench 47.2
System: 68040 68040/060-FPU   (INST: Cache Burst) (DATA: NoCache NoBurst)
Type  Available    In-Use   Maximum   Largest
chip    2028040     52728   2080768   2027968
fast    7687256    701352   8388608   7682200
total   9715296    754080  10469376   7682200


Mounted disks:
Unit      Size       Used       Free Full Errs   Status   Name
DF0       No disk present
DH0      4095M    4194304    4194303  50%   0  Read/Write System
DH1       255M         36      65372   0%   0  Read/Write BFSTest
DH2       Not a DOS disk

Volumes available:
BFSTest [Mounted]
System [Mounted]

=== BFS Results ===
FS_DURABLE_COMPARE	4
DRIVE	DH1:
SMALL_CREATE_40_US	30561
LOOKUP_400_US	76160
SMALL_READ_40_US	18624
LIST_EXNEXT_400_US	33282
LIST_EXALL_400_US	10880
SEQ_WRITE_8M_US	44097
SEQ_READ_8M_US	272894
SMALL_DELETE_40_US	20288
APPEND_4K_1M_US	77825
APPEND_1K_256K_US	88254
APPEND_READ_1280K_US	43008
LIST_EXNEXT_40_ENTRIES_FIRST_PASS_US	6975
LIST_EXNEXT_40_ENTRIES_REPEAT10_TOTAL_US	31423
LIST_EXALL_40_ENTRIES_FIRST_PASS_US	3840
LIST_EXALL_40_ENTRIES_REPEAT10_TOTAL_US	9472
LIST_EXNEXT_400_ENTRIES_FIRST_PASS_US	57728
LIST_EXNEXT_400_ENTRIES_REPEAT10_TOTAL_US	579133
LIST_EXALL_400_ENTRIES_FIRST_PASS_US	36095
LIST_EXALL_400_ENTRIES_REPEAT10_TOTAL_US	341695
LIST_EXNEXT_1000_ENTRIES_FIRST_PASS_US	145344
LIST_EXNEXT_1000_ENTRIES_REPEAT10_TOTAL_US	1542903
LIST_EXALL_1000_ENTRIES_FIRST_PASS_US	85439
LIST_EXALL_1000_ENTRIES_REPEAT10_TOTAL_US	1111994
PASS	1

=== PFS3 Results ===
FS_DURABLE_COMPARE	4
DRIVE	DH2:
SMALL_CREATE_40_US	17536
LOOKUP_400_US	74880
SMALL_READ_40_US	14528
LIST_EXNEXT_400_US	11840
LIST_EXALL_400_US	2496
SEQ_WRITE_8M_US	46464
SEQ_READ_8M_US	259967
SMALL_DELETE_40_US	8639
APPEND_4K_1M_US	35840
APPEND_1K_256K_US	23551
APPEND_READ_1280K_US	42368
LIST_EXNEXT_40_ENTRIES_FIRST_PASS_US	1728
LIST_EXNEXT_40_ENTRIES_REPEAT10_TOTAL_US	11776
LIST_EXALL_40_ENTRIES_FIRST_PASS_US	577
LIST_EXALL_40_ENTRIES_REPEAT10_TOTAL_US	3072
LIST_EXNEXT_400_ENTRIES_FIRST_PASS_US	13889
LIST_EXNEXT_400_ENTRIES_REPEAT10_TOTAL_US	158528
LIST_EXALL_400_ENTRIES_FIRST_PASS_US	5440
LIST_EXALL_400_ENTRIES_REPEAT10_TOTAL_US	37122
LIST_EXNEXT_1000_ENTRIES_FIRST_PASS_US	37246
LIST_EXNEXT_1000_ENTRIES_REPEAT10_TOTAL_US	314430
LIST_EXALL_1000_ENTRIES_FIRST_PASS_US	7168
LIST_EXALL_1000_ENTRIES_REPEAT10_TOTAL_US	51135
PASS	1
PASS: requested mounted-volume workload outputs are complete and data-checked
