=== BFS vs PFS3 Benchmark (FS-UAE 68040) ===
Evidence directory: /home/fabian/.cache/bfs-performance/listing-upgrade-2026-10-08.29qKRc/build/benchmark/cache-capacity-20261008-b64-2-pfs3-first
Mode: compare
Timeout: 600s


=== Machine Info ===
# Machine Info
Kickstart 47.102, Workbench 47.2
System: 68040 68040/060-FPU   (INST: Cache Burst) (DATA: NoCache NoBurst)
Type  Available    In-Use   Maximum   Largest
chip    2028040     52728   2080768   2027968
fast    7548416    840192   8388608   7543336
total   9576456    892920  10469376   7543336


Mounted disks:
Unit      Size       Used       Free Full Errs   Status   Name
DF0       No disk present
DH0      4095M    4194304    4194303  50%   0  Read/Write System
DH1       255M         36      65372   0%   0  Read/Write BFSTest
DH2       Not a DOS disk

Volumes available:
BFSTest [Mounted]
System [Mounted]

=== BFS Results ===
FS_COMPARE_BENCH	4
DRIVE	DH1:
SMALL_CREATE_40_US	32128
LOOKUP_400_US	79871
SMALL_READ_40_US	19904
LIST_EXNEXT_400_US	32257
LIST_EXALL_400_US	8511
SEQ_WRITE_8M_US	51968
SEQ_READ_8M_US	329406
SMALL_DELETE_40_US	17025
APPEND_4K_1M_US	70271
APPEND_1K_256K_US	59072
APPEND_READ_1280K_US	44815
LIST_EXNEXT_40_ENTRIES_FIRST_PASS_US	6336
LIST_EXNEXT_40_ENTRIES_REPEAT10_TOTAL_US	30783
LIST_EXALL_40_ENTRIES_FIRST_PASS_US	3968
LIST_EXALL_40_ENTRIES_REPEAT10_TOTAL_US	8960
LIST_EXNEXT_400_ENTRIES_FIRST_PASS_US	57663
LIST_EXNEXT_400_ENTRIES_REPEAT10_TOTAL_US	583868
LIST_EXALL_400_ENTRIES_FIRST_PASS_US	39705
LIST_EXALL_400_ENTRIES_REPEAT10_TOTAL_US	334590
LIST_EXNEXT_1000_ENTRIES_FIRST_PASS_US	157694
LIST_EXNEXT_1000_ENTRIES_REPEAT10_TOTAL_US	1762038
LIST_EXALL_1000_ENTRIES_FIRST_PASS_US	94079
LIST_EXALL_1000_ENTRIES_REPEAT10_TOTAL_US	1133433
PASS	1

=== PFS3 Results ===
FS_COMPARE_BENCH	4
DRIVE	DH2:
SMALL_CREATE_40_US	25401
LOOKUP_400_US	94207
SMALL_READ_40_US	14272
LIST_EXNEXT_400_US	12032
LIST_EXALL_400_US	2477
SEQ_WRITE_8M_US	40704
SEQ_READ_8M_US	257470
SMALL_DELETE_40_US	7936
APPEND_4K_1M_US	34753
APPEND_1K_256K_US	22848
APPEND_READ_1280K_US	40895
LIST_EXNEXT_40_ENTRIES_FIRST_PASS_US	1726
LIST_EXNEXT_40_ENTRIES_REPEAT10_TOTAL_US	17089
LIST_EXALL_40_ENTRIES_FIRST_PASS_US	704
LIST_EXALL_40_ENTRIES_REPEAT10_TOTAL_US	2622
LIST_EXNEXT_400_ENTRIES_FIRST_PASS_US	13247
LIST_EXNEXT_400_ENTRIES_REPEAT10_TOTAL_US	114029
LIST_EXALL_400_ENTRIES_FIRST_PASS_US	2880
LIST_EXALL_400_ENTRIES_REPEAT10_TOTAL_US	20865
LIST_EXNEXT_1000_ENTRIES_FIRST_PASS_US	32640
LIST_EXNEXT_1000_ENTRIES_REPEAT10_TOTAL_US	287935
LIST_EXALL_1000_ENTRIES_FIRST_PASS_US	11391
LIST_EXALL_1000_ENTRIES_REPEAT10_TOTAL_US	66751
PASS	1
PASS: requested mounted-volume workload outputs are complete and data-checked
