=== BFS vs PFS3 Benchmark (FS-UAE 68040) ===
Evidence directory: /home/fabian/.cache/bfs-performance/relflags-2026-10-10.P6tt1r/results/relflags-5-bfs-first-o2-020
Mode: compare
Timeout: 600s


=== Machine Info ===
# Machine Info
Kickstart 47.102, Workbench 47.2
System: 68040 68040/060-FPU   (INST: Cache Burst) (DATA: NoCache NoBurst)
Type  Available    In-Use   Maximum   Largest
chip    2028040     52728   2080768   2027968
fast    7534464    854144   8388608   7529392
total   9562504    906872  10469376   7529392


Mounted disks:
Unit      Size       Used       Free Full Errs   Status   Name
DF0       No disk present
DH0      4095M    4194304    4194303  50%   0  Read/Write System
DH1       255M         36      65372   0%   0  Read/Write BFSTest
DH2       Not a DOS disk

Volumes available:
BFSTest [Mounted]
System [Mounted]

=== BFS Results ===
FS_COMPARE_BENCH	4
DRIVE	DH1:
SMALL_CREATE_40_US	36991
LOOKUP_400_US	63423
SMALL_READ_40_US	18240
LIST_EXNEXT_400_US	27712
LIST_EXALL_400_US	7982
SEQ_WRITE_8M_US	36800
SEQ_READ_8M_US	260607
SMALL_DELETE_40_US	13633
APPEND_4K_1M_US	83456
APPEND_1K_256K_US	56640
APPEND_READ_1280K_US	44480
LIST_EXNEXT_40_ENTRIES_FIRST_PASS_US	4480
LIST_EXNEXT_40_ENTRIES_REPEAT10_TOTAL_US	29055
LIST_EXALL_40_ENTRIES_FIRST_PASS_US	1729
LIST_EXALL_40_ENTRIES_REPEAT10_TOTAL_US	8320
LIST_EXNEXT_400_ENTRIES_FIRST_PASS_US	37633
LIST_EXNEXT_400_ENTRIES_REPEAT10_TOTAL_US	297470
LIST_EXALL_400_ENTRIES_FIRST_PASS_US	15487
LIST_EXALL_400_ENTRIES_REPEAT10_TOTAL_US	76096
LIST_EXNEXT_1000_ENTRIES_FIRST_PASS_US	93119
LIST_EXNEXT_1000_ENTRIES_REPEAT10_TOTAL_US	736362
LIST_EXALL_1000_ENTRIES_FIRST_PASS_US	38464
LIST_EXALL_1000_ENTRIES_REPEAT10_TOTAL_US	206078
PASS	1

=== PFS3 Results ===
FS_COMPARE_BENCH	4
DRIVE	DH2:
SMALL_CREATE_40_US	16319
LOOKUP_400_US	76993
SMALL_READ_40_US	14847
LIST_EXNEXT_400_US	11905
LIST_EXALL_400_US	2560
SEQ_WRITE_8M_US	40768
SEQ_READ_8M_US	260350
SMALL_DELETE_40_US	7743
APPEND_4K_1M_US	33472
APPEND_1K_256K_US	23039
APPEND_READ_1280K_US	40448
LIST_EXNEXT_40_ENTRIES_FIRST_PASS_US	1664
LIST_EXNEXT_40_ENTRIES_REPEAT10_TOTAL_US	11903
LIST_EXALL_40_ENTRIES_FIRST_PASS_US	577
LIST_EXALL_40_ENTRIES_REPEAT10_TOTAL_US	2497
LIST_EXNEXT_400_ENTRIES_FIRST_PASS_US	12545
LIST_EXNEXT_400_ENTRIES_REPEAT10_TOTAL_US	111548
LIST_EXALL_400_ENTRIES_FIRST_PASS_US	2688
LIST_EXALL_400_ENTRIES_REPEAT10_TOTAL_US	20416
LIST_EXNEXT_1000_ENTRIES_FIRST_PASS_US	37440
LIST_EXNEXT_1000_ENTRIES_REPEAT10_TOTAL_US	284415
LIST_EXALL_1000_ENTRIES_FIRST_PASS_US	7168
LIST_EXALL_1000_ENTRIES_REPEAT10_TOTAL_US	50048
PASS	1
PASS: requested mounted-volume workload outputs are complete and data-checked
