=== BFS vs PFS3 Benchmark (FS-UAE 68040) ===
Evidence directory: /home/fabian/.cache/bfs-performance/metabound-2026-10-10.kPl0jg/results/metabound-6-pfs3-first-reference
Mode: compare
Timeout: 600s


=== Machine Info ===
# Machine Info
Kickstart 47.102, Workbench 47.2
System: 68040 68040/060-FPU   (INST: Cache Burst) (DATA: NoCache NoBurst)
Type  Available    In-Use   Maximum   Largest
chip    2028040     52728   2080768   2027968
fast    7534464    854144   8388608   7529392
total   9562504    906872  10469376   7529392


Mounted disks:
Unit      Size       Used       Free Full Errs   Status   Name
DF0       No disk present
DH0      4095M    4194304    4194303  50%   0  Read/Write System
DH1       255M         36      65372   0%   0  Read/Write BFSTest
DH2       Not a DOS disk

Volumes available:
BFSTest [Mounted]
System [Mounted]

=== BFS Results ===
FS_COMPARE_BENCH	4
DRIVE	DH1:
SMALL_CREATE_40_US	29504
LOOKUP_400_US	59520
SMALL_READ_40_US	22400
LIST_EXNEXT_400_US	36386
LIST_EXALL_400_US	7615
SEQ_WRITE_8M_US	37248
SEQ_READ_8M_US	260735
SMALL_DELETE_40_US	14144
APPEND_4K_1M_US	67711
APPEND_1K_256K_US	59135
APPEND_READ_1280K_US	55488
LIST_EXNEXT_40_ENTRIES_FIRST_PASS_US	4351
LIST_EXNEXT_40_ENTRIES_REPEAT10_TOTAL_US	28929
LIST_EXALL_40_ENTRIES_FIRST_PASS_US	1728
LIST_EXALL_40_ENTRIES_REPEAT10_TOTAL_US	8448
LIST_EXNEXT_400_ENTRIES_FIRST_PASS_US	37375
LIST_EXNEXT_400_ENTRIES_REPEAT10_TOTAL_US	296189
LIST_EXALL_400_ENTRIES_FIRST_PASS_US	15743
LIST_EXALL_400_ENTRIES_REPEAT10_TOTAL_US	75008
LIST_EXNEXT_1000_ENTRIES_FIRST_PASS_US	89408
LIST_EXNEXT_1000_ENTRIES_REPEAT10_TOTAL_US	732859
LIST_EXALL_1000_ENTRIES_FIRST_PASS_US	39295
LIST_EXALL_1000_ENTRIES_REPEAT10_TOTAL_US	192191
PASS	1

=== PFS3 Results ===
FS_COMPARE_BENCH	4
DRIVE	DH2:
SMALL_CREATE_40_US	25985
LOOKUP_400_US	68799
SMALL_READ_40_US	13632
LIST_EXNEXT_400_US	11903
LIST_EXALL_400_US	2431
SEQ_WRITE_8M_US	39040
SEQ_READ_8M_US	255554
SMALL_DELETE_40_US	7872
APPEND_4K_1M_US	31552
APPEND_1K_256K_US	22591
APPEND_READ_1280K_US	45952
LIST_EXNEXT_40_ENTRIES_FIRST_PASS_US	1727
LIST_EXNEXT_40_ENTRIES_REPEAT10_TOTAL_US	12032
LIST_EXALL_40_ENTRIES_FIRST_PASS_US	576
LIST_EXALL_40_ENTRIES_REPEAT10_TOTAL_US	2495
LIST_EXNEXT_400_ENTRIES_FIRST_PASS_US	12480
LIST_EXNEXT_400_ENTRIES_REPEAT10_TOTAL_US	111359
LIST_EXALL_400_ENTRIES_FIRST_PASS_US	2688
LIST_EXALL_400_ENTRIES_REPEAT10_TOTAL_US	24192
LIST_EXNEXT_1000_ENTRIES_FIRST_PASS_US	40000
LIST_EXNEXT_1000_ENTRIES_REPEAT10_TOTAL_US	279295
LIST_EXALL_1000_ENTRIES_FIRST_PASS_US	6848
LIST_EXALL_1000_ENTRIES_REPEAT10_TOTAL_US	50688
PASS	1
PASS: requested mounted-volume workload outputs are complete and data-checked
