=== BFS vs PFS3 Benchmark (FS-UAE 68040) ===
Evidence directory: /home/fabian/.cache/bfs-performance/append-attr2-2026-10-10.xibtLq/results/append2-prod-7-bfs-first-ref
Mode: compare
Timeout: 600s


=== Machine Info ===
# Machine Info
Kickstart 47.102, Workbench 47.2
System: 68040 68040/060-FPU   (INST: Cache Burst) (DATA: NoCache NoBurst)
Type  Available    In-Use   Maximum   Largest
chip    2028040     52728   2080768   2027968
fast    7532616    855992   8388608   7527544
total   9560656    908720  10469376   7527544


Mounted disks:
Unit      Size       Used       Free Full Errs   Status   Name
DF0       No disk present
DH0      4095M    4194304    4194303  50%   0  Read/Write System
DH1       255M         36      65372   0%   0  Read/Write BFSTest
DH2       Not a DOS disk

Volumes available:
BFSTest [Mounted]
System [Mounted]

=== BFS Results ===
FS_COMPARE_BENCH	4
DRIVE	DH1:
SMALL_CREATE_40_US	29184
LOOKUP_400_US	58751
SMALL_READ_40_US	17408
LIST_EXNEXT_400_US	27968
LIST_EXALL_400_US	7743
SEQ_WRITE_8M_US	28480
SEQ_READ_8M_US	261567
SMALL_DELETE_40_US	13817
APPEND_4K_1M_US	52095
APPEND_1K_256K_US	43392
APPEND_READ_1280K_US	44416
LIST_EXNEXT_40_ENTRIES_FIRST_PASS_US	4608
LIST_EXNEXT_40_ENTRIES_REPEAT10_TOTAL_US	28926
LIST_EXALL_40_ENTRIES_FIRST_PASS_US	1920
LIST_EXALL_40_ENTRIES_REPEAT10_TOTAL_US	8703
LIST_EXNEXT_400_ENTRIES_FIRST_PASS_US	48704
LIST_EXNEXT_400_ENTRIES_REPEAT10_TOTAL_US	289599
LIST_EXALL_400_ENTRIES_FIRST_PASS_US	16282
LIST_EXALL_400_ENTRIES_REPEAT10_TOTAL_US	77760
LIST_EXNEXT_1000_ENTRIES_FIRST_PASS_US	98367
LIST_EXNEXT_1000_ENTRIES_REPEAT10_TOTAL_US	730428
LIST_EXALL_1000_ENTRIES_FIRST_PASS_US	42880
LIST_EXALL_1000_ENTRIES_REPEAT10_TOTAL_US	194942
PASS	1

=== PFS3 Results ===
FS_COMPARE_BENCH	4
DRIVE	DH2:
SMALL_CREATE_40_US	20864
LOOKUP_400_US	68737
SMALL_READ_40_US	14400
LIST_EXNEXT_400_US	12224
LIST_EXALL_400_US	2496
SEQ_WRITE_8M_US	39110
SEQ_READ_8M_US	262783
SMALL_DELETE_40_US	7872
APPEND_4K_1M_US	33279
APPEND_1K_256K_US	23809
APPEND_READ_1280K_US	52992
LIST_EXNEXT_40_ENTRIES_FIRST_PASS_US	1599
LIST_EXNEXT_40_ENTRIES_REPEAT10_TOTAL_US	12224
LIST_EXALL_40_ENTRIES_FIRST_PASS_US	640
LIST_EXALL_40_ENTRIES_REPEAT10_TOTAL_US	2560
LIST_EXNEXT_400_ENTRIES_FIRST_PASS_US	12673
LIST_EXNEXT_400_ENTRIES_REPEAT10_TOTAL_US	121025
LIST_EXALL_400_ENTRIES_FIRST_PASS_US	3327
LIST_EXALL_400_ENTRIES_REPEAT10_TOTAL_US	20161
LIST_EXNEXT_1000_ENTRIES_FIRST_PASS_US	31360
LIST_EXNEXT_1000_ENTRIES_REPEAT10_TOTAL_US	275262
LIST_EXALL_1000_ENTRIES_FIRST_PASS_US	6335
LIST_EXALL_1000_ENTRIES_REPEAT10_TOTAL_US	49791
PASS	1
PASS: requested mounted-volume workload outputs are complete and data-checked
