=== BFS vs PFS3 Benchmark (FS-UAE 68040) ===
Evidence directory: /home/fabian/.cache/bfs-performance/exact-fastpath-2026-10-09.hdq3J0/build/benchmark/exact-key-normal-20261009-range-3-bfs-first
Mode: compare
Timeout: 600s


=== Machine Info ===
# Machine Info
Kickstart 47.102, Workbench 47.2
System: 68040 68040/060-FPU   (INST: Cache Burst) (DATA: NoCache NoBurst)
Type  Available    In-Use   Maximum   Largest
chip    2028040     52728   2080768   2027968
fast    7687256    701352   8388608   7682200
total   9715296    754080  10469376   7682200


Mounted disks:
Unit      Size       Used       Free Full Errs   Status   Name
DF0       No disk present
DH0      4095M    4194304    4194303  50%   0  Read/Write System
DH1       255M         36      65372   0%   0  Read/Write BFSTest
DH2       Not a DOS disk

Volumes available:
BFSTest [Mounted]
System [Mounted]

=== BFS Results ===
FS_COMPARE_BENCH	4
DRIVE	DH1:
SMALL_CREATE_40_US	27970
LOOKUP_400_US	93886
SMALL_READ_40_US	35264
LIST_EXNEXT_400_US	42496
LIST_EXALL_400_US	9152
SEQ_WRITE_8M_US	73791
SEQ_READ_8M_US	268670
SMALL_DELETE_40_US	17537
APPEND_4K_1M_US	104384
APPEND_1K_256K_US	63104
APPEND_READ_1280K_US	59136
LIST_EXNEXT_40_ENTRIES_FIRST_PASS_US	6272
LIST_EXNEXT_40_ENTRIES_REPEAT10_TOTAL_US	32448
LIST_EXALL_40_ENTRIES_FIRST_PASS_US	3969
LIST_EXALL_40_ENTRIES_REPEAT10_TOTAL_US	9727
LIST_EXNEXT_400_ENTRIES_FIRST_PASS_US	56000
LIST_EXNEXT_400_ENTRIES_REPEAT10_TOTAL_US	580093
LIST_EXALL_400_ENTRIES_FIRST_PASS_US	39680
LIST_EXALL_400_ENTRIES_REPEAT10_TOTAL_US	392253
LIST_EXNEXT_1000_ENTRIES_FIRST_PASS_US	148288
LIST_EXNEXT_1000_ENTRIES_REPEAT10_TOTAL_US	1525493
LIST_EXALL_1000_ENTRIES_FIRST_PASS_US	92928
LIST_EXALL_1000_ENTRIES_REPEAT10_TOTAL_US	959418
PASS	1

=== PFS3 Results ===
FS_COMPARE_BENCH	4
DRIVE	DH2:
SMALL_CREATE_40_US	18113
LOOKUP_400_US	68608
SMALL_READ_40_US	17471
LIST_EXNEXT_400_US	12160
LIST_EXALL_400_US	2413
SEQ_WRITE_8M_US	39615
SEQ_READ_8M_US	330815
SMALL_DELETE_40_US	7808
APPEND_4K_1M_US	35327
APPEND_1K_256K_US	23617
APPEND_READ_1280K_US	39679
LIST_EXNEXT_40_ENTRIES_FIRST_PASS_US	1535
LIST_EXNEXT_40_ENTRIES_REPEAT10_TOTAL_US	11968
LIST_EXALL_40_ENTRIES_FIRST_PASS_US	767
LIST_EXALL_40_ENTRIES_REPEAT10_TOTAL_US	2560
LIST_EXNEXT_400_ENTRIES_FIRST_PASS_US	13120
LIST_EXNEXT_400_ENTRIES_REPEAT10_TOTAL_US	114174
LIST_EXALL_400_ENTRIES_FIRST_PASS_US	2689
LIST_EXALL_400_ENTRIES_REPEAT10_TOTAL_US	21312
LIST_EXNEXT_1000_ENTRIES_FIRST_PASS_US	31680
LIST_EXNEXT_1000_ENTRIES_REPEAT10_TOTAL_US	375420
LIST_EXALL_1000_ENTRIES_FIRST_PASS_US	6528
LIST_EXALL_1000_ENTRIES_REPEAT10_TOTAL_US	73024
PASS	1
PASS: requested mounted-volume workload outputs are complete and data-checked
