=== BFS vs PFS3 Benchmark (FS-UAE 68040) ===
Evidence directory: /home/fabian/.cache/bfs-performance/prodcodegen-pilot-2026-10-10.rjXGlO/results/prodcodegen-2-pfs3-first-candidate
Mode: compare
Timeout: 600s


=== Machine Info ===
# Machine Info
Kickstart 47.102, Workbench 47.2
System: 68040 68040/060-FPU   (INST: Cache Burst) (DATA: NoCache NoBurst)
Type  Available    In-Use   Maximum   Largest
chip    2028040     52728   2080768   2027968
fast    7534464    854144   8388608   7529392
total   9562504    906872  10469376   7529392


Mounted disks:
Unit      Size       Used       Free Full Errs   Status   Name
DF0       No disk present
DH0      4095M    4194304    4194303  50%   0  Read/Write System
DH1       255M         36      65372   0%   0  Read/Write BFSTest
DH2       Not a DOS disk

Volumes available:
BFSTest [Mounted]
System [Mounted]

=== BFS Results ===
FS_COMPARE_BENCH	4
DRIVE	DH1:
SMALL_CREATE_40_US	29823
LOOKUP_400_US	58624
SMALL_READ_40_US	16960
LIST_EXNEXT_400_US	27903
LIST_EXALL_400_US	7615
SEQ_WRITE_8M_US	36736
SEQ_READ_8M_US	324415
SMALL_DELETE_40_US	18689
APPEND_4K_1M_US	91839
APPEND_1K_256K_US	60479
APPEND_READ_1280K_US	60480
LIST_EXNEXT_40_ENTRIES_FIRST_PASS_US	5056
LIST_EXNEXT_40_ENTRIES_REPEAT10_TOTAL_US	40896
LIST_EXALL_40_ENTRIES_FIRST_PASS_US	1729
LIST_EXALL_40_ENTRIES_REPEAT10_TOTAL_US	8448
LIST_EXNEXT_400_ENTRIES_FIRST_PASS_US	39103
LIST_EXNEXT_400_ENTRIES_REPEAT10_TOTAL_US	363519
LIST_EXALL_400_ENTRIES_FIRST_PASS_US	15553
LIST_EXALL_400_ENTRIES_REPEAT10_TOTAL_US	76351
LIST_EXNEXT_1000_ENTRIES_FIRST_PASS_US	106751
LIST_EXNEXT_1000_ENTRIES_REPEAT10_TOTAL_US	927292
LIST_EXALL_1000_ENTRIES_FIRST_PASS_US	47679
LIST_EXALL_1000_ENTRIES_REPEAT10_TOTAL_US	191808
PASS	1

=== PFS3 Results ===
FS_COMPARE_BENCH	4
DRIVE	DH2:
SMALL_CREATE_40_US	17474
LOOKUP_400_US	66560
SMALL_READ_40_US	18111
LIST_EXNEXT_400_US	22591
LIST_EXALL_400_US	2688
SEQ_WRITE_8M_US	43711
SEQ_READ_8M_US	281662
SMALL_DELETE_40_US	7808
APPEND_4K_1M_US	34048
APPEND_1K_256K_US	23424
APPEND_READ_1280K_US	44223
LIST_EXNEXT_40_ENTRIES_FIRST_PASS_US	1729
LIST_EXNEXT_40_ENTRIES_REPEAT10_TOTAL_US	12543
LIST_EXALL_40_ENTRIES_FIRST_PASS_US	512
LIST_EXALL_40_ENTRIES_REPEAT10_TOTAL_US	2496
LIST_EXNEXT_400_ENTRIES_FIRST_PASS_US	13760
LIST_EXNEXT_400_ENTRIES_REPEAT10_TOTAL_US	140159
LIST_EXALL_400_ENTRIES_FIRST_PASS_US	3263
LIST_EXALL_400_ENTRIES_REPEAT10_TOTAL_US	21119
LIST_EXNEXT_1000_ENTRIES_FIRST_PASS_US	31039
LIST_EXNEXT_1000_ENTRIES_REPEAT10_TOTAL_US	304702
LIST_EXALL_1000_ENTRIES_FIRST_PASS_US	6977
LIST_EXALL_1000_ENTRIES_REPEAT10_TOTAL_US	49345
PASS	1
PASS: requested mounted-volume workload outputs are complete and data-checked
