=== BFS vs PFS3 Benchmark (FS-UAE 68040) ===
Evidence directory: /home/fabian/.cache/bfs-performance/writeback-2026-10-10.sKa6aK/results/writeback-1-bfs-first-reference
Mode: compare
Timeout: 600s


=== Machine Info ===
# Machine Info
Kickstart 47.102, Workbench 47.2
System: 68040 68040/060-FPU   (INST: Cache Burst) (DATA: NoCache NoBurst)
Type  Available    In-Use   Maximum   Largest
chip    2028040     52728   2080768   2027968
fast    7534464    854144   8388608   7529392
total   9562504    906872  10469376   7529392


Mounted disks:
Unit      Size       Used       Free Full Errs   Status   Name
DF0       No disk present
DH0      4095M    4194304    4194303  50%   0  Read/Write System
DH1       255M         36      65372   0%   0  Read/Write BFSTest
DH2       Not a DOS disk

Volumes available:
BFSTest [Mounted]
System [Mounted]

=== BFS Results ===
FS_COMPARE_BENCH	4
DRIVE	DH1:
SMALL_CREATE_40_US	28405
LOOKUP_400_US	59136
SMALL_READ_40_US	17600
LIST_EXNEXT_400_US	28096
LIST_EXALL_400_US	7552
SEQ_WRITE_8M_US	37246
SEQ_READ_8M_US	263039
SMALL_DELETE_40_US	14208
APPEND_4K_1M_US	69440
APPEND_1K_256K_US	58945
APPEND_READ_1280K_US	44031
LIST_EXNEXT_40_ENTRIES_FIRST_PASS_US	5440
LIST_EXNEXT_40_ENTRIES_REPEAT10_TOTAL_US	29888
LIST_EXALL_40_ENTRIES_FIRST_PASS_US	1920
LIST_EXALL_40_ENTRIES_REPEAT10_TOTAL_US	8687
LIST_EXNEXT_400_ENTRIES_FIRST_PASS_US	37440
LIST_EXNEXT_400_ENTRIES_REPEAT10_TOTAL_US	285312
LIST_EXALL_400_ENTRIES_FIRST_PASS_US	16127
LIST_EXALL_400_ENTRIES_REPEAT10_TOTAL_US	91648
LIST_EXNEXT_1000_ENTRIES_FIRST_PASS_US	98176
LIST_EXNEXT_1000_ENTRIES_REPEAT10_TOTAL_US	772412
LIST_EXALL_1000_ENTRIES_FIRST_PASS_US	39743
LIST_EXALL_1000_ENTRIES_REPEAT10_TOTAL_US	193216
PASS	1

=== PFS3 Results ===
FS_COMPARE_BENCH	4
DRIVE	DH2:
SMALL_CREATE_40_US	15174
LOOKUP_400_US	66046
SMALL_READ_40_US	13760
LIST_EXNEXT_400_US	11968
LIST_EXALL_400_US	2432
SEQ_WRITE_8M_US	38721
SEQ_READ_8M_US	266430
SMALL_DELETE_40_US	7745
APPEND_4K_1M_US	31872
APPEND_1K_256K_US	22720
APPEND_READ_1280K_US	40960
LIST_EXNEXT_40_ENTRIES_FIRST_PASS_US	1600
LIST_EXNEXT_40_ENTRIES_REPEAT10_TOTAL_US	12286
LIST_EXALL_40_ENTRIES_FIRST_PASS_US	512
LIST_EXALL_40_ENTRIES_REPEAT10_TOTAL_US	2495
LIST_EXNEXT_400_ENTRIES_FIRST_PASS_US	12607
LIST_EXNEXT_400_ENTRIES_REPEAT10_TOTAL_US	134782
LIST_EXALL_400_ENTRIES_FIRST_PASS_US	2880
LIST_EXALL_400_ENTRIES_REPEAT10_TOTAL_US	21695
LIST_EXNEXT_1000_ENTRIES_FIRST_PASS_US	32576
LIST_EXNEXT_1000_ENTRIES_REPEAT10_TOTAL_US	287999
LIST_EXALL_1000_ENTRIES_FIRST_PASS_US	6528
LIST_EXALL_1000_ENTRIES_REPEAT10_TOTAL_US	49343
PASS	1
PASS: requested mounted-volume workload outputs are complete and data-checked
