=== BFS vs PFS3 Benchmark (FS-UAE 68040) ===
Evidence directory: /home/fabian/.cache/bfs-performance/scan-admission-2026-10-09.VxOoB5/candidate/build/benchmark/admission-pilot-normal-20261009-admission-2-pfs3-first
Mode: compare
Timeout: 600s


=== Machine Info ===
# Machine Info
Kickstart 47.102, Workbench 47.2
System: 68040 68040/060-FPU   (INST: Cache Burst) (DATA: NoCache NoBurst)
Type  Available    In-Use   Maximum   Largest
chip    2028040     52728   2080768   2027968
fast    7686416    702192   8388608   7681344
total   9714456    754920  10469376   7681344


Mounted disks:
Unit      Size       Used       Free Full Errs   Status   Name
DF0       No disk present
DH0      4095M    4194304    4194303  50%   0  Read/Write System
DH1       255M         36      65372   0%   0  Read/Write BFSTest
DH2       Not a DOS disk

Volumes available:
BFSTest [Mounted]
System [Mounted]

=== BFS Results ===
FS_COMPARE_BENCH	4
DRIVE	DH1:
SMALL_CREATE_40_US	31040
LOOKUP_400_US	77888
SMALL_READ_40_US	20673
LIST_EXNEXT_400_US	31551
LIST_EXALL_400_US	9005
SEQ_WRITE_8M_US	39104
SEQ_READ_8M_US	278654
SMALL_DELETE_40_US	18304
APPEND_4K_1M_US	82567
APPEND_1K_256K_US	64063
APPEND_READ_1280K_US	52223
LIST_EXNEXT_40_ENTRIES_FIRST_PASS_US	8257
LIST_EXNEXT_40_ENTRIES_REPEAT10_TOTAL_US	36928
LIST_EXALL_40_ENTRIES_FIRST_PASS_US	4223
LIST_EXALL_40_ENTRIES_REPEAT10_TOTAL_US	12415
LIST_EXNEXT_400_ENTRIES_FIRST_PASS_US	69055
LIST_EXNEXT_400_ENTRIES_REPEAT10_TOTAL_US	622396
LIST_EXALL_400_ENTRIES_FIRST_PASS_US	34305
LIST_EXALL_400_ENTRIES_REPEAT10_TOTAL_US	297535
LIST_EXNEXT_1000_ENTRIES_FIRST_PASS_US	172031
LIST_EXNEXT_1000_ENTRIES_REPEAT10_TOTAL_US	1904437
LIST_EXALL_1000_ENTRIES_FIRST_PASS_US	85632
LIST_EXALL_1000_ENTRIES_REPEAT10_TOTAL_US	959675
PASS	1

=== PFS3 Results ===
FS_COMPARE_BENCH	4
DRIVE	DH2:
SMALL_CREATE_40_US	20415
LOOKUP_400_US	67840
SMALL_READ_40_US	15169
LIST_EXNEXT_400_US	12608
LIST_EXALL_400_US	2560
SEQ_WRITE_8M_US	46528
SEQ_READ_8M_US	279742
SMALL_DELETE_40_US	8063
APPEND_4K_1M_US	32640
APPEND_1K_256K_US	24256
APPEND_READ_1280K_US	46465
LIST_EXNEXT_40_ENTRIES_FIRST_PASS_US	1791
LIST_EXNEXT_40_ENTRIES_REPEAT10_TOTAL_US	12416
LIST_EXALL_40_ENTRIES_FIRST_PASS_US	602
LIST_EXALL_40_ENTRIES_REPEAT10_TOTAL_US	2560
LIST_EXNEXT_400_ENTRIES_FIRST_PASS_US	14208
LIST_EXNEXT_400_ENTRIES_REPEAT10_TOTAL_US	116801
LIST_EXALL_400_ENTRIES_FIRST_PASS_US	2752
LIST_EXALL_400_ENTRIES_REPEAT10_TOTAL_US	20863
LIST_EXNEXT_1000_ENTRIES_FIRST_PASS_US	32385
LIST_EXNEXT_1000_ENTRIES_REPEAT10_TOTAL_US	421246
LIST_EXALL_1000_ENTRIES_FIRST_PASS_US	6528
LIST_EXALL_1000_ENTRIES_REPEAT10_TOTAL_US	51200
PASS	1
PASS: requested mounted-volume workload outputs are complete and data-checked
