=== BFS vs PFS3 Benchmark (FS-UAE 68040) ===
Evidence directory: /home/fabian/.cache/bfs-performance/sparse-crc-2026-10-09.xN615F/candidate/build/benchmark/sparse-confirmation-20261009/confirm-durable-m5-3-bfs-first
Mode: durable-compare
Timeout: 600s


=== Machine Info ===
# Machine Info
Kickstart 47.102, Workbench 47.2
System: 68040 68040/060-FPU   (INST: Cache Burst) (DATA: NoCache NoBurst)
Type  Available    In-Use   Maximum   Largest
chip    2028040     52728   2080768   2027968
fast    7687256    701352   8388608   7682200
total   9715296    754080  10469376   7682200


Mounted disks:
Unit      Size       Used       Free Full Errs   Status   Name
DF0       No disk present
DH0      4095M    4194304    4194303  50%   0  Read/Write System
DH1       255M         36      65372   0%   0  Read/Write BFSTest
DH2       Not a DOS disk

Volumes available:
BFSTest [Mounted]
System [Mounted]

=== BFS Results ===
FS_DURABLE_COMPARE	4
DRIVE	DH1:
SMALL_CREATE_40_US	34305
LOOKUP_400_US	78911
SMALL_READ_40_US	26496
LIST_EXNEXT_400_US	33280
LIST_EXALL_400_US	9216
SEQ_WRITE_8M_US	52287
SEQ_READ_8M_US	294463
SMALL_DELETE_40_US	20800
APPEND_4K_1M_US	80191
APPEND_1K_256K_US	65663
APPEND_READ_1280K_US	43391
LIST_EXNEXT_40_ENTRIES_FIRST_PASS_US	6208
LIST_EXNEXT_40_ENTRIES_REPEAT10_TOTAL_US	32065
LIST_EXALL_40_ENTRIES_FIRST_PASS_US	3969
LIST_EXALL_40_ENTRIES_REPEAT10_TOTAL_US	9664
LIST_EXNEXT_400_ENTRIES_FIRST_PASS_US	58303
LIST_EXNEXT_400_ENTRIES_REPEAT10_TOTAL_US	580731
LIST_EXALL_400_ENTRIES_FIRST_PASS_US	35457
LIST_EXALL_400_ENTRIES_REPEAT10_TOTAL_US	356223
LIST_EXNEXT_1000_ENTRIES_FIRST_PASS_US	150654
LIST_EXNEXT_1000_ENTRIES_REPEAT10_TOTAL_US	1574776
LIST_EXALL_1000_ENTRIES_FIRST_PASS_US	90713
LIST_EXALL_1000_ENTRIES_REPEAT10_TOTAL_US	968551
PASS	1

=== PFS3 Results ===
FS_DURABLE_COMPARE	4
DRIVE	DH2:
SMALL_CREATE_40_US	18688
LOOKUP_400_US	68352
SMALL_READ_40_US	14144
LIST_EXNEXT_400_US	12542
LIST_EXALL_400_US	2605
SEQ_WRITE_8M_US	41537
SEQ_READ_8M_US	261631
SMALL_DELETE_40_US	9345
APPEND_4K_1M_US	34751
APPEND_1K_256K_US	25761
APPEND_READ_1280K_US	42240
LIST_EXNEXT_40_ENTRIES_FIRST_PASS_US	1728
LIST_EXNEXT_40_ENTRIES_REPEAT10_TOTAL_US	12288
LIST_EXALL_40_ENTRIES_FIRST_PASS_US	640
LIST_EXALL_40_ENTRIES_REPEAT10_TOTAL_US	2562
LIST_EXNEXT_400_ENTRIES_FIRST_PASS_US	12926
LIST_EXNEXT_400_ENTRIES_REPEAT10_TOTAL_US	130493
LIST_EXALL_400_ENTRIES_FIRST_PASS_US	6975
LIST_EXALL_400_ENTRIES_REPEAT10_TOTAL_US	31488
LIST_EXNEXT_1000_ENTRIES_FIRST_PASS_US	42560
LIST_EXNEXT_1000_ENTRIES_REPEAT10_TOTAL_US	327552
LIST_EXALL_1000_ENTRIES_FIRST_PASS_US	8191
LIST_EXALL_1000_ENTRIES_REPEAT10_TOTAL_US	74815
PASS	1
PASS: requested mounted-volume workload outputs are complete and data-checked
