=== BFS vs PFS3 Benchmark (FS-UAE 68040) ===
Evidence directory: /home/fabian/.cache/bfs-performance/metadata-2026-10-08.QvzB5w/build/benchmark/metadata-m3-c8-20261008-base-5-bfs-first
Mode: compare
Timeout: 600s


=== Machine Info ===
# Machine Info
Kickstart 47.102, Workbench 47.2
System: 68040 68040/060-FPU   (INST: Cache Burst) (DATA: NoCache NoBurst)
Type  Available    In-Use   Maximum   Largest
chip    2028040     52728   2080768   2027968
fast    7690976    697632   8388608   7685936
total   9719016    750360  10469376   7685936


Mounted disks:
Unit      Size       Used       Free Full Errs   Status   Name
DF0       No disk present
DH0      4095M    4194304    4194303  50%   0  Read/Write System
DH1       255M         36      65372   0%   0  Read/Write BFSTest
DH2       Not a DOS disk

Volumes available:
BFSTest [Mounted]
System [Mounted]

=== BFS Results ===
FS_COMPARE_BENCH	4
DRIVE	DH1:
SMALL_CREATE_40_US	28929
LOOKUP_400_US	75456
SMALL_READ_40_US	20289
LIST_EXNEXT_400_US	31359
LIST_EXALL_400_US	8256
SEQ_WRITE_8M_US	37568
SEQ_READ_8M_US	266430
SMALL_DELETE_40_US	17344
APPEND_4K_1M_US	70143
APPEND_1K_256K_US	58366
APPEND_READ_1280K_US	42880
LIST_EXNEXT_40_ENTRIES_FIRST_PASS_US	6462
LIST_EXNEXT_40_ENTRIES_REPEAT10_TOTAL_US	32448
LIST_EXALL_40_ENTRIES_FIRST_PASS_US	4223
LIST_EXALL_40_ENTRIES_REPEAT10_TOTAL_US	9025
LIST_EXNEXT_400_ENTRIES_FIRST_PASS_US	60414
LIST_EXNEXT_400_ENTRIES_REPEAT10_TOTAL_US	661675
LIST_EXALL_400_ENTRIES_FIRST_PASS_US	39294
LIST_EXALL_400_ENTRIES_REPEAT10_TOTAL_US	395518
LIST_EXNEXT_1000_ENTRIES_FIRST_PASS_US	160768
LIST_EXNEXT_1000_ENTRIES_REPEAT10_TOTAL_US	1683639
LIST_EXALL_1000_ENTRIES_FIRST_PASS_US	101119
LIST_EXALL_1000_ENTRIES_REPEAT10_TOTAL_US	1198970
PASS	1

=== PFS3 Results ===
FS_COMPARE_BENCH	4
DRIVE	DH2:
SMALL_CREATE_40_US	15616
LOOKUP_400_US	67327
SMALL_READ_40_US	13951
LIST_EXNEXT_400_US	12095
LIST_EXALL_400_US	2433
SEQ_WRITE_8M_US	40128
SEQ_READ_8M_US	260479
SMALL_DELETE_40_US	8385
APPEND_4K_1M_US	33984
APPEND_1K_256K_US	22913
APPEND_READ_1280K_US	40896
LIST_EXNEXT_40_ENTRIES_FIRST_PASS_US	1857
LIST_EXNEXT_40_ENTRIES_REPEAT10_TOTAL_US	11821
LIST_EXALL_40_ENTRIES_FIRST_PASS_US	576
LIST_EXALL_40_ENTRIES_REPEAT10_TOTAL_US	2495
LIST_EXNEXT_400_ENTRIES_FIRST_PASS_US	12865
LIST_EXNEXT_400_ENTRIES_REPEAT10_TOTAL_US	111168
LIST_EXALL_400_ENTRIES_FIRST_PASS_US	2816
LIST_EXALL_400_ENTRIES_REPEAT10_TOTAL_US	20608
LIST_EXNEXT_1000_ENTRIES_FIRST_PASS_US	31680
LIST_EXNEXT_1000_ENTRIES_REPEAT10_TOTAL_US	276030
LIST_EXALL_1000_ENTRIES_FIRST_PASS_US	7552
LIST_EXALL_1000_ENTRIES_REPEAT10_TOTAL_US	50112
PASS	1
PASS: requested mounted-volume workload outputs are complete and data-checked
