=== BFS vs PFS3 Benchmark (FS-UAE 68040) ===
Evidence directory: /home/fabian/.cache/bfs-performance/exact-fastpath-2026-10-09.hdq3J0/build/benchmark/exact-key-normal-20261009-range-2-pfs3-first
Mode: compare
Timeout: 600s


=== Machine Info ===
# Machine Info
Kickstart 47.102, Workbench 47.2
System: 68040 68040/060-FPU   (INST: Cache Burst) (DATA: NoCache NoBurst)
Type  Available    In-Use   Maximum   Largest
chip    2028040     52728   2080768   2027968
fast    7687256    701352   8388608   7682200
total   9715296    754080  10469376   7682200


Mounted disks:
Unit      Size       Used       Free Full Errs   Status   Name
DF0       No disk present
DH0      4095M    4194304    4194303  50%   0  Read/Write System
DH1       255M         36      65372   0%   0  Read/Write BFSTest
DH2       Not a DOS disk

Volumes available:
BFSTest [Mounted]
System [Mounted]

=== BFS Results ===
FS_COMPARE_BENCH	4
DRIVE	DH1:
SMALL_CREATE_40_US	31744
LOOKUP_400_US	83456
SMALL_READ_40_US	18240
LIST_EXNEXT_400_US	30975
LIST_EXALL_400_US	8832
SEQ_WRITE_8M_US	38271
SEQ_READ_8M_US	292926
SMALL_DELETE_40_US	17793
APPEND_4K_1M_US	75776
APPEND_1K_256K_US	62589
APPEND_READ_1280K_US	42880
LIST_EXNEXT_40_ENTRIES_FIRST_PASS_US	7103
LIST_EXNEXT_40_ENTRIES_REPEAT10_TOTAL_US	31936
LIST_EXALL_40_ENTRIES_FIRST_PASS_US	4416
LIST_EXALL_40_ENTRIES_REPEAT10_TOTAL_US	9600
LIST_EXNEXT_400_ENTRIES_FIRST_PASS_US	57152
LIST_EXNEXT_400_ENTRIES_REPEAT10_TOTAL_US	686268
LIST_EXALL_400_ENTRIES_FIRST_PASS_US	43265
LIST_EXALL_400_ENTRIES_REPEAT10_TOTAL_US	391102
LIST_EXNEXT_1000_ENTRIES_FIRST_PASS_US	159168
LIST_EXNEXT_1000_ENTRIES_REPEAT10_TOTAL_US	1551031
LIST_EXALL_1000_ENTRIES_FIRST_PASS_US	85886
LIST_EXALL_1000_ENTRIES_REPEAT10_TOTAL_US	908070
PASS	1

=== PFS3 Results ===
FS_COMPARE_BENCH	4
DRIVE	DH2:
SMALL_CREATE_40_US	14912
LOOKUP_400_US	66366
SMALL_READ_40_US	12863
LIST_EXNEXT_400_US	11840
LIST_EXALL_400_US	2414
SEQ_WRITE_8M_US	37568
SEQ_READ_8M_US	251710
SMALL_DELETE_40_US	7806
APPEND_4K_1M_US	32960
APPEND_1K_256K_US	23551
APPEND_READ_1280K_US	40640
LIST_EXNEXT_40_ENTRIES_FIRST_PASS_US	1600
LIST_EXNEXT_40_ENTRIES_REPEAT10_TOTAL_US	12862
LIST_EXALL_40_ENTRIES_FIRST_PASS_US	640
LIST_EXALL_40_ENTRIES_REPEAT10_TOTAL_US	2496
LIST_EXNEXT_400_ENTRIES_FIRST_PASS_US	13310
LIST_EXNEXT_400_ENTRIES_REPEAT10_TOTAL_US	117568
LIST_EXALL_400_ENTRIES_FIRST_PASS_US	6016
LIST_EXALL_400_ENTRIES_REPEAT10_TOTAL_US	30720
LIST_EXNEXT_1000_ENTRIES_FIRST_PASS_US	33473
LIST_EXNEXT_1000_ENTRIES_REPEAT10_TOTAL_US	425983
LIST_EXALL_1000_ENTRIES_FIRST_PASS_US	7743
LIST_EXALL_1000_ENTRIES_REPEAT10_TOTAL_US	50048
PASS	1
PASS: requested mounted-volume workload outputs are complete and data-checked
