=== BFS vs PFS3 Benchmark (FS-UAE 68040) ===
Evidence directory: /home/fabian/.cache/bfs-performance/sparse-crc-2026-10-09.xN615F/candidate/build/benchmark/sparse-normal-20261009-sparse-4-pfs3-first
Mode: compare
Timeout: 600s


=== Machine Info ===
# Machine Info
Kickstart 47.102, Workbench 47.2
System: 68040 68040/060-FPU   (INST: Cache Burst) (DATA: NoCache NoBurst)
Type  Available    In-Use   Maximum   Largest
chip    2028040     52728   2080768   2027968
fast    7686824    701784   8388608   7681768
total   9714864    754512  10469376   7681768


Mounted disks:
Unit      Size       Used       Free Full Errs   Status   Name
DF0       No disk present
DH0      4095M    4194304    4194303  50%   0  Read/Write System
DH1       255M         36      65372   0%   0  Read/Write BFSTest
DH2       Not a DOS disk

Volumes available:
BFSTest [Mounted]
System [Mounted]

=== BFS Results ===
FS_COMPARE_BENCH	4
DRIVE	DH1:
SMALL_CREATE_40_US	31296
LOOKUP_400_US	79425
SMALL_READ_40_US	20480
LIST_EXNEXT_400_US	30975
LIST_EXALL_400_US	14656
SEQ_WRITE_8M_US	62976
SEQ_READ_8M_US	268926
SMALL_DELETE_40_US	17409
APPEND_4K_1M_US	79616
APPEND_1K_256K_US	61183
APPEND_READ_1280K_US	44159
LIST_EXNEXT_40_ENTRIES_FIRST_PASS_US	7297
LIST_EXNEXT_40_ENTRIES_REPEAT10_TOTAL_US	33663
LIST_EXALL_40_ENTRIES_FIRST_PASS_US	3328
LIST_EXALL_40_ENTRIES_REPEAT10_TOTAL_US	9793
LIST_EXNEXT_400_ENTRIES_FIRST_PASS_US	55360
LIST_EXNEXT_400_ENTRIES_REPEAT10_TOTAL_US	524477
LIST_EXALL_400_ENTRIES_FIRST_PASS_US	30848
LIST_EXALL_400_ENTRIES_REPEAT10_TOTAL_US	298303
LIST_EXNEXT_1000_ENTRIES_FIRST_PASS_US	142976
LIST_EXNEXT_1000_ENTRIES_REPEAT10_TOTAL_US	1575224
LIST_EXALL_1000_ENTRIES_FIRST_PASS_US	78208
LIST_EXALL_1000_ENTRIES_REPEAT10_TOTAL_US	806395
PASS	1

=== PFS3 Results ===
FS_COMPARE_BENCH	4
DRIVE	DH2:
SMALL_CREATE_40_US	16063
LOOKUP_400_US	67646
SMALL_READ_40_US	14272
LIST_EXNEXT_400_US	11968
LIST_EXALL_400_US	2879
SEQ_WRITE_8M_US	39040
SEQ_READ_8M_US	261183
SMALL_DELETE_40_US	7873
APPEND_4K_1M_US	32063
APPEND_1K_256K_US	23297
APPEND_READ_1280K_US	41022
LIST_EXNEXT_40_ENTRIES_FIRST_PASS_US	1600
LIST_EXNEXT_40_ENTRIES_REPEAT10_TOTAL_US	17856
LIST_EXALL_40_ENTRIES_FIRST_PASS_US	637
LIST_EXALL_40_ENTRIES_REPEAT10_TOTAL_US	2687
LIST_EXNEXT_400_ENTRIES_FIRST_PASS_US	14464
LIST_EXNEXT_400_ENTRIES_REPEAT10_TOTAL_US	125311
LIST_EXALL_400_ENTRIES_FIRST_PASS_US	2751
LIST_EXALL_400_ENTRIES_REPEAT10_TOTAL_US	20927
LIST_EXNEXT_1000_ENTRIES_FIRST_PASS_US	34177
LIST_EXNEXT_1000_ENTRIES_REPEAT10_TOTAL_US	329982
LIST_EXALL_1000_ENTRIES_FIRST_PASS_US	6655
LIST_EXALL_1000_ENTRIES_REPEAT10_TOTAL_US	51263
PASS	1
PASS: requested mounted-volume workload outputs are complete and data-checked
