=== BFS vs PFS3 Benchmark (FS-UAE 68040) ===
Evidence directory: /home/fabian/.cache/bfs-performance/exnext-2026-10-10.8MRoga/results/exnext-3-bfs-first-reference
Mode: compare
Timeout: 600s


=== Machine Info ===
# Machine Info
Kickstart 47.102, Workbench 47.2
System: 68040 68040/060-FPU   (INST: Cache Burst) (DATA: NoCache NoBurst)
Type  Available    In-Use   Maximum   Largest
chip    2028040     52728   2080768   2027968
fast    7532616    855992   8388608   7527544
total   9560656    908720  10469376   7527544


Mounted disks:
Unit      Size       Used       Free Full Errs   Status   Name
DF0       No disk present
DH0      4095M    4194304    4194303  50%   0  Read/Write System
DH1       255M         36      65372   0%   0  Read/Write BFSTest
DH2       Not a DOS disk

Volumes available:
BFSTest [Mounted]
System [Mounted]

=== BFS Results ===
FS_COMPARE_BENCH	4
DRIVE	DH1:
SMALL_CREATE_40_US	29760
LOOKUP_400_US	59264
SMALL_READ_40_US	29824
LIST_EXNEXT_400_US	44800
LIST_EXALL_400_US	13568
SEQ_WRITE_8M_US	36736
SEQ_READ_8M_US	295677
SMALL_DELETE_40_US	14074
APPEND_4K_1M_US	52545
APPEND_1K_256K_US	44863
APPEND_READ_1280K_US	54078
LIST_EXNEXT_40_ENTRIES_FIRST_PASS_US	4609
LIST_EXNEXT_40_ENTRIES_REPEAT10_TOTAL_US	29311
LIST_EXALL_40_ENTRIES_FIRST_PASS_US	2177
LIST_EXALL_40_ENTRIES_REPEAT10_TOTAL_US	8641
LIST_EXNEXT_400_ENTRIES_FIRST_PASS_US	38977
LIST_EXNEXT_400_ENTRIES_REPEAT10_TOTAL_US	293183
LIST_EXALL_400_ENTRIES_FIRST_PASS_US	16191
LIST_EXALL_400_ENTRIES_REPEAT10_TOTAL_US	80640
LIST_EXNEXT_1000_ENTRIES_FIRST_PASS_US	94335
LIST_EXNEXT_1000_ENTRIES_REPEAT10_TOTAL_US	735741
LIST_EXALL_1000_ENTRIES_FIRST_PASS_US	38912
LIST_EXALL_1000_ENTRIES_REPEAT10_TOTAL_US	210750
PASS	1

=== PFS3 Results ===
FS_COMPARE_BENCH	4
DRIVE	DH2:
SMALL_CREATE_40_US	17089
LOOKUP_400_US	66238
SMALL_READ_40_US	14463
LIST_EXNEXT_400_US	11774
LIST_EXALL_400_US	2495
SEQ_WRITE_8M_US	36609
SEQ_READ_8M_US	269312
SMALL_DELETE_40_US	7872
APPEND_4K_1M_US	33153
APPEND_1K_256K_US	23552
APPEND_READ_1280K_US	40768
LIST_EXNEXT_40_ENTRIES_FIRST_PASS_US	1728
LIST_EXNEXT_40_ENTRIES_REPEAT10_TOTAL_US	12160
LIST_EXALL_40_ENTRIES_FIRST_PASS_US	577
LIST_EXALL_40_ENTRIES_REPEAT10_TOTAL_US	2496
LIST_EXNEXT_400_ENTRIES_FIRST_PASS_US	12863
LIST_EXNEXT_400_ENTRIES_REPEAT10_TOTAL_US	112704
LIST_EXALL_400_ENTRIES_FIRST_PASS_US	2625
LIST_EXALL_400_ENTRIES_REPEAT10_TOTAL_US	22209
LIST_EXNEXT_1000_ENTRIES_FIRST_PASS_US	31296
LIST_EXNEXT_1000_ENTRIES_REPEAT10_TOTAL_US	317181
LIST_EXALL_1000_ENTRIES_FIRST_PASS_US	6335
LIST_EXALL_1000_ENTRIES_REPEAT10_TOTAL_US	50752
PASS	1
PASS: requested mounted-volume workload outputs are complete and data-checked
