=== BFS vs PFS3 Benchmark (FS-UAE 68040) ===
Evidence directory: /home/fabian/.cache/bfs-performance/append-attr-2026-10-10.XtdDJw/results/append-prod-3-bfs-first-mid
Mode: compare
Timeout: 600s


=== Machine Info ===
# Machine Info
Kickstart 47.102, Workbench 47.2
System: 68040 68040/060-FPU   (INST: Cache Burst) (DATA: NoCache NoBurst)
Type  Available    In-Use   Maximum   Largest
chip    2028040     52728   2080768   2027968
fast    7532072    856536   8388608   7526984
total   9560112    909264  10469376   7526984


Mounted disks:
Unit      Size       Used       Free Full Errs   Status   Name
DF0       No disk present
DH0      4095M    4194304    4194303  50%   0  Read/Write System
DH1       255M         36      65372   0%   0  Read/Write BFSTest
DH2       Not a DOS disk

Volumes available:
BFSTest [Mounted]
System [Mounted]

=== BFS Results ===
FS_COMPARE_BENCH	4
DRIVE	DH1:
SMALL_CREATE_40_US	28351
LOOKUP_400_US	58368
SMALL_READ_40_US	17983
LIST_EXNEXT_400_US	27263
LIST_EXALL_400_US	7872
SEQ_WRITE_8M_US	27073
SEQ_READ_8M_US	270527
SMALL_DELETE_40_US	13951
APPEND_4K_1M_US	52160
APPEND_1K_256K_US	44671
APPEND_READ_1280K_US	45184
LIST_EXNEXT_40_ENTRIES_FIRST_PASS_US	4480
LIST_EXNEXT_40_ENTRIES_REPEAT10_TOTAL_US	28415
LIST_EXALL_40_ENTRIES_FIRST_PASS_US	1665
LIST_EXALL_40_ENTRIES_REPEAT10_TOTAL_US	8449
LIST_EXNEXT_400_ENTRIES_FIRST_PASS_US	37633
LIST_EXNEXT_400_ENTRIES_REPEAT10_TOTAL_US	286334
LIST_EXALL_400_ENTRIES_FIRST_PASS_US	16000
LIST_EXALL_400_ENTRIES_REPEAT10_TOTAL_US	99884
LIST_EXNEXT_1000_ENTRIES_FIRST_PASS_US	96063
LIST_EXNEXT_1000_ENTRIES_REPEAT10_TOTAL_US	817020
LIST_EXALL_1000_ENTRIES_FIRST_PASS_US	42753
LIST_EXALL_1000_ENTRIES_REPEAT10_TOTAL_US	197824
PASS	1

=== PFS3 Results ===
FS_COMPARE_BENCH	4
DRIVE	DH2:
SMALL_CREATE_40_US	15743
LOOKUP_400_US	65216
SMALL_READ_40_US	15104
LIST_EXNEXT_400_US	11840
LIST_EXALL_400_US	2944
SEQ_WRITE_8M_US	35583
SEQ_READ_8M_US	258559
SMALL_DELETE_40_US	7936
APPEND_4K_1M_US	32703
APPEND_1K_256K_US	23103
APPEND_READ_1280K_US	40575
LIST_EXNEXT_40_ENTRIES_FIRST_PASS_US	1665
LIST_EXNEXT_40_ENTRIES_REPEAT10_TOTAL_US	12672
LIST_EXALL_40_ENTRIES_FIRST_PASS_US	705
LIST_EXALL_40_ENTRIES_REPEAT10_TOTAL_US	2623
LIST_EXNEXT_400_ENTRIES_FIRST_PASS_US	13504
LIST_EXNEXT_400_ENTRIES_REPEAT10_TOTAL_US	116928
LIST_EXALL_400_ENTRIES_FIRST_PASS_US	2882
LIST_EXALL_400_ENTRIES_REPEAT10_TOTAL_US	20865
LIST_EXNEXT_1000_ENTRIES_FIRST_PASS_US	32576
LIST_EXNEXT_1000_ENTRIES_REPEAT10_TOTAL_US	305341
LIST_EXALL_1000_ENTRIES_FIRST_PASS_US	6655
LIST_EXALL_1000_ENTRIES_REPEAT10_TOTAL_US	52224
PASS	1
PASS: requested mounted-volume workload outputs are complete and data-checked
