=== BFS vs PFS3 Benchmark (FS-UAE 68040) ===
Evidence directory: /home/fabian/.cache/bfs-performance/writeback-2026-10-10.sKa6aK/results/writeback-6-pfs3-first-candidate
Mode: compare
Timeout: 600s


=== Machine Info ===
# Machine Info
Kickstart 47.102, Workbench 47.2
System: 68040 68040/060-FPU   (INST: Cache Burst) (DATA: NoCache NoBurst)
Type  Available    In-Use   Maximum   Largest
chip    2028040     52728   2080768   2027968
fast    7532616    855992   8388608   7527544
total   9560656    908720  10469376   7527544


Mounted disks:
Unit      Size       Used       Free Full Errs   Status   Name
DF0       No disk present
DH0      4095M    4194304    4194303  50%   0  Read/Write System
DH1       255M         36      65372   0%   0  Read/Write BFSTest
DH2       Not a DOS disk

Volumes available:
BFSTest [Mounted]
System [Mounted]

=== BFS Results ===
FS_COMPARE_BENCH	4
DRIVE	DH1:
SMALL_CREATE_40_US	50368
LOOKUP_400_US	63232
SMALL_READ_40_US	18176
LIST_EXNEXT_400_US	27841
LIST_EXALL_400_US	8320
SEQ_WRITE_8M_US	34625
SEQ_READ_8M_US	272573
SMALL_DELETE_40_US	13823
APPEND_4K_1M_US	72128
APPEND_1K_256K_US	45055
APPEND_READ_1280K_US	44224
LIST_EXNEXT_40_ENTRIES_FIRST_PASS_US	5224
LIST_EXNEXT_40_ENTRIES_REPEAT10_TOTAL_US	37568
LIST_EXALL_40_ENTRIES_FIRST_PASS_US	5697
LIST_EXALL_40_ENTRIES_REPEAT10_TOTAL_US	15680
LIST_EXNEXT_400_ENTRIES_FIRST_PASS_US	40192
LIST_EXNEXT_400_ENTRIES_REPEAT10_TOTAL_US	296191
LIST_EXALL_400_ENTRIES_FIRST_PASS_US	16640
LIST_EXALL_400_ENTRIES_REPEAT10_TOTAL_US	80191
LIST_EXNEXT_1000_ENTRIES_FIRST_PASS_US	108162
LIST_EXNEXT_1000_ENTRIES_REPEAT10_TOTAL_US	777083
LIST_EXALL_1000_ENTRIES_FIRST_PASS_US	41920
LIST_EXALL_1000_ENTRIES_REPEAT10_TOTAL_US	279678
PASS	1

=== PFS3 Results ===
FS_COMPARE_BENCH	4
DRIVE	DH2:
SMALL_CREATE_40_US	16385
LOOKUP_400_US	66878
SMALL_READ_40_US	17471
LIST_EXNEXT_400_US	16831
LIST_EXALL_400_US	2496
SEQ_WRITE_8M_US	36799
SEQ_READ_8M_US	252995
SMALL_DELETE_40_US	7937
APPEND_4K_1M_US	31488
APPEND_1K_256K_US	22957
APPEND_READ_1280K_US	40138
LIST_EXNEXT_40_ENTRIES_FIRST_PASS_US	1600
LIST_EXNEXT_40_ENTRIES_REPEAT10_TOTAL_US	12480
LIST_EXALL_40_ENTRIES_FIRST_PASS_US	576
LIST_EXALL_40_ENTRIES_REPEAT10_TOTAL_US	2496
LIST_EXNEXT_400_ENTRIES_FIRST_PASS_US	13121
LIST_EXNEXT_400_ENTRIES_REPEAT10_TOTAL_US	116287
LIST_EXALL_400_ENTRIES_FIRST_PASS_US	2944
LIST_EXALL_400_ENTRIES_REPEAT10_TOTAL_US	83390
LIST_EXNEXT_1000_ENTRIES_FIRST_PASS_US	44096
LIST_EXNEXT_1000_ENTRIES_REPEAT10_TOTAL_US	288576
LIST_EXALL_1000_ENTRIES_FIRST_PASS_US	8256
LIST_EXALL_1000_ENTRIES_REPEAT10_TOTAL_US	61248
PASS	1
PASS: requested mounted-volume workload outputs are complete and data-checked
