Inventory mode: pilot only; required=4. No run filtering or outlier selection is applied.
VERIFIED	admission-pilot-normal-20261009-m5-1-bfs-first	mode=compare	schema=4	de_NumBuffers=30
VERIFIED	admission-pilot-normal-20261009-m5-2-pfs3-first	mode=compare	schema=4	de_NumBuffers=30
VERIFIED	admission-pilot-normal-20261009-admission-1-bfs-first	mode=compare	schema=4	de_NumBuffers=30
VERIFIED	admission-pilot-normal-20261009-admission-2-pfs3-first	mode=compare	schema=4	de_NumBuffers=30

All required runs passed the strict repository verifier; no row or outlier filtering is applied.

== Pilot compare, variant=m5 (2 required runs; all phases and controls; no filtering)
phase	BFS_mean_us	BFS_CV_pct	PFS3_mean_us	PFS3_CV_pct	BFS_over_PFS3_mean	individual_BFS_over_PFS3_by_repeat_order	individual_ratios_over_5x
SMALL_CREATE_40	30944.50	8.63	21312.00	22.51	1.4520	1/bfs-first=1.3291;2/pfs3-first=1.6214	0/2
LOOKUP_400	78719.50	3.10	76640.50	17.65	1.0271	1/bfs-first=0.9332;2/pfs3-first=1.1479	0/2
SMALL_READ_40	20672.50	11.39	14528.50	0.00	1.4229	1/bfs-first=1.5375;2/pfs3-first=1.3083	0/2
LIST_EXNEXT_400	31167.50	0.58	12129.00	1.12	2.5697	1/bfs-first=2.5796;2/pfs3-first=2.5599	0/2
LIST_EXALL_400	9152.50	1.97	2464.50	1.86	3.7137	1/bfs-first=3.8158;2/pfs3-first=3.6143	0/2
SEQ_WRITE_8M	38719.50	1.17	42271.50	0.11	0.9160	1/bfs-first=0.9091;2/pfs3-first=0.9228	0/2
SEQ_READ_8M	257118.50	2.45	276287.00	9.01	0.9306	1/bfs-first=0.8598;2/pfs3-first=1.0111	0/2
SMALL_DELETE_40	17759.50	1.78	9714.50	23.20	1.8281	1/bfs-first=1.5508;2/pfs3-first=2.2144	0/2
APPEND_4K_1M	74048.00	1.59	33983.50	0.00	2.1789	1/bfs-first=2.1545;2/pfs3-first=2.2034	0/2
APPEND_1K_256K	66144.50	8.28	23519.00	0.59	2.8124	1/bfs-first=2.6368;2/pfs3-first=2.9895	0/2
APPEND_READ_1280K	46016.00	7.67	41024.00	0.88	1.1217	1/bfs-first=1.0675;2/pfs3-first=1.1752	0/2
LIST_EXNEXT_40_ENTRIES_FIRST_PASS	7008.00	9.69	2432.50	40.96	2.8810	1/bfs-first=2.3870;2/pfs3-first=3.7778	0/2
LIST_EXNEXT_40_ENTRIES_REPEAT10_TOTAL	33183.00	3.68	13760.50	15.12	2.4115	1/bfs-first=2.1218;2/pfs3-first=2.7705	0/2
LIST_EXALL_40_ENTRIES_FIRST_PASS	3872.00	15.19	608.50	7.32	6.3632	1/bfs-first=5.4000;2/pfs3-first=7.4315	2/2
LIST_EXALL_40_ENTRIES_REPEAT10_TOTAL	9663.50	1.88	2528.00	1.79	3.8226	1/bfs-first=3.8201;2/pfs3-first=3.8250	0/2
LIST_EXNEXT_400_ENTRIES_FIRST_PASS	58559.50	4.95	14188.00	8.74	4.1274	1/bfs-first=3.7511;2/pfs3-first=4.5532	0/2
LIST_EXNEXT_400_ENTRIES_REPEAT10_TOTAL	655963.00	16.90	118718.50	6.94	5.5254	1/bfs-first=4.6377;2/pfs3-first=6.5046	1/2
LIST_EXALL_400_ENTRIES_FIRST_PASS	35009.00	3.10	3391.50	18.70	10.3226	1/bfs-first=11.6347;2/pfs3-first=9.3169	2/2
LIST_EXALL_400_ENTRIES_REPEAT10_TOTAL	381213.50	10.96	20480.00	0.45	18.6139	1/bfs-first=17.1174;2/pfs3-first=20.1200	2/2
LIST_EXNEXT_1000_ENTRIES_FIRST_PASS	145374.50	0.10	37855.50	21.40	3.8402	1/bfs-first=3.3333;2/pfs3-first=4.5279	0/2
LIST_EXNEXT_1000_ENTRIES_REPEAT10_TOTAL	1518166.50	3.47	317790.00	15.45	4.7773	1/bfs-first=4.2012;2/pfs3-first=5.4947	1/2
LIST_EXALL_1000_ENTRIES_FIRST_PASS	86399.50	1.05	7071.50	0.63	12.2180	1/bfs-first=12.3635;2/pfs3-first=12.0738	2/2
LIST_EXALL_1000_ENTRIES_REPEAT10_TOTAL	865819.50	4.03	50422.50	0.39	17.1713	1/bfs-first=16.6366;2/pfs3-first=17.7089	2/2

== Pilot compare, variant=admission (2 required runs; all phases and controls; no filtering)
phase	BFS_mean_us	BFS_CV_pct	PFS3_mean_us	PFS3_CV_pct	BFS_over_PFS3_mean	individual_BFS_over_PFS3_by_repeat_order	individual_ratios_over_5x
SMALL_CREATE_40	34943.50	15.80	18143.50	17.71	1.9260	1/bfs-first=2.4475;2/pfs3-first=1.5205	0/2
LOOKUP_400	107903.00	39.34	74079.50	11.91	1.4566	1/bfs-first=1.7171;2/pfs3-first=1.1481	0/2
SMALL_READ_40	30784.50	46.45	15552.00	3.48	1.9795	1/bfs-first=2.5664;2/pfs3-first=1.3628	0/2
LIST_EXNEXT_400	37919.50	23.75	12607.50	0.01	3.0077	1/bfs-first=3.5130;2/pfs3-first=2.5025	0/2
LIST_EXALL_400	9526.00	7.73	2560.00	0.00	3.7211	1/bfs-first=3.9246;2/pfs3-first=3.5176	0/2
SEQ_WRITE_8M	39328.00	0.81	42432.00	13.65	0.9268	1/bfs-first=1.0317;2/pfs3-first=0.8404	0/2
SEQ_READ_8M	269790.50	4.65	279230.50	0.26	0.9662	1/bfs-first=0.9362;2/pfs3-first=0.9961	0/2
SMALL_DELETE_40	17920.50	3.03	7967.50	1.70	2.2492	1/bfs-first=2.2278;2/pfs3-first=2.2701	0/2
APPEND_4K_1M	85411.50	4.71	34656.50	8.23	2.4645	1/bfs-first=2.4066;2/pfs3-first=2.5296	0/2
APPEND_1K_256K	63487.50	1.28	26495.50	11.95	2.3962	1/bfs-first=2.1894;2/pfs3-first=2.6411	0/2
APPEND_READ_1280K	51391.50	2.29	44480.00	6.31	1.1554	1/bfs-first=1.1898;2/pfs3-first=1.1239	0/2
LIST_EXNEXT_40_ENTRIES_FIRST_PASS	7776.00	8.75	1664.00	10.79	4.6731	1/bfs-first=4.7463;2/pfs3-first=4.6103	0/2
LIST_EXNEXT_40_ENTRIES_REPEAT10_TOTAL	35478.50	5.78	13311.00	9.51	2.6654	1/bfs-first=2.3954;2/pfs3-first=2.9742	0/2
LIST_EXALL_40_ENTRIES_FIRST_PASS	3999.50	7.90	557.00	11.43	7.1804	1/bfs-first=7.3750;2/pfs3-first=7.0150	2/2
LIST_EXALL_40_ENTRIES_REPEAT10_TOTAL	11830.00	6.99	2527.50	1.82	4.6805	1/bfs-first=4.5070;2/pfs3-first=4.8496	0/2
LIST_EXNEXT_400_ENTRIES_FIRST_PASS	66015.00	6.51	13408.00	8.44	4.9236	1/bfs-first=4.9948;2/pfs3-first=4.8603	0/2
LIST_EXNEXT_400_ENTRIES_REPEAT10_TOTAL	747579.50	23.68	115168.50	2.00	6.4912	1/bfs-first=7.6871;2/pfs3-first=5.3287	2/2
LIST_EXALL_400_ENTRIES_FIRST_PASS	34336.50	0.13	2720.00	1.66	12.6237	1/bfs-first=12.7857;2/pfs3-first=12.4655	2/2
LIST_EXALL_400_ENTRIES_REPEAT10_TOTAL	275646.50	11.23	20767.00	0.65	13.2733	1/bfs-first=12.2760;2/pfs3-first=14.2614	2/2
LIST_EXNEXT_1000_ENTRIES_FIRST_PASS	170175.00	1.54	31788.50	2.65	5.3534	1/bfs-first=5.3962;2/pfs3-first=5.3121	2/2
LIST_EXNEXT_1000_ENTRIES_REPEAT10_TOTAL	1875829.00	2.16	357694.00	25.13	5.2442	1/bfs-first=6.2800;2/pfs3-first=4.5210	1/2
LIST_EXALL_1000_ENTRIES_FIRST_PASS	96255.50	15.61	6495.50	0.71	14.8188	1/bfs-first=16.5371;2/pfs3-first=13.1176	2/2
LIST_EXALL_1000_ENTRIES_REPEAT10_TOTAL	936667.00	3.47	51295.50	0.26	18.2602	1/bfs-first=17.7786;2/pfs3-first=18.7437	2/2

== Paired admission/M5 timings, family=pilot; ratio=admission/M5
Every same-repeat, same-order pair is included for BFS and PFS3.
phase	filesystem	repeat/order	M5_us	admission_us	admission_over_M5
SMALL_CREATE_40	BFS	1/bfs-first	32833	38847	1.1832
SMALL_CREATE_40	BFS	2/pfs3-first	29056	31040	1.0683
SMALL_CREATE_40	PFS3	1/bfs-first	24704	15872	0.6425
SMALL_CREATE_40	PFS3	2/pfs3-first	17920	20415	1.1392
LOOKUP_400	BFS	1/bfs-first	80447	137918	1.7144
LOOKUP_400	BFS	2/pfs3-first	76992	77888	1.0116
LOOKUP_400	PFS3	1/bfs-first	86208	80319	0.9317
LOOKUP_400	PFS3	2/pfs3-first	67073	67840	1.0114
SMALL_READ_40	BFS	1/bfs-first	22337	40896	1.8309
SMALL_READ_40	BFS	2/pfs3-first	19008	20673	1.0876
SMALL_READ_40	PFS3	1/bfs-first	14528	15935	1.0968
SMALL_READ_40	PFS3	2/pfs3-first	14529	15169	1.0440
LIST_EXNEXT_400	BFS	1/bfs-first	31040	44288	1.4268
LIST_EXNEXT_400	BFS	2/pfs3-first	31295	31551	1.0082
LIST_EXNEXT_400	PFS3	1/bfs-first	12033	12607	1.0477
LIST_EXNEXT_400	PFS3	2/pfs3-first	12225	12608	1.0313
LIST_EXALL_400	BFS	1/bfs-first	9280	10047	1.0827
LIST_EXALL_400	BFS	2/pfs3-first	9025	9005	0.9978
LIST_EXALL_400	PFS3	1/bfs-first	2432	2560	1.0526
LIST_EXALL_400	PFS3	2/pfs3-first	2497	2560	1.0252
SEQ_WRITE_8M	BFS	1/bfs-first	38400	39552	1.0300
SEQ_WRITE_8M	BFS	2/pfs3-first	39039	39104	1.0017
SEQ_WRITE_8M	PFS3	1/bfs-first	42240	38336	0.9076
SEQ_WRITE_8M	PFS3	2/pfs3-first	42303	46528	1.0999
SEQ_READ_8M	BFS	1/bfs-first	252670	260927	1.0327
SEQ_READ_8M	BFS	2/pfs3-first	261567	278654	1.0653
SEQ_READ_8M	PFS3	1/bfs-first	293887	278719	0.9484
SEQ_READ_8M	PFS3	2/pfs3-first	258687	279742	1.0814
SMALL_DELETE_40	BFS	1/bfs-first	17536	17537	1.0001
SMALL_DELETE_40	BFS	2/pfs3-first	17983	18304	1.0179
SMALL_DELETE_40	PFS3	1/bfs-first	11308	7872	0.6961
SMALL_DELETE_40	PFS3	2/pfs3-first	8121	8063	0.9929
APPEND_4K_1M	BFS	1/bfs-first	73215	88256	1.2054
APPEND_4K_1M	BFS	2/pfs3-first	74881	82567	1.1026
APPEND_4K_1M	PFS3	1/bfs-first	33983	36673	1.0792
APPEND_4K_1M	PFS3	2/pfs3-first	33984	32640	0.9605
APPEND_1K_256K	BFS	1/bfs-first	62273	62912	1.0103
APPEND_1K_256K	BFS	2/pfs3-first	70016	64063	0.9150
APPEND_1K_256K	PFS3	1/bfs-first	23617	28735	1.2167
APPEND_1K_256K	PFS3	2/pfs3-first	23421	24256	1.0357
APPEND_READ_1280K	BFS	1/bfs-first	43520	50560	1.1618
APPEND_READ_1280K	BFS	2/pfs3-first	48512	52223	1.0765
APPEND_READ_1280K	PFS3	1/bfs-first	40768	42495	1.0424
APPEND_READ_1280K	PFS3	2/pfs3-first	41280	46465	1.1256
LIST_EXNEXT_40_ENTRIES_FIRST_PASS	BFS	1/bfs-first	7488	7295	0.9742
LIST_EXNEXT_40_ENTRIES_FIRST_PASS	BFS	2/pfs3-first	6528	8257	1.2649
LIST_EXNEXT_40_ENTRIES_FIRST_PASS	PFS3	1/bfs-first	3137	1537	0.4900
LIST_EXNEXT_40_ENTRIES_FIRST_PASS	PFS3	2/pfs3-first	1728	1791	1.0365
LIST_EXNEXT_40_ENTRIES_REPEAT10_TOTAL	BFS	1/bfs-first	32319	34029	1.0529
LIST_EXNEXT_40_ENTRIES_REPEAT10_TOTAL	BFS	2/pfs3-first	34047	36928	1.0846
LIST_EXNEXT_40_ENTRIES_REPEAT10_TOTAL	PFS3	1/bfs-first	15232	14206	0.9326
LIST_EXNEXT_40_ENTRIES_REPEAT10_TOTAL	PFS3	2/pfs3-first	12289	12416	1.0103
LIST_EXALL_40_ENTRIES_FIRST_PASS	BFS	1/bfs-first	3456	3776	1.0926
LIST_EXALL_40_ENTRIES_FIRST_PASS	BFS	2/pfs3-first	4288	4223	0.9848
LIST_EXALL_40_ENTRIES_FIRST_PASS	PFS3	1/bfs-first	640	512	0.8000
LIST_EXALL_40_ENTRIES_FIRST_PASS	PFS3	2/pfs3-first	577	602	1.0433
LIST_EXALL_40_ENTRIES_REPEAT10_TOTAL	BFS	1/bfs-first	9535	11245	1.1793
LIST_EXALL_40_ENTRIES_REPEAT10_TOTAL	BFS	2/pfs3-first	9792	12415	1.2679
LIST_EXALL_40_ENTRIES_REPEAT10_TOTAL	PFS3	1/bfs-first	2496	2495	0.9996
LIST_EXALL_40_ENTRIES_REPEAT10_TOTAL	PFS3	2/pfs3-first	2560	2560	1.0000
LIST_EXNEXT_400_ENTRIES_FIRST_PASS	BFS	1/bfs-first	56511	62975	1.1144
LIST_EXNEXT_400_ENTRIES_FIRST_PASS	BFS	2/pfs3-first	60608	69055	1.1394
LIST_EXNEXT_400_ENTRIES_FIRST_PASS	PFS3	1/bfs-first	15065	12608	0.8369
LIST_EXNEXT_400_ENTRIES_FIRST_PASS	PFS3	2/pfs3-first	13311	14208	1.0674
LIST_EXNEXT_400_ENTRIES_REPEAT10_TOTAL	BFS	1/bfs-first	577597	872763	1.5110
LIST_EXNEXT_400_ENTRIES_REPEAT10_TOTAL	BFS	2/pfs3-first	734329	622396	0.8476
LIST_EXNEXT_400_ENTRIES_REPEAT10_TOTAL	PFS3	1/bfs-first	124543	113536	0.9116
LIST_EXNEXT_400_ENTRIES_REPEAT10_TOTAL	PFS3	2/pfs3-first	112894	116801	1.0346
LIST_EXALL_400_ENTRIES_FIRST_PASS	BFS	1/bfs-first	34241	34368	1.0037
LIST_EXALL_400_ENTRIES_FIRST_PASS	BFS	2/pfs3-first	35777	34305	0.9589
LIST_EXALL_400_ENTRIES_FIRST_PASS	PFS3	1/bfs-first	2943	2688	0.9134
LIST_EXALL_400_ENTRIES_FIRST_PASS	PFS3	2/pfs3-first	3840	2752	0.7167
LIST_EXALL_400_ENTRIES_REPEAT10_TOTAL	BFS	1/bfs-first	351678	253758	0.7216
LIST_EXALL_400_ENTRIES_REPEAT10_TOTAL	BFS	2/pfs3-first	410749	297535	0.7244
LIST_EXALL_400_ENTRIES_REPEAT10_TOTAL	PFS3	1/bfs-first	20545	20671	1.0061
LIST_EXALL_400_ENTRIES_REPEAT10_TOTAL	PFS3	2/pfs3-first	20415	20863	1.0219
LIST_EXNEXT_1000_ENTRIES_FIRST_PASS	BFS	1/bfs-first	145276	168319	1.1586
LIST_EXNEXT_1000_ENTRIES_FIRST_PASS	BFS	2/pfs3-first	145473	172031	1.1826
LIST_EXNEXT_1000_ENTRIES_FIRST_PASS	PFS3	1/bfs-first	43583	31192	0.7157
LIST_EXNEXT_1000_ENTRIES_FIRST_PASS	PFS3	2/pfs3-first	32128	32385	1.0080
LIST_EXNEXT_1000_ENTRIES_REPEAT10_TOTAL	BFS	1/bfs-first	1480951	1847221	1.2473
LIST_EXNEXT_1000_ENTRIES_REPEAT10_TOTAL	BFS	2/pfs3-first	1555382	1904437	1.2244
LIST_EXNEXT_1000_ENTRIES_REPEAT10_TOTAL	PFS3	1/bfs-first	352510	294142	0.8344
LIST_EXNEXT_1000_ENTRIES_REPEAT10_TOTAL	PFS3	2/pfs3-first	283070	421246	1.4881
LIST_EXALL_1000_ENTRIES_FIRST_PASS	BFS	1/bfs-first	87039	106879	1.2279
LIST_EXALL_1000_ENTRIES_FIRST_PASS	BFS	2/pfs3-first	85760	85632	0.9985
LIST_EXALL_1000_ENTRIES_FIRST_PASS	PFS3	1/bfs-first	7040	6463	0.9180
LIST_EXALL_1000_ENTRIES_FIRST_PASS	PFS3	2/pfs3-first	7103	6528	0.9190
LIST_EXALL_1000_ENTRIES_REPEAT10_TOTAL	BFS	1/bfs-first	841147	913659	1.0862
LIST_EXALL_1000_ENTRIES_REPEAT10_TOTAL	BFS	2/pfs3-first	890492	959675	1.0777
LIST_EXALL_1000_ENTRIES_REPEAT10_TOTAL	PFS3	1/bfs-first	50560	51391	1.0164
LIST_EXALL_1000_ENTRIES_REPEAT10_TOTAL	PFS3	2/pfs3-first	50285	51200	1.0182

Paired admission/M5 aggregate across all repeats.
phase	filesystem	admission_over_M5_min	admission_over_M5_median	admission_over_M5_max	admission_slower_pairs
SMALL_CREATE_40	BFS	1.0683	1.1257	1.1832	2/2
SMALL_CREATE_40	PFS3	0.6425	0.8909	1.1392	1/2
LOOKUP_400	BFS	1.0116	1.3630	1.7144	2/2
LOOKUP_400	PFS3	0.9317	0.9716	1.0114	1/2
SMALL_READ_40	BFS	1.0876	1.4592	1.8309	2/2
SMALL_READ_40	PFS3	1.0440	1.0704	1.0968	2/2
LIST_EXNEXT_400	BFS	1.0082	1.2175	1.4268	2/2
LIST_EXNEXT_400	PFS3	1.0313	1.0395	1.0477	2/2
LIST_EXALL_400	BFS	0.9978	1.0402	1.0827	1/2
LIST_EXALL_400	PFS3	1.0252	1.0389	1.0526	2/2
SEQ_WRITE_8M	BFS	1.0017	1.0158	1.0300	2/2
SEQ_WRITE_8M	PFS3	0.9076	1.0037	1.0999	1/2
SEQ_READ_8M	BFS	1.0327	1.0490	1.0653	2/2
SEQ_READ_8M	PFS3	0.9484	1.0149	1.0814	1/2
SMALL_DELETE_40	BFS	1.0001	1.0090	1.0179	2/2
SMALL_DELETE_40	PFS3	0.6961	0.8445	0.9929	0/2
APPEND_4K_1M	BFS	1.1026	1.1540	1.2054	2/2
APPEND_4K_1M	PFS3	0.9605	1.0198	1.0792	1/2
APPEND_1K_256K	BFS	0.9150	0.9626	1.0103	1/2
APPEND_1K_256K	PFS3	1.0357	1.1262	1.2167	2/2
APPEND_READ_1280K	BFS	1.0765	1.1191	1.1618	2/2
APPEND_READ_1280K	PFS3	1.0424	1.0840	1.1256	2/2
LIST_EXNEXT_40_ENTRIES_FIRST_PASS	BFS	0.9742	1.1195	1.2649	1/2
LIST_EXNEXT_40_ENTRIES_FIRST_PASS	PFS3	0.4900	0.7632	1.0365	1/2
LIST_EXNEXT_40_ENTRIES_REPEAT10_TOTAL	BFS	1.0529	1.0688	1.0846	2/2
LIST_EXNEXT_40_ENTRIES_REPEAT10_TOTAL	PFS3	0.9326	0.9715	1.0103	1/2
LIST_EXALL_40_ENTRIES_FIRST_PASS	BFS	0.9848	1.0387	1.0926	1/2
LIST_EXALL_40_ENTRIES_FIRST_PASS	PFS3	0.8000	0.9217	1.0433	1/2
LIST_EXALL_40_ENTRIES_REPEAT10_TOTAL	BFS	1.1793	1.2236	1.2679	2/2
LIST_EXALL_40_ENTRIES_REPEAT10_TOTAL	PFS3	0.9996	0.9998	1.0000	0/2
LIST_EXNEXT_400_ENTRIES_FIRST_PASS	BFS	1.1144	1.1269	1.1394	2/2
LIST_EXNEXT_400_ENTRIES_FIRST_PASS	PFS3	0.8369	0.9521	1.0674	1/2
LIST_EXNEXT_400_ENTRIES_REPEAT10_TOTAL	BFS	0.8476	1.1793	1.5110	1/2
LIST_EXNEXT_400_ENTRIES_REPEAT10_TOTAL	PFS3	0.9116	0.9731	1.0346	1/2
LIST_EXALL_400_ENTRIES_FIRST_PASS	BFS	0.9589	0.9813	1.0037	1/2
LIST_EXALL_400_ENTRIES_FIRST_PASS	PFS3	0.7167	0.8150	0.9134	0/2
LIST_EXALL_400_ENTRIES_REPEAT10_TOTAL	BFS	0.7216	0.7230	0.7244	0/2
LIST_EXALL_400_ENTRIES_REPEAT10_TOTAL	PFS3	1.0061	1.0140	1.0219	2/2
LIST_EXNEXT_1000_ENTRIES_FIRST_PASS	BFS	1.1586	1.1706	1.1826	2/2
LIST_EXNEXT_1000_ENTRIES_FIRST_PASS	PFS3	0.7157	0.8618	1.0080	1/2
LIST_EXNEXT_1000_ENTRIES_REPEAT10_TOTAL	BFS	1.2244	1.2359	1.2473	2/2
LIST_EXNEXT_1000_ENTRIES_REPEAT10_TOTAL	PFS3	0.8344	1.1613	1.4881	1/2
LIST_EXALL_1000_ENTRIES_FIRST_PASS	BFS	0.9985	1.1132	1.2279	1/2
LIST_EXALL_1000_ENTRIES_FIRST_PASS	PFS3	0.9180	0.9185	0.9190	0/2
LIST_EXALL_1000_ENTRIES_REPEAT10_TOTAL	BFS	1.0777	1.0819	1.0862	2/2
LIST_EXALL_1000_ENTRIES_REPEAT10_TOTAL	PFS3	1.0164	1.0173	1.0182	2/2

PILOT-ONLY RESULT: all four normal-schema pilot runs verified; NOT FULL QUALIFICATION.
