Inventory mode: deep only; required=4. No run filtering or outlier selection is applied.
VERIFIED	admission-deep-20261009-m5-1-bfs-first	mode=deep-compare	schema=15	de_NumBuffers=30
VERIFIED	admission-deep-20261009-m5-2-pfs3-first	mode=deep-compare	schema=15	de_NumBuffers=30
VERIFIED	admission-deep-20261009-admission-1-bfs-first	mode=deep-compare	schema=15	de_NumBuffers=30
VERIFIED	admission-deep-20261009-admission-2-pfs3-first	mode=deep-compare	schema=15	de_NumBuffers=30

All required runs passed the strict repository verifier; no row or outlier filtering is applied.

== Deep deep-compare, variant=m5 (2 required runs; all phases and controls; no filtering)
phase	BFS_mean_us	BFS_CV_pct	PFS3_mean_us	PFS3_CV_pct	BFS_over_PFS3_mean	individual_BFS_over_PFS3_by_repeat_order	individual_ratios_over_5x
SMALL_CREATE_40	47427.50	23.08	17119.50	12.42	2.7704	1/bfs-first=2.5414;2/pfs3-first=2.9624	0/2
LOOKUP_400	99135.50	0.09	66879.50	1.08	1.4823	1/bfs-first=1.4928;2/pfs3-first=1.4720	0/2
SMALL_READ_40	26257.50	2.66	14529.00	13.73	1.8072	1/bfs-first=2.0393;2/pfs3-first=1.6163	0/2
SEQ_WRITE_8M	51711.50	3.85	44417.50	2.45	1.1642	1/bfs-first=1.1756;2/pfs3-first=1.1524	0/2
SEQ_READ_8M	285374.50	10.62	269888.50	8.59	1.0574	1/bfs-first=1.0412;2/pfs3-first=1.0717	0/2
SMALL_DELETE_40	22497.00	2.22	8607.50	13.14	2.6137	1/bfs-first=2.8361;2/pfs3-first=2.4290	0/2
APPEND_4K_1M	99904.00	2.08	33024.00	1.64	3.0252	1/bfs-first=3.0157;2/pfs3-first=3.0345	0/2
APPEND_1K_256K	81184.00	5.18	23808.50	2.28	3.4099	1/bfs-first=3.5927;2/pfs3-first=3.2328	0/2
APPEND_READ_1280K	47392.50	5.83	43007.00	12.63	1.1020	1/bfs-first=1.1602;2/pfs3-first=1.0533	0/2
LIST_EXNEXT_40_ENTRIES_FIRST_PASS	8896.00	10.16	1631.50	2.82	5.4527	1/bfs-first=4.9621;2/pfs3-first=5.9631	1/2
LIST_EXNEXT_40_ENTRIES_REPEAT10_TOTAL	46591.00	4.47	12384.00	3.28	3.7622	1/bfs-first=3.7298;2/pfs3-first=3.7931	0/2
LIST_EXALL_40_ENTRIES_FIRST_PASS	7232.50	28.79	736.50	6.05	9.8201	1/bfs-first=8.1702;2/pfs3-first=11.3346	2/2
LIST_EXALL_40_ENTRIES_REPEAT10_TOTAL	16863.50	13.15	2560.00	0.00	6.5873	1/bfs-first=5.9746;2/pfs3-first=7.2000	2/2
LIST_EXNEXT_400_ENTRIES_FIRST_PASS	75231.00	5.11	13376.00	9.47	5.6243	1/bfs-first=5.8102;2/pfs3-first=5.4618	2/2
LIST_EXNEXT_400_ENTRIES_REPEAT10_TOTAL	750300.00	3.17	116863.50	4.57	6.4203	1/bfs-first=6.7832;2/pfs3-first=6.0801	2/2
LIST_EXALL_400_ENTRIES_FIRST_PASS	46175.00	4.02	2719.50	1.69	16.9792	1/bfs-first=16.6959;2/pfs3-first=17.2558	2/2
LIST_EXALL_400_ENTRIES_REPEAT10_TOTAL	430128.00	4.79	20480.00	0.44	21.0023	1/bfs-first=21.7823;2/pfs3-first=20.2273	2/2
LIST_EXNEXT_1000_ENTRIES_FIRST_PASS	214847.00	0.80	32031.50	4.38	6.7074	1/bfs-first=6.9608;2/pfs3-first=6.4692	2/2
LIST_EXNEXT_1000_ENTRIES_REPEAT10_TOTAL	1939189.00	1.44	310356.50	11.68	6.2483	1/bfs-first=6.7411;2/pfs3-first=5.8306	2/2
LIST_EXALL_1000_ENTRIES_FIRST_PASS	108000.00	3.06	6720.50	5.40	16.0702	1/bfs-first=17.0693;2/pfs3-first=15.1446	2/2
LIST_EXALL_1000_ENTRIES_REPEAT10_TOTAL	1071385.50	0.26	60575.50	25.18	17.6868	1/bfs-first=21.4780;2/pfs3-first=15.0414	2/2

== Deep deep-compare, variant=admission (2 required runs; all phases and controls; no filtering)
phase	BFS_mean_us	BFS_CV_pct	PFS3_mean_us	PFS3_CV_pct	BFS_over_PFS3_mean	individual_BFS_over_PFS3_by_repeat_order	individual_ratios_over_5x
SMALL_CREATE_40	55491.50	45.68	18400.00	3.69	3.0158	1/bfs-first=4.0968;2/pfs3-first=1.9898	0/2
LOOKUP_400	130846.50	1.63	71327.50	8.18	1.8344	1/bfs-first=1.9695;2/pfs3-first=1.7142	0/2
SMALL_READ_40	26399.50	4.96	14624.50	0.31	1.8052	1/bfs-first=1.7379;2/pfs3-first=1.8727	0/2
SEQ_WRITE_8M	51679.50	0.96	41748.50	0.79	1.2379	1/bfs-first=1.2364;2/pfs3-first=1.2394	0/2
SEQ_READ_8M	286269.50	1.42	280637.50	1.71	1.0201	1/bfs-first=1.0180;2/pfs3-first=1.0222	0/2
SMALL_DELETE_40	22399.50	1.21	8991.50	9.57	2.4912	1/bfs-first=2.3133;2/pfs3-first=2.6949	0/2
APPEND_4K_1M	101361.50	4.00	47871.00	40.08	2.1174	1/bfs-first=1.6032;2/pfs3-first=3.0384	0/2
APPEND_1K_256K	88831.00	12.43	30080.00	27.38	2.9532	1/bfs-first=2.6917;2/pfs3-first=3.3402	0/2
APPEND_READ_1280K	49792.50	7.82	41921.00	1.94	1.1878	1/bfs-first=1.1069;2/pfs3-first=1.2709	0/2
LIST_EXNEXT_40_ENTRIES_FIRST_PASS	9248.00	2.45	1888.00	16.70	4.8983	1/bfs-first=5.4583;2/pfs3-first=4.4567	1/2
LIST_EXNEXT_40_ENTRIES_REPEAT10_TOTAL	48864.00	1.57	12575.50	3.24	3.8857	1/bfs-first=3.8408;2/pfs3-first=3.9326	0/2
LIST_EXALL_40_ENTRIES_FIRST_PASS	4480.50	8.06	608.00	7.44	7.3692	1/bfs-first=6.6016;2/pfs3-first=8.2222	2/2
LIST_EXALL_40_ENTRIES_REPEAT10_TOTAL	17599.50	0.52	2496.50	3.60	7.0497	1/bfs-first=6.9000;2/pfs3-first=7.2072	2/2
LIST_EXNEXT_400_ENTRIES_FIRST_PASS	80480.00	4.22	15455.50	16.69	5.2072	1/bfs-first=5.7281;2/pfs3-first=4.7963	1/2
LIST_EXNEXT_400_ENTRIES_REPEAT10_TOTAL	853435.50	3.38	143798.00	3.14	5.9350	1/bfs-first=6.2148;2/pfs3-first=5.6672	2/2
LIST_EXALL_400_ENTRIES_FIRST_PASS	42143.50	0.75	5163.50	62.54	8.1618	1/bfs-first=5.6893;2/pfs3-first=14.5552	2/2
LIST_EXALL_400_ENTRIES_REPEAT10_TOTAL	322942.00	5.75	29302.50	42.36	11.0210	1/bfs-first=8.8251;2/pfs3-first=15.0949	2/2
LIST_EXNEXT_1000_ENTRIES_FIRST_PASS	246065.00	16.63	32894.50	2.20	7.4804	1/bfs-first=6.4996;2/pfs3-first=8.4923	2/2
LIST_EXNEXT_1000_ENTRIES_REPEAT10_TOTAL	2383685.00	0.41	309502.50	8.19	7.7017	1/bfs-first=8.1512;2/pfs3-first=7.3013	2/2
LIST_EXALL_1000_ENTRIES_FIRST_PASS	115473.50	7.23	7359.00	0.02	15.6915	1/bfs-first=14.8910;2/pfs3-first=16.4917	2/2
LIST_EXALL_1000_ENTRIES_REPEAT10_TOTAL	1158489.50	4.02	51200.50	0.18	22.6265	1/bfs-first=23.2404;2/pfs3-first=22.0111	2/2

== Paired admission/M5 timings, family=deep; ratio=admission/M5
Every same-repeat, same-order pair is included for BFS and PFS3.
phase	filesystem	repeat/order	M5_us	admission_us	admission_over_M5
SMALL_CREATE_40	BFS	1/bfs-first	39687	73415	1.8499
SMALL_CREATE_40	BFS	2/pfs3-first	55168	37568	0.6810
SMALL_CREATE_40	PFS3	1/bfs-first	15616	17920	1.1475
SMALL_CREATE_40	PFS3	2/pfs3-first	18623	18880	1.0138
LOOKUP_400	BFS	1/bfs-first	99072	132351	1.3359
LOOKUP_400	BFS	2/pfs3-first	99199	129342	1.3039
LOOKUP_400	PFS3	1/bfs-first	66368	67200	1.0125
LOOKUP_400	PFS3	2/pfs3-first	67391	75455	1.1197
SMALL_READ_40	BFS	1/bfs-first	26751	25473	0.9522
SMALL_READ_40	BFS	2/pfs3-first	25764	27326	1.0606
SMALL_READ_40	PFS3	1/bfs-first	13118	14657	1.1173
SMALL_READ_40	PFS3	2/pfs3-first	15940	14592	0.9154
SEQ_WRITE_8M	BFS	1/bfs-first	53120	51327	0.9662
SEQ_WRITE_8M	BFS	2/pfs3-first	50303	52032	1.0344
SEQ_WRITE_8M	PFS3	1/bfs-first	45186	41514	0.9187
SEQ_WRITE_8M	PFS3	2/pfs3-first	43649	41983	0.9618
SEQ_READ_8M	BFS	1/bfs-first	263935	289149	1.0955
SEQ_READ_8M	BFS	2/pfs3-first	306814	283390	0.9237
SEQ_READ_8M	PFS3	1/bfs-first	253503	284030	1.1204
SEQ_READ_8M	PFS3	2/pfs3-first	286274	277245	0.9685
SMALL_DELETE_40	BFS	1/bfs-first	22144	22208	1.0029
SMALL_DELETE_40	BFS	2/pfs3-first	22850	22591	0.9887
SMALL_DELETE_40	PFS3	1/bfs-first	7808	9600	1.2295
SMALL_DELETE_40	PFS3	2/pfs3-first	9407	8383	0.8911
APPEND_4K_1M	BFS	1/bfs-first	98432	98496	1.0007
APPEND_4K_1M	BFS	2/pfs3-first	101376	104227	1.0281
APPEND_4K_1M	PFS3	1/bfs-first	32640	61439	1.8823
APPEND_4K_1M	PFS3	2/pfs3-first	33408	34303	1.0268
APPEND_1K_256K	BFS	1/bfs-first	84160	96639	1.1483
APPEND_1K_256K	BFS	2/pfs3-first	78208	81023	1.0360
APPEND_1K_256K	PFS3	1/bfs-first	23425	35903	1.5327
APPEND_1K_256K	PFS3	2/pfs3-first	24192	24257	1.0027
APPEND_READ_1280K	BFS	1/bfs-first	45440	47040	1.0352
APPEND_READ_1280K	BFS	2/pfs3-first	49345	52545	1.0648
APPEND_READ_1280K	PFS3	1/bfs-first	39166	42497	1.0850
APPEND_READ_1280K	PFS3	2/pfs3-first	46848	41345	0.8825
LIST_EXNEXT_40_ENTRIES_FIRST_PASS	BFS	1/bfs-first	8257	9088	1.1006
LIST_EXNEXT_40_ENTRIES_FIRST_PASS	BFS	2/pfs3-first	9535	9408	0.9867
LIST_EXNEXT_40_ENTRIES_FIRST_PASS	PFS3	1/bfs-first	1664	1665	1.0006
LIST_EXNEXT_40_ENTRIES_FIRST_PASS	PFS3	2/pfs3-first	1599	2111	1.3202
LIST_EXNEXT_40_ENTRIES_REPEAT10_TOTAL	BFS	1/bfs-first	45119	49408	1.0951
LIST_EXNEXT_40_ENTRIES_REPEAT10_TOTAL	BFS	2/pfs3-first	48063	48320	1.0053
LIST_EXNEXT_40_ENTRIES_REPEAT10_TOTAL	PFS3	1/bfs-first	12097	12864	1.0634
LIST_EXNEXT_40_ENTRIES_REPEAT10_TOTAL	PFS3	2/pfs3-first	12671	12287	0.9697
LIST_EXALL_40_ENTRIES_FIRST_PASS	BFS	1/bfs-first	5760	4225	0.7335
LIST_EXALL_40_ENTRIES_FIRST_PASS	BFS	2/pfs3-first	8705	4736	0.5441
LIST_EXALL_40_ENTRIES_FIRST_PASS	PFS3	1/bfs-first	705	640	0.9078
LIST_EXALL_40_ENTRIES_FIRST_PASS	PFS3	2/pfs3-first	768	576	0.7500
LIST_EXALL_40_ENTRIES_REPEAT10_TOTAL	BFS	1/bfs-first	15295	17664	1.1549
LIST_EXALL_40_ENTRIES_REPEAT10_TOTAL	BFS	2/pfs3-first	18432	17535	0.9513
LIST_EXALL_40_ENTRIES_REPEAT10_TOTAL	PFS3	1/bfs-first	2560	2560	1.0000
LIST_EXALL_40_ENTRIES_REPEAT10_TOTAL	PFS3	2/pfs3-first	2560	2433	0.9504
LIST_EXNEXT_400_ENTRIES_FIRST_PASS	BFS	1/bfs-first	72511	78080	1.0768
LIST_EXNEXT_400_ENTRIES_FIRST_PASS	BFS	2/pfs3-first	77951	82880	1.0632
LIST_EXNEXT_400_ENTRIES_FIRST_PASS	PFS3	1/bfs-first	12480	13631	1.0922
LIST_EXNEXT_400_ENTRIES_FIRST_PASS	PFS3	2/pfs3-first	14272	17280	1.2108
LIST_EXNEXT_400_ENTRIES_REPEAT10_TOTAL	BFS	1/bfs-first	767100	873851	1.1392
LIST_EXNEXT_400_ENTRIES_REPEAT10_TOTAL	BFS	2/pfs3-first	733500	833020	1.1357
LIST_EXNEXT_400_ENTRIES_REPEAT10_TOTAL	PFS3	1/bfs-first	113088	140607	1.2433
LIST_EXNEXT_400_ENTRIES_REPEAT10_TOTAL	PFS3	2/pfs3-first	120639	146989	1.2184
LIST_EXALL_400_ENTRIES_FIRST_PASS	BFS	1/bfs-first	44862	42368	0.9444
LIST_EXALL_400_ENTRIES_FIRST_PASS	BFS	2/pfs3-first	47488	41919	0.8827
LIST_EXALL_400_ENTRIES_FIRST_PASS	PFS3	1/bfs-first	2687	7447	2.7715
LIST_EXALL_400_ENTRIES_FIRST_PASS	PFS3	2/pfs3-first	2752	2880	1.0465
LIST_EXALL_400_ENTRIES_REPEAT10_TOTAL	BFS	1/bfs-first	444707	336061	0.7557
LIST_EXALL_400_ENTRIES_REPEAT10_TOTAL	BFS	2/pfs3-first	415549	309823	0.7456
LIST_EXALL_400_ENTRIES_REPEAT10_TOTAL	PFS3	1/bfs-first	20416	38080	1.8652
LIST_EXALL_400_ENTRIES_REPEAT10_TOTAL	PFS3	2/pfs3-first	20544	20525	0.9991
LIST_EXNEXT_1000_ENTRIES_FIRST_PASS	BFS	1/bfs-first	216063	217125	1.0049
LIST_EXNEXT_1000_ENTRIES_FIRST_PASS	BFS	2/pfs3-first	213631	275005	1.2873
LIST_EXNEXT_1000_ENTRIES_FIRST_PASS	PFS3	1/bfs-first	31040	33406	1.0762
LIST_EXNEXT_1000_ENTRIES_FIRST_PASS	PFS3	2/pfs3-first	33023	32383	0.9806
LIST_EXNEXT_1000_ENTRIES_REPEAT10_TOTAL	BFS	1/bfs-first	1919414	2376755	1.2383
LIST_EXNEXT_1000_ENTRIES_REPEAT10_TOTAL	BFS	2/pfs3-first	1958964	2390615	1.2203
LIST_EXNEXT_1000_ENTRIES_REPEAT10_TOTAL	PFS3	1/bfs-first	284735	291582	1.0240
LIST_EXNEXT_1000_ENTRIES_REPEAT10_TOTAL	PFS3	2/pfs3-first	335978	327423	0.9745
LIST_EXALL_1000_ENTRIES_FIRST_PASS	BFS	1/bfs-first	110336	109568	0.9930
LIST_EXALL_1000_ENTRIES_FIRST_PASS	BFS	2/pfs3-first	105664	121379	1.1487
LIST_EXALL_1000_ENTRIES_FIRST_PASS	PFS3	1/bfs-first	6464	7358	1.1383
LIST_EXALL_1000_ENTRIES_FIRST_PASS	PFS3	2/pfs3-first	6977	7360	1.0549
LIST_EXALL_1000_ENTRIES_REPEAT10_TOTAL	BFS	1/bfs-first	1069433	1191418	1.1141
LIST_EXALL_1000_ENTRIES_REPEAT10_TOTAL	BFS	2/pfs3-first	1073338	1125561	1.0487
LIST_EXALL_1000_ENTRIES_REPEAT10_TOTAL	PFS3	1/bfs-first	49792	51265	1.0296
LIST_EXALL_1000_ENTRIES_REPEAT10_TOTAL	PFS3	2/pfs3-first	71359	51136	0.7166

Paired admission/M5 aggregate across all repeats.
phase	filesystem	admission_over_M5_min	admission_over_M5_median	admission_over_M5_max	admission_slower_pairs
SMALL_CREATE_40	BFS	0.6810	1.2654	1.8499	1/2
SMALL_CREATE_40	PFS3	1.0138	1.0807	1.1475	2/2
LOOKUP_400	BFS	1.3039	1.3199	1.3359	2/2
LOOKUP_400	PFS3	1.0125	1.0661	1.1197	2/2
SMALL_READ_40	BFS	0.9522	1.0064	1.0606	1/2
SMALL_READ_40	PFS3	0.9154	1.0164	1.1173	1/2
SEQ_WRITE_8M	BFS	0.9662	1.0003	1.0344	1/2
SEQ_WRITE_8M	PFS3	0.9187	0.9403	0.9618	0/2
SEQ_READ_8M	BFS	0.9237	1.0096	1.0955	1/2
SEQ_READ_8M	PFS3	0.9685	1.0444	1.1204	1/2
SMALL_DELETE_40	BFS	0.9887	0.9958	1.0029	1/2
SMALL_DELETE_40	PFS3	0.8911	1.0603	1.2295	1/2
APPEND_4K_1M	BFS	1.0007	1.0144	1.0281	2/2
APPEND_4K_1M	PFS3	1.0268	1.4546	1.8823	2/2
APPEND_1K_256K	BFS	1.0360	1.0921	1.1483	2/2
APPEND_1K_256K	PFS3	1.0027	1.2677	1.5327	2/2
APPEND_READ_1280K	BFS	1.0352	1.0500	1.0648	2/2
APPEND_READ_1280K	PFS3	0.8825	0.9838	1.0850	1/2
LIST_EXNEXT_40_ENTRIES_FIRST_PASS	BFS	0.9867	1.0437	1.1006	1/2
LIST_EXNEXT_40_ENTRIES_FIRST_PASS	PFS3	1.0006	1.1604	1.3202	2/2
LIST_EXNEXT_40_ENTRIES_REPEAT10_TOTAL	BFS	1.0053	1.0502	1.0951	2/2
LIST_EXNEXT_40_ENTRIES_REPEAT10_TOTAL	PFS3	0.9697	1.0165	1.0634	1/2
LIST_EXALL_40_ENTRIES_FIRST_PASS	BFS	0.5441	0.6388	0.7335	0/2
LIST_EXALL_40_ENTRIES_FIRST_PASS	PFS3	0.7500	0.8289	0.9078	0/2
LIST_EXALL_40_ENTRIES_REPEAT10_TOTAL	BFS	0.9513	1.0531	1.1549	1/2
LIST_EXALL_40_ENTRIES_REPEAT10_TOTAL	PFS3	0.9504	0.9752	1.0000	0/2
LIST_EXNEXT_400_ENTRIES_FIRST_PASS	BFS	1.0632	1.0700	1.0768	2/2
LIST_EXNEXT_400_ENTRIES_FIRST_PASS	PFS3	1.0922	1.1515	1.2108	2/2
LIST_EXNEXT_400_ENTRIES_REPEAT10_TOTAL	BFS	1.1357	1.1374	1.1392	2/2
LIST_EXNEXT_400_ENTRIES_REPEAT10_TOTAL	PFS3	1.2184	1.2309	1.2433	2/2
LIST_EXALL_400_ENTRIES_FIRST_PASS	BFS	0.8827	0.9136	0.9444	0/2
LIST_EXALL_400_ENTRIES_FIRST_PASS	PFS3	1.0465	1.9090	2.7715	2/2
LIST_EXALL_400_ENTRIES_REPEAT10_TOTAL	BFS	0.7456	0.7506	0.7557	0/2
LIST_EXALL_400_ENTRIES_REPEAT10_TOTAL	PFS3	0.9991	1.4321	1.8652	1/2
LIST_EXNEXT_1000_ENTRIES_FIRST_PASS	BFS	1.0049	1.1461	1.2873	2/2
LIST_EXNEXT_1000_ENTRIES_FIRST_PASS	PFS3	0.9806	1.0284	1.0762	1/2
LIST_EXNEXT_1000_ENTRIES_REPEAT10_TOTAL	BFS	1.2203	1.2293	1.2383	2/2
LIST_EXNEXT_1000_ENTRIES_REPEAT10_TOTAL	PFS3	0.9745	0.9993	1.0240	1/2
LIST_EXALL_1000_ENTRIES_FIRST_PASS	BFS	0.9930	1.0709	1.1487	1/2
LIST_EXALL_1000_ENTRIES_FIRST_PASS	PFS3	1.0549	1.0966	1.1383	2/2
LIST_EXALL_1000_ENTRIES_REPEAT10_TOTAL	BFS	1.0487	1.0814	1.1141	2/2
LIST_EXALL_1000_ENTRIES_REPEAT10_TOTAL	PFS3	0.7166	0.8731	1.0296	1/2

== Deep diagnostic counters (schema 15; BFS raw counters only)
Counts, samples and sampled ticks are emitted as recorded; no exclusive CPU attribution or extrapolation is made.
variant	repeat	order	phase	BIO_READS	CACHE_READ_CALLS	CACHE_READ_HITS	CACHE_READ_MISSES	INODE_READ_CALLS	NODE_CRC_READ_CALLS	NODE_CRC_READ_SAMPLES	NODE_CRC_READ_SAMPLE_TICKS	NODE_CRC_WRITE_CALLS	NODE_CRC_WRITE_SAMPLES	NODE_CRC_WRITE_SAMPLE_TICKS	DIR_TREE_NODE_VIEWS	DIR_TREE_RESIDENT_VIEWS	DIR_TREE_LEAF_NODE_VIEWS	DIR_TREE_LEAF_RESIDENT_VIEWS	DIR_TREE_INTERNAL_NODE_VIEWS	DIR_TREE_INTERNAL_RESIDENT_VIEWS	INODE_TREE_NODE_VIEWS	INODE_TREE_RESIDENT_VIEWS	INODE_TREE_LEAF_NODE_VIEWS	INODE_TREE_LEAF_RESIDENT_VIEWS	INODE_TREE_INTERNAL_NODE_VIEWS	INODE_TREE_INTERNAL_RESIDENT_VIEWS
m5	1	bfs-first	LIST_EXNEXT_40_ENTRIES_FIRST_PASS	7	9	2	7	41	7	0	0	0	0	0	36	30	11	6	25	24	4	1	2	0	2	1
m5	1	bfs-first	LIST_EXNEXT_40_ENTRIES_REPEAT10_TOTAL	0	0	0	0	410	0	0	0	0	0	0	320	320	100	100	220	220	0	0	0	0	0	0
m5	1	bfs-first	LIST_EXALL_40_ENTRIES_FIRST_PASS	7	7	0	7	40	7	0	0	0	0	0	20	14	7	2	13	12	2	1	1	0	1	1
m5	1	bfs-first	LIST_EXALL_40_ENTRIES_REPEAT10_TOTAL	0	0	0	0	400	0	0	0	0	0	0	160	160	60	60	100	100	0	0	0	0	0	0
m5	1	bfs-first	LIST_EXNEXT_400_ENTRIES_FIRST_PASS	65	65	0	65	401	65	1	272	0	0	0	264	219	85	44	179	175	40	20	20	0	20	20
m5	1	bfs-first	LIST_EXNEXT_400_ENTRIES_REPEAT10_TOTAL	680	680	0	680	4010	680	10	1498	0	0	0	2644	2144	851	411	1793	1733	360	180	180	0	180	180
m5	1	bfs-first	LIST_EXALL_400_ENTRIES_FIRST_PASS	70	70	0	70	404	70	1	136	0	0	0	122	72	50	6	72	66	40	20	20	0	20	20
m5	1	bfs-first	LIST_EXALL_400_ENTRIES_REPEAT10_TOTAL	692	692	0	692	4040	692	10	1456	0	0	0	1184	682	491	50	693	632	380	190	190	0	190	190
m5	1	bfs-first	LIST_EXNEXT_1000_ENTRIES_FIRST_PASS	182	182	0	182	1001	182	2	317	0	0	0	672	552	216	108	456	444	124	62	62	0	62	62
m5	1	bfs-first	LIST_EXNEXT_1000_ENTRIES_REPEAT10_TOTAL	1840	1840	0	1840	10010	1840	28	4171	0	0	0	6684	5444	2151	1061	4533	4383	1200	600	600	0	600	600
m5	1	bfs-first	LIST_EXALL_1000_ENTRIES_FIRST_PASS	175	175	0	175	1010	175	2	227	0	0	0	283	167	118	15	165	152	118	59	59	0	59	59
m5	1	bfs-first	LIST_EXALL_1000_ENTRIES_REPEAT10_TOTAL	1713	1713	0	1713	10100	1713	26	3694	0	0	0	2794	1641	1171	140	1623	1501	1120	560	560	0	560	560
m5	2	pfs3-first	LIST_EXNEXT_40_ENTRIES_FIRST_PASS	7	9	2	7	41	7	0	0	0	0	0	36	30	11	6	25	24	4	1	2	0	2	1
m5	2	pfs3-first	LIST_EXNEXT_40_ENTRIES_REPEAT10_TOTAL	0	0	0	0	410	0	0	0	0	0	0	320	320	100	100	220	220	0	0	0	0	0	0
m5	2	pfs3-first	LIST_EXALL_40_ENTRIES_FIRST_PASS	7	7	0	7	40	7	0	0	0	0	0	20	14	7	2	13	12	2	1	1	0	1	1
m5	2	pfs3-first	LIST_EXALL_40_ENTRIES_REPEAT10_TOTAL	0	0	0	0	400	0	0	0	0	0	0	160	160	60	60	100	100	0	0	0	0	0	0
m5	2	pfs3-first	LIST_EXNEXT_400_ENTRIES_FIRST_PASS	65	65	0	65	401	65	1	182	0	0	0	264	219	85	44	179	175	40	20	20	0	20	20
m5	2	pfs3-first	LIST_EXNEXT_400_ENTRIES_REPEAT10_TOTAL	680	680	0	680	4010	680	10	1497	0	0	0	2644	2144	851	411	1793	1733	360	180	180	0	180	180
m5	2	pfs3-first	LIST_EXALL_400_ENTRIES_FIRST_PASS	70	70	0	70	404	70	1	90	0	0	0	122	72	50	6	72	66	40	20	20	0	20	20
m5	2	pfs3-first	LIST_EXALL_400_ENTRIES_REPEAT10_TOTAL	692	692	0	692	4040	692	10	1428	0	0	0	1184	682	491	50	693	632	380	190	190	0	190	190
m5	2	pfs3-first	LIST_EXNEXT_1000_ENTRIES_FIRST_PASS	182	182	0	182	1001	182	2	544	0	0	0	672	552	216	108	456	444	124	62	62	0	62	62
m5	2	pfs3-first	LIST_EXNEXT_1000_ENTRIES_REPEAT10_TOTAL	1840	1840	0	1840	10010	1840	28	4148	0	0	0	6684	5444	2151	1061	4533	4383	1200	600	600	0	600	600
m5	2	pfs3-first	LIST_EXALL_1000_ENTRIES_FIRST_PASS	175	175	0	175	1010	175	2	272	0	0	0	283	167	118	15	165	152	118	59	59	0	59	59
m5	2	pfs3-first	LIST_EXALL_1000_ENTRIES_REPEAT10_TOTAL	1713	1713	0	1713	10100	1713	26	3859	0	0	0	2794	1641	1171	140	1623	1501	1120	560	560	0	560	560
admission	1	bfs-first	LIST_EXNEXT_40_ENTRIES_FIRST_PASS	11	13	2	11	41	11	0	0	0	0	0	36	26	11	2	25	24	4	1	2	0	2	1
admission	1	bfs-first	LIST_EXNEXT_40_ENTRIES_REPEAT10_TOTAL	5	5	0	5	410	5	0	0	0	0	0	320	315	100	95	220	220	0	0	0	0	0	0
admission	1	bfs-first	LIST_EXALL_40_ENTRIES_FIRST_PASS	7	7	0	7	40	7	0	0	0	0	0	20	14	7	2	13	12	2	1	1	0	1	1
admission	1	bfs-first	LIST_EXALL_40_ENTRIES_REPEAT10_TOTAL	5	5	0	5	400	5	0	0	0	0	0	160	155	60	55	100	100	0	0	0	0	0	0
admission	1	bfs-first	LIST_EXNEXT_400_ENTRIES_FIRST_PASS	97	97	0	97	401	97	1	181	0	0	0	264	179	85	4	179	175	24	12	12	0	12	12
admission	1	bfs-first	LIST_EXNEXT_400_ENTRIES_REPEAT10_TOTAL	810	810	0	810	4010	810	12	2549	0	0	0	2640	1830	850	40	1790	1790	0	0	0	0	0	0
admission	1	bfs-first	LIST_EXALL_400_ENTRIES_FIRST_PASS	67	67	0	67	404	67	1	182	0	0	0	122	68	50	1	72	67	26	13	13	0	13	13
admission	1	bfs-first	LIST_EXALL_400_ENTRIES_REPEAT10_TOTAL	440	440	0	440	4040	440	6	862	0	0	0	1180	740	490	50	690	690	0	0	0	0	0	0
admission	1	bfs-first	LIST_EXNEXT_1000_ENTRIES_FIRST_PASS	281	281	0	281	1001	281	4	727	0	0	0	672	449	216	4	456	445	116	58	58	0	58	58
admission	1	bfs-first	LIST_EXNEXT_1000_ENTRIES_REPEAT10_TOTAL	2860	2860	0	2860	10010	2860	44	6636	0	0	0	6684	4384	2151	1	4533	4383	1120	560	560	0	560	560
admission	1	bfs-first	LIST_EXALL_1000_ENTRIES_FIRST_PASS	187	187	0	187	1010	187	2	272	0	0	0	283	153	118	0	165	153	114	57	57	0	57	57
admission	1	bfs-first	LIST_EXALL_1000_ENTRIES_REPEAT10_TOTAL	1823	1823	0	1823	10100	1823	28	4658	0	0	0	2794	1511	1171	0	1623	1511	1080	540	540	0	540	540
admission	2	pfs3-first	LIST_EXNEXT_40_ENTRIES_FIRST_PASS	11	13	2	11	41	11	0	0	0	0	0	36	26	11	2	25	24	4	1	2	0	2	1
admission	2	pfs3-first	LIST_EXNEXT_40_ENTRIES_REPEAT10_TOTAL	5	5	0	5	410	5	0	0	0	0	0	320	315	100	95	220	220	0	0	0	0	0	0
admission	2	pfs3-first	LIST_EXALL_40_ENTRIES_FIRST_PASS	7	7	0	7	40	7	0	0	0	0	0	20	14	7	2	13	12	2	1	1	0	1	1
admission	2	pfs3-first	LIST_EXALL_40_ENTRIES_REPEAT10_TOTAL	5	5	0	5	400	5	0	0	0	0	0	160	155	60	55	100	100	0	0	0	0	0	0
admission	2	pfs3-first	LIST_EXNEXT_400_ENTRIES_FIRST_PASS	97	97	0	97	401	97	1	136	0	0	0	264	179	85	4	179	175	24	12	12	0	12	12
admission	2	pfs3-first	LIST_EXNEXT_400_ENTRIES_REPEAT10_TOTAL	810	810	0	810	4010	810	12	1864	0	0	0	2640	1830	850	40	1790	1790	0	0	0	0	0	0
admission	2	pfs3-first	LIST_EXALL_400_ENTRIES_FIRST_PASS	67	67	0	67	404	67	1	136	0	0	0	122	68	50	1	72	67	26	13	13	0	13	13
admission	2	pfs3-first	LIST_EXALL_400_ENTRIES_REPEAT10_TOTAL	440	440	0	440	4040	440	6	909	0	0	0	1180	740	490	50	690	690	0	0	0	0	0	0
admission	2	pfs3-first	LIST_EXNEXT_1000_ENTRIES_FIRST_PASS	281	281	0	281	1001	281	4	862	0	0	0	672	449	216	4	456	445	116	58	58	0	58	58
admission	2	pfs3-first	LIST_EXNEXT_1000_ENTRIES_REPEAT10_TOTAL	2860	2860	0	2860	10010	2860	44	6391	0	0	0	6684	4384	2151	1	4533	4383	1120	560	560	0	560	560
admission	2	pfs3-first	LIST_EXALL_1000_ENTRIES_FIRST_PASS	187	187	0	187	1010	187	2	537	0	0	0	283	153	118	0	165	153	114	57	57	0	57	57
admission	2	pfs3-first	LIST_EXALL_1000_ENTRIES_REPEAT10_TOTAL	1823	1823	0	1823	10100	1823	28	4122	0	0	0	2794	1511	1171	0	1623	1511	1080	540	540	0	540	540

DEEP-ONLY RESULT: all four schema-15 deep runs verified; NOT FULL QUALIFICATION.
