=== BFS vs PFS3 Benchmark (FS-UAE 68040) ===
Evidence directory: /home/fabian/.cache/bfs-performance/status-2026-10-10.NvWrOR/results/status-6-pfs3-first-current
Mode: compare
Timeout: 600s


=== Machine Info ===
# Machine Info
Kickstart 47.102, Workbench 47.2
System: 68040 68040/060-FPU   (INST: Cache Burst) (DATA: NoCache NoBurst)
Type  Available    In-Use   Maximum   Largest
chip    2028040     52728   2080768   2027968
fast    7531240    857368   8388608   7526176
total   9559280    910096  10469376   7526176


Mounted disks:
Unit      Size       Used       Free Full Errs   Status   Name
DF0       No disk present
DH0      4095M    4194304    4194303  50%   0  Read/Write System
DH1       255M         36      65372   0%   0  Read/Write BFSTest
DH2       Not a DOS disk

Volumes available:
BFSTest [Mounted]
System [Mounted]

=== BFS Results ===
FS_COMPARE_BENCH	4
DRIVE	DH1:
SMALL_CREATE_40_US	31487
LOOKUP_400_US	59711
SMALL_READ_40_US	19137
LIST_EXNEXT_400_US	20223
LIST_EXALL_400_US	7743
SEQ_WRITE_8M_US	29377
SEQ_READ_8M_US	272575
SMALL_DELETE_40_US	13759
APPEND_4K_1M_US	54527
APPEND_1K_256K_US	44480
APPEND_READ_1280K_US	44287
LIST_EXNEXT_40_ENTRIES_FIRST_PASS_US	4607
LIST_EXNEXT_40_ENTRIES_REPEAT10_TOTAL_US	21568
LIST_EXALL_40_ENTRIES_FIRST_PASS_US	1792
LIST_EXALL_40_ENTRIES_REPEAT10_TOTAL_US	8385
LIST_EXNEXT_400_ENTRIES_FIRST_PASS_US	31871
LIST_EXNEXT_400_ENTRIES_REPEAT10_TOTAL_US	210943
LIST_EXALL_400_ENTRIES_FIRST_PASS_US	15744
LIST_EXALL_400_ENTRIES_REPEAT10_TOTAL_US	81408
LIST_EXNEXT_1000_ENTRIES_FIRST_PASS_US	75391
LIST_EXNEXT_1000_ENTRIES_REPEAT10_TOTAL_US	536831
LIST_EXALL_1000_ENTRIES_FIRST_PASS_US	40319
LIST_EXALL_1000_ENTRIES_REPEAT10_TOTAL_US	190014
PASS	1

=== PFS3 Results ===
FS_COMPARE_BENCH	4
DRIVE	DH2:
SMALL_CREATE_40_US	16577
LOOKUP_400_US	66303
SMALL_READ_40_US	14271
LIST_EXNEXT_400_US	12160
LIST_EXALL_400_US	2945
SEQ_WRITE_8M_US	37248
SEQ_READ_8M_US	267325
SMALL_DELETE_40_US	7872
APPEND_4K_1M_US	32255
APPEND_1K_256K_US	22848
APPEND_READ_1280K_US	41024
LIST_EXNEXT_40_ENTRIES_FIRST_PASS_US	1663
LIST_EXNEXT_40_ENTRIES_REPEAT10_TOTAL_US	11967
LIST_EXALL_40_ENTRIES_FIRST_PASS_US	640
LIST_EXALL_40_ENTRIES_REPEAT10_TOTAL_US	2432
LIST_EXNEXT_400_ENTRIES_FIRST_PASS_US	12800
LIST_EXNEXT_400_ENTRIES_REPEAT10_TOTAL_US	113023
LIST_EXALL_400_ENTRIES_FIRST_PASS_US	2817
LIST_EXALL_400_ENTRIES_REPEAT10_TOTAL_US	20225
LIST_EXNEXT_1000_ENTRIES_FIRST_PASS_US	32000
LIST_EXNEXT_1000_ENTRIES_REPEAT10_TOTAL_US	297534
LIST_EXALL_1000_ENTRIES_FIRST_PASS_US	11201
LIST_EXALL_1000_ENTRIES_REPEAT10_TOTAL_US	68545
PASS	1
PASS: requested mounted-volume workload outputs are complete and data-checked
