=== BFS vs PFS3 Benchmark (FS-UAE 68040) ===
Evidence directory: /home/fabian/.cache/bfs-performance/status-2026-10-10.NvWrOR/results/status-4-pfs3-first-release040
Mode: compare
Timeout: 600s


=== Machine Info ===
# Machine Info
Kickstart 47.102, Workbench 47.2
System: 68040 68040/060-FPU   (INST: Cache Burst) (DATA: NoCache NoBurst)
Type  Available    In-Use   Maximum   Largest
chip    2028040     52728   2080768   2027968
fast    7529008    859600   8388608   7523936
total   9557048    912328  10469376   7523936


Mounted disks:
Unit      Size       Used       Free Full Errs   Status   Name
DF0       No disk present
DH0      4095M    4194304    4194303  50%   0  Read/Write System
DH1       255M         36      65372   0%   0  Read/Write BFSTest
DH2       Not a DOS disk

Volumes available:
BFSTest [Mounted]
System [Mounted]

=== BFS Results ===
FS_COMPARE_BENCH	4
DRIVE	DH1:
SMALL_CREATE_40_US	28678
LOOKUP_400_US	62080
SMALL_READ_40_US	17604
LIST_EXNEXT_400_US	21440
LIST_EXALL_400_US	7680
SEQ_WRITE_8M_US	28993
SEQ_READ_8M_US	285693
SMALL_DELETE_40_US	14528
APPEND_4K_1M_US	53951
APPEND_1K_256K_US	44480
APPEND_READ_1280K_US	45057
LIST_EXNEXT_40_ENTRIES_FIRST_PASS_US	4096
LIST_EXNEXT_40_ENTRIES_REPEAT10_TOTAL_US	22463
LIST_EXALL_40_ENTRIES_FIRST_PASS_US	1857
LIST_EXALL_40_ENTRIES_REPEAT10_TOTAL_US	8320
LIST_EXNEXT_400_ENTRIES_FIRST_PASS_US	32256
LIST_EXNEXT_400_ENTRIES_REPEAT10_TOTAL_US	220287
LIST_EXALL_400_ENTRIES_FIRST_PASS_US	16768
LIST_EXALL_400_ENTRIES_REPEAT10_TOTAL_US	90944
LIST_EXNEXT_1000_ENTRIES_FIRST_PASS_US	77248
LIST_EXNEXT_1000_ENTRIES_REPEAT10_TOTAL_US	561978
LIST_EXALL_1000_ENTRIES_FIRST_PASS_US	41088
LIST_EXALL_1000_ENTRIES_REPEAT10_TOTAL_US	194239
PASS	1

=== PFS3 Results ===
FS_COMPARE_BENCH	4
DRIVE	DH2:
SMALL_CREATE_40_US	16192
LOOKUP_400_US	66560
SMALL_READ_40_US	14016
LIST_EXNEXT_400_US	11745
LIST_EXALL_400_US	2943
SEQ_WRITE_8M_US	40065
SEQ_READ_8M_US	268478
SMALL_DELETE_40_US	7808
APPEND_4K_1M_US	33665
APPEND_1K_256K_US	22463
APPEND_READ_1280K_US	39872
LIST_EXNEXT_40_ENTRIES_FIRST_PASS_US	2176
LIST_EXNEXT_40_ENTRIES_REPEAT10_TOTAL_US	12032
LIST_EXALL_40_ENTRIES_FIRST_PASS_US	448
LIST_EXALL_40_ENTRIES_REPEAT10_TOTAL_US	2495
LIST_EXNEXT_400_ENTRIES_FIRST_PASS_US	12735
LIST_EXNEXT_400_ENTRIES_REPEAT10_TOTAL_US	113536
LIST_EXALL_400_ENTRIES_FIRST_PASS_US	2752
LIST_EXALL_400_ENTRIES_REPEAT10_TOTAL_US	20545
LIST_EXNEXT_1000_ENTRIES_FIRST_PASS_US	30720
LIST_EXNEXT_1000_ENTRIES_REPEAT10_TOTAL_US	304383
LIST_EXALL_1000_ENTRIES_FIRST_PASS_US	6528
LIST_EXALL_1000_ENTRIES_REPEAT10_TOTAL_US	52416
PASS	1
PASS: requested mounted-volume workload outputs are complete and data-checked
