=== BFS vs PFS3 Benchmark (FS-UAE 68040) ===
Evidence directory: /home/fabian/.cache/bfs-performance/sparse-crc-2026-10-09.xN615F/candidate/build/benchmark/sparse-confirmation-20261009/confirm-normal-m5-7-bfs-first
Mode: compare
Timeout: 600s


=== Machine Info ===
# Machine Info
Kickstart 47.102, Workbench 47.2
System: 68040 68040/060-FPU   (INST: Cache Burst) (DATA: NoCache NoBurst)
Type  Available    In-Use   Maximum   Largest
chip    2028040     52728   2080768   2027968
fast    7687256    701352   8388608   7682200
total   9715296    754080  10469376   7682200


Mounted disks:
Unit      Size       Used       Free Full Errs   Status   Name
DF0       No disk present
DH0      4095M    4194304    4194303  50%   0  Read/Write System
DH1       255M         36      65372   0%   0  Read/Write BFSTest
DH2       Not a DOS disk

Volumes available:
BFSTest [Mounted]
System [Mounted]

=== BFS Results ===
FS_COMPARE_BENCH	4
DRIVE	DH1:
SMALL_CREATE_40_US	46977
LOOKUP_400_US	99775
SMALL_READ_40_US	21632
LIST_EXNEXT_400_US	31231
LIST_EXALL_400_US	9280
SEQ_WRITE_8M_US	39423
SEQ_READ_8M_US	276095
SMALL_DELETE_40_US	17600
APPEND_4K_1M_US	75456
APPEND_1K_256K_US	65151
APPEND_READ_1280K_US	43136
LIST_EXNEXT_40_ENTRIES_FIRST_PASS_US	6335
LIST_EXNEXT_40_ENTRIES_REPEAT10_TOTAL_US	31616
LIST_EXALL_40_ENTRIES_FIRST_PASS_US	3649
LIST_EXALL_40_ENTRIES_REPEAT10_TOTAL_US	9407
LIST_EXNEXT_400_ENTRIES_FIRST_PASS_US	57088
LIST_EXNEXT_400_ENTRIES_REPEAT10_TOTAL_US	705341
LIST_EXALL_400_ENTRIES_FIRST_PASS_US	36351
LIST_EXALL_400_ENTRIES_REPEAT10_TOTAL_US	365823
LIST_EXNEXT_1000_ENTRIES_FIRST_PASS_US	155199
LIST_EXNEXT_1000_ENTRIES_REPEAT10_TOTAL_US	1745015
LIST_EXALL_1000_ENTRIES_FIRST_PASS_US	119679
LIST_EXALL_1000_ENTRIES_REPEAT10_TOTAL_US	1022779
PASS	1

=== PFS3 Results ===
FS_COMPARE_BENCH	4
DRIVE	DH2:
SMALL_CREATE_40_US	18046
LOOKUP_400_US	68863
SMALL_READ_40_US	15425
LIST_EXNEXT_400_US	15745
LIST_EXALL_400_US	3520
SEQ_WRITE_8M_US	43391
SEQ_READ_8M_US	342461
SMALL_DELETE_40_US	13886
APPEND_4K_1M_US	54656
APPEND_1K_256K_US	24447
APPEND_READ_1280K_US	40640
LIST_EXNEXT_40_ENTRIES_FIRST_PASS_US	1792
LIST_EXNEXT_40_ENTRIES_REPEAT10_TOTAL_US	12416
LIST_EXALL_40_ENTRIES_FIRST_PASS_US	576
LIST_EXALL_40_ENTRIES_REPEAT10_TOTAL_US	2560
LIST_EXNEXT_400_ENTRIES_FIRST_PASS_US	13312
LIST_EXNEXT_400_ENTRIES_REPEAT10_TOTAL_US	113473
LIST_EXALL_400_ENTRIES_FIRST_PASS_US	2880
LIST_EXALL_400_ENTRIES_REPEAT10_TOTAL_US	21375
LIST_EXNEXT_1000_ENTRIES_FIRST_PASS_US	38783
LIST_EXNEXT_1000_ENTRIES_REPEAT10_TOTAL_US	351103
LIST_EXALL_1000_ENTRIES_FIRST_PASS_US	7232
LIST_EXALL_1000_ENTRIES_REPEAT10_TOTAL_US	52095
PASS	1
PASS: requested mounted-volume workload outputs are complete and data-checked
