=== BFS vs PFS3 Benchmark (FS-UAE 68040) ===
Evidence directory: /home/fabian/.cache/bfs-performance/splitbatch-2026-10-10.USYRpP/results/splitbatch-6-pfs3-first-cand
Mode: compare
Timeout: 600s


=== Machine Info ===
# Machine Info
Kickstart 47.102, Workbench 47.2
System: 68040 68040/060-FPU   (INST: Cache Burst) (DATA: NoCache NoBurst)
Type  Available    In-Use   Maximum   Largest
chip    2028040     52728   2080768   2027968
fast    7530480    858128   8388608   7525408
total   9558520    910856  10469376   7525408


Mounted disks:
Unit      Size       Used       Free Full Errs   Status   Name
DF0       No disk present
DH0      4095M    4194304    4194303  50%   0  Read/Write System
DH1       255M         36      65372   0%   0  Read/Write BFSTest
DH2       Not a DOS disk

Volumes available:
BFSTest [Mounted]
System [Mounted]

=== BFS Results ===
FS_COMPARE_BENCH	4
DRIVE	DH1:
SMALL_CREATE_40_US	28353
LOOKUP_400_US	58623
SMALL_READ_40_US	15680
LIST_EXNEXT_400_US	25279
LIST_EXALL_400_US	7808
SEQ_WRITE_8M_US	30912
SEQ_READ_8M_US	271980
SMALL_DELETE_40_US	14016
APPEND_4K_1M_US	55104
APPEND_1K_256K_US	50240
APPEND_READ_1280K_US	44671
LIST_EXNEXT_40_ENTRIES_FIRST_PASS_US	2817
LIST_EXNEXT_40_ENTRIES_REPEAT10_TOTAL_US	19712
LIST_EXALL_40_ENTRIES_FIRST_PASS_US	1982
LIST_EXALL_40_ENTRIES_REPEAT10_TOTAL_US	8704
LIST_EXNEXT_400_ENTRIES_FIRST_PASS_US	24577
LIST_EXNEXT_400_ENTRIES_REPEAT10_TOTAL_US	168767
LIST_EXALL_400_ENTRIES_FIRST_PASS_US	13953
LIST_EXALL_400_ENTRIES_REPEAT10_TOTAL_US	79424
LIST_EXNEXT_1000_ENTRIES_FIRST_PASS_US	62080
LIST_EXNEXT_1000_ENTRIES_REPEAT10_TOTAL_US	456636
LIST_EXALL_1000_ENTRIES_FIRST_PASS_US	38272
LIST_EXALL_1000_ENTRIES_REPEAT10_TOTAL_US	193022
PASS	1

=== PFS3 Results ===
FS_COMPARE_BENCH	4
DRIVE	DH2:
SMALL_CREATE_40_US	17408
LOOKUP_400_US	65472
SMALL_READ_40_US	14655
LIST_EXNEXT_400_US	12096
LIST_EXALL_400_US	2560
SEQ_WRITE_8M_US	40960
SEQ_READ_8M_US	265983
SMALL_DELETE_40_US	7808
APPEND_4K_1M_US	34815
APPEND_1K_256K_US	24126
APPEND_READ_1280K_US	40831
LIST_EXNEXT_40_ENTRIES_FIRST_PASS_US	2431
LIST_EXNEXT_40_ENTRIES_REPEAT10_TOTAL_US	12031
LIST_EXALL_40_ENTRIES_FIRST_PASS_US	640
LIST_EXALL_40_ENTRIES_REPEAT10_TOTAL_US	2496
LIST_EXNEXT_400_ENTRIES_FIRST_PASS_US	12864
LIST_EXNEXT_400_ENTRIES_REPEAT10_TOTAL_US	112319
LIST_EXALL_400_ENTRIES_FIRST_PASS_US	2753
LIST_EXALL_400_ENTRIES_REPEAT10_TOTAL_US	20417
LIST_EXNEXT_1000_ENTRIES_FIRST_PASS_US	31360
LIST_EXNEXT_1000_ENTRIES_REPEAT10_TOTAL_US	291647
LIST_EXALL_1000_ENTRIES_FIRST_PASS_US	6272
LIST_EXALL_1000_ENTRIES_REPEAT10_TOTAL_US	49535
PASS	1
PASS: requested mounted-volume workload outputs are complete and data-checked
