=== BFS vs PFS3 Benchmark (FS-UAE 68040) ===
Evidence directory: /home/fabian/.cache/bfs-performance/metadata-2026-10-08.QvzB5w/build/benchmark/metadata-v4-c8-20261008-m1b-5-bfs-first
Mode: compare
Timeout: 600s


=== Machine Info ===
# Machine Info
Kickstart 47.102, Workbench 47.2
System: 68040 68040/060-FPU   (INST: Cache Burst) (DATA: NoCache NoBurst)
Type  Available    In-Use   Maximum   Largest
chip    2028040     52728   2080768   2027968
fast    7694024    694584   8388608   7688952
total   9722064    747312  10469376   7688952


Mounted disks:
Unit      Size       Used       Free Full Errs   Status   Name
DF0       No disk present
DH0      4095M    4194304    4194303  50%   0  Read/Write System
DH1       255M         36      65372   0%   0  Read/Write BFSTest
DH2       Not a DOS disk

Volumes available:
BFSTest [Mounted]
System [Mounted]

=== BFS Results ===
FS_COMPARE_BENCH	4
DRIVE	DH1:
SMALL_CREATE_40_US	29500
LOOKUP_400_US	74433
SMALL_READ_40_US	19844
LIST_EXNEXT_400_US	31808
LIST_EXALL_400_US	8640
SEQ_WRITE_8M_US	37120
SEQ_READ_8M_US	259838
SMALL_DELETE_40_US	16954
APPEND_4K_1M_US	69311
APPEND_1K_256K_US	57471
APPEND_READ_1280K_US	42880
LIST_EXNEXT_40_ENTRIES_FIRST_PASS_US	6463
LIST_EXNEXT_40_ENTRIES_REPEAT10_TOTAL_US	34749
LIST_EXALL_40_ENTRIES_FIRST_PASS_US	3583
LIST_EXALL_40_ENTRIES_REPEAT10_TOTAL_US	11840
LIST_EXNEXT_400_ENTRIES_FIRST_PASS_US	58840
LIST_EXNEXT_400_ENTRIES_REPEAT10_TOTAL_US	661691
LIST_EXALL_400_ENTRIES_FIRST_PASS_US	37888
LIST_EXALL_400_ENTRIES_REPEAT10_TOTAL_US	402560
LIST_EXNEXT_1000_ENTRIES_FIRST_PASS_US	162175
LIST_EXNEXT_1000_ENTRIES_REPEAT10_TOTAL_US	1748854
LIST_EXALL_1000_ENTRIES_FIRST_PASS_US	94719
LIST_EXALL_1000_ENTRIES_REPEAT10_TOTAL_US	1166907
PASS	1

=== PFS3 Results ===
FS_COMPARE_BENCH	4
DRIVE	DH2:
SMALL_CREATE_40_US	33857
LOOKUP_400_US	95359
SMALL_READ_40_US	14016
LIST_EXNEXT_400_US	12286
LIST_EXALL_400_US	2431
SEQ_WRITE_8M_US	41217
SEQ_READ_8M_US	298750
SMALL_DELETE_40_US	7872
APPEND_4K_1M_US	71360
APPEND_1K_256K_US	51712
APPEND_READ_1280K_US	46976
LIST_EXNEXT_40_ENTRIES_FIRST_PASS_US	1600
LIST_EXNEXT_40_ENTRIES_REPEAT10_TOTAL_US	12543
LIST_EXALL_40_ENTRIES_FIRST_PASS_US	638
LIST_EXALL_40_ENTRIES_REPEAT10_TOTAL_US	2497
LIST_EXNEXT_400_ENTRIES_FIRST_PASS_US	13503
LIST_EXNEXT_400_ENTRIES_REPEAT10_TOTAL_US	111935
LIST_EXALL_400_ENTRIES_FIRST_PASS_US	3200
LIST_EXALL_400_ENTRIES_REPEAT10_TOTAL_US	20543
LIST_EXNEXT_1000_ENTRIES_FIRST_PASS_US	31807
LIST_EXNEXT_1000_ENTRIES_REPEAT10_TOTAL_US	281919
LIST_EXALL_1000_ENTRIES_FIRST_PASS_US	6783
LIST_EXALL_1000_ENTRIES_REPEAT10_TOTAL_US	50241
PASS	1
PASS: requested mounted-volume workload outputs are complete and data-checked
