=== BFS vs PFS3 Benchmark (FS-UAE 68040) ===
Evidence directory: /home/fabian/.cache/bfs-performance/listing-upgrade-2026-10-08.29qKRc/build/benchmark/leaf-range-normal-20261008-range-8-pfs3-first
Mode: compare
Timeout: 600s


=== Machine Info ===
# Machine Info
Kickstart 47.102, Workbench 47.2
System: 68040 68040/060-FPU   (INST: Cache Burst) (DATA: NoCache NoBurst)
Type  Available    In-Use   Maximum   Largest
chip    2028040     52728   2080768   2027968
fast    7687256    701352   8388608   7682200
total   9715296    754080  10469376   7682200


Mounted disks:
Unit      Size       Used       Free Full Errs   Status   Name
DF0       No disk present
DH0      4095M    4194304    4194303  50%   0  Read/Write System
DH1       255M         36      65372   0%   0  Read/Write BFSTest
DH2       Not a DOS disk

Volumes available:
BFSTest [Mounted]
System [Mounted]

=== BFS Results ===
FS_COMPARE_BENCH	4
DRIVE	DH1:
SMALL_CREATE_40_US	31616
LOOKUP_400_US	75391
SMALL_READ_40_US	20288
LIST_EXNEXT_400_US	30784
LIST_EXALL_400_US	8896
SEQ_WRITE_8M_US	37952
SEQ_READ_8M_US	266239
SMALL_DELETE_40_US	17472
APPEND_4K_1M_US	73215
APPEND_1K_256K_US	60992
APPEND_READ_1280K_US	43392
LIST_EXNEXT_40_ENTRIES_FIRST_PASS_US	6209
LIST_EXNEXT_40_ENTRIES_REPEAT10_TOTAL_US	31360
LIST_EXALL_40_ENTRIES_FIRST_PASS_US	4160
LIST_EXALL_40_ENTRIES_REPEAT10_TOTAL_US	9343
LIST_EXNEXT_400_ENTRIES_FIRST_PASS_US	57086
LIST_EXNEXT_400_ENTRIES_REPEAT10_TOTAL_US	598460
LIST_EXALL_400_ENTRIES_FIRST_PASS_US	37272
LIST_EXALL_400_ENTRIES_REPEAT10_TOTAL_US	382718
LIST_EXNEXT_1000_ENTRIES_FIRST_PASS_US	213247
LIST_EXNEXT_1000_ENTRIES_REPEAT10_TOTAL_US	1624823
LIST_EXALL_1000_ENTRIES_FIRST_PASS_US	93825
LIST_EXALL_1000_ENTRIES_REPEAT10_TOTAL_US	958440
PASS	1

=== PFS3 Results ===
FS_COMPARE_BENCH	4
DRIVE	DH2:
SMALL_CREATE_40_US	17537
LOOKUP_400_US	70977
SMALL_READ_40_US	23296
LIST_EXNEXT_400_US	14975
LIST_EXALL_400_US	2623
SEQ_WRITE_8M_US	43008
SEQ_READ_8M_US	270654
SMALL_DELETE_40_US	8385
APPEND_4K_1M_US	33023
APPEND_1K_256K_US	26623
APPEND_READ_1280K_US	41088
LIST_EXNEXT_40_ENTRIES_FIRST_PASS_US	1727
LIST_EXNEXT_40_ENTRIES_REPEAT10_TOTAL_US	11903
LIST_EXALL_40_ENTRIES_FIRST_PASS_US	577
LIST_EXALL_40_ENTRIES_REPEAT10_TOTAL_US	2432
LIST_EXNEXT_400_ENTRIES_FIRST_PASS_US	15744
LIST_EXNEXT_400_ENTRIES_REPEAT10_TOTAL_US	188030
LIST_EXALL_400_ENTRIES_FIRST_PASS_US	2880
LIST_EXALL_400_ENTRIES_REPEAT10_TOTAL_US	20607
LIST_EXNEXT_1000_ENTRIES_FIRST_PASS_US	39743
LIST_EXNEXT_1000_ENTRIES_REPEAT10_TOTAL_US	286398
LIST_EXALL_1000_ENTRIES_FIRST_PASS_US	6528
LIST_EXALL_1000_ENTRIES_REPEAT10_TOTAL_US	49469
PASS	1
PASS: requested mounted-volume workload outputs are complete and data-checked
