=== BFS vs PFS3 Benchmark (FS-UAE 68040) ===
Evidence directory: /home/fabian/.cache/bfs-performance/exact-fastpath-2026-10-09.hdq3J0/build/benchmark/exact-key-normal-20261009-fast-5-bfs-first
Mode: compare
Timeout: 600s


=== Machine Info ===
# Machine Info
Kickstart 47.102, Workbench 47.2
System: 68040 68040/060-FPU   (INST: Cache Burst) (DATA: NoCache NoBurst)
Type  Available    In-Use   Maximum   Largest
chip    2028040     52728   2080768   2027968
fast    7687320    701288   8388608   7682264
total   9715360    754016  10469376   7682264


Mounted disks:
Unit      Size       Used       Free Full Errs   Status   Name
DF0       No disk present
DH0      4095M    4194304    4194303  50%   0  Read/Write System
DH1       255M         36      65372   0%   0  Read/Write BFSTest
DH2       Not a DOS disk

Volumes available:
BFSTest [Mounted]
System [Mounted]

=== BFS Results ===
FS_COMPARE_BENCH	4
DRIVE	DH1:
SMALL_CREATE_40_US	34688
LOOKUP_400_US	75647
SMALL_READ_40_US	25152
LIST_EXNEXT_400_US	30208
LIST_EXALL_400_US	9280
SEQ_WRITE_8M_US	40383
SEQ_READ_8M_US	317885
SMALL_DELETE_40_US	17471
APPEND_4K_1M_US	82239
APPEND_1K_256K_US	63936
APPEND_READ_1280K_US	42623
LIST_EXNEXT_40_ENTRIES_FIRST_PASS_US	6400
LIST_EXNEXT_40_ENTRIES_REPEAT10_TOTAL_US	32575
LIST_EXALL_40_ENTRIES_FIRST_PASS_US	5056
LIST_EXALL_40_ENTRIES_REPEAT10_TOTAL_US	9280
LIST_EXNEXT_400_ENTRIES_FIRST_PASS_US	72704
LIST_EXNEXT_400_ENTRIES_REPEAT10_TOTAL_US	635004
LIST_EXALL_400_ENTRIES_FIRST_PASS_US	35262
LIST_EXALL_400_ENTRIES_REPEAT10_TOTAL_US	432509
LIST_EXNEXT_1000_ENTRIES_FIRST_PASS_US	142591
LIST_EXNEXT_1000_ENTRIES_REPEAT10_TOTAL_US	1537463
LIST_EXALL_1000_ENTRIES_FIRST_PASS_US	93631
LIST_EXALL_1000_ENTRIES_REPEAT10_TOTAL_US	925929
PASS	1

=== PFS3 Results ===
FS_COMPARE_BENCH	4
DRIVE	DH2:
SMALL_CREATE_40_US	17217
LOOKUP_400_US	66623
SMALL_READ_40_US	14526
LIST_EXNEXT_400_US	12223
LIST_EXALL_400_US	2497
SEQ_WRITE_8M_US	42880
SEQ_READ_8M_US	262078
SMALL_DELETE_40_US	8385
APPEND_4K_1M_US	32704
APPEND_1K_256K_US	22657
APPEND_READ_1280K_US	41087
LIST_EXNEXT_40_ENTRIES_FIRST_PASS_US	1726
LIST_EXNEXT_40_ENTRIES_REPEAT10_TOTAL_US	11969
LIST_EXALL_40_ENTRIES_FIRST_PASS_US	575
LIST_EXALL_40_ENTRIES_REPEAT10_TOTAL_US	2496
LIST_EXNEXT_400_ENTRIES_FIRST_PASS_US	12225
LIST_EXNEXT_400_ENTRIES_REPEAT10_TOTAL_US	111231
LIST_EXALL_400_ENTRIES_FIRST_PASS_US	2877
LIST_EXALL_400_ENTRIES_REPEAT10_TOTAL_US	20415
LIST_EXNEXT_1000_ENTRIES_FIRST_PASS_US	30911
LIST_EXNEXT_1000_ENTRIES_REPEAT10_TOTAL_US	280511
LIST_EXALL_1000_ENTRIES_FIRST_PASS_US	7168
LIST_EXALL_1000_ENTRIES_REPEAT10_TOTAL_US	50367
PASS	1
PASS: requested mounted-volume workload outputs are complete and data-checked
