=== BFS vs PFS3 Benchmark (FS-UAE 68040) ===
Evidence directory: /home/fabian/.cache/bfs-performance/writeback-2026-10-10.sKa6aK/results/writeback-6-pfs3-first-reference
Mode: compare
Timeout: 600s


=== Machine Info ===
# Machine Info
Kickstart 47.102, Workbench 47.2
System: 68040 68040/060-FPU   (INST: Cache Burst) (DATA: NoCache NoBurst)
Type  Available    In-Use   Maximum   Largest
chip    2028040     52728   2080768   2027968
fast    7534464    854144   8388608   7529392
total   9562504    906872  10469376   7529392


Mounted disks:
Unit      Size       Used       Free Full Errs   Status   Name
DF0       No disk present
DH0      4095M    4194304    4194303  50%   0  Read/Write System
DH1       255M         36      65372   0%   0  Read/Write BFSTest
DH2       Not a DOS disk

Volumes available:
BFSTest [Mounted]
System [Mounted]

=== BFS Results ===
FS_COMPARE_BENCH	4
DRIVE	DH1:
SMALL_CREATE_40_US	29056
LOOKUP_400_US	59522
SMALL_READ_40_US	18689
LIST_EXNEXT_400_US	28225
LIST_EXALL_400_US	7808
SEQ_WRITE_8M_US	53183
SEQ_READ_8M_US	267647
SMALL_DELETE_40_US	14015
APPEND_4K_1M_US	68479
APPEND_1K_256K_US	56750
APPEND_READ_1280K_US	44993
LIST_EXNEXT_40_ENTRIES_FIRST_PASS_US	4414
LIST_EXNEXT_40_ENTRIES_REPEAT10_TOTAL_US	28974
LIST_EXALL_40_ENTRIES_FIRST_PASS_US	2240
LIST_EXALL_40_ENTRIES_REPEAT10_TOTAL_US	8320
LIST_EXNEXT_400_ENTRIES_FIRST_PASS_US	37248
LIST_EXNEXT_400_ENTRIES_REPEAT10_TOTAL_US	294526
LIST_EXALL_400_ENTRIES_FIRST_PASS_US	15424
LIST_EXALL_400_ENTRIES_REPEAT10_TOTAL_US	76479
LIST_EXNEXT_1000_ENTRIES_FIRST_PASS_US	93696
LIST_EXNEXT_1000_ENTRIES_REPEAT10_TOTAL_US	738556
LIST_EXALL_1000_ENTRIES_FIRST_PASS_US	38272
LIST_EXALL_1000_ENTRIES_REPEAT10_TOTAL_US	190719
PASS	1

=== PFS3 Results ===
FS_COMPARE_BENCH	4
DRIVE	DH2:
SMALL_CREATE_40_US	16694
LOOKUP_400_US	66494
SMALL_READ_40_US	14593
LIST_EXNEXT_400_US	16192
LIST_EXALL_400_US	3903
SEQ_WRITE_8M_US	44481
SEQ_READ_8M_US	258239
SMALL_DELETE_40_US	7808
APPEND_4K_1M_US	32384
APPEND_1K_256K_US	23232
APPEND_READ_1280K_US	41087
LIST_EXNEXT_40_ENTRIES_FIRST_PASS_US	1664
LIST_EXNEXT_40_ENTRIES_REPEAT10_TOTAL_US	12160
LIST_EXALL_40_ENTRIES_FIRST_PASS_US	511
LIST_EXALL_40_ENTRIES_REPEAT10_TOTAL_US	2495
LIST_EXNEXT_400_ENTRIES_FIRST_PASS_US	12287
LIST_EXNEXT_400_ENTRIES_REPEAT10_TOTAL_US	113791
LIST_EXALL_400_ENTRIES_FIRST_PASS_US	2944
LIST_EXALL_400_ENTRIES_REPEAT10_TOTAL_US	20223
LIST_EXNEXT_1000_ENTRIES_FIRST_PASS_US	30016
LIST_EXNEXT_1000_ENTRIES_REPEAT10_TOTAL_US	290622
LIST_EXALL_1000_ENTRIES_FIRST_PASS_US	7425
LIST_EXALL_1000_ENTRIES_REPEAT10_TOTAL_US	50112
PASS	1
PASS: requested mounted-volume workload outputs are complete and data-checked
