=== BFS vs PFS3 Benchmark (FS-UAE 68040) ===
Evidence directory: /home/fabian/.cache/bfs-performance/sparse-crc-2026-10-09.xN615F/candidate/build/benchmark/sparse-normal-20261009-sparse-1-bfs-first
Mode: compare
Timeout: 600s


=== Machine Info ===
# Machine Info
Kickstart 47.102, Workbench 47.2
System: 68040 68040/060-FPU   (INST: Cache Burst) (DATA: NoCache NoBurst)
Type  Available    In-Use   Maximum   Largest
chip    2028040     52728   2080768   2027968
fast    7686824    701784   8388608   7681768
total   9714864    754512  10469376   7681768


Mounted disks:
Unit      Size       Used       Free Full Errs   Status   Name
DF0       No disk present
DH0      4095M    4194304    4194303  50%   0  Read/Write System
DH1       255M         36      65372   0%   0  Read/Write BFSTest
DH2       Not a DOS disk

Volumes available:
BFSTest [Mounted]
System [Mounted]

=== BFS Results ===
FS_COMPARE_BENCH	4
DRIVE	DH1:
SMALL_CREATE_40_US	33408
LOOKUP_400_US	87231
SMALL_READ_40_US	21888
LIST_EXNEXT_400_US	31360
LIST_EXALL_400_US	9025
SEQ_WRITE_8M_US	40446
SEQ_READ_8M_US	264575
SMALL_DELETE_40_US	18048
APPEND_4K_1M_US	81791
APPEND_1K_256K_US	64000
APPEND_READ_1280K_US	43648
LIST_EXNEXT_40_ENTRIES_FIRST_PASS_US	5825
LIST_EXNEXT_40_ENTRIES_REPEAT10_TOTAL_US	44607
LIST_EXALL_40_ENTRIES_FIRST_PASS_US	5120
LIST_EXALL_40_ENTRIES_REPEAT10_TOTAL_US	10368
LIST_EXNEXT_400_ENTRIES_FIRST_PASS_US	56768
LIST_EXNEXT_400_ENTRIES_REPEAT10_TOTAL_US	550780
LIST_EXALL_400_ENTRIES_FIRST_PASS_US	30720
LIST_EXALL_400_ENTRIES_REPEAT10_TOTAL_US	332732
LIST_EXNEXT_1000_ENTRIES_FIRST_PASS_US	161215
LIST_EXNEXT_1000_ENTRIES_REPEAT10_TOTAL_US	1579320
LIST_EXALL_1000_ENTRIES_FIRST_PASS_US	82624
LIST_EXALL_1000_ENTRIES_REPEAT10_TOTAL_US	876218
PASS	1

=== PFS3 Results ===
FS_COMPARE_BENCH	4
DRIVE	DH2:
SMALL_CREATE_40_US	18560
LOOKUP_400_US	71745
SMALL_READ_40_US	14528
LIST_EXNEXT_400_US	12415
LIST_EXALL_400_US	2560
SEQ_WRITE_8M_US	40895
SEQ_READ_8M_US	281407
SMALL_DELETE_40_US	8255
APPEND_4K_1M_US	33151
APPEND_1K_256K_US	23808
APPEND_READ_1280K_US	41540
LIST_EXNEXT_40_ENTRIES_FIRST_PASS_US	1855
LIST_EXNEXT_40_ENTRIES_REPEAT10_TOTAL_US	12415
LIST_EXALL_40_ENTRIES_FIRST_PASS_US	576
LIST_EXALL_40_ENTRIES_REPEAT10_TOTAL_US	2560
LIST_EXNEXT_400_ENTRIES_FIRST_PASS_US	13183
LIST_EXNEXT_400_ENTRIES_REPEAT10_TOTAL_US	113982
LIST_EXALL_400_ENTRIES_FIRST_PASS_US	3647
LIST_EXALL_400_ENTRIES_REPEAT10_TOTAL_US	20607
LIST_EXNEXT_1000_ENTRIES_FIRST_PASS_US	31743
LIST_EXNEXT_1000_ENTRIES_REPEAT10_TOTAL_US	309567
LIST_EXALL_1000_ENTRIES_FIRST_PASS_US	6528
LIST_EXALL_1000_ENTRIES_REPEAT10_TOTAL_US	63681
PASS	1
PASS: requested mounted-volume workload outputs are complete and data-checked
