=== BFS vs PFS3 Benchmark (FS-UAE 68040) ===
Evidence directory: /home/fabian/.cache/bfs-performance/wbbound-2026-10-10.2MoC3f/results/wbbound-2-pfs3-first-reference
Mode: compare
Timeout: 600s


=== Machine Info ===
# Machine Info
Kickstart 47.102, Workbench 47.2
System: 68040 68040/060-FPU   (INST: Cache Burst) (DATA: NoCache NoBurst)
Type  Available    In-Use   Maximum   Largest
chip    2028040     52728   2080768   2027968
fast    7534464    854144   8388608   7529392
total   9562504    906872  10469376   7529392


Mounted disks:
Unit      Size       Used       Free Full Errs   Status   Name
DF0       No disk present
DH0      4095M    4194304    4194303  50%   0  Read/Write System
DH1       255M         36      65372   0%   0  Read/Write BFSTest
DH2       Not a DOS disk

Volumes available:
BFSTest [Mounted]
System [Mounted]

=== BFS Results ===
FS_COMPARE_BENCH	4
DRIVE	DH1:
SMALL_CREATE_40_US	38975
LOOKUP_400_US	85056
SMALL_READ_40_US	19459
LIST_EXNEXT_400_US	38336
LIST_EXALL_400_US	18175
SEQ_WRITE_8M_US	62912
SEQ_READ_8M_US	376061
SMALL_DELETE_40_US	13633
APPEND_4K_1M_US	67199
APPEND_1K_256K_US	56256
APPEND_READ_1280K_US	44223
LIST_EXNEXT_40_ENTRIES_FIRST_PASS_US	4351
LIST_EXNEXT_40_ENTRIES_REPEAT10_TOTAL_US	28543
LIST_EXALL_40_ENTRIES_FIRST_PASS_US	1857
LIST_EXALL_40_ENTRIES_REPEAT10_TOTAL_US	8320
LIST_EXNEXT_400_ENTRIES_FIRST_PASS_US	36288
LIST_EXNEXT_400_ENTRIES_REPEAT10_TOTAL_US	293759
LIST_EXALL_400_ENTRIES_FIRST_PASS_US	16063
LIST_EXALL_400_ENTRIES_REPEAT10_TOTAL_US	76224
LIST_EXNEXT_1000_ENTRIES_FIRST_PASS_US	92160
LIST_EXNEXT_1000_ENTRIES_REPEAT10_TOTAL_US	794364
LIST_EXALL_1000_ENTRIES_FIRST_PASS_US	39870
LIST_EXALL_1000_ENTRIES_REPEAT10_TOTAL_US	200063
PASS	1

=== PFS3 Results ===
FS_COMPARE_BENCH	4
DRIVE	DH2:
SMALL_CREATE_40_US	22592
LOOKUP_400_US	70399
SMALL_READ_40_US	14400
LIST_EXNEXT_400_US	11968
LIST_EXALL_400_US	2560
SEQ_WRITE_8M_US	38404
SEQ_READ_8M_US	259518
SMALL_DELETE_40_US	14399
APPEND_4K_1M_US	50805
APPEND_1K_256K_US	30911
APPEND_READ_1280K_US	47488
LIST_EXNEXT_40_ENTRIES_FIRST_PASS_US	1600
LIST_EXNEXT_40_ENTRIES_REPEAT10_TOTAL_US	11900
LIST_EXALL_40_ENTRIES_FIRST_PASS_US	640
LIST_EXALL_40_ENTRIES_REPEAT10_TOTAL_US	2560
LIST_EXNEXT_400_ENTRIES_FIRST_PASS_US	13632
LIST_EXNEXT_400_ENTRIES_REPEAT10_TOTAL_US	122366
LIST_EXALL_400_ENTRIES_FIRST_PASS_US	3329
LIST_EXALL_400_ENTRIES_REPEAT10_TOTAL_US	20415
LIST_EXNEXT_1000_ENTRIES_FIRST_PASS_US	30719
LIST_EXNEXT_1000_ENTRIES_REPEAT10_TOTAL_US	278782
LIST_EXALL_1000_ENTRIES_FIRST_PASS_US	6400
LIST_EXALL_1000_ENTRIES_REPEAT10_TOTAL_US	71551
PASS	1
PASS: requested mounted-volume workload outputs are complete and data-checked
