=== BFS vs PFS3 Benchmark (FS-UAE 68040) ===
Evidence directory: /home/fabian/.cache/bfs-performance/listing-upgrade-2026-10-08.29qKRc/build/benchmark/leaf-range-durable-20261008-m3-5-bfs-first
Mode: durable-compare
Timeout: 600s


=== Machine Info ===
# Machine Info
Kickstart 47.102, Workbench 47.2
System: 68040 68040/060-FPU   (INST: Cache Burst) (DATA: NoCache NoBurst)
Type  Available    In-Use   Maximum   Largest
chip    2028040     52728   2080768   2027968
fast    7689920    698688   8388608   7684880
total   9717960    751416  10469376   7684880


Mounted disks:
Unit      Size       Used       Free Full Errs   Status   Name
DF0       No disk present
DH0      4095M    4194304    4194303  50%   0  Read/Write System
DH1       255M         36      65372   0%   0  Read/Write BFSTest
DH2       Not a DOS disk

Volumes available:
BFSTest [Mounted]
System [Mounted]

=== BFS Results ===
FS_DURABLE_COMPARE	4
DRIVE	DH1:
SMALL_CREATE_40_US	32960
LOOKUP_400_US	74751
SMALL_READ_40_US	19840
LIST_EXNEXT_400_US	31165
LIST_EXALL_400_US	8512
SEQ_WRITE_8M_US	41023
SEQ_READ_8M_US	264447
SMALL_DELETE_40_US	19840
APPEND_4K_1M_US	74176
APPEND_1K_256K_US	62176
APPEND_READ_1280K_US	44033
LIST_EXNEXT_40_ENTRIES_FIRST_PASS_US	6144
LIST_EXNEXT_40_ENTRIES_REPEAT10_TOTAL_US	31551
LIST_EXALL_40_ENTRIES_FIRST_PASS_US	3968
LIST_EXALL_40_ENTRIES_REPEAT10_TOTAL_US	9152
LIST_EXNEXT_400_ENTRIES_FIRST_PASS_US	70464
LIST_EXNEXT_400_ENTRIES_REPEAT10_TOTAL_US	685499
LIST_EXALL_400_ENTRIES_FIRST_PASS_US	41408
LIST_EXALL_400_ENTRIES_REPEAT10_TOTAL_US	431680
LIST_EXNEXT_1000_ENTRIES_FIRST_PASS_US	199935
LIST_EXNEXT_1000_ENTRIES_REPEAT10_TOTAL_US	1671606
LIST_EXALL_1000_ENTRIES_FIRST_PASS_US	98815
LIST_EXALL_1000_ENTRIES_REPEAT10_TOTAL_US	1144890
PASS	1

=== PFS3 Results ===
FS_DURABLE_COMPARE	4
DRIVE	DH2:
SMALL_CREATE_40_US	18625
LOOKUP_400_US	71808
SMALL_READ_40_US	14528
LIST_EXNEXT_400_US	12352
LIST_EXALL_400_US	2497
SEQ_WRITE_8M_US	40705
SEQ_READ_8M_US	261887
SMALL_DELETE_40_US	10048
APPEND_4K_1M_US	33343
APPEND_1K_256K_US	28480
APPEND_READ_1280K_US	40896
LIST_EXNEXT_40_ENTRIES_FIRST_PASS_US	1600
LIST_EXNEXT_40_ENTRIES_REPEAT10_TOTAL_US	12478
LIST_EXALL_40_ENTRIES_FIRST_PASS_US	640
LIST_EXALL_40_ENTRIES_REPEAT10_TOTAL_US	2560
LIST_EXNEXT_400_ENTRIES_FIRST_PASS_US	13503
LIST_EXNEXT_400_ENTRIES_REPEAT10_TOTAL_US	123391
LIST_EXALL_400_ENTRIES_FIRST_PASS_US	2880
LIST_EXALL_400_ENTRIES_REPEAT10_TOTAL_US	20544
LIST_EXNEXT_1000_ENTRIES_FIRST_PASS_US	33471
LIST_EXNEXT_1000_ENTRIES_REPEAT10_TOTAL_US	299774
LIST_EXALL_1000_ENTRIES_FIRST_PASS_US	6400
LIST_EXALL_1000_ENTRIES_REPEAT10_TOTAL_US	50623
PASS	1
PASS: requested mounted-volume workload outputs are complete and data-checked
