f3b593adb3f377d4ce755f4d08c6e378fb7bb4d0d41fdad2d86a900280ab783c  build/amiga-sf-probe10/bfshandler
2154d5ad95fc6519bf85d3e1df9db3ac1247ea4d41499e7e79cda11875e17371  build/amiga-sf-probe10/bfshandler-probe
afc186975cf6a21d0095e2e0659a4f7e7cd80bc8c863ea89a9ab760f58b26f9d  build/amiga-sf-probe10/fs-compare-bench
0f87a0638791a4a2371083339ed014d4d6659dc85a2270bd993f9df1ddf13cc6  build/benchmark/noop-fixed-formatter
bc72facfdddf32e312ed3ea136849da195f2a2300f179e69599b853fe8974df7  build/benchmark/retained-final-deep/system/L/pfs3aio
65e226b5f1be536ef3c276f80ce71673b9f0c6903081cb6d9695f24aee2430b4  src/core/alloc.c
a480a445c5c325adc53b5755b6f6d37e092ef37abfe6417d6c9fd594bda06872  src/core/txn.c
4343f11eae40c2c75b38af47b6bbbbe6151742e1f50c63ce0cda535d69607b27  src/core/fs.c
695e1dd16f43d0b934536d7fa44028ae0f2d4cefcdacc82b2a66e704c63d71fb  src/core/extent.c
d759a65f9c82bd47258ec81284e3c735202f91ed3d4e475d976862e023e262b4  src/core/fsck.c
a87c345bc43be0828a9cb1aa8761a03703adade67163ba05adb01890e26e4623  src/core/superblock.c
214f75201011449c2fa5f4a3e8247881fc9e441b46e06eb47c333f639b9333e9  include/bfs_alloc.h
e4e7e62fde5cfb9514ec8697fb371c38dbfc01671ff311b67dcfd7cbf08d1edd  include/bfs_txn.h
6b2498611fb46c95bedd785328ef626f165577ce11a86cec10622fe47d52a0bd  include/bfs_ondisk.h
037a0df43406ca62058deb8606ff50725e14acf45205f298e736010f2d6e5d95  src/amiga/perf_probe.h
d6b54ce87b0b7ec3813569adb3590b48b2cc1f35c2fe667bb2b7c19b6e628a6b  tools/fs-compare-bench.c
f7cc22a35d9d30a0eb73edf42cb0e4f7b6efc38981999b5f3c69f7031c9f524c  tests/test_txn_sealed_preflight.c
27e77b9f83dc5a1e1eed82beb7a9d3be95d4b7e62121377a67a1d51c58b3b516  tests/test_txn_sealed_persistence.c
333bcac21a52895f9ad6c1d3366daa1a5ce61bbfeedf575a61520fcac2681796  tests/test_txn_sealed_convergence.c
031b76eacf998a52e249cbfcea15ae20253c74e0243174de8951fc879a22ced9  build/benchmark/sf-cachy-baseline-bfs-first/system/L/bfshandler
9d27f056499ebf049449a663bf7a42a6d55a1060147f80640c2ab46ce45072da  build/benchmark/sf-cachy-baseline-bfs-first/system/C/fs-compare-bench
b974f66cda5d143154883979272ed50c2f2fd39536ba18bc48ab0f0c52fca3bd  build/benchmark/sf-cachy-baseline-deep/system/L/bfshandler
9d27f056499ebf049449a663bf7a42a6d55a1060147f80640c2ab46ce45072da  build/benchmark/sf-cachy-baseline-deep/system/C/fs-compare-bench
031b76eacf998a52e249cbfcea15ae20253c74e0243174de8951fc879a22ced9  build/benchmark/sf-cachy-baseline-pfs3-first/system/L/bfshandler
9d27f056499ebf049449a663bf7a42a6d55a1060147f80640c2ab46ce45072da  build/benchmark/sf-cachy-baseline-pfs3-first/system/C/fs-compare-bench
f3b593adb3f377d4ce755f4d08c6e378fb7bb4d0d41fdad2d86a900280ab783c  build/benchmark/sf-cachy-candidate-bfs-first/system/L/bfshandler
9d27f056499ebf049449a663bf7a42a6d55a1060147f80640c2ab46ce45072da  build/benchmark/sf-cachy-candidate-bfs-first/system/C/fs-compare-bench
0f64c4448d84a38af1a8c7658428037d4b11d3559144113eddb5e44f84a1629c  build/benchmark/sf-cachy-candidate-deep/system/L/bfshandler
9d27f056499ebf049449a663bf7a42a6d55a1060147f80640c2ab46ce45072da  build/benchmark/sf-cachy-candidate-deep/system/C/fs-compare-bench
2154d5ad95fc6519bf85d3e1df9db3ac1247ea4d41499e7e79cda11875e17371  build/benchmark/sf-cachy-candidate-deep-v9/system/L/bfshandler
afc186975cf6a21d0095e2e0659a4f7e7cd80bc8c863ea89a9ab760f58b26f9d  build/benchmark/sf-cachy-candidate-deep-v9/system/C/fs-compare-bench
f3b593adb3f377d4ce755f4d08c6e378fb7bb4d0d41fdad2d86a900280ab783c  build/benchmark/sf-cachy-candidate-pfs3-first/system/L/bfshandler
9d27f056499ebf049449a663bf7a42a6d55a1060147f80640c2ab46ce45072da  build/benchmark/sf-cachy-candidate-pfs3-first/system/C/fs-compare-bench
031b76eacf998a52e249cbfcea15ae20253c74e0243174de8951fc879a22ced9  build/benchmark/sf-cachy-repeat-baseline-bfs-first/system/L/bfshandler
9d27f056499ebf049449a663bf7a42a6d55a1060147f80640c2ab46ce45072da  build/benchmark/sf-cachy-repeat-baseline-bfs-first/system/C/fs-compare-bench
031b76eacf998a52e249cbfcea15ae20253c74e0243174de8951fc879a22ced9  build/benchmark/sf-cachy-repeat-baseline-pfs3-first/system/L/bfshandler
9d27f056499ebf049449a663bf7a42a6d55a1060147f80640c2ab46ce45072da  build/benchmark/sf-cachy-repeat-baseline-pfs3-first/system/C/fs-compare-bench
f3b593adb3f377d4ce755f4d08c6e378fb7bb4d0d41fdad2d86a900280ab783c  build/benchmark/sf-cachy-repeat-candidate-bfs-first/system/L/bfshandler
9d27f056499ebf049449a663bf7a42a6d55a1060147f80640c2ab46ce45072da  build/benchmark/sf-cachy-repeat-candidate-bfs-first/system/C/fs-compare-bench
f3b593adb3f377d4ce755f4d08c6e378fb7bb4d0d41fdad2d86a900280ab783c  build/benchmark/sf-cachy-repeat-candidate-pfs3-first/system/L/bfshandler
9d27f056499ebf049449a663bf7a42a6d55a1060147f80640c2ab46ce45072da  build/benchmark/sf-cachy-repeat-candidate-pfs3-first/system/C/fs-compare-bench
