=== BFS vs PFS3 Benchmark (FS-UAE 68040) ===
Evidence directory: /home/fabian/.cache/bfs-performance/sparse-crc-2026-10-09.xN615F/candidate/build/benchmark/sparse-durable-20261009-sparse-4-pfs3-first
Mode: durable-compare
Timeout: 600s


=== Machine Info ===
# Machine Info
Kickstart 47.102, Workbench 47.2
System: 68040 68040/060-FPU   (INST: Cache Burst) (DATA: NoCache NoBurst)
Type  Available    In-Use   Maximum   Largest
chip    2028040     52728   2080768   2027968
fast    7686824    701784   8388608   7681768
total   9714864    754512  10469376   7681768


Mounted disks:
Unit      Size       Used       Free Full Errs   Status   Name
DF0       No disk present
DH0      4095M    4194304    4194303  50%   0  Read/Write System
DH1       255M         36      65372   0%   0  Read/Write BFSTest
DH2       Not a DOS disk

Volumes available:
BFSTest [Mounted]
System [Mounted]

=== BFS Results ===
FS_DURABLE_COMPARE	4
DRIVE	DH1:
SMALL_CREATE_40_US	72221
LOOKUP_400_US	89664
SMALL_READ_40_US	38273
LIST_EXNEXT_400_US	37377
LIST_EXALL_400_US	9025
SEQ_WRITE_8M_US	42943
SEQ_READ_8M_US	274029
SMALL_DELETE_40_US	20480
APPEND_4K_1M_US	78208
APPEND_1K_256K_US	64319
APPEND_READ_1280K_US	44288
LIST_EXNEXT_40_ENTRIES_FIRST_PASS_US	5671
LIST_EXNEXT_40_ENTRIES_REPEAT10_TOTAL_US	31680
LIST_EXALL_40_ENTRIES_FIRST_PASS_US	4480
LIST_EXALL_40_ENTRIES_REPEAT10_TOTAL_US	9601
LIST_EXNEXT_400_ENTRIES_FIRST_PASS_US	54848
LIST_EXNEXT_400_ENTRIES_REPEAT10_TOTAL_US	580734
LIST_EXALL_400_ENTRIES_FIRST_PASS_US	33471
LIST_EXALL_400_ENTRIES_REPEAT10_TOTAL_US	314687
LIST_EXNEXT_1000_ENTRIES_FIRST_PASS_US	140542
LIST_EXNEXT_1000_ENTRIES_REPEAT10_TOTAL_US	1481655
LIST_EXALL_1000_ENTRIES_FIRST_PASS_US	81472
LIST_EXALL_1000_ENTRIES_REPEAT10_TOTAL_US	889019
PASS	1

=== PFS3 Results ===
FS_DURABLE_COMPARE	4
DRIVE	DH2:
SMALL_CREATE_40_US	18688
LOOKUP_400_US	70912
SMALL_READ_40_US	14784
LIST_EXNEXT_400_US	15936
LIST_EXALL_400_US	2560
SEQ_WRITE_8M_US	62463
SEQ_READ_8M_US	309118
SMALL_DELETE_40_US	9408
APPEND_4K_1M_US	35712
APPEND_1K_256K_US	24448
APPEND_READ_1280K_US	45248
LIST_EXNEXT_40_ENTRIES_FIRST_PASS_US	1600
LIST_EXNEXT_40_ENTRIES_REPEAT10_TOTAL_US	12031
LIST_EXALL_40_ENTRIES_FIRST_PASS_US	640
LIST_EXALL_40_ENTRIES_REPEAT10_TOTAL_US	2817
LIST_EXNEXT_400_ENTRIES_FIRST_PASS_US	13017
LIST_EXNEXT_400_ENTRIES_REPEAT10_TOTAL_US	115454
LIST_EXALL_400_ENTRIES_FIRST_PASS_US	2816
LIST_EXALL_400_ENTRIES_REPEAT10_TOTAL_US	20479
LIST_EXNEXT_1000_ENTRIES_FIRST_PASS_US	32640
LIST_EXNEXT_1000_ENTRIES_REPEAT10_TOTAL_US	303166
LIST_EXALL_1000_ENTRIES_FIRST_PASS_US	6398
LIST_EXALL_1000_ENTRIES_REPEAT10_TOTAL_US	55743
PASS	1
PASS: requested mounted-volume workload outputs are complete and data-checked
