snapdog-runner
START 1 prodcodegen-1-bfs-first-base 2026-10-10T09:59:30Z
PASS 1 prodcodegen-1-bfs-first-base 2026-10-10T10:00:05Z
START 2 prodcodegen-1-bfs-first-candidate 2026-10-10T10:00:05Z
PASS 2 prodcodegen-1-bfs-first-candidate 2026-10-10T10:00:41Z
START 3 prodcodegen-1-bfs-first-release040 2026-10-10T10:00:41Z
PASS 3 prodcodegen-1-bfs-first-release040 2026-10-10T10:01:18Z
START 4 prodcodegen-2-pfs3-first-candidate 2026-10-10T10:01:18Z
PASS 4 prodcodegen-2-pfs3-first-candidate 2026-10-10T10:01:54Z
START 5 prodcodegen-2-pfs3-first-release040 2026-10-10T10:01:54Z
PASS 5 prodcodegen-2-pfs3-first-release040 2026-10-10T10:02:30Z
START 6 prodcodegen-2-pfs3-first-base 2026-10-10T10:02:30Z
PASS 6 prodcodegen-2-pfs3-first-base 2026-10-10T10:03:06Z
START 7 prodcodegen-3-bfs-first-release040 2026-10-10T10:03:06Z
PASS 7 prodcodegen-3-bfs-first-release040 2026-10-10T10:03:42Z
START 8 prodcodegen-3-bfs-first-base 2026-10-10T10:03:43Z
PASS 8 prodcodegen-3-bfs-first-base 2026-10-10T10:04:18Z
START 9 prodcodegen-3-bfs-first-candidate 2026-10-10T10:04:18Z
PASS 9 prodcodegen-3-bfs-first-candidate 2026-10-10T10:04:54Z
START 10 prodcodegen-4-pfs3-first-base 2026-10-10T10:04:54Z
PASS 10 prodcodegen-4-pfs3-first-base 2026-10-10T10:05:30Z
START 11 prodcodegen-4-pfs3-first-candidate 2026-10-10T10:05:30Z
PASS 11 prodcodegen-4-pfs3-first-candidate 2026-10-10T10:06:06Z
START 12 prodcodegen-4-pfs3-first-release040 2026-10-10T10:06:06Z
PASS 12 prodcodegen-4-pfs3-first-release040 2026-10-10T10:06:42Z
START 13 prodcodegen-5-bfs-first-candidate 2026-10-10T10:06:43Z
PASS 13 prodcodegen-5-bfs-first-candidate 2026-10-10T10:07:18Z
START 14 prodcodegen-5-bfs-first-release040 2026-10-10T10:07:18Z
PASS 14 prodcodegen-5-bfs-first-release040 2026-10-10T10:07:55Z
START 15 prodcodegen-5-bfs-first-base 2026-10-10T10:07:55Z
PASS 15 prodcodegen-5-bfs-first-base 2026-10-10T10:08:31Z
START 16 prodcodegen-6-pfs3-first-release040 2026-10-10T10:08:31Z
PASS 16 prodcodegen-6-pfs3-first-release040 2026-10-10T10:09:07Z
START 17 prodcodegen-6-pfs3-first-base 2026-10-10T10:09:07Z
PASS 17 prodcodegen-6-pfs3-first-base 2026-10-10T10:09:43Z
START 18 prodcodegen-6-pfs3-first-candidate 2026-10-10T10:09:43Z
PASS 18 prodcodegen-6-pfs3-first-candidate 2026-10-10T10:10:19Z
START 19 prodcodegen-7-bfs-first-base 2026-10-10T10:10:19Z
PASS 19 prodcodegen-7-bfs-first-base 2026-10-10T10:10:54Z
START 20 prodcodegen-7-bfs-first-candidate 2026-10-10T10:10:55Z
PASS 20 prodcodegen-7-bfs-first-candidate 2026-10-10T10:11:30Z
START 21 prodcodegen-7-bfs-first-release040 2026-10-10T10:11:30Z
PASS 21 prodcodegen-7-bfs-first-release040 2026-10-10T10:12:07Z
START 22 prodcodegen-8-pfs3-first-candidate 2026-10-10T10:12:07Z
PASS 22 prodcodegen-8-pfs3-first-candidate 2026-10-10T10:12:43Z
START 23 prodcodegen-8-pfs3-first-release040 2026-10-10T10:12:43Z
PASS 23 prodcodegen-8-pfs3-first-release040 2026-10-10T10:13:20Z
START 24 prodcodegen-8-pfs3-first-base 2026-10-10T10:13:20Z
PASS 24 prodcodegen-8-pfs3-first-base 2026-10-10T10:13:56Z
PRODCODEGEN_PILOT_COMPLETE 24 2026-10-10T10:13:56Z
snapdog-runner
RESTORE_COMPLETE status=0 2026-10-10T10:13:58Z
