=== BFS vs PFS3 Benchmark (FS-UAE 68040) ===
Evidence directory: /home/fabian/.cache/bfs-performance/metadata-2026-10-08.QvzB5w/build/benchmark/metadata-m2-pilot-c2-20261008-m1b-2-pfs3-first
Mode: compare
Timeout: 600s


=== Machine Info ===
# Machine Info
Kickstart 47.102, Workbench 47.2
System: 68040 68040/060-FPU   (INST: Cache Burst) (DATA: NoCache NoBurst)
Type  Available    In-Use   Maximum   Largest
chip    2028040     52728   2080768   2027968
fast    7694024    694584   8388608   7688952
total   9722064    747312  10469376   7688952


Mounted disks:
Unit      Size       Used       Free Full Errs   Status   Name
DF0       No disk present
DH0      4095M    4194304    4194303  50%   0  Read/Write System
DH1       255M         36      65372   0%   0  Read/Write BFSTest
DH2       Not a DOS disk

Volumes available:
BFSTest [Mounted]
System [Mounted]

=== BFS Results ===
FS_COMPARE_BENCH	3
DRIVE	DH1:
SMALL_CREATE_40_US	28496
LOOKUP_400_US	74175
SMALL_READ_40_US	19647
LIST_EXNEXT_400_US	32063
LIST_EXALL_400_US	9023
SEQ_WRITE_8M_US	36606
SEQ_READ_8M_US	323327
SMALL_DELETE_40_US	16831
APPEND_4K_1M_US	79296
APPEND_1K_256K_US	63360
APPEND_READ_1280K_US	44478
PASS	1

=== PFS3 Results ===
FS_COMPARE_BENCH	3
DRIVE	DH2:
SMALL_CREATE_40_US	16769
LOOKUP_400_US	66817
SMALL_READ_40_US	14080
LIST_EXNEXT_400_US	11904
LIST_EXALL_400_US	2880
SEQ_WRITE_8M_US	40448
SEQ_READ_8M_US	261758
SMALL_DELETE_40_US	7872
APPEND_4K_1M_US	32513
APPEND_1K_256K_US	23231
APPEND_READ_1280K_US	41408
PASS	1
PASS: requested mounted-volume workload outputs are complete and data-checked
