=== BFS vs PFS3 Benchmark (FS-UAE 68040) ===
Evidence directory: /home/fabian/.cache/bfs-performance/scan-policy-2026-10-09.YjMjvA/candidate/build/benchmark/scan-pilot-normal-20261009-cold-1-bfs-first
Mode: compare
Timeout: 600s


=== Machine Info ===
# Machine Info
Kickstart 47.102, Workbench 47.2
System: 68040 68040/060-FPU   (INST: Cache Burst) (DATA: NoCache NoBurst)
Type  Available    In-Use   Maximum   Largest
chip    2028040     52728   2080768   2027968
fast    7687080    701528   8388608   7682016
total   9715120    754256  10469376   7682016


Mounted disks:
Unit      Size       Used       Free Full Errs   Status   Name
DF0       No disk present
DH0      4095M    4194304    4194303  50%   0  Read/Write System
DH1       255M         36      65372   0%   0  Read/Write BFSTest
DH2       Not a DOS disk

Volumes available:
BFSTest [Mounted]
System [Mounted]

=== BFS Results ===
FS_COMPARE_BENCH	4
DRIVE	DH1:
SMALL_CREATE_40_US	56768
LOOKUP_400_US	83520
SMALL_READ_40_US	20991
LIST_EXNEXT_400_US	35072
LIST_EXALL_400_US	9215
SEQ_WRITE_8M_US	51903
SEQ_READ_8M_US	339389
SMALL_DELETE_40_US	17920
APPEND_4K_1M_US	97406
APPEND_1K_256K_US	62720
APPEND_READ_1280K_US	61888
LIST_EXNEXT_40_ENTRIES_FIRST_PASS_US	6655
LIST_EXNEXT_40_ENTRIES_REPEAT10_TOTAL_US	55168
LIST_EXALL_40_ENTRIES_FIRST_PASS_US	4800
LIST_EXALL_40_ENTRIES_REPEAT10_TOTAL_US	29697
LIST_EXNEXT_400_ENTRIES_FIRST_PASS_US	68800
LIST_EXNEXT_400_ENTRIES_REPEAT10_TOTAL_US	510654
LIST_EXALL_400_ENTRIES_FIRST_PASS_US	36671
LIST_EXALL_400_ENTRIES_REPEAT10_TOTAL_US	306048
LIST_EXNEXT_1000_ENTRIES_FIRST_PASS_US	166336
LIST_EXNEXT_1000_ENTRIES_REPEAT10_TOTAL_US	1821047
LIST_EXALL_1000_ENTRIES_FIRST_PASS_US	142527
LIST_EXALL_1000_ENTRIES_REPEAT10_TOTAL_US	938108
PASS	1

=== PFS3 Results ===
FS_COMPARE_BENCH	4
DRIVE	DH2:
SMALL_CREATE_40_US	17152
LOOKUP_400_US	66624
SMALL_READ_40_US	13632
LIST_EXNEXT_400_US	12097
LIST_EXALL_400_US	2944
SEQ_WRITE_8M_US	41407
SEQ_READ_8M_US	268030
SMALL_DELETE_40_US	7874
APPEND_4K_1M_US	34119
APPEND_1K_256K_US	24257
APPEND_READ_1280K_US	43072
LIST_EXNEXT_40_ENTRIES_FIRST_PASS_US	1663
LIST_EXNEXT_40_ENTRIES_REPEAT10_TOTAL_US	12608
LIST_EXALL_40_ENTRIES_FIRST_PASS_US	1473
LIST_EXALL_40_ENTRIES_REPEAT10_TOTAL_US	2497
LIST_EXNEXT_400_ENTRIES_FIRST_PASS_US	13377
LIST_EXNEXT_400_ENTRIES_REPEAT10_TOTAL_US	115389
LIST_EXALL_400_ENTRIES_FIRST_PASS_US	2690
LIST_EXALL_400_ENTRIES_REPEAT10_TOTAL_US	20480
LIST_EXNEXT_1000_ENTRIES_FIRST_PASS_US	31423
LIST_EXNEXT_1000_ENTRIES_REPEAT10_TOTAL_US	286078
LIST_EXALL_1000_ENTRIES_FIRST_PASS_US	6400
LIST_EXALL_1000_ENTRIES_REPEAT10_TOTAL_US	51968
PASS	1
PASS: requested mounted-volume workload outputs are complete and data-checked
