=== BFS vs PFS3 Benchmark (FS-UAE 68040) ===
Evidence directory: /home/fabian/.cache/bfs-performance/metabound-2026-10-10.kPl0jg/results/metabound-2-pfs3-first-bound
Mode: compare
Timeout: 600s


=== Machine Info ===
# Machine Info
Kickstart 47.102, Workbench 47.2
System: 68040 68040/060-FPU   (INST: Cache Burst) (DATA: NoCache NoBurst)
Type  Available    In-Use   Maximum   Largest
chip    2028040     52728   2080768   2027968
fast    7534792    853816   8388608   7529704
total   9562832    906544  10469376   7529704


Mounted disks:
Unit      Size       Used       Free Full Errs   Status   Name
DF0       No disk present
DH0      4095M    4194304    4194303  50%   0  Read/Write System
DH1       255M         36      65372   0%   0  Read/Write BFSTest
DH2       Not a DOS disk

Volumes available:
BFSTest [Mounted]
System [Mounted]

=== BFS Results ===
FS_COMPARE_BENCH	4
DRIVE	DH1:
SMALL_CREATE_40_US	29248
LOOKUP_400_US	59648
SMALL_READ_40_US	17025
LIST_EXNEXT_400_US	25728
LIST_EXALL_400_US	7232
SEQ_WRITE_8M_US	45567
SEQ_READ_8M_US	311423
SMALL_DELETE_40_US	13631
APPEND_4K_1M_US	68737
APPEND_1K_256K_US	68608
APPEND_READ_1280K_US	46848
LIST_EXNEXT_40_ENTRIES_FIRST_PASS_US	3392
LIST_EXNEXT_40_ENTRIES_REPEAT10_TOTAL_US	23359
LIST_EXALL_40_ENTRIES_FIRST_PASS_US	1215
LIST_EXALL_40_ENTRIES_REPEAT10_TOTAL_US	5311
LIST_EXNEXT_400_ENTRIES_FIRST_PASS_US	26432
LIST_EXNEXT_400_ENTRIES_REPEAT10_TOTAL_US	226879
LIST_EXALL_400_ENTRIES_FIRST_PASS_US	10048
LIST_EXALL_400_ENTRIES_REPEAT10_TOTAL_US	48703
LIST_EXNEXT_1000_ENTRIES_FIRST_PASS_US	66047
LIST_EXNEXT_1000_ENTRIES_REPEAT10_TOTAL_US	548028
LIST_EXALL_1000_ENTRIES_FIRST_PASS_US	21824
LIST_EXALL_1000_ENTRIES_REPEAT10_TOTAL_US	118591
PASS	1

=== PFS3 Results ===
FS_COMPARE_BENCH	4
DRIVE	DH2:
SMALL_CREATE_40_US	17280
LOOKUP_400_US	65343
SMALL_READ_40_US	14528
LIST_EXNEXT_400_US	11776
LIST_EXALL_400_US	3009
SEQ_WRITE_8M_US	50414
SEQ_READ_8M_US	258878
SMALL_DELETE_40_US	7807
APPEND_4K_1M_US	32831
APPEND_1K_256K_US	23615
APPEND_READ_1280K_US	41088
LIST_EXNEXT_40_ENTRIES_FIRST_PASS_US	1471
LIST_EXNEXT_40_ENTRIES_REPEAT10_TOTAL_US	12097
LIST_EXALL_40_ENTRIES_FIRST_PASS_US	512
LIST_EXALL_40_ENTRIES_REPEAT10_TOTAL_US	2432
LIST_EXNEXT_400_ENTRIES_FIRST_PASS_US	12671
LIST_EXNEXT_400_ENTRIES_REPEAT10_TOTAL_US	110913
LIST_EXALL_400_ENTRIES_FIRST_PASS_US	3649
LIST_EXALL_400_ENTRIES_REPEAT10_TOTAL_US	20525
LIST_EXNEXT_1000_ENTRIES_FIRST_PASS_US	39360
LIST_EXNEXT_1000_ENTRIES_REPEAT10_TOTAL_US	285310
LIST_EXALL_1000_ENTRIES_FIRST_PASS_US	6271
LIST_EXALL_1000_ENTRIES_REPEAT10_TOTAL_US	50366
PASS	1
PASS: requested mounted-volume workload outputs are complete and data-checked
