=== BFS vs PFS3 Benchmark (FS-UAE 68040) ===
Evidence directory: /home/fabian/.cache/bfs-performance/append-attr2-2026-10-10.xibtLq/results/append2-prod-8-pfs3-first-mid
Mode: compare
Timeout: 600s


=== Machine Info ===
# Machine Info
Kickstart 47.102, Workbench 47.2
System: 68040 68040/060-FPU   (INST: Cache Burst) (DATA: NoCache NoBurst)
Type  Available    In-Use   Maximum   Largest
chip    2028040     52728   2080768   2027968
fast    7532072    856536   8388608   7526984
total   9560112    909264  10469376   7526984


Mounted disks:
Unit      Size       Used       Free Full Errs   Status   Name
DF0       No disk present
DH0      4095M    4194304    4194303  50%   0  Read/Write System
DH1       255M         36      65372   0%   0  Read/Write BFSTest
DH2       Not a DOS disk

Volumes available:
BFSTest [Mounted]
System [Mounted]

=== BFS Results ===
FS_COMPARE_BENCH	4
DRIVE	DH1:
SMALL_CREATE_40_US	31937
LOOKUP_400_US	59198
SMALL_READ_40_US	17792
LIST_EXNEXT_400_US	27456
LIST_EXALL_400_US	7807
SEQ_WRITE_8M_US	33024
SEQ_READ_8M_US	268734
SMALL_DELETE_40_US	13568
APPEND_4K_1M_US	55745
APPEND_1K_256K_US	45633
APPEND_READ_1280K_US	43457
LIST_EXNEXT_40_ENTRIES_FIRST_PASS_US	4393
LIST_EXNEXT_40_ENTRIES_REPEAT10_TOTAL_US	28735
LIST_EXALL_40_ENTRIES_FIRST_PASS_US	1792
LIST_EXALL_40_ENTRIES_REPEAT10_TOTAL_US	8447
LIST_EXNEXT_400_ENTRIES_FIRST_PASS_US	36478
LIST_EXNEXT_400_ENTRIES_REPEAT10_TOTAL_US	282686
LIST_EXALL_400_ENTRIES_FIRST_PASS_US	15680
LIST_EXALL_400_ENTRIES_REPEAT10_TOTAL_US	78401
LIST_EXNEXT_1000_ENTRIES_FIRST_PASS_US	90368
LIST_EXNEXT_1000_ENTRIES_REPEAT10_TOTAL_US	720765
LIST_EXALL_1000_ENTRIES_FIRST_PASS_US	38656
LIST_EXALL_1000_ENTRIES_REPEAT10_TOTAL_US	197887
PASS	1

=== PFS3 Results ===
FS_COMPARE_BENCH	4
DRIVE	DH2:
SMALL_CREATE_40_US	15680
LOOKUP_400_US	66239
SMALL_READ_40_US	13440
LIST_EXNEXT_400_US	12031
LIST_EXALL_400_US	2686
SEQ_WRITE_8M_US	46913
SEQ_READ_8M_US	260788
SMALL_DELETE_40_US	7873
APPEND_4K_1M_US	31743
APPEND_1K_256K_US	23553
APPEND_READ_1280K_US	40704
LIST_EXNEXT_40_ENTRIES_FIRST_PASS_US	1536
LIST_EXNEXT_40_ENTRIES_REPEAT10_TOTAL_US	12031
LIST_EXALL_40_ENTRIES_FIRST_PASS_US	575
LIST_EXALL_40_ENTRIES_REPEAT10_TOTAL_US	2496
LIST_EXNEXT_400_ENTRIES_FIRST_PASS_US	12544
LIST_EXNEXT_400_ENTRIES_REPEAT10_TOTAL_US	113087
LIST_EXALL_400_ENTRIES_FIRST_PASS_US	2688
LIST_EXALL_400_ENTRIES_REPEAT10_TOTAL_US	20158
LIST_EXNEXT_1000_ENTRIES_FIRST_PASS_US	30591
LIST_EXNEXT_1000_ENTRIES_REPEAT10_TOTAL_US	290282
LIST_EXALL_1000_ENTRIES_FIRST_PASS_US	6336
LIST_EXALL_1000_ENTRIES_REPEAT10_TOTAL_US	50175
PASS	1
PASS: requested mounted-volume workload outputs are complete and data-checked
