=== BFS vs PFS3 Benchmark (FS-UAE 68040) ===
Evidence directory: /home/fabian/.cache/bfs-performance/splitbatch-2026-10-10.USYRpP/results/splitbatch-3-bfs-first-split
Mode: compare
Timeout: 600s


=== Machine Info ===
# Machine Info
Kickstart 47.102, Workbench 47.2
System: 68040 68040/060-FPU   (INST: Cache Burst) (DATA: NoCache NoBurst)
Type  Available    In-Use   Maximum   Largest
chip    2028040     52728   2080768   2027968
fast    7531224    857384   8388608   7526160
total   9559264    910112  10469376   7526160


Mounted disks:
Unit      Size       Used       Free Full Errs   Status   Name
DF0       No disk present
DH0      4095M    4194304    4194303  50%   0  Read/Write System
DH1       255M         36      65372   0%   0  Read/Write BFSTest
DH2       Not a DOS disk

Volumes available:
BFSTest [Mounted]
System [Mounted]

=== BFS Results ===
FS_COMPARE_BENCH	4
DRIVE	DH1:
SMALL_CREATE_40_US	52737
LOOKUP_400_US	123887
SMALL_READ_40_US	18816
LIST_EXNEXT_400_US	19968
LIST_EXALL_400_US	7680
SEQ_WRITE_8M_US	28800
SEQ_READ_8M_US	262015
SMALL_DELETE_40_US	14145
APPEND_4K_1M_US	54080
APPEND_1K_256K_US	52479
APPEND_READ_1280K_US	44416
LIST_EXNEXT_40_ENTRIES_FIRST_PASS_US	3200
LIST_EXNEXT_40_ENTRIES_REPEAT10_TOTAL_US	21825
LIST_EXALL_40_ENTRIES_FIRST_PASS_US	1920
LIST_EXALL_40_ENTRIES_REPEAT10_TOTAL_US	8769
LIST_EXNEXT_400_ENTRIES_FIRST_PASS_US	29696
LIST_EXNEXT_400_ENTRIES_REPEAT10_TOTAL_US	223359
LIST_EXALL_400_ENTRIES_FIRST_PASS_US	15423
LIST_EXALL_400_ENTRIES_REPEAT10_TOTAL_US	76224
LIST_EXNEXT_1000_ENTRIES_FIRST_PASS_US	71487
LIST_EXNEXT_1000_ENTRIES_REPEAT10_TOTAL_US	541437
LIST_EXALL_1000_ENTRIES_FIRST_PASS_US	36800
LIST_EXALL_1000_ENTRIES_REPEAT10_TOTAL_US	202110
PASS	1

=== PFS3 Results ===
FS_COMPARE_BENCH	4
DRIVE	DH2:
SMALL_CREATE_40_US	17600
LOOKUP_400_US	66878
SMALL_READ_40_US	14720
LIST_EXNEXT_400_US	12544
LIST_EXALL_400_US	2496
SEQ_WRITE_8M_US	41791
SEQ_READ_8M_US	274751
SMALL_DELETE_40_US	8000
APPEND_4K_1M_US	32960
APPEND_1K_256K_US	23167
APPEND_READ_1280K_US	41151
LIST_EXNEXT_40_ENTRIES_FIRST_PASS_US	1536
LIST_EXNEXT_40_ENTRIES_REPEAT10_TOTAL_US	12327
LIST_EXALL_40_ENTRIES_FIRST_PASS_US	512
LIST_EXALL_40_ENTRIES_REPEAT10_TOTAL_US	2495
LIST_EXNEXT_400_ENTRIES_FIRST_PASS_US	12991
LIST_EXNEXT_400_ENTRIES_REPEAT10_TOTAL_US	112703
LIST_EXALL_400_ENTRIES_FIRST_PASS_US	3648
LIST_EXALL_400_ENTRIES_REPEAT10_TOTAL_US	20543
LIST_EXNEXT_1000_ENTRIES_FIRST_PASS_US	33920
LIST_EXNEXT_1000_ENTRIES_REPEAT10_TOTAL_US	294272
LIST_EXALL_1000_ENTRIES_FIRST_PASS_US	6273
LIST_EXALL_1000_ENTRIES_REPEAT10_TOTAL_US	50432
PASS	1
PASS: requested mounted-volume workload outputs are complete and data-checked
