=== BFS vs PFS3 Benchmark (FS-UAE 68040) ===
Evidence directory: /home/fabian/.cache/bfs-performance/exnext-2026-10-10.8MRoga/results/exnext-1-bfs-first-candidate
Mode: compare
Timeout: 600s


=== Machine Info ===
# Machine Info
Kickstart 47.102, Workbench 47.2
System: 68040 68040/060-FPU   (INST: Cache Burst) (DATA: NoCache NoBurst)
Type  Available    In-Use   Maximum   Largest
chip    2028040     52728   2080768   2027968
fast    7531240    857368   8388608   7526176
total   9559280    910096  10469376   7526176


Mounted disks:
Unit      Size       Used       Free Full Errs   Status   Name
DF0       No disk present
DH0      4095M    4194304    4194303  50%   0  Read/Write System
DH1       255M         36      65372   0%   0  Read/Write BFSTest
DH2       Not a DOS disk

Volumes available:
BFSTest [Mounted]
System [Mounted]

=== BFS Results ===
FS_COMPARE_BENCH	4
DRIVE	DH1:
SMALL_CREATE_40_US	35456
LOOKUP_400_US	66880
SMALL_READ_40_US	19584
LIST_EXNEXT_400_US	22912
LIST_EXALL_400_US	8959
SEQ_WRITE_8M_US	33216
SEQ_READ_8M_US	313343
SMALL_DELETE_40_US	18048
APPEND_4K_1M_US	60800
APPEND_1K_256K_US	50241
APPEND_READ_1280K_US	51071
LIST_EXNEXT_40_ENTRIES_FIRST_PASS_US	4736
LIST_EXNEXT_40_ENTRIES_REPEAT10_TOTAL_US	24640
LIST_EXALL_40_ENTRIES_FIRST_PASS_US	2560
LIST_EXALL_40_ENTRIES_REPEAT10_TOTAL_US	9536
LIST_EXNEXT_400_ENTRIES_FIRST_PASS_US	34432
LIST_EXNEXT_400_ENTRIES_REPEAT10_TOTAL_US	255742
LIST_EXALL_400_ENTRIES_FIRST_PASS_US	18754
LIST_EXALL_400_ENTRIES_REPEAT10_TOTAL_US	88511
LIST_EXNEXT_1000_ENTRIES_FIRST_PASS_US	81216
LIST_EXNEXT_1000_ENTRIES_REPEAT10_TOTAL_US	618813
LIST_EXALL_1000_ENTRIES_FIRST_PASS_US	45198
LIST_EXALL_1000_ENTRIES_REPEAT10_TOTAL_US	235647
PASS	1

=== PFS3 Results ===
FS_COMPARE_BENCH	4
DRIVE	DH2:
SMALL_CREATE_40_US	19008
LOOKUP_400_US	75839
SMALL_READ_40_US	16256
LIST_EXNEXT_400_US	13888
LIST_EXALL_400_US	2878
SEQ_WRITE_8M_US	42624
SEQ_READ_8M_US	312958
SMALL_DELETE_40_US	9279
APPEND_4K_1M_US	36353
APPEND_1K_256K_US	26303
APPEND_READ_1280K_US	46272
LIST_EXNEXT_40_ENTRIES_FIRST_PASS_US	2048
LIST_EXNEXT_40_ENTRIES_REPEAT10_TOTAL_US	13697
LIST_EXALL_40_ENTRIES_FIRST_PASS_US	577
LIST_EXALL_40_ENTRIES_REPEAT10_TOTAL_US	3200
LIST_EXNEXT_400_ENTRIES_FIRST_PASS_US	13888
LIST_EXNEXT_400_ENTRIES_REPEAT10_TOTAL_US	147071
LIST_EXALL_400_ENTRIES_FIRST_PASS_US	3329
LIST_EXALL_400_ENTRIES_REPEAT10_TOTAL_US	24125
LIST_EXNEXT_1000_ENTRIES_FIRST_PASS_US	36671
LIST_EXNEXT_1000_ENTRIES_REPEAT10_TOTAL_US	329278
LIST_EXALL_1000_ENTRIES_FIRST_PASS_US	7872
LIST_EXALL_1000_ENTRIES_REPEAT10_TOTAL_US	73023
PASS	1
PASS: requested mounted-volume workload outputs are complete and data-checked
