=== BFS vs PFS3 Benchmark (FS-UAE 68040) ===
Evidence directory: /home/fabian/.cache/bfs-performance/writeback-2026-10-10.sKa6aK/results/writeback-3-bfs-first-candidate
Mode: compare
Timeout: 600s


=== Machine Info ===
# Machine Info
Kickstart 47.102, Workbench 47.2
System: 68040 68040/060-FPU   (INST: Cache Burst) (DATA: NoCache NoBurst)
Type  Available    In-Use   Maximum   Largest
chip    2028040     52728   2080768   2027968
fast    7532616    855992   8388608   7527544
total   9560656    908720  10469376   7527544


Mounted disks:
Unit      Size       Used       Free Full Errs   Status   Name
DF0       No disk present
DH0      4095M    4194304    4194303  50%   0  Read/Write System
DH1       255M         36      65372   0%   0  Read/Write BFSTest
DH2       Not a DOS disk

Volumes available:
BFSTest [Mounted]
System [Mounted]

=== BFS Results ===
FS_COMPARE_BENCH	4
DRIVE	DH1:
SMALL_CREATE_40_US	31423
LOOKUP_400_US	62271
SMALL_READ_40_US	19200
LIST_EXNEXT_400_US	28480
LIST_EXALL_400_US	8000
SEQ_WRITE_8M_US	29632
SEQ_READ_8M_US	276927
SMALL_DELETE_40_US	14529
APPEND_4K_1M_US	54017
APPEND_1K_256K_US	43756
APPEND_READ_1280K_US	45056
LIST_EXNEXT_40_ENTRIES_FIRST_PASS_US	4608
LIST_EXNEXT_40_ENTRIES_REPEAT10_TOTAL_US	29120
LIST_EXALL_40_ENTRIES_FIRST_PASS_US	1920
LIST_EXALL_40_ENTRIES_REPEAT10_TOTAL_US	8576
LIST_EXNEXT_400_ENTRIES_FIRST_PASS_US	38015
LIST_EXNEXT_400_ENTRIES_REPEAT10_TOTAL_US	289470
LIST_EXALL_400_ENTRIES_FIRST_PASS_US	18431
LIST_EXALL_400_ENTRIES_REPEAT10_TOTAL_US	78591
LIST_EXNEXT_1000_ENTRIES_FIRST_PASS_US	95615
LIST_EXNEXT_1000_ENTRIES_REPEAT10_TOTAL_US	730364
LIST_EXALL_1000_ENTRIES_FIRST_PASS_US	40193
LIST_EXALL_1000_ENTRIES_REPEAT10_TOTAL_US	205567
PASS	1

=== PFS3 Results ===
FS_COMPARE_BENCH	4
DRIVE	DH2:
SMALL_CREATE_40_US	16065
LOOKUP_400_US	65408
SMALL_READ_40_US	14340
LIST_EXNEXT_400_US	12032
LIST_EXALL_400_US	2368
SEQ_WRITE_8M_US	39621
SEQ_READ_8M_US	266303
SMALL_DELETE_40_US	7809
APPEND_4K_1M_US	33343
APPEND_1K_256K_US	23808
APPEND_READ_1280K_US	40000
LIST_EXNEXT_40_ENTRIES_FIRST_PASS_US	1597
LIST_EXNEXT_40_ENTRIES_REPEAT10_TOTAL_US	12095
LIST_EXALL_40_ENTRIES_FIRST_PASS_US	575
LIST_EXALL_40_ENTRIES_REPEAT10_TOTAL_US	2496
LIST_EXNEXT_400_ENTRIES_FIRST_PASS_US	12928
LIST_EXNEXT_400_ENTRIES_REPEAT10_TOTAL_US	112831
LIST_EXALL_400_ENTRIES_FIRST_PASS_US	3649
LIST_EXALL_400_ENTRIES_REPEAT10_TOTAL_US	20160
LIST_EXNEXT_1000_ENTRIES_FIRST_PASS_US	31743
LIST_EXNEXT_1000_ENTRIES_REPEAT10_TOTAL_US	285822
LIST_EXALL_1000_ENTRIES_FIRST_PASS_US	6336
LIST_EXALL_1000_ENTRIES_REPEAT10_TOTAL_US	50688
PASS	1
PASS: requested mounted-volume workload outputs are complete and data-checked
