=== BFS vs PFS3 Benchmark (FS-UAE 68040) ===
Evidence directory: /home/fabian/.cache/bfs-performance/floor-resident-2026-10-09.mJFQvl/results/floor-durable-base-2-pfs3-first
Mode: durable-compare
Timeout: 600s


=== Machine Info ===
# Machine Info
Kickstart 47.102, Workbench 47.2
System: 68040 68040/060-FPU   (INST: Cache Burst) (DATA: NoCache NoBurst)
Type  Available    In-Use   Maximum   Largest
chip    2028040     52728   2080768   2027968
fast    7686824    701784   8388608   7681768
total   9714864    754512  10469376   7681768


Mounted disks:
Unit      Size       Used       Free Full Errs   Status   Name
DF0       No disk present
DH0      4095M    4194304    4194303  50%   0  Read/Write System
DH1       255M         36      65372   0%   0  Read/Write BFSTest
DH2       Not a DOS disk

Volumes available:
BFSTest [Mounted]
System [Mounted]

=== BFS Results ===
FS_DURABLE_COMPARE	4
DRIVE	DH1:
SMALL_CREATE_40_US	32768
LOOKUP_400_US	73984
SMALL_READ_40_US	20288
LIST_EXNEXT_400_US	30400
LIST_EXALL_400_US	8832
SEQ_WRITE_8M_US	48255
SEQ_READ_8M_US	250730
SMALL_DELETE_40_US	19777
APPEND_4K_1M_US	74176
APPEND_1K_256K_US	62143
APPEND_READ_1280K_US	42880
LIST_EXNEXT_40_ENTRIES_FIRST_PASS_US	5696
LIST_EXNEXT_40_ENTRIES_REPEAT10_TOTAL_US	31617
LIST_EXALL_40_ENTRIES_FIRST_PASS_US	3263
LIST_EXALL_40_ENTRIES_REPEAT10_TOTAL_US	9793
LIST_EXNEXT_400_ENTRIES_FIRST_PASS_US	51776
LIST_EXNEXT_400_ENTRIES_REPEAT10_TOTAL_US	519529
LIST_EXALL_400_ENTRIES_FIRST_PASS_US	29440
LIST_EXALL_400_ENTRIES_REPEAT10_TOTAL_US	295101
LIST_EXNEXT_1000_ENTRIES_FIRST_PASS_US	130778
LIST_EXNEXT_1000_ENTRIES_REPEAT10_TOTAL_US	1335928
LIST_EXALL_1000_ENTRIES_FIRST_PASS_US	75327
LIST_EXALL_1000_ENTRIES_REPEAT10_TOTAL_US	760508
PASS	1

=== PFS3 Results ===
FS_DURABLE_COMPARE	4
DRIVE	DH2:
SMALL_CREATE_40_US	17537
LOOKUP_400_US	66368
SMALL_READ_40_US	14848
LIST_EXNEXT_400_US	13631
LIST_EXALL_400_US	2560
SEQ_WRITE_8M_US	40257
SEQ_READ_8M_US	256445
SMALL_DELETE_40_US	8705
APPEND_4K_1M_US	34623
APPEND_1K_256K_US	24192
APPEND_READ_1280K_US	40703
LIST_EXNEXT_40_ENTRIES_FIRST_PASS_US	1600
LIST_EXNEXT_40_ENTRIES_REPEAT10_TOTAL_US	12480
LIST_EXALL_40_ENTRIES_FIRST_PASS_US	511
LIST_EXALL_40_ENTRIES_REPEAT10_TOTAL_US	2495
LIST_EXNEXT_400_ENTRIES_FIRST_PASS_US	12671
LIST_EXNEXT_400_ENTRIES_REPEAT10_TOTAL_US	114431
LIST_EXALL_400_ENTRIES_FIRST_PASS_US	2752
LIST_EXALL_400_ENTRIES_REPEAT10_TOTAL_US	20800
LIST_EXNEXT_1000_ENTRIES_FIRST_PASS_US	30913
LIST_EXNEXT_1000_ENTRIES_REPEAT10_TOTAL_US	294014
LIST_EXALL_1000_ENTRIES_FIRST_PASS_US	6400
LIST_EXALL_1000_ENTRIES_REPEAT10_TOTAL_US	50816
PASS	1
PASS: requested mounted-volume workload outputs are complete and data-checked
