valid-synthetic: accepted as expected
missing-row: rejected as expected
duplicate-row: rejected as expected
wrong-row-order: rejected as expected
malformed-row: rejected as expected
wrong-repeats: rejected as expected
wrong-calls: rejected as expected
wrong-order: rejected as expected
wrong-sample-count: rejected as expected
negative-count: rejected as expected
duplicate-counter: rejected as expected
extra-counter: rejected as expected
counter-overflow: rejected as expected
tick-overflow: rejected as expected
zero-sample-tick: rejected as expected
wrong-repeat-clamps: rejected as expected
timing-mismatch: rejected as expected
abi-failure: rejected as expected
duplicate-pass: rejected as expected
bad-done: rejected as expected
missing-done: rejected as expected
fail-report: rejected as expected
truncated-report: rejected as expected
wrong-mode: rejected as expected
Synthetic parser checks passed (24 fixtures); no emulator timing or qualification performed.
