ERROR: tracked binary artifact: docs/qualification/evidence/bfs-after-buffer-profile-2026-10-01/after-buffer-probe-bfs-first/format-pfs3.txt (text/plain, unknown-8bit)
ERROR: tracked binary artifact: docs/qualification/evidence/bfs-after-buffer-profile-2026-10-01/after-buffer-probe-pfs3-first/format-pfs3.txt (text/plain, unknown-8bit)
ERROR: tracked binary artifact: docs/qualification/evidence/bfs-cache-lookup-hint-2026-10-01/hint-normal-baseline-bfs-first/system/Results/format-pfs3.txt (text/plain, unknown-8bit)
ERROR: tracked binary artifact: docs/qualification/evidence/bfs-cache-lookup-hint-2026-10-01/hint-normal-baseline-pfs3-first/system/Results/format-pfs3.txt (text/plain, unknown-8bit)
ERROR: tracked binary artifact: docs/qualification/evidence/bfs-cache-lookup-hint-2026-10-01/hint-normal-candidate-bfs-first/system/Results/format-pfs3.txt (text/plain, unknown-8bit)
ERROR: tracked binary artifact: docs/qualification/evidence/bfs-cache-lookup-hint-2026-10-01/hint-normal-candidate-pfs3-first/system/Results/format-pfs3.txt (text/plain, unknown-8bit)
ERROR: tracked binary artifact: docs/qualification/evidence/bfs-cache-lookup-hint-2026-10-01/hint-normal-repeat-baseline-bfs-first/system/Results/format-pfs3.txt (text/plain, unknown-8bit)
ERROR: tracked binary artifact: docs/qualification/evidence/bfs-cache-lookup-hint-2026-10-01/hint-normal-repeat-baseline-pfs3-first/system/Results/format-pfs3.txt (text/plain, unknown-8bit)
ERROR: tracked binary artifact: docs/qualification/evidence/bfs-cache-lookup-hint-2026-10-01/hint-normal-repeat-candidate-bfs-first/system/Results/format-pfs3.txt (text/plain, unknown-8bit)
ERROR: tracked binary artifact: docs/qualification/evidence/bfs-cache-lookup-hint-2026-10-01/hint-normal-repeat-candidate-pfs3-first/system/Results/format-pfs3.txt (text/plain, unknown-8bit)
ERROR: tracked binary artifact: docs/qualification/evidence/bfs-exact-path-buffers-2026-10-01/path-normal-baseline-bfs-first/format-pfs3.txt (text/plain, unknown-8bit)
ERROR: tracked binary artifact: docs/qualification/evidence/bfs-exact-path-buffers-2026-10-01/path-normal-baseline-pfs3-first/format-pfs3.txt (text/plain, unknown-8bit)
ERROR: tracked binary artifact: docs/qualification/evidence/bfs-exact-path-buffers-2026-10-01/path-normal-candidate-bfs-first/format-pfs3.txt (text/plain, unknown-8bit)
ERROR: tracked binary artifact: docs/qualification/evidence/bfs-exact-path-buffers-2026-10-01/path-normal-candidate-pfs3-first/format-pfs3.txt (text/plain, unknown-8bit)
ERROR: tracked binary artifact: docs/qualification/evidence/bfs-exact-path-buffers-2026-10-01/path-normal-repeat-baseline-bfs-first/format-pfs3.txt (text/plain, unknown-8bit)
ERROR: tracked binary artifact: docs/qualification/evidence/bfs-exact-path-buffers-2026-10-01/path-normal-repeat-baseline-pfs3-first/format-pfs3.txt (text/plain, unknown-8bit)
ERROR: tracked binary artifact: docs/qualification/evidence/bfs-exact-path-buffers-2026-10-01/path-normal-repeat-candidate-bfs-first/format-pfs3.txt (text/plain, unknown-8bit)
ERROR: tracked binary artifact: docs/qualification/evidence/bfs-exact-path-buffers-2026-10-01/path-normal-repeat-candidate-pfs3-first/format-pfs3.txt (text/plain, unknown-8bit)
ERROR: tracked binary artifact: docs/qualification/evidence/bfs-handler-cpu-scopes-2026-10-01/handler-cpu-scopes-control-bfs-first/system/Results/format-pfs3.txt (text/plain, unknown-8bit)
ERROR: tracked binary artifact: docs/qualification/evidence/bfs-handler-cpu-scopes-2026-10-01/handler-cpu-scopes-control-pfs3-first/system/Results/format-pfs3.txt (text/plain, unknown-8bit)
ERROR: tracked binary artifact: docs/qualification/evidence/bfs-handler-cpu-scopes-2026-10-01/handler-cpu-scopes-extended-bfs-first/system/Results/format-pfs3.txt (text/plain, unknown-8bit)
ERROR: tracked binary artifact: docs/qualification/evidence/bfs-handler-cpu-scopes-2026-10-01/handler-cpu-scopes-extended-pfs3-first/system/Results/format-pfs3.txt (text/plain, unknown-8bit)
ERROR: tracked binary artifact: docs/qualification/evidence/bfs-inode-stamp-2026-10-01/inode-stamp-normal-baseline-bfs-first/system/Results/format-pfs3.txt (text/plain, unknown-8bit)
ERROR: tracked binary artifact: docs/qualification/evidence/bfs-inode-stamp-2026-10-01/inode-stamp-normal-baseline-pfs3-first/system/Results/format-pfs3.txt (text/plain, unknown-8bit)
ERROR: tracked binary artifact: docs/qualification/evidence/bfs-inode-stamp-2026-10-01/inode-stamp-normal-candidate-bfs-first/system/Results/format-pfs3.txt (text/plain, unknown-8bit)
ERROR: tracked binary artifact: docs/qualification/evidence/bfs-inode-stamp-2026-10-01/inode-stamp-normal-candidate-pfs3-first/system/Results/format-pfs3.txt (text/plain, unknown-8bit)
ERROR: tracked binary artifact: docs/qualification/evidence/bfs-inode-stamp-2026-10-01/inode-stamp-normal-repeat-baseline-bfs-first/system/Results/format-pfs3.txt (text/plain, unknown-8bit)
ERROR: tracked binary artifact: docs/qualification/evidence/bfs-inode-stamp-2026-10-01/inode-stamp-normal-repeat-baseline-pfs3-first/system/Results/format-pfs3.txt (text/plain, unknown-8bit)
ERROR: tracked binary artifact: docs/qualification/evidence/bfs-inode-stamp-2026-10-01/inode-stamp-normal-repeat-candidate-bfs-first/system/Results/format-pfs3.txt (text/plain, unknown-8bit)
ERROR: tracked binary artifact: docs/qualification/evidence/bfs-inode-stamp-2026-10-01/inode-stamp-normal-repeat-candidate-pfs3-first/system/Results/format-pfs3.txt (text/plain, unknown-8bit)
ERROR: tracked binary artifact: docs/qualification/evidence/bfs-inode-stamp-2026-10-01/inode-stamp-probe-bfs-first/system/Results/format-pfs3.txt (text/plain, unknown-8bit)
ERROR: tracked binary artifact: docs/qualification/evidence/bfs-inode-stamp-2026-10-01/inode-stamp-probe-pfs3-first/system/Results/format-pfs3.txt (text/plain, unknown-8bit)
ERROR: tracked binary artifact: docs/qualification/evidence/bfs-metadata-batch-2026-10-01/metadata-batch-normal-baseline-bfs-first/system/Results/format-pfs3.txt (text/plain, unknown-8bit)
ERROR: tracked binary artifact: docs/qualification/evidence/bfs-metadata-batch-2026-10-01/metadata-batch-normal-baseline-pfs3-first/system/Results/format-pfs3.txt (text/plain, unknown-8bit)
ERROR: tracked binary artifact: docs/qualification/evidence/bfs-metadata-batch-2026-10-01/metadata-batch-normal-candidate-bfs-first/system/Results/format-pfs3.txt (text/plain, unknown-8bit)
ERROR: tracked binary artifact: docs/qualification/evidence/bfs-metadata-batch-2026-10-01/metadata-batch-normal-candidate-pfs3-first/system/Results/format-pfs3.txt (text/plain, unknown-8bit)
ERROR: tracked binary artifact: docs/qualification/evidence/bfs-metadata-batch-2026-10-01/metadata-batch-normal-repeat-baseline-bfs-first/system/Results/format-pfs3.txt (text/plain, unknown-8bit)
ERROR: tracked binary artifact: docs/qualification/evidence/bfs-metadata-batch-2026-10-01/metadata-batch-normal-repeat-baseline-pfs3-first/system/Results/format-pfs3.txt (text/plain, unknown-8bit)
ERROR: tracked binary artifact: docs/qualification/evidence/bfs-metadata-batch-2026-10-01/metadata-batch-normal-repeat-candidate-bfs-first/system/Results/format-pfs3.txt (text/plain, unknown-8bit)
ERROR: tracked binary artifact: docs/qualification/evidence/bfs-metadata-batch-2026-10-01/metadata-batch-normal-repeat-candidate-pfs3-first/system/Results/format-pfs3.txt (text/plain, unknown-8bit)
ERROR: tracked binary artifact: docs/qualification/evidence/bfs-metadata-batch-2026-10-01/metadata-batch-probe-bfs-first/system/Results/format-pfs3.txt (text/plain, unknown-8bit)
ERROR: tracked binary artifact: docs/qualification/evidence/bfs-metadata-batch-2026-10-01/metadata-batch-probe-pfs3-first/system/Results/format-pfs3.txt (text/plain, unknown-8bit)
ERROR: tracked binary artifact: docs/qualification/evidence/bfs-metadata-single-extent-2026-10-01/metadata-single-extent-normal-baseline-bfs-first/system/Results/format-pfs3.txt (text/plain, unknown-8bit)
ERROR: tracked binary artifact: docs/qualification/evidence/bfs-metadata-single-extent-2026-10-01/metadata-single-extent-normal-baseline-pfs3-first/system/Results/format-pfs3.txt (text/plain, unknown-8bit)
ERROR: tracked binary artifact: docs/qualification/evidence/bfs-metadata-single-extent-2026-10-01/metadata-single-extent-normal-candidate-bfs-first/system/Results/format-pfs3.txt (text/plain, unknown-8bit)
ERROR: tracked binary artifact: docs/qualification/evidence/bfs-metadata-single-extent-2026-10-01/metadata-single-extent-normal-candidate-pfs3-first/system/Results/format-pfs3.txt (text/plain, unknown-8bit)
ERROR: tracked binary artifact: docs/qualification/evidence/bfs-metadata-single-extent-2026-10-01/metadata-single-extent-normal-repeat-baseline-bfs-first/system/Results/format-pfs3.txt (text/plain, unknown-8bit)
ERROR: tracked binary artifact: docs/qualification/evidence/bfs-metadata-single-extent-2026-10-01/metadata-single-extent-normal-repeat-baseline-pfs3-first/system/Results/format-pfs3.txt (text/plain, unknown-8bit)
ERROR: tracked binary artifact: docs/qualification/evidence/bfs-metadata-single-extent-2026-10-01/metadata-single-extent-normal-repeat-candidate-bfs-first/system/Results/format-pfs3.txt (text/plain, unknown-8bit)
ERROR: tracked binary artifact: docs/qualification/evidence/bfs-metadata-single-extent-2026-10-01/metadata-single-extent-normal-repeat-candidate-pfs3-first/system/Results/format-pfs3.txt (text/plain, unknown-8bit)
ERROR: tracked binary artifact: docs/qualification/evidence/bfs-metadata-single-extent-2026-10-01/metadata-single-extent-probe-bfs-first/system/Results/format-pfs3.txt (text/plain, unknown-8bit)
ERROR: tracked binary artifact: docs/qualification/evidence/bfs-metadata-single-extent-2026-10-01/metadata-single-extent-probe-pfs3-first/system/Results/format-pfs3.txt (text/plain, unknown-8bit)
ERROR: tracked binary artifact: docs/qualification/evidence/bfs-seal-geometry-2026-10-01/geometry-normal-baseline-bfs-first/format-pfs3.txt (text/plain, unknown-8bit)
ERROR: tracked binary artifact: docs/qualification/evidence/bfs-seal-geometry-2026-10-01/geometry-normal-baseline-pfs3-first/format-pfs3.txt (text/plain, unknown-8bit)
ERROR: tracked binary artifact: docs/qualification/evidence/bfs-seal-geometry-2026-10-01/geometry-normal-candidate-bfs-first/format-pfs3.txt (text/plain, unknown-8bit)
ERROR: tracked binary artifact: docs/qualification/evidence/bfs-seal-geometry-2026-10-01/geometry-normal-candidate-pfs3-first/format-pfs3.txt (text/plain, unknown-8bit)
ERROR: tracked binary artifact: docs/qualification/evidence/bfs-seal-geometry-2026-10-01/geometry-normal-repeat-baseline-bfs-first/format-pfs3.txt (text/plain, unknown-8bit)
ERROR: tracked binary artifact: docs/qualification/evidence/bfs-seal-geometry-2026-10-01/geometry-normal-repeat-baseline-pfs3-first/format-pfs3.txt (text/plain, unknown-8bit)
ERROR: tracked binary artifact: docs/qualification/evidence/bfs-seal-geometry-2026-10-01/geometry-normal-repeat-candidate-bfs-first/format-pfs3.txt (text/plain, unknown-8bit)
ERROR: tracked binary artifact: docs/qualification/evidence/bfs-seal-geometry-2026-10-01/geometry-normal-repeat-candidate-pfs3-first/format-pfs3.txt (text/plain, unknown-8bit)
ERROR: tracked binary artifact: docs/qualification/evidence/bfs-temporary-buffer-reuse-2026-10-01/buffer-normal-baseline-bfs-first/format-pfs3.txt (text/plain, unknown-8bit)
ERROR: tracked binary artifact: docs/qualification/evidence/bfs-temporary-buffer-reuse-2026-10-01/buffer-normal-baseline-pfs3-first/format-pfs3.txt (text/plain, unknown-8bit)
ERROR: tracked binary artifact: docs/qualification/evidence/bfs-temporary-buffer-reuse-2026-10-01/buffer-normal-candidate-bfs-first/format-pfs3.txt (text/plain, unknown-8bit)
ERROR: tracked binary artifact: docs/qualification/evidence/bfs-temporary-buffer-reuse-2026-10-01/buffer-normal-candidate-pfs3-first/format-pfs3.txt (text/plain, unknown-8bit)
ERROR: tracked binary artifact: docs/qualification/evidence/bfs-temporary-buffer-reuse-2026-10-01/buffer-normal-repeat-baseline-bfs-first/format-pfs3.txt (text/plain, unknown-8bit)
ERROR: tracked binary artifact: docs/qualification/evidence/bfs-temporary-buffer-reuse-2026-10-01/buffer-normal-repeat-baseline-pfs3-first/format-pfs3.txt (text/plain, unknown-8bit)
ERROR: tracked binary artifact: docs/qualification/evidence/bfs-temporary-buffer-reuse-2026-10-01/buffer-normal-repeat-candidate-bfs-first/format-pfs3.txt (text/plain, unknown-8bit)
ERROR: tracked binary artifact: docs/qualification/evidence/bfs-temporary-buffer-reuse-2026-10-01/buffer-normal-repeat-candidate-pfs3-first/format-pfs3.txt (text/plain, unknown-8bit)
Tracked binaries are forbidden; build or download them at run time.
global_asset_audit_exit=1
