70ff502b9d386840a27570e6bd1a16937984ff809e081e56d9d8362b2d7f4c9c  memory-copy-short-probe-bfs-first/system/L/bfshandler
5126e8640256e19bc2f5661d8b735f7961c4882edf3d8046b26bd2badfc86277  memory-copy-short-probe-bfs-first/system/C/fs-compare-bench
bc72facfdddf32e312ed3ea136849da195f2a2300f179e69599b853fe8974df7  memory-copy-short-probe-bfs-first/system/L/pfs3aio
63e8be0aa188692294b76582029d83520b35c9b01e161841302fd098b76e3f32  memory-copy-short-probe-bfs-first/bench-bfs.hdf
e9e8cd82edfb4488d887f303d19912f0ddfa1760eb9230ab10f493d431c1948b  memory-copy-short-probe-bfs-first/bench-pfs3.hdf
70ff502b9d386840a27570e6bd1a16937984ff809e081e56d9d8362b2d7f4c9c  memory-copy-short-probe-pfs3-first/system/L/bfshandler
5126e8640256e19bc2f5661d8b735f7961c4882edf3d8046b26bd2badfc86277  memory-copy-short-probe-pfs3-first/system/C/fs-compare-bench
bc72facfdddf32e312ed3ea136849da195f2a2300f179e69599b853fe8974df7  memory-copy-short-probe-pfs3-first/system/L/pfs3aio
63e8be0aa188692294b76582029d83520b35c9b01e161841302fd098b76e3f32  memory-copy-short-probe-pfs3-first/bench-bfs.hdf
e9e8cd82edfb4488d887f303d19912f0ddfa1760eb9230ab10f493d431c1948b  memory-copy-short-probe-pfs3-first/bench-pfs3.hdf
7ec433160c6aa37c3ebbb5345097ef549638bde634dd8a3aa34e1b898a4a7d19  memory-copy-short-normal-baseline-bfs-first/system/L/bfshandler
1fccf207c96144f81c64a8a5dd2e350b7f32787402eedad6c102b34ad0a6ec80  memory-copy-short-normal-baseline-bfs-first/system/C/fs-compare-bench
bc72facfdddf32e312ed3ea136849da195f2a2300f179e69599b853fe8974df7  memory-copy-short-normal-baseline-bfs-first/system/L/pfs3aio
f336b443bd4b28355828bf5fe2dfad186ee04c3ade1d7765fcdd64873be0b411  memory-copy-short-normal-baseline-bfs-first/bench-bfs.hdf
e9e8cd82edfb4488d887f303d19912f0ddfa1760eb9230ab10f493d431c1948b  memory-copy-short-normal-baseline-bfs-first/bench-pfs3.hdf
ad1f747822bbc8ba63b981480d93dae4fb7b7baeaf6c8d1136eaa6b92537f62e  memory-copy-short-normal-candidate-pfs3-first/system/L/bfshandler
1fccf207c96144f81c64a8a5dd2e350b7f32787402eedad6c102b34ad0a6ec80  memory-copy-short-normal-candidate-pfs3-first/system/C/fs-compare-bench
bc72facfdddf32e312ed3ea136849da195f2a2300f179e69599b853fe8974df7  memory-copy-short-normal-candidate-pfs3-first/system/L/pfs3aio
0f1f56b41efb5c88a7f9d0455a4b07c8a1adeb0c9c58a3ba799e6318da3860bc  memory-copy-short-normal-candidate-pfs3-first/bench-bfs.hdf
e9e8cd82edfb4488d887f303d19912f0ddfa1760eb9230ab10f493d431c1948b  memory-copy-short-normal-candidate-pfs3-first/bench-pfs3.hdf
7ec433160c6aa37c3ebbb5345097ef549638bde634dd8a3aa34e1b898a4a7d19  memory-copy-short-normal-baseline-pfs3-first/system/L/bfshandler
1fccf207c96144f81c64a8a5dd2e350b7f32787402eedad6c102b34ad0a6ec80  memory-copy-short-normal-baseline-pfs3-first/system/C/fs-compare-bench
bc72facfdddf32e312ed3ea136849da195f2a2300f179e69599b853fe8974df7  memory-copy-short-normal-baseline-pfs3-first/system/L/pfs3aio
f336b443bd4b28355828bf5fe2dfad186ee04c3ade1d7765fcdd64873be0b411  memory-copy-short-normal-baseline-pfs3-first/bench-bfs.hdf
e9e8cd82edfb4488d887f303d19912f0ddfa1760eb9230ab10f493d431c1948b  memory-copy-short-normal-baseline-pfs3-first/bench-pfs3.hdf
ad1f747822bbc8ba63b981480d93dae4fb7b7baeaf6c8d1136eaa6b92537f62e  memory-copy-short-normal-candidate-bfs-first/system/L/bfshandler
1fccf207c96144f81c64a8a5dd2e350b7f32787402eedad6c102b34ad0a6ec80  memory-copy-short-normal-candidate-bfs-first/system/C/fs-compare-bench
bc72facfdddf32e312ed3ea136849da195f2a2300f179e69599b853fe8974df7  memory-copy-short-normal-candidate-bfs-first/system/L/pfs3aio
0f1f56b41efb5c88a7f9d0455a4b07c8a1adeb0c9c58a3ba799e6318da3860bc  memory-copy-short-normal-candidate-bfs-first/bench-bfs.hdf
e9e8cd82edfb4488d887f303d19912f0ddfa1760eb9230ab10f493d431c1948b  memory-copy-short-normal-candidate-bfs-first/bench-pfs3.hdf
ad1f747822bbc8ba63b981480d93dae4fb7b7baeaf6c8d1136eaa6b92537f62e  memory-copy-short-normal-repeat-candidate-bfs-first/system/L/bfshandler
1fccf207c96144f81c64a8a5dd2e350b7f32787402eedad6c102b34ad0a6ec80  memory-copy-short-normal-repeat-candidate-bfs-first/system/C/fs-compare-bench
bc72facfdddf32e312ed3ea136849da195f2a2300f179e69599b853fe8974df7  memory-copy-short-normal-repeat-candidate-bfs-first/system/L/pfs3aio
0f1f56b41efb5c88a7f9d0455a4b07c8a1adeb0c9c58a3ba799e6318da3860bc  memory-copy-short-normal-repeat-candidate-bfs-first/bench-bfs.hdf
e9e8cd82edfb4488d887f303d19912f0ddfa1760eb9230ab10f493d431c1948b  memory-copy-short-normal-repeat-candidate-bfs-first/bench-pfs3.hdf
7ec433160c6aa37c3ebbb5345097ef549638bde634dd8a3aa34e1b898a4a7d19  memory-copy-short-normal-repeat-baseline-pfs3-first/system/L/bfshandler
1fccf207c96144f81c64a8a5dd2e350b7f32787402eedad6c102b34ad0a6ec80  memory-copy-short-normal-repeat-baseline-pfs3-first/system/C/fs-compare-bench
bc72facfdddf32e312ed3ea136849da195f2a2300f179e69599b853fe8974df7  memory-copy-short-normal-repeat-baseline-pfs3-first/system/L/pfs3aio
f336b443bd4b28355828bf5fe2dfad186ee04c3ade1d7765fcdd64873be0b411  memory-copy-short-normal-repeat-baseline-pfs3-first/bench-bfs.hdf
e9e8cd82edfb4488d887f303d19912f0ddfa1760eb9230ab10f493d431c1948b  memory-copy-short-normal-repeat-baseline-pfs3-first/bench-pfs3.hdf
ad1f747822bbc8ba63b981480d93dae4fb7b7baeaf6c8d1136eaa6b92537f62e  memory-copy-short-normal-repeat-candidate-pfs3-first/system/L/bfshandler
1fccf207c96144f81c64a8a5dd2e350b7f32787402eedad6c102b34ad0a6ec80  memory-copy-short-normal-repeat-candidate-pfs3-first/system/C/fs-compare-bench
bc72facfdddf32e312ed3ea136849da195f2a2300f179e69599b853fe8974df7  memory-copy-short-normal-repeat-candidate-pfs3-first/system/L/pfs3aio
0f1f56b41efb5c88a7f9d0455a4b07c8a1adeb0c9c58a3ba799e6318da3860bc  memory-copy-short-normal-repeat-candidate-pfs3-first/bench-bfs.hdf
e9e8cd82edfb4488d887f303d19912f0ddfa1760eb9230ab10f493d431c1948b  memory-copy-short-normal-repeat-candidate-pfs3-first/bench-pfs3.hdf
7ec433160c6aa37c3ebbb5345097ef549638bde634dd8a3aa34e1b898a4a7d19  memory-copy-short-normal-repeat-baseline-bfs-first/system/L/bfshandler
1fccf207c96144f81c64a8a5dd2e350b7f32787402eedad6c102b34ad0a6ec80  memory-copy-short-normal-repeat-baseline-bfs-first/system/C/fs-compare-bench
bc72facfdddf32e312ed3ea136849da195f2a2300f179e69599b853fe8974df7  memory-copy-short-normal-repeat-baseline-bfs-first/system/L/pfs3aio
f336b443bd4b28355828bf5fe2dfad186ee04c3ade1d7765fcdd64873be0b411  memory-copy-short-normal-repeat-baseline-bfs-first/bench-bfs.hdf
e9e8cd82edfb4488d887f303d19912f0ddfa1760eb9230ab10f493d431c1948b  memory-copy-short-normal-repeat-baseline-bfs-first/bench-pfs3.hdf
68f9d3a36c2866d054f41c29b600618642a4807dfb6bca7354d4879a36c9aa7c  /home/fabian/Amiga/kick.a1200.47.102.rom
3.2.35
Linux cachy 7.1.3-2-cachyos #1 SMP PREEMPT_DYNAMIC Wed, 08 Jul 2026 18:34:01 +0000 x86_64 GNU/Linux
Filesystem      Size  Used Avail Use% Mounted on
tmpfs            12G  8.6G  3.2G  73% /tmp
/dev/vda2       996G  314G  681G  32% /home
All ten fresh image inputs and idle preflight verified
