PASS: requested mounted-volume workload outputs are complete and data-checked
Verified memory-copy-short-normal-baseline-bfs-first
PASS: requested mounted-volume workload outputs are complete and data-checked
Verified memory-copy-short-normal-candidate-pfs3-first
PASS: requested mounted-volume workload outputs are complete and data-checked
Verified memory-copy-short-normal-baseline-pfs3-first
PASS: requested mounted-volume workload outputs are complete and data-checked
Verified memory-copy-short-normal-candidate-bfs-first
PASS: requested mounted-volume workload outputs are complete and data-checked
Verified memory-copy-short-normal-repeat-candidate-bfs-first
PASS: requested mounted-volume workload outputs are complete and data-checked
Verified memory-copy-short-normal-repeat-baseline-pfs3-first
PASS: requested mounted-volume workload outputs are complete and data-checked
Verified memory-copy-short-normal-repeat-candidate-pfs3-first
PASS: requested mounted-volume workload outputs are complete and data-checked
Verified memory-copy-short-normal-repeat-baseline-bfs-first
PASS: requested mounted-volume workload outputs are complete and data-checked
Verified memory-copy-short-probe-bfs-first
PASS: requested mounted-volume workload outputs are complete and data-checked
Verified memory-copy-short-probe-pfs3-first
