trial docs/qualification/evidence/bfs-memory-copy-short-2026-10-01/memory-copy-short-normal-baseline-bfs-first/system/Results/bfs.tsv ffc2613288883b19abfd0785c31e8928c377e1ec17587dcfd8f6ceee7fed41ac byte-identical
trial docs/qualification/evidence/bfs-memory-copy-short-2026-10-01/memory-copy-short-normal-baseline-bfs-first/system/Results/pfs3.tsv 7322527d7c25bc806cdd5ae65f4305ee0d2d8056e37bcc898efd5a4d1a880d4c byte-identical
trial docs/qualification/evidence/bfs-memory-copy-short-2026-10-01/memory-copy-short-normal-baseline-pfs3-first/system/Results/bfs.tsv c50391713f8b73ada6b99dadb551d30fdb637bda60d6d58963c929d94f94cfdc byte-identical
trial docs/qualification/evidence/bfs-memory-copy-short-2026-10-01/memory-copy-short-normal-baseline-pfs3-first/system/Results/pfs3.tsv 1b6d73f12382cde8e36b84a6d22138aa01a09f1d84f4db06489cb5e52de341c2 byte-identical
trial docs/qualification/evidence/bfs-memory-copy-short-2026-10-01/memory-copy-short-normal-candidate-bfs-first/system/Results/bfs.tsv 7b94a306cba16a55dd8e6992ddb94a7c86eaeb50c18b4033f1c87d3a9f2d6369 byte-identical
trial docs/qualification/evidence/bfs-memory-copy-short-2026-10-01/memory-copy-short-normal-candidate-bfs-first/system/Results/pfs3.tsv f3a5d755c04b8fb5d03dedbcc5040565d2cc30a5b755e57289e23b670f7d1ee5 byte-identical
trial docs/qualification/evidence/bfs-memory-copy-short-2026-10-01/memory-copy-short-normal-candidate-pfs3-first/system/Results/bfs.tsv 3ac99a2fc58e92998996a1937a2ad3106b0cafe27ebbd078afccce7baa4ddeff byte-identical
trial docs/qualification/evidence/bfs-memory-copy-short-2026-10-01/memory-copy-short-normal-candidate-pfs3-first/system/Results/pfs3.tsv bbe28cd37c3aae9a3b0716ea579740f420b0812992b558c9f020c993f0ad4227 byte-identical
trial docs/qualification/evidence/bfs-memory-copy-short-2026-10-01/memory-copy-short-normal-repeat-baseline-bfs-first/system/Results/bfs.tsv 13e91fdbf48ee7381a50ae2935ab7fa98b5be78cb62ef7bab92c290c70528a74 byte-identical
trial docs/qualification/evidence/bfs-memory-copy-short-2026-10-01/memory-copy-short-normal-repeat-baseline-bfs-first/system/Results/pfs3.tsv ddc796e84247f6242d6ee4ec8d4fadc98e86a8bbe34f9c7006ab7c0dac58a8ae byte-identical
trial docs/qualification/evidence/bfs-memory-copy-short-2026-10-01/memory-copy-short-normal-repeat-baseline-pfs3-first/system/Results/bfs.tsv 3c1db55488a3c399bcdaf60b2f99f9a5b968f4503bb717206130ee561c136fe4 byte-identical
trial docs/qualification/evidence/bfs-memory-copy-short-2026-10-01/memory-copy-short-normal-repeat-baseline-pfs3-first/system/Results/pfs3.tsv eb82fc5a660703739d65b5918a100addcb07e416b468dcb593d71908e6cefcba byte-identical
trial docs/qualification/evidence/bfs-memory-copy-short-2026-10-01/memory-copy-short-normal-repeat-candidate-bfs-first/system/Results/bfs.tsv 68e86b8ed0b5a1e848866407f468067065e12971ea1ae25c40f479e3c66a066f byte-identical
trial docs/qualification/evidence/bfs-memory-copy-short-2026-10-01/memory-copy-short-normal-repeat-candidate-bfs-first/system/Results/pfs3.tsv c61efd8aa1bfe5e2fdc81004c94771375541a387acfb367a77153e73681022a7 byte-identical
trial docs/qualification/evidence/bfs-memory-copy-short-2026-10-01/memory-copy-short-normal-repeat-candidate-pfs3-first/system/Results/bfs.tsv 3a7cea0f9f4bfdb243b9ccbc997707ed0a6e19c121b7f5c8337161a1445d5280 byte-identical
trial docs/qualification/evidence/bfs-memory-copy-short-2026-10-01/memory-copy-short-normal-repeat-candidate-pfs3-first/system/Results/pfs3.tsv 691d7b5c9b592b1d622a0ade7ae65c970f375cfb77c1714a9c14521d911b498b byte-identical
trial docs/qualification/evidence/bfs-memory-copy-short-2026-10-01/memory-copy-short-probe-bfs-first/system/Results/bfs.deep-compare.tsv 1c7f93238aa40f8897ec44b603b95a867da123c1fdbd90e313eab0d809dbefe4 byte-identical
trial docs/qualification/evidence/bfs-memory-copy-short-2026-10-01/memory-copy-short-probe-bfs-first/system/Results/pfs3.deep-compare.tsv 31077df226405b57fc8352cbe5a4797b2c9ee6e35ee086790b21aa46ccb1afc1 byte-identical
trial docs/qualification/evidence/bfs-memory-copy-short-2026-10-01/memory-copy-short-probe-pfs3-first/system/Results/bfs.deep-compare.tsv da70bfb1a12cc523f35c4fa1107b0e1c92a8998d471140c1bbad3bcbbd96ad2f byte-identical
trial docs/qualification/evidence/bfs-memory-copy-short-2026-10-01/memory-copy-short-probe-pfs3-first/system/Results/pfs3.deep-compare.tsv 881a3cef5b172e22eb62ad7be9c9e237fa4e8b2f0c6fb54031a1384174401cba byte-identical
trial docs/qualification/evidence/bfs-memory-copy-short-2026-10-01/kernel-run.l3US52/system/Results/memory-copy-compare.txt a22e2753eb97e4a0a8a00521781439887daa5b6be10fed7359ce1bc01f369ed5 byte-identical
trial docs/qualification/evidence/bfs-memory-copy-short-2026-10-01/kernel-run.l3US52/system/Results/memory-copy-compare.done 1e57f53f9888fe32e54fdbd7b7ac7938cbdae0764baf60a32ca7dfb8e7550393 byte-identical
retained-control docs/qualification/evidence/bfs-memory-copy-short-2026-10-01/retained-probe-controls/single-block-absence-probe-bfs-first/system/Results/bfs.deep-compare.tsv f59cb92616fb0399399fd31f78f341d2a1e24cf0261f9a2c7f6ff4bf6f0e4624 byte-identical
retained-control docs/qualification/evidence/bfs-memory-copy-short-2026-10-01/retained-probe-controls/single-block-absence-probe-bfs-first/system/Results/pfs3.deep-compare.tsv 2983979a86b6dff3f1da29465e0ec9f9f9e80078c6fa7fbadf73eb00d58527ae byte-identical
retained-control docs/qualification/evidence/bfs-memory-copy-short-2026-10-01/retained-probe-controls/single-block-absence-probe-pfs3-first/system/Results/bfs.deep-compare.tsv cf92c49967d016f3141d5f5d1de9d6e158f17d59661f8df156cfdb66d68ee3bb byte-identical
retained-control docs/qualification/evidence/bfs-memory-copy-short-2026-10-01/retained-probe-controls/single-block-absence-probe-pfs3-first/system/Results/pfs3.deep-compare.tsv 214e9a5e574cac8747bb458efbab05769ded16b04ae5ab24e074fa700384cf0a byte-identical
PASS: 22 new raw records and 4 retained-control TSVs are byte-identical
