=== BFS vs PFS3 Benchmark (FS-UAE 68040) ===
Evidence directory: /home/fabian/.cache/bfs-performance/append-attr2-2026-10-10.xibtLq/results/append2-prod-3-bfs-first-ref
Mode: compare
Timeout: 600s


=== Machine Info ===
# Machine Info
Kickstart 47.102, Workbench 47.2
System: 68040 68040/060-FPU   (INST: Cache Burst) (DATA: NoCache NoBurst)
Type  Available    In-Use   Maximum   Largest
chip    2028040     52728   2080768   2027968
fast    7532616    855992   8388608   7527544
total   9560656    908720  10469376   7527544


Mounted disks:
Unit      Size       Used       Free Full Errs   Status   Name
DF0       No disk present
DH0      4095M    4194304    4194303  50%   0  Read/Write System
DH1       255M         36      65372   0%   0  Read/Write BFSTest
DH2       Not a DOS disk

Volumes available:
BFSTest [Mounted]
System [Mounted]

=== BFS Results ===
FS_COMPARE_BENCH	4
DRIVE	DH1:
SMALL_CREATE_40_US	27647
LOOKUP_400_US	60031
SMALL_READ_40_US	23680
LIST_EXNEXT_400_US	30336
LIST_EXALL_400_US	7679
SEQ_WRITE_8M_US	27584
SEQ_READ_8M_US	256766
SMALL_DELETE_40_US	13503
APPEND_4K_1M_US	52223
APPEND_1K_256K_US	42880
APPEND_READ_1280K_US	49088
LIST_EXNEXT_40_ENTRIES_FIRST_PASS_US	4417
LIST_EXNEXT_40_ENTRIES_REPEAT10_TOTAL_US	38975
LIST_EXALL_40_ENTRIES_FIRST_PASS_US	2368
LIST_EXALL_40_ENTRIES_REPEAT10_TOTAL_US	11648
LIST_EXNEXT_400_ENTRIES_FIRST_PASS_US	96318
LIST_EXNEXT_400_ENTRIES_REPEAT10_TOTAL_US	317631
LIST_EXALL_400_ENTRIES_FIRST_PASS_US	15232
LIST_EXALL_400_ENTRIES_REPEAT10_TOTAL_US	78848
LIST_EXNEXT_1000_ENTRIES_FIRST_PASS_US	104191
LIST_EXNEXT_1000_ENTRIES_REPEAT10_TOTAL_US	791610
LIST_EXALL_1000_ENTRIES_FIRST_PASS_US	42112
LIST_EXALL_1000_ENTRIES_REPEAT10_TOTAL_US	211647
PASS	1

=== PFS3 Results ===
FS_COMPARE_BENCH	4
DRIVE	DH2:
SMALL_CREATE_40_US	16575
LOOKUP_400_US	67393
SMALL_READ_40_US	15552
LIST_EXNEXT_400_US	13888
LIST_EXALL_400_US	2431
SEQ_WRITE_8M_US	48831
SEQ_READ_8M_US	286527
SMALL_DELETE_40_US	8191
APPEND_4K_1M_US	31360
APPEND_1K_256K_US	23295
APPEND_READ_1280K_US	41793
LIST_EXNEXT_40_ENTRIES_FIRST_PASS_US	1663
LIST_EXNEXT_40_ENTRIES_REPEAT10_TOTAL_US	12480
LIST_EXALL_40_ENTRIES_FIRST_PASS_US	576
LIST_EXALL_40_ENTRIES_REPEAT10_TOTAL_US	2497
LIST_EXNEXT_400_ENTRIES_FIRST_PASS_US	13567
LIST_EXNEXT_400_ENTRIES_REPEAT10_TOTAL_US	114285
LIST_EXALL_400_ENTRIES_FIRST_PASS_US	2624
LIST_EXALL_400_ENTRIES_REPEAT10_TOTAL_US	20928
LIST_EXNEXT_1000_ENTRIES_FIRST_PASS_US	31744
LIST_EXNEXT_1000_ENTRIES_REPEAT10_TOTAL_US	297726
LIST_EXALL_1000_ENTRIES_FIRST_PASS_US	7873
LIST_EXALL_1000_ENTRIES_REPEAT10_TOTAL_US	50303
PASS	1
PASS: requested mounted-volume workload outputs are complete and data-checked
