=== BFS vs PFS3 Benchmark (FS-UAE 68040) ===
Evidence directory: /home/fabian/.cache/bfs-performance/relflags-2026-10-10.P6tt1r/results/relflags-6-pfs3-first-o2-040
Mode: compare
Timeout: 600s


=== Machine Info ===
# Machine Info
Kickstart 47.102, Workbench 47.2
System: 68040 68040/060-FPU   (INST: Cache Burst) (DATA: NoCache NoBurst)
Type  Available    In-Use   Maximum   Largest
chip    2028040     52728   2080768   2027968
fast    7532216    856392   8388608   7527144
total   9560256    909120  10469376   7527144


Mounted disks:
Unit      Size       Used       Free Full Errs   Status   Name
DF0       No disk present
DH0      4095M    4194304    4194303  50%   0  Read/Write System
DH1       255M         36      65372   0%   0  Read/Write BFSTest
DH2       Not a DOS disk

Volumes available:
BFSTest [Mounted]
System [Mounted]

=== BFS Results ===
FS_COMPARE_BENCH	4
DRIVE	DH1:
SMALL_CREATE_40_US	29758
LOOKUP_400_US	58369
SMALL_READ_40_US	18945
LIST_EXNEXT_400_US	27456
LIST_EXALL_400_US	7232
SEQ_WRITE_8M_US	38079
SEQ_READ_8M_US	349885
SMALL_DELETE_40_US	13951
APPEND_4K_1M_US	70976
APPEND_1K_256K_US	59326
APPEND_READ_1280K_US	45312
LIST_EXNEXT_40_ENTRIES_FIRST_PASS_US	4799
LIST_EXNEXT_40_ENTRIES_REPEAT10_TOTAL_US	28416
LIST_EXALL_40_ENTRIES_FIRST_PASS_US	1728
LIST_EXALL_40_ENTRIES_REPEAT10_TOTAL_US	8000
LIST_EXNEXT_400_ENTRIES_FIRST_PASS_US	38528
LIST_EXNEXT_400_ENTRIES_REPEAT10_TOTAL_US	308031
LIST_EXALL_400_ENTRIES_FIRST_PASS_US	25217
LIST_EXALL_400_ENTRIES_REPEAT10_TOTAL_US	87743
LIST_EXNEXT_1000_ENTRIES_FIRST_PASS_US	92416
LIST_EXNEXT_1000_ENTRIES_REPEAT10_TOTAL_US	809084
LIST_EXALL_1000_ENTRIES_FIRST_PASS_US	39680
LIST_EXALL_1000_ENTRIES_REPEAT10_TOTAL_US	183359
PASS	1

=== PFS3 Results ===
FS_COMPARE_BENCH	4
DRIVE	DH2:
SMALL_CREATE_40_US	17094
LOOKUP_400_US	66943
SMALL_READ_40_US	14720
LIST_EXNEXT_400_US	11968
LIST_EXALL_400_US	2497
SEQ_WRITE_8M_US	46911
SEQ_READ_8M_US	297790
SMALL_DELETE_40_US	27585
APPEND_4K_1M_US	56813
APPEND_1K_256K_US	24960
APPEND_READ_1280K_US	41599
LIST_EXNEXT_40_ENTRIES_FIRST_PASS_US	1473
LIST_EXNEXT_40_ENTRIES_REPEAT10_TOTAL_US	12222
LIST_EXALL_40_ENTRIES_FIRST_PASS_US	576
LIST_EXALL_40_ENTRIES_REPEAT10_TOTAL_US	2478
LIST_EXNEXT_400_ENTRIES_FIRST_PASS_US	13056
LIST_EXNEXT_400_ENTRIES_REPEAT10_TOTAL_US	110379
LIST_EXALL_400_ENTRIES_FIRST_PASS_US	4160
LIST_EXALL_400_ENTRIES_REPEAT10_TOTAL_US	20287
LIST_EXNEXT_1000_ENTRIES_FIRST_PASS_US	32448
LIST_EXNEXT_1000_ENTRIES_REPEAT10_TOTAL_US	286719
LIST_EXALL_1000_ENTRIES_FIRST_PASS_US	6591
LIST_EXALL_1000_ENTRIES_REPEAT10_TOTAL_US	50815
PASS	1
PASS: requested mounted-volume workload outputs are complete and data-checked
