=== BFS vs PFS3 Benchmark (FS-UAE 68040) ===
Evidence directory: /home/fabian/.cache/bfs-performance/exact-fastpath-2026-10-09.hdq3J0/build/benchmark/exact-key-pilot-normal-20261009-range-2-pfs3-first
Mode: compare
Timeout: 600s


=== Machine Info ===
# Machine Info
Kickstart 47.102, Workbench 47.2
System: 68040 68040/060-FPU   (INST: Cache Burst) (DATA: NoCache NoBurst)
Type  Available    In-Use   Maximum   Largest
chip    2028040     52728   2080768   2027968
fast    7687256    701352   8388608   7682200
total   9715296    754080  10469376   7682200


Mounted disks:
Unit      Size       Used       Free Full Errs   Status   Name
DF0       No disk present
DH0      4095M    4194304    4194303  50%   0  Read/Write System
DH1       255M         36      65372   0%   0  Read/Write BFSTest
DH2       Not a DOS disk

Volumes available:
BFSTest [Mounted]
System [Mounted]

=== BFS Results ===
FS_COMPARE_BENCH	4
DRIVE	DH1:
SMALL_CREATE_40_US	30080
LOOKUP_400_US	80111
SMALL_READ_40_US	24705
LIST_EXNEXT_400_US	31551
LIST_EXALL_400_US	9005
SEQ_WRITE_8M_US	36160
SEQ_READ_8M_US	266239
SMALL_DELETE_40_US	31552
APPEND_4K_1M_US	136961
APPEND_1K_256K_US	59775
APPEND_READ_1280K_US	44479
LIST_EXNEXT_40_ENTRIES_FIRST_PASS_US	6015
LIST_EXNEXT_40_ENTRIES_REPEAT10_TOTAL_US	31489
LIST_EXALL_40_ENTRIES_FIRST_PASS_US	3456
LIST_EXALL_40_ENTRIES_REPEAT10_TOTAL_US	9407
LIST_EXNEXT_400_ENTRIES_FIRST_PASS_US	54144
LIST_EXNEXT_400_ENTRIES_REPEAT10_TOTAL_US	628221
LIST_EXALL_400_ENTRIES_FIRST_PASS_US	34111
LIST_EXALL_400_ENTRIES_REPEAT10_TOTAL_US	400574
LIST_EXNEXT_1000_ENTRIES_FIRST_PASS_US	146751
LIST_EXNEXT_1000_ENTRIES_REPEAT10_TOTAL_US	1477879
LIST_EXALL_1000_ENTRIES_FIRST_PASS_US	130303
LIST_EXALL_1000_ENTRIES_REPEAT10_TOTAL_US	971706
PASS	1

=== PFS3 Results ===
FS_COMPARE_BENCH	4
DRIVE	DH2:
SMALL_CREATE_40_US	19393
LOOKUP_400_US	110654
SMALL_READ_40_US	14465
LIST_EXNEXT_400_US	19518
LIST_EXALL_400_US	4032
SEQ_WRITE_8M_US	44992
SEQ_READ_8M_US	258046
SMALL_DELETE_40_US	7872
APPEND_4K_1M_US	33600
APPEND_1K_256K_US	28033
APPEND_READ_1280K_US	55806
LIST_EXNEXT_40_ENTRIES_FIRST_PASS_US	1728
LIST_EXNEXT_40_ENTRIES_REPEAT10_TOTAL_US	11968
LIST_EXALL_40_ENTRIES_FIRST_PASS_US	577
LIST_EXALL_40_ENTRIES_REPEAT10_TOTAL_US	4545
LIST_EXNEXT_400_ENTRIES_FIRST_PASS_US	16703
LIST_EXNEXT_400_ENTRIES_REPEAT10_TOTAL_US	134656
LIST_EXALL_400_ENTRIES_FIRST_PASS_US	2817
LIST_EXALL_400_ENTRIES_REPEAT10_TOTAL_US	21119
LIST_EXNEXT_1000_ENTRIES_FIRST_PASS_US	32384
LIST_EXNEXT_1000_ENTRIES_REPEAT10_TOTAL_US	293502
LIST_EXALL_1000_ENTRIES_FIRST_PASS_US	6465
LIST_EXALL_1000_ENTRIES_REPEAT10_TOTAL_US	50688
PASS	1
PASS: requested mounted-volume workload outputs are complete and data-checked
