=== BFS vs PFS3 Benchmark (FS-UAE 68040) ===
Evidence directory: /home/fabian/.cache/bfs-performance/metadata-2026-10-08.QvzB5w/build/benchmark/metadata-v4-c8-20261008-m2-5-bfs-first
Mode: compare
Timeout: 600s


=== Machine Info ===
# Machine Info
Kickstart 47.102, Workbench 47.2
System: 68040 68040/060-FPU   (INST: Cache Burst) (DATA: NoCache NoBurst)
Type  Available    In-Use   Maximum   Largest
chip    2028040     52728   2080768   2027968
fast    7690976    697632   8388608   7685936
total   9719016    750360  10469376   7685936


Mounted disks:
Unit      Size       Used       Free Full Errs   Status   Name
DF0       No disk present
DH0      4095M    4194304    4194303  50%   0  Read/Write System
DH1       255M         36      65372   0%   0  Read/Write BFSTest
DH2       Not a DOS disk

Volumes available:
BFSTest [Mounted]
System [Mounted]

=== BFS Results ===
FS_COMPARE_BENCH	4
DRIVE	DH1:
SMALL_CREATE_40_US	29236
LOOKUP_400_US	74752
SMALL_READ_40_US	20031
LIST_EXNEXT_400_US	31806
LIST_EXALL_400_US	8192
SEQ_WRITE_8M_US	37695
SEQ_READ_8M_US	259455
SMALL_DELETE_40_US	17216
APPEND_4K_1M_US	73345
APPEND_1K_256K_US	63678
APPEND_READ_1280K_US	43008
LIST_EXNEXT_40_ENTRIES_FIRST_PASS_US	6464
LIST_EXNEXT_40_ENTRIES_REPEAT10_TOTAL_US	33088
LIST_EXALL_40_ENTRIES_FIRST_PASS_US	3840
LIST_EXALL_40_ENTRIES_REPEAT10_TOTAL_US	8878
LIST_EXNEXT_400_ENTRIES_FIRST_PASS_US	61568
LIST_EXNEXT_400_ENTRIES_REPEAT10_TOTAL_US	630652
LIST_EXALL_400_ENTRIES_FIRST_PASS_US	62976
LIST_EXALL_400_ENTRIES_REPEAT10_TOTAL_US	452478
LIST_EXNEXT_1000_ENTRIES_FIRST_PASS_US	153087
LIST_EXNEXT_1000_ENTRIES_REPEAT10_TOTAL_US	1662135
LIST_EXALL_1000_ENTRIES_FIRST_PASS_US	95232
LIST_EXALL_1000_ENTRIES_REPEAT10_TOTAL_US	1063226
PASS	1

=== PFS3 Results ===
FS_COMPARE_BENCH	4
DRIVE	DH2:
SMALL_CREATE_40_US	16640
LOOKUP_400_US	67968
SMALL_READ_40_US	14337
LIST_EXNEXT_400_US	11840
LIST_EXALL_400_US	2496
SEQ_WRITE_8M_US	40318
SEQ_READ_8M_US	253630
SMALL_DELETE_40_US	7936
APPEND_4K_1M_US	36607
APPEND_1K_256K_US	36351
APPEND_READ_1280K_US	68545
LIST_EXNEXT_40_ENTRIES_FIRST_PASS_US	1663
LIST_EXNEXT_40_ENTRIES_REPEAT10_TOTAL_US	11968
LIST_EXALL_40_ENTRIES_FIRST_PASS_US	640
LIST_EXALL_40_ENTRIES_REPEAT10_TOTAL_US	2496
LIST_EXNEXT_400_ENTRIES_FIRST_PASS_US	12862
LIST_EXNEXT_400_ENTRIES_REPEAT10_TOTAL_US	114048
LIST_EXALL_400_ENTRIES_FIRST_PASS_US	2752
LIST_EXALL_400_ENTRIES_REPEAT10_TOTAL_US	20352
LIST_EXNEXT_1000_ENTRIES_FIRST_PASS_US	32383
LIST_EXNEXT_1000_ENTRIES_REPEAT10_TOTAL_US	289919
LIST_EXALL_1000_ENTRIES_FIRST_PASS_US	6657
LIST_EXALL_1000_ENTRIES_REPEAT10_TOTAL_US	51392
PASS	1
PASS: requested mounted-volume workload outputs are complete and data-checked
