=== BFS vs PFS3 Benchmark (FS-UAE 68040) ===
Evidence directory: /home/fabian/.cache/bfs-performance/floor-resident-2026-10-09.mJFQvl/results/floor-durable-base-1-bfs-first
Mode: durable-compare
Timeout: 600s


=== Machine Info ===
# Machine Info
Kickstart 47.102, Workbench 47.2
System: 68040 68040/060-FPU   (INST: Cache Burst) (DATA: NoCache NoBurst)
Type  Available    In-Use   Maximum   Largest
chip    2028040     52728   2080768   2027968
fast    7686824    701784   8388608   7681768
total   9714864    754512  10469376   7681768


Mounted disks:
Unit      Size       Used       Free Full Errs   Status   Name
DF0       No disk present
DH0      4095M    4194304    4194303  50%   0  Read/Write System
DH1       255M         36      65372   0%   0  Read/Write BFSTest
DH2       Not a DOS disk

Volumes available:
BFSTest [Mounted]
System [Mounted]

=== BFS Results ===
FS_DURABLE_COMPARE	4
DRIVE	DH1:
SMALL_CREATE_40_US	33920
LOOKUP_400_US	75712
SMALL_READ_40_US	27008
LIST_EXNEXT_400_US	43137
LIST_EXALL_400_US	9024
SEQ_WRITE_8M_US	41536
SEQ_READ_8M_US	260540
SMALL_DELETE_40_US	19968
APPEND_4K_1M_US	79040
APPEND_1K_256K_US	73023
APPEND_READ_1280K_US	43327
LIST_EXNEXT_40_ENTRIES_FIRST_PASS_US	5568
LIST_EXNEXT_40_ENTRIES_REPEAT10_TOTAL_US	31104
LIST_EXALL_40_ENTRIES_FIRST_PASS_US	3520
LIST_EXALL_40_ENTRIES_REPEAT10_TOTAL_US	9536
LIST_EXNEXT_400_ENTRIES_FIRST_PASS_US	59776
LIST_EXNEXT_400_ENTRIES_REPEAT10_TOTAL_US	547261
LIST_EXALL_400_ENTRIES_FIRST_PASS_US	31295
LIST_EXALL_400_ENTRIES_REPEAT10_TOTAL_US	311358
LIST_EXNEXT_1000_ENTRIES_FIRST_PASS_US	145791
LIST_EXNEXT_1000_ENTRIES_REPEAT10_TOTAL_US	1405175
LIST_EXALL_1000_ENTRIES_FIRST_PASS_US	89473
LIST_EXALL_1000_ENTRIES_REPEAT10_TOTAL_US	778876
PASS	1

=== PFS3 Results ===
FS_DURABLE_COMPARE	4
DRIVE	DH2:
SMALL_CREATE_40_US	18432
LOOKUP_400_US	65727
SMALL_READ_40_US	14464
LIST_EXNEXT_400_US	12223
LIST_EXALL_400_US	2495
SEQ_WRITE_8M_US	47617
SEQ_READ_8M_US	265790
SMALL_DELETE_40_US	8832
APPEND_4K_1M_US	35008
APPEND_1K_256K_US	24575
APPEND_READ_1280K_US	41665
LIST_EXNEXT_40_ENTRIES_FIRST_PASS_US	1600
LIST_EXNEXT_40_ENTRIES_REPEAT10_TOTAL_US	12352
LIST_EXALL_40_ENTRIES_FIRST_PASS_US	640
LIST_EXALL_40_ENTRIES_REPEAT10_TOTAL_US	2497
LIST_EXNEXT_400_ENTRIES_FIRST_PASS_US	12800
LIST_EXNEXT_400_ENTRIES_REPEAT10_TOTAL_US	111488
LIST_EXALL_400_ENTRIES_FIRST_PASS_US	2945
LIST_EXALL_400_ENTRIES_REPEAT10_TOTAL_US	20142
LIST_EXNEXT_1000_ENTRIES_FIRST_PASS_US	33856
LIST_EXNEXT_1000_ENTRIES_REPEAT10_TOTAL_US	299582
LIST_EXALL_1000_ENTRIES_FIRST_PASS_US	6400
LIST_EXALL_1000_ENTRIES_REPEAT10_TOTAL_US	49728
PASS	1
PASS: requested mounted-volume workload outputs are complete and data-checked
