=== BFS vs PFS3 Benchmark (FS-UAE 68040) ===
Evidence directory: /home/fabian/.cache/bfs-performance/append-attr2-2026-10-10.xibtLq/results/append2-prod-5-bfs-first-ref
Mode: compare
Timeout: 600s


=== Machine Info ===
# Machine Info
Kickstart 47.102, Workbench 47.2
System: 68040 68040/060-FPU   (INST: Cache Burst) (DATA: NoCache NoBurst)
Type  Available    In-Use   Maximum   Largest
chip    2028040     52728   2080768   2027968
fast    7532616    855992   8388608   7527544
total   9560656    908720  10469376   7527544


Mounted disks:
Unit      Size       Used       Free Full Errs   Status   Name
DF0       No disk present
DH0      4095M    4194304    4194303  50%   0  Read/Write System
DH1       255M         36      65372   0%   0  Read/Write BFSTest
DH2       Not a DOS disk

Volumes available:
BFSTest [Mounted]
System [Mounted]

=== BFS Results ===
FS_COMPARE_BENCH	4
DRIVE	DH1:
SMALL_CREATE_40_US	29951
LOOKUP_400_US	58432
SMALL_READ_40_US	17664
LIST_EXNEXT_400_US	27008
LIST_EXALL_400_US	7743
SEQ_WRITE_8M_US	28160
SEQ_READ_8M_US	267711
SMALL_DELETE_40_US	14400
APPEND_4K_1M_US	53510
APPEND_1K_256K_US	43328
APPEND_READ_1280K_US	44487
LIST_EXNEXT_40_ENTRIES_FIRST_PASS_US	4543
LIST_EXNEXT_40_ENTRIES_REPEAT10_TOTAL_US	28928
LIST_EXALL_40_ENTRIES_FIRST_PASS_US	2111
LIST_EXALL_40_ENTRIES_REPEAT10_TOTAL_US	8575
LIST_EXNEXT_400_ENTRIES_FIRST_PASS_US	49855
LIST_EXNEXT_400_ENTRIES_REPEAT10_TOTAL_US	286652
LIST_EXALL_400_ENTRIES_FIRST_PASS_US	16512
LIST_EXALL_400_ENTRIES_REPEAT10_TOTAL_US	78655
LIST_EXNEXT_1000_ENTRIES_FIRST_PASS_US	102143
LIST_EXNEXT_1000_ENTRIES_REPEAT10_TOTAL_US	730172
LIST_EXALL_1000_ENTRIES_FIRST_PASS_US	39297
LIST_EXALL_1000_ENTRIES_REPEAT10_TOTAL_US	249470
PASS	1

=== PFS3 Results ===
FS_COMPARE_BENCH	4
DRIVE	DH2:
SMALL_CREATE_40_US	17600
LOOKUP_400_US	81279
SMALL_READ_40_US	14976
LIST_EXNEXT_400_US	12352
LIST_EXALL_400_US	2560
SEQ_WRITE_8M_US	41279
SEQ_READ_8M_US	268459
SMALL_DELETE_40_US	8000
APPEND_4K_1M_US	32766
APPEND_1K_256K_US	23297
APPEND_READ_1280K_US	40960
LIST_EXNEXT_40_ENTRIES_FIRST_PASS_US	1536
LIST_EXNEXT_40_ENTRIES_REPEAT10_TOTAL_US	12671
LIST_EXALL_40_ENTRIES_FIRST_PASS_US	704
LIST_EXALL_40_ENTRIES_REPEAT10_TOTAL_US	3840
LIST_EXNEXT_400_ENTRIES_FIRST_PASS_US	18432
LIST_EXNEXT_400_ENTRIES_REPEAT10_TOTAL_US	113964
LIST_EXALL_400_ENTRIES_FIRST_PASS_US	2687
LIST_EXALL_400_ENTRIES_REPEAT10_TOTAL_US	20416
LIST_EXNEXT_1000_ENTRIES_FIRST_PASS_US	29568
LIST_EXNEXT_1000_ENTRIES_REPEAT10_TOTAL_US	282622
LIST_EXALL_1000_ENTRIES_FIRST_PASS_US	6080
LIST_EXALL_1000_ENTRIES_REPEAT10_TOTAL_US	63488
PASS	1
PASS: requested mounted-volume workload outputs are complete and data-checked
