=== BFS vs PFS3 Benchmark (FS-UAE 68040) ===
Evidence directory: /home/fabian/.cache/bfs-performance/exnext-2026-10-10.8MRoga/results/exnext-5-bfs-first-candidate
Mode: compare
Timeout: 600s


=== Machine Info ===
# Machine Info
Kickstart 47.102, Workbench 47.2
System: 68040 68040/060-FPU   (INST: Cache Burst) (DATA: NoCache NoBurst)
Type  Available    In-Use   Maximum   Largest
chip    2028040     52728   2080768   2027968
fast    7531240    857368   8388608   7526176
total   9559280    910096  10469376   7526176


Mounted disks:
Unit      Size       Used       Free Full Errs   Status   Name
DF0       No disk present
DH0      4095M    4194304    4194303  50%   0  Read/Write System
DH1       255M         36      65372   0%   0  Read/Write BFSTest
DH2       Not a DOS disk

Volumes available:
BFSTest [Mounted]
System [Mounted]

=== BFS Results ===
FS_COMPARE_BENCH	4
DRIVE	DH1:
SMALL_CREATE_40_US	32959
LOOKUP_400_US	65792
SMALL_READ_40_US	18560
LIST_EXNEXT_400_US	23616
LIST_EXALL_400_US	18944
SEQ_WRITE_8M_US	57216
SEQ_READ_8M_US	286525
SMALL_DELETE_40_US	13888
APPEND_4K_1M_US	55488
APPEND_1K_256K_US	44224
APPEND_READ_1280K_US	43840
LIST_EXNEXT_40_ENTRIES_FIRST_PASS_US	3713
LIST_EXNEXT_40_ENTRIES_REPEAT10_TOTAL_US	21727
LIST_EXALL_40_ENTRIES_FIRST_PASS_US	2240
LIST_EXALL_40_ENTRIES_REPEAT10_TOTAL_US	8576
LIST_EXNEXT_400_ENTRIES_FIRST_PASS_US	30784
LIST_EXNEXT_400_ENTRIES_REPEAT10_TOTAL_US	224255
LIST_EXALL_400_ENTRIES_FIRST_PASS_US	16960
LIST_EXALL_400_ENTRIES_REPEAT10_TOTAL_US	76588
LIST_EXNEXT_1000_ENTRIES_FIRST_PASS_US	77631
LIST_EXNEXT_1000_ENTRIES_REPEAT10_TOTAL_US	544125
LIST_EXALL_1000_ENTRIES_FIRST_PASS_US	41152
LIST_EXALL_1000_ENTRIES_REPEAT10_TOTAL_US	218239
PASS	1

=== PFS3 Results ===
FS_COMPARE_BENCH	4
DRIVE	DH2:
SMALL_CREATE_40_US	19457
LOOKUP_400_US	83006
SMALL_READ_40_US	17600
LIST_EXNEXT_400_US	13055
LIST_EXALL_400_US	2496
SEQ_WRITE_8M_US	68288
SEQ_READ_8M_US	350718
SMALL_DELETE_40_US	7808
APPEND_4K_1M_US	33920
APPEND_1K_256K_US	23596
APPEND_READ_1280K_US	42111
LIST_EXNEXT_40_ENTRIES_FIRST_PASS_US	1600
LIST_EXNEXT_40_ENTRIES_REPEAT10_TOTAL_US	12160
LIST_EXALL_40_ENTRIES_FIRST_PASS_US	511
LIST_EXALL_40_ENTRIES_REPEAT10_TOTAL_US	2496
LIST_EXNEXT_400_ENTRIES_FIRST_PASS_US	13120
LIST_EXNEXT_400_ENTRIES_REPEAT10_TOTAL_US	115584
LIST_EXALL_400_ENTRIES_FIRST_PASS_US	2880
LIST_EXALL_400_ENTRIES_REPEAT10_TOTAL_US	20545
LIST_EXNEXT_1000_ENTRIES_FIRST_PASS_US	40128
LIST_EXNEXT_1000_ENTRIES_REPEAT10_TOTAL_US	298302
LIST_EXALL_1000_ENTRIES_FIRST_PASS_US	6527
LIST_EXALL_1000_ENTRIES_REPEAT10_TOTAL_US	50367
PASS	1
PASS: requested mounted-volume workload outputs are complete and data-checked
