ERROR: missing expected run directories:
  exact-key-deep-20261009-fast-1-bfs-first
  exact-key-deep-20261009-fast-2-pfs3-first
  exact-key-durable-20261009-fast-2-pfs3-first
  exact-key-durable-20261009-fast-3-bfs-first
  exact-key-durable-20261009-fast-4-pfs3-first
  exact-key-durable-20261009-fast-5-bfs-first
  exact-key-durable-20261009-fast-6-pfs3-first
  exact-key-durable-20261009-fast-7-bfs-first
  exact-key-durable-20261009-fast-8-pfs3-first
  exact-key-durable-20261009-m3-2-pfs3-first
  exact-key-durable-20261009-m3-3-bfs-first
  exact-key-durable-20261009-m3-4-pfs3-first
  exact-key-durable-20261009-m3-5-bfs-first
  exact-key-durable-20261009-m3-6-pfs3-first
  exact-key-durable-20261009-m3-7-bfs-first
  exact-key-durable-20261009-m3-8-pfs3-first
  exact-key-durable-20261009-range-2-pfs3-first
  exact-key-durable-20261009-range-3-bfs-first
  exact-key-durable-20261009-range-4-pfs3-first
  exact-key-durable-20261009-range-5-bfs-first
  exact-key-durable-20261009-range-6-pfs3-first
  exact-key-durable-20261009-range-7-bfs-first
  exact-key-durable-20261009-range-8-pfs3-first
Inventory mode: full qualification; required=50. No PASS-based run filtering is applied.
