./amiga-compatibility/damaged-version/fs-uae.log: OK
./amiga-compatibility/damaged-version/system/S/Startup-Sequence: OK
./amiga-compatibility/damaged-version/system/compatibility.result: OK
./amiga-compatibility/damaged-version/test.fs-uae: OK
./amiga-compatibility/format/fs-uae.log: OK
./amiga-compatibility/format/system/S/Startup-Sequence: OK
./amiga-compatibility/format/system/compatibility.result: OK
./amiga-compatibility/format/system/format-message.txt: OK
./amiga-compatibility/format/test.fs-uae: OK
./amiga-compatibility/new-backup/fs-uae.log: OK
./amiga-compatibility/new-backup/system/S/Startup-Sequence: OK
./amiga-compatibility/new-backup/system/compatibility.result: OK
./amiga-compatibility/new-backup/system/diagnosis.txt: OK
./amiga-compatibility/new-backup/system/format-message.txt: OK
./amiga-compatibility/new-backup/test.fs-uae: OK
./amiga-compatibility/new-primary/fs-uae.log: OK
./amiga-compatibility/new-primary/system/S/Startup-Sequence: OK
./amiga-compatibility/new-primary/system/compatibility.result: OK
./amiga-compatibility/new-primary/system/diagnosis.txt: OK
./amiga-compatibility/new-primary/system/format-message.txt: OK
./amiga-compatibility/new-primary/test.fs-uae: OK
./amiga-compatibility/options-backup/fs-uae.log: OK
./amiga-compatibility/options-backup/system/S/Startup-Sequence: OK
./amiga-compatibility/options-backup/system/compatibility.result: OK
./amiga-compatibility/options-backup/system/diagnosis.txt: OK
./amiga-compatibility/options-backup/system/format-message.txt: OK
./amiga-compatibility/options-backup/test.fs-uae: OK
./amiga-compatibility/options-primary/fs-uae.log: OK
./amiga-compatibility/options-primary/system/S/Startup-Sequence: OK
./amiga-compatibility/options-primary/system/compatibility.result: OK
./amiga-compatibility/options-primary/system/diagnosis.txt: OK
./amiga-compatibility/options-primary/system/format-message.txt: OK
./amiga-compatibility/options-primary/test.fs-uae: OK
./amiga-compatibility/snapshot-commands/fs-uae.log: OK
./amiga-compatibility/snapshot-commands/system/S/Startup-Sequence: OK
./amiga-compatibility/snapshot-commands/system/check-missing-drive.txt: OK
./amiga-compatibility/snapshot-commands/system/check.txt: OK
./amiga-compatibility/snapshot-commands/system/compatibility.result: OK
./amiga-compatibility/snapshot-commands/system/fixture-create.txt: OK
./amiga-compatibility/snapshot-commands/system/info-missing-drive.txt: OK
./amiga-compatibility/snapshot-commands/system/info.txt: OK
./amiga-compatibility/snapshot-commands/system/snapshot-create.txt: OK
./amiga-compatibility/snapshot-commands/system/snapshot-delete-busy.txt: OK
./amiga-compatibility/snapshot-commands/system/snapshot-delete-still-busy.txt: OK
./amiga-compatibility/snapshot-commands/system/snapshot-delete.txt: OK
./amiga-compatibility/snapshot-commands/system/snapshot-dir-dirs.txt: OK
./amiga-compatibility/snapshot-commands/system/snapshot-dir-files.txt: OK
./amiga-compatibility/snapshot-commands/system/snapshot-dir.txt: OK
./amiga-compatibility/snapshot-commands/system/snapshot-inspect-files.txt: OK
./amiga-compatibility/snapshot-commands/system/snapshot-inspect.txt: OK
./amiga-compatibility/snapshot-commands/system/snapshot-invalid-name.txt: OK
./amiga-compatibility/snapshot-commands/system/snapshot-invalid-option.txt: OK
./amiga-compatibility/snapshot-commands/system/snapshot-list.txt: OK
./amiga-compatibility/snapshot-commands/system/snapshot-missing-name.txt: OK
./amiga-compatibility/snapshot-commands/system/snapshot-mount-collision.txt: OK
./amiga-compatibility/snapshot-commands/system/snapshot-mount.txt: OK
./amiga-compatibility/snapshot-commands/system/snapshot-mounted-before-live-change.txt: OK
./amiga-compatibility/snapshot-commands/system/snapshot-mounted-file.txt: OK
./amiga-compatibility/snapshot-commands/system/snapshot-second-mount.txt: OK
./amiga-compatibility/snapshot-commands/system/snapshot-second-mounted-file.txt: OK
./amiga-compatibility/snapshot-commands/system/snapshot-second-unmount.txt: OK
./amiga-compatibility/snapshot-commands/system/snapshot-second-unmounted.txt: OK
./amiga-compatibility/snapshot-commands/system/snapshot-unmount.txt: OK
./amiga-compatibility/snapshot-commands/system/snapshot-unmounted.txt: OK
./amiga-compatibility/snapshot-commands/test.fs-uae: OK
./amiga-compatibility/v2/fs-uae.log: OK
./amiga-compatibility/v2/system/S/Startup-Sequence: OK
./amiga-compatibility/v2/system/compatibility.result: OK
./amiga-compatibility/v2/system/format-message.txt: OK
./amiga-compatibility/v2/test.fs-uae: OK
./amiga-compatibility/v3/fs-uae.log: OK
./amiga-compatibility/v3/system/S/Startup-Sequence: OK
./amiga-compatibility/v3/system/compatibility.result: OK
./amiga-compatibility/v3/test.fs-uae: OK
./amiga-integration/run.vFstMh/ci-test.fs-uae: OK
./amiga-integration/run.vFstMh/fs-uae.log: OK
./amiga-integration/run.vFstMh/system/S/Startup-Sequence: OK
./amiga-integration/run.vFstMh/system/bfs-test.result: OK
./amiga-integration/run.vFstMh/system/bfs-test.result.done: OK
./amiga-integration/run.vFstMh/system/bfs-test.result.done.uaem: OK
./amiga-integration/run.vFstMh/system/bfs-test.result.uaem: OK
./amiga-integration/run.vFstMh/test-cases.def: OK
./cache-capacity-20261008-b128-1-bfs-first/bench.fs-uae: OK
./cache-capacity-20261008-b128-1-bfs-first/bfs-rdb-info.txt: OK
./cache-capacity-20261008-b128-1-bfs-first/bfs-rdb.json: OK
./cache-capacity-20261008-b128-1-bfs-first/fs-uae.log: OK
./cache-capacity-20261008-b128-1-bfs-first/run.log: OK
./cache-capacity-20261008-b128-1-bfs-first/runtime-inputs.sha256: OK
./cache-capacity-20261008-b128-1-bfs-first/system/Results/bfs.tsv: OK
./cache-capacity-20261008-b128-1-bfs-first/system/Results/bfs.tsv.uaem: OK
./cache-capacity-20261008-b128-1-bfs-first/system/Results/complete.txt: OK
./cache-capacity-20261008-b128-1-bfs-first/system/Results/complete.txt.uaem: OK
./cache-capacity-20261008-b128-1-bfs-first/system/Results/format-pfs3.txt: OK
./cache-capacity-20261008-b128-1-bfs-first/system/Results/format-pfs3.txt.uaem: OK
./cache-capacity-20261008-b128-1-bfs-first/system/Results/info-after-format.txt: OK
./cache-capacity-20261008-b128-1-bfs-first/system/Results/info-after-format.txt.uaem: OK
./cache-capacity-20261008-b128-1-bfs-first/system/Results/info.txt: OK
./cache-capacity-20261008-b128-1-bfs-first/system/Results/info.txt.uaem: OK
./cache-capacity-20261008-b128-1-bfs-first/system/Results/pfs3.tsv: OK
./cache-capacity-20261008-b128-1-bfs-first/system/Results/pfs3.tsv.uaem: OK
./cache-capacity-20261008-b128-1-bfs-first/system/Results/phase-bfs.txt: OK
./cache-capacity-20261008-b128-1-bfs-first/system/Results/phase-bfs.txt.uaem: OK
./cache-capacity-20261008-b128-1-bfs-first/system/Results/phase-pfs3.txt: OK
./cache-capacity-20261008-b128-1-bfs-first/system/Results/phase-pfs3.txt.uaem: OK
./cache-capacity-20261008-b128-1-bfs-first/system/S/Startup-Sequence: OK
./cache-capacity-20261008-b128-2-pfs3-first/bench.fs-uae: OK
./cache-capacity-20261008-b128-2-pfs3-first/bfs-rdb-info.txt: OK
./cache-capacity-20261008-b128-2-pfs3-first/bfs-rdb.json: OK
./cache-capacity-20261008-b128-2-pfs3-first/fs-uae.log: OK
./cache-capacity-20261008-b128-2-pfs3-first/run.log: OK
./cache-capacity-20261008-b128-2-pfs3-first/runtime-inputs.sha256: OK
./cache-capacity-20261008-b128-2-pfs3-first/system/Results/bfs.tsv: OK
./cache-capacity-20261008-b128-2-pfs3-first/system/Results/bfs.tsv.uaem: OK
./cache-capacity-20261008-b128-2-pfs3-first/system/Results/complete.txt: OK
./cache-capacity-20261008-b128-2-pfs3-first/system/Results/complete.txt.uaem: OK
./cache-capacity-20261008-b128-2-pfs3-first/system/Results/format-pfs3.txt: OK
./cache-capacity-20261008-b128-2-pfs3-first/system/Results/format-pfs3.txt.uaem: OK
./cache-capacity-20261008-b128-2-pfs3-first/system/Results/info-after-format.txt: OK
./cache-capacity-20261008-b128-2-pfs3-first/system/Results/info-after-format.txt.uaem: OK
./cache-capacity-20261008-b128-2-pfs3-first/system/Results/info.txt: OK
./cache-capacity-20261008-b128-2-pfs3-first/system/Results/info.txt.uaem: OK
./cache-capacity-20261008-b128-2-pfs3-first/system/Results/pfs3.tsv: OK
./cache-capacity-20261008-b128-2-pfs3-first/system/Results/pfs3.tsv.uaem: OK
./cache-capacity-20261008-b128-2-pfs3-first/system/Results/phase-bfs.txt: OK
./cache-capacity-20261008-b128-2-pfs3-first/system/Results/phase-bfs.txt.uaem: OK
./cache-capacity-20261008-b128-2-pfs3-first/system/Results/phase-pfs3.txt: OK
./cache-capacity-20261008-b128-2-pfs3-first/system/Results/phase-pfs3.txt.uaem: OK
./cache-capacity-20261008-b128-2-pfs3-first/system/S/Startup-Sequence: OK
./cache-capacity-20261008-b30-1-bfs-first/bench.fs-uae: OK
./cache-capacity-20261008-b30-1-bfs-first/bfs-rdb-info.txt: OK
./cache-capacity-20261008-b30-1-bfs-first/bfs-rdb.json: OK
./cache-capacity-20261008-b30-1-bfs-first/fs-uae.log: OK
./cache-capacity-20261008-b30-1-bfs-first/run.log: OK
./cache-capacity-20261008-b30-1-bfs-first/runtime-inputs.sha256: OK
./cache-capacity-20261008-b30-1-bfs-first/system/Results/bfs.tsv: OK
./cache-capacity-20261008-b30-1-bfs-first/system/Results/bfs.tsv.uaem: OK
./cache-capacity-20261008-b30-1-bfs-first/system/Results/complete.txt: OK
./cache-capacity-20261008-b30-1-bfs-first/system/Results/complete.txt.uaem: OK
./cache-capacity-20261008-b30-1-bfs-first/system/Results/format-pfs3.txt: OK
./cache-capacity-20261008-b30-1-bfs-first/system/Results/format-pfs3.txt.uaem: OK
./cache-capacity-20261008-b30-1-bfs-first/system/Results/info-after-format.txt: OK
./cache-capacity-20261008-b30-1-bfs-first/system/Results/info-after-format.txt.uaem: OK
./cache-capacity-20261008-b30-1-bfs-first/system/Results/info.txt: OK
./cache-capacity-20261008-b30-1-bfs-first/system/Results/info.txt.uaem: OK
./cache-capacity-20261008-b30-1-bfs-first/system/Results/pfs3.tsv: OK
./cache-capacity-20261008-b30-1-bfs-first/system/Results/pfs3.tsv.uaem: OK
./cache-capacity-20261008-b30-1-bfs-first/system/Results/phase-bfs.txt: OK
./cache-capacity-20261008-b30-1-bfs-first/system/Results/phase-bfs.txt.uaem: OK
./cache-capacity-20261008-b30-1-bfs-first/system/Results/phase-pfs3.txt: OK
./cache-capacity-20261008-b30-1-bfs-first/system/Results/phase-pfs3.txt.uaem: OK
./cache-capacity-20261008-b30-1-bfs-first/system/S/Startup-Sequence: OK
./cache-capacity-20261008-b30-2-pfs3-first/bench.fs-uae: OK
./cache-capacity-20261008-b30-2-pfs3-first/bfs-rdb-info.txt: OK
./cache-capacity-20261008-b30-2-pfs3-first/bfs-rdb.json: OK
./cache-capacity-20261008-b30-2-pfs3-first/fs-uae.log: OK
./cache-capacity-20261008-b30-2-pfs3-first/run.log: OK
./cache-capacity-20261008-b30-2-pfs3-first/runtime-inputs.sha256: OK
./cache-capacity-20261008-b30-2-pfs3-first/system/Results/bfs.tsv: OK
./cache-capacity-20261008-b30-2-pfs3-first/system/Results/bfs.tsv.uaem: OK
./cache-capacity-20261008-b30-2-pfs3-first/system/Results/complete.txt: OK
./cache-capacity-20261008-b30-2-pfs3-first/system/Results/complete.txt.uaem: OK
./cache-capacity-20261008-b30-2-pfs3-first/system/Results/format-pfs3.txt: OK
./cache-capacity-20261008-b30-2-pfs3-first/system/Results/format-pfs3.txt.uaem: OK
./cache-capacity-20261008-b30-2-pfs3-first/system/Results/info-after-format.txt: OK
./cache-capacity-20261008-b30-2-pfs3-first/system/Results/info-after-format.txt.uaem: OK
./cache-capacity-20261008-b30-2-pfs3-first/system/Results/info.txt: OK
./cache-capacity-20261008-b30-2-pfs3-first/system/Results/info.txt.uaem: OK
./cache-capacity-20261008-b30-2-pfs3-first/system/Results/pfs3.tsv: OK
./cache-capacity-20261008-b30-2-pfs3-first/system/Results/pfs3.tsv.uaem: OK
./cache-capacity-20261008-b30-2-pfs3-first/system/Results/phase-bfs.txt: OK
./cache-capacity-20261008-b30-2-pfs3-first/system/Results/phase-bfs.txt.uaem: OK
./cache-capacity-20261008-b30-2-pfs3-first/system/Results/phase-pfs3.txt: OK
./cache-capacity-20261008-b30-2-pfs3-first/system/Results/phase-pfs3.txt.uaem: OK
./cache-capacity-20261008-b30-2-pfs3-first/system/S/Startup-Sequence: OK
./cache-capacity-20261008-b64-1-bfs-first/bench.fs-uae: OK
./cache-capacity-20261008-b64-1-bfs-first/bfs-rdb-info.txt: OK
./cache-capacity-20261008-b64-1-bfs-first/bfs-rdb.json: OK
./cache-capacity-20261008-b64-1-bfs-first/fs-uae.log: OK
./cache-capacity-20261008-b64-1-bfs-first/run.log: OK
./cache-capacity-20261008-b64-1-bfs-first/runtime-inputs.sha256: OK
./cache-capacity-20261008-b64-1-bfs-first/system/Results/bfs.tsv: OK
./cache-capacity-20261008-b64-1-bfs-first/system/Results/bfs.tsv.uaem: OK
./cache-capacity-20261008-b64-1-bfs-first/system/Results/complete.txt: OK
./cache-capacity-20261008-b64-1-bfs-first/system/Results/complete.txt.uaem: OK
./cache-capacity-20261008-b64-1-bfs-first/system/Results/format-pfs3.txt: OK
./cache-capacity-20261008-b64-1-bfs-first/system/Results/format-pfs3.txt.uaem: OK
./cache-capacity-20261008-b64-1-bfs-first/system/Results/info-after-format.txt: OK
./cache-capacity-20261008-b64-1-bfs-first/system/Results/info-after-format.txt.uaem: OK
./cache-capacity-20261008-b64-1-bfs-first/system/Results/info.txt: OK
./cache-capacity-20261008-b64-1-bfs-first/system/Results/info.txt.uaem: OK
./cache-capacity-20261008-b64-1-bfs-first/system/Results/pfs3.tsv: OK
./cache-capacity-20261008-b64-1-bfs-first/system/Results/pfs3.tsv.uaem: OK
./cache-capacity-20261008-b64-1-bfs-first/system/Results/phase-bfs.txt: OK
./cache-capacity-20261008-b64-1-bfs-first/system/Results/phase-bfs.txt.uaem: OK
./cache-capacity-20261008-b64-1-bfs-first/system/Results/phase-pfs3.txt: OK
./cache-capacity-20261008-b64-1-bfs-first/system/Results/phase-pfs3.txt.uaem: OK
./cache-capacity-20261008-b64-1-bfs-first/system/S/Startup-Sequence: OK
./cache-capacity-20261008-b64-2-pfs3-first/bench.fs-uae: OK
./cache-capacity-20261008-b64-2-pfs3-first/bfs-rdb-info.txt: OK
./cache-capacity-20261008-b64-2-pfs3-first/bfs-rdb.json: OK
./cache-capacity-20261008-b64-2-pfs3-first/fs-uae.log: OK
./cache-capacity-20261008-b64-2-pfs3-first/run.log: OK
./cache-capacity-20261008-b64-2-pfs3-first/runtime-inputs.sha256: OK
./cache-capacity-20261008-b64-2-pfs3-first/system/Results/bfs.tsv: OK
./cache-capacity-20261008-b64-2-pfs3-first/system/Results/bfs.tsv.uaem: OK
./cache-capacity-20261008-b64-2-pfs3-first/system/Results/complete.txt: OK
./cache-capacity-20261008-b64-2-pfs3-first/system/Results/complete.txt.uaem: OK
./cache-capacity-20261008-b64-2-pfs3-first/system/Results/format-pfs3.txt: OK
./cache-capacity-20261008-b64-2-pfs3-first/system/Results/format-pfs3.txt.uaem: OK
./cache-capacity-20261008-b64-2-pfs3-first/system/Results/info-after-format.txt: OK
./cache-capacity-20261008-b64-2-pfs3-first/system/Results/info-after-format.txt.uaem: OK
./cache-capacity-20261008-b64-2-pfs3-first/system/Results/info.txt: OK
./cache-capacity-20261008-b64-2-pfs3-first/system/Results/info.txt.uaem: OK
./cache-capacity-20261008-b64-2-pfs3-first/system/Results/pfs3.tsv: OK
./cache-capacity-20261008-b64-2-pfs3-first/system/Results/pfs3.tsv.uaem: OK
./cache-capacity-20261008-b64-2-pfs3-first/system/Results/phase-bfs.txt: OK
./cache-capacity-20261008-b64-2-pfs3-first/system/Results/phase-bfs.txt.uaem: OK
./cache-capacity-20261008-b64-2-pfs3-first/system/Results/phase-pfs3.txt: OK
./cache-capacity-20261008-b64-2-pfs3-first/system/Results/phase-pfs3.txt.uaem: OK
./cache-capacity-20261008-b64-2-pfs3-first/system/S/Startup-Sequence: OK
./cache-capacity-series.log: OK
./cache-size-host.s: OK
./cache-size-m68k.s: OK
./cache-size.c: OK
./compatibility-final.log: OK
./conformance-final.log: OK
./conformance-incomplete-export.log: OK
./durable-only-summary.tsv: OK
./encode-format-logs.py: OK
./focused-host-repaired.log: OK
./focused-host.log: OK
./focused-sanitize-repaired.log: OK
./focused-sanitize.log: OK
./host-final.log: OK
./input-binaries-final.txt: OK
./integrated-source.patch: OK
./integration-final.log: OK
./leaf-range-deep-20261008-range-1-bfs-first/bench.fs-uae: OK
./leaf-range-deep-20261008-range-1-bfs-first/bfs-rdb-info.txt: OK
./leaf-range-deep-20261008-range-1-bfs-first/bfs-rdb.json: OK
./leaf-range-deep-20261008-range-1-bfs-first/fs-uae.log: OK
./leaf-range-deep-20261008-range-1-bfs-first/run.log: OK
./leaf-range-deep-20261008-range-1-bfs-first/runtime-inputs.sha256: OK
./leaf-range-deep-20261008-range-1-bfs-first/system/Results/bfs.deep-compare.tsv: OK
./leaf-range-deep-20261008-range-1-bfs-first/system/Results/bfs.deep-compare.tsv.uaem: OK
./leaf-range-deep-20261008-range-1-bfs-first/system/Results/complete.txt: OK
./leaf-range-deep-20261008-range-1-bfs-first/system/Results/complete.txt.uaem: OK
./leaf-range-deep-20261008-range-1-bfs-first/system/Results/format-pfs3.txt: OK
./leaf-range-deep-20261008-range-1-bfs-first/system/Results/format-pfs3.txt.uaem: OK
./leaf-range-deep-20261008-range-1-bfs-first/system/Results/info-after-format.txt: OK
./leaf-range-deep-20261008-range-1-bfs-first/system/Results/info-after-format.txt.uaem: OK
./leaf-range-deep-20261008-range-1-bfs-first/system/Results/info.txt: OK
./leaf-range-deep-20261008-range-1-bfs-first/system/Results/info.txt.uaem: OK
./leaf-range-deep-20261008-range-1-bfs-first/system/Results/pfs3.deep-compare.tsv: OK
./leaf-range-deep-20261008-range-1-bfs-first/system/Results/pfs3.deep-compare.tsv.uaem: OK
./leaf-range-deep-20261008-range-1-bfs-first/system/Results/phase-bfs.txt: OK
./leaf-range-deep-20261008-range-1-bfs-first/system/Results/phase-bfs.txt.uaem: OK
./leaf-range-deep-20261008-range-1-bfs-first/system/Results/phase-pfs3.txt: OK
./leaf-range-deep-20261008-range-1-bfs-first/system/Results/phase-pfs3.txt.uaem: OK
./leaf-range-deep-20261008-range-1-bfs-first/system/S/Startup-Sequence: OK
./leaf-range-deep-20261008-range-2-pfs3-first/bench.fs-uae: OK
./leaf-range-deep-20261008-range-2-pfs3-first/bfs-rdb-info.txt: OK
./leaf-range-deep-20261008-range-2-pfs3-first/bfs-rdb.json: OK
./leaf-range-deep-20261008-range-2-pfs3-first/fs-uae.log: OK
./leaf-range-deep-20261008-range-2-pfs3-first/run.log: OK
./leaf-range-deep-20261008-range-2-pfs3-first/runtime-inputs.sha256: OK
./leaf-range-deep-20261008-range-2-pfs3-first/system/Results/bfs.deep-compare.tsv: OK
./leaf-range-deep-20261008-range-2-pfs3-first/system/Results/bfs.deep-compare.tsv.uaem: OK
./leaf-range-deep-20261008-range-2-pfs3-first/system/Results/complete.txt: OK
./leaf-range-deep-20261008-range-2-pfs3-first/system/Results/complete.txt.uaem: OK
./leaf-range-deep-20261008-range-2-pfs3-first/system/Results/format-pfs3.txt: OK
./leaf-range-deep-20261008-range-2-pfs3-first/system/Results/format-pfs3.txt.uaem: OK
./leaf-range-deep-20261008-range-2-pfs3-first/system/Results/info-after-format.txt: OK
./leaf-range-deep-20261008-range-2-pfs3-first/system/Results/info-after-format.txt.uaem: OK
./leaf-range-deep-20261008-range-2-pfs3-first/system/Results/info.txt: OK
./leaf-range-deep-20261008-range-2-pfs3-first/system/Results/info.txt.uaem: OK
./leaf-range-deep-20261008-range-2-pfs3-first/system/Results/pfs3.deep-compare.tsv: OK
./leaf-range-deep-20261008-range-2-pfs3-first/system/Results/pfs3.deep-compare.tsv.uaem: OK
./leaf-range-deep-20261008-range-2-pfs3-first/system/Results/phase-bfs.txt: OK
./leaf-range-deep-20261008-range-2-pfs3-first/system/Results/phase-bfs.txt.uaem: OK
./leaf-range-deep-20261008-range-2-pfs3-first/system/Results/phase-pfs3.txt: OK
./leaf-range-deep-20261008-range-2-pfs3-first/system/Results/phase-pfs3.txt.uaem: OK
./leaf-range-deep-20261008-range-2-pfs3-first/system/S/Startup-Sequence: OK
./leaf-range-deep-series.log: OK
./leaf-range-durable-20261008-m3-1-bfs-first/bench.fs-uae: OK
./leaf-range-durable-20261008-m3-1-bfs-first/bfs-rdb-info.txt: OK
./leaf-range-durable-20261008-m3-1-bfs-first/bfs-rdb.json: OK
./leaf-range-durable-20261008-m3-1-bfs-first/fs-uae.log: OK
./leaf-range-durable-20261008-m3-1-bfs-first/run.log: OK
./leaf-range-durable-20261008-m3-1-bfs-first/runtime-inputs.sha256: OK
./leaf-range-durable-20261008-m3-1-bfs-first/system/Results/bfs.durable.tsv: OK
./leaf-range-durable-20261008-m3-1-bfs-first/system/Results/bfs.durable.tsv.uaem: OK
./leaf-range-durable-20261008-m3-1-bfs-first/system/Results/complete.txt: OK
./leaf-range-durable-20261008-m3-1-bfs-first/system/Results/complete.txt.uaem: OK
./leaf-range-durable-20261008-m3-1-bfs-first/system/Results/format-pfs3.txt: OK
./leaf-range-durable-20261008-m3-1-bfs-first/system/Results/format-pfs3.txt.uaem: OK
./leaf-range-durable-20261008-m3-1-bfs-first/system/Results/info-after-format.txt: OK
./leaf-range-durable-20261008-m3-1-bfs-first/system/Results/info-after-format.txt.uaem: OK
./leaf-range-durable-20261008-m3-1-bfs-first/system/Results/info.txt: OK
./leaf-range-durable-20261008-m3-1-bfs-first/system/Results/info.txt.uaem: OK
./leaf-range-durable-20261008-m3-1-bfs-first/system/Results/pfs3.durable.tsv: OK
./leaf-range-durable-20261008-m3-1-bfs-first/system/Results/pfs3.durable.tsv.uaem: OK
./leaf-range-durable-20261008-m3-1-bfs-first/system/Results/phase-bfs.txt: OK
./leaf-range-durable-20261008-m3-1-bfs-first/system/Results/phase-bfs.txt.uaem: OK
./leaf-range-durable-20261008-m3-1-bfs-first/system/Results/phase-pfs3.txt: OK
./leaf-range-durable-20261008-m3-1-bfs-first/system/Results/phase-pfs3.txt.uaem: OK
./leaf-range-durable-20261008-m3-1-bfs-first/system/S/Startup-Sequence: OK
./leaf-range-durable-20261008-m3-2-pfs3-first/bench.fs-uae: OK
./leaf-range-durable-20261008-m3-2-pfs3-first/bfs-rdb-info.txt: OK
./leaf-range-durable-20261008-m3-2-pfs3-first/bfs-rdb.json: OK
./leaf-range-durable-20261008-m3-2-pfs3-first/fs-uae.log: OK
./leaf-range-durable-20261008-m3-2-pfs3-first/run.log: OK
./leaf-range-durable-20261008-m3-2-pfs3-first/runtime-inputs.sha256: OK
./leaf-range-durable-20261008-m3-2-pfs3-first/system/Results/bfs.durable.tsv: OK
./leaf-range-durable-20261008-m3-2-pfs3-first/system/Results/bfs.durable.tsv.uaem: OK
./leaf-range-durable-20261008-m3-2-pfs3-first/system/Results/complete.txt: OK
./leaf-range-durable-20261008-m3-2-pfs3-first/system/Results/complete.txt.uaem: OK
./leaf-range-durable-20261008-m3-2-pfs3-first/system/Results/format-pfs3.txt: OK
./leaf-range-durable-20261008-m3-2-pfs3-first/system/Results/format-pfs3.txt.uaem: OK
./leaf-range-durable-20261008-m3-2-pfs3-first/system/Results/info-after-format.txt: OK
./leaf-range-durable-20261008-m3-2-pfs3-first/system/Results/info-after-format.txt.uaem: OK
./leaf-range-durable-20261008-m3-2-pfs3-first/system/Results/info.txt: OK
./leaf-range-durable-20261008-m3-2-pfs3-first/system/Results/info.txt.uaem: OK
./leaf-range-durable-20261008-m3-2-pfs3-first/system/Results/pfs3.durable.tsv: OK
./leaf-range-durable-20261008-m3-2-pfs3-first/system/Results/pfs3.durable.tsv.uaem: OK
./leaf-range-durable-20261008-m3-2-pfs3-first/system/Results/phase-bfs.txt: OK
./leaf-range-durable-20261008-m3-2-pfs3-first/system/Results/phase-bfs.txt.uaem: OK
./leaf-range-durable-20261008-m3-2-pfs3-first/system/Results/phase-pfs3.txt: OK
./leaf-range-durable-20261008-m3-2-pfs3-first/system/Results/phase-pfs3.txt.uaem: OK
./leaf-range-durable-20261008-m3-2-pfs3-first/system/S/Startup-Sequence: OK
./leaf-range-durable-20261008-m3-3-bfs-first/bench.fs-uae: OK
./leaf-range-durable-20261008-m3-3-bfs-first/bfs-rdb-info.txt: OK
./leaf-range-durable-20261008-m3-3-bfs-first/bfs-rdb.json: OK
./leaf-range-durable-20261008-m3-3-bfs-first/fs-uae.log: OK
./leaf-range-durable-20261008-m3-3-bfs-first/run.log: OK
./leaf-range-durable-20261008-m3-3-bfs-first/runtime-inputs.sha256: OK
./leaf-range-durable-20261008-m3-3-bfs-first/system/Results/bfs.durable.tsv: OK
./leaf-range-durable-20261008-m3-3-bfs-first/system/Results/bfs.durable.tsv.uaem: OK
./leaf-range-durable-20261008-m3-3-bfs-first/system/Results/complete.txt: OK
./leaf-range-durable-20261008-m3-3-bfs-first/system/Results/complete.txt.uaem: OK
./leaf-range-durable-20261008-m3-3-bfs-first/system/Results/format-pfs3.txt: OK
./leaf-range-durable-20261008-m3-3-bfs-first/system/Results/format-pfs3.txt.uaem: OK
./leaf-range-durable-20261008-m3-3-bfs-first/system/Results/info-after-format.txt: OK
./leaf-range-durable-20261008-m3-3-bfs-first/system/Results/info-after-format.txt.uaem: OK
./leaf-range-durable-20261008-m3-3-bfs-first/system/Results/info.txt: OK
./leaf-range-durable-20261008-m3-3-bfs-first/system/Results/info.txt.uaem: OK
./leaf-range-durable-20261008-m3-3-bfs-first/system/Results/pfs3.durable.tsv: OK
./leaf-range-durable-20261008-m3-3-bfs-first/system/Results/pfs3.durable.tsv.uaem: OK
./leaf-range-durable-20261008-m3-3-bfs-first/system/Results/phase-bfs.txt: OK
./leaf-range-durable-20261008-m3-3-bfs-first/system/Results/phase-bfs.txt.uaem: OK
./leaf-range-durable-20261008-m3-3-bfs-first/system/Results/phase-pfs3.txt: OK
./leaf-range-durable-20261008-m3-3-bfs-first/system/Results/phase-pfs3.txt.uaem: OK
./leaf-range-durable-20261008-m3-3-bfs-first/system/S/Startup-Sequence: OK
./leaf-range-durable-20261008-m3-4-pfs3-first/bench.fs-uae: OK
./leaf-range-durable-20261008-m3-4-pfs3-first/bfs-rdb-info.txt: OK
./leaf-range-durable-20261008-m3-4-pfs3-first/bfs-rdb.json: OK
./leaf-range-durable-20261008-m3-4-pfs3-first/fs-uae.log: OK
./leaf-range-durable-20261008-m3-4-pfs3-first/run.log: OK
./leaf-range-durable-20261008-m3-4-pfs3-first/runtime-inputs.sha256: OK
./leaf-range-durable-20261008-m3-4-pfs3-first/system/Results/bfs.durable.tsv: OK
./leaf-range-durable-20261008-m3-4-pfs3-first/system/Results/bfs.durable.tsv.uaem: OK
./leaf-range-durable-20261008-m3-4-pfs3-first/system/Results/complete.txt: OK
./leaf-range-durable-20261008-m3-4-pfs3-first/system/Results/complete.txt.uaem: OK
./leaf-range-durable-20261008-m3-4-pfs3-first/system/Results/format-pfs3.txt: OK
./leaf-range-durable-20261008-m3-4-pfs3-first/system/Results/format-pfs3.txt.uaem: OK
./leaf-range-durable-20261008-m3-4-pfs3-first/system/Results/info-after-format.txt: OK
./leaf-range-durable-20261008-m3-4-pfs3-first/system/Results/info-after-format.txt.uaem: OK
./leaf-range-durable-20261008-m3-4-pfs3-first/system/Results/info.txt: OK
./leaf-range-durable-20261008-m3-4-pfs3-first/system/Results/info.txt.uaem: OK
./leaf-range-durable-20261008-m3-4-pfs3-first/system/Results/pfs3.durable.tsv: OK
./leaf-range-durable-20261008-m3-4-pfs3-first/system/Results/pfs3.durable.tsv.uaem: OK
./leaf-range-durable-20261008-m3-4-pfs3-first/system/Results/phase-bfs.txt: OK
./leaf-range-durable-20261008-m3-4-pfs3-first/system/Results/phase-bfs.txt.uaem: OK
./leaf-range-durable-20261008-m3-4-pfs3-first/system/Results/phase-pfs3.txt: OK
./leaf-range-durable-20261008-m3-4-pfs3-first/system/Results/phase-pfs3.txt.uaem: OK
./leaf-range-durable-20261008-m3-4-pfs3-first/system/S/Startup-Sequence: OK
./leaf-range-durable-20261008-m3-5-bfs-first/bench.fs-uae: OK
./leaf-range-durable-20261008-m3-5-bfs-first/bfs-rdb-info.txt: OK
./leaf-range-durable-20261008-m3-5-bfs-first/bfs-rdb.json: OK
./leaf-range-durable-20261008-m3-5-bfs-first/fs-uae.log: OK
./leaf-range-durable-20261008-m3-5-bfs-first/run.log: OK
./leaf-range-durable-20261008-m3-5-bfs-first/runtime-inputs.sha256: OK
./leaf-range-durable-20261008-m3-5-bfs-first/system/Results/bfs.durable.tsv: OK
./leaf-range-durable-20261008-m3-5-bfs-first/system/Results/bfs.durable.tsv.uaem: OK
./leaf-range-durable-20261008-m3-5-bfs-first/system/Results/complete.txt: OK
./leaf-range-durable-20261008-m3-5-bfs-first/system/Results/complete.txt.uaem: OK
./leaf-range-durable-20261008-m3-5-bfs-first/system/Results/format-pfs3.txt: OK
./leaf-range-durable-20261008-m3-5-bfs-first/system/Results/format-pfs3.txt.uaem: OK
./leaf-range-durable-20261008-m3-5-bfs-first/system/Results/info-after-format.txt: OK
./leaf-range-durable-20261008-m3-5-bfs-first/system/Results/info-after-format.txt.uaem: OK
./leaf-range-durable-20261008-m3-5-bfs-first/system/Results/info.txt: OK
./leaf-range-durable-20261008-m3-5-bfs-first/system/Results/info.txt.uaem: OK
./leaf-range-durable-20261008-m3-5-bfs-first/system/Results/pfs3.durable.tsv: OK
./leaf-range-durable-20261008-m3-5-bfs-first/system/Results/pfs3.durable.tsv.uaem: OK
./leaf-range-durable-20261008-m3-5-bfs-first/system/Results/phase-bfs.txt: OK
./leaf-range-durable-20261008-m3-5-bfs-first/system/Results/phase-bfs.txt.uaem: OK
./leaf-range-durable-20261008-m3-5-bfs-first/system/Results/phase-pfs3.txt: OK
./leaf-range-durable-20261008-m3-5-bfs-first/system/Results/phase-pfs3.txt.uaem: OK
./leaf-range-durable-20261008-m3-5-bfs-first/system/S/Startup-Sequence: OK
./leaf-range-durable-20261008-m3-6-pfs3-first/bench.fs-uae: OK
./leaf-range-durable-20261008-m3-6-pfs3-first/bfs-rdb-info.txt: OK
./leaf-range-durable-20261008-m3-6-pfs3-first/bfs-rdb.json: OK
./leaf-range-durable-20261008-m3-6-pfs3-first/fs-uae.log: OK
./leaf-range-durable-20261008-m3-6-pfs3-first/run.log: OK
./leaf-range-durable-20261008-m3-6-pfs3-first/runtime-inputs.sha256: OK
./leaf-range-durable-20261008-m3-6-pfs3-first/system/Results/bfs.durable.tsv: OK
./leaf-range-durable-20261008-m3-6-pfs3-first/system/Results/bfs.durable.tsv.uaem: OK
./leaf-range-durable-20261008-m3-6-pfs3-first/system/Results/complete.txt: OK
./leaf-range-durable-20261008-m3-6-pfs3-first/system/Results/complete.txt.uaem: OK
./leaf-range-durable-20261008-m3-6-pfs3-first/system/Results/format-pfs3.txt: OK
./leaf-range-durable-20261008-m3-6-pfs3-first/system/Results/format-pfs3.txt.uaem: OK
./leaf-range-durable-20261008-m3-6-pfs3-first/system/Results/info-after-format.txt: OK
./leaf-range-durable-20261008-m3-6-pfs3-first/system/Results/info-after-format.txt.uaem: OK
./leaf-range-durable-20261008-m3-6-pfs3-first/system/Results/info.txt: OK
./leaf-range-durable-20261008-m3-6-pfs3-first/system/Results/info.txt.uaem: OK
./leaf-range-durable-20261008-m3-6-pfs3-first/system/Results/pfs3.durable.tsv: OK
./leaf-range-durable-20261008-m3-6-pfs3-first/system/Results/pfs3.durable.tsv.uaem: OK
./leaf-range-durable-20261008-m3-6-pfs3-first/system/Results/phase-bfs.txt: OK
./leaf-range-durable-20261008-m3-6-pfs3-first/system/Results/phase-bfs.txt.uaem: OK
./leaf-range-durable-20261008-m3-6-pfs3-first/system/Results/phase-pfs3.txt: OK
./leaf-range-durable-20261008-m3-6-pfs3-first/system/Results/phase-pfs3.txt.uaem: OK
./leaf-range-durable-20261008-m3-6-pfs3-first/system/S/Startup-Sequence: OK
./leaf-range-durable-20261008-m3-7-bfs-first/bench.fs-uae: OK
./leaf-range-durable-20261008-m3-7-bfs-first/bfs-rdb-info.txt: OK
./leaf-range-durable-20261008-m3-7-bfs-first/bfs-rdb.json: OK
./leaf-range-durable-20261008-m3-7-bfs-first/fs-uae.log: OK
./leaf-range-durable-20261008-m3-7-bfs-first/run.log: OK
./leaf-range-durable-20261008-m3-7-bfs-first/runtime-inputs.sha256: OK
./leaf-range-durable-20261008-m3-7-bfs-first/system/Results/bfs.durable.tsv: OK
./leaf-range-durable-20261008-m3-7-bfs-first/system/Results/bfs.durable.tsv.uaem: OK
./leaf-range-durable-20261008-m3-7-bfs-first/system/Results/complete.txt: OK
./leaf-range-durable-20261008-m3-7-bfs-first/system/Results/complete.txt.uaem: OK
./leaf-range-durable-20261008-m3-7-bfs-first/system/Results/format-pfs3.txt: OK
./leaf-range-durable-20261008-m3-7-bfs-first/system/Results/format-pfs3.txt.uaem: OK
./leaf-range-durable-20261008-m3-7-bfs-first/system/Results/info-after-format.txt: OK
./leaf-range-durable-20261008-m3-7-bfs-first/system/Results/info-after-format.txt.uaem: OK
./leaf-range-durable-20261008-m3-7-bfs-first/system/Results/info.txt: OK
./leaf-range-durable-20261008-m3-7-bfs-first/system/Results/info.txt.uaem: OK
./leaf-range-durable-20261008-m3-7-bfs-first/system/Results/pfs3.durable.tsv: OK
./leaf-range-durable-20261008-m3-7-bfs-first/system/Results/pfs3.durable.tsv.uaem: OK
./leaf-range-durable-20261008-m3-7-bfs-first/system/Results/phase-bfs.txt: OK
./leaf-range-durable-20261008-m3-7-bfs-first/system/Results/phase-bfs.txt.uaem: OK
./leaf-range-durable-20261008-m3-7-bfs-first/system/Results/phase-pfs3.txt: OK
./leaf-range-durable-20261008-m3-7-bfs-first/system/Results/phase-pfs3.txt.uaem: OK
./leaf-range-durable-20261008-m3-7-bfs-first/system/S/Startup-Sequence: OK
./leaf-range-durable-20261008-m3-8-pfs3-first/bench.fs-uae: OK
./leaf-range-durable-20261008-m3-8-pfs3-first/bfs-rdb-info.txt: OK
./leaf-range-durable-20261008-m3-8-pfs3-first/bfs-rdb.json: OK
./leaf-range-durable-20261008-m3-8-pfs3-first/fs-uae.log: OK
./leaf-range-durable-20261008-m3-8-pfs3-first/run.log: OK
./leaf-range-durable-20261008-m3-8-pfs3-first/runtime-inputs.sha256: OK
./leaf-range-durable-20261008-m3-8-pfs3-first/system/Results/bfs.durable.tsv: OK
./leaf-range-durable-20261008-m3-8-pfs3-first/system/Results/bfs.durable.tsv.uaem: OK
./leaf-range-durable-20261008-m3-8-pfs3-first/system/Results/complete.txt: OK
./leaf-range-durable-20261008-m3-8-pfs3-first/system/Results/complete.txt.uaem: OK
./leaf-range-durable-20261008-m3-8-pfs3-first/system/Results/format-pfs3.txt: OK
./leaf-range-durable-20261008-m3-8-pfs3-first/system/Results/format-pfs3.txt.uaem: OK
./leaf-range-durable-20261008-m3-8-pfs3-first/system/Results/info-after-format.txt: OK
./leaf-range-durable-20261008-m3-8-pfs3-first/system/Results/info-after-format.txt.uaem: OK
./leaf-range-durable-20261008-m3-8-pfs3-first/system/Results/info.txt: OK
./leaf-range-durable-20261008-m3-8-pfs3-first/system/Results/info.txt.uaem: OK
./leaf-range-durable-20261008-m3-8-pfs3-first/system/Results/pfs3.durable.tsv: OK
./leaf-range-durable-20261008-m3-8-pfs3-first/system/Results/pfs3.durable.tsv.uaem: OK
./leaf-range-durable-20261008-m3-8-pfs3-first/system/Results/phase-bfs.txt: OK
./leaf-range-durable-20261008-m3-8-pfs3-first/system/Results/phase-bfs.txt.uaem: OK
./leaf-range-durable-20261008-m3-8-pfs3-first/system/Results/phase-pfs3.txt: OK
./leaf-range-durable-20261008-m3-8-pfs3-first/system/Results/phase-pfs3.txt.uaem: OK
./leaf-range-durable-20261008-m3-8-pfs3-first/system/S/Startup-Sequence: OK
./leaf-range-durable-20261008-range-1-bfs-first/bench.fs-uae: OK
./leaf-range-durable-20261008-range-1-bfs-first/bfs-rdb-info.txt: OK
./leaf-range-durable-20261008-range-1-bfs-first/bfs-rdb.json: OK
./leaf-range-durable-20261008-range-1-bfs-first/fs-uae.log: OK
./leaf-range-durable-20261008-range-1-bfs-first/run.log: OK
./leaf-range-durable-20261008-range-1-bfs-first/runtime-inputs.sha256: OK
./leaf-range-durable-20261008-range-1-bfs-first/system/Results/bfs.durable.tsv: OK
./leaf-range-durable-20261008-range-1-bfs-first/system/Results/bfs.durable.tsv.uaem: OK
./leaf-range-durable-20261008-range-1-bfs-first/system/Results/complete.txt: OK
./leaf-range-durable-20261008-range-1-bfs-first/system/Results/complete.txt.uaem: OK
./leaf-range-durable-20261008-range-1-bfs-first/system/Results/format-pfs3.txt: OK
./leaf-range-durable-20261008-range-1-bfs-first/system/Results/format-pfs3.txt.uaem: OK
./leaf-range-durable-20261008-range-1-bfs-first/system/Results/info-after-format.txt: OK
./leaf-range-durable-20261008-range-1-bfs-first/system/Results/info-after-format.txt.uaem: OK
./leaf-range-durable-20261008-range-1-bfs-first/system/Results/info.txt: OK
./leaf-range-durable-20261008-range-1-bfs-first/system/Results/info.txt.uaem: OK
./leaf-range-durable-20261008-range-1-bfs-first/system/Results/pfs3.durable.tsv: OK
./leaf-range-durable-20261008-range-1-bfs-first/system/Results/pfs3.durable.tsv.uaem: OK
./leaf-range-durable-20261008-range-1-bfs-first/system/Results/phase-bfs.txt: OK
./leaf-range-durable-20261008-range-1-bfs-first/system/Results/phase-bfs.txt.uaem: OK
./leaf-range-durable-20261008-range-1-bfs-first/system/Results/phase-pfs3.txt: OK
./leaf-range-durable-20261008-range-1-bfs-first/system/Results/phase-pfs3.txt.uaem: OK
./leaf-range-durable-20261008-range-1-bfs-first/system/S/Startup-Sequence: OK
./leaf-range-durable-20261008-range-2-pfs3-first/bench.fs-uae: OK
./leaf-range-durable-20261008-range-2-pfs3-first/bfs-rdb-info.txt: OK
./leaf-range-durable-20261008-range-2-pfs3-first/bfs-rdb.json: OK
./leaf-range-durable-20261008-range-2-pfs3-first/fs-uae.log: OK
./leaf-range-durable-20261008-range-2-pfs3-first/run.log: OK
./leaf-range-durable-20261008-range-2-pfs3-first/runtime-inputs.sha256: OK
./leaf-range-durable-20261008-range-2-pfs3-first/system/Results/bfs.durable.tsv: OK
./leaf-range-durable-20261008-range-2-pfs3-first/system/Results/bfs.durable.tsv.uaem: OK
./leaf-range-durable-20261008-range-2-pfs3-first/system/Results/complete.txt: OK
./leaf-range-durable-20261008-range-2-pfs3-first/system/Results/complete.txt.uaem: OK
./leaf-range-durable-20261008-range-2-pfs3-first/system/Results/format-pfs3.txt: OK
./leaf-range-durable-20261008-range-2-pfs3-first/system/Results/format-pfs3.txt.uaem: OK
./leaf-range-durable-20261008-range-2-pfs3-first/system/Results/info-after-format.txt: OK
./leaf-range-durable-20261008-range-2-pfs3-first/system/Results/info-after-format.txt.uaem: OK
./leaf-range-durable-20261008-range-2-pfs3-first/system/Results/info.txt: OK
./leaf-range-durable-20261008-range-2-pfs3-first/system/Results/info.txt.uaem: OK
./leaf-range-durable-20261008-range-2-pfs3-first/system/Results/pfs3.durable.tsv: OK
./leaf-range-durable-20261008-range-2-pfs3-first/system/Results/pfs3.durable.tsv.uaem: OK
./leaf-range-durable-20261008-range-2-pfs3-first/system/Results/phase-bfs.txt: OK
./leaf-range-durable-20261008-range-2-pfs3-first/system/Results/phase-bfs.txt.uaem: OK
./leaf-range-durable-20261008-range-2-pfs3-first/system/Results/phase-pfs3.txt: OK
./leaf-range-durable-20261008-range-2-pfs3-first/system/Results/phase-pfs3.txt.uaem: OK
./leaf-range-durable-20261008-range-2-pfs3-first/system/S/Startup-Sequence: OK
./leaf-range-durable-20261008-range-3-bfs-first/bench.fs-uae: OK
./leaf-range-durable-20261008-range-3-bfs-first/bfs-rdb-info.txt: OK
./leaf-range-durable-20261008-range-3-bfs-first/bfs-rdb.json: OK
./leaf-range-durable-20261008-range-3-bfs-first/fs-uae.log: OK
./leaf-range-durable-20261008-range-3-bfs-first/run.log: OK
./leaf-range-durable-20261008-range-3-bfs-first/runtime-inputs.sha256: OK
./leaf-range-durable-20261008-range-3-bfs-first/system/Results/bfs.durable.tsv: OK
./leaf-range-durable-20261008-range-3-bfs-first/system/Results/bfs.durable.tsv.uaem: OK
./leaf-range-durable-20261008-range-3-bfs-first/system/Results/complete.txt: OK
./leaf-range-durable-20261008-range-3-bfs-first/system/Results/complete.txt.uaem: OK
./leaf-range-durable-20261008-range-3-bfs-first/system/Results/format-pfs3.txt: OK
./leaf-range-durable-20261008-range-3-bfs-first/system/Results/format-pfs3.txt.uaem: OK
./leaf-range-durable-20261008-range-3-bfs-first/system/Results/info-after-format.txt: OK
./leaf-range-durable-20261008-range-3-bfs-first/system/Results/info-after-format.txt.uaem: OK
./leaf-range-durable-20261008-range-3-bfs-first/system/Results/info.txt: OK
./leaf-range-durable-20261008-range-3-bfs-first/system/Results/info.txt.uaem: OK
./leaf-range-durable-20261008-range-3-bfs-first/system/Results/pfs3.durable.tsv: OK
./leaf-range-durable-20261008-range-3-bfs-first/system/Results/pfs3.durable.tsv.uaem: OK
./leaf-range-durable-20261008-range-3-bfs-first/system/Results/phase-bfs.txt: OK
./leaf-range-durable-20261008-range-3-bfs-first/system/Results/phase-bfs.txt.uaem: OK
./leaf-range-durable-20261008-range-3-bfs-first/system/Results/phase-pfs3.txt: OK
./leaf-range-durable-20261008-range-3-bfs-first/system/Results/phase-pfs3.txt.uaem: OK
./leaf-range-durable-20261008-range-3-bfs-first/system/S/Startup-Sequence: OK
./leaf-range-durable-20261008-range-4-pfs3-first/bench.fs-uae: OK
./leaf-range-durable-20261008-range-4-pfs3-first/bfs-rdb-info.txt: OK
./leaf-range-durable-20261008-range-4-pfs3-first/bfs-rdb.json: OK
./leaf-range-durable-20261008-range-4-pfs3-first/fs-uae.log: OK
./leaf-range-durable-20261008-range-4-pfs3-first/run.log: OK
./leaf-range-durable-20261008-range-4-pfs3-first/runtime-inputs.sha256: OK
./leaf-range-durable-20261008-range-4-pfs3-first/system/Results/bfs.durable.tsv: OK
./leaf-range-durable-20261008-range-4-pfs3-first/system/Results/bfs.durable.tsv.uaem: OK
./leaf-range-durable-20261008-range-4-pfs3-first/system/Results/complete.txt: OK
./leaf-range-durable-20261008-range-4-pfs3-first/system/Results/complete.txt.uaem: OK
./leaf-range-durable-20261008-range-4-pfs3-first/system/Results/format-pfs3.txt: OK
./leaf-range-durable-20261008-range-4-pfs3-first/system/Results/format-pfs3.txt.uaem: OK
./leaf-range-durable-20261008-range-4-pfs3-first/system/Results/info-after-format.txt: OK
./leaf-range-durable-20261008-range-4-pfs3-first/system/Results/info-after-format.txt.uaem: OK
./leaf-range-durable-20261008-range-4-pfs3-first/system/Results/info.txt: OK
./leaf-range-durable-20261008-range-4-pfs3-first/system/Results/info.txt.uaem: OK
./leaf-range-durable-20261008-range-4-pfs3-first/system/Results/pfs3.durable.tsv: OK
./leaf-range-durable-20261008-range-4-pfs3-first/system/Results/pfs3.durable.tsv.uaem: OK
./leaf-range-durable-20261008-range-4-pfs3-first/system/Results/phase-bfs.txt: OK
./leaf-range-durable-20261008-range-4-pfs3-first/system/Results/phase-bfs.txt.uaem: OK
./leaf-range-durable-20261008-range-4-pfs3-first/system/Results/phase-pfs3.txt: OK
./leaf-range-durable-20261008-range-4-pfs3-first/system/Results/phase-pfs3.txt.uaem: OK
./leaf-range-durable-20261008-range-4-pfs3-first/system/S/Startup-Sequence: OK
./leaf-range-durable-20261008-range-5-bfs-first/bench.fs-uae: OK
./leaf-range-durable-20261008-range-5-bfs-first/bfs-rdb-info.txt: OK
./leaf-range-durable-20261008-range-5-bfs-first/bfs-rdb.json: OK
./leaf-range-durable-20261008-range-5-bfs-first/fs-uae.log: OK
./leaf-range-durable-20261008-range-5-bfs-first/run.log: OK
./leaf-range-durable-20261008-range-5-bfs-first/runtime-inputs.sha256: OK
./leaf-range-durable-20261008-range-5-bfs-first/system/Results/bfs.durable.tsv: OK
./leaf-range-durable-20261008-range-5-bfs-first/system/Results/bfs.durable.tsv.uaem: OK
./leaf-range-durable-20261008-range-5-bfs-first/system/Results/complete.txt: OK
./leaf-range-durable-20261008-range-5-bfs-first/system/Results/complete.txt.uaem: OK
./leaf-range-durable-20261008-range-5-bfs-first/system/Results/format-pfs3.txt: OK
./leaf-range-durable-20261008-range-5-bfs-first/system/Results/format-pfs3.txt.uaem: OK
./leaf-range-durable-20261008-range-5-bfs-first/system/Results/info-after-format.txt: OK
./leaf-range-durable-20261008-range-5-bfs-first/system/Results/info-after-format.txt.uaem: OK
./leaf-range-durable-20261008-range-5-bfs-first/system/Results/info.txt: OK
./leaf-range-durable-20261008-range-5-bfs-first/system/Results/info.txt.uaem: OK
./leaf-range-durable-20261008-range-5-bfs-first/system/Results/pfs3.durable.tsv: OK
./leaf-range-durable-20261008-range-5-bfs-first/system/Results/pfs3.durable.tsv.uaem: OK
./leaf-range-durable-20261008-range-5-bfs-first/system/Results/phase-bfs.txt: OK
./leaf-range-durable-20261008-range-5-bfs-first/system/Results/phase-bfs.txt.uaem: OK
./leaf-range-durable-20261008-range-5-bfs-first/system/Results/phase-pfs3.txt: OK
./leaf-range-durable-20261008-range-5-bfs-first/system/Results/phase-pfs3.txt.uaem: OK
./leaf-range-durable-20261008-range-5-bfs-first/system/S/Startup-Sequence: OK
./leaf-range-durable-20261008-range-6-pfs3-first/bench.fs-uae: OK
./leaf-range-durable-20261008-range-6-pfs3-first/bfs-rdb-info.txt: OK
./leaf-range-durable-20261008-range-6-pfs3-first/bfs-rdb.json: OK
./leaf-range-durable-20261008-range-6-pfs3-first/fs-uae.log: OK
./leaf-range-durable-20261008-range-6-pfs3-first/run.log: OK
./leaf-range-durable-20261008-range-6-pfs3-first/runtime-inputs.sha256: OK
./leaf-range-durable-20261008-range-6-pfs3-first/system/Results/bfs.durable.tsv: OK
./leaf-range-durable-20261008-range-6-pfs3-first/system/Results/bfs.durable.tsv.uaem: OK
./leaf-range-durable-20261008-range-6-pfs3-first/system/Results/complete.txt: OK
./leaf-range-durable-20261008-range-6-pfs3-first/system/Results/complete.txt.uaem: OK
./leaf-range-durable-20261008-range-6-pfs3-first/system/Results/format-pfs3.txt: OK
./leaf-range-durable-20261008-range-6-pfs3-first/system/Results/format-pfs3.txt.uaem: OK
./leaf-range-durable-20261008-range-6-pfs3-first/system/Results/info-after-format.txt: OK
./leaf-range-durable-20261008-range-6-pfs3-first/system/Results/info-after-format.txt.uaem: OK
./leaf-range-durable-20261008-range-6-pfs3-first/system/Results/info.txt: OK
./leaf-range-durable-20261008-range-6-pfs3-first/system/Results/info.txt.uaem: OK
./leaf-range-durable-20261008-range-6-pfs3-first/system/Results/pfs3.durable.tsv: OK
./leaf-range-durable-20261008-range-6-pfs3-first/system/Results/pfs3.durable.tsv.uaem: OK
./leaf-range-durable-20261008-range-6-pfs3-first/system/Results/phase-bfs.txt: OK
./leaf-range-durable-20261008-range-6-pfs3-first/system/Results/phase-bfs.txt.uaem: OK
./leaf-range-durable-20261008-range-6-pfs3-first/system/Results/phase-pfs3.txt: OK
./leaf-range-durable-20261008-range-6-pfs3-first/system/Results/phase-pfs3.txt.uaem: OK
./leaf-range-durable-20261008-range-6-pfs3-first/system/S/Startup-Sequence: OK
./leaf-range-durable-20261008-range-7-bfs-first/bench.fs-uae: OK
./leaf-range-durable-20261008-range-7-bfs-first/bfs-rdb-info.txt: OK
./leaf-range-durable-20261008-range-7-bfs-first/bfs-rdb.json: OK
./leaf-range-durable-20261008-range-7-bfs-first/fs-uae.log: OK
./leaf-range-durable-20261008-range-7-bfs-first/run.log: OK
./leaf-range-durable-20261008-range-7-bfs-first/runtime-inputs.sha256: OK
./leaf-range-durable-20261008-range-7-bfs-first/system/Results/bfs.durable.tsv: OK
./leaf-range-durable-20261008-range-7-bfs-first/system/Results/bfs.durable.tsv.uaem: OK
./leaf-range-durable-20261008-range-7-bfs-first/system/Results/complete.txt: OK
./leaf-range-durable-20261008-range-7-bfs-first/system/Results/complete.txt.uaem: OK
./leaf-range-durable-20261008-range-7-bfs-first/system/Results/format-pfs3.txt: OK
./leaf-range-durable-20261008-range-7-bfs-first/system/Results/format-pfs3.txt.uaem: OK
./leaf-range-durable-20261008-range-7-bfs-first/system/Results/info-after-format.txt: OK
./leaf-range-durable-20261008-range-7-bfs-first/system/Results/info-after-format.txt.uaem: OK
./leaf-range-durable-20261008-range-7-bfs-first/system/Results/info.txt: OK
./leaf-range-durable-20261008-range-7-bfs-first/system/Results/info.txt.uaem: OK
./leaf-range-durable-20261008-range-7-bfs-first/system/Results/pfs3.durable.tsv: OK
./leaf-range-durable-20261008-range-7-bfs-first/system/Results/pfs3.durable.tsv.uaem: OK
./leaf-range-durable-20261008-range-7-bfs-first/system/Results/phase-bfs.txt: OK
./leaf-range-durable-20261008-range-7-bfs-first/system/Results/phase-bfs.txt.uaem: OK
./leaf-range-durable-20261008-range-7-bfs-first/system/Results/phase-pfs3.txt: OK
./leaf-range-durable-20261008-range-7-bfs-first/system/Results/phase-pfs3.txt.uaem: OK
./leaf-range-durable-20261008-range-7-bfs-first/system/S/Startup-Sequence: OK
./leaf-range-durable-20261008-range-8-pfs3-first/bench.fs-uae: OK
./leaf-range-durable-20261008-range-8-pfs3-first/bfs-rdb-info.txt: OK
./leaf-range-durable-20261008-range-8-pfs3-first/bfs-rdb.json: OK
./leaf-range-durable-20261008-range-8-pfs3-first/fs-uae.log: OK
./leaf-range-durable-20261008-range-8-pfs3-first/run.log: OK
./leaf-range-durable-20261008-range-8-pfs3-first/runtime-inputs.sha256: OK
./leaf-range-durable-20261008-range-8-pfs3-first/system/Results/bfs.durable.tsv: OK
./leaf-range-durable-20261008-range-8-pfs3-first/system/Results/bfs.durable.tsv.uaem: OK
./leaf-range-durable-20261008-range-8-pfs3-first/system/Results/complete.txt: OK
./leaf-range-durable-20261008-range-8-pfs3-first/system/Results/complete.txt.uaem: OK
./leaf-range-durable-20261008-range-8-pfs3-first/system/Results/format-pfs3.txt: OK
./leaf-range-durable-20261008-range-8-pfs3-first/system/Results/format-pfs3.txt.uaem: OK
./leaf-range-durable-20261008-range-8-pfs3-first/system/Results/info-after-format.txt: OK
./leaf-range-durable-20261008-range-8-pfs3-first/system/Results/info-after-format.txt.uaem: OK
./leaf-range-durable-20261008-range-8-pfs3-first/system/Results/info.txt: OK
./leaf-range-durable-20261008-range-8-pfs3-first/system/Results/info.txt.uaem: OK
./leaf-range-durable-20261008-range-8-pfs3-first/system/Results/pfs3.durable.tsv: OK
./leaf-range-durable-20261008-range-8-pfs3-first/system/Results/pfs3.durable.tsv.uaem: OK
./leaf-range-durable-20261008-range-8-pfs3-first/system/Results/phase-bfs.txt: OK
./leaf-range-durable-20261008-range-8-pfs3-first/system/Results/phase-bfs.txt.uaem: OK
./leaf-range-durable-20261008-range-8-pfs3-first/system/Results/phase-pfs3.txt: OK
./leaf-range-durable-20261008-range-8-pfs3-first/system/Results/phase-pfs3.txt.uaem: OK
./leaf-range-durable-20261008-range-8-pfs3-first/system/S/Startup-Sequence: OK
./leaf-range-durable-series.log: OK
./leaf-range-normal-20261008-m3-1-bfs-first/bench.fs-uae: OK
./leaf-range-normal-20261008-m3-1-bfs-first/bfs-rdb-info.txt: OK
./leaf-range-normal-20261008-m3-1-bfs-first/bfs-rdb.json: OK
./leaf-range-normal-20261008-m3-1-bfs-first/fs-uae.log: OK
./leaf-range-normal-20261008-m3-1-bfs-first/run.log: OK
./leaf-range-normal-20261008-m3-1-bfs-first/runtime-inputs.sha256: OK
./leaf-range-normal-20261008-m3-1-bfs-first/system/Results/bfs.tsv: OK
./leaf-range-normal-20261008-m3-1-bfs-first/system/Results/bfs.tsv.uaem: OK
./leaf-range-normal-20261008-m3-1-bfs-first/system/Results/complete.txt: OK
./leaf-range-normal-20261008-m3-1-bfs-first/system/Results/complete.txt.uaem: OK
./leaf-range-normal-20261008-m3-1-bfs-first/system/Results/format-pfs3.txt: OK
./leaf-range-normal-20261008-m3-1-bfs-first/system/Results/format-pfs3.txt.uaem: OK
./leaf-range-normal-20261008-m3-1-bfs-first/system/Results/info-after-format.txt: OK
./leaf-range-normal-20261008-m3-1-bfs-first/system/Results/info-after-format.txt.uaem: OK
./leaf-range-normal-20261008-m3-1-bfs-first/system/Results/info.txt: OK
./leaf-range-normal-20261008-m3-1-bfs-first/system/Results/info.txt.uaem: OK
./leaf-range-normal-20261008-m3-1-bfs-first/system/Results/pfs3.tsv: OK
./leaf-range-normal-20261008-m3-1-bfs-first/system/Results/pfs3.tsv.uaem: OK
./leaf-range-normal-20261008-m3-1-bfs-first/system/Results/phase-bfs.txt: OK
./leaf-range-normal-20261008-m3-1-bfs-first/system/Results/phase-bfs.txt.uaem: OK
./leaf-range-normal-20261008-m3-1-bfs-first/system/Results/phase-pfs3.txt: OK
./leaf-range-normal-20261008-m3-1-bfs-first/system/Results/phase-pfs3.txt.uaem: OK
./leaf-range-normal-20261008-m3-1-bfs-first/system/S/Startup-Sequence: OK
./leaf-range-normal-20261008-m3-2-pfs3-first/bench.fs-uae: OK
./leaf-range-normal-20261008-m3-2-pfs3-first/bfs-rdb-info.txt: OK
./leaf-range-normal-20261008-m3-2-pfs3-first/bfs-rdb.json: OK
./leaf-range-normal-20261008-m3-2-pfs3-first/fs-uae.log: OK
./leaf-range-normal-20261008-m3-2-pfs3-first/run.log: OK
./leaf-range-normal-20261008-m3-2-pfs3-first/runtime-inputs.sha256: OK
./leaf-range-normal-20261008-m3-2-pfs3-first/system/Results/bfs.tsv: OK
./leaf-range-normal-20261008-m3-2-pfs3-first/system/Results/bfs.tsv.uaem: OK
./leaf-range-normal-20261008-m3-2-pfs3-first/system/Results/complete.txt: OK
./leaf-range-normal-20261008-m3-2-pfs3-first/system/Results/complete.txt.uaem: OK
./leaf-range-normal-20261008-m3-2-pfs3-first/system/Results/format-pfs3.txt: OK
./leaf-range-normal-20261008-m3-2-pfs3-first/system/Results/format-pfs3.txt.uaem: OK
./leaf-range-normal-20261008-m3-2-pfs3-first/system/Results/info-after-format.txt: OK
./leaf-range-normal-20261008-m3-2-pfs3-first/system/Results/info-after-format.txt.uaem: OK
./leaf-range-normal-20261008-m3-2-pfs3-first/system/Results/info.txt: OK
./leaf-range-normal-20261008-m3-2-pfs3-first/system/Results/info.txt.uaem: OK
./leaf-range-normal-20261008-m3-2-pfs3-first/system/Results/pfs3.tsv: OK
./leaf-range-normal-20261008-m3-2-pfs3-first/system/Results/pfs3.tsv.uaem: OK
./leaf-range-normal-20261008-m3-2-pfs3-first/system/Results/phase-bfs.txt: OK
./leaf-range-normal-20261008-m3-2-pfs3-first/system/Results/phase-bfs.txt.uaem: OK
./leaf-range-normal-20261008-m3-2-pfs3-first/system/Results/phase-pfs3.txt: OK
./leaf-range-normal-20261008-m3-2-pfs3-first/system/Results/phase-pfs3.txt.uaem: OK
./leaf-range-normal-20261008-m3-2-pfs3-first/system/S/Startup-Sequence: OK
./leaf-range-normal-20261008-m3-3-bfs-first/bench.fs-uae: OK
./leaf-range-normal-20261008-m3-3-bfs-first/bfs-rdb-info.txt: OK
./leaf-range-normal-20261008-m3-3-bfs-first/bfs-rdb.json: OK
./leaf-range-normal-20261008-m3-3-bfs-first/fs-uae.log: OK
./leaf-range-normal-20261008-m3-3-bfs-first/run.log: OK
./leaf-range-normal-20261008-m3-3-bfs-first/runtime-inputs.sha256: OK
./leaf-range-normal-20261008-m3-3-bfs-first/system/Results/bfs.tsv: OK
./leaf-range-normal-20261008-m3-3-bfs-first/system/Results/bfs.tsv.uaem: OK
./leaf-range-normal-20261008-m3-3-bfs-first/system/Results/complete.txt: OK
./leaf-range-normal-20261008-m3-3-bfs-first/system/Results/complete.txt.uaem: OK
./leaf-range-normal-20261008-m3-3-bfs-first/system/Results/format-pfs3.txt: OK
./leaf-range-normal-20261008-m3-3-bfs-first/system/Results/format-pfs3.txt.uaem: OK
./leaf-range-normal-20261008-m3-3-bfs-first/system/Results/info-after-format.txt: OK
./leaf-range-normal-20261008-m3-3-bfs-first/system/Results/info-after-format.txt.uaem: OK
./leaf-range-normal-20261008-m3-3-bfs-first/system/Results/info.txt: OK
./leaf-range-normal-20261008-m3-3-bfs-first/system/Results/info.txt.uaem: OK
./leaf-range-normal-20261008-m3-3-bfs-first/system/Results/pfs3.tsv: OK
./leaf-range-normal-20261008-m3-3-bfs-first/system/Results/pfs3.tsv.uaem: OK
./leaf-range-normal-20261008-m3-3-bfs-first/system/Results/phase-bfs.txt: OK
./leaf-range-normal-20261008-m3-3-bfs-first/system/Results/phase-bfs.txt.uaem: OK
./leaf-range-normal-20261008-m3-3-bfs-first/system/Results/phase-pfs3.txt: OK
./leaf-range-normal-20261008-m3-3-bfs-first/system/Results/phase-pfs3.txt.uaem: OK
./leaf-range-normal-20261008-m3-3-bfs-first/system/S/Startup-Sequence: OK
./leaf-range-normal-20261008-m3-4-pfs3-first/bench.fs-uae: OK
./leaf-range-normal-20261008-m3-4-pfs3-first/bfs-rdb-info.txt: OK
./leaf-range-normal-20261008-m3-4-pfs3-first/bfs-rdb.json: OK
./leaf-range-normal-20261008-m3-4-pfs3-first/fs-uae.log: OK
./leaf-range-normal-20261008-m3-4-pfs3-first/run.log: OK
./leaf-range-normal-20261008-m3-4-pfs3-first/runtime-inputs.sha256: OK
./leaf-range-normal-20261008-m3-4-pfs3-first/system/Results/bfs.tsv: OK
./leaf-range-normal-20261008-m3-4-pfs3-first/system/Results/bfs.tsv.uaem: OK
./leaf-range-normal-20261008-m3-4-pfs3-first/system/Results/complete.txt: OK
./leaf-range-normal-20261008-m3-4-pfs3-first/system/Results/complete.txt.uaem: OK
./leaf-range-normal-20261008-m3-4-pfs3-first/system/Results/format-pfs3.txt: OK
./leaf-range-normal-20261008-m3-4-pfs3-first/system/Results/format-pfs3.txt.uaem: OK
./leaf-range-normal-20261008-m3-4-pfs3-first/system/Results/info-after-format.txt: OK
./leaf-range-normal-20261008-m3-4-pfs3-first/system/Results/info-after-format.txt.uaem: OK
./leaf-range-normal-20261008-m3-4-pfs3-first/system/Results/info.txt: OK
./leaf-range-normal-20261008-m3-4-pfs3-first/system/Results/info.txt.uaem: OK
./leaf-range-normal-20261008-m3-4-pfs3-first/system/Results/pfs3.tsv: OK
./leaf-range-normal-20261008-m3-4-pfs3-first/system/Results/pfs3.tsv.uaem: OK
./leaf-range-normal-20261008-m3-4-pfs3-first/system/Results/phase-bfs.txt: OK
./leaf-range-normal-20261008-m3-4-pfs3-first/system/Results/phase-bfs.txt.uaem: OK
./leaf-range-normal-20261008-m3-4-pfs3-first/system/Results/phase-pfs3.txt: OK
./leaf-range-normal-20261008-m3-4-pfs3-first/system/Results/phase-pfs3.txt.uaem: OK
./leaf-range-normal-20261008-m3-4-pfs3-first/system/S/Startup-Sequence: OK
./leaf-range-normal-20261008-m3-5-bfs-first/bench.fs-uae: OK
./leaf-range-normal-20261008-m3-5-bfs-first/bfs-rdb-info.txt: OK
./leaf-range-normal-20261008-m3-5-bfs-first/bfs-rdb.json: OK
./leaf-range-normal-20261008-m3-5-bfs-first/fs-uae.log: OK
./leaf-range-normal-20261008-m3-5-bfs-first/run.log: OK
./leaf-range-normal-20261008-m3-5-bfs-first/runtime-inputs.sha256: OK
./leaf-range-normal-20261008-m3-5-bfs-first/system/Results/bfs.tsv: OK
./leaf-range-normal-20261008-m3-5-bfs-first/system/Results/bfs.tsv.uaem: OK
./leaf-range-normal-20261008-m3-5-bfs-first/system/Results/complete.txt: OK
./leaf-range-normal-20261008-m3-5-bfs-first/system/Results/complete.txt.uaem: OK
./leaf-range-normal-20261008-m3-5-bfs-first/system/Results/format-pfs3.txt: OK
./leaf-range-normal-20261008-m3-5-bfs-first/system/Results/format-pfs3.txt.uaem: OK
./leaf-range-normal-20261008-m3-5-bfs-first/system/Results/info-after-format.txt: OK
./leaf-range-normal-20261008-m3-5-bfs-first/system/Results/info-after-format.txt.uaem: OK
./leaf-range-normal-20261008-m3-5-bfs-first/system/Results/info.txt: OK
./leaf-range-normal-20261008-m3-5-bfs-first/system/Results/info.txt.uaem: OK
./leaf-range-normal-20261008-m3-5-bfs-first/system/Results/pfs3.tsv: OK
./leaf-range-normal-20261008-m3-5-bfs-first/system/Results/pfs3.tsv.uaem: OK
./leaf-range-normal-20261008-m3-5-bfs-first/system/Results/phase-bfs.txt: OK
./leaf-range-normal-20261008-m3-5-bfs-first/system/Results/phase-bfs.txt.uaem: OK
./leaf-range-normal-20261008-m3-5-bfs-first/system/Results/phase-pfs3.txt: OK
./leaf-range-normal-20261008-m3-5-bfs-first/system/Results/phase-pfs3.txt.uaem: OK
./leaf-range-normal-20261008-m3-5-bfs-first/system/S/Startup-Sequence: OK
./leaf-range-normal-20261008-m3-6-pfs3-first/bench.fs-uae: OK
./leaf-range-normal-20261008-m3-6-pfs3-first/bfs-rdb-info.txt: OK
./leaf-range-normal-20261008-m3-6-pfs3-first/bfs-rdb.json: OK
./leaf-range-normal-20261008-m3-6-pfs3-first/fs-uae.log: OK
./leaf-range-normal-20261008-m3-6-pfs3-first/run.log: OK
./leaf-range-normal-20261008-m3-6-pfs3-first/runtime-inputs.sha256: OK
./leaf-range-normal-20261008-m3-6-pfs3-first/system/Results/bfs.tsv: OK
./leaf-range-normal-20261008-m3-6-pfs3-first/system/Results/bfs.tsv.uaem: OK
./leaf-range-normal-20261008-m3-6-pfs3-first/system/Results/complete.txt: OK
./leaf-range-normal-20261008-m3-6-pfs3-first/system/Results/complete.txt.uaem: OK
./leaf-range-normal-20261008-m3-6-pfs3-first/system/Results/format-pfs3.txt: OK
./leaf-range-normal-20261008-m3-6-pfs3-first/system/Results/format-pfs3.txt.uaem: OK
./leaf-range-normal-20261008-m3-6-pfs3-first/system/Results/info-after-format.txt: OK
./leaf-range-normal-20261008-m3-6-pfs3-first/system/Results/info-after-format.txt.uaem: OK
./leaf-range-normal-20261008-m3-6-pfs3-first/system/Results/info.txt: OK
./leaf-range-normal-20261008-m3-6-pfs3-first/system/Results/info.txt.uaem: OK
./leaf-range-normal-20261008-m3-6-pfs3-first/system/Results/pfs3.tsv: OK
./leaf-range-normal-20261008-m3-6-pfs3-first/system/Results/pfs3.tsv.uaem: OK
./leaf-range-normal-20261008-m3-6-pfs3-first/system/Results/phase-bfs.txt: OK
./leaf-range-normal-20261008-m3-6-pfs3-first/system/Results/phase-bfs.txt.uaem: OK
./leaf-range-normal-20261008-m3-6-pfs3-first/system/Results/phase-pfs3.txt: OK
./leaf-range-normal-20261008-m3-6-pfs3-first/system/Results/phase-pfs3.txt.uaem: OK
./leaf-range-normal-20261008-m3-6-pfs3-first/system/S/Startup-Sequence: OK
./leaf-range-normal-20261008-m3-7-bfs-first/bench.fs-uae: OK
./leaf-range-normal-20261008-m3-7-bfs-first/bfs-rdb-info.txt: OK
./leaf-range-normal-20261008-m3-7-bfs-first/bfs-rdb.json: OK
./leaf-range-normal-20261008-m3-7-bfs-first/fs-uae.log: OK
./leaf-range-normal-20261008-m3-7-bfs-first/run.log: OK
./leaf-range-normal-20261008-m3-7-bfs-first/runtime-inputs.sha256: OK
./leaf-range-normal-20261008-m3-7-bfs-first/system/Results/bfs.tsv: OK
./leaf-range-normal-20261008-m3-7-bfs-first/system/Results/bfs.tsv.uaem: OK
./leaf-range-normal-20261008-m3-7-bfs-first/system/Results/complete.txt: OK
./leaf-range-normal-20261008-m3-7-bfs-first/system/Results/complete.txt.uaem: OK
./leaf-range-normal-20261008-m3-7-bfs-first/system/Results/format-pfs3.txt: OK
./leaf-range-normal-20261008-m3-7-bfs-first/system/Results/format-pfs3.txt.uaem: OK
./leaf-range-normal-20261008-m3-7-bfs-first/system/Results/info-after-format.txt: OK
./leaf-range-normal-20261008-m3-7-bfs-first/system/Results/info-after-format.txt.uaem: OK
./leaf-range-normal-20261008-m3-7-bfs-first/system/Results/info.txt: OK
./leaf-range-normal-20261008-m3-7-bfs-first/system/Results/info.txt.uaem: OK
./leaf-range-normal-20261008-m3-7-bfs-first/system/Results/pfs3.tsv: OK
./leaf-range-normal-20261008-m3-7-bfs-first/system/Results/pfs3.tsv.uaem: OK
./leaf-range-normal-20261008-m3-7-bfs-first/system/Results/phase-bfs.txt: OK
./leaf-range-normal-20261008-m3-7-bfs-first/system/Results/phase-bfs.txt.uaem: OK
./leaf-range-normal-20261008-m3-7-bfs-first/system/Results/phase-pfs3.txt: OK
./leaf-range-normal-20261008-m3-7-bfs-first/system/Results/phase-pfs3.txt.uaem: OK
./leaf-range-normal-20261008-m3-7-bfs-first/system/S/Startup-Sequence: OK
./leaf-range-normal-20261008-m3-8-pfs3-first/bench.fs-uae: OK
./leaf-range-normal-20261008-m3-8-pfs3-first/bfs-rdb-info.txt: OK
./leaf-range-normal-20261008-m3-8-pfs3-first/bfs-rdb.json: OK
./leaf-range-normal-20261008-m3-8-pfs3-first/fs-uae.log: OK
./leaf-range-normal-20261008-m3-8-pfs3-first/run.log: OK
./leaf-range-normal-20261008-m3-8-pfs3-first/runtime-inputs.sha256: OK
./leaf-range-normal-20261008-m3-8-pfs3-first/system/Results/bfs.tsv: OK
./leaf-range-normal-20261008-m3-8-pfs3-first/system/Results/bfs.tsv.uaem: OK
./leaf-range-normal-20261008-m3-8-pfs3-first/system/Results/complete.txt: OK
./leaf-range-normal-20261008-m3-8-pfs3-first/system/Results/complete.txt.uaem: OK
./leaf-range-normal-20261008-m3-8-pfs3-first/system/Results/format-pfs3.txt: OK
./leaf-range-normal-20261008-m3-8-pfs3-first/system/Results/format-pfs3.txt.uaem: OK
./leaf-range-normal-20261008-m3-8-pfs3-first/system/Results/info-after-format.txt: OK
./leaf-range-normal-20261008-m3-8-pfs3-first/system/Results/info-after-format.txt.uaem: OK
./leaf-range-normal-20261008-m3-8-pfs3-first/system/Results/info.txt: OK
./leaf-range-normal-20261008-m3-8-pfs3-first/system/Results/info.txt.uaem: OK
./leaf-range-normal-20261008-m3-8-pfs3-first/system/Results/pfs3.tsv: OK
./leaf-range-normal-20261008-m3-8-pfs3-first/system/Results/pfs3.tsv.uaem: OK
./leaf-range-normal-20261008-m3-8-pfs3-first/system/Results/phase-bfs.txt: OK
./leaf-range-normal-20261008-m3-8-pfs3-first/system/Results/phase-bfs.txt.uaem: OK
./leaf-range-normal-20261008-m3-8-pfs3-first/system/Results/phase-pfs3.txt: OK
./leaf-range-normal-20261008-m3-8-pfs3-first/system/Results/phase-pfs3.txt.uaem: OK
./leaf-range-normal-20261008-m3-8-pfs3-first/system/S/Startup-Sequence: OK
./leaf-range-normal-20261008-range-1-bfs-first/bench.fs-uae: OK
./leaf-range-normal-20261008-range-1-bfs-first/bfs-rdb-info.txt: OK
./leaf-range-normal-20261008-range-1-bfs-first/bfs-rdb.json: OK
./leaf-range-normal-20261008-range-1-bfs-first/fs-uae.log: OK
./leaf-range-normal-20261008-range-1-bfs-first/run.log: OK
./leaf-range-normal-20261008-range-1-bfs-first/runtime-inputs.sha256: OK
./leaf-range-normal-20261008-range-1-bfs-first/system/Results/bfs.tsv: OK
./leaf-range-normal-20261008-range-1-bfs-first/system/Results/bfs.tsv.uaem: OK
./leaf-range-normal-20261008-range-1-bfs-first/system/Results/complete.txt: OK
./leaf-range-normal-20261008-range-1-bfs-first/system/Results/complete.txt.uaem: OK
./leaf-range-normal-20261008-range-1-bfs-first/system/Results/format-pfs3.txt: OK
./leaf-range-normal-20261008-range-1-bfs-first/system/Results/format-pfs3.txt.uaem: OK
./leaf-range-normal-20261008-range-1-bfs-first/system/Results/info-after-format.txt: OK
./leaf-range-normal-20261008-range-1-bfs-first/system/Results/info-after-format.txt.uaem: OK
./leaf-range-normal-20261008-range-1-bfs-first/system/Results/info.txt: OK
./leaf-range-normal-20261008-range-1-bfs-first/system/Results/info.txt.uaem: OK
./leaf-range-normal-20261008-range-1-bfs-first/system/Results/pfs3.tsv: OK
./leaf-range-normal-20261008-range-1-bfs-first/system/Results/pfs3.tsv.uaem: OK
./leaf-range-normal-20261008-range-1-bfs-first/system/Results/phase-bfs.txt: OK
./leaf-range-normal-20261008-range-1-bfs-first/system/Results/phase-bfs.txt.uaem: OK
./leaf-range-normal-20261008-range-1-bfs-first/system/Results/phase-pfs3.txt: OK
./leaf-range-normal-20261008-range-1-bfs-first/system/Results/phase-pfs3.txt.uaem: OK
./leaf-range-normal-20261008-range-1-bfs-first/system/S/Startup-Sequence: OK
./leaf-range-normal-20261008-range-2-pfs3-first/bench.fs-uae: OK
./leaf-range-normal-20261008-range-2-pfs3-first/bfs-rdb-info.txt: OK
./leaf-range-normal-20261008-range-2-pfs3-first/bfs-rdb.json: OK
./leaf-range-normal-20261008-range-2-pfs3-first/fs-uae.log: OK
./leaf-range-normal-20261008-range-2-pfs3-first/run.log: OK
./leaf-range-normal-20261008-range-2-pfs3-first/runtime-inputs.sha256: OK
./leaf-range-normal-20261008-range-2-pfs3-first/system/Results/bfs.tsv: OK
./leaf-range-normal-20261008-range-2-pfs3-first/system/Results/bfs.tsv.uaem: OK
./leaf-range-normal-20261008-range-2-pfs3-first/system/Results/complete.txt: OK
./leaf-range-normal-20261008-range-2-pfs3-first/system/Results/complete.txt.uaem: OK
./leaf-range-normal-20261008-range-2-pfs3-first/system/Results/format-pfs3.txt: OK
./leaf-range-normal-20261008-range-2-pfs3-first/system/Results/format-pfs3.txt.uaem: OK
./leaf-range-normal-20261008-range-2-pfs3-first/system/Results/info-after-format.txt: OK
./leaf-range-normal-20261008-range-2-pfs3-first/system/Results/info-after-format.txt.uaem: OK
./leaf-range-normal-20261008-range-2-pfs3-first/system/Results/info.txt: OK
./leaf-range-normal-20261008-range-2-pfs3-first/system/Results/info.txt.uaem: OK
./leaf-range-normal-20261008-range-2-pfs3-first/system/Results/pfs3.tsv: OK
./leaf-range-normal-20261008-range-2-pfs3-first/system/Results/pfs3.tsv.uaem: OK
./leaf-range-normal-20261008-range-2-pfs3-first/system/Results/phase-bfs.txt: OK
./leaf-range-normal-20261008-range-2-pfs3-first/system/Results/phase-bfs.txt.uaem: OK
./leaf-range-normal-20261008-range-2-pfs3-first/system/Results/phase-pfs3.txt: OK
./leaf-range-normal-20261008-range-2-pfs3-first/system/Results/phase-pfs3.txt.uaem: OK
./leaf-range-normal-20261008-range-2-pfs3-first/system/S/Startup-Sequence: OK
./leaf-range-normal-20261008-range-3-bfs-first/bench.fs-uae: OK
./leaf-range-normal-20261008-range-3-bfs-first/bfs-rdb-info.txt: OK
./leaf-range-normal-20261008-range-3-bfs-first/bfs-rdb.json: OK
./leaf-range-normal-20261008-range-3-bfs-first/fs-uae.log: OK
./leaf-range-normal-20261008-range-3-bfs-first/run.log: OK
./leaf-range-normal-20261008-range-3-bfs-first/runtime-inputs.sha256: OK
./leaf-range-normal-20261008-range-3-bfs-first/system/Results/bfs.tsv: OK
./leaf-range-normal-20261008-range-3-bfs-first/system/Results/bfs.tsv.uaem: OK
./leaf-range-normal-20261008-range-3-bfs-first/system/Results/complete.txt: OK
./leaf-range-normal-20261008-range-3-bfs-first/system/Results/complete.txt.uaem: OK
./leaf-range-normal-20261008-range-3-bfs-first/system/Results/format-pfs3.txt: OK
./leaf-range-normal-20261008-range-3-bfs-first/system/Results/format-pfs3.txt.uaem: OK
./leaf-range-normal-20261008-range-3-bfs-first/system/Results/info-after-format.txt: OK
./leaf-range-normal-20261008-range-3-bfs-first/system/Results/info-after-format.txt.uaem: OK
./leaf-range-normal-20261008-range-3-bfs-first/system/Results/info.txt: OK
./leaf-range-normal-20261008-range-3-bfs-first/system/Results/info.txt.uaem: OK
./leaf-range-normal-20261008-range-3-bfs-first/system/Results/pfs3.tsv: OK
./leaf-range-normal-20261008-range-3-bfs-first/system/Results/pfs3.tsv.uaem: OK
./leaf-range-normal-20261008-range-3-bfs-first/system/Results/phase-bfs.txt: OK
./leaf-range-normal-20261008-range-3-bfs-first/system/Results/phase-bfs.txt.uaem: OK
./leaf-range-normal-20261008-range-3-bfs-first/system/Results/phase-pfs3.txt: OK
./leaf-range-normal-20261008-range-3-bfs-first/system/Results/phase-pfs3.txt.uaem: OK
./leaf-range-normal-20261008-range-3-bfs-first/system/S/Startup-Sequence: OK
./leaf-range-normal-20261008-range-4-pfs3-first/bench.fs-uae: OK
./leaf-range-normal-20261008-range-4-pfs3-first/bfs-rdb-info.txt: OK
./leaf-range-normal-20261008-range-4-pfs3-first/bfs-rdb.json: OK
./leaf-range-normal-20261008-range-4-pfs3-first/fs-uae.log: OK
./leaf-range-normal-20261008-range-4-pfs3-first/run.log: OK
./leaf-range-normal-20261008-range-4-pfs3-first/runtime-inputs.sha256: OK
./leaf-range-normal-20261008-range-4-pfs3-first/system/Results/bfs.tsv: OK
./leaf-range-normal-20261008-range-4-pfs3-first/system/Results/bfs.tsv.uaem: OK
./leaf-range-normal-20261008-range-4-pfs3-first/system/Results/complete.txt: OK
./leaf-range-normal-20261008-range-4-pfs3-first/system/Results/complete.txt.uaem: OK
./leaf-range-normal-20261008-range-4-pfs3-first/system/Results/format-pfs3.txt: OK
./leaf-range-normal-20261008-range-4-pfs3-first/system/Results/format-pfs3.txt.uaem: OK
./leaf-range-normal-20261008-range-4-pfs3-first/system/Results/info-after-format.txt: OK
./leaf-range-normal-20261008-range-4-pfs3-first/system/Results/info-after-format.txt.uaem: OK
./leaf-range-normal-20261008-range-4-pfs3-first/system/Results/info.txt: OK
./leaf-range-normal-20261008-range-4-pfs3-first/system/Results/info.txt.uaem: OK
./leaf-range-normal-20261008-range-4-pfs3-first/system/Results/pfs3.tsv: OK
./leaf-range-normal-20261008-range-4-pfs3-first/system/Results/pfs3.tsv.uaem: OK
./leaf-range-normal-20261008-range-4-pfs3-first/system/Results/phase-bfs.txt: OK
./leaf-range-normal-20261008-range-4-pfs3-first/system/Results/phase-bfs.txt.uaem: OK
./leaf-range-normal-20261008-range-4-pfs3-first/system/Results/phase-pfs3.txt: OK
./leaf-range-normal-20261008-range-4-pfs3-first/system/Results/phase-pfs3.txt.uaem: OK
./leaf-range-normal-20261008-range-4-pfs3-first/system/S/Startup-Sequence: OK
./leaf-range-normal-20261008-range-5-bfs-first/bench.fs-uae: OK
./leaf-range-normal-20261008-range-5-bfs-first/bfs-rdb-info.txt: OK
./leaf-range-normal-20261008-range-5-bfs-first/bfs-rdb.json: OK
./leaf-range-normal-20261008-range-5-bfs-first/fs-uae.log: OK
./leaf-range-normal-20261008-range-5-bfs-first/run.log: OK
./leaf-range-normal-20261008-range-5-bfs-first/runtime-inputs.sha256: OK
./leaf-range-normal-20261008-range-5-bfs-first/system/Results/bfs.tsv: OK
./leaf-range-normal-20261008-range-5-bfs-first/system/Results/bfs.tsv.uaem: OK
./leaf-range-normal-20261008-range-5-bfs-first/system/Results/complete.txt: OK
./leaf-range-normal-20261008-range-5-bfs-first/system/Results/complete.txt.uaem: OK
./leaf-range-normal-20261008-range-5-bfs-first/system/Results/format-pfs3.txt: OK
./leaf-range-normal-20261008-range-5-bfs-first/system/Results/format-pfs3.txt.uaem: OK
./leaf-range-normal-20261008-range-5-bfs-first/system/Results/info-after-format.txt: OK
./leaf-range-normal-20261008-range-5-bfs-first/system/Results/info-after-format.txt.uaem: OK
./leaf-range-normal-20261008-range-5-bfs-first/system/Results/info.txt: OK
./leaf-range-normal-20261008-range-5-bfs-first/system/Results/info.txt.uaem: OK
./leaf-range-normal-20261008-range-5-bfs-first/system/Results/pfs3.tsv: OK
./leaf-range-normal-20261008-range-5-bfs-first/system/Results/pfs3.tsv.uaem: OK
./leaf-range-normal-20261008-range-5-bfs-first/system/Results/phase-bfs.txt: OK
./leaf-range-normal-20261008-range-5-bfs-first/system/Results/phase-bfs.txt.uaem: OK
./leaf-range-normal-20261008-range-5-bfs-first/system/Results/phase-pfs3.txt: OK
./leaf-range-normal-20261008-range-5-bfs-first/system/Results/phase-pfs3.txt.uaem: OK
./leaf-range-normal-20261008-range-5-bfs-first/system/S/Startup-Sequence: OK
./leaf-range-normal-20261008-range-6-pfs3-first/bench.fs-uae: OK
./leaf-range-normal-20261008-range-6-pfs3-first/bfs-rdb-info.txt: OK
./leaf-range-normal-20261008-range-6-pfs3-first/bfs-rdb.json: OK
./leaf-range-normal-20261008-range-6-pfs3-first/fs-uae.log: OK
./leaf-range-normal-20261008-range-6-pfs3-first/run.log: OK
./leaf-range-normal-20261008-range-6-pfs3-first/runtime-inputs.sha256: OK
./leaf-range-normal-20261008-range-6-pfs3-first/system/Results/bfs.tsv: OK
./leaf-range-normal-20261008-range-6-pfs3-first/system/Results/bfs.tsv.uaem: OK
./leaf-range-normal-20261008-range-6-pfs3-first/system/Results/complete.txt: OK
./leaf-range-normal-20261008-range-6-pfs3-first/system/Results/complete.txt.uaem: OK
./leaf-range-normal-20261008-range-6-pfs3-first/system/Results/format-pfs3.txt: OK
./leaf-range-normal-20261008-range-6-pfs3-first/system/Results/format-pfs3.txt.uaem: OK
./leaf-range-normal-20261008-range-6-pfs3-first/system/Results/info-after-format.txt: OK
./leaf-range-normal-20261008-range-6-pfs3-first/system/Results/info-after-format.txt.uaem: OK
./leaf-range-normal-20261008-range-6-pfs3-first/system/Results/info.txt: OK
./leaf-range-normal-20261008-range-6-pfs3-first/system/Results/info.txt.uaem: OK
./leaf-range-normal-20261008-range-6-pfs3-first/system/Results/pfs3.tsv: OK
./leaf-range-normal-20261008-range-6-pfs3-first/system/Results/pfs3.tsv.uaem: OK
./leaf-range-normal-20261008-range-6-pfs3-first/system/Results/phase-bfs.txt: OK
./leaf-range-normal-20261008-range-6-pfs3-first/system/Results/phase-bfs.txt.uaem: OK
./leaf-range-normal-20261008-range-6-pfs3-first/system/Results/phase-pfs3.txt: OK
./leaf-range-normal-20261008-range-6-pfs3-first/system/Results/phase-pfs3.txt.uaem: OK
./leaf-range-normal-20261008-range-6-pfs3-first/system/S/Startup-Sequence: OK
./leaf-range-normal-20261008-range-7-bfs-first/bench.fs-uae: OK
./leaf-range-normal-20261008-range-7-bfs-first/bfs-rdb-info.txt: OK
./leaf-range-normal-20261008-range-7-bfs-first/bfs-rdb.json: OK
./leaf-range-normal-20261008-range-7-bfs-first/fs-uae.log: OK
./leaf-range-normal-20261008-range-7-bfs-first/run.log: OK
./leaf-range-normal-20261008-range-7-bfs-first/runtime-inputs.sha256: OK
./leaf-range-normal-20261008-range-7-bfs-first/system/Results/bfs.tsv: OK
./leaf-range-normal-20261008-range-7-bfs-first/system/Results/bfs.tsv.uaem: OK
./leaf-range-normal-20261008-range-7-bfs-first/system/Results/complete.txt: OK
./leaf-range-normal-20261008-range-7-bfs-first/system/Results/complete.txt.uaem: OK
./leaf-range-normal-20261008-range-7-bfs-first/system/Results/format-pfs3.txt: OK
./leaf-range-normal-20261008-range-7-bfs-first/system/Results/format-pfs3.txt.uaem: OK
./leaf-range-normal-20261008-range-7-bfs-first/system/Results/info-after-format.txt: OK
./leaf-range-normal-20261008-range-7-bfs-first/system/Results/info-after-format.txt.uaem: OK
./leaf-range-normal-20261008-range-7-bfs-first/system/Results/info.txt: OK
./leaf-range-normal-20261008-range-7-bfs-first/system/Results/info.txt.uaem: OK
./leaf-range-normal-20261008-range-7-bfs-first/system/Results/pfs3.tsv: OK
./leaf-range-normal-20261008-range-7-bfs-first/system/Results/pfs3.tsv.uaem: OK
./leaf-range-normal-20261008-range-7-bfs-first/system/Results/phase-bfs.txt: OK
./leaf-range-normal-20261008-range-7-bfs-first/system/Results/phase-bfs.txt.uaem: OK
./leaf-range-normal-20261008-range-7-bfs-first/system/Results/phase-pfs3.txt: OK
./leaf-range-normal-20261008-range-7-bfs-first/system/Results/phase-pfs3.txt.uaem: OK
./leaf-range-normal-20261008-range-7-bfs-first/system/S/Startup-Sequence: OK
./leaf-range-normal-20261008-range-8-pfs3-first/bench.fs-uae: OK
./leaf-range-normal-20261008-range-8-pfs3-first/bfs-rdb-info.txt: OK
./leaf-range-normal-20261008-range-8-pfs3-first/bfs-rdb.json: OK
./leaf-range-normal-20261008-range-8-pfs3-first/fs-uae.log: OK
./leaf-range-normal-20261008-range-8-pfs3-first/run.log: OK
./leaf-range-normal-20261008-range-8-pfs3-first/runtime-inputs.sha256: OK
./leaf-range-normal-20261008-range-8-pfs3-first/system/Results/bfs.tsv: OK
./leaf-range-normal-20261008-range-8-pfs3-first/system/Results/bfs.tsv.uaem: OK
./leaf-range-normal-20261008-range-8-pfs3-first/system/Results/complete.txt: OK
./leaf-range-normal-20261008-range-8-pfs3-first/system/Results/complete.txt.uaem: OK
./leaf-range-normal-20261008-range-8-pfs3-first/system/Results/format-pfs3.txt: OK
./leaf-range-normal-20261008-range-8-pfs3-first/system/Results/format-pfs3.txt.uaem: OK
./leaf-range-normal-20261008-range-8-pfs3-first/system/Results/info-after-format.txt: OK
./leaf-range-normal-20261008-range-8-pfs3-first/system/Results/info-after-format.txt.uaem: OK
./leaf-range-normal-20261008-range-8-pfs3-first/system/Results/info.txt: OK
./leaf-range-normal-20261008-range-8-pfs3-first/system/Results/info.txt.uaem: OK
./leaf-range-normal-20261008-range-8-pfs3-first/system/Results/pfs3.tsv: OK
./leaf-range-normal-20261008-range-8-pfs3-first/system/Results/pfs3.tsv.uaem: OK
./leaf-range-normal-20261008-range-8-pfs3-first/system/Results/phase-bfs.txt: OK
./leaf-range-normal-20261008-range-8-pfs3-first/system/Results/phase-bfs.txt.uaem: OK
./leaf-range-normal-20261008-range-8-pfs3-first/system/Results/phase-pfs3.txt: OK
./leaf-range-normal-20261008-range-8-pfs3-first/system/Results/phase-pfs3.txt.uaem: OK
./leaf-range-normal-20261008-range-8-pfs3-first/system/S/Startup-Sequence: OK
./leaf-range-normal-series.log: OK
./leaf-range-pilot-20261008-m3-1-bfs-first/bench.fs-uae: OK
./leaf-range-pilot-20261008-m3-1-bfs-first/bfs-rdb-info.txt: OK
./leaf-range-pilot-20261008-m3-1-bfs-first/bfs-rdb.json: OK
./leaf-range-pilot-20261008-m3-1-bfs-first/fs-uae.log: OK
./leaf-range-pilot-20261008-m3-1-bfs-first/run.log: OK
./leaf-range-pilot-20261008-m3-1-bfs-first/runtime-inputs.sha256: OK
./leaf-range-pilot-20261008-m3-1-bfs-first/system/Results/bfs.tsv: OK
./leaf-range-pilot-20261008-m3-1-bfs-first/system/Results/bfs.tsv.uaem: OK
./leaf-range-pilot-20261008-m3-1-bfs-first/system/Results/complete.txt: OK
./leaf-range-pilot-20261008-m3-1-bfs-first/system/Results/complete.txt.uaem: OK
./leaf-range-pilot-20261008-m3-1-bfs-first/system/Results/format-pfs3.txt: OK
./leaf-range-pilot-20261008-m3-1-bfs-first/system/Results/format-pfs3.txt.uaem: OK
./leaf-range-pilot-20261008-m3-1-bfs-first/system/Results/info-after-format.txt: OK
./leaf-range-pilot-20261008-m3-1-bfs-first/system/Results/info-after-format.txt.uaem: OK
./leaf-range-pilot-20261008-m3-1-bfs-first/system/Results/info.txt: OK
./leaf-range-pilot-20261008-m3-1-bfs-first/system/Results/info.txt.uaem: OK
./leaf-range-pilot-20261008-m3-1-bfs-first/system/Results/pfs3.tsv: OK
./leaf-range-pilot-20261008-m3-1-bfs-first/system/Results/pfs3.tsv.uaem: OK
./leaf-range-pilot-20261008-m3-1-bfs-first/system/Results/phase-bfs.txt: OK
./leaf-range-pilot-20261008-m3-1-bfs-first/system/Results/phase-bfs.txt.uaem: OK
./leaf-range-pilot-20261008-m3-1-bfs-first/system/Results/phase-pfs3.txt: OK
./leaf-range-pilot-20261008-m3-1-bfs-first/system/Results/phase-pfs3.txt.uaem: OK
./leaf-range-pilot-20261008-m3-1-bfs-first/system/S/Startup-Sequence: OK
./leaf-range-pilot-20261008-m3-2-pfs3-first/bench.fs-uae: OK
./leaf-range-pilot-20261008-m3-2-pfs3-first/bfs-rdb-info.txt: OK
./leaf-range-pilot-20261008-m3-2-pfs3-first/bfs-rdb.json: OK
./leaf-range-pilot-20261008-m3-2-pfs3-first/fs-uae.log: OK
./leaf-range-pilot-20261008-m3-2-pfs3-first/run.log: OK
./leaf-range-pilot-20261008-m3-2-pfs3-first/runtime-inputs.sha256: OK
./leaf-range-pilot-20261008-m3-2-pfs3-first/system/Results/bfs.tsv: OK
./leaf-range-pilot-20261008-m3-2-pfs3-first/system/Results/bfs.tsv.uaem: OK
./leaf-range-pilot-20261008-m3-2-pfs3-first/system/Results/complete.txt: OK
./leaf-range-pilot-20261008-m3-2-pfs3-first/system/Results/complete.txt.uaem: OK
./leaf-range-pilot-20261008-m3-2-pfs3-first/system/Results/format-pfs3.txt: OK
./leaf-range-pilot-20261008-m3-2-pfs3-first/system/Results/format-pfs3.txt.uaem: OK
./leaf-range-pilot-20261008-m3-2-pfs3-first/system/Results/info-after-format.txt: OK
./leaf-range-pilot-20261008-m3-2-pfs3-first/system/Results/info-after-format.txt.uaem: OK
./leaf-range-pilot-20261008-m3-2-pfs3-first/system/Results/info.txt: OK
./leaf-range-pilot-20261008-m3-2-pfs3-first/system/Results/info.txt.uaem: OK
./leaf-range-pilot-20261008-m3-2-pfs3-first/system/Results/pfs3.tsv: OK
./leaf-range-pilot-20261008-m3-2-pfs3-first/system/Results/pfs3.tsv.uaem: OK
./leaf-range-pilot-20261008-m3-2-pfs3-first/system/Results/phase-bfs.txt: OK
./leaf-range-pilot-20261008-m3-2-pfs3-first/system/Results/phase-bfs.txt.uaem: OK
./leaf-range-pilot-20261008-m3-2-pfs3-first/system/Results/phase-pfs3.txt: OK
./leaf-range-pilot-20261008-m3-2-pfs3-first/system/Results/phase-pfs3.txt.uaem: OK
./leaf-range-pilot-20261008-m3-2-pfs3-first/system/S/Startup-Sequence: OK
./leaf-range-pilot-20261008-range-1-bfs-first/bench.fs-uae: OK
./leaf-range-pilot-20261008-range-1-bfs-first/bfs-rdb-info.txt: OK
./leaf-range-pilot-20261008-range-1-bfs-first/bfs-rdb.json: OK
./leaf-range-pilot-20261008-range-1-bfs-first/fs-uae.log: OK
./leaf-range-pilot-20261008-range-1-bfs-first/run.log: OK
./leaf-range-pilot-20261008-range-1-bfs-first/runtime-inputs.sha256: OK
./leaf-range-pilot-20261008-range-1-bfs-first/system/Results/bfs.tsv: OK
./leaf-range-pilot-20261008-range-1-bfs-first/system/Results/bfs.tsv.uaem: OK
./leaf-range-pilot-20261008-range-1-bfs-first/system/Results/complete.txt: OK
./leaf-range-pilot-20261008-range-1-bfs-first/system/Results/complete.txt.uaem: OK
./leaf-range-pilot-20261008-range-1-bfs-first/system/Results/format-pfs3.txt: OK
./leaf-range-pilot-20261008-range-1-bfs-first/system/Results/format-pfs3.txt.uaem: OK
./leaf-range-pilot-20261008-range-1-bfs-first/system/Results/info-after-format.txt: OK
./leaf-range-pilot-20261008-range-1-bfs-first/system/Results/info-after-format.txt.uaem: OK
./leaf-range-pilot-20261008-range-1-bfs-first/system/Results/info.txt: OK
./leaf-range-pilot-20261008-range-1-bfs-first/system/Results/info.txt.uaem: OK
./leaf-range-pilot-20261008-range-1-bfs-first/system/Results/pfs3.tsv: OK
./leaf-range-pilot-20261008-range-1-bfs-first/system/Results/pfs3.tsv.uaem: OK
./leaf-range-pilot-20261008-range-1-bfs-first/system/Results/phase-bfs.txt: OK
./leaf-range-pilot-20261008-range-1-bfs-first/system/Results/phase-bfs.txt.uaem: OK
./leaf-range-pilot-20261008-range-1-bfs-first/system/Results/phase-pfs3.txt: OK
./leaf-range-pilot-20261008-range-1-bfs-first/system/Results/phase-pfs3.txt.uaem: OK
./leaf-range-pilot-20261008-range-1-bfs-first/system/S/Startup-Sequence: OK
./leaf-range-pilot-20261008-range-2-pfs3-first/bench.fs-uae: OK
./leaf-range-pilot-20261008-range-2-pfs3-first/bfs-rdb-info.txt: OK
./leaf-range-pilot-20261008-range-2-pfs3-first/bfs-rdb.json: OK
./leaf-range-pilot-20261008-range-2-pfs3-first/fs-uae.log: OK
./leaf-range-pilot-20261008-range-2-pfs3-first/run.log: OK
./leaf-range-pilot-20261008-range-2-pfs3-first/runtime-inputs.sha256: OK
./leaf-range-pilot-20261008-range-2-pfs3-first/system/Results/bfs.tsv: OK
./leaf-range-pilot-20261008-range-2-pfs3-first/system/Results/bfs.tsv.uaem: OK
./leaf-range-pilot-20261008-range-2-pfs3-first/system/Results/complete.txt: OK
./leaf-range-pilot-20261008-range-2-pfs3-first/system/Results/complete.txt.uaem: OK
./leaf-range-pilot-20261008-range-2-pfs3-first/system/Results/format-pfs3.txt: OK
./leaf-range-pilot-20261008-range-2-pfs3-first/system/Results/format-pfs3.txt.uaem: OK
./leaf-range-pilot-20261008-range-2-pfs3-first/system/Results/info-after-format.txt: OK
./leaf-range-pilot-20261008-range-2-pfs3-first/system/Results/info-after-format.txt.uaem: OK
./leaf-range-pilot-20261008-range-2-pfs3-first/system/Results/info.txt: OK
./leaf-range-pilot-20261008-range-2-pfs3-first/system/Results/info.txt.uaem: OK
./leaf-range-pilot-20261008-range-2-pfs3-first/system/Results/pfs3.tsv: OK
./leaf-range-pilot-20261008-range-2-pfs3-first/system/Results/pfs3.tsv.uaem: OK
./leaf-range-pilot-20261008-range-2-pfs3-first/system/Results/phase-bfs.txt: OK
./leaf-range-pilot-20261008-range-2-pfs3-first/system/Results/phase-bfs.txt.uaem: OK
./leaf-range-pilot-20261008-range-2-pfs3-first/system/Results/phase-pfs3.txt: OK
./leaf-range-pilot-20261008-range-2-pfs3-first/system/Results/phase-pfs3.txt.uaem: OK
./leaf-range-pilot-20261008-range-2-pfs3-first/system/S/Startup-Sequence: OK
./leaf-range-pilot-series.log: OK
./leaf-ranges-final-assets-complete.log: OK
./leaf-ranges-final-assets.log: OK
./leaf-ranges-final-source-check.log: OK
./leaf-ranges-identity-build.log: OK
./leaf-ranges-identity-cli-build.log: OK
./leaf-ranges-identity-fixture-build.log: OK
./leaf-ranges-identity-gates.log: OK
./leaf-ranges-identity-harness-shellcheck.log: OK
./leaf-ranges-identity-quality.log: OK
./leaf-ranges-identity-static.log: OK
./leaf-ranges-prior-detail-manifest.log: OK
./leaf-ranges-prior-main-manifest.log: OK
./leaf-route-sizes-identity-host.s: OK
./leaf-route-sizes-identity-m68k.s: OK
./m68k-build.log: OK
./normal-only-summary.tsv: OK
./pilot-summary.tsv: OK
./pre-upgrade-source-identities.txt: OK
./pre-upgrade-source.patch: OK
./qualification-final.log: OK
./run-qualification-measured.sh: OK
./run-qualification.sh: OK
./sanitize-final.log: OK
./source-identities.txt: OK
./summarize.py: OK
./summary-oracles.log: OK
./summary.tsv: OK
./test-summary.py: OK
./type-sizes-host.s: OK
./type-sizes-m68k.s: OK
./verification-status.txt: OK
