=== BFS vs PFS3 Benchmark (FS-UAE 68040) ===
Evidence directory: /home/fabian/.cache/bfs-performance/goal-root-2026-10-09.iikmxS/results/goal-root-aa-durable-baseb-1-pfs3-first
Mode: durable-compare
Timeout: 600s


=== Machine Info ===
# Machine Info
Kickstart 47.102, Workbench 47.2
System: 68040 68040/060-FPU   (INST: Cache Burst) (DATA: NoCache NoBurst)
Type  Available    In-Use   Maximum   Largest
chip    2028040     52728   2080768   2027968
fast    7686824    701784   8388608   7681768
total   9714864    754512  10469376   7681768


Mounted disks:
Unit      Size       Used       Free Full Errs   Status   Name
DF0       No disk present
DH0      4095M    4194304    4194303  50%   0  Read/Write System
DH1       255M         36      65372   0%   0  Read/Write BFSTest
DH2       Not a DOS disk

Volumes available:
BFSTest [Mounted]
System [Mounted]

=== BFS Results ===
FS_DURABLE_COMPARE	4
DRIVE	DH1:
SMALL_CREATE_40_US	33214
LOOKUP_400_US	75777
SMALL_READ_40_US	19713
LIST_EXNEXT_400_US	39040
LIST_EXALL_400_US	10113
SEQ_WRITE_8M_US	41723
SEQ_READ_8M_US	261373
SMALL_DELETE_40_US	20225
APPEND_4K_1M_US	75328
APPEND_1K_256K_US	61760
APPEND_READ_1280K_US	53312
LIST_EXNEXT_40_ENTRIES_FIRST_PASS_US	5760
LIST_EXNEXT_40_ENTRIES_REPEAT10_TOTAL_US	31359
LIST_EXALL_40_ENTRIES_FIRST_PASS_US	3200
LIST_EXALL_40_ENTRIES_REPEAT10_TOTAL_US	9407
LIST_EXNEXT_400_ENTRIES_FIRST_PASS_US	52352
LIST_EXNEXT_400_ENTRIES_REPEAT10_TOTAL_US	614844
LIST_EXALL_400_ENTRIES_FIRST_PASS_US	31872
LIST_EXALL_400_ENTRIES_REPEAT10_TOTAL_US	345386
LIST_EXNEXT_1000_ENTRIES_FIRST_PASS_US	232447
LIST_EXNEXT_1000_ENTRIES_REPEAT10_TOTAL_US	1370616
LIST_EXALL_1000_ENTRIES_FIRST_PASS_US	83711
LIST_EXALL_1000_ENTRIES_REPEAT10_TOTAL_US	768956
PASS	1

=== PFS3 Results ===
FS_DURABLE_COMPARE	4
DRIVE	DH2:
SMALL_CREATE_40_US	16065
LOOKUP_400_US	71871
SMALL_READ_40_US	14400
LIST_EXNEXT_400_US	11968
LIST_EXALL_400_US	3071
SEQ_WRITE_8M_US	38913
SEQ_READ_8M_US	253502
SMALL_DELETE_40_US	8960
APPEND_4K_1M_US	32639
APPEND_1K_256K_US	24000
APPEND_READ_1280K_US	39488
LIST_EXNEXT_40_ENTRIES_FIRST_PASS_US	1536
LIST_EXNEXT_40_ENTRIES_REPEAT10_TOTAL_US	12095
LIST_EXALL_40_ENTRIES_FIRST_PASS_US	575
LIST_EXALL_40_ENTRIES_REPEAT10_TOTAL_US	2560
LIST_EXNEXT_400_ENTRIES_FIRST_PASS_US	12289
LIST_EXNEXT_400_ENTRIES_REPEAT10_TOTAL_US	112191
LIST_EXALL_400_ENTRIES_FIRST_PASS_US	2688
LIST_EXALL_400_ENTRIES_REPEAT10_TOTAL_US	20672
LIST_EXNEXT_1000_ENTRIES_FIRST_PASS_US	33023
LIST_EXNEXT_1000_ENTRIES_REPEAT10_TOTAL_US	289021
LIST_EXALL_1000_ENTRIES_FIRST_PASS_US	6336
LIST_EXALL_1000_ENTRIES_REPEAT10_TOTAL_US	50240
PASS	1
PASS: requested mounted-volume workload outputs are complete and data-checked
