=== BFS vs PFS3 Benchmark (FS-UAE 68040) ===
Evidence directory: /home/fabian/.cache/bfs-performance/wbbound-2026-10-10.2MoC3f/results/wbbound-5-bfs-first-bound
Mode: compare
Timeout: 600s


=== Machine Info ===
# Machine Info
Kickstart 47.102, Workbench 47.2
System: 68040 68040/060-FPU   (INST: Cache Burst) (DATA: NoCache NoBurst)
Type  Available    In-Use   Maximum   Largest
chip    2028040     52728   2080768   2027968
fast    7534128    854480   8388608   7529056
total   9562168    907208  10469376   7529056


Mounted disks:
Unit      Size       Used       Free Full Errs   Status   Name
DF0       No disk present
DH0      4095M    4194304    4194303  50%   0  Read/Write System
DH1       255M         36      65372   0%   0  Read/Write BFSTest
DH2       Not a DOS disk

Volumes available:
BFSTest [Mounted]
System [Mounted]

=== BFS Results ===
FS_COMPARE_BENCH	4
DRIVE	DH1:
SMALL_CREATE_40_US	28928
LOOKUP_400_US	72255
SMALL_READ_40_US	19263
LIST_EXNEXT_400_US	27777
LIST_EXALL_400_US	10158
SEQ_WRITE_8M_US	27712
SEQ_READ_8M_US	283007
SMALL_DELETE_40_US	14271
APPEND_4K_1M_US	51328
APPEND_1K_256K_US	52480
APPEND_READ_1280K_US	48383
LIST_EXNEXT_40_ENTRIES_FIRST_PASS_US	4480
LIST_EXNEXT_40_ENTRIES_REPEAT10_TOTAL_US	28096
LIST_EXALL_40_ENTRIES_FIRST_PASS_US	1728
LIST_EXALL_40_ENTRIES_REPEAT10_TOTAL_US	8257
LIST_EXNEXT_400_ENTRIES_FIRST_PASS_US	36544
LIST_EXNEXT_400_ENTRIES_REPEAT10_TOTAL_US	295294
LIST_EXALL_400_ENTRIES_FIRST_PASS_US	15295
LIST_EXALL_400_ENTRIES_REPEAT10_TOTAL_US	74688
LIST_EXNEXT_1000_ENTRIES_FIRST_PASS_US	91840
LIST_EXNEXT_1000_ENTRIES_REPEAT10_TOTAL_US	754939
LIST_EXALL_1000_ENTRIES_FIRST_PASS_US	40703
LIST_EXALL_1000_ENTRIES_REPEAT10_TOTAL_US	203391
PASS	1

=== PFS3 Results ===
FS_COMPARE_BENCH	4
DRIVE	DH2:
SMALL_CREATE_40_US	15102
LOOKUP_400_US	66048
SMALL_READ_40_US	13696
LIST_EXNEXT_400_US	12350
LIST_EXALL_400_US	2559
SEQ_WRITE_8M_US	52097
SEQ_READ_8M_US	250499
SMALL_DELETE_40_US	7872
APPEND_4K_1M_US	31680
APPEND_1K_256K_US	22407
APPEND_READ_1280K_US	39231
LIST_EXNEXT_40_ENTRIES_FIRST_PASS_US	1728
LIST_EXNEXT_40_ENTRIES_REPEAT10_TOTAL_US	12160
LIST_EXALL_40_ENTRIES_FIRST_PASS_US	576
LIST_EXALL_40_ENTRIES_REPEAT10_TOTAL_US	2495
LIST_EXNEXT_400_ENTRIES_FIRST_PASS_US	12224
LIST_EXNEXT_400_ENTRIES_REPEAT10_TOTAL_US	113535
LIST_EXALL_400_ENTRIES_FIRST_PASS_US	2816
LIST_EXALL_400_ENTRIES_REPEAT10_TOTAL_US	20415
LIST_EXNEXT_1000_ENTRIES_FIRST_PASS_US	30528
LIST_EXNEXT_1000_ENTRIES_REPEAT10_TOTAL_US	289791
LIST_EXALL_1000_ENTRIES_FIRST_PASS_US	6720
LIST_EXALL_1000_ENTRIES_REPEAT10_TOTAL_US	50176
PASS	1
PASS: requested mounted-volume workload outputs are complete and data-checked
