=== BFS vs PFS3 Benchmark (FS-UAE 68040) ===
Evidence directory: /home/fabian/.cache/bfs-performance/sparse-crc-2026-10-09.xN615F/candidate/build/benchmark/sparse-confirmation-20261009/confirm-durable-m5-6-pfs3-first
Mode: durable-compare
Timeout: 600s


=== Machine Info ===
# Machine Info
Kickstart 47.102, Workbench 47.2
System: 68040 68040/060-FPU   (INST: Cache Burst) (DATA: NoCache NoBurst)
Type  Available    In-Use   Maximum   Largest
chip    2028040     52728   2080768   2027968
fast    7687256    701352   8388608   7682200
total   9715296    754080  10469376   7682200


Mounted disks:
Unit      Size       Used       Free Full Errs   Status   Name
DF0       No disk present
DH0      4095M    4194304    4194303  50%   0  Read/Write System
DH1       255M         36      65372   0%   0  Read/Write BFSTest
DH2       Not a DOS disk

Volumes available:
BFSTest [Mounted]
System [Mounted]

=== BFS Results ===
FS_DURABLE_COMPARE	4
DRIVE	DH1:
SMALL_CREATE_40_US	32800
LOOKUP_400_US	76800
SMALL_READ_40_US	21120
LIST_EXNEXT_400_US	31743
LIST_EXALL_400_US	9088
SEQ_WRITE_8M_US	42559
SEQ_READ_8M_US	266558
SMALL_DELETE_40_US	20608
APPEND_4K_1M_US	76479
APPEND_1K_256K_US	64639
APPEND_READ_1280K_US	43772
LIST_EXNEXT_40_ENTRIES_FIRST_PASS_US	6017
LIST_EXNEXT_40_ENTRIES_REPEAT10_TOTAL_US	32512
LIST_EXALL_40_ENTRIES_FIRST_PASS_US	3646
LIST_EXALL_40_ENTRIES_REPEAT10_TOTAL_US	9472
LIST_EXNEXT_400_ENTRIES_FIRST_PASS_US	55808
LIST_EXNEXT_400_ENTRIES_REPEAT10_TOTAL_US	611131
LIST_EXALL_400_ENTRIES_FIRST_PASS_US	50111
LIST_EXALL_400_ENTRIES_REPEAT10_TOTAL_US	355839
LIST_EXNEXT_1000_ENTRIES_FIRST_PASS_US	145407
LIST_EXNEXT_1000_ENTRIES_REPEAT10_TOTAL_US	1519416
LIST_EXALL_1000_ENTRIES_FIRST_PASS_US	90687
LIST_EXALL_1000_ENTRIES_REPEAT10_TOTAL_US	913594
PASS	1

=== PFS3 Results ===
FS_DURABLE_COMPARE	4
DRIVE	DH2:
SMALL_CREATE_40_US	17407
LOOKUP_400_US	67072
SMALL_READ_40_US	14080
LIST_EXNEXT_400_US	11905
LIST_EXALL_400_US	2560
SEQ_WRITE_8M_US	39937
SEQ_READ_8M_US	280748
SMALL_DELETE_40_US	14785
APPEND_4K_1M_US	34943
APPEND_1K_256K_US	25791
APPEND_READ_1280K_US	39295
LIST_EXNEXT_40_ENTRIES_FIRST_PASS_US	1664
LIST_EXNEXT_40_ENTRIES_REPEAT10_TOTAL_US	12461
LIST_EXALL_40_ENTRIES_FIRST_PASS_US	512
LIST_EXALL_40_ENTRIES_REPEAT10_TOTAL_US	2560
LIST_EXNEXT_400_ENTRIES_FIRST_PASS_US	12865
LIST_EXNEXT_400_ENTRIES_REPEAT10_TOTAL_US	114493
LIST_EXALL_400_ENTRIES_FIRST_PASS_US	3072
LIST_EXALL_400_ENTRIES_REPEAT10_TOTAL_US	20671
LIST_EXNEXT_1000_ENTRIES_FIRST_PASS_US	31040
LIST_EXNEXT_1000_ENTRIES_REPEAT10_TOTAL_US	288190
LIST_EXALL_1000_ENTRIES_FIRST_PASS_US	7168
LIST_EXALL_1000_ENTRIES_REPEAT10_TOTAL_US	50366
PASS	1
PASS: requested mounted-volume workload outputs are complete and data-checked
