=== BFS vs PFS3 Benchmark (FS-UAE 68040) ===
Evidence directory: /home/fabian/.cache/bfs-performance/sparse-crc-2026-10-09.xN615F/candidate/build/benchmark/sparse-normal-20261009-m5-3-bfs-first
Mode: compare
Timeout: 600s


=== Machine Info ===
# Machine Info
Kickstart 47.102, Workbench 47.2
System: 68040 68040/060-FPU   (INST: Cache Burst) (DATA: NoCache NoBurst)
Type  Available    In-Use   Maximum   Largest
chip    2028040     52728   2080768   2027968
fast    7687256    701352   8388608   7682200
total   9715296    754080  10469376   7682200


Mounted disks:
Unit      Size       Used       Free Full Errs   Status   Name
DF0       No disk present
DH0      4095M    4194304    4194303  50%   0  Read/Write System
DH1       255M         36      65372   0%   0  Read/Write BFSTest
DH2       Not a DOS disk

Volumes available:
BFSTest [Mounted]
System [Mounted]

=== BFS Results ===
FS_COMPARE_BENCH	4
DRIVE	DH1:
SMALL_CREATE_40_US	29760
LOOKUP_400_US	79551
SMALL_READ_40_US	18880
LIST_EXNEXT_400_US	45888
LIST_EXALL_400_US	10240
SEQ_WRITE_8M_US	48319
SEQ_READ_8M_US	396284
SMALL_DELETE_40_US	18112
APPEND_4K_1M_US	72833
APPEND_1K_256K_US	60288
APPEND_READ_1280K_US	43776
LIST_EXNEXT_40_ENTRIES_FIRST_PASS_US	5952
LIST_EXNEXT_40_ENTRIES_REPEAT10_TOTAL_US	33983
LIST_EXALL_40_ENTRIES_FIRST_PASS_US	5017
LIST_EXALL_40_ENTRIES_REPEAT10_TOTAL_US	12780
LIST_EXNEXT_400_ENTRIES_FIRST_PASS_US	82879
LIST_EXNEXT_400_ENTRIES_REPEAT10_TOTAL_US	637565
LIST_EXALL_400_ENTRIES_FIRST_PASS_US	35071
LIST_EXALL_400_ENTRIES_REPEAT10_TOTAL_US	340031
LIST_EXNEXT_1000_ENTRIES_FIRST_PASS_US	146176
LIST_EXNEXT_1000_ENTRIES_REPEAT10_TOTAL_US	1472504
LIST_EXALL_1000_ENTRIES_FIRST_PASS_US	87040
LIST_EXALL_1000_ENTRIES_REPEAT10_TOTAL_US	858684
PASS	1

=== PFS3 Results ===
FS_COMPARE_BENCH	4
DRIVE	DH2:
SMALL_CREATE_40_US	16320
LOOKUP_400_US	69246
SMALL_READ_40_US	13311
LIST_EXNEXT_400_US	12160
LIST_EXALL_400_US	2496
SEQ_WRITE_8M_US	36159
SEQ_READ_8M_US	302207
SMALL_DELETE_40_US	8000
APPEND_4K_1M_US	32511
APPEND_1K_256K_US	23041
APPEND_READ_1280K_US	40447
LIST_EXNEXT_40_ENTRIES_FIRST_PASS_US	1536
LIST_EXNEXT_40_ENTRIES_REPEAT10_TOTAL_US	12224
LIST_EXALL_40_ENTRIES_FIRST_PASS_US	577
LIST_EXALL_40_ENTRIES_REPEAT10_TOTAL_US	2495
LIST_EXNEXT_400_ENTRIES_FIRST_PASS_US	12608
LIST_EXNEXT_400_ENTRIES_REPEAT10_TOTAL_US	116031
LIST_EXALL_400_ENTRIES_FIRST_PASS_US	3265
LIST_EXALL_400_ENTRIES_REPEAT10_TOTAL_US	20800
LIST_EXNEXT_1000_ENTRIES_FIRST_PASS_US	31680
LIST_EXNEXT_1000_ENTRIES_REPEAT10_TOTAL_US	289727
LIST_EXALL_1000_ENTRIES_FIRST_PASS_US	6337
LIST_EXALL_1000_ENTRIES_REPEAT10_TOTAL_US	51072
PASS	1
PASS: requested mounted-volume workload outputs are complete and data-checked
