=== BFS vs PFS3 Benchmark (FS-UAE 68040) ===
Evidence directory: /home/fabian/.cache/bfs-performance/splitbatch-2026-10-10.USYRpP/results/splitbatch-5-bfs-first-split
Mode: compare
Timeout: 600s


=== Machine Info ===
# Machine Info
Kickstart 47.102, Workbench 47.2
System: 68040 68040/060-FPU   (INST: Cache Burst) (DATA: NoCache NoBurst)
Type  Available    In-Use   Maximum   Largest
chip    2028040     52728   2080768   2027968
fast    7531224    857384   8388608   7526160
total   9559264    910112  10469376   7526160


Mounted disks:
Unit      Size       Used       Free Full Errs   Status   Name
DF0       No disk present
DH0      4095M    4194304    4194303  50%   0  Read/Write System
DH1       255M         36      65372   0%   0  Read/Write BFSTest
DH2       Not a DOS disk

Volumes available:
BFSTest [Mounted]
System [Mounted]

=== BFS Results ===
FS_COMPARE_BENCH	4
DRIVE	DH1:
SMALL_CREATE_40_US	44416
LOOKUP_400_US	63488
SMALL_READ_40_US	22405
LIST_EXNEXT_400_US	20352
LIST_EXALL_400_US	7872
SEQ_WRITE_8M_US	28160
SEQ_READ_8M_US	262207
SMALL_DELETE_40_US	13696
APPEND_4K_1M_US	53503
APPEND_1K_256K_US	42751
APPEND_READ_1280K_US	46977
LIST_EXNEXT_40_ENTRIES_FIRST_PASS_US	3264
LIST_EXNEXT_40_ENTRIES_REPEAT10_TOTAL_US	21440
LIST_EXALL_40_ENTRIES_FIRST_PASS_US	1920
LIST_EXALL_40_ENTRIES_REPEAT10_TOTAL_US	8897
LIST_EXNEXT_400_ENTRIES_FIRST_PASS_US	27967
LIST_EXNEXT_400_ENTRIES_REPEAT10_TOTAL_US	222143
LIST_EXALL_400_ENTRIES_FIRST_PASS_US	14528
LIST_EXALL_400_ENTRIES_REPEAT10_TOTAL_US	76734
LIST_EXNEXT_1000_ENTRIES_FIRST_PASS_US	69565
LIST_EXNEXT_1000_ENTRIES_REPEAT10_TOTAL_US	544637
LIST_EXALL_1000_ENTRIES_FIRST_PASS_US	36672
LIST_EXALL_1000_ENTRIES_REPEAT10_TOTAL_US	273919
PASS	1

=== PFS3 Results ===
FS_COMPARE_BENCH	4
DRIVE	DH2:
SMALL_CREATE_40_US	19904
LOOKUP_400_US	95679
SMALL_READ_40_US	20480
LIST_EXNEXT_400_US	12545
LIST_EXALL_400_US	2497
SEQ_WRITE_8M_US	38783
SEQ_READ_8M_US	268158
SMALL_DELETE_40_US	7936
APPEND_4K_1M_US	32257
APPEND_1K_256K_US	23872
APPEND_READ_1280K_US	39168
LIST_EXNEXT_40_ENTRIES_FIRST_PASS_US	1600
LIST_EXNEXT_40_ENTRIES_REPEAT10_TOTAL_US	11711
LIST_EXALL_40_ENTRIES_FIRST_PASS_US	512
LIST_EXALL_40_ENTRIES_REPEAT10_TOTAL_US	2560
LIST_EXNEXT_400_ENTRIES_FIRST_PASS_US	12224
LIST_EXNEXT_400_ENTRIES_REPEAT10_TOTAL_US	110975
LIST_EXALL_400_ENTRIES_FIRST_PASS_US	2687
LIST_EXALL_400_ENTRIES_REPEAT10_TOTAL_US	20352
LIST_EXNEXT_1000_ENTRIES_FIRST_PASS_US	29375
LIST_EXNEXT_1000_ENTRIES_REPEAT10_TOTAL_US	284863
LIST_EXALL_1000_ENTRIES_FIRST_PASS_US	6335
LIST_EXALL_1000_ENTRIES_REPEAT10_TOTAL_US	50688
PASS	1
PASS: requested mounted-volume workload outputs are complete and data-checked
