=== BFS vs PFS3 Benchmark (FS-UAE 68040) ===
Evidence directory: /home/fabian/.cache/bfs-performance/metadata-2026-10-08.QvzB5w/build/benchmark/metadata-m3-c8-20261008-base-4-pfs3-first
Mode: compare
Timeout: 600s


=== Machine Info ===
# Machine Info
Kickstart 47.102, Workbench 47.2
System: 68040 68040/060-FPU   (INST: Cache Burst) (DATA: NoCache NoBurst)
Type  Available    In-Use   Maximum   Largest
chip    2028040     52728   2080768   2027968
fast    7690976    697632   8388608   7685936
total   9719016    750360  10469376   7685936


Mounted disks:
Unit      Size       Used       Free Full Errs   Status   Name
DF0       No disk present
DH0      4095M    4194304    4194303  50%   0  Read/Write System
DH1       255M         36      65372   0%   0  Read/Write BFSTest
DH2       Not a DOS disk

Volumes available:
BFSTest [Mounted]
System [Mounted]

=== BFS Results ===
FS_COMPARE_BENCH	4
DRIVE	DH1:
SMALL_CREATE_40_US	26495
LOOKUP_400_US	76288
SMALL_READ_40_US	23872
LIST_EXNEXT_400_US	35391
LIST_EXALL_400_US	8383
SEQ_WRITE_8M_US	35840
SEQ_READ_8M_US	262462
SMALL_DELETE_40_US	17600
APPEND_4K_1M_US	70335
APPEND_1K_256K_US	67903
APPEND_READ_1280K_US	50241
LIST_EXNEXT_40_ENTRIES_FIRST_PASS_US	6335
LIST_EXNEXT_40_ENTRIES_REPEAT10_TOTAL_US	32768
LIST_EXALL_40_ENTRIES_FIRST_PASS_US	3776
LIST_EXALL_40_ENTRIES_REPEAT10_TOTAL_US	9280
LIST_EXNEXT_400_ENTRIES_FIRST_PASS_US	61248
LIST_EXNEXT_400_ENTRIES_REPEAT10_TOTAL_US	694653
LIST_EXALL_400_ENTRIES_FIRST_PASS_US	41920
LIST_EXALL_400_ENTRIES_REPEAT10_TOTAL_US	443391
LIST_EXNEXT_1000_ENTRIES_FIRST_PASS_US	216320
LIST_EXNEXT_1000_ENTRIES_REPEAT10_TOTAL_US	1602103
LIST_EXALL_1000_ENTRIES_FIRST_PASS_US	97496
LIST_EXALL_1000_ENTRIES_REPEAT10_TOTAL_US	1176698
PASS	1

=== PFS3 Results ===
FS_COMPARE_BENCH	4
DRIVE	DH2:
SMALL_CREATE_40_US	16640
LOOKUP_400_US	66240
SMALL_READ_40_US	13824
LIST_EXNEXT_400_US	12224
LIST_EXALL_400_US	2604
SEQ_WRITE_8M_US	40576
SEQ_READ_8M_US	261567
SMALL_DELETE_40_US	8064
APPEND_4K_1M_US	32576
APPEND_1K_256K_US	22977
APPEND_READ_1280K_US	41344
LIST_EXNEXT_40_ENTRIES_FIRST_PASS_US	1600
LIST_EXNEXT_40_ENTRIES_REPEAT10_TOTAL_US	11905
LIST_EXALL_40_ENTRIES_FIRST_PASS_US	640
LIST_EXALL_40_ENTRIES_REPEAT10_TOTAL_US	2622
LIST_EXNEXT_400_ENTRIES_FIRST_PASS_US	12735
LIST_EXNEXT_400_ENTRIES_REPEAT10_TOTAL_US	114348
LIST_EXALL_400_ENTRIES_FIRST_PASS_US	2815
LIST_EXALL_400_ENTRIES_REPEAT10_TOTAL_US	21503
LIST_EXNEXT_1000_ENTRIES_FIRST_PASS_US	47360
LIST_EXNEXT_1000_ENTRIES_REPEAT10_TOTAL_US	348926
LIST_EXALL_1000_ENTRIES_FIRST_PASS_US	6783
LIST_EXALL_1000_ENTRIES_REPEAT10_TOTAL_US	51775
PASS	1
PASS: requested mounted-volume workload outputs are complete and data-checked
