=== BFS vs PFS3 Benchmark (FS-UAE 68040) ===
Evidence directory: /home/fabian/.cache/bfs-performance/listing-upgrade-2026-10-08.29qKRc/build/benchmark/leaf-range-normal-20261008-m3-3-bfs-first
Mode: compare
Timeout: 600s


=== Machine Info ===
# Machine Info
Kickstart 47.102, Workbench 47.2
System: 68040 68040/060-FPU   (INST: Cache Burst) (DATA: NoCache NoBurst)
Type  Available    In-Use   Maximum   Largest
chip    2028040     52728   2080768   2027968
fast    7689920    698688   8388608   7684880
total   9717960    751416  10469376   7684880


Mounted disks:
Unit      Size       Used       Free Full Errs   Status   Name
DF0       No disk present
DH0      4095M    4194304    4194303  50%   0  Read/Write System
DH1       255M         36      65372   0%   0  Read/Write BFSTest
DH2       Not a DOS disk

Volumes available:
BFSTest [Mounted]
System [Mounted]

=== BFS Results ===
FS_COMPARE_BENCH	4
DRIVE	DH1:
SMALL_CREATE_40_US	28543
LOOKUP_400_US	81023
SMALL_READ_40_US	19328
LIST_EXNEXT_400_US	29632
LIST_EXALL_400_US	8367
SEQ_WRITE_8M_US	35905
SEQ_READ_8M_US	255357
SMALL_DELETE_40_US	17152
APPEND_4K_1M_US	69055
APPEND_1K_256K_US	57086
APPEND_READ_1280K_US	41793
LIST_EXNEXT_40_ENTRIES_FIRST_PASS_US	6208
LIST_EXNEXT_40_ENTRIES_REPEAT10_TOTAL_US	30912
LIST_EXALL_40_ENTRIES_FIRST_PASS_US	4033
LIST_EXALL_40_ENTRIES_REPEAT10_TOTAL_US	9087
LIST_EXNEXT_400_ENTRIES_FIRST_PASS_US	59776
LIST_EXNEXT_400_ENTRIES_REPEAT10_TOTAL_US	622652
LIST_EXALL_400_ENTRIES_FIRST_PASS_US	43008
LIST_EXALL_400_ENTRIES_REPEAT10_TOTAL_US	415101
LIST_EXNEXT_1000_ENTRIES_FIRST_PASS_US	157376
LIST_EXNEXT_1000_ENTRIES_REPEAT10_TOTAL_US	1718900
LIST_EXALL_1000_ENTRIES_FIRST_PASS_US	101375
LIST_EXALL_1000_ENTRIES_REPEAT10_TOTAL_US	983420
PASS	1

=== PFS3 Results ===
FS_COMPARE_BENCH	4
DRIVE	DH2:
SMALL_CREATE_40_US	16320
LOOKUP_400_US	65473
SMALL_READ_40_US	13568
LIST_EXNEXT_400_US	11905
LIST_EXALL_400_US	2559
SEQ_WRITE_8M_US	39103
SEQ_READ_8M_US	253245
SMALL_DELETE_40_US	7743
APPEND_4K_1M_US	34560
APPEND_1K_256K_US	23360
APPEND_READ_1280K_US	40895
LIST_EXNEXT_40_ENTRIES_FIRST_PASS_US	1600
LIST_EXNEXT_40_ENTRIES_REPEAT10_TOTAL_US	12352
LIST_EXALL_40_ENTRIES_FIRST_PASS_US	705
LIST_EXALL_40_ENTRIES_REPEAT10_TOTAL_US	2496
LIST_EXNEXT_400_ENTRIES_FIRST_PASS_US	13696
LIST_EXNEXT_400_ENTRIES_REPEAT10_TOTAL_US	114688
LIST_EXALL_400_ENTRIES_FIRST_PASS_US	2817
LIST_EXALL_400_ENTRIES_REPEAT10_TOTAL_US	21122
LIST_EXNEXT_1000_ENTRIES_FIRST_PASS_US	31936
LIST_EXNEXT_1000_ENTRIES_REPEAT10_TOTAL_US	280574
LIST_EXALL_1000_ENTRIES_FIRST_PASS_US	6783
LIST_EXALL_1000_ENTRIES_REPEAT10_TOTAL_US	50112
PASS	1
PASS: requested mounted-volume workload outputs are complete and data-checked
