d63ab7c53e0324c34900cfccdfd0e4919506da2ce908b795c935c59adaa7ae92  /home/fabian/.cache/bfs-performance/btree-scratch-lifetime-2026-10-01/btree-scratch-lifetime-probe-bfs-first/system/Results/bfs.deep-compare.tsv
e22181f1e77f5079e1ee8e3c9fc969220c0cc3d147bbf8eb2eda70adbcd5cd60  /home/fabian/.cache/bfs-performance/btree-scratch-lifetime-2026-10-01/btree-scratch-lifetime-probe-bfs-first/system/Results/pfs3.deep-compare.tsv
a305f02cd6656a7400d3bf45941e8ef8ce9fcf76c5e68d96a09f6baab9bfd092  /home/fabian/.cache/bfs-performance/btree-scratch-lifetime-2026-10-01/btree-scratch-lifetime-probe-pfs3-first/system/Results/bfs.deep-compare.tsv
201a4f99a0d7aae44eed0a58606c49efcab03d23f54e87b795ee98be051a1440  /home/fabian/.cache/bfs-performance/btree-scratch-lifetime-2026-10-01/btree-scratch-lifetime-probe-pfs3-first/system/Results/pfs3.deep-compare.tsv
c4535d9cdb921f7ec739e468e08c0cf0a934ef5b230f96a615e0500f4ff7a8cf  /home/fabian/.cache/bfs-performance/btree-scratch-lifetime-2026-10-01/btree-scratch-lifetime-normal-baseline-bfs-first/system/Results/bfs.tsv
81909d44944f3ef0a9ce6a3099c792f59a7e05a328fd61120bd238d26dd0e0b0  /home/fabian/.cache/bfs-performance/btree-scratch-lifetime-2026-10-01/btree-scratch-lifetime-normal-baseline-bfs-first/system/Results/pfs3.tsv
3dc78c1db00c024b7e672ed797920a19bf7d6bcaf8a9786a2e91982dbb5b63c9  /home/fabian/.cache/bfs-performance/btree-scratch-lifetime-2026-10-01/btree-scratch-lifetime-normal-candidate-pfs3-first/system/Results/bfs.tsv
3602b5d6c39a3d94e5a6d60ace5146afabd37054b7b8f58e9982dba0bcc859a6  /home/fabian/.cache/bfs-performance/btree-scratch-lifetime-2026-10-01/btree-scratch-lifetime-normal-candidate-pfs3-first/system/Results/pfs3.tsv
a297f826bdad1a1d4a39b8a9fbcf6a6ee0183fd69422c5342ad6ab44d86c133d  /home/fabian/.cache/bfs-performance/btree-scratch-lifetime-2026-10-01/btree-scratch-lifetime-normal-baseline-pfs3-first/system/Results/bfs.tsv
74fb45fce2c336109615ed88f7cc7f55de5d5e421cc917d17af0f44300bf848b  /home/fabian/.cache/bfs-performance/btree-scratch-lifetime-2026-10-01/btree-scratch-lifetime-normal-baseline-pfs3-first/system/Results/pfs3.tsv
f841de8d24cbdece6be57fa292f41e3ab34941d36ba30792c5aeff6f9881577d  /home/fabian/.cache/bfs-performance/btree-scratch-lifetime-2026-10-01/btree-scratch-lifetime-normal-candidate-bfs-first/system/Results/bfs.tsv
b5b1b7c69fb8a2a3fba80ea416b5a4ce6a814c6bc9fe3974fb2a2f35a91f56b4  /home/fabian/.cache/bfs-performance/btree-scratch-lifetime-2026-10-01/btree-scratch-lifetime-normal-candidate-bfs-first/system/Results/pfs3.tsv
19f07c8ba230ee8fc0778155255050751ac5e3d092b909bede3046cf8acfb5fc  /home/fabian/.cache/bfs-performance/btree-scratch-lifetime-2026-10-01/btree-scratch-lifetime-normal-repeat-candidate-bfs-first/system/Results/bfs.tsv
52b0a6c4b700dcec0ba12dd45d7709496795f6ff2293248239d4451eee2e16eb  /home/fabian/.cache/bfs-performance/btree-scratch-lifetime-2026-10-01/btree-scratch-lifetime-normal-repeat-candidate-bfs-first/system/Results/pfs3.tsv
1466652fc4d40824614f5c405a69f2a0f58532152be080e49e7f02259fc31f1d  /home/fabian/.cache/bfs-performance/btree-scratch-lifetime-2026-10-01/btree-scratch-lifetime-normal-repeat-baseline-pfs3-first/system/Results/bfs.tsv
c268adaf37995d7a36f8caa1e618b2b2a640344d4ab588dfb2c082ef2a760b53  /home/fabian/.cache/bfs-performance/btree-scratch-lifetime-2026-10-01/btree-scratch-lifetime-normal-repeat-baseline-pfs3-first/system/Results/pfs3.tsv
6da6476a4cf8671169a34b785f302e0a3ed844936559bcdcb22d22d9ddf1dc07  /home/fabian/.cache/bfs-performance/btree-scratch-lifetime-2026-10-01/btree-scratch-lifetime-normal-repeat-candidate-pfs3-first/system/Results/bfs.tsv
013a05b38874effa2984256ef8075f82acef3fa7d25f26f4526225be2f374e60  /home/fabian/.cache/bfs-performance/btree-scratch-lifetime-2026-10-01/btree-scratch-lifetime-normal-repeat-candidate-pfs3-first/system/Results/pfs3.tsv
7ce2683f123561fb76501c8cfa30f9f41913e6d1f9dda081a30548b042bbee1a  /home/fabian/.cache/bfs-performance/btree-scratch-lifetime-2026-10-01/btree-scratch-lifetime-normal-repeat-baseline-bfs-first/system/Results/bfs.tsv
f425c25f083f00b514861d8e8a755f560d08601cd279d49d9a760c07c22c4799  /home/fabian/.cache/bfs-performance/btree-scratch-lifetime-2026-10-01/btree-scratch-lifetime-normal-repeat-baseline-bfs-first/system/Results/pfs3.tsv
Filesystem      Size  Used Avail Use% Mounted on
tmpfs            12G  3.6G  8.2G  31% /tmp
/dev/vda2       996G  314G  681G  32% /home
Ten completed btree-scratch-lifetime images archived recoverably with identical TSV hashes
