b628d72bcc5ba0a8280c801c7ef2c769db9cb0d24523d0ff1eb81055cc06c193  src/core/alloc.c
10aabab0fe7a3c86039e9357bc51dfdee0b0e37fbc1885da73de6c9ff51b95de  src/core/bootstrap_alloc.c
1069dea2be34004de74a58c8c56ebccbd75ff3ea1bf2f17f75892172aa0bcdc9  src/core/btree.c
dd2a20524e7f1ac953b4345da78d8ffdbe9170f6fc4a422c2cd79bd195d062b5  src/core/cache.c
8b73d26f7b2aca4aa1126ba3ed99556dd8ff32e199c489dac36967acba34d273  src/core/crc32.c
2c026e3a3d20910d2aaf6a0237342318a3d9aa3b496c0033168689e8df0dcd5f  src/core/crc32_zero.c
06683e09190699031453e34188f521fc9a611c82b8129f74d914e9efbe6ceb7b  src/core/dir.c
695e1dd16f43d0b934536d7fa44028ae0f2d4cefcdacc82b2a66e704c63d71fb  src/core/extent.c
25ee65356b02aab642ee2ec885159273f4ef8ff9601a4eecd7b78217387cf3d0  src/core/file.c
7929ca3bd5b7131857e72533ce0e8e8063af71b025b3e31344b8930d6c7309df  src/core/fs.c
d759a65f9c82bd47258ec81284e3c735202f91ed3d4e475d976862e023e262b4  src/core/fsck.c
3a3cd268506b048dff736731594dc66363d6b93e032dd961081e18c27bfda61e  src/core/inode.c
7a09b43e11a8b2ed1521053d8da3b53999bda374ef3c6692da94a303bd20336b  src/core/namespace.c
e27c31a7f91969c0d1e03bf64f3b8f9149437ebc5c9e02944072b1c2022e2fd0  src/core/refcount.c
1f0c17e7f37c3f9112cdcf83968c00b39d8be951b508570ea7f7534982b9f07c  src/core/snapshot.c
a87c345bc43be0828a9cb1aa8761a03703adade67163ba05adb01890e26e4623  src/core/superblock.c
a480a445c5c325adc53b5755b6f6d37e092ef37abfe6417d6c9fd594bda06872  src/core/txn.c
214f75201011449c2fa5f4a3e8247881fc9e441b46e06eb47c333f639b9333e9  include/bfs_alloc.h
5aeef8da01916e0e3e0b05ea438d4365c9e1dffd441a60006e7c89edc616851b  include/bfs_bio.h
d77abe91f5d5e563fee36c6a4d0416580323faa2198f2739b3c80808555a5c90  include/bfs_bootstrap_alloc.h
830084a9b6efeaf5470d721a91fc8cb9e2502ebec0a6815cfeda7610a1f5de05  include/bfs_btree.h
0020d8f8d07dc78d589281201a518f6cabbda9e1db7deb02abb6a2f8eea9c0f2  include/bfs_btree_internal.h
d8521c060e9780afd0d3ba28277a6258c57dbac41ab4a68c5cc73af97f7d45c6  include/bfs_cache.h
50c7ab2f27958e1f9b18624c4f4378613bd78f0ad0b650c38865c865aa7743ad  include/bfs_crc32.h
cea4a33eb36e1233104d2cb6e38a5314c93c53f6775dfb3c1cf29d0698a32362  include/bfs_diagnostics.h
7883580398a5ac485960502085bdfb217d6ca4fdbab3dc4d9be1f5f2f90d780c  include/bfs_dir.h
66758e6396a9896f4307864fb53548cb69654cc06937d8fe8e5a37eb2c625838  include/bfs_extent.h
ccad13ee946e41a1ef754045571060170bd265accb14eca379897f461471c16b  include/bfs_file.h
2d366b25a9f7c12e9abab216854372ec87919a729adc6c7fbc286e984e088c5d  include/bfs_fsck.h
825c808dcd92f749b8d7ee75cbed6a35a56889ca9bfeecbb893f76476fe235fd  include/bfs_fs.h
99c4b8ed9b3b56e50767aa077078b8bd7c4e80441e1e1286ce8fee150b90b951  include/bfs_inode.h
027370db2dfe476a86c72338d6dba8e50cfc21cf939a6194e80d0657c76995d4  include/bfs_internal.h
2d3806d65ca65c8e5c40287ba3831225b458764ca4109776160f58eae7b53198  include/bfs_lock.h
6b2498611fb46c95bedd785328ef626f165577ce11a86cec10622fe47d52a0bd  include/bfs_ondisk.h
3048e4afbe142523af92d5ea7f8d0e22607258460901fbdde2f603a9dcbfb27f  include/bfs_posix_bio.h
06811c8d36d2304a9a85bf0b88f0d312e7098a08aace24de0d0254a0d65e2d04  include/bfs_refcount.h
7d6a6d7804d9735e7b0b589fdb39ff591029c416db5568cec1fba7faf10d0e76  include/bfs_snapshot.h
45c40790629b4f18c034902dada384bdda14ffffbfda22a38febad4eb962d595  include/bfs_superblock.h
e4e7e62fde5cfb9514ec8697fb371c38dbfc01671ff311b67dcfd7cbf08d1edd  include/bfs_txn.h
33710f65427019d99125f7258b715ff2fc0b3c2ea62ab63fdbd4e802f8490439  include/bfs_types.h
8f402e80b8c9c097ef50b7e71a211514f3d97962e8c5802f66614316878b7254  src/amiga/string.h
847d809f16b63c9893d956ea6e26803e1dd6ad3add7b4765be4cfe31f817e096  tests/test_btree_scratch_lifetime.c
