0b72401ec47ea57ce4b6b5d9b8a700179f237be1fbc7f4018dd0b10720e66011  btree-scratch-lifetime-probe-bfs-first/system/L/bfshandler
5126e8640256e19bc2f5661d8b735f7961c4882edf3d8046b26bd2badfc86277  btree-scratch-lifetime-probe-bfs-first/system/C/fs-compare-bench
bc72facfdddf32e312ed3ea136849da195f2a2300f179e69599b853fe8974df7  btree-scratch-lifetime-probe-bfs-first/system/L/pfs3aio
2eeb433f6d81c33bb63586c908bff6c5d8912bd08af3ea215242aaf1888fe139  btree-scratch-lifetime-probe-bfs-first/bench-bfs.hdf
e9e8cd82edfb4488d887f303d19912f0ddfa1760eb9230ab10f493d431c1948b  btree-scratch-lifetime-probe-bfs-first/bench-pfs3.hdf
0b72401ec47ea57ce4b6b5d9b8a700179f237be1fbc7f4018dd0b10720e66011  btree-scratch-lifetime-probe-pfs3-first/system/L/bfshandler
5126e8640256e19bc2f5661d8b735f7961c4882edf3d8046b26bd2badfc86277  btree-scratch-lifetime-probe-pfs3-first/system/C/fs-compare-bench
bc72facfdddf32e312ed3ea136849da195f2a2300f179e69599b853fe8974df7  btree-scratch-lifetime-probe-pfs3-first/system/L/pfs3aio
2eeb433f6d81c33bb63586c908bff6c5d8912bd08af3ea215242aaf1888fe139  btree-scratch-lifetime-probe-pfs3-first/bench-bfs.hdf
e9e8cd82edfb4488d887f303d19912f0ddfa1760eb9230ab10f493d431c1948b  btree-scratch-lifetime-probe-pfs3-first/bench-pfs3.hdf
7ec433160c6aa37c3ebbb5345097ef549638bde634dd8a3aa34e1b898a4a7d19  btree-scratch-lifetime-normal-baseline-bfs-first/system/L/bfshandler
1fccf207c96144f81c64a8a5dd2e350b7f32787402eedad6c102b34ad0a6ec80  btree-scratch-lifetime-normal-baseline-bfs-first/system/C/fs-compare-bench
bc72facfdddf32e312ed3ea136849da195f2a2300f179e69599b853fe8974df7  btree-scratch-lifetime-normal-baseline-bfs-first/system/L/pfs3aio
f336b443bd4b28355828bf5fe2dfad186ee04c3ade1d7765fcdd64873be0b411  btree-scratch-lifetime-normal-baseline-bfs-first/bench-bfs.hdf
e9e8cd82edfb4488d887f303d19912f0ddfa1760eb9230ab10f493d431c1948b  btree-scratch-lifetime-normal-baseline-bfs-first/bench-pfs3.hdf
a5cf2add3eca2a2df0946669246a0e05d220a32bad67f0a70c8195d2dd6b1cd8  btree-scratch-lifetime-normal-candidate-pfs3-first/system/L/bfshandler
1fccf207c96144f81c64a8a5dd2e350b7f32787402eedad6c102b34ad0a6ec80  btree-scratch-lifetime-normal-candidate-pfs3-first/system/C/fs-compare-bench
bc72facfdddf32e312ed3ea136849da195f2a2300f179e69599b853fe8974df7  btree-scratch-lifetime-normal-candidate-pfs3-first/system/L/pfs3aio
460808b1e228f713e711b604f999c4a01334dcc4f4242d3d448e18a9b16bd632  btree-scratch-lifetime-normal-candidate-pfs3-first/bench-bfs.hdf
e9e8cd82edfb4488d887f303d19912f0ddfa1760eb9230ab10f493d431c1948b  btree-scratch-lifetime-normal-candidate-pfs3-first/bench-pfs3.hdf
7ec433160c6aa37c3ebbb5345097ef549638bde634dd8a3aa34e1b898a4a7d19  btree-scratch-lifetime-normal-baseline-pfs3-first/system/L/bfshandler
1fccf207c96144f81c64a8a5dd2e350b7f32787402eedad6c102b34ad0a6ec80  btree-scratch-lifetime-normal-baseline-pfs3-first/system/C/fs-compare-bench
bc72facfdddf32e312ed3ea136849da195f2a2300f179e69599b853fe8974df7  btree-scratch-lifetime-normal-baseline-pfs3-first/system/L/pfs3aio
f336b443bd4b28355828bf5fe2dfad186ee04c3ade1d7765fcdd64873be0b411  btree-scratch-lifetime-normal-baseline-pfs3-first/bench-bfs.hdf
e9e8cd82edfb4488d887f303d19912f0ddfa1760eb9230ab10f493d431c1948b  btree-scratch-lifetime-normal-baseline-pfs3-first/bench-pfs3.hdf
a5cf2add3eca2a2df0946669246a0e05d220a32bad67f0a70c8195d2dd6b1cd8  btree-scratch-lifetime-normal-candidate-bfs-first/system/L/bfshandler
1fccf207c96144f81c64a8a5dd2e350b7f32787402eedad6c102b34ad0a6ec80  btree-scratch-lifetime-normal-candidate-bfs-first/system/C/fs-compare-bench
bc72facfdddf32e312ed3ea136849da195f2a2300f179e69599b853fe8974df7  btree-scratch-lifetime-normal-candidate-bfs-first/system/L/pfs3aio
460808b1e228f713e711b604f999c4a01334dcc4f4242d3d448e18a9b16bd632  btree-scratch-lifetime-normal-candidate-bfs-first/bench-bfs.hdf
e9e8cd82edfb4488d887f303d19912f0ddfa1760eb9230ab10f493d431c1948b  btree-scratch-lifetime-normal-candidate-bfs-first/bench-pfs3.hdf
a5cf2add3eca2a2df0946669246a0e05d220a32bad67f0a70c8195d2dd6b1cd8  btree-scratch-lifetime-normal-repeat-candidate-bfs-first/system/L/bfshandler
1fccf207c96144f81c64a8a5dd2e350b7f32787402eedad6c102b34ad0a6ec80  btree-scratch-lifetime-normal-repeat-candidate-bfs-first/system/C/fs-compare-bench
bc72facfdddf32e312ed3ea136849da195f2a2300f179e69599b853fe8974df7  btree-scratch-lifetime-normal-repeat-candidate-bfs-first/system/L/pfs3aio
460808b1e228f713e711b604f999c4a01334dcc4f4242d3d448e18a9b16bd632  btree-scratch-lifetime-normal-repeat-candidate-bfs-first/bench-bfs.hdf
e9e8cd82edfb4488d887f303d19912f0ddfa1760eb9230ab10f493d431c1948b  btree-scratch-lifetime-normal-repeat-candidate-bfs-first/bench-pfs3.hdf
7ec433160c6aa37c3ebbb5345097ef549638bde634dd8a3aa34e1b898a4a7d19  btree-scratch-lifetime-normal-repeat-baseline-pfs3-first/system/L/bfshandler
1fccf207c96144f81c64a8a5dd2e350b7f32787402eedad6c102b34ad0a6ec80  btree-scratch-lifetime-normal-repeat-baseline-pfs3-first/system/C/fs-compare-bench
bc72facfdddf32e312ed3ea136849da195f2a2300f179e69599b853fe8974df7  btree-scratch-lifetime-normal-repeat-baseline-pfs3-first/system/L/pfs3aio
f336b443bd4b28355828bf5fe2dfad186ee04c3ade1d7765fcdd64873be0b411  btree-scratch-lifetime-normal-repeat-baseline-pfs3-first/bench-bfs.hdf
e9e8cd82edfb4488d887f303d19912f0ddfa1760eb9230ab10f493d431c1948b  btree-scratch-lifetime-normal-repeat-baseline-pfs3-first/bench-pfs3.hdf
a5cf2add3eca2a2df0946669246a0e05d220a32bad67f0a70c8195d2dd6b1cd8  btree-scratch-lifetime-normal-repeat-candidate-pfs3-first/system/L/bfshandler
1fccf207c96144f81c64a8a5dd2e350b7f32787402eedad6c102b34ad0a6ec80  btree-scratch-lifetime-normal-repeat-candidate-pfs3-first/system/C/fs-compare-bench
bc72facfdddf32e312ed3ea136849da195f2a2300f179e69599b853fe8974df7  btree-scratch-lifetime-normal-repeat-candidate-pfs3-first/system/L/pfs3aio
460808b1e228f713e711b604f999c4a01334dcc4f4242d3d448e18a9b16bd632  btree-scratch-lifetime-normal-repeat-candidate-pfs3-first/bench-bfs.hdf
e9e8cd82edfb4488d887f303d19912f0ddfa1760eb9230ab10f493d431c1948b  btree-scratch-lifetime-normal-repeat-candidate-pfs3-first/bench-pfs3.hdf
7ec433160c6aa37c3ebbb5345097ef549638bde634dd8a3aa34e1b898a4a7d19  btree-scratch-lifetime-normal-repeat-baseline-bfs-first/system/L/bfshandler
1fccf207c96144f81c64a8a5dd2e350b7f32787402eedad6c102b34ad0a6ec80  btree-scratch-lifetime-normal-repeat-baseline-bfs-first/system/C/fs-compare-bench
bc72facfdddf32e312ed3ea136849da195f2a2300f179e69599b853fe8974df7  btree-scratch-lifetime-normal-repeat-baseline-bfs-first/system/L/pfs3aio
f336b443bd4b28355828bf5fe2dfad186ee04c3ade1d7765fcdd64873be0b411  btree-scratch-lifetime-normal-repeat-baseline-bfs-first/bench-bfs.hdf
e9e8cd82edfb4488d887f303d19912f0ddfa1760eb9230ab10f493d431c1948b  btree-scratch-lifetime-normal-repeat-baseline-bfs-first/bench-pfs3.hdf
68f9d3a36c2866d054f41c29b600618642a4807dfb6bca7354d4879a36c9aa7c  /home/fabian/Amiga/kick.a1200.47.102.rom
3.2.35
Linux cachy 7.1.3-2-cachyos #1 SMP PREEMPT_DYNAMIC Wed, 08 Jul 2026 18:34:01 +0000 x86_64 GNU/Linux
Filesystem      Size  Used Avail Use% Mounted on
tmpfs            12G  8.6G  3.2G  73% /tmp
/dev/vda2       996G  314G  681G  32% /home
All ten fresh image inputs and idle preflight verified
