PASS: requested mounted-volume workload outputs are complete and data-checked
Verified btree-scratch-lifetime-normal-baseline-bfs-first
PASS: requested mounted-volume workload outputs are complete and data-checked
Verified btree-scratch-lifetime-normal-candidate-pfs3-first
PASS: requested mounted-volume workload outputs are complete and data-checked
Verified btree-scratch-lifetime-normal-baseline-pfs3-first
PASS: requested mounted-volume workload outputs are complete and data-checked
Verified btree-scratch-lifetime-normal-candidate-bfs-first
PASS: requested mounted-volume workload outputs are complete and data-checked
Verified btree-scratch-lifetime-normal-repeat-candidate-bfs-first
PASS: requested mounted-volume workload outputs are complete and data-checked
Verified btree-scratch-lifetime-normal-repeat-baseline-pfs3-first
PASS: requested mounted-volume workload outputs are complete and data-checked
Verified btree-scratch-lifetime-normal-repeat-candidate-pfs3-first
PASS: requested mounted-volume workload outputs are complete and data-checked
Verified btree-scratch-lifetime-normal-repeat-baseline-bfs-first
PASS: requested mounted-volume workload outputs are complete and data-checked
Verified btree-scratch-lifetime-probe-bfs-first
PASS: requested mounted-volume workload outputs are complete and data-checked
Verified btree-scratch-lifetime-probe-pfs3-first
