c4535d9cdb921f7ec739e468e08c0cf0a934ef5b230f96a615e0500f4ff7a8cf  build/benchmark/btree-scratch-lifetime-normal-baseline-bfs-first/system/Results/bfs.tsv
c4535d9cdb921f7ec739e468e08c0cf0a934ef5b230f96a615e0500f4ff7a8cf  docs/qualification/evidence/bfs-btree-scratch-lifetime-2026-10-01/btree-scratch-lifetime-normal-baseline-bfs-first/system/Results/bfs.tsv
81909d44944f3ef0a9ce6a3099c792f59a7e05a328fd61120bd238d26dd0e0b0  build/benchmark/btree-scratch-lifetime-normal-baseline-bfs-first/system/Results/pfs3.tsv
81909d44944f3ef0a9ce6a3099c792f59a7e05a328fd61120bd238d26dd0e0b0  docs/qualification/evidence/bfs-btree-scratch-lifetime-2026-10-01/btree-scratch-lifetime-normal-baseline-bfs-first/system/Results/pfs3.tsv
29229f6e4166508e724e5c1fdc73d9015c120ddabc2d61c24af283287d6afc83  build/benchmark/btree-scratch-lifetime-normal-baseline-bfs-first/system/Results/complete.txt
29229f6e4166508e724e5c1fdc73d9015c120ddabc2d61c24af283287d6afc83  docs/qualification/evidence/bfs-btree-scratch-lifetime-2026-10-01/btree-scratch-lifetime-normal-baseline-bfs-first/system/Results/complete.txt
3356e7ef51185adef95574fdd8d1328be1d5f7d8d44602d6d67ac7ca538475cb  build/benchmark/btree-scratch-lifetime-normal-baseline-bfs-first/system/Results/info-after-format.txt
3356e7ef51185adef95574fdd8d1328be1d5f7d8d44602d6d67ac7ca538475cb  docs/qualification/evidence/bfs-btree-scratch-lifetime-2026-10-01/btree-scratch-lifetime-normal-baseline-bfs-first/system/Results/info-after-format.txt
3dc78c1db00c024b7e672ed797920a19bf7d6bcaf8a9786a2e91982dbb5b63c9  build/benchmark/btree-scratch-lifetime-normal-candidate-pfs3-first/system/Results/bfs.tsv
3dc78c1db00c024b7e672ed797920a19bf7d6bcaf8a9786a2e91982dbb5b63c9  docs/qualification/evidence/bfs-btree-scratch-lifetime-2026-10-01/btree-scratch-lifetime-normal-candidate-pfs3-first/system/Results/bfs.tsv
3602b5d6c39a3d94e5a6d60ace5146afabd37054b7b8f58e9982dba0bcc859a6  build/benchmark/btree-scratch-lifetime-normal-candidate-pfs3-first/system/Results/pfs3.tsv
3602b5d6c39a3d94e5a6d60ace5146afabd37054b7b8f58e9982dba0bcc859a6  docs/qualification/evidence/bfs-btree-scratch-lifetime-2026-10-01/btree-scratch-lifetime-normal-candidate-pfs3-first/system/Results/pfs3.tsv
29229f6e4166508e724e5c1fdc73d9015c120ddabc2d61c24af283287d6afc83  build/benchmark/btree-scratch-lifetime-normal-candidate-pfs3-first/system/Results/complete.txt
29229f6e4166508e724e5c1fdc73d9015c120ddabc2d61c24af283287d6afc83  docs/qualification/evidence/bfs-btree-scratch-lifetime-2026-10-01/btree-scratch-lifetime-normal-candidate-pfs3-first/system/Results/complete.txt
3356e7ef51185adef95574fdd8d1328be1d5f7d8d44602d6d67ac7ca538475cb  build/benchmark/btree-scratch-lifetime-normal-candidate-pfs3-first/system/Results/info-after-format.txt
3356e7ef51185adef95574fdd8d1328be1d5f7d8d44602d6d67ac7ca538475cb  docs/qualification/evidence/bfs-btree-scratch-lifetime-2026-10-01/btree-scratch-lifetime-normal-candidate-pfs3-first/system/Results/info-after-format.txt
a297f826bdad1a1d4a39b8a9fbcf6a6ee0183fd69422c5342ad6ab44d86c133d  build/benchmark/btree-scratch-lifetime-normal-baseline-pfs3-first/system/Results/bfs.tsv
a297f826bdad1a1d4a39b8a9fbcf6a6ee0183fd69422c5342ad6ab44d86c133d  docs/qualification/evidence/bfs-btree-scratch-lifetime-2026-10-01/btree-scratch-lifetime-normal-baseline-pfs3-first/system/Results/bfs.tsv
74fb45fce2c336109615ed88f7cc7f55de5d5e421cc917d17af0f44300bf848b  build/benchmark/btree-scratch-lifetime-normal-baseline-pfs3-first/system/Results/pfs3.tsv
74fb45fce2c336109615ed88f7cc7f55de5d5e421cc917d17af0f44300bf848b  docs/qualification/evidence/bfs-btree-scratch-lifetime-2026-10-01/btree-scratch-lifetime-normal-baseline-pfs3-first/system/Results/pfs3.tsv
29229f6e4166508e724e5c1fdc73d9015c120ddabc2d61c24af283287d6afc83  build/benchmark/btree-scratch-lifetime-normal-baseline-pfs3-first/system/Results/complete.txt
29229f6e4166508e724e5c1fdc73d9015c120ddabc2d61c24af283287d6afc83  docs/qualification/evidence/bfs-btree-scratch-lifetime-2026-10-01/btree-scratch-lifetime-normal-baseline-pfs3-first/system/Results/complete.txt
3356e7ef51185adef95574fdd8d1328be1d5f7d8d44602d6d67ac7ca538475cb  build/benchmark/btree-scratch-lifetime-normal-baseline-pfs3-first/system/Results/info-after-format.txt
3356e7ef51185adef95574fdd8d1328be1d5f7d8d44602d6d67ac7ca538475cb  docs/qualification/evidence/bfs-btree-scratch-lifetime-2026-10-01/btree-scratch-lifetime-normal-baseline-pfs3-first/system/Results/info-after-format.txt
f841de8d24cbdece6be57fa292f41e3ab34941d36ba30792c5aeff6f9881577d  build/benchmark/btree-scratch-lifetime-normal-candidate-bfs-first/system/Results/bfs.tsv
f841de8d24cbdece6be57fa292f41e3ab34941d36ba30792c5aeff6f9881577d  docs/qualification/evidence/bfs-btree-scratch-lifetime-2026-10-01/btree-scratch-lifetime-normal-candidate-bfs-first/system/Results/bfs.tsv
b5b1b7c69fb8a2a3fba80ea416b5a4ce6a814c6bc9fe3974fb2a2f35a91f56b4  build/benchmark/btree-scratch-lifetime-normal-candidate-bfs-first/system/Results/pfs3.tsv
b5b1b7c69fb8a2a3fba80ea416b5a4ce6a814c6bc9fe3974fb2a2f35a91f56b4  docs/qualification/evidence/bfs-btree-scratch-lifetime-2026-10-01/btree-scratch-lifetime-normal-candidate-bfs-first/system/Results/pfs3.tsv
29229f6e4166508e724e5c1fdc73d9015c120ddabc2d61c24af283287d6afc83  build/benchmark/btree-scratch-lifetime-normal-candidate-bfs-first/system/Results/complete.txt
29229f6e4166508e724e5c1fdc73d9015c120ddabc2d61c24af283287d6afc83  docs/qualification/evidence/bfs-btree-scratch-lifetime-2026-10-01/btree-scratch-lifetime-normal-candidate-bfs-first/system/Results/complete.txt
3356e7ef51185adef95574fdd8d1328be1d5f7d8d44602d6d67ac7ca538475cb  build/benchmark/btree-scratch-lifetime-normal-candidate-bfs-first/system/Results/info-after-format.txt
3356e7ef51185adef95574fdd8d1328be1d5f7d8d44602d6d67ac7ca538475cb  docs/qualification/evidence/bfs-btree-scratch-lifetime-2026-10-01/btree-scratch-lifetime-normal-candidate-bfs-first/system/Results/info-after-format.txt
19f07c8ba230ee8fc0778155255050751ac5e3d092b909bede3046cf8acfb5fc  build/benchmark/btree-scratch-lifetime-normal-repeat-candidate-bfs-first/system/Results/bfs.tsv
19f07c8ba230ee8fc0778155255050751ac5e3d092b909bede3046cf8acfb5fc  docs/qualification/evidence/bfs-btree-scratch-lifetime-2026-10-01/btree-scratch-lifetime-normal-repeat-candidate-bfs-first/system/Results/bfs.tsv
52b0a6c4b700dcec0ba12dd45d7709496795f6ff2293248239d4451eee2e16eb  build/benchmark/btree-scratch-lifetime-normal-repeat-candidate-bfs-first/system/Results/pfs3.tsv
52b0a6c4b700dcec0ba12dd45d7709496795f6ff2293248239d4451eee2e16eb  docs/qualification/evidence/bfs-btree-scratch-lifetime-2026-10-01/btree-scratch-lifetime-normal-repeat-candidate-bfs-first/system/Results/pfs3.tsv
29229f6e4166508e724e5c1fdc73d9015c120ddabc2d61c24af283287d6afc83  build/benchmark/btree-scratch-lifetime-normal-repeat-candidate-bfs-first/system/Results/complete.txt
29229f6e4166508e724e5c1fdc73d9015c120ddabc2d61c24af283287d6afc83  docs/qualification/evidence/bfs-btree-scratch-lifetime-2026-10-01/btree-scratch-lifetime-normal-repeat-candidate-bfs-first/system/Results/complete.txt
3356e7ef51185adef95574fdd8d1328be1d5f7d8d44602d6d67ac7ca538475cb  build/benchmark/btree-scratch-lifetime-normal-repeat-candidate-bfs-first/system/Results/info-after-format.txt
3356e7ef51185adef95574fdd8d1328be1d5f7d8d44602d6d67ac7ca538475cb  docs/qualification/evidence/bfs-btree-scratch-lifetime-2026-10-01/btree-scratch-lifetime-normal-repeat-candidate-bfs-first/system/Results/info-after-format.txt
1466652fc4d40824614f5c405a69f2a0f58532152be080e49e7f02259fc31f1d  build/benchmark/btree-scratch-lifetime-normal-repeat-baseline-pfs3-first/system/Results/bfs.tsv
1466652fc4d40824614f5c405a69f2a0f58532152be080e49e7f02259fc31f1d  docs/qualification/evidence/bfs-btree-scratch-lifetime-2026-10-01/btree-scratch-lifetime-normal-repeat-baseline-pfs3-first/system/Results/bfs.tsv
c268adaf37995d7a36f8caa1e618b2b2a640344d4ab588dfb2c082ef2a760b53  build/benchmark/btree-scratch-lifetime-normal-repeat-baseline-pfs3-first/system/Results/pfs3.tsv
c268adaf37995d7a36f8caa1e618b2b2a640344d4ab588dfb2c082ef2a760b53  docs/qualification/evidence/bfs-btree-scratch-lifetime-2026-10-01/btree-scratch-lifetime-normal-repeat-baseline-pfs3-first/system/Results/pfs3.tsv
29229f6e4166508e724e5c1fdc73d9015c120ddabc2d61c24af283287d6afc83  build/benchmark/btree-scratch-lifetime-normal-repeat-baseline-pfs3-first/system/Results/complete.txt
29229f6e4166508e724e5c1fdc73d9015c120ddabc2d61c24af283287d6afc83  docs/qualification/evidence/bfs-btree-scratch-lifetime-2026-10-01/btree-scratch-lifetime-normal-repeat-baseline-pfs3-first/system/Results/complete.txt
3356e7ef51185adef95574fdd8d1328be1d5f7d8d44602d6d67ac7ca538475cb  build/benchmark/btree-scratch-lifetime-normal-repeat-baseline-pfs3-first/system/Results/info-after-format.txt
3356e7ef51185adef95574fdd8d1328be1d5f7d8d44602d6d67ac7ca538475cb  docs/qualification/evidence/bfs-btree-scratch-lifetime-2026-10-01/btree-scratch-lifetime-normal-repeat-baseline-pfs3-first/system/Results/info-after-format.txt
6da6476a4cf8671169a34b785f302e0a3ed844936559bcdcb22d22d9ddf1dc07  build/benchmark/btree-scratch-lifetime-normal-repeat-candidate-pfs3-first/system/Results/bfs.tsv
6da6476a4cf8671169a34b785f302e0a3ed844936559bcdcb22d22d9ddf1dc07  docs/qualification/evidence/bfs-btree-scratch-lifetime-2026-10-01/btree-scratch-lifetime-normal-repeat-candidate-pfs3-first/system/Results/bfs.tsv
013a05b38874effa2984256ef8075f82acef3fa7d25f26f4526225be2f374e60  build/benchmark/btree-scratch-lifetime-normal-repeat-candidate-pfs3-first/system/Results/pfs3.tsv
013a05b38874effa2984256ef8075f82acef3fa7d25f26f4526225be2f374e60  docs/qualification/evidence/bfs-btree-scratch-lifetime-2026-10-01/btree-scratch-lifetime-normal-repeat-candidate-pfs3-first/system/Results/pfs3.tsv
29229f6e4166508e724e5c1fdc73d9015c120ddabc2d61c24af283287d6afc83  build/benchmark/btree-scratch-lifetime-normal-repeat-candidate-pfs3-first/system/Results/complete.txt
29229f6e4166508e724e5c1fdc73d9015c120ddabc2d61c24af283287d6afc83  docs/qualification/evidence/bfs-btree-scratch-lifetime-2026-10-01/btree-scratch-lifetime-normal-repeat-candidate-pfs3-first/system/Results/complete.txt
3356e7ef51185adef95574fdd8d1328be1d5f7d8d44602d6d67ac7ca538475cb  build/benchmark/btree-scratch-lifetime-normal-repeat-candidate-pfs3-first/system/Results/info-after-format.txt
3356e7ef51185adef95574fdd8d1328be1d5f7d8d44602d6d67ac7ca538475cb  docs/qualification/evidence/bfs-btree-scratch-lifetime-2026-10-01/btree-scratch-lifetime-normal-repeat-candidate-pfs3-first/system/Results/info-after-format.txt
7ce2683f123561fb76501c8cfa30f9f41913e6d1f9dda081a30548b042bbee1a  build/benchmark/btree-scratch-lifetime-normal-repeat-baseline-bfs-first/system/Results/bfs.tsv
7ce2683f123561fb76501c8cfa30f9f41913e6d1f9dda081a30548b042bbee1a  docs/qualification/evidence/bfs-btree-scratch-lifetime-2026-10-01/btree-scratch-lifetime-normal-repeat-baseline-bfs-first/system/Results/bfs.tsv
f425c25f083f00b514861d8e8a755f560d08601cd279d49d9a760c07c22c4799  build/benchmark/btree-scratch-lifetime-normal-repeat-baseline-bfs-first/system/Results/pfs3.tsv
f425c25f083f00b514861d8e8a755f560d08601cd279d49d9a760c07c22c4799  docs/qualification/evidence/bfs-btree-scratch-lifetime-2026-10-01/btree-scratch-lifetime-normal-repeat-baseline-bfs-first/system/Results/pfs3.tsv
29229f6e4166508e724e5c1fdc73d9015c120ddabc2d61c24af283287d6afc83  build/benchmark/btree-scratch-lifetime-normal-repeat-baseline-bfs-first/system/Results/complete.txt
29229f6e4166508e724e5c1fdc73d9015c120ddabc2d61c24af283287d6afc83  docs/qualification/evidence/bfs-btree-scratch-lifetime-2026-10-01/btree-scratch-lifetime-normal-repeat-baseline-bfs-first/system/Results/complete.txt
3356e7ef51185adef95574fdd8d1328be1d5f7d8d44602d6d67ac7ca538475cb  build/benchmark/btree-scratch-lifetime-normal-repeat-baseline-bfs-first/system/Results/info-after-format.txt
3356e7ef51185adef95574fdd8d1328be1d5f7d8d44602d6d67ac7ca538475cb  docs/qualification/evidence/bfs-btree-scratch-lifetime-2026-10-01/btree-scratch-lifetime-normal-repeat-baseline-bfs-first/system/Results/info-after-format.txt
d63ab7c53e0324c34900cfccdfd0e4919506da2ce908b795c935c59adaa7ae92  build/benchmark/btree-scratch-lifetime-probe-bfs-first/system/Results/bfs.deep-compare.tsv
d63ab7c53e0324c34900cfccdfd0e4919506da2ce908b795c935c59adaa7ae92  docs/qualification/evidence/bfs-btree-scratch-lifetime-2026-10-01/btree-scratch-lifetime-probe-bfs-first/system/Results/bfs.deep-compare.tsv
e22181f1e77f5079e1ee8e3c9fc969220c0cc3d147bbf8eb2eda70adbcd5cd60  build/benchmark/btree-scratch-lifetime-probe-bfs-first/system/Results/pfs3.deep-compare.tsv
e22181f1e77f5079e1ee8e3c9fc969220c0cc3d147bbf8eb2eda70adbcd5cd60  docs/qualification/evidence/bfs-btree-scratch-lifetime-2026-10-01/btree-scratch-lifetime-probe-bfs-first/system/Results/pfs3.deep-compare.tsv
81c4760af5af82566811dbd3329c626358563def824ca64e89d58a929f356091  build/benchmark/btree-scratch-lifetime-probe-bfs-first/system/Results/complete.txt
81c4760af5af82566811dbd3329c626358563def824ca64e89d58a929f356091  docs/qualification/evidence/bfs-btree-scratch-lifetime-2026-10-01/btree-scratch-lifetime-probe-bfs-first/system/Results/complete.txt
3356e7ef51185adef95574fdd8d1328be1d5f7d8d44602d6d67ac7ca538475cb  build/benchmark/btree-scratch-lifetime-probe-bfs-first/system/Results/info-after-format.txt
3356e7ef51185adef95574fdd8d1328be1d5f7d8d44602d6d67ac7ca538475cb  docs/qualification/evidence/bfs-btree-scratch-lifetime-2026-10-01/btree-scratch-lifetime-probe-bfs-first/system/Results/info-after-format.txt
a305f02cd6656a7400d3bf45941e8ef8ce9fcf76c5e68d96a09f6baab9bfd092  build/benchmark/btree-scratch-lifetime-probe-pfs3-first/system/Results/bfs.deep-compare.tsv
a305f02cd6656a7400d3bf45941e8ef8ce9fcf76c5e68d96a09f6baab9bfd092  docs/qualification/evidence/bfs-btree-scratch-lifetime-2026-10-01/btree-scratch-lifetime-probe-pfs3-first/system/Results/bfs.deep-compare.tsv
201a4f99a0d7aae44eed0a58606c49efcab03d23f54e87b795ee98be051a1440  build/benchmark/btree-scratch-lifetime-probe-pfs3-first/system/Results/pfs3.deep-compare.tsv
201a4f99a0d7aae44eed0a58606c49efcab03d23f54e87b795ee98be051a1440  docs/qualification/evidence/bfs-btree-scratch-lifetime-2026-10-01/btree-scratch-lifetime-probe-pfs3-first/system/Results/pfs3.deep-compare.tsv
81c4760af5af82566811dbd3329c626358563def824ca64e89d58a929f356091  build/benchmark/btree-scratch-lifetime-probe-pfs3-first/system/Results/complete.txt
81c4760af5af82566811dbd3329c626358563def824ca64e89d58a929f356091  docs/qualification/evidence/bfs-btree-scratch-lifetime-2026-10-01/btree-scratch-lifetime-probe-pfs3-first/system/Results/complete.txt
3356e7ef51185adef95574fdd8d1328be1d5f7d8d44602d6d67ac7ca538475cb  build/benchmark/btree-scratch-lifetime-probe-pfs3-first/system/Results/info-after-format.txt
3356e7ef51185adef95574fdd8d1328be1d5f7d8d44602d6d67ac7ca538475cb  docs/qualification/evidence/bfs-btree-scratch-lifetime-2026-10-01/btree-scratch-lifetime-probe-pfs3-first/system/Results/info-after-format.txt
f59cb92616fb0399399fd31f78f341d2a1e24cf0261f9a2c7f6ff4bf6f0e4624  build/benchmark/single-block-absence-probe-bfs-first/system/Results/bfs.deep-compare.tsv
f59cb92616fb0399399fd31f78f341d2a1e24cf0261f9a2c7f6ff4bf6f0e4624  docs/qualification/evidence/bfs-btree-scratch-lifetime-2026-10-01/retained-probe-controls/single-block-absence-probe-bfs-first/system/Results/bfs.deep-compare.tsv
2983979a86b6dff3f1da29465e0ec9f9f9e80078c6fa7fbadf73eb00d58527ae  build/benchmark/single-block-absence-probe-bfs-first/system/Results/pfs3.deep-compare.tsv
2983979a86b6dff3f1da29465e0ec9f9f9e80078c6fa7fbadf73eb00d58527ae  docs/qualification/evidence/bfs-btree-scratch-lifetime-2026-10-01/retained-probe-controls/single-block-absence-probe-bfs-first/system/Results/pfs3.deep-compare.tsv
cf92c49967d016f3141d5f5d1de9d6e158f17d59661f8df156cfdb66d68ee3bb  build/benchmark/single-block-absence-probe-pfs3-first/system/Results/bfs.deep-compare.tsv
cf92c49967d016f3141d5f5d1de9d6e158f17d59661f8df156cfdb66d68ee3bb  docs/qualification/evidence/bfs-btree-scratch-lifetime-2026-10-01/retained-probe-controls/single-block-absence-probe-pfs3-first/system/Results/bfs.deep-compare.tsv
214e9a5e574cac8747bb458efbab05769ded16b04ae5ab24e074fa700384cf0a  build/benchmark/single-block-absence-probe-pfs3-first/system/Results/pfs3.deep-compare.tsv
214e9a5e574cac8747bb458efbab05769ded16b04ae5ab24e074fa700384cf0a  docs/qualification/evidence/bfs-btree-scratch-lifetime-2026-10-01/retained-probe-controls/single-block-absence-probe-pfs3-first/system/Results/pfs3.deep-compare.tsv
PASS: twenty new and four control TSVs plus completion/inventory copies are exact
