=== BFS vs PFS3 Benchmark (FS-UAE 68040) ===
Evidence directory: /home/fabian/.cache/bfs-performance/sparse-crc-2026-10-09.xN615F/candidate/build/benchmark/sparse-confirmation-20261009/confirm-normal-m5-8-pfs3-first
Mode: compare
Timeout: 600s


=== Machine Info ===
# Machine Info
Kickstart 47.102, Workbench 47.2
System: 68040 68040/060-FPU   (INST: Cache Burst) (DATA: NoCache NoBurst)
Type  Available    In-Use   Maximum   Largest
chip    2028040     52728   2080768   2027968
fast    7687256    701352   8388608   7682200
total   9715296    754080  10469376   7682200


Mounted disks:
Unit      Size       Used       Free Full Errs   Status   Name
DF0       No disk present
DH0      4095M    4194304    4194303  50%   0  Read/Write System
DH1       255M         36      65372   0%   0  Read/Write BFSTest
DH2       Not a DOS disk

Volumes available:
BFSTest [Mounted]
System [Mounted]

=== BFS Results ===
FS_COMPARE_BENCH	4
DRIVE	DH1:
SMALL_CREATE_40_US	31104
LOOKUP_400_US	82496
SMALL_READ_40_US	23680
LIST_EXNEXT_400_US	40576
LIST_EXALL_400_US	10305
SEQ_WRITE_8M_US	39231
SEQ_READ_8M_US	285759
SMALL_DELETE_40_US	17791
APPEND_4K_1M_US	74176
APPEND_1K_256K_US	65216
APPEND_READ_1280K_US	43840
LIST_EXNEXT_40_ENTRIES_FIRST_PASS_US	6208
LIST_EXNEXT_40_ENTRIES_REPEAT10_TOTAL_US	32193
LIST_EXALL_40_ENTRIES_FIRST_PASS_US	3840
LIST_EXALL_40_ENTRIES_REPEAT10_TOTAL_US	9793
LIST_EXNEXT_400_ENTRIES_FIRST_PASS_US	56832
LIST_EXNEXT_400_ENTRIES_REPEAT10_TOTAL_US	597949
LIST_EXALL_400_ENTRIES_FIRST_PASS_US	35391
LIST_EXALL_400_ENTRIES_REPEAT10_TOTAL_US	433726
LIST_EXNEXT_1000_ENTRIES_FIRST_PASS_US	146494
LIST_EXNEXT_1000_ENTRIES_REPEAT10_TOTAL_US	1521016
LIST_EXALL_1000_ENTRIES_FIRST_PASS_US	92736
LIST_EXALL_1000_ENTRIES_REPEAT10_TOTAL_US	939515
PASS	1

=== PFS3 Results ===
FS_COMPARE_BENCH	4
DRIVE	DH2:
SMALL_CREATE_40_US	16566
LOOKUP_400_US	67393
SMALL_READ_40_US	14846
LIST_EXNEXT_400_US	11968
LIST_EXALL_400_US	2496
SEQ_WRITE_8M_US	42111
SEQ_READ_8M_US	257981
SMALL_DELETE_40_US	7809
APPEND_4K_1M_US	35903
APPEND_1K_256K_US	25472
APPEND_READ_1280K_US	40638
LIST_EXNEXT_40_ENTRIES_FIRST_PASS_US	1663
LIST_EXNEXT_40_ENTRIES_REPEAT10_TOTAL_US	11969
LIST_EXALL_40_ENTRIES_FIRST_PASS_US	513
LIST_EXALL_40_ENTRIES_REPEAT10_TOTAL_US	2880
LIST_EXNEXT_400_ENTRIES_FIRST_PASS_US	12865
LIST_EXNEXT_400_ENTRIES_REPEAT10_TOTAL_US	114495
LIST_EXALL_400_ENTRIES_FIRST_PASS_US	2880
LIST_EXALL_400_ENTRIES_REPEAT10_TOTAL_US	20589
LIST_EXNEXT_1000_ENTRIES_FIRST_PASS_US	32063
LIST_EXNEXT_1000_ENTRIES_REPEAT10_TOTAL_US	343230
LIST_EXALL_1000_ENTRIES_FIRST_PASS_US	6465
LIST_EXALL_1000_ENTRIES_REPEAT10_TOTAL_US	50752
PASS	1
PASS: requested mounted-volume workload outputs are complete and data-checked
