=== BFS vs PFS3 Benchmark (FS-UAE 68040) ===
Evidence directory: /home/fabian/.cache/bfs-performance/exact-fastpath-2026-10-09.hdq3J0/build/benchmark/exact-key-normal-20261009-range-8-pfs3-first
Mode: compare
Timeout: 600s


=== Machine Info ===
# Machine Info
Kickstart 47.102, Workbench 47.2
System: 68040 68040/060-FPU   (INST: Cache Burst) (DATA: NoCache NoBurst)
Type  Available    In-Use   Maximum   Largest
chip    2028040     52728   2080768   2027968
fast    7687256    701352   8388608   7682200
total   9715296    754080  10469376   7682200


Mounted disks:
Unit      Size       Used       Free Full Errs   Status   Name
DF0       No disk present
DH0      4095M    4194304    4194303  50%   0  Read/Write System
DH1       255M         36      65372   0%   0  Read/Write BFSTest
DH2       Not a DOS disk

Volumes available:
BFSTest [Mounted]
System [Mounted]

=== BFS Results ===
FS_COMPARE_BENCH	4
DRIVE	DH1:
SMALL_CREATE_40_US	29505
LOOKUP_400_US	76032
SMALL_READ_40_US	20863
LIST_EXNEXT_400_US	30591
LIST_EXALL_400_US	12415
SEQ_WRITE_8M_US	71359
SEQ_READ_8M_US	317823
SMALL_DELETE_40_US	18048
APPEND_4K_1M_US	75136
APPEND_1K_256K_US	86203
APPEND_READ_1280K_US	78593
LIST_EXNEXT_40_ENTRIES_FIRST_PASS_US	6017
LIST_EXNEXT_40_ENTRIES_REPEAT10_TOTAL_US	32000
LIST_EXALL_40_ENTRIES_FIRST_PASS_US	3776
LIST_EXALL_40_ENTRIES_REPEAT10_TOTAL_US	9407
LIST_EXNEXT_400_ENTRIES_FIRST_PASS_US	54335
LIST_EXNEXT_400_ENTRIES_REPEAT10_TOTAL_US	573693
LIST_EXALL_400_ENTRIES_FIRST_PASS_US	35032
LIST_EXALL_400_ENTRIES_REPEAT10_TOTAL_US	360446
LIST_EXNEXT_1000_ENTRIES_FIRST_PASS_US	153342
LIST_EXNEXT_1000_ENTRIES_REPEAT10_TOTAL_US	1434808
LIST_EXALL_1000_ENTRIES_FIRST_PASS_US	86657
LIST_EXALL_1000_ENTRIES_REPEAT10_TOTAL_US	894203
PASS	1

=== PFS3 Results ===
FS_COMPARE_BENCH	4
DRIVE	DH2:
SMALL_CREATE_40_US	21247
LOOKUP_400_US	67391
SMALL_READ_40_US	14272
LIST_EXNEXT_400_US	11903
LIST_EXALL_400_US	2497
SEQ_WRITE_8M_US	38463
SEQ_READ_8M_US	269119
SMALL_DELETE_40_US	7872
APPEND_4K_1M_US	33856
APPEND_1K_256K_US	23231
APPEND_READ_1280K_US	41343
LIST_EXNEXT_40_ENTRIES_FIRST_PASS_US	1727
LIST_EXNEXT_40_ENTRIES_REPEAT10_TOTAL_US	12926
LIST_EXALL_40_ENTRIES_FIRST_PASS_US	574
LIST_EXALL_40_ENTRIES_REPEAT10_TOTAL_US	2497
LIST_EXNEXT_400_ENTRIES_FIRST_PASS_US	12609
LIST_EXNEXT_400_ENTRIES_REPEAT10_TOTAL_US	113279
LIST_EXALL_400_ENTRIES_FIRST_PASS_US	2879
LIST_EXALL_400_ENTRIES_REPEAT10_TOTAL_US	20607
LIST_EXNEXT_1000_ENTRIES_FIRST_PASS_US	32960
LIST_EXNEXT_1000_ENTRIES_REPEAT10_TOTAL_US	283710
LIST_EXALL_1000_ENTRIES_FIRST_PASS_US	6528
LIST_EXALL_1000_ENTRIES_REPEAT10_TOTAL_US	50431
PASS	1
PASS: requested mounted-volume workload outputs are complete and data-checked
