=== BFS vs PFS3 Benchmark (FS-UAE 68040) ===
Evidence directory: /home/fabian/.cache/bfs-performance/relflags-2026-10-10.P6tt1r/results/relflags-7-bfs-first-os-040
Mode: compare
Timeout: 600s


=== Machine Info ===
# Machine Info
Kickstart 47.102, Workbench 47.2
System: 68040 68040/060-FPU   (INST: Cache Burst) (DATA: NoCache NoBurst)
Type  Available    In-Use   Maximum   Largest
chip    2028040     52728   2080768   2027968
fast    7564008    824600   8388608   7558944
total   9592048    877328  10469376   7558944


Mounted disks:
Unit      Size       Used       Free Full Errs   Status   Name
DF0       No disk present
DH0      4095M    4194304    4194303  50%   0  Read/Write System
DH1       255M         36      65372   0%   0  Read/Write BFSTest
DH2       Not a DOS disk

Volumes available:
BFSTest [Mounted]
System [Mounted]

=== BFS Results ===
FS_COMPARE_BENCH	4
DRIVE	DH1:
SMALL_CREATE_40_US	32512
LOOKUP_400_US	62720
SMALL_READ_40_US	19968
LIST_EXNEXT_400_US	31488
LIST_EXALL_400_US	8448
SEQ_WRITE_8M_US	39104
SEQ_READ_8M_US	277822
SMALL_DELETE_40_US	15423
APPEND_4K_1M_US	71808
APPEND_1K_256K_US	60295
APPEND_READ_1280K_US	44991
LIST_EXNEXT_40_ENTRIES_FIRST_PASS_US	5248
LIST_EXNEXT_40_ENTRIES_REPEAT10_TOTAL_US	32640
LIST_EXALL_40_ENTRIES_FIRST_PASS_US	1792
LIST_EXALL_40_ENTRIES_REPEAT10_TOTAL_US	8895
LIST_EXNEXT_400_ENTRIES_FIRST_PASS_US	42111
LIST_EXNEXT_400_ENTRIES_REPEAT10_TOTAL_US	335743
LIST_EXALL_400_ENTRIES_FIRST_PASS_US	17024
LIST_EXALL_400_ENTRIES_REPEAT10_TOTAL_US	84480
LIST_EXNEXT_1000_ENTRIES_FIRST_PASS_US	104065
LIST_EXNEXT_1000_ENTRIES_REPEAT10_TOTAL_US	831931
LIST_EXALL_1000_ENTRIES_FIRST_PASS_US	41152
LIST_EXALL_1000_ENTRIES_REPEAT10_TOTAL_US	220863
PASS	1

=== PFS3 Results ===
FS_COMPARE_BENCH	4
DRIVE	DH2:
SMALL_CREATE_40_US	15926
LOOKUP_400_US	66496
SMALL_READ_40_US	13760
LIST_EXNEXT_400_US	12096
LIST_EXALL_400_US	2560
SEQ_WRITE_8M_US	39982
SEQ_READ_8M_US	334333
SMALL_DELETE_40_US	28737
APPEND_4K_1M_US	37120
APPEND_1K_256K_US	29248
APPEND_READ_1280K_US	40063
LIST_EXNEXT_40_ENTRIES_FIRST_PASS_US	1535
LIST_EXNEXT_40_ENTRIES_REPEAT10_TOTAL_US	12224
LIST_EXALL_40_ENTRIES_FIRST_PASS_US	704
LIST_EXALL_40_ENTRIES_REPEAT10_TOTAL_US	2559
LIST_EXNEXT_400_ENTRIES_FIRST_PASS_US	13057
LIST_EXNEXT_400_ENTRIES_REPEAT10_TOTAL_US	111872
LIST_EXALL_400_ENTRIES_FIRST_PASS_US	3585
LIST_EXALL_400_ENTRIES_REPEAT10_TOTAL_US	21568
LIST_EXNEXT_1000_ENTRIES_FIRST_PASS_US	30209
LIST_EXNEXT_1000_ENTRIES_REPEAT10_TOTAL_US	288638
LIST_EXALL_1000_ENTRIES_FIRST_PASS_US	6400
LIST_EXALL_1000_ENTRIES_REPEAT10_TOTAL_US	50368
PASS	1
PASS: requested mounted-volume workload outputs are complete and data-checked
