=== BFS vs PFS3 Benchmark (FS-UAE 68040) ===
Evidence directory: /home/fabian/.cache/bfs-performance/append-attr2-2026-10-10.xibtLq/results/append2-prod-7-bfs-first-cand
Mode: compare
Timeout: 600s


=== Machine Info ===
# Machine Info
Kickstart 47.102, Workbench 47.2
System: 68040 68040/060-FPU   (INST: Cache Burst) (DATA: NoCache NoBurst)
Type  Available    In-Use   Maximum   Largest
chip    2028040     52728   2080768   2027968
fast    7531240    857368   8388608   7526176
total   9559280    910096  10469376   7526176


Mounted disks:
Unit      Size       Used       Free Full Errs   Status   Name
DF0       No disk present
DH0      4095M    4194304    4194303  50%   0  Read/Write System
DH1       255M         36      65372   0%   0  Read/Write BFSTest
DH2       Not a DOS disk

Volumes available:
BFSTest [Mounted]
System [Mounted]

=== BFS Results ===
FS_COMPARE_BENCH	4
DRIVE	DH1:
SMALL_CREATE_40_US	30848
LOOKUP_400_US	59840
SMALL_READ_40_US	17412
LIST_EXNEXT_400_US	20608
LIST_EXALL_400_US	7935
SEQ_WRITE_8M_US	30590
SEQ_READ_8M_US	273643
SMALL_DELETE_40_US	13952
APPEND_4K_1M_US	52865
APPEND_1K_256K_US	43968
APPEND_READ_1280K_US	44544
LIST_EXNEXT_40_ENTRIES_FIRST_PASS_US	3904
LIST_EXNEXT_40_ENTRIES_REPEAT10_TOTAL_US	21376
LIST_EXALL_40_ENTRIES_FIRST_PASS_US	1793
LIST_EXALL_40_ENTRIES_REPEAT10_TOTAL_US	8832
LIST_EXNEXT_400_ENTRIES_FIRST_PASS_US	30976
LIST_EXNEXT_400_ENTRIES_REPEAT10_TOTAL_US	212415
LIST_EXALL_400_ENTRIES_FIRST_PASS_US	16446
LIST_EXALL_400_ENTRIES_REPEAT10_TOTAL_US	88257
LIST_EXNEXT_1000_ENTRIES_FIRST_PASS_US	76351
LIST_EXNEXT_1000_ENTRIES_REPEAT10_TOTAL_US	542205
LIST_EXALL_1000_ENTRIES_FIRST_PASS_US	38911
LIST_EXALL_1000_ENTRIES_REPEAT10_TOTAL_US	196029
PASS	1

=== PFS3 Results ===
FS_COMPARE_BENCH	4
DRIVE	DH2:
SMALL_CREATE_40_US	17025
LOOKUP_400_US	66560
SMALL_READ_40_US	20880
LIST_EXNEXT_400_US	18944
LIST_EXALL_400_US	4417
SEQ_WRITE_8M_US	56445
SEQ_READ_8M_US	258304
SMALL_DELETE_40_US	8191
APPEND_4K_1M_US	32640
APPEND_1K_256K_US	23105
APPEND_READ_1280K_US	42240
LIST_EXNEXT_40_ENTRIES_FIRST_PASS_US	1793
LIST_EXNEXT_40_ENTRIES_REPEAT10_TOTAL_US	11904
LIST_EXALL_40_ENTRIES_FIRST_PASS_US	1025
LIST_EXALL_40_ENTRIES_REPEAT10_TOTAL_US	2433
LIST_EXNEXT_400_ENTRIES_FIRST_PASS_US	12736
LIST_EXNEXT_400_ENTRIES_REPEAT10_TOTAL_US	112768
LIST_EXALL_400_ENTRIES_FIRST_PASS_US	2815
LIST_EXALL_400_ENTRIES_REPEAT10_TOTAL_US	20415
LIST_EXNEXT_1000_ENTRIES_FIRST_PASS_US	33728
LIST_EXNEXT_1000_ENTRIES_REPEAT10_TOTAL_US	288319
LIST_EXALL_1000_ENTRIES_FIRST_PASS_US	6848
LIST_EXALL_1000_ENTRIES_REPEAT10_TOTAL_US	49918
PASS	1
PASS: requested mounted-volume workload outputs are complete and data-checked
