=== BFS vs PFS3 Benchmark (FS-UAE 68040) ===
Evidence directory: /home/fabian/.cache/bfs-performance/metadata-2026-10-08.QvzB5w/build/benchmark/metadata-m1-c8-20261008-base-8-pfs3-first
Mode: compare
Timeout: 600s


=== Machine Info ===
# Machine Info
Kickstart 47.102, Workbench 47.2
System: 68040 68040/060-FPU   (INST: Cache Burst) (DATA: NoCache NoBurst)
Type  Available    In-Use   Maximum   Largest
chip    2028040     52728   2080768   2027968
fast    7694936    693672   8388608   7689880
total   9722976    746400  10469376   7689880


Mounted disks:
Unit      Size       Used       Free Full Errs   Status   Name
DF0       No disk present
DH0      4095M    4194304    4194303  50%   0  Read/Write System
DH1       255M         36      65372   0%   0  Read/Write BFSTest
DH2       Not a DOS disk

Volumes available:
BFSTest [Mounted]
System [Mounted]

=== BFS Results ===
FS_COMPARE_BENCH	3
DRIVE	DH1:
SMALL_CREATE_40_US	29951
LOOKUP_400_US	83263
SMALL_READ_40_US	30975
LIST_EXNEXT_400_US	32832
LIST_EXALL_400_US	8895
SEQ_WRITE_8M_US	38080
SEQ_READ_8M_US	277311
SMALL_DELETE_40_US	16960
APPEND_4K_1M_US	71297
APPEND_1K_256K_US	61120
APPEND_READ_1280K_US	41088
PASS	1

=== PFS3 Results ===
FS_COMPARE_BENCH	3
DRIVE	DH2:
SMALL_CREATE_40_US	16769
LOOKUP_400_US	65663
SMALL_READ_40_US	16331
LIST_EXNEXT_400_US	13376
LIST_EXALL_400_US	2794
SEQ_WRITE_8M_US	47679
SEQ_READ_8M_US	263550
SMALL_DELETE_40_US	8257
APPEND_4K_1M_US	32960
APPEND_1K_256K_US	24000
APPEND_READ_1280K_US	41855
PASS	1
PASS: requested mounted-volume workload outputs are complete and data-checked
